touch stmp-install-host-ppl
([ -d libbfd-binutils-2.23.1 ] || \
	  mkdir libbfd-binutils-2.23.1) && \
	(cd libbfd-binutils-2.23.1 ; \
	 export CFLAGS=" -m32" ; \
	 .././../binutils/binutils-2.23.1/configure \
	  --prefix=/home/sparksco/android/arm-linux-androideabi --target=arm-linux-androideabi --host=x86_64-pc-linux-gnu --build=x86_64-pc-linux-gnu '--prefix=/home/sparksco/android/arm-linux-androideabi' '--with-gcc-version=195953' '--with-binutils-version=2.23.1' '--with-gmp-version=5.1.1' '--with-mpfr-version=3.1.1' '--with-gdb-version=7.5.1' '--with-mpc-version=current' '--disable-docs' '--disable-nls' --program-transform-name='s&^&arm-linux-androideabi-&' --disable-shared --enable-install-libbfd --with-included-gettext) && \
	touch stmp-config-host-libbfd
([ -d gmp-5.1.1 ] || \
	  mkdir gmp-5.1.1) && \
	( \
	 cd gmp-5.1.1 ; \
	 .././../gmp/gmp-5.1.1/configure \
	  '--prefix=/home/sparksco/android/arm-linux-androideabi' '--with-gcc-version=195953' '--with-binutils-version=2.23.1' '--with-gmp-version=5.1.1' '--with-mpfr-version=3.1.1' '--with-gdb-version=7.5.1' '--with-mpc-version=current' '--disable-docs' '--disable-nls' --program-transform-name='s&^&arm-linux-androideabi-&' --prefix=/home/sparksco/android/toolchain/aosp/build/temp-install --disable-shared --host=x86_64-linux-gnu --build=x86_64-linux-gnu) && \
	touch stmp-config-host-gmp
([ -d expat-2.0.1 ] || \
	  mkdir expat-2.0.1) && \
	( \
	 cd expat-2.0.1 ; \
	 .././../expat/expat-2.0.1/configure \
	  '--prefix=/home/sparksco/android/arm-linux-androideabi' '--with-gcc-version=195953' '--with-binutils-version=2.23.1' '--with-gmp-version=5.1.1' '--with-mpfr-version=3.1.1' '--with-gdb-version=7.5.1' '--with-mpc-version=current' '--disable-docs' '--disable-nls' --program-transform-name='s&^&arm-linux-androideabi-&' --prefix=/home/sparksco/android/toolchain/aosp/build/temp-install --disable-shared --host=x86_64-linux-gnu --build=x86_64-linux-gnu) && \
	touch stmp-config-host-expat
configure: WARNING: unrecognized options: --with-gcc-version, --with-binutils-version, --with-gmp-version, --with-mpfr-version, --with-gdb-version, --with-mpc-version, --disable-docs, --disable-nls
checking build system type... checking build system type... x86_64-pc-linux-gnu
checking host system type... x86_64-pc-linux-gnu
checking host system type... checking build system type... x86_64-pc-linux-gnu
checking target system type... x86_64-pc-linux-gnu
checking for a BSD-compatible install... x86_64-pc-linux-gnu
checking host system type... /usr/bin/install -c
checking whether build environment is sane... arm-unknown-linux-androideabi
checking for a BSD-compatible install... x86_64-pc-linux-gnu
/usr/bin/install -c
checking whether ln works... checking for x86_64-linux-gnu-gcc... gcc-4.7
yes
checking whether ln -s works... yes
checking for a sed that does not truncate output... /bin/sed
checking for gawk... gawk
checking for C compiler default output file name... checking for x86_64-pc-linux-gnu-gcc... gcc-4.7
checking for C compiler default output file name... a.out
checking whether the C compiler works... yes
checking whether we are cross compiling... no
checking for suffix of executables... a.out
checking whether the C compiler works... yes
checking whether we are cross compiling... no
checking for suffix of executables... 
checking for suffix of object files... o
checking whether we are using the GNU C compiler... 
checking for suffix of object files... o
checking whether we are using the GNU C compiler... yes
checking whether gcc-4.7 accepts -g... yes
checking whether gcc-4.7 accepts -g... yes
checking for gcc-4.7 option to accept ANSI C... yes
checking for gcc-4.7 option to accept ISO C89... none needed
none needed
checking whether we are using the GNU C++ compiler... checking for a sed that does not truncate output... /bin/sed
checking for egrep... grep -E
checking for ld used by gcc-4.7... /usr/bin/ld
checking if the linker (/usr/bin/ld) is GNU ld... yes
checking whether g++-4.7 accepts -g... yes
checking for /usr/bin/ld option to reload object files... -r
checking for BSD-compatible nm... /usr/bin/nm -B
checking whether ln -s works... yes
checking how to recognise dependent libraries... pass_all
yes
checking for x86_64-pc-linux-gnu-gnatbind... no
checking for gnatbind... no
checking for x86_64-pc-linux-gnu-gnatmake... no
checking for gnatmake... no
checking whether compiler driver understands Ada... checking how to run the C preprocessor... no
checking how to compare bootstrapped objects... cmp --ignore-initial=16 $$f1 $$f2
checking for objdir... .libs
checking for PWL_handle_timeout in -lpwl... gcc-4.7 -E
no
checking for version 0.11 (revision 0 or later) of PPL... checking for ANSI C header files... no
yes
checking for sys/types.h... yes
checking for sys/stat.h... yes
yes
checking for a thread-safe mkdir -p... /bin/mkdir -p
checking for gawk... gawk
checking whether make sets $(MAKE)... checking for stdlib.h... yes
checking whether to enable maintainer-specific portions of Makefiles... no
checking ABI=64
yes
checking for string.h... checking whether gcc-4.7 is gcc... yes
checking compiler gcc-4.7 -O2 -pedantic -fomit-frame-pointer -m64 ... yes
checking for memory.h... yes
checking for strings.h... yes
checking for default BUILD_CONFIG... 
checking for inttypes.h... checking for bison... bison -y
checking for bison... bison
checking for gm4... no
checking for gnum4... no
checking for m4... m4
checking for flex... flex
checking for flex... flex
checking for makeinfo... makeinfo
checking for expect... no
checking for runtest... no
yes
checking for x86_64-pc-linux-gnu-ar... no
checking for ar... ar
checking for x86_64-pc-linux-gnu-as... no
checking for as... as
checking for x86_64-pc-linux-gnu-dlltool... checking for stdint.h... no
checking for dlltool... no
checking for x86_64-pc-linux-gnu-ld... no
checking for ld... ld
checking for x86_64-pc-linux-gnu-lipo... no
checking for lipo... no
checking for x86_64-pc-linux-gnu-nm... no
checking for nm... nm
checking for x86_64-pc-linux-gnu-ranlib... no
checking for ranlib... ranlib
checking for x86_64-pc-linux-gnu-strip... no
checking for strip... strip
checking for x86_64-pc-linux-gnu-windres... no
checking for windres... no
checking for x86_64-pc-linux-gnu-windmc... no
checking for windmc... no
checking for x86_64-pc-linux-gnu-objcopy... no
checking for objcopy... objcopy
checking for x86_64-pc-linux-gnu-objdump... no
checking for objdump... objdump
checking for x86_64-pc-linux-gnu-readelf... no
checking for readelf... readelf
checking for arm-linux-androideabi-cc... no
checking for arm-linux-androideabi-gcc... no
checking for arm-linux-androideabi-c++... no
checking for arm-linux-androideabi-g++... no
checking for arm-linux-androideabi-cxx... no
checking for arm-linux-androideabi-gxx... no
checking for arm-linux-androideabi-gcc... no
checking for arm-linux-androideabi-gcj... no
checking for arm-linux-androideabi-gfortran... no
checking for arm-linux-androideabi-gccgo... no
checking for arm-linux-androideabi-ar... no
checking for arm-linux-androideabi-as... no
checking for arm-linux-androideabi-dlltool... no
checking for arm-linux-androideabi-ld... no
checking for arm-linux-androideabi-lipo... no
checking for arm-linux-androideabi-nm... no
checking for arm-linux-androideabi-objdump... no
checking for arm-linux-androideabi-ranlib... no
checking for arm-linux-androideabi-readelf... no
checking for arm-linux-androideabi-strip... no
checking for arm-linux-androideabi-windres... no
checking for arm-linux-androideabi-windmc... no
checking where to find the target ar... just compiled
checking where to find the target as... just compiled
checking where to find the target cc... yes
pre-installed
checking where to find the target c++... pre-installed
checking where to find the target c++ for libstdc++... pre-installed
checking where to find the target dlltool... just compiled
checking where to find the target gcc... pre-installed
checking where to find the target gcj... checking for unistd.h... pre-installed
checking where to find the target gfortran... pre-installed
checking where to find the target gccgo... pre-installed
checking where to find the target ld... just compiled
checking where to find the target lipo... pre-installed
checking where to find the target nm... just compiled
checking where to find the target objdump... just compiled
checking where to find the target ranlib... just compiled
checking where to find the target readelf... just compiled
checking where to find the target strip... just compiled
checking where to find the target windres... just compiled
checking where to find the target windmc... just compiled
checking whether to enable maintainer-specific portions of Makefiles... no
checking whether -fkeep-inline-functions is supported... yes
yes
checking dlfcn.h usability... configure: creating ./config.status
yes
checking dlfcn.h presence... yes
checking for dlfcn.h... yes
checking for x86_64-linux-gnu-g++... g++-4.7
checking whether we are using the GNU C++ compiler... config.status: creating Makefile
yes
checking whether g++-4.7 accepts -g... yes
yes
checking compiler gcc-4.7 -O2 -pedantic -fomit-frame-pointer -m64  -mtune=k8... checking how to run the C++ preprocessor... g++-4.7 -E
([ -d binutils-2.23.1 ] || \
	  mkdir binutils-2.23.1) && \
	( \
	 cd binutils-2.23.1 ; \
	 .././../binutils/binutils-2.23.1/configure \
	  --prefix=/home/sparksco/android/arm-linux-androideabi --target=arm-linux-androideabi --host=x86_64-linux-gnu --build=x86_64-linux-gnu '--prefix=/home/sparksco/android/arm-linux-androideabi' '--with-gcc-version=195953' '--with-binutils-version=2.23.1' '--with-gmp-version=5.1.1' '--with-mpfr-version=3.1.1' '--with-gdb-version=7.5.1' '--with-mpc-version=current' '--disable-docs' '--disable-nls' --program-transform-name='s&^&arm-linux-androideabi-&' --disable-shared --disable-nls) && \
	touch stmp-config-target-binutils
make -C libbfd-binutils-2.23.1 all-bfd all-libiberty && \
	make -C libbfd-binutils-2.23.1/intl libintl.a && \
	touch stmp-build-host-libbfd
checking for x86_64-linux-gnu-g77... no
checking for x86_64-linux-gnu-f77... no
checking for x86_64-linux-gnu-xlf... no
checking for x86_64-linux-gnu-frt... no
checking for x86_64-linux-gnu-pgf77... no
checking for x86_64-linux-gnu-fort77... no
checking for x86_64-linux-gnu-fl32... no
checking for x86_64-linux-gnu-af77... no
checking for x86_64-linux-gnu-f90... no
checking for x86_64-linux-gnu-xlf90... no
checking for x86_64-linux-gnu-pgf90... no
checking for x86_64-linux-gnu-epcf90... no
checking for x86_64-linux-gnu-f95... no
checking for x86_64-linux-gnu-fort... no
checking for x86_64-linux-gnu-xlf95... no
checking for x86_64-linux-gnu-ifc... no
checking for x86_64-linux-gnu-efc... no
checking for x86_64-linux-gnu-pgf95... no
checking for x86_64-linux-gnu-lf95... no
checking for x86_64-linux-gnu-gfortran... no
checking for g77... no
checking for f77... no
checking for xlf... no
checking for frt... no
checking for pgf77... no
checking for fort77... no
checking for fl32... make[1]: Entering directory `/home/sparksco/android/toolchain/aosp/build/libbfd-binutils-2.23.1'
no
checking for af77... no
checking for f90... no
checking for xlf90... no
checking for pgf90... no
checking for epcf90... no
checking for f95... no
checking for fort... no
checking for xlf95... no
checking for ifc... no
checking for efc... no
checking for pgf95... no
checking for lf95... no
checking for gfortran... mkdir -p -- ./intl
no
mkdir -p -- ./libiberty
Configuring in ./intl
Configuring in ./libiberty
checking whether we are using the GNU Fortran 77 compiler... no
checking whether  accepts -g... no
checking the maximum length of command line arguments... checking build system type... configure: creating cache ./config.cache
configure: creating cache ./config.cache
checking whether make sets $(MAKE)... checking whether to enable maintainer-specific portions of Makefiles... no
checking for makeinfo... makeinfo
x86_64-pc-linux-gnu
checking host system type... checking for perl... perl
yes
checking for a BSD-compatible install... /usr/bin/install -c
checking whether NLS is requested... no
x86_64-pc-linux-gnu
checking target system type... checking build system type... checking for msgfmt... /usr/bin/msgfmt
checking for gmsgfmt... /usr/bin/msgfmt
checking for xgettext... arm-unknown-linux-androideabi
checking for a BSD-compatible install... x86_64-pc-linux-gnu
checking host system type... /usr/bin/xgettext
checking for msgmerge... /usr/bin/install -c
checking whether ln works... x86_64-pc-linux-gnu
checking for x86_64-pc-linux-gnu-ar... ar
checking for x86_64-pc-linux-gnu-ranlib... ranlib
checking for x86_64-pc-linux-gnu-gcc... gcc-4.7
/usr/bin/msgmerge
yes
checking whether ln -s works... yes
checking for a sed that does not truncate output... /bin/sed
checking for gawk... gawk
checking for x86_64-pc-linux-gnu-gcc... gcc-4.7
checking for x86_64-linux-gnu-gcc... gcc-4.7
checking for C compiler default output file name... checking for C compiler default output file name... checking for C compiler default output file name... a.out
checking whether the C compiler works... a.out
checking whether the C compiler works... yes
yes
checking whether we are cross compiling... no
checking for suffix of executables... checking whether we are cross compiling... no
checking for suffix of executables... 
checking for suffix of object files... a.out
checking whether the C compiler works... yes
checking whether we are cross compiling... 
no
checking for suffix of executables... checking for suffix of object files... o
checking whether we are using the GNU C compiler... o
checking whether we are using the GNU C compiler... 
checking for suffix of object files... yes
checking whether gcc-4.7 accepts -g... yes
checking whether gcc-4.7 accepts -g... yes
checking for gcc-4.7 option to accept ISO C89... o
checking whether we are using the GNU C compiler... yes
checking for gcc-4.7 option to accept ISO C89... yes
checking compiler gcc-4.7 -O2 -pedantic -fomit-frame-pointer -m64 -mtune=k8  -march=k8... none needed
yes
checking whether gcc-4.7 accepts -g... checking build system type... none needed
x86_64-pc-linux-gnu
checking host system type... yes
checking for gcc-4.7 option to accept ISO C89... checking whether we are using the GNU C++ compiler... x86_64-pc-linux-gnu
checking for x86_64-pc-linux-gnu-ranlib... ranlib
checking for library containing strerror... none needed
checking for special C compiler options needed for large files... no
checking for _FILE_OFFSET_BITS value needed for large files... yes
checking whether g++-4.7 accepts -g... none required
checking how to run the C preprocessor... yes
checking for x86_64-linux-gnu-gnatbind... no
checking for gnatbind... no
checking for x86_64-linux-gnu-gnatmake... no
checking for gnatmake... no
checking whether compiler driver understands Ada... no
checking how to compare bootstrapped objects... cmp --ignore-initial=16 $$f1 $$f2
checking for objdir... .libs
checking for PWL_handle_timeout in -lpwl... 64
-4.7 -E
checking how to run the C preprocessor... gcc-4.7 -E
checking for grep that handles long lines and -e... /bin/grep
checking for egrep... /bin/grep -E
checking for ANSI C header files... no
checking for version 0.11 (revision 0 or later) of PPL... checking whether gcc-4.7 supports -W... yes
checking whether gcc-4.7 supports -Wall... yes
checking for installed CLooG PPL Legacy... yes
checking whether gcc-4.7 supports -Wwrite-strings... yes
checking for an ANSI C-conforming const... yes
checking whether gcc-4.7 supports -Wc++-compat... yes
checking for inline... yes
32768
checking command to parse /usr/bin/nm -B output from gcc-4.7 object... checking whether gcc-4.7 supports -Wstrict-prototypes... inline
checking for sys/types.h... yes
checking whether gcc-4.7 supports -pedantic ... PPL Legacy
checking for version 0.15.5 (or later revision) of CLooG... yes
yes
checking whether gcc-4.7 and cc understand -c and -o together... checking for sys/stat.h... yes
checking for stdlib.h... ok
checking for objdir... .libs
checking for x86_64-linux-gnu-ar... no
checking for ar... ar
checking for x86_64-linux-gnu-ranlib... no
checking for ranlib... ranlib
checking for x86_64-linux-gnu-strip... no
checking for strip... strip
yes
checking for string.h... yes
checking for memory.h... checking if gcc-4.7 supports -fno-rtti -fno-exceptions... yes
checking for an ANSI C-conforming const... yes
yes
no
checking for gcc-4.7 option to produce PIC... -fPIC
checking if gcc-4.7 PIC flag -fPIC works... checking for strings.h... yes
checking for inline... inline
checking for grep that handles long lines and -e... yes
checking if gcc-4.7 static flag -static works... /bin/grep
checking for egrep... yes
/bin/grep -E
checking for ANSI C header files... checking for inttypes.h... yes
checking for stdint.h... yes
yes
checking if gcc-4.7 supports -c -o file.o... checking for unistd.h... yes
checking for sys/types.h... yes
yes
checking whether the gcc-4.7 linker (/usr/bin/ld -m elf_x86_64) supports shared libraries... yes
checking for sys/stat.h... checking for off_t... yes
yes
checking dynamic linker characteristics... checking for stdlib.h... yes
checking for x86_64-linux-gnu-gcc... gcc-4.7
GNU/Linux ld.so
checking how to hardcode library paths into programs... immediate
checking whether stripping libraries is possible... yes
yes
checking if libtool supports shared libraries... yes
checking whether to build shared libraries... no
checking whether to build static libraries... yes
checking for string.h... checking whether the C compiler works... yes
checking for memory.h... yes
checking for strings.h... yes
yes
checking for size_t... yes
checking for C compiler default output file name... a.out
checking for inttypes.h... checking for suffix of executables... yes
checking for stdint.h... yes
checking for unistd.h... yes
checking whether byte ordering is bigendian... 
checking whether we are cross compiling... yes
checking for working alloca.h... no
checking for suffix of object files... configure: creating libtool
checking for default BUILD_CONFIG... 
yes
checking for alloca... no
checking for a BSD-compatible install... /usr/bin/install -c
o
checking whether we are using the GNU C compiler... checking for sys/file.h... checking for bison... bison -y
checking for bison... bison
checking for gm4... no
checking for gnum4... no
checking for m4... m4
checking for flex... flex
checking for flex... flex
checking for makeinfo... makeinfo
yes
checking for expect... no
checking for runtest... no
checking for x86_64-linux-gnu-ar... no
checking for ar... ar
checking for x86_64-linux-gnu-as... no
checking for as... as
checking for sys/param.h... checking for x86_64-linux-gnu-dlltool... no
checking for dlltool... no
checking for x86_64-linux-gnu-ld... no
checking for ld... appending configuration tag "CXX" to libtool
ld
checking for x86_64-linux-gnu-lipo... no
yes
checking for lipo... checking whether gcc-4.7 accepts -g... no
checking for x86_64-linux-gnu-nm... no
checking for nm... nm
checking for x86_64-linux-gnu-ranlib... no
checking for ranlib... ranlib
checking for x86_64-linux-gnu-strip... no
checking for strip... strip
yes
checking for x86_64-linux-gnu-windres... no
checking for windres... no
yes
checking for x86_64-linux-gnu-windmc... no
checking for windmc... no
checking for x86_64-linux-gnu-objcopy... no
checking for objcopy... checking for stdlib.h... (cached) yes
objcopy
checking for x86_64-linux-gnu-objdump... no
checking for objdump... checking for limits.h... objdump
checking for x86_64-linux-gnu-readelf... no
checking for readelf... readelf
checking for arm-linux-androideabi-cc... no
checking for arm-linux-androideabi-gcc... no
checking for arm-linux-androideabi-c++... no
checking for arm-linux-androideabi-g++... checking for unistd.h... no
(cached) checking for arm-linux-androideabi-cxx... yes
no
checking for arm-linux-androideabi-gxx... no
checking for arm-linux-androideabi-gcc... no
checking for arm-linux-androideabi-gcj... yes
no
checking for arm-linux-androideabi-gfortran... checking for getpagesize... no
checking for arm-linux-androideabi-gccgo... yes
checking for gcc-4.7 option to accept ISO C89... no
checking for stdlib.h... (cached) yes
checking for arm-linux-androideabi-ar... no
checking for arm-linux-androideabi-as... no
checking for arm-linux-androideabi-dlltool... no
checking for malloc.h... checking for arm-linux-androideabi-ld... no
checking for arm-linux-androideabi-lipo... no
checking for arm-linux-androideabi-nm... no
checking for arm-linux-androideabi-objdump... no
checking for arm-linux-androideabi-ranlib... no
checking for arm-linux-androideabi-readelf... no
yes
checking for arm-linux-androideabi-strip... no
checking for arm-linux-androideabi-windres... no
checking for arm-linux-androideabi-windmc... no
checking where to find the target ar... just compiled
checking where to find the target as... just compiled
checking where to find the target cc... pre-installed
checking where to find the target c++... checking for string.h... (cached) yes
pre-installed
checking where to find the target c++ for libstdc++... pre-installed
checking where to find the target dlltool... just compiled
checking where to find the target gcc... pre-installed
checking where to find the target gcj... pre-installed
checking where to find the target gfortran... pre-installed
checking where to find the target gccgo... checking for unistd.h... (cached) yes
pre-installed
checking where to find the target ld... just compiled
checking where to find the target lipo... pre-installed
checking where to find the target nm... just compiled
checking where to find the target objdump... just compiled
checking where to find the target ranlib... just compiled
checking where to find the target readelf... just compiled
checking where to find the target strip... just compiled
checking where to find the target windres... just compiled
checking where to find the target windmc... just compiled
checking whether to enable maintainer-specific portions of Makefiles... no
checking whether -fkeep-inline-functions is supported... checking for strings.h... (cached) yes
none needed
checking for gcc-4.7 option to accept ISO C99... yes
checking for sys/time.h... checking for working mmap... checking for ld used by g++-4.7... /usr/bin/ld -m elf_x86_64
checking if the linker (/usr/bin/ld -m elf_x86_64) is GNU ld... yes
yes
checking whether the g++-4.7 linker (/usr/bin/ld -m elf_x86_64) supports shared libraries... yes
yes
checking for time.h... yes
checking for sys/resource.h... yes
checking for sys/stat.h... (cached) yes
checking for sys/mman.h... configure: creating ./config.status
yes
yes
checking whether we are using the GNU C Library 2.1 or newer... checking for fcntl.h... checking for g++-4.7 option to produce PIC... -fPIC
checking if g++-4.7 PIC flag -fPIC works... yes
checking whether integer division by zero raises SIGFPE... yes
-std=gnu99
checking for gcc-4.7 -std=gnu99 option to accept ISO Standard C... (cached) -std=gnu99
checking how to run the C preprocessor... checking for alloca.h... yes
checking for sys/pstat.h... yes
checking if g++-4.7 static flag -static works... gcc-4.7 -std=gnu99 -E
no
checking for sys/sysmp.h... yes
checking for inttypes.h... no
checking for sys/sysinfo.h... checking build system compiler gcc-4.7 -std=gnu99... yes
config.status: creating Makefile
checking for machine/hal_sysinfo.h... yes
checking for stdint.h... no
checking for sys/table.h... yes
checking for build system preprocessor... no
checking for sys/sysctl.h... yes
gcc-4.7 -std=gnu99 -E
checking for build system executable suffix... checking for unsigned long long... yes
checking for sys/systemcfg.h... yes
checking if g++-4.7 supports -c -o file.o... no
checking for stdint.h... (cached) yes
checking for stdio_ext.h... yes
yes
checking for inttypes.h... yes
checking whether the g++-4.7 linker (/usr/bin/ld -m elf_x86_64) supports shared libraries... yes
checking dynamic linker characteristics... checking for process.h... GNU/Linux ld.so
checking how to hardcode library paths into programs... immediate
no
checking for sys/prctl.h... yes
checking whether the inttypes.h PRIxNN macros are broken... yes
checking for sys/wait.h that is POSIX.1 compatible... no
checking for ld used by GCC... ld
checking if the linker (ld) is GNU ld... yes
checking for shared library run path origin... yes
checking whether time.h and sys/time.h may both be included... 
checking whether build system compiler is ANSI... done
checking argz.h usability... yes
checking whether errno must be declared... no
checking size of int... yes
checking argz.h presence... yes
checking for build system compiler math library... yes
checking for argz.h... yes
checking limits.h usability... -lm
checking for grep that handles long lines and -e... /bin/grep
checking for egrep... /bin/grep -E
yes
checking limits.h presence... using ABI="64"
      CC="gcc-4.7 -std=gnu99"
      CFLAGS="-O2 -pedantic -fomit-frame-pointer -m64 -mtune=k8 -march=k8"
      CPPFLAGS=""
      MPN_PATH=" x86_64/k8 x86_64 generic"
checking whether assembler supports --noexecstack option... 4
checking for a 64-bit type... appending configuration tag "F77" to libtool
yes
checking for limits.h... yes
checking locale.h usability... checking for x86_64-linux-gnu-gcc... (cached) gcc-4.7
yes
checking for x86_64-linux-gnu-ar... no
checking for ar... ar
checking for BSD- or MS-compatible name lister (nm)... checking whether we are using the GNU C compiler... (cached) yes
checking for intptr_t... checking whether gcc-4.7 accepts -g... (cached) yes
checking for gcc-4.7 option to accept ANSI C... (cached) none needed
/usr/bin/nm -B
checking the name lister (/usr/bin/nm -B) interface... yes
checking locale.h presence... checking for a BSD-compatible install... yes
checking for locale.h... yes
/usr/bin/install -c
checking whether gcc-4.7 accepts -fexceptions... BSD nm
checking nl_types.h usability... checking how to print strings... printf
checking for a sed that does not truncate output... /bin/sed
checking for fgrep... /bin/grep -F
checking for ld used by gcc-4.7 -std=gnu99... /usr/bin/ld
checking if the linker (/usr/bin/ld) is GNU ld... yes
checking whether ln -s works... yes
checking the maximum length of command line arguments... 3458764513820540925
checking whether the shell understands some XSI constructs... yes
checking whether the shell understands "+="... yes
checking for uintptr_t... yes
yes
checking nl_types.h presence... checking how to convert x86_64-pc-linux-gnu file names to x86_64-pc-linux-gnu format... func_convert_file_noop
checking how to convert x86_64-pc-linux-gnu file names to toolchain format... func_convert_file_noop
checking for /usr/bin/ld option to reload object files... -r
checking for x86_64-linux-gnu-objdump... objdump
checking how to recognize dependent libraries... pass_all
checking for x86_64-linux-gnu-dlltool... dlltool
checking how to associate runtime and link libraries... printf %s\n
checking for x86_64-linux-gnu-ar... ar
yes
checking for nl_types.h... yes
checking for archiver @FILE support... checking malloc.h usability... yes
checking for ANSI C header files... (cached) yes
checking whether byte ordering is bigendian... @
checking for x86_64-linux-gnu-strip... no
checking for strip... strip
checking for x86_64-linux-gnu-ranlib... no
checking for ranlib... ranlib
checking command to parse /usr/bin/nm -B output from gcc-4.7 -std=gnu99 object... yes
checking malloc.h presence... yes
checking for malloc.h... yes
checking stddef.h usability... yes
checking for ssize_t... ( \
	 make -C binutils-2.23.1) && touch stmp-build-target-binutils
no
checking for an ANSI C-conforming const... yes
checking stddef.h presence... yes
checking for stddef.h... yes
checking for stdlib.h... (cached) yes
ok
yes
checking for size_t... checking for sysroot... no
checking for string.h... (cached) yes
checking for unistd.h... (cached) yes
make[1]: Entering directory `/home/sparksco/android/toolchain/aosp/build/binutils-2.23.1'
checking sys/param.h usability... yes
checking for pid_t... checking for x86_64-linux-gnu-mt... no
checking for mt... mt
checking if mt is a manifest tool... no
checking for ANSI C header files... yes
checking sys/param.h presence... yes
checking for memmove... yes
checking for sys/param.h... yes
make[2]: Entering directory `/home/sparksco/android/toolchain/aosp/build/binutils-2.23.1'
checking for feof_unlocked... make[2]: Nothing to be done for `all-target'.
mkdir -p -- ./intl
mkdir -p -- ./libiberty
Configuring in ./intl
Configuring in ./libiberty
mkdir -p -- ./etc
Configuring in ./etc
yes
checking for library containing strerror... yes
checking for fgets_unlocked... yes
checking for bcopy... none required
checking for asprintf... yes
yes
checking for sys/types.h... checking for getc_unlocked... yes
yes
checking for atexit... checking fcntl.h usability... yes
checking for sys/stat.h... yes
checking for getcwd... configure: creating cache ./config.cache
checking whether to enable maintainer-specific portions of Makefiles... no
checking for makeinfo... makeinfo --split-size=5000000
configure: creating cache ./config.cache
configure: creating cache ./config.cache
checking for perl... perl
checking whether make sets $(MAKE)... checking for a BSD-compatible install... /usr/bin/install -c
yes
yes
checking for a BSD-compatible install... /usr/bin/install -c
checking whether NLS is requested... no
yes
checking for msgfmt... checking for basename... checking build system type... /usr/bin/msgfmt
checking for gmsgfmt... checking for stdlib.h... checking for xgettext... configure: updating cache ./config.cache
yes
checking fcntl.h presence... yes
configure: creating ./config.status
x86_64-pc-linux-gnu
checking host system type... /usr/bin/xgettext
checking for msgmerge... checking for getegid... /usr/bin/msgmerge
yes
checking for fcntl.h... x86_64-pc-linux-gnu
checking for x86_64-linux-gnu-ar... ar
yes
checking for x86_64-linux-gnu-ranlib... ranlib
yes
yes
checking for x86_64-linux-gnu-gcc... gcc-4.7
checking for x86_64-linux-gnu-gcc... gcc-4.7
checking for bcmp... checking for unistd.h... (cached) yes
checking for string.h... checking for off_t... checking for C compiler default output file name... yes
checking for geteuid... yes
yes
checking for bcopy... checking for memory.h... checking for C compiler default output file name... config.status: creating Makefile
a.out
checking whether the C compiler works... yes
checking whether we are cross compiling... no
checking for suffix of executables... yes
yes
checking for stdlib.h... (cached) checking for getgid... yes
checking for unistd.h... (cached) yes
yes
yes
checking for getpagesize... checking for strings.h... a.out
checking whether the C compiler works... cyes
checking for suffix of object files... checking whether we are cross compiling... no
checking for suffix of executables... make[3]: Entering directory `/home/sparksco/android/toolchain/aosp/build/binutils-2.23.1/etc'
for f in standards.info configure.info; do \
	  if test -f ../.././../binutils/binutils-2.23.1/etc/`echo $f | sed -e 's/.info$/.texi/'`; then \
	    if make "MAKEINFO=makeinfo --split-size=5000000 --split-size=5000000" $f; then \
	      true; \
	    else \
	      exit 1; \
	    fi; \
	  fi; \
	done
yes
make[4]: Entering directory `/home/sparksco/android/toolchain/aosp/build/binutils-2.23.1/etc'
make[4]: `../.././../binutils/binutils-2.23.1/etc/standards.info' is up to date.
make[4]: Leaving directory `/home/sparksco/android/toolchain/aosp/build/binutils-2.23.1/etc'
make[4]: Entering directory `/home/sparksco/android/toolchain/aosp/build/binutils-2.23.1/etc'
make[4]: `../.././../binutils/binutils-2.23.1/etc/configure.info' is up to date.
make[4]: Leaving directory `/home/sparksco/android/toolchain/aosp/build/binutils-2.23.1/etc'
make[3]: Leaving directory `/home/sparksco/android/toolchain/aosp/build/binutils-2.23.1/etc'
checking for getuid... o
checking whether we are using the GNU C compiler... yes
checking for inttypes.h... yes

checking for suffix of object files... checking for bzero... yes
yes
checking whether gcc-4.7 accepts -g... checking for working mmap... yes
o
checking whether we are using the GNU C compiler... checking for mempcpy... yes
checking for gcc-4.7 option to accept ISO C89... yes
yes
checking whether gcc-4.7 accepts -g... yes
checking for stdint.h... checking for calloc... yes
checking for gcc-4.7 option to accept ISO C89... none needed
yes
checking for munmap... checking build system type... yes
checking for unistd.h... yes
x86_64-pc-linux-gnu
checking host system type... checking for clock... x86_64-pc-linux-gnu
checking for x86_64-linux-gnu-ranlib... ranlib
checking for library containing strerror... yes
none needed
checking for an ANSI C99-conforming __func__... checking for special C compiler options needed for large files... no
checking for _FILE_OFFSET_BITS value needed for large files... yes
checking for putenv... yes
checking for dlfcn.h... yes
no
checking how to run the C preprocessor... checking for ffs... yes
none required
checking how to run the C preprocessor... gcc-4.7 -E
yes
configure: creating ./config.status
checking for setenv... gcc-4.7 -E
checking whether gcc-4.7 supports -W... yes
checking for objdir... .libs
yes
checking for grep that handles long lines and -e... checking for getcwd... /bin/grep
checking for egrep... /bin/grep -E
checking for ANSI C header files... yes
checking whether gcc-4.7 supports -Wall... yes
checking for setlocale... yes
checking whether gcc-4.7 supports -Wwrite-strings... yes
checking for getpagesize... yes
config.status: creating Makefile
yes
checking whether gcc-4.7 supports -Wc++-compat... checking if gcc-4.7 -std=gnu99 supports -fno-rtti -fno-exceptions... checking for stpcpy... config.status: creating expat_config.h
yes
checking for gettimeofday... yes
checking whether gcc-4.7 supports -Wstrict-prototypes... no
checking for gcc-4.7 -std=gnu99 option to produce PIC... -fPIC -DPIC
checking if gcc-4.7 -std=gnu99 PIC flag -fPIC -DPIC works... make[1]: Entering directory `/home/sparksco/android/toolchain/aosp/build/expat-2.0.1'
make[1]: Leaving directory `/home/sparksco/android/toolchain/aosp/build/expat-2.0.1'
yes
yes
checking for an ANSI C-conforming const... yes
checking whether gcc-4.7 supports -pedantic ... yes
checking if gcc-4.7 -std=gnu99 static flag -static works... checking for strcasecmp... yes
checking for index... yes
checking whether gcc-4.7 and cc understand -c and -o together... yes
checking for inline... yes
inline
checking for strdup... checking for sys/types.h... yes
( \
	 make -C expat-2.0.1) && touch stmp-build-host-expat
checking for insque... make[1]: Entering directory `/home/sparksco/android/toolchain/aosp/build/expat-2.0.1'
/bin/bash ./libtool --silent --mode=compile gcc-4.7 -I.././../expat/expat-2.0.1/lib -I. -g -O2 -Wall -Wmissing-prototypes -Wstrict-prototypes -fexceptions  -DHAVE_EXPAT_CONFIG_H -o lib/xmlparse.lo -c .././../expat/expat-2.0.1/lib/xmlparse.c
/bin/bash ./libtool --silent --mode=compile gcc-4.7 -I.././../expat/expat-2.0.1/lib -I. -g -O2 -Wall -Wmissing-prototypes -Wstrict-prototypes -fexceptions  -DHAVE_EXPAT_CONFIG_H -o lib/xmltok.lo -c .././../expat/expat-2.0.1/lib/xmltok.c
/bin/bash ./libtool --silent --mode=compile gcc-4.7 -I.././../expat/expat-2.0.1/lib -I. -g -O2 -Wall -Wmissing-prototypes -Wstrict-prototypes -fexceptions  -DHAVE_EXPAT_CONFIG_H -o lib/xmlrole.lo -c .././../expat/expat-2.0.1/lib/xmlrole.c
gcc-4.7 -I.././../expat/expat-2.0.1/lib -I. -g -O2 -Wall -Wmissing-prototypes -Wstrict-prototypes -fexceptions  -DHAVE_EXPAT_CONFIG_H -o xmlwf/xmlwf.o -c .././../expat/expat-2.0.1/xmlwf/xmlwf.c
gcc-4.7 -I.././../expat/expat-2.0.1/lib -I. -g -O2 -Wall -Wmissing-prototypes -Wstrict-prototypes -fexceptions  -DHAVE_EXPAT_CONFIG_H -o xmlwf/xmlfile.o -c .././../expat/expat-2.0.1/xmlwf/xmlfile.c
yes
checking if gcc-4.7 -std=gnu99 supports -c -o file.o... yes
yes
yes
checking for strtoul... checking for memchr... checking for sys/stat.h... yes
checking for an ANSI C-conforming const... yes
checking if gcc-4.7 -std=gnu99 supports -c -o file.o... (cached) yes
checking whether the gcc-4.7 -std=gnu99 linker (/usr/bin/ld -m elf_x86_64) supports shared libraries... yes
checking dynamic linker characteristics... yes
yes
checking for memcmp... yes
yes
checking for inline... checking for tsearch... gcc-4.7 -I.././../expat/expat-2.0.1/lib -I. -g -O2 -Wall -Wmissing-prototypes -Wstrict-prototypes -fexceptions  -DHAVE_EXPAT_CONFIG_H -o xmlwf/codepage.o -c .././../expat/expat-2.0.1/xmlwf/codepage.c
checking for stdlib.h... gcc-4.7 -I.././../expat/expat-2.0.1/lib -I. -g -O2 -Wall -Wmissing-prototypes -Wstrict-prototypes -fexceptions  -DHAVE_EXPAT_CONFIG_H -o xmlwf/unixfilemap.o -c .././../expat/expat-2.0.1/xmlwf/unixfilemap.c
inline
checking for grep that handles long lines and -e... /bin/grep
checking for egrep... /bin/grep -E
checking for ANSI C header files... yes
yes
checking for memcpy... checking for __argz_count... yes
GNU/Linux ld.so
checking how to hardcode library paths into programs... immediate
checking whether stripping libraries is possible... checking for string.h... yes
checking if libtool supports shared libraries... yes
checking whether to build shared libraries... no
checking whether to build static libraries... yes
checking how to run the C++ preprocessor... yes
yes
checking for __argz_stringify... g++-4.7 -E
yes
checking for memmem... checking for memory.h... yes
yes
yes
checking for sys/types.h... checking for __argz_next... checking for strings.h... yes
checking for sys/stat.h... yes
yes
checking for memmove... checking for stdlib.h... yes
yes
yes
checking for inttypes.h... checking for string.h... checking for __fsetlocking... yes
checking whether the g++-4.7 linker (/usr/bin/ld -m elf_x86_64) supports shared libraries... yes
checking for memory.h... yes
yes
yes
checking for strings.h... checking for mempcpy... yes
checking for stdint.h... checking for iconv... checking for g++-4.7 option to produce PIC...  -DPIC
checking if g++-4.7 PIC flag  -DPIC works... yes
checking for inttypes.h... yes
checking for stdint.h... yes
checking if g++-4.7 static flag  works... yes
checking for unistd.h... yes
yes
yes
checking for memset... yes
checking for iconv declaration... checking for unistd.h... checking whether byte ordering is bigendian... install-shextern size_t iconv (iconv_t cd, char * *inbuf, size_t *inbytesleft, char * *outbuf, size_t *outbytesleft);
checking for nl_langinfo and CODESET... yes
checking if g++-4.7 supports -c -o file.o... yes
yes
checking for off_t... checking for mkstemps... yes
checking if g++-4.7 supports -c -o file.o... (cached) yes
checking whether the g++-4.7 linker (/usr/bin/ld -m elf_x86_64) supports shared libraries... yes
checking dynamic linker characteristics... (cached) yes
checking for LC_MESSAGES... GNU/Linux ld.so
checking how to hardcode library paths into programs... unsupported
no
checking for a BSD-compatible install... /usr/bin/install -c
checking for ANSI C header files... (cached) yes
checking whether time.h and sys/time.h may both be included... checking for sys/file.h... yes
yes
checking for sys/param.h... checking for putenv... yes
checking for bison... yes
bison
checking version of bison... yes
2.5, ok
checking whether NLS is requested... no
checking fcntl.h usability... checking whether to use NLS... no
checking for aclocal... checking for limits.h... aclocal
checking for autoconf... autoconf
checking for autoheader... autoheader
yes
checking for stdlib.h... (cached) yes
checking for malloc.h... yes
checking for size_t... yes
configure: updating cache ./config.cache
yes
checking for random... configure: creating ./config.status
yes
checking fcntl.h presence... checking for string.h... (cached) yes
checking for unistd.h... (cached) yes
yes
checking for fcntl.h... yes
checking for strings.h... (cached) yes
checking float.h usability... checking for sys/time.h... yes
checking for time.h... yes
checking for rename... yes
checking for sys/resource.h... yes
yes
checking float.h presence... checking for sys/stat.h... (cached) yes
yes
checking for float.h... yes
checking for sys/mman.h... yes
checking for working alloca.h... checking invent.h usability... yes
config.status: creating Makefile
yes
checking for rindex... checking for fcntl.h... config.status: creating config.intl
yes
config.status: creating config.h
checking for alloca.h... config.status: executing default-1 commands
yes
checking for alloca... yes
checking for sys/pstat.h... no
checking for sys/sysmp.h... yes
checking for setenv... no
checking for sys/sysinfo.h... yes
yes
checking for stdlib.h... (cached) yes
make[2]: Entering directory `/home/sparksco/android/toolchain/aosp/build/libbfd-binutils-2.23.1/intl'
make[2]: Nothing to be done for `all'.
make[2]: Leaving directory `/home/sparksco/android/toolchain/aosp/build/libbfd-binutils-2.23.1/intl'
checking for machine/hal_sysinfo.h... checking for unistd.h... (cached) yes
checking for getpagesize... no
checking for sys/table.h... yes
no
no
checking invent.h presence... checking for sys/sysctl.h... checking for snprintf... no
checking for invent.h... no
yes
checking langinfo.h usability... checking for sys/systemcfg.h... yes
checking for working mmap... no
checking for stdint.h... (cached) yes
checking for stdio_ext.h... yes
yes
checking for sigsetmask... checking for process.h... yes
checking langinfo.h presence... no
yes
checking for langinfo.h... yes
checking for sys/prctl.h... checking locale.h usability... yes
checking for sys/wait.h that is POSIX.1 compatible... yes
checking for stpcpy... yes
checking whether we are using the GNU C Library 2.1 or newer... yes
checking whether integer division by zero raises SIGFPE... yes
checking locale.h presence... yes
checking whether time.h and sys/time.h may both be included... yes
checking for locale.h... yes
checking nl_types.h usability... yes
checking for stpncpy... yes
checking whether errno must be declared... no
checking size of int... yes
checking nl_types.h presence... yes
checking for inttypes.h... yes
checking for nl_types.h... yes
yes
checking sys/attributes.h usability... checking for strcasecmp... yes
checking for stdint.h... yes
checking for strchr... yes
checking for unsigned long long... 4
checking for a 64-bit type... uint64_t
checking for intptr_t... yes
checking for strdup... yes
checking for inttypes.h... yes
no
checking sys/attributes.h presence... checking whether the inttypes.h PRIxNN macros are broken... yes
no
checking for sys/attributes.h... no
checking sys/iograph.h usability... no
checking for ld used by GCC... ld
checking if the linker (ld) is GNU ld... yes
checking for shared library run path origin... yes
checking for uintptr_t... yes
done
checking for strndup... checking argz.h usability... yes
checking argz.h presence... yes
yes
checking for argz.h... yes
checking for strrchr... checking limits.h usability... yes
checking for ssize_t... no
checking sys/iograph.h presence... yes
checking limits.h presence... yes
no
checking for sys/iograph.h... no
yes
checking for limits.h... yes
checking for strstr... checking sys/mman.h usability... checking locale.h usability... yes
yes
checking for pid_t... checking for strtod... yes
checking sys/mman.h presence... yes
checking locale.h presence... yes
checking for sys/mman.h... yes
yes
checking for locale.h... yes
checking sys/param.h usability... checking nl_types.h usability... yes
checking for strtol... yes
checking sys/param.h presence... yes
checking nl_types.h presence... yes
checking for nl_types.h... yes
yes
checking for sys/param.h... yes
checking malloc.h usability... yes
checking sys/processor.h usability... checking for library containing strerror... yes
checking for strtoul... yes
checking malloc.h presence... yes
none required
yes
checking for malloc.h... yes
checking for asprintf... checking for strverscmp... checking stddef.h usability... yes
yes
checking for atexit... yes
checking stddef.h presence... checking for tmpnam... yes
checking for stddef.h... yes
checking for stdlib.h... (cached) yes
no
checking for string.h... checking sys/processor.h presence... (cached) yes
checking for unistd.h... (cached) yes
checking sys/param.h usability... no
checking for sys/processor.h... no
checking sys/pstat.h usability... yes
yes
checking for basename... checking for vasprintf... yes
checking sys/param.h presence... yes
checking for sys/param.h... yes
checking for feof_unlocked... yes
yes
checking for vfprintf... checking for bcmp... yes
checking for fgets_unlocked... yes
yes
checking for vprintf... checking for bcopy... no
checking sys/pstat.h presence... no
checking for sys/pstat.h... no
checking sys/sysinfo.h usability... yes
yes
checking for vsnprintf... checking for getc_unlocked... yes
checking for bsearch... yes
checking sys/sysinfo.h presence... yes
checking for sys/sysinfo.h... yes
checking sys/syssgi.h usability... yes
yes
yes
checking for getcwd... checking for vsprintf... checking for bzero... yes
checking for getegid... yes
yes
checking for calloc... checking for waitpid... no
checking sys/syssgi.h presence... no
checking for sys/syssgi.h... no
checking sys/systemcfg.h usability... yes
checking for geteuid... yes
checking for setproctitle... yes
checking for clock... yes
checking for getgid... no
checking whether alloca needs Cray hooks... yes
no
checking stack direction for C alloca... checking for ffs... yes
checking for getuid... -1
checking for vfork.h... no
checking sys/systemcfg.h presence... yes
no
no
checking for sys/systemcfg.h... no
checking for fork... checking sys/time.h usability... checking for getcwd... yes
checking for mempcpy... yes
checking sys/time.h presence... yes
checking for sys/time.h... yes
yes
yes
yes
checking sys/times.h usability... checking for getpagesize... checking for vfork... checking for munmap... yes
checking sys/times.h presence... yes
yes
yes
yes
checking for sys/times.h... yes
checking for putenv... checking for working fork... checking for sys/resource.h... checking for gettimeofday... yes
checking for sys/sysctl.h... yes
yes
yes
checking for working vfork... (cached) yes
checking for _doprnt... checking for index... checking for setenv... yes
checking for machine/hal_sysinfo.h... no
checking for sys_errlist... yes
yes
checking for setlocale... checking for insque... no
checking whether fgetc is declared... yes
checking for sys_nerr... yes
checking for stpcpy... yes
checking for memchr... checking whether fscanf is declared... yes
checking for sys_siglist... yes
yes
yes
checking whether optarg is declared... checking for strcasecmp... checking for memcmp... yes
checking for external symbol _system_configuration... yes
yes
checking whether ungetc is declared... yes
no
checking for memcpy... checking for __fsetlocking... checking for strdup... yes
yes
checking whether vfprintf is declared... checking for canonicalize_file_name... yes
yes
checking for memmem... checking for strtoul... yes
yes
checking whether sys_errlist is declared... checking for dup3... yes
yes
checking for memmove... checking for tsearch... /bin/bash ./libtool --silent --mode=link gcc-4.7 -I.././../expat/expat-2.0.1/lib -I. -g -O2 -Wall -Wmissing-prototypes -Wstrict-prototypes -fexceptions  -DHAVE_EXPAT_CONFIG_H -no-undefined -version-info 6:2:5 -rpath /home/sparksco/android/toolchain/aosp/build/temp-install/lib  -o libexpat.la lib/xmlparse.lo lib/xmltok.lo lib/xmlrole.lo
yes
checking whether sys_nerr is declared... yes
checking for getrlimit... yes
yes
yes
checking return type of signal handlers... checking for mempcpy... checking for __argz_count... void
checking for intmax_t... yes
checking for getrusage... yes
yes
checking for __argz_stringify... checking for memset... /bin/bash ./libtool --silent --mode=link gcc-4.7 -I.././../expat/expat-2.0.1/lib -I. -g -O2 -Wall -Wmissing-prototypes -Wstrict-prototypes -fexceptions  -DHAVE_EXPAT_CONFIG_H  -o xmlwf/xmlwf xmlwf/xmlwf.o xmlwf/xmlfile.o xmlwf/codepage.o xmlwf/unixfilemap.o libexpat.la
yes
checking for getsysinfo... yes
checking for __argz_next... yes
yes
checking for long double... checking for mkstemps... no
checking for gettimeofday... (cached) yes
checking for on_exit... yes
checking for __fsetlocking... yes
checking for putenv... yes
make[1]: Leaving directory `/home/sparksco/android/toolchain/aosp/build/expat-2.0.1'
checking for psignal... make -C expat-2.0.1 install -j1 && touch stmp-install-host-expat
make[1]: Entering directory `/home/sparksco/android/toolchain/aosp/build/expat-2.0.1'
make[1]: warning: -jN forced in submake: disabling jobserver mode.
/bin/bash .././../expat/expat-2.0.1/conftools/mkinstalldirs /home/sparksco/android/toolchain/aosp/build/temp-install/lib /home/sparksco/android/toolchain/aosp/build/temp-install/include
mkdir /home/sparksco/android/toolchain/aosp/build/temp-install
mkdir /home/sparksco/android/toolchain/aosp/build/temp-install/lib
yes
mkdir /home/sparksco/android/toolchain/aosp/build/temp-install/include
/bin/bash ./libtool --mode=install /usr/bin/install -c libexpat.la /home/sparksco/android/toolchain/aosp/build/temp-install/lib/libexpat.la
yes
checking for iconv... checking for long long... yes
yes
checking for random... checking for pstat_getdynamic... /usr/bin/install -c .libs/libexpat.lai /home/sparksco/android/toolchain/aosp/build/temp-install/lib/libexpat.la
/usr/bin/install -c .libs/libexpat.a /home/sparksco/android/toolchain/aosp/build/temp-install/lib/libexpat.a
chmod 644 /home/sparksco/android/toolchain/aosp/build/temp-install/lib/libexpat.a
ranlib /home/sparksco/android/toolchain/aosp/build/temp-install/lib/libexpat.a
yes
checking for iconv declaration... yes
no
checking for pstat_getstatic... checking for rename... PATH="$PATH:/sbin" ldconfig -n /home/sparksco/android/toolchain/aosp/build/temp-install/lib
----------------------------------------------------------------------
Libraries have been installed in:
   /home/sparksco/android/toolchain/aosp/build/temp-install/lib

If you ever happen to want to link against installed libraries
in a given directory, LIBDIR, you must either use libtool, and
specify the full pathname of the library, or use the `-LLIBDIR'
flag during linking and do at least one of the following:
   - add LIBDIR to the `LD_LIBRARY_PATH' environment variable
     during execution
   - add LIBDIR to the `LD_RUN_PATH' environment variable
     during linking
   - use the `-Wl,--rpath -Wl,LIBDIR' linker flag
   - have your system administrator add LIBDIR to `/etc/ld.so.conf'

See any operating system documentation about shared libraries for
more information, such as the ld(1) and ld.so(8) manual pages.
----------------------------------------------------------------------
for FN in .././../expat/expat-2.0.1/lib/expat.h .././../expat/expat-2.0.1/lib/expat_external.h ; do /usr/bin/install -c -m 644 $FN /home/sparksco/android/toolchain/aosp/build/temp-install/include ; done
yes
checking for ptrdiff_t... /bin/bash .././../expat/expat-2.0.1/conftools/mkinstalldirs /home/sparksco/android/toolchain/aosp/build/temp-install/bin /home/sparksco/android/toolchain/aosp/build/temp-install/man/man1
install-shextern size_t iconv (iconv_t cd, char * *inbuf, size_t *inbytesleft, char * *outbuf, size_t *outbytesleft);
checking for nl_langinfo and CODESET... mkdir /home/sparksco/android/toolchain/aosp/build/temp-install/bin
mkdir /home/sparksco/android/toolchain/aosp/build/temp-install/man
mkdir /home/sparksco/android/toolchain/aosp/build/temp-install/man/man1
/bin/bash ./libtool --mode=install /usr/bin/install -c xmlwf/xmlwf /home/sparksco/android/toolchain/aosp/build/temp-install/bin/xmlwf
yes
no
checking for realpath... checking for rindex... yes
checking for LC_MESSAGES... /usr/bin/install -c xmlwf/xmlwf /home/sparksco/android/toolchain/aosp/build/temp-install/bin/xmlwf
/usr/bin/install -c -m 644 .././../expat/expat-2.0.1/doc/xmlwf.1 /home/sparksco/android/toolchain/aosp/build/temp-install/man/man1
make[1]: Leaving directory `/home/sparksco/android/toolchain/aosp/build/expat-2.0.1'
([ -d gdb-7.5.1 ] || \
	  mkdir gdb-7.5.1) && \
	( \
	 cd gdb-7.5.1 ; \
	 .././../gdb/gdb-7.5.1/configure \
	  '--prefix=/home/sparksco/android/arm-linux-androideabi' '--with-gcc-version=195953' '--with-binutils-version=2.23.1' '--with-gmp-version=5.1.1' '--with-mpfr-version=3.1.1' '--with-gdb-version=7.5.1' '--with-mpc-version=current' '--disable-docs' '--disable-nls' --program-transform-name='s&^&arm-linux-androideabi-&' --prefix=/home/sparksco/android/arm-linux-androideabi --target=arm-linux-android --host=x86_64-linux-gnu --build=x86_64-linux-gnu --disable-nls --with-expat --with-libexpat-prefix=/home/sparksco/android/toolchain/aosp/build/temp-install --with-python=no) && \
	touch stmp-config-target-gdb
yes
checking for setrlimit... yes
yes
checking for quad_t... checking for setenv... yes
checking for bison... bison
checking version of bison... 2.5, ok
checking whether NLS is requested... no
checking whether to use NLS... no
checking for aclocal... aclocal
checking for autoconf... autoconf
checking for autoheader... autoheader
yes
checking for sbrk... configure: updating cache ./config.cache
configure: creating ./config.status
yes
checking for snprintf... yes
checking for spawnve... yes
checking for uint_least32_t... yes
checking for sigsetmask... no
checking for spawnvpe... config.status: creating Makefile
yes
checking for stpcpy... config.status: creating config.intl
no
config.status: creating config.h
checking for strerror... checking build system type... config.status: executing default-1 commands
x86_64-pc-linux-gnu
checking host system type... yes
checking for intptr_t... x86_64-pc-linux-gnu
checking target system type... yes
yes
checking for strsignal... checking for stpncpy... arm-unknown-linux-android
checking for a BSD-compatible install... /usr/bin/install -c
checking whether ln works... mkdir -p -- ./gas
yes
checking whether ln -s works... yes
checking for a sed that does not truncate output... Configuring in ./gas
mkdir -p -- ./binutils
mkdir -p -- ./ld
Configuring in ./binutils
mkdir -p -- ./gprof
/bin/sed
Configuring in ./ld
make[3]: Entering directory `/home/sparksco/android/toolchain/aosp/build/binutils-2.23.1/intl'
make[3]: Nothing to be done for `all'.
make[3]: Leaving directory `/home/sparksco/android/toolchain/aosp/build/binutils-2.23.1/intl'
checking for gawk... gawk
Configuring in ./gprof
checking for x86_64-linux-gnu-gcc... yes
gcc-4.7
checking for sysconf... yes
checking for strcasecmp... checking for C compiler default output file name... yes
checking for preprocessor stringizing operator... yes
checking for working volatile... yes
checking for sysctl... a.out
checking whether the C compiler works... yes
yes
checking whether we are cross compiling... no
checking for suffix of executables... yes
checking for C/C++ restrict keyword... checking for strchr... __restrict
checking whether <stdarg.h> exists and works... yes

checking for suffix of object files... checking for sysmp... yes
checking for strdup... yes
checking whether gcc __attribute__ ((const)) works... o
checking whether we are using the GNU C compiler... configure: creating cache ./config.cache
configure: creating cache ./config.cache
configure: creating cache ./config.cache
configure: creating cache ./config.cache
yes
checking whether gcc __attribute__ ((malloc)) works... yes
checking whether gcc-4.7 accepts -g... no
checking build system type... checking for table... checking build system type... checking build system type... checking build system type... x86_64-pc-linux-gnu
checking host system type... x86_64-pc-linux-gnu
checking host system type... yes
checking whether gcc __attribute__ ((mode (XX))) works... yes
yes
checking for gcc-4.7 option to accept ISO C89... x86_64-pc-linux-gnu
checking host system type... x86_64-pc-linux-gnu
checking host system type... x86_64-pc-linux-gnu
checking target system type... checking for strncasecmp... x86_64-pc-linux-gnu
checking target system type... x86_64-pc-linux-gnu
checking target system type... x86_64-pc-linux-gnu
checking target system type... yes
checking whether gcc __attribute__ ((noreturn)) works... arm-unknown-linux-androideabi
checking for x86_64-linux-gnu-gcc... gcc-4.7
arm-unknown-linux-androideabi
no
checking for x86_64-linux-gnu-gcc... gcc-4.7
arm-unknown-linux-androideabi
checking for x86_64-linux-gnu-gcc... gcc-4.7
checking for times... arm-unknown-linux-androideabi
checking for x86_64-linux-gnu-gcc... gcc-4.7
none needed
checking for C compiler default output file name... yes
checking for C compiler default output file name... checking for inline... checking for C compiler default output file name... checking for C compiler default output file name... yes
checking for strndup... checking whether we are using the GNU C++ compiler... inline
yes
checking for wait3... yes
checking whether g++-4.7 accepts -g... a.out
checking whether the C compiler works... a.out
a.out
checking whether the C compiler works... checking whether the C compiler works... yes
checking whether we are cross compiling... no
checking for suffix of executables... a.out
checking whether the C compiler works... yes
yes
yes
checking for cos in -lm... checking whether we are cross compiling... no
checking for suffix of executables... checking whether we are cross compiling... no
checking for suffix of executables... checking whether we are cross compiling... no
checking for suffix of executables... yes
yes
checking for x86_64-linux-gnu-gnatbind... no
checking for gnatbind... no
checking for strrchr... checking for x86_64-linux-gnu-gnatmake... no
checking for gnatmake... no
checking whether compiler driver understands Ada... yes
no
checking how to compare bootstrapped objects... cmp --ignore-initial=16 $$f1 $$f2
checking for objdir... 
checking for wait4... .libs
checking for suffix of object files... 
checking for suffix of object files... 
checking for PWL_handle_timeout in -lpwl... checking for suffix of object files... 
checking for suffix of object files... yes
checking for working alloca.h... o
checking whether we are using the GNU C compiler... o
checking whether we are using the GNU C compiler... o
checking whether we are using the GNU C compiler... o
checking whether we are using the GNU C compiler... yes
checking for strstr... yes
no
checking for version 0.11 (revision 0 or later) of PPL... yes
checking whether gcc-4.7 accepts -g... checking whether basename is declared... yes
checking whether gcc-4.7 accepts -g... yes
yes
checking for alloca (via gmp-impl.h)... checking whether gcc-4.7 accepts -g... yes
checking whether gcc-4.7 accepts -g... yes
yes
checking for gcc-4.7 option to accept ISO C89... checking for gcc-4.7 option to accept ISO C89... yes
checking for gcc-4.7 option to accept ISO C89... yes
checking for gcc-4.7 option to accept ISO C89... yes
no
checking for strtod... checking whether ffs is declared... yes
checking how to allocate temporary memory... alloca
yes
checking for installed CLooG PPL Legacy... none needed
checking for library containing strerror... none needed
checking for library containing strerror... none needed
checking for library containing strerror... none needed
checking for library containing strerror... yes
checking whether asprintf is declared... yes
checking for strtol... checking whether byte ordering is bigendian... none required
checking for a BSD-compatible install... /usr/bin/install -c
checking whether build environment is sane... none required
none required
none required
no
checking for a BSD-compatible install... checking for a BSD-compatible install... checking for a BSD-compatible install... /usr/bin/install -c
checking whether build environment is sane... /usr/bin/install -c
checking whether build environment is sane... /usr/bin/install -c
checking whether build environment is sane... checking whether vasprintf is declared... yes
checking for strtoul... no
no
checking format of `double' floating point... PPL Legacy
checking for version 0.15.5 (or later revision) of CLooG... checking whether snprintf is declared... yes
checking for strverscmp... IEEE little endian
checking for alarm... yes
checking whether vsnprintf is declared... yes
checking for tmpnam... yes
yes
checking for attr_get... checking whether calloc is declared... yes
checking for vasprintf... yes
yes
checking whether getenv is declared... no
checking for clock... yes
checking whether getopt is declared... yes
checking for vfprintf... yes
checking for cputime... yes
checking whether malloc is declared... yes
checking for vprintf... yes
checking whether realloc is declared... no
checking for getpagesize... yes
checking whether sbrk is declared... yes
checking for vsnprintf... yes
checking for getrusage... yes
checking whether strverscmp is declared... yes
checking for vsprintf... no
checking whether canonicalize_file_name must be declared... yes
checking for gettimeofday... yes
checking for stdlib.h... (cached) yes
yes
checking for unistd.h... (cached) yes
checking for waitpid... checking for getpagesize... (cached) yes
checking for working mmap... yes
checking for getsysinfo... yes
checking for setproctitle... yes
checking for working strncmp... no
checking for localeconv... no
checking whether alloca needs Cray hooks... no
checking stack direction for C alloca... yes
checking for default BUILD_CONFIG... 
yes
checking for memset... configure: updating cache ./config.cache
configure: creating ./config.status
checking for bison... bison -y
checking for bison... bison
checking for gm4... no
checking for gnum4... no
checking for m4... m4
-1
checking for flex... flex
checking for flex... flex
checking for vfork.h... checking for makeinfo... makeinfo
checking for expect... no
checking for runtest... no
checking for x86_64-linux-gnu-ar... no
checking for ar... ar
checking for x86_64-linux-gnu-as... no
checking for as... as
checking for x86_64-linux-gnu-dlltool... no
no
checking for dlltool... no
checking for x86_64-linux-gnu-ld... no
checking for ld... ld
checking for fork... checking for x86_64-linux-gnu-lipo... no
checking for lipo... no
checking for x86_64-linux-gnu-nm... no
checking for nm... nm
checking for x86_64-linux-gnu-ranlib... no
checking for ranlib... ranlib
checking for x86_64-linux-gnu-strip... no
checking for strip... strip
checking for x86_64-linux-gnu-windres... no
checking for windres... no
checking for x86_64-linux-gnu-windmc... no
checking for windmc... no
checking for x86_64-linux-gnu-objcopy... no
checking for objcopy... objcopy
checking for x86_64-linux-gnu-objdump... no
checking for objdump... objdump
checking for x86_64-linux-gnu-readelf... no
checking for readelf... readelf
checking for arm-linux-android-cc... no
checking for arm-linux-android-gcc... no
checking for arm-linux-android-c++... no
checking for arm-linux-android-g++... no
checking for arm-linux-android-cxx... yes
no
checking for arm-linux-android-gxx... no
checking for arm-linux-android-gcc... no
checking for arm-linux-android-gcj... no
checking for arm-linux-android-gfortran... no
checking for arm-linux-android-gccgo... no
checking for arm-linux-android-ar... no
checking for mmap... checking for arm-linux-android-as... no
checking for arm-linux-android-dlltool... no
checking for arm-linux-android-ld... no
checking for arm-linux-android-lipo... no
checking for arm-linux-android-nm... no
checking for arm-linux-android-objdump... no
checking for arm-linux-android-ranlib... no
checking for arm-linux-android-readelf... no
checking for arm-linux-android-strip... no
yes
checking for arm-linux-android-windres... no
checking for arm-linux-android-windmc... no
checking where to find the target ar... pre-installed
checking where to find the target as... pre-installed
checking where to find the target cc... pre-installed
checking where to find the target c++... pre-installed
checking where to find the target c++ for libstdc++... checking for vfork... pre-installed
checking where to find the target dlltool... pre-installed
checking where to find the target gcc... pre-installed
checking where to find the target gcj... pre-installed
checking where to find the target gfortran... pre-installed
checking where to find the target gccgo... pre-installed
checking where to find the target ld... pre-installed
checking where to find the target lipo... pre-installed
checking where to find the target nm... pre-installed
checking where to find the target objdump... pre-installed
checking where to find the target ranlib... pre-installed
checking where to find the target readelf... pre-installed
checking where to find the target strip... pre-installed
checking where to find the target windres... pre-installed
checking where to find the target windmc... pre-installed
checking whether to enable maintainer-specific portions of Makefiles... no
checking whether -fkeep-inline-functions is supported... yes
yes
checking for mprotect... config.status: creating Makefile
checking for working fork... yes
config.status: creating testsuite/Makefile
config.status: creating config.h
yes
config.status: executing default commands
configure: creating ./config.status
checking for nl_langinfo... yes
checking for working vfork... (cached) yes
checking for _doprnt... yes
mkdir -p -- ./bfd
yes
Configuring in ./bfd
yes
yes
yes
checking for obstack_vprintf... checking for a thread-safe mkdir -p... checking for a thread-safe mkdir -p... checking for a thread-safe mkdir -p... /bin/mkdir -p
checking for gawk... gawk
checking whether make sets $(MAKE)... checking for a thread-safe mkdir -p... make[2]: Entering directory `/home/sparksco/android/toolchain/aosp/build/libbfd-binutils-2.23.1/libiberty'
if [ x"" != x ] && [ ! -d pic ]; then \
	  mkdir pic; \
	else true; fi
/bin/mkdir -p
checking for gawk... gawk
checking whether make sets $(MAKE)... /bin/mkdir -p
checking for gawk... gawk
checking whether make sets $(MAKE)... /bin/mkdir -p
checking for gawk... gawk
checking whether make sets $(MAKE)... touch stamp-picdir
echo ./regex.o ./cplus-dem.o ./cp-demangle.o ./md5.o ./sha1.o ./alloca.o ./argv.o ./choose-temp.o ./concat.o ./cp-demint.o ./crc32.o ./dwarfnames.o ./dyn-string.o ./fdmatch.o ./fibheap.o ./filename_cmp.o ./floatformat.o ./fnmatch.o ./fopen_unlocked.o ./getopt.o ./getopt1.o ./getpwd.o ./getruntime.o ./hashtab.o ./hex.o ./lbasename.o ./lrealpath.o ./make-relative-prefix.o ./make-temp-file.o ./objalloc.o ./obstack.o ./partition.o ./pexecute.o ./physmem.o ./pex-common.o ./pex-one.o ./pex-unix.o ./safe-ctype.o ./simple-object.o ./simple-object-coff.o ./simple-object-elf.o ./simple-object-mach-o.o ./sort.o ./spaces.o ./splay-tree.o ./stack-limit.o ./strerror.o ./strsignal.o ./timeval-utils.o ./unlink-if-ordinary.o ./xatexit.o ./xexit.o ./xmalloc.o ./xmemdup.o ./xstrdup.o ./xstrerror.o ./xstrndup.o > required-list
yes
yes
yes
if [ x"" != x ]; then \
	  gcc-4.7 -c -DHAVE_CONFIG_H -m32  -I. -I../.././../binutils/binutils-2.23.1/libiberty/../include  -W -Wall -Wwrite-strings -Wc++-compat -Wstrict-prototypes -pedantic   ../.././../binutils/binutils-2.23.1/libiberty/regex.c -o pic/regex.o; \
	else true; fi
gcc-4.7 -c -DHAVE_CONFIG_H -m32  -I. -I../.././../binutils/binutils-2.23.1/libiberty/../include  -W -Wall -Wwrite-strings -Wc++-compat -Wstrict-prototypes -pedantic  ../.././../binutils/binutils-2.23.1/libiberty/regex.c -o regex.o
yes
checking for style of include used by make... no
checking for sys_errlist... checking for style of include used by make... checking for style of include used by make... GNU
checking for style of include used by make... make[3]: Entering directory `/home/sparksco/android/toolchain/aosp/build/libbfd-binutils-2.23.1/libiberty/testsuite'
make[3]: Nothing to be done for `all'.
make[3]: Leaving directory `/home/sparksco/android/toolchain/aosp/build/libbfd-binutils-2.23.1/libiberty/testsuite'
GNU
if [ x"" != x ]; then \
	  gcc-4.7 -c -DHAVE_CONFIG_H -m32  -I. -I../.././../binutils/binutils-2.23.1/libiberty/../include  -W -Wall -Wwrite-strings -Wc++-compat -Wstrict-prototypes -pedantic   ../.././../binutils/binutils-2.23.1/libiberty/cplus-dem.c -o pic/cplus-dem.o; \
	else true; fi
GNU
GNU
checking dependency style of gcc-4.7... gcc-4.7 -c -DHAVE_CONFIG_H -m32  -I. -I../.././../binutils/binutils-2.23.1/libiberty/../include  -W -Wall -Wwrite-strings -Wc++-compat -Wstrict-prototypes -pedantic  ../.././../binutils/binutils-2.23.1/libiberty/cplus-dem.c -o cplus-dem.o
checking dependency style of gcc-4.7... checking dependency style of gcc-4.7... checking dependency style of gcc-4.7... config.status: creating Makefile
yes
checking for popen... yes
checking for sys_nerr... gcc3
checking for x86_64-linux-gnu-gcc... (cached) gcc-4.7
gcc3
checking whether to enable maintainer-specific portions of Makefiles... no
checking how to run the C preprocessor... gcc3
checking for x86_64-linux-gnu-gcc... (cached) gcc-4.7
yes
gcc3
checking for x86_64-linux-gnu-gcc... (cached) gcc-4.7
yes
checking for processor_info... checking whether we are using the GNU C compiler... (cached) yes
checking whether gcc-4.7 accepts -g... (cached) yes
checking for gcc-4.7 option to accept ISO C89... (cached) none needed
checking how to run the C preprocessor... checking for sys_siglist... gcc-4.7 -E
checking whether we are using the GNU C compiler... (cached) yes
checking whether gcc-4.7 accepts -g... (cached) yes
checking for gcc-4.7 option to accept ISO C89... (cached) none needed
checking how to run the C preprocessor... gcc-4.7 -E
checking whether we are using the GNU C compiler... (cached) yes
checking whether gcc-4.7 accepts -g... (cached) yes
checking for gcc-4.7 option to accept ISO C89... (cached) none needed
checking how to run the C preprocessor... checking for grep that handles long lines and -e... gcc-4.7 -E
/bin/grep
checking for egrep... /bin/grep -E
Setting warning flags = -W -Wall -Wstrict-prototypes -Wmissing-prototypes -Wshadow -Werror
checking for LC_MESSAGES... yes
checking for external symbol _system_configuration... checking for grep that handles long lines and -e... gcc-4.7 -E
/bin/grep
checking for egrep... no
/bin/grep -E
checking for ANSI C header files... checking for pstat_getprocessor... checking for grep that handles long lines and -e... /bin/grep
checking for egrep... /bin/grep -E
checking for ANSI C header files... checking for grep that handles long lines and -e... yes
checking for x86_64-linux-gnu-gcc... (cached) gcc-4.7
/bin/grep
checking for egrep... no
/bin/grep -E
checking for ANSI C header files... checking for __fsetlocking... configure: creating cache ./config.cache
checking whether we are using the GNU C compiler... (cached) yes
checking whether gcc-4.7 accepts -g... (cached) yes
checking for gcc-4.7 option to accept ISO C89... (cached) none needed
no
checking for raise... checking build system type... checking whether we are using the GNU C++ compiler... yes
x86_64-pc-linux-gnu
checking host system type... checking for canonicalize_file_name... yes
checking whether g++-4.7 accepts -g... if [ x"" != x ]; then \
	  gcc-4.7 -c -DHAVE_CONFIG_H -m32  -I. -I../.././../binutils/binutils-2.23.1/libiberty/../include  -W -Wall -Wwrite-strings -Wc++-compat -Wstrict-prototypes -pedantic   ../.././../binutils/binutils-2.23.1/libiberty/cp-demangle.c -o pic/cp-demangle.o; \
	else true; fi
gcc-4.7 -c -DHAVE_CONFIG_H -m32  -I. -I../.././../binutils/binutils-2.23.1/libiberty/../include  -W -Wall -Wwrite-strings -Wc++-compat -Wstrict-prototypes -pedantic  ../.././../binutils/binutils-2.23.1/libiberty/cp-demangle.c -o cp-demangle.o
x86_64-pc-linux-gnu
checking target system type... yes
yes
yes
checking for sys/types.h... checking for sys/types.h... checking for read_real_time... if [ x"" != x ]; then \
	  gcc-4.7 -c -DHAVE_CONFIG_H -m32  -I. -I../.././../binutils/binutils-2.23.1/libiberty/../include  -W -Wall -Wwrite-strings -Wc++-compat -Wstrict-prototypes -pedantic   ../.././../binutils/binutils-2.23.1/libiberty/md5.c -o pic/md5.o; \
	else true; fi
gcc-4.7 -c -DHAVE_CONFIG_H -m32  -I. -I../.././../binutils/binutils-2.23.1/libiberty/../include  -W -Wall -Wwrite-strings -Wc++-compat -Wstrict-prototypes -pedantic  ../.././../binutils/binutils-2.23.1/libiberty/md5.c -o md5.o
arm-unknown-linux-androideabi
checking for x86_64-pc-linux-gnu-gcc... gcc-4.7
yes
yes
checking dependency style of g++-4.7... yes
yes
checking for sys/types.h... checking for sys/stat.h... checking for C compiler default output file name... yes
checking for sys/stat.h... checking for dup3... yes
checking for sys/stat.h... yes
a.out
no
checking whether the C compiler works... checking for stdlib.h... yes
yes
checking for sigaction... if [ x"" != x ]; then \
	  gcc-4.7 -c -DHAVE_CONFIG_H -m32  -I. -I../.././../binutils/binutils-2.23.1/libiberty/../include  -W -Wall -Wwrite-strings -Wc++-compat -Wstrict-prototypes -pedantic   ../.././../binutils/binutils-2.23.1/libiberty/sha1.c -o pic/sha1.o; \
	else true; fi
checking whether we are cross compiling... no
checking for suffix of executables... gcc-4.7 -c -DHAVE_CONFIG_H -m32  -I. -I../.././../binutils/binutils-2.23.1/libiberty/../include  -W -Wall -Wwrite-strings -Wc++-compat -Wstrict-prototypes -pedantic  ../.././../binutils/binutils-2.23.1/libiberty/sha1.c -o sha1.o
checking for stdlib.h... gcc3
checking for ANSI C header files... yes
yes
checking for getrlimit... checking for stdlib.h... 
checking for suffix of object files... yes
yes
checking for string.h... checking for string.h... yes
yes
yes
o
checking whether we are using the GNU C compiler... checking for string.h... checking for sigaltstack... checking for getrusage... if [ x"" != x ]; then \
	  gcc-4.7 -c -DHAVE_CONFIG_H -m32  -I. -I../.././../binutils/binutils-2.23.1/libiberty/../include  -W -Wall -Wwrite-strings -Wc++-compat -Wstrict-prototypes -pedantic   ../.././../binutils/binutils-2.23.1/libiberty/alloca.c -o pic/alloca.o; \
	else true; fi
yes
checking whether gcc-4.7 accepts -g... yes
gcc-4.7 -c -DHAVE_CONFIG_H -m32  -I. -I../.././../binutils/binutils-2.23.1/libiberty/../include  -W -Wall -Wwrite-strings -Wc++-compat -Wstrict-prototypes -pedantic  ../.././../binutils/binutils-2.23.1/libiberty/alloca.c -o alloca.o
yes
checking for memory.h... checking for memory.h... if [ x"" != x ]; then \
	  gcc-4.7 -c -DHAVE_CONFIG_H -m32  -I. -I../.././../binutils/binutils-2.23.1/libiberty/../include  -W -Wall -Wwrite-strings -Wc++-compat -Wstrict-prototypes -pedantic   ../.././../binutils/binutils-2.23.1/libiberty/argv.c -o pic/argv.o; \
	else true; fi
gcc-4.7 -c -DHAVE_CONFIG_H -m32  -I. -I../.././../binutils/binutils-2.23.1/libiberty/../include  -W -Wall -Wwrite-strings -Wc++-compat -Wstrict-prototypes -pedantic  ../.././../binutils/binutils-2.23.1/libiberty/argv.c -o argv.o
yes
checking for gcc-4.7 option to accept ISO C89... yes
yes
yes
( \
	 make -C gdb-7.5.1) && touch stmp-build-target-gdb
checking for memory.h... yes
checking for sigstack... checking for getsysinfo... checking for sys/types.h... yes
yes
checking for strings.h... none needed
checking for library containing strerror... if [ x"" != x ]; then \
	  gcc-4.7 -c -DHAVE_CONFIG_H -m32  -I. -I../.././../binutils/binutils-2.23.1/libiberty/../include  -W -Wall -Wwrite-strings -Wc++-compat -Wstrict-prototypes -pedantic   ../.././../binutils/binutils-2.23.1/libiberty/choose-temp.c -o pic/choose-temp.o; \
	else true; fi
gcc-4.7 -c -DHAVE_CONFIG_H -m32  -I. -I../.././../binutils/binutils-2.23.1/libiberty/../include  -W -Wall -Wwrite-strings -Wc++-compat -Wstrict-prototypes -pedantic  ../.././../binutils/binutils-2.23.1/libiberty/choose-temp.c -o choose-temp.o
if [ x"" != x ]; then \
	  gcc-4.7 -c -DHAVE_CONFIG_H -m32  -I. -I../.././../binutils/binutils-2.23.1/libiberty/../include  -W -Wall -Wwrite-strings -Wc++-compat -Wstrict-prototypes -pedantic   ../.././../binutils/binutils-2.23.1/libiberty/concat.c -o pic/concat.o; \
	else true; fi
gcc-4.7 -c -DHAVE_CONFIG_H -m32  -I. -I../.././../binutils/binutils-2.23.1/libiberty/../include  -W -Wall -Wwrite-strings -Wc++-compat -Wstrict-prototypes -pedantic  ../.././../binutils/binutils-2.23.1/libiberty/concat.c -o concat.o
make[1]: Entering directory `/home/sparksco/android/toolchain/aosp/build/gdb-7.5.1'
checking for strings.h... yes
yes
yes
checking for strings.h... checking for syssgi... checking for sys/stat.h... if [ x"" != x ]; then \
	  gcc-4.7 -c -DHAVE_CONFIG_H -m32  -I. -I../.././../binutils/binutils-2.23.1/libiberty/../include  -W -Wall -Wwrite-strings -Wc++-compat -Wstrict-prototypes -pedantic   ../.././../binutils/binutils-2.23.1/libiberty/cp-demint.c -o pic/cp-demint.o; \
	else true; fi
none required
checking for a BSD-compatible install... yes
gcc-4.7 -c -DHAVE_CONFIG_H -m32  -I. -I../.././../binutils/binutils-2.23.1/libiberty/../include  -W -Wall -Wwrite-strings -Wc++-compat -Wstrict-prototypes -pedantic  ../.././../binutils/binutils-2.23.1/libiberty/cp-demint.c -o cp-demint.o
if [ x"" != x ]; then \
	  gcc-4.7 -c -DHAVE_CONFIG_H -m32  -I. -I../.././../binutils/binutils-2.23.1/libiberty/../include  -W -Wall -Wwrite-strings -Wc++-compat -Wstrict-prototypes -pedantic   ../.././../binutils/binutils-2.23.1/libiberty/crc32.c -o pic/crc32.o; \
	else true; fi
gcc-4.7 -c -DHAVE_CONFIG_H -m32  -I. -I../.././../binutils/binutils-2.23.1/libiberty/../include  -W -Wall -Wwrite-strings -Wc++-compat -Wstrict-prototypes -pedantic  ../.././../binutils/binutils-2.23.1/libiberty/crc32.c -o crc32.o
checking for inttypes.h... /usr/bin/install -c
checking whether build environment is sane... no
checking for gettimeofday... (cached) yes
yes
yes
checking for inttypes.h... checking for inttypes.h... yes
checking for on_exit... make[2]: Entering directory `/home/sparksco/android/toolchain/aosp/build/gdb-7.5.1'
no
checking for stdlib.h... checking for strchr... mkdir -p -- ./intl
if [ x"" != x ]; then \
	  gcc-4.7 -c -DHAVE_CONFIG_H -m32  -I. -I../.././../binutils/binutils-2.23.1/libiberty/../include  -W -Wall -Wwrite-strings -Wc++-compat -Wstrict-prototypes -pedantic   ../.././../binutils/binutils-2.23.1/libiberty/dwarfnames.c -o pic/dwarfnames.o; \
	else true; fi
yes
gcc-4.7 -c -DHAVE_CONFIG_H -m32  -I. -I../.././../binutils/binutils-2.23.1/libiberty/../include  -W -Wall -Wwrite-strings -Wc++-compat -Wstrict-prototypes -pedantic  ../.././../binutils/binutils-2.23.1/libiberty/dwarfnames.c -o dwarfnames.o
Configuring in ./intl
mkdir -p -- ./libiberty
Configuring in ./libiberty
checking for stdint.h... yes
yes
yes
checking for stdint.h... yes
checking for stdint.h... checking for string.h... checking for psignal... yes
yes
if [ x"" != x ]; then \
	  gcc-4.7 -c -DHAVE_CONFIG_H -m32  -I. -I../.././../binutils/binutils-2.23.1/libiberty/../include  -W -Wall -Wwrite-strings -Wc++-compat -Wstrict-prototypes -pedantic   ../.././../binutils/binutils-2.23.1/libiberty/dyn-string.c -o pic/dyn-string.o; \
	else true; fi
gcc-4.7 -c -DHAVE_CONFIG_H -m32  -I. -I../.././../binutils/binutils-2.23.1/libiberty/../include  -W -Wall -Wwrite-strings -Wc++-compat -Wstrict-prototypes -pedantic  ../.././../binutils/binutils-2.23.1/libiberty/dyn-string.c -o dyn-string.o
checking for unistd.h... checking for strerror... yes
yes
checking for unistd.h... yes
checking for memory.h... checking for unistd.h... yes
checking for pstat_getdynamic... yes
yes
checking minix/config.h usability... if [ x"" != x ]; then \
	  gcc-4.7 -c -DHAVE_CONFIG_H -m32  -I. -I../.././../binutils/binutils-2.23.1/libiberty/../include  -W -Wall -Wwrite-strings -Wc++-compat -Wstrict-prototypes -pedantic   ../.././../binutils/binutils-2.23.1/libiberty/fdmatch.c -o pic/fdmatch.o; \
	else true; fi
gcc-4.7 -c -DHAVE_CONFIG_H -m32  -I. -I../.././../binutils/binutils-2.23.1/libiberty/../include  -W -Wall -Wwrite-strings -Wc++-compat -Wstrict-prototypes -pedantic  ../.././../binutils/binutils-2.23.1/libiberty/fdmatch.c -o fdmatch.o
checking for strnlen... yes
yes
checking minix/config.h usability... yes
checking for strings.h... checking minix/config.h usability... if [ x"" != x ]; then \
	  gcc-4.7 -c -DHAVE_CONFIG_H -m32  -I. -I../.././../binutils/binutils-2.23.1/libiberty/../include  -W -Wall -Wwrite-strings -Wc++-compat -Wstrict-prototypes -pedantic   ../.././../binutils/binutils-2.23.1/libiberty/fibheap.c -o pic/fibheap.o; \
	else true; fi
gcc-4.7 -c -DHAVE_CONFIG_H -m32  -I. -I../.././../binutils/binutils-2.23.1/libiberty/../include  -W -Wall -Wwrite-strings -Wc++-compat -Wstrict-prototypes -pedantic  ../.././../binutils/binutils-2.23.1/libiberty/fibheap.c -o fibheap.o
no
yes
checking for pstat_getstatic... checking for strtol... yes
checking for inttypes.h... configure: creating cache ./config.cache
checking whether make sets $(MAKE)... if [ x"" != x ]; then \
	  gcc-4.7 -c -DHAVE_CONFIG_H -m32  -I. -I../.././../binutils/binutils-2.23.1/libiberty/../include  -W -Wall -Wwrite-strings -Wc++-compat -Wstrict-prototypes -pedantic   ../.././../binutils/binutils-2.23.1/libiberty/filename_cmp.c -o pic/filename_cmp.o; \
	else true; fi
gcc-4.7 -c -DHAVE_CONFIG_H -m32  -I. -I../.././../binutils/binutils-2.23.1/libiberty/../include  -W -Wall -Wwrite-strings -Wc++-compat -Wstrict-prototypes -pedantic  ../.././../binutils/binutils-2.23.1/libiberty/filename_cmp.c -o filename_cmp.o
yes
checking for a BSD-compatible install... /usr/bin/install -c
checking whether NLS is requested... no
configure: creating cache ./config.cache
checking for msgfmt... checking whether to enable maintainer-specific portions of Makefiles... no
checking for makeinfo... makeinfo --split-size=5000000
/usr/bin/msgfmt
checking for gmsgfmt... checking for perl... perl
/usr/bin/msgfmt
yes
checking for xgettext... yes
no
checking for realpath... checking for strtoul... checking build system type... /usr/bin/xgettext
checking for stdint.h... no
checking minix/config.h presence... checking for msgmerge... if [ x"" != x ]; then \
	  gcc-4.7 -c -DHAVE_CONFIG_H -m32  -I. -I../.././../binutils/binutils-2.23.1/libiberty/../include  -W -Wall -Wwrite-strings -Wc++-compat -Wstrict-prototypes -pedantic   ../.././../binutils/binutils-2.23.1/libiberty/floatformat.c -o pic/floatformat.o; \
	else true; fi
x86_64-pc-linux-gnu
checking host system type... gcc-4.7 -c -DHAVE_CONFIG_H -m32  -I. -I../.././../binutils/binutils-2.23.1/libiberty/../include  -W -Wall -Wwrite-strings -Wc++-compat -Wstrict-prototypes -pedantic  ../.././../binutils/binutils-2.23.1/libiberty/floatformat.c -o floatformat.o
/usr/bin/msgmerge
no
checking minix/config.h presence... no
checking minix/config.h presence... no
checking for minix/config.h... no
checking whether it is safe to define __EXTENSIONS__... x86_64-pc-linux-gnu
checking for x86_64-linux-gnu-ar... ar
checking for x86_64-linux-gnu-ranlib... ranlib
checking for x86_64-linux-gnu-gcc... gcc-4.7
checking for x86_64-linux-gnu-gcc... gcc-4.7
yes
yes
no
checking for minix/config.h... no
checking whether it is safe to define __EXTENSIONS__... no
checking for minix/config.h... no
checking whether it is safe to define __EXTENSIONS__... yes
checking for unistd.h... checking for sysconf... checking for setrlimit... checking for C compiler default output file name... yes
checking for special C compiler options needed for large files... no
checking for _FILE_OFFSET_BITS value needed for large files... if [ x"" != x ]; then \
	  gcc-4.7 -c -DHAVE_CONFIG_H -m32  -I. -I../.././../binutils/binutils-2.23.1/libiberty/../include  -W -Wall -Wwrite-strings -Wc++-compat -Wstrict-prototypes -pedantic   ../.././../binutils/binutils-2.23.1/libiberty/fnmatch.c -o pic/fnmatch.o; \
	else true; fi
gcc-4.7 -c -DHAVE_CONFIG_H -m32  -I. -I../.././../binutils/binutils-2.23.1/libiberty/../include  -W -Wall -Wwrite-strings -Wc++-compat -Wstrict-prototypes -pedantic  ../.././../binutils/binutils-2.23.1/libiberty/fnmatch.c -o fnmatch.o
yes
yes
checking for special C compiler options needed for large files... no
checking for _FILE_OFFSET_BITS value needed for large files... yes
yes
checking for special C compiler options needed for large files... no
checking for _FILE_OFFSET_BITS value needed for large files... checking for C compiler default output file name... checking for sysctl... yes
checking minix/config.h usability... if [ x"" != x ]; then \
	  gcc-4.7 -c -DHAVE_CONFIG_H -m32  -I. -I../.././../binutils/binutils-2.23.1/libiberty/../include  -W -Wall -Wwrite-strings -Wc++-compat -Wstrict-prototypes -pedantic   ../.././../binutils/binutils-2.23.1/libiberty/fopen_unlocked.c -o pic/fopen_unlocked.o; \
	else true; fi
no
gcc-4.7 -c -DHAVE_CONFIG_H -m32  -I. -I../.././../binutils/binutils-2.23.1/libiberty/../include  -W -Wall -Wwrite-strings -Wc++-compat -Wstrict-prototypes -pedantic  ../.././../binutils/binutils-2.23.1/libiberty/fopen_unlocked.c -o fopen_unlocked.o
checking for sbrk... checking how to print strings... printf
checking for a sed that does not truncate output... a.out
checking whether the C compiler works... /bin/sed
no
yes
checking how to print strings... no
checking for fgrep... checking whether we are cross compiling... no
checking for suffix of executables... checking how to print strings... /bin/grep -F
checking for ld used by gcc-4.7... ld
checking if the linker (ld) is GNU ld... printf
checking for a sed that does not truncate output... yes
checking for BSD- or MS-compatible name lister (nm)... nm
checking the name lister (nm) interface... /bin/sed
checking for fgrep... if [ x"" != x ]; then \
	  gcc-4.7 -c -DHAVE_CONFIG_H -m32  -I. -I../.././../binutils/binutils-2.23.1/libiberty/../include  -W -Wall -Wwrite-strings -Wc++-compat -Wstrict-prototypes -pedantic   ../.././../binutils/binutils-2.23.1/libiberty/getopt.c -o pic/getopt.o; \
	else true; fi
printf
checking for a sed that does not truncate output... /bin/grep -F
checking for ld used by gcc-4.7... gcc-4.7 -c -DHAVE_CONFIG_H -m32  -I. -I../.././../binutils/binutils-2.23.1/libiberty/../include  -W -Wall -Wwrite-strings -Wc++-compat -Wstrict-prototypes -pedantic  ../.././../binutils/binutils-2.23.1/libiberty/getopt.c -o getopt.o
/bin/sed
ld
checking if the linker (ld) is GNU ld... a.out
checking whether the C compiler works... checking for fgrep... yes
checking whether we are cross compiling... no
checking for suffix of executables... /bin/grep -F
checking for ld used by gcc-4.7... yes
checking for BSD- or MS-compatible name lister (nm)... nm
checking the name lister (nm) interface... yes
ld
checking if the linker (ld) is GNU ld... yes
checking for BSD- or MS-compatible name lister (nm)... nm
yes
checking the name lister (nm) interface... checking for spawnve... checking for sysctlbyname... if [ x"" != x ]; then \
	  gcc-4.7 -c -DHAVE_CONFIG_H -m32  -I. -I../.././../binutils/binutils-2.23.1/libiberty/../include  -W -Wall -Wwrite-strings -Wc++-compat -Wstrict-prototypes -pedantic   ../.././../binutils/binutils-2.23.1/libiberty/getopt1.c -o pic/getopt1.o; \
	else true; fi
gcc-4.7 -c -DHAVE_CONFIG_H -m32  -I. -I../.././../binutils/binutils-2.23.1/libiberty/../include  -W -Wall -Wwrite-strings -Wc++-compat -Wstrict-prototypes -pedantic  ../.././../binutils/binutils-2.23.1/libiberty/getopt1.c -o getopt1.o

checking for suffix of object files... BSD nm
checking whether ln -s works... yes
checking the maximum length of command line arguments... 3458764513820540925
checking whether the shell understands some XSI constructs... yes
checking whether the shell understands "+="... yes
checking for ld option to reload object files... -r
checking for x86_64-linux-gnu-objdump... objdump
BSD nm
checking how to recognize dependent libraries... checking whether ln -s works... yes
checking the maximum length of command line arguments... pass_all
checking for x86_64-linux-gnu-ar... ar
checking for x86_64-linux-gnu-strip... no
checking for strip... strip
checking for x86_64-linux-gnu-ranlib... ranlib
checking command to parse nm output from gcc-4.7 object... 3458764513820540925
checking whether the shell understands some XSI constructs... 
yes
checking whether the shell understands "+="... yes
if [ x"" != x ]; then \
	  gcc-4.7 -c -DHAVE_CONFIG_H -m32  -I. -I../.././../binutils/binutils-2.23.1/libiberty/../include  -W -Wall -Wwrite-strings -Wc++-compat -Wstrict-prototypes -pedantic   ../.././../binutils/binutils-2.23.1/libiberty/getpwd.c -o pic/getpwd.o; \
	else true; fi
checking for ld option to reload object files... -r
checking for x86_64-linux-gnu-objdump... objdump
checking how to recognize dependent libraries... gcc-4.7 -c -DHAVE_CONFIG_H -m32  -I. -I../.././../binutils/binutils-2.23.1/libiberty/../include  -W -Wall -Wwrite-strings -Wc++-compat -Wstrict-prototypes -pedantic  ../.././../binutils/binutils-2.23.1/libiberty/getpwd.c -o getpwd.o
pass_all
checking for x86_64-linux-gnu-ar... ar
checking for x86_64-linux-gnu-strip... no
checking for strip... BSD nm
checking whether ln -s works... yes
strip
checking the maximum length of command line arguments... checking for x86_64-linux-gnu-ranlib... ranlib
checking command to parse nm output from gcc-4.7 object... o
checking whether we are using the GNU C compiler... 3458764513820540925
checking whether the shell understands some XSI constructs... yes
checking whether the shell understands "+="... yes
checking for ld option to reload object files... -r
checking for x86_64-linux-gnu-objdump... objdump
checking how to recognize dependent libraries... pass_all
checking for x86_64-linux-gnu-ar... no
ar
checking for x86_64-linux-gnu-strip... no
checking for strip... strip
checking for x86_64-linux-gnu-ranlib... ranlib
checking command to parse nm output from gcc-4.7 object... checking for spawnvpe... o
checking whether we are using the GNU C compiler... no
checking for times... if [ x"" != x ]; then \
	  gcc-4.7 -c -DHAVE_CONFIG_H -m32  -I. -I../.././../binutils/binutils-2.23.1/libiberty/../include  -W -Wall -Wwrite-strings -Wc++-compat -Wstrict-prototypes -pedantic   ../.././../binutils/binutils-2.23.1/libiberty/getruntime.c -o pic/getruntime.o; \
	else true; fi
gcc-4.7 -c -DHAVE_CONFIG_H -m32  -I. -I../.././../binutils/binutils-2.23.1/libiberty/../include  -W -Wall -Wwrite-strings -Wc++-compat -Wstrict-prototypes -pedantic  ../.././../binutils/binutils-2.23.1/libiberty/getruntime.c -o getruntime.o
yes
checking whether gcc-4.7 accepts -g... no
checking minix/config.h presence... yes
checking whether gcc-4.7 accepts -g... no
checking for minix/config.h... no
checking whether it is safe to define __EXTENSIONS__... yes
checking for gcc-4.7 option to accept ISO C89... if [ x"" != x ]; then \
	  gcc-4.7 -c -DHAVE_CONFIG_H -m32  -I. -I../.././../binutils/binutils-2.23.1/libiberty/../include  -W -Wall -Wwrite-strings -Wc++-compat -Wstrict-prototypes -pedantic   ../.././../binutils/binutils-2.23.1/libiberty/hashtab.c -o pic/hashtab.o; \
	else true; fi
no
gcc-4.7 -c -DHAVE_CONFIG_H -m32  -I. -I../.././../binutils/binutils-2.23.1/libiberty/../include  -W -Wall -Wwrite-strings -Wc++-compat -Wstrict-prototypes -pedantic  ../.././../binutils/binutils-2.23.1/libiberty/hashtab.c -o hashtab.o
checking for strerror... yes
checking for gcc-4.7 option to accept ISO C89... yes
ok
checking for library containing clock_gettime... yes
checking for special C compiler options needed for large files... no
checking for _FILE_OFFSET_BITS value needed for large files... checking for dlfcn.h... ok
ok
yes
none needed
checking for strsignal... no
none needed
checking for special C compiler options needed for large files... no
checking for _FILE_OFFSET_BITS value needed for large files... checking how to print strings... checking build system type... checking for dlfcn.h... printf
checking for a sed that does not truncate output... /bin/sed
checking for fgrep... /bin/grep -F
checking for ld used by gcc-4.7... x86_64-pc-linux-gnu
checking host system type... ld
checking if the linker (ld) is GNU ld... checking for dlfcn.h... yes
checking for BSD- or MS-compatible name lister (nm)... nm
checking the name lister (nm) interface... x86_64-pc-linux-gnu
checking for x86_64-linux-gnu-ranlib... ranlib
checking for library containing strerror... if [ x"" != x ]; then \
	  gcc-4.7 -c -DHAVE_CONFIG_H -m32  -I. -I../.././../binutils/binutils-2.23.1/libiberty/../include  -W -Wall -Wwrite-strings -Wc++-compat -Wstrict-prototypes -pedantic   ../.././../binutils/binutils-2.23.1/libiberty/hex.c -o pic/hex.o; \
	else true; fi
no
checking how to run the C preprocessor... yes
yes
yes
gcc-4.7 -c -DHAVE_CONFIG_H -m32  -I. -I../.././../binutils/binutils-2.23.1/libiberty/../include  -W -Wall -Wwrite-strings -Wc++-compat -Wstrict-prototypes -pedantic  ../.././../binutils/binutils-2.23.1/libiberty/hex.c -o hex.o
-lrt
checking for vsnprintf... yes
checking for objdir... checking for objdir... checking for objdir... .libs
.libs
none required
checking how to run the C preprocessor... checking for sysconf... BSD nm
checking whether ln -s works... yes
checking the maximum length of command line arguments... .libs
3458764513820540925
checking whether the shell understands some XSI constructs... yes
checking whether the shell understands "+="... yes
gcc-4.7 -E
checking for ld option to reload object files... -r
checking for x86_64-linux-gnu-objdump... objdump
checking how to recognize dependent libraries... pass_all
checking for x86_64-linux-gnu-ar... ar
checking for x86_64-linux-gnu-strip... no
checking for strip... strip
checking for x86_64-linux-gnu-ranlib... ranlib
checking command to parse nm output from gcc-4.7 object... if [ x"" != x ]; then \
	  gcc-4.7 -c -DHAVE_CONFIG_H -m32  -I. -I../.././../binutils/binutils-2.23.1/libiberty/../include  -W -Wall -Wwrite-strings -Wc++-compat -Wstrict-prototypes -pedantic   ../.././../binutils/binutils-2.23.1/libiberty/lbasename.c -o pic/lbasename.o; \
	else true; fi
gcc-4.7 -c -DHAVE_CONFIG_H -m32  -I. -I../.././../binutils/binutils-2.23.1/libiberty/../include  -W -Wall -Wwrite-strings -Wc++-compat -Wstrict-prototypes -pedantic  ../.././../binutils/binutils-2.23.1/libiberty/lbasename.c -o lbasename.o
yes
gcc-4.7 -E
checking whether gcc-4.7 supports -W... checking for a thread-safe mkdir -p... /bin/mkdir -p
checking for gawk... gawk
checking whether make sets $(MAKE)... yes
yes
if [ x"" != x ]; then \
	  gcc-4.7 -c -DHAVE_CONFIG_H -m32  -I. -I../.././../binutils/binutils-2.23.1/libiberty/../include  -W -Wall -Wwrite-strings -Wc++-compat -Wstrict-prototypes -pedantic   ../.././../binutils/binutils-2.23.1/libiberty/lrealpath.c -o pic/lrealpath.o; \
	else true; fi
checking for style of include used by make... gcc-4.7 -c -DHAVE_CONFIG_H -m32  -I. -I../.././../binutils/binutils-2.23.1/libiberty/../include  -W -Wall -Wwrite-strings -Wc++-compat -Wstrict-prototypes -pedantic  ../.././../binutils/binutils-2.23.1/libiberty/lrealpath.c -o lrealpath.o
yes
checking whether vsnprintf works... yes
GNU
checking for sysctl... checking dependency style of gcc-4.7... checking for grep that handles long lines and -e... checking whether gcc-4.7 supports -Wall... /bin/grep
checking for egrep... /bin/grep -E
checking for ANSI C header files... checking if gcc-4.7 supports -fno-rtti -fno-exceptions... checking if gcc-4.7 supports -fno-rtti -fno-exceptions... if [ x"" != x ]; then \
	  gcc-4.7 -c -DHAVE_CONFIG_H -m32  -I. -I../.././../binutils/binutils-2.23.1/libiberty/../include  -W -Wall -Wwrite-strings -Wc++-compat -Wstrict-prototypes -pedantic   ../.././../binutils/binutils-2.23.1/libiberty/make-relative-prefix.c -o pic/make-relative-prefix.o; \
	else true; fi
gcc-4.7 -c -DHAVE_CONFIG_H -m32  -I. -I../.././../binutils/binutils-2.23.1/libiberty/../include  -W -Wall -Wwrite-strings -Wc++-compat -Wstrict-prototypes -pedantic  ../.././../binutils/binutils-2.23.1/libiberty/make-relative-prefix.c -o make-relative-prefix.o
checking if gcc-4.7 supports -fno-rtti -fno-exceptions... yes
ok
checking whether gcc-4.7 supports -Wwrite-strings... yes
no
checking for gcc-4.7 option to produce PIC... -fPIC -DPIC
checking if gcc-4.7 PIC flag -fPIC -DPIC works... no
checking for gcc-4.7 option to produce PIC... -fPIC -DPIC
checking if gcc-4.7 PIC flag -fPIC -DPIC works... no
checking for gcc-4.7 option to produce PIC... -fPIC -DPIC
checking if gcc-4.7 PIC flag -fPIC -DPIC works... checking for sysmp... gcc3
checking for x86_64-pc-linux-gnu-ar... ar
checking for x86_64-pc-linux-gnu-ranlib... ranlib
checking for x86_64-pc-linux-gnu-gcc... (cached) gcc-4.7
checking for dlfcn.h... yes
checking whether gcc-4.7 supports -Wc++-compat... G_H -m32  -I. -I../.././../binutils/binutils-2.23.1/libiberty/../include  -W -Wall -Wwrite-strings -Wc++-compat -Wstrict-prototypes -pedantic   ../.././../binutils/binutils-2.23.1/libiberty/make-temp-file.c -o pic/make-temp-file.o; \
	else true; fi
gcc-4.7 -c -DHAVE_CONFIG_H -m32  -I. -I../.././../binutils/binutils-2.23.1/libiberty/../include  -W -Wall -Wwrite-strings -Wc++-compat -Wstrict-prototypes -pedantic  ../.././../binutils/binutils-2.23.1/libiberty/make-temp-file.c -o make-temp-file.o
yes
checking if gcc-4.7 static flag -static works... yes
checking if gcc-4.7 static flag -static works... checking whether we are using the GNU C compiler... (cached) yes
checking whether gcc-4.7 accepts -g... (cached) yes
checking for gcc-4.7 option to accept ISO C89... (cached) none needed
checking how to run the C preprocessor... yes
checking if gcc-4.7 static flag -static works... yes
checking whether gcc-4.7 supports -Wstrict-prototypes... yes
no
checking for objdir... checking for table... .libs
yes
checking whether sscanf needs writable input... no
if [ x"" != x ]; then \
	  gcc-4.7 -c -DHAVE_CONFIG_H -m32  -I. -I../.././../binutils/binutils-2.23.1/libiberty/../include  -W -Wall -Wwrite-strings -Wc++-compat -Wstrict-prototypes -pedantic   ../.././../binutils/binutils-2.23.1/libiberty/objalloc.c -o pic/objalloc.o; \
	else true; fi
checking for struct pst_processor.psp_iticksperclktick... gcc-4.7 -c -DHAVE_CONFIG_H -m32  -I. -I../.././../binutils/binutils-2.23.1/libiberty/../include  -W -Wall -Wwrite-strings -Wc++-compat -Wstrict-prototypes -pedantic  ../.././../binutils/binutils-2.23.1/libiberty/objalloc.c -o objalloc.o
gcc-4.7 -E
yes
checking for an ANSI C-conforming const... yes
checking whether gcc-4.7 supports -pedantic ... if [ x"" != x ]; then \
	  gcc-4.7 -c -DHAVE_CONFIG_H -m32  -I. -I../.././../binutils/binutils-2.23.1/libiberty/../include  -W -Wall -Wwrite-strings -Wc++-compat -Wstrict-prototypes -pedantic   ../.././../binutils/binutils-2.23.1/libiberty/obstack.c -o pic/obstack.o; \
	else true; fi
gcc-4.7 -c -DHAVE_CONFIG_H -m32  -I. -I../.././../binutils/binutils-2.23.1/libiberty/../include  -W -Wall -Wwrite-strings -Wc++-compat -Wstrict-prototypes -pedantic  ../.././../binutils/binutils-2.23.1/libiberty/obstack.c -o obstack.o
yes
checking for inline... yes
checking if gcc-4.7 supports -c -o file.o... yes
checking if gcc-4.7 supports -c -o file.o... checking for grep that handles long lines and -e... yes
checking whether gcc-4.7 and cc understand -c and -o together... /bin/grep
checking for egrep... /bin/grep -E
checking for ANSI C header files... if [ x"" != x ]; then \
	  gcc-4.7 -c -DHAVE_CONFIG_H -m32  -I. -I../.././../binutils/binutils-2.23.1/libiberty/../include  -W -Wall -Wwrite-strings -Wc++-compat -Wstrict-prototypes -pedantic   ../.././../binutils/binutils-2.23.1/libiberty/partition.c -o pic/partition.o; \
	else true; fi
gcc-4.7 -c -DHAVE_CONFIG_H -m32  -I. -I../.././../binutils/binutils-2.23.1/libiberty/../include  -W -Wall -Wwrite-strings -Wc++-compat -Wstrict-prototypes -pedantic  ../.././../binutils/binutils-2.23.1/libiberty/partition.c -o partition.o
yes
checking if gcc-4.7 supports -c -o file.o... inline
no
checking for sys/types.h... checking if gcc-4.7 supports -fno-rtti -fno-exceptions... checking for times... yes
checking if gcc-4.7 supports -c -o file.o... (cached) yes
checking whether the gcc-4.7 linker (ld -m elf_x86_64) supports shared libraries... no
if [ x"" != x ]; then \
	  gcc-4.7 -c -DHAVE_CONFIG_H -m32  -I. -I../.././../binutils/binutils-2.23.1/libiberty/../include  -W -Wall -Wwrite-strings -Wc++-compat -Wstrict-prototypes -pedantic   ../.././../binutils/binutils-2.23.1/libiberty/pexecute.c -o pic/pexecute.o; \
	else true; fi
yes
checking if gcc-4.7 supports -c -o file.o... (cached) yes
checking whether the gcc-4.7 linker (ld -m elf_x86_64) supports shared libraries... yes
checking dynamic linker characteristics... no
checking for gcc-4.7 option to produce PIC... -fPIC -DPIC
checking if gcc-4.7 PIC flag -fPIC -DPIC works... gcc-4.7 -c -DHAVE_CONFIG_H -m32  -I. -I../.././../binutils/binutils-2.23.1/libiberty/../include  -W -Wall -Wwrite-strings -Wc++-compat -Wstrict-prototypes -pedantic  ../.././../binutils/binutils-2.23.1/libiberty/pexecute.c -o pexecute.o
yes
yes
checking if gcc-4.7 supports -c -o file.o... (cached) yes
checking whether the gcc-4.7 linker (ld -m elf_x86_64) supports shared libraries... yes
checking dynamic linker characteristics... checking for sys/stat.h... yes
yes
checking dynamic linker characteristics... if [ x"" != x ]; then \
	  gcc-4.7 -c -DHAVE_CONFIG_H -m32  -I. -I../.././../binutils/binutils-2.23.1/libiberty/../include  -W -Wall -Wwrite-strings -Wc++-compat -Wstrict-prototypes -pedantic   ../.././../binutils/binutils-2.23.1/libiberty/physmem.c -o pic/physmem.o; \
	else true; fi
yes
checking if gcc-4.7 static flag -static works... checking for wait3... gcc-4.7 -c -DHAVE_CONFIG_H -m32  -I. -I../.././../binutils/binutils-2.23.1/libiberty/../include  -W -Wall -Wwrite-strings -Wc++-compat -Wstrict-prototypes -pedantic  ../.././../binutils/binutils-2.23.1/libiberty/physmem.c -o physmem.o
yes
yes
checking for sys/types.h... checking for stdlib.h... if [ x"" != x ]; then \
	  gcc-4.7 -c -DHAVE_CONFIG_H -m32  -I. -I../.././../binutils/binutils-2.23.1/libiberty/../include  -W -Wall -Wwrite-strings -Wc++-compat -Wstrict-prototypes -pedantic   ../.././../binutils/binutils-2.23.1/libiberty/pex-common.c -o pic/pex-common.o; \
	else true; fi
gcc-4.7 -c -DHAVE_CONFIG_H -m32  -I. -I../.././../binutils/binutils-2.23.1/libiberty/../include  -W -Wall -Wwrite-strings -Wc++-compat -Wstrict-prototypes -pedantic  ../.././../binutils/binutils-2.23.1/libiberty/pex-common.c -o pex-common.o
yes
GNU/Linux ld.so
checking how to hardcode library paths into programs... immediate
checking whether stripping libraries is possible... checking for an ANSI C-conforming const... yes
yes
checking if libtool supports shared libraries... yes
checking whether to build shared libraries... no
checking whether to build static libraries... yes
GNU/Linux ld.so
checking how to hardcode library paths into programs... immediate
checking whether stripping libraries is possible... yes
checking if libtool supports shared libraries... yes
checking whether to build shared libraries... no
checking whether to build static libraries... yes
checking for wait4... yes
Setting warning flags = -W -Wall -Wstrict-prototypes -Wmissing-prototypes -Wshadow -Werror
checking whether byte ordering is bigendian... GNU/Linux ld.so
checking how to hardcode library paths into programs... immediate
checking whether stripping libraries is possible... Setting warning flags = -W -Wall -Wstrict-prototypes -Wmissing-prototypes -Wshadow -Werror
checking for bison... bison -y
checking for flex... flex
yes
checking if libtool supports shared libraries... yes
checking whether to build shared libraries... no
checking whether to build static libraries... yes
yes
checking for setmode... checking for sys/stat.h... yes
checking for inline... checking for string.h... checking lex output file root... lex.yy
checking lex library... yes
checking if gcc-4.7 supports -c -o file.o... inline
checking for grep that handles long lines and -e... yes
/bin/grep
checking for egrep... if [ x"" != x ]; then \
	  gcc-4.7 -c -DHAVE_CONFIG_H -m32  -I. -I../.././../binutils/binutils-2.23.1/libiberty/../include  -W -Wall -Wwrite-strings -Wc++-compat -Wstrict-prototypes -pedantic   ../.././../binutils/binutils-2.23.1/libiberty/pex-one.c -o pic/pex-one.o; \
	else true; fi
/bin/grep -E
checking for ANSI C header files... yes
checking for stdlib.h... gcc-4.7 -c -DHAVE_CONFIG_H -m32  -I. -I../.././../binutils/binutils-2.23.1/libiberty/../include  -W -Wall -Wwrite-strings -Wc++-compat -Wstrict-prototypes -pedantic  ../.././../binutils/binutils-2.23.1/libiberty/pex-one.c -o pex-one.o
yes
no
checking whether NLS is requested... no
checking whether NLS is requested... no
checking whether basename is declared... checking for memory.h... checking for msgfmt... yes
checking if gcc-4.7 supports -c -o file.o... (cached) yes
checking whether the gcc-4.7 linker (ld -m elf_x86_64) supports shared libraries... if [ x"" != x ]; then \
	  gcc-4.7 -c -DHAVE_CONFIG_H -m32  -I. -I../.././../binutils/binutils-2.23.1/libiberty/../include  -W -Wall -Wwrite-strings -Wc++-compat -Wstrict-prototypes -pedantic   ../.././../binutils/binutils-2.23.1/libiberty/pex-unix.c -o pic/pex-unix.o; \
	else true; fi
/usr/bin/msgfmt
checking for gmsgfmt... gcc-4.7 -c -DHAVE_CONFIG_H -m32  -I. -I../.././../binutils/binutils-2.23.1/libiberty/../include  -W -Wall -Wwrite-strings -Wc++-compat -Wstrict-prototypes -pedantic  ../.././../binutils/binutils-2.23.1/libiberty/pex-unix.c -o pex-unix.o
/usr/bin/msgfmt
yes
checking for xgettext... /usr/bin/xgettext
yes
checking dynamic linker characteristics... checking for string.h... no
checking for msgmerge... /usr/bin/msgmerge
yes
no
yes
checking for strings.h... checking for bison... bison -y
checking for flex... flex
checking for memory.h... checking whether to enable maintainer-specific portions of Makefiles... no
checking sys/gmon_out.h usability... checking whether ffs is declared... if [ x"" != x ]; then \
	  gcc-4.7 -c -DHAVE_CONFIG_H -m32  -I. -I../.././../binutils/binutils-2.23.1/libiberty/../include  -W -Wall -Wwrite-strings -Wc++-compat -Wstrict-prototypes -pedantic   ../.././../binutils/binutils-2.23.1/libiberty/safe-ctype.c -o pic/safe-ctype.o; \
	else true; fi
gcc-4.7 -c -DHAVE_CONFIG_H -m32  -I. -I../.././../binutils/binutils-2.23.1/libiberty/../include  -W -Wall -Wwrite-strings -Wc++-compat -Wstrict-prototypes -pedantic  ../.././../binutils/binutils-2.23.1/libiberty/safe-ctype.c -o safe-ctype.o
checking lex output file root... lex.yy
checking lex library... if [ x"" != x ]; then \
	  gcc-4.7 -c -DHAVE_CONFIG_H -m32  -I. -I../.././../binutils/binutils-2.23.1/libiberty/../include  -W -Wall -Wwrite-strings -Wc++-compat -Wstrict-prototypes -pedantic   ../.././../binutils/binutils-2.23.1/libiberty/simple-object.c -o pic/simple-object.o; \
	else true; fi
gcc-4.7 -c -DHAVE_CONFIG_H -m32  -I. -I../.././../binutils/binutils-2.23.1/libiberty/../include  -W -Wall -Wwrite-strings -Wc++-compat -Wstrict-prototypes -pedantic  ../.././../binutils/binutils-2.23.1/libiberty/simple-object.c -o simple-object.o
yes
yes
yes
checking sys/gmon_out.h presence... yes
checking for inttypes.h... checking whether asprintf is declared... yes
GNU/Linux ld.so
checking how to hardcode library paths into programs... yes
immediate
checking whether stripping libraries is possible... checking for a known getopt prototype in unistd.h... yes
checking if libtool supports shared libraries... yes
checking whether to build shared libraries... no
checking whether to build static libraries... yes
checking for strings.h... checking how to run the C++ preprocessor... yes
checking for sys/types.h... yes
yes
checking for library containing fabs... g++-4.7 -E
if [ x"" != x ]; then \
	  gcc-4.7 -c -DHAVE_CONFIG_H -m32  -I. -I../.././../binutils/binutils-2.23.1/libiberty/../include  -W -Wall -Wwrite-strings -Wc++-compat -Wstrict-prototypes -pedantic   ../.././../binutils/binutils-2.23.1/libiberty/simple-object-coff.c -o pic/simple-object-coff.o; \
	else true; fi
checking for sys/stat.h... yes
gcc-4.7 -c -DHAVE_CONFIG_H -m32  -I. -I../.././../binutils/binutils-2.23.1/libiberty/../include  -W -Wall -Wwrite-strings -Wc++-compat -Wstrict-prototypes -pedantic  ../.././../binutils/binutils-2.23.1/libiberty/simple-object-coff.c -o simple-object-coff.o
no
checking for stdint.h... yes
yes
checking whether vasprintf is declared... checking for stdlib.h... yes
checking for inttypes.h... yes
no
checking for string.h... checking for unistd.h... checking whether snprintf is declared... yes
if [ x"" != x ]; then \
	  gcc-4.7 -c -DHAVE_CONFIG_H -m32  -I. -I../.././../binutils/binutils-2.23.1/libiberty/../include  -W -Wall -Wwrite-strings -Wc++-compat -Wstrict-prototypes -pedantic   ../.././../binutils/binutils-2.23.1/libiberty/simple-object-elf.c -o pic/simple-object-elf.o; \
	else true; fi
gcc-4.7 -c -DHAVE_CONFIG_H -m32  -I. -I../.././../binutils/binutils-2.23.1/libiberty/../include  -W -Wall -Wwrite-strings -Wc++-compat -Wstrict-prototypes -pedantic  ../.././../binutils/binutils-2.23.1/libiberty/simple-object-elf.c -o simple-object-elf.o
yes
checking for memory.h... checking for stdint.h... yes
-lm
Setting warning flags = -W -Wall -Wstrict-prototypes -Wmissing-prototypes -Wshadow -Werror
yes
yes
yes
checking whether vsnprintf is declared... checking for off_t... checking for strings.h... checking for ld used by g++-4.7... ld -m elf_x86_64
checking if the linker (ld -m elf_x86_64) is GNU ld... checking for unistd.h... yes
checking whether the g++-4.7 linker (ld -m elf_x86_64) supports shared libraries... yes
yes
configure: updating cache ./config.cache
yes
checking for inttypes.h... checking minix/config.h usability... configure: creating ./config.status
yes
checking whether calloc is declared... if [ x"" != x ]; then \
	  gcc-4.7 -c -DHAVE_CONFIG_H -m32  -I. -I../.././../binutils/binutils-2.23.1/libiberty/../include  -W -Wall -Wwrite-strings -Wc++-compat -Wstrict-prototypes -pedantic   ../.././../binutils/binutils-2.23.1/libiberty/simple-object-mach-o.c -o pic/simple-object-mach-o.o; \
	else true; fi
gcc-4.7 -c -DHAVE_CONFIG_H -m32  -I. -I../.././../binutils/binutils-2.23.1/libiberty/../include  -W -Wall -Wwrite-strings -Wc++-compat -Wstrict-prototypes -pedantic  ../.././../binutils/binutils-2.23.1/libiberty/simple-object-mach-o.c -o simple-object-mach-o.o
yes
checking for g++-4.7 option to produce PIC... -fPIC -DPIC
checking if g++-4.7 PIC flag -fPIC -DPIC works... checking for stdint.h... yes
checking for size_t... yes
checking for unistd.h... yes
yes
checking if g++-4.7 static flag -static works... yes
checking whether getenv is declared... checking whether byte ordering is bigendian... no
checking minix/config.h presence... no
checking for minix/config.h... no
checking whether it is safe to define __EXTENSIONS__... if [ x"" != x ]; then \
	  gcc-4.7 -c -DHAVE_CONFIG_H -m32  -I. -I../.././../binutils/binutils-2.23.1/libiberty/../include  -W -Wall -Wwrite-strings -Wc++-compat -Wstrict-prototypes -pedantic   ../.././../binutils/binutils-2.23.1/libiberty/sort.c -o pic/sort.o; \
	else true; fi
gcc-4.7 -c -DHAVE_CONFIG_H -m32  -I. -I../.././../binutils/binutils-2.23.1/libiberty/../include  -W -Wall -Wwrite-strings -Wc++-compat -Wstrict-prototypes -pedantic  ../.././../binutils/binutils-2.23.1/libiberty/sort.c -o sort.o
yes
yes
checking for working alloca.h... checking whether getopt is declared... yes
checking how to print strings... if [ x"" != x ]; then \
	  gcc-4.7 -c -DHAVE_CONFIG_H -m32  -I. -I../.././../binutils/binutils-2.23.1/libiberty/../include  -W -Wall -Wwrite-strings -Wc++-compat -Wstrict-prototypes -pedantic   ../.././../binutils/binutils-2.23.1/libiberty/spaces.c -o pic/spaces.o; \
	else true; fi
gcc-4.7 -c -DHAVE_CONFIG_H -m32  -I. -I../.././../binutils/binutils-2.23.1/libiberty/../include  -W -Wall -Wwrite-strings -Wc++-compat -Wstrict-prototypes -pedantic  ../.././../binutils/binutils-2.23.1/libiberty/spaces.c -o spaces.o
printf
checking for a sed that does not truncate output... yes
checking if g++-4.7 supports -c -o file.o... /bin/sed
checking for fgrep... /bin/grep -F
checking for ld used by gcc-4.7... ld
checking if the linker (ld) is GNU ld... yes
checking for BSD- or MS-compatible name lister (nm)... nm
checking the name lister (nm) interface... if [ x"" != x ]; then \
	  gcc-4.7 -c -DHAVE_CONFIG_H -m32  -I. -I../.././../binutils/binutils-2.23.1/libiberty/../include  -W -Wall -Wwrite-strings -Wc++-compat -Wstrict-prototypes -pedantic   ../.././../binutils/binutils-2.23.1/libiberty/splay-tree.c -o pic/splay-tree.o; \
	else true; fi
gcc-4.7 -c -DHAVE_CONFIG_H -m32  -I. -I../.././../binutils/binutils-2.23.1/libiberty/../include  -W -Wall -Wwrite-strings -Wc++-compat -Wstrict-prototypes -pedantic  ../.././../binutils/binutils-2.23.1/libiberty/splay-tree.c -o splay-tree.o
yes
checking for alloca... no
checking for a BSD-compatible install... /usr/bin/install -c
yes
checking whether malloc is declared... yes
checking if g++-4.7 supports -c -o file.o... (cached) yes
checking whether the g++-4.7 linker (ld -m elf_x86_64) supports shared libraries... yes
checking dynamic linker characteristics... (cached) BSD nm
checking whether ln -s works... yes
checking the maximum length of command line arguments... GNU/Linux ld.so
checking how to hardcode library paths into programs... immediate
checking for sys/file.h... checking whether NLS is requested... no
checking whether NLS is requested... no
3458764513820540925
checking whether the shell understands some XSI constructs... yes
checking whether the shell understands "+="... checking for msgfmt... yes
yes
/usr/bin/msgfmt
checking for gmsgfmt... /usr/bin/msgfmt
checking for ld option to reload object files... -r
checking for x86_64-pc-linux-gnu-objdump... objdump
yes
checking how to recognize dependent libraries... pass_all
checking for x86_64-pc-linux-gnu-ar... (cached) ar
checking for xgettext... /usr/bin/xgettext
checking for x86_64-pc-linux-gnu-strip... no
checking for strip... strip
checking for x86_64-pc-linux-gnu-ranlib... (cached) ranlib
checking command to parse nm output from gcc-4.7 object... checking for stdlib.h... (cached) yes
checking for msgmerge... if [ x"" != x ]; then \
	  gcc-4.7 -c -DHAVE_CONFIG_H -m32  -I. -I../.././../binutils/binutils-2.23.1/libiberty/../include  -W -Wall -Wwrite-strings -Wc++-compat -Wstrict-prototypes -pedantic   ../.././../binutils/binutils-2.23.1/libiberty/stack-limit.c -o pic/stack-limit.o; \
	else true; fi
checking for sys/param.h... gcc-4.7 -c -DHAVE_CONFIG_H -m32  -I. -I../.././../binutils/binutils-2.23.1/libiberty/../include  -W -Wall -Wwrite-strings -Wc++-compat -Wstrict-prototypes -pedantic  ../.././../binutils/binutils-2.23.1/libiberty/stack-limit.c -o stack-limit.o
checking for unistd.h... (cached) yes
-lfl
checking whether yytext is a pointer... /usr/bin/msgmerge
checking for getpagesize... yes
yes
../.././../binutils/binutils-2.23.1/libiberty/stack-limit.c: In function ‘stack_limit_increase’:
../.././../binutils/binutils-2.23.1/libiberty/stack-limit.c:53:27: warning: use of C99 long long integer constant [-Wlong-long]
../.././../binutils/binutils-2.23.1/libiberty/stack-limit.c:55:28: warning: use of C99 long long integer constant [-Wlong-long]
../.././../binutils/binutils-2.23.1/libiberty/stack-limit.c:58:28: warning: use of C99 long long integer constant [-Wlong-long]
checking whether realloc is declared... checking for limits.h... if [ x"" != x ]; then \
	  gcc-4.7 -c -DHAVE_CONFIG_H -m32  -I. -I../.././../binutils/binutils-2.23.1/libiberty/../include  -W -Wall -Wwrite-strings -Wc++-compat -Wstrict-prototypes -pedantic   ../.././../binutils/binutils-2.23.1/libiberty/strerror.c -o pic/strerror.o; \
	else true; fi
checking for bison... bison -y
checking for flex... flex
gcc-4.7 -c -DHAVE_CONFIG_H -m32  -I. -I../.././../binutils/binutils-2.23.1/libiberty/../include  -W -Wall -Wwrite-strings -Wc++-compat -Wstrict-prototypes -pedantic  ../.././../binutils/binutils-2.23.1/libiberty/strerror.c -o strerror.o
yes
checking lex output file root... lex.yy
checking lex library... checking for stdlib.h... (cached) yes
yes
checking for working mmap... if [ x"" != x ]; then \
	  gcc-4.7 -c -DHAVE_CONFIG_H -m32  -I. -I../.././../binutils/binutils-2.23.1/libiberty/../include  -W -Wall -Wwrite-strings -Wc++-compat -Wstrict-prototypes -pedantic   ../.././../binutils/binutils-2.23.1/libiberty/strsignal.c -o pic/strsignal.o; \
	else true; fi
gcc-4.7 -c -DHAVE_CONFIG_H -m32  -I. -I../.././../binutils/binutils-2.23.1/libiberty/../include  -W -Wall -Wwrite-strings -Wc++-compat -Wstrict-prototypes -pedantic  ../.././../binutils/binutils-2.23.1/libiberty/strsignal.c -o strsignal.o
yes
checking whether sbrk is declared... checking for malloc.h... ok
yes
checking for string.h... (cached) yes
checking for dlfcn.h... if [ x"" != x ]; then \
	  gcc-4.7 -c -DHAVE_CONFIG_H -m32  -I. -I../.././../binutils/binutils-2.23.1/libiberty/../include  -W -Wall -Wwrite-strings -Wc++-compat -Wstrict-prototypes -pedantic   ../.././../binutils/binutils-2.23.1/libiberty/timeval-utils.c -o pic/timeval-utils.o; \
	else true; fi
gcc-4.7 -c -DHAVE_CONFIG_H -m32  -I. -I../.././../binutils/binutils-2.23.1/libiberty/../include  -W -Wall -Wwrite-strings -Wc++-compat -Wstrict-prototypes -pedantic  ../.././../binutils/binutils-2.23.1/libiberty/timeval-utils.c -o timeval-utils.o
-lfl
checking whether yytext is a pointer... checking for unistd.h... (cached) yes
yes
checking whether strverscmp is declared... checking for strings.h... (cached) yes
yes
checking for objdir... if [ x"" != x ]; then \
	  gcc-4.7 -c -DHAVE_CONFIG_H -m32  -I. -I../.././../binutils/binutils-2.23.1/libiberty/../include  -W -Wall -Wwrite-strings -Wc++-compat -Wstrict-prototypes -pedantic   ../.././../binutils/binutils-2.23.1/libiberty/unlink-if-ordinary.c -o pic/unlink-if-ordinary.o; \
	else true; fi
gcc-4.7 -c -DHAVE_CONFIG_H -m32  -I. -I../.././../binutils/binutils-2.23.1/libiberty/../include  -W -Wall -Wwrite-strings -Wc++-compat -Wstrict-prototypes -pedantic  ../.././../binutils/binutils-2.23.1/libiberty/unlink-if-ordinary.c -o unlink-if-ordinary.o
.libs
checking for sys/time.h... yes
yes
checking whether we are using the GNU C Library 2.1 or newer... checking for time.h... yes
yes
checking whether integer division by zero raises SIGFPE... if [ x"" != x ]; then \
	  gcc-4.7 -c -DHAVE_CONFIG_H -m32  -I. -I../.././../binutils/binutils-2.23.1/libiberty/../include  -W -Wall -Wwrite-strings -Wc++-compat -Wstrict-prototypes -pedantic   ../.././../binutils/binutils-2.23.1/libiberty/xatexit.c -o pic/xatexit.o; \
	else true; fi
checking for sys/resource.h... no
gcc-4.7 -c -DHAVE_CONFIG_H -m32  -I. -I../.././../binutils/binutils-2.23.1/libiberty/../include  -W -Wall -Wwrite-strings -Wc++-compat -Wstrict-prototypes -pedantic  ../.././../binutils/binutils-2.23.1/libiberty/xatexit.c -o xatexit.o
checking whether canonicalize_file_name must be declared... yes
checking for sys/stat.h... (cached) yes
if [ x"" != x ]; then \
	  gcc-4.7 -c -DHAVE_CONFIG_H -m32  -I. -I../.././../binutils/binutils-2.23.1/libiberty/../include  -W -Wall -Wwrite-strings -Wc++-compat -Wstrict-prototypes -pedantic   ../.././../binutils/binutils-2.23.1/libiberty/xexit.c -o pic/xexit.o; \
	else true; fi
gcc-4.7 -c -DHAVE_CONFIG_H -m32  -I. -I../.././../binutils/binutils-2.23.1/libiberty/../include  -W -Wall -Wwrite-strings -Wc++-compat -Wstrict-prototypes -pedantic  ../.././../binutils/binutils-2.23.1/libiberty/xexit.c -o xexit.o
checking for sys/mman.h... checking if gcc-4.7 supports -fno-rtti -fno-exceptions... yes
yes
checking for inttypes.h... yes
checking for stdlib.h... (cached) yes
checking for fcntl.h... checking for unistd.h... (cached) yes
if [ x"" != x ]; then \
	  gcc-4.7 -c -DHAVE_CONFIG_H -m32  -I. -I../.././../binutils/binutils-2.23.1/libiberty/../include  -W -Wall -Wwrite-strings -Wc++-compat -Wstrict-prototypes -pedantic   ../.././../binutils/binutils-2.23.1/libiberty/xmalloc.c -o pic/xmalloc.o; \
	else true; fi
checking for getpagesize... (cached) yes
gcc-4.7 -c -DHAVE_CONFIG_H -m32  -I. -I../.././../binutils/binutils-2.23.1/libiberty/../include  -W -Wall -Wwrite-strings -Wc++-compat -Wstrict-prototypes -pedantic  ../.././../binutils/binutils-2.23.1/libiberty/xmalloc.c -o xmalloc.o
checking for working mmap... yes
no
checking for gcc-4.7 option to produce PIC... -fPIC -DPIC
checking if gcc-4.7 PIC flag -fPIC -DPIC works... checking for alloca.h... yes
checking for stdint.h... yes
if [ x"" != x ]; then \
	  gcc-4.7 -c -DHAVE_CONFIG_H -m32  -I. -I../.././../binutils/binutils-2.23.1/libiberty/../include  -W -Wall -Wwrite-strings -Wc++-compat -Wstrict-prototypes -pedantic   ../.././../binutils/binutils-2.23.1/libiberty/xmemdup.c -o pic/xmemdup.o; \
	else true; fi
yes
checking if gcc-4.7 static flag -static works... gcc-4.7 -c -DHAVE_CONFIG_H -m32  -I. -I../.././../binutils/binutils-2.23.1/libiberty/../include  -W -Wall -Wwrite-strings -Wc++-compat -Wstrict-prototypes -pedantic  ../.././../binutils/binutils-2.23.1/libiberty/xmemdup.c -o xmemdup.o
checking for sys/pstat.h... yes
checking for unsigned long long... if [ x"" != x ]; then \
	  gcc-4.7 -c -DHAVE_CONFIG_H -m32  -I. -I../.././../binutils/binutils-2.23.1/libiberty/../include  -W -Wall -Wwrite-strings -Wc++-compat -Wstrict-prototypes -pedantic   ../.././../binutils/binutils-2.23.1/libiberty/xstrdup.c -o pic/xstrdup.o; \
	else true; fi
gcc-4.7 -c -DHAVE_CONFIG_H -m32  -I. -I../.././../binutils/binutils-2.23.1/libiberty/../include  -W -Wall -Wwrite-strings -Wc++-compat -Wstrict-prototypes -pedantic  ../.././../binutils/binutils-2.23.1/libiberty/xstrdup.c -o xstrdup.o
no
yes
checking whether NLS is requested... no
checking whether NLS is requested... no
checking for msgfmt... checking for sys/sysmp.h... /usr/bin/msgfmt
checking for gmsgfmt... /usr/bin/msgfmt
checking for xgettext... /usr/bin/xgettext
if [ x"" != x ]; then \
	  gcc-4.7 -c -DHAVE_CONFIG_H -m32  -I. -I../.././../binutils/binutils-2.23.1/libiberty/../include  -W -Wall -Wwrite-strings -Wc++-compat -Wstrict-prototypes -pedantic   ../.././../binutils/binutils-2.23.1/libiberty/xstrerror.c -o pic/xstrerror.o; \
	else true; fi
checking for msgmerge... no
gcc-4.7 -c -DHAVE_CONFIG_H -m32  -I. -I../.././../binutils/binutils-2.23.1/libiberty/../include  -W -Wall -Wwrite-strings -Wc++-compat -Wstrict-prototypes -pedantic  ../.././../binutils/binutils-2.23.1/libiberty/xstrerror.c -o xstrerror.o
checking for sys/sysinfo.h... yes
/usr/bin/msgmerge
checking for inttypes.h... yes
yes
checking if gcc-4.7 supports -c -o file.o... yes
checking for working strncmp... checking for machine/hal_sysinfo.h... checking whether to enable maintainer-specific portions of Makefiles... no
checking for x86_64-linux-gnu-ranlib... (cached) ranlib
if [ x"" != x ]; then \
	  gcc-4.7 -c -DHAVE_CONFIG_H -m32  -I. -I../.././../binutils/binutils-2.23.1/libiberty/../include  -W -Wall -Wwrite-strings -Wc++-compat -Wstrict-prototypes -pedantic   ../.././../binutils/binutils-2.23.1/libiberty/xstrndup.c -o pic/xstrndup.o; \
	else true; fi
gcc-4.7 -c -DHAVE_CONFIG_H -m32  -I. -I../.././../binutils/binutils-2.23.1/libiberty/../include  -W -Wall -Wwrite-strings -Wc++-compat -Wstrict-prototypes -pedantic  ../.././../binutils/binutils-2.23.1/libiberty/xstrndup.c -o xstrndup.o
checking for string.h... (cached) yes
yes
no
checking whether the inttypes.h PRIxNN macros are broken... checking for sys/table.h... checking for strings.h... (cached) yes
checking for stdlib.h... (cached) yes
yes
checking if gcc-4.7 supports -c -o file.o... (cached) yes
checking whether the gcc-4.7 linker (ld -m elf_i386) supports shared libraries... if [ x"" != x ]; then \
	  gcc-4.7 -c -DHAVE_CONFIG_H -m32  -I. -I../.././../binutils/binutils-2.23.1/libiberty/../include  -W -Wall -Wwrite-strings -Wc++-compat -Wstrict-prototypes -pedantic   ../.././../binutils/binutils-2.23.1/libiberty/setproctitle.c -o pic/setproctitle.o; \
	else true; fi
gcc-4.7 -c -DHAVE_CONFIG_H -m32  -I. -I../.././../binutils/binutils-2.23.1/libiberty/../include  -W -Wall -Wwrite-strings -Wc++-compat -Wstrict-prototypes -pedantic  ../.././../binutils/binutils-2.23.1/libiberty/setproctitle.c -o setproctitle.o
yes
checking dynamic linker characteristics... no
checking for ld used by GCC... ld
checking if the linker (ld) is GNU ld... checking for unistd.h... (cached) yes
no
checking for sys/sysctl.h... yes
checking for shared library run path origin... yes
yes
checking fcntl.h usability... checking whether NLS is requested... no
checking whether NLS is requested... no
checking for msgfmt... yes
rm -f ./libiberty.a pic/./libiberty.a
ar rc ./libiberty.a \
	  ./regex.o ./cplus-dem.o ./cp-demangle.o ./md5.o ./sha1.o ./alloca.o ./argv.o ./choose-temp.o ./concat.o ./cp-demint.o ./crc32.o ./dwarfnames.o ./dyn-string.o ./fdmatch.o ./fibheap.o ./filename_cmp.o ./floatformat.o ./fnmatch.o ./fopen_unlocked.o ./getopt.o ./getopt1.o ./getpwd.o ./getruntime.o ./hashtab.o ./hex.o ./lbasename.o ./lrealpath.o ./make-relative-prefix.o ./make-temp-file.o ./objalloc.o ./obstack.o ./partition.o ./pexecute.o ./physmem.o ./pex-common.o ./pex-one.o ./pex-unix.o ./safe-ctype.o ./simple-object.o ./simple-object-coff.o ./simple-object-elf.o ./simple-object-mach-o.o ./sort.o ./spaces.o ./splay-tree.o ./stack-limit.o ./strerror.o ./strsignal.o ./timeval-utils.o ./unlink-if-ordinary.o ./xatexit.o ./xexit.o ./xmalloc.o ./xmemdup.o ./xstrdup.o ./xstrerror.o ./xstrndup.o  ./setproctitle.o
/usr/bin/msgfmt
checking for gmsgfmt... /usr/bin/msgfmt
checking for sys/systemcfg.h... checking for xgettext... /usr/bin/xgettext
ranlib ./libiberty.a
checking for msgmerge... if [ x"" != x ]; then \
	  cd pic; \
	  ar rc ./libiberty.a \
	    ./regex.o ./cplus-dem.o ./cp-demangle.o ./md5.o ./sha1.o ./alloca.o ./argv.o ./choose-temp.o ./concat.o ./cp-demint.o ./crc32.o ./dwarfnames.o ./dyn-string.o ./fdmatch.o ./fibheap.o ./filename_cmp.o ./floatformat.o ./fnmatch.o ./fopen_unlocked.o ./getopt.o ./getopt1.o ./getpwd.o ./getruntime.o ./hashtab.o ./hex.o ./lbasename.o ./lrealpath.o ./make-relative-prefix.o ./make-temp-file.o ./objalloc.o ./obstack.o ./partition.o ./pexecute.o ./physmem.o ./pex-common.o ./pex-one.o ./pex-unix.o ./safe-ctype.o ./simple-object.o ./simple-object-coff.o ./simple-object-elf.o ./simple-object-mach-o.o ./sort.o ./spaces.o ./splay-tree.o ./stack-limit.o ./strerror.o ./strsignal.o ./timeval-utils.o ./unlink-if-ordinary.o ./xatexit.o ./xexit.o ./xmalloc.o ./xmemdup.o ./xstrdup.o ./xstrerror.o ./xstrndup.o  ./setproctitle.o; \
	  ranlib ./libiberty.a; \
	  cd ..; \
	else true; fi
done
make[2]: Leaving directory `/home/sparksco/android/toolchain/aosp/build/libbfd-binutils-2.23.1/libiberty'
make[1]: Nothing to be done for `all-libiberty'.
no
/usr/bin/msgmerge
checking for stdint.h... (cached) yes
checking argz.h usability... configure: updating cache ./config.cache
mkdir -p -- ./etc
Configuring in ./etc
configure: creating ./config.status
yes
checking for stdio_ext.h... checking whether to enable maintainer-specific portions of Makefiles... no
GNU/Linux ld.so
checking how to hardcode library paths into programs... immediate
checking for shl_load... yes
checking for fcntl.h... yes
yes
checking for string.h... (cached) yes
checking for process.h... checking for stdlib.h... (cached) yes
checking sys/file.h usability... no
checking for memory.h... (cached) yes
checking for strings.h... (cached) yes
checking for sys/prctl.h... yes
checking argz.h presence... checking for unistd.h... (cached) yes
yes
yes
checking for argz.h... yes
no
checking for sys/wait.h that is POSIX.1 compatible... checking for shl_load in -ldld... checking errno.h usability... checking limits.h usability... yes
checking sys/file.h presence... config.status: creating Makefile
yes
checking for sys/file.h... yes
no
checking for dlopen... config.status: creating po/Makefile.in
yes
checking whether time.h and sys/time.h may both be included... checking limits.h usability... yes
checking errno.h presence... yes
checking limits.h presence... yes
checking for limits.h... yes
yes
checking for errno.h... yes
checking locale.h usability... checking for sys/types.h... (cached) yes
config.status: creating gconfig.h
config.status: creating Makefile
checking limits.h usability... config.status: executing depfiles commands
yes
checking whether errno must be declared... yes
no
checking limits.h presence... checking for dlopen in -ldl... config.status: creating testsuite/Makefile
yes
checking for limits.h... yes
no
checking size of int... yes
checking locale.h presence... checking locale.h usability... yes
checking for locale.h... yes
config.status: creating config.h
yes
checking limits.h presence... yes
checking whether a program can dlopen itself... checking nl_types.h usability... -lfl
checking whether yytext is a pointer... configure: creating cache ./config.cache
yes
checking for limits.h... yes
checking for a BSD-compatible install... config.status: executing default commands
/usr/bin/install -c
checking locale.h usability... yes
checking locale.h presence... configure: updating cache ./config.cache
yes
checking for locale.h... yes
configure: creating ./config.status
yes
checking whether a statically linked program can dlopen itself... config.status: executing libtool commands
yes
checking nl_types.h presence... checking sys/param.h usability... 4
checking for a 64-bit type... yes
checking for nl_types.h... yes
config.status: executing default-1 commands
checking malloc.h usability... config.status: creating po/POTFILES
yes
checking locale.h presence... mkdir -p -- ./libdecnumber
uint64_t
checking for intptr_t... Configuring in ./libdecnumber
config.status: creating po/Makefile
yes
checking for locale.h... yes
checking time.h usability... yes
checking sys/param.h presence... yes
checking for sys/param.h... yes
yes
checking malloc.h presence... yes
checking for malloc.h... yes
checking wchar.h usability... no
checking whether stripping libraries is possible... yes
checking if libtool supports shared libraries... yes
checking whether to build shared libraries... no
checking whether to build static libraries... yes
checking for special C compiler options needed for large files... no
checking for _FILE_OFFSET_BITS value needed for large files... checking stddef.h usability... make[2]: Nothing to be done for `all-target'.
yes
checking time.h presence... yes
checking for time.h... yes
mkdir -p -- ./readline
Configuring in ./readline
checking for sys/stat.h... (cached) yes
config.status: creating Makefile
checking whether string.h and strings.h may both be included... yes
checking stddef.h presence... yes
checking for uintptr_t... 64
yes
checking wchar.h presence... yes
checking for stddef.h... yes
checking for stdlib.h... (cached) yes
yes
checking whether compiling a cross-assembler... yes
checking for working alloca.h... yes
checking for wchar.h... yes
Setting warning flags = -W -Wall -Wstrict-prototypes -Wmissing-prototypes -Wshadow -Werror
checking whether to enable maintainer-specific portions of Makefiles... no
checking whether to install libbfd... yes
checking whether NLS is requested... no
checking whether NLS is requested... no
checking for string.h... (cached) yes
checking for sys/wait.h that is POSIX.1 compatible... checking for msgfmt... /usr/bin/msgfmt
checking for gmsgfmt... /usr/bin/msgfmt
checking for unistd.h... (cached) yes
checking for xgettext... /usr/bin/xgettext
checking for msgmerge... checking sys/param.h usability... mkdir -p -- ./bfd
Configuring in ./bfd
yes
checking for alloca... /usr/bin/msgmerge
yes
checking whether string.h and strings.h may both be included... checking size of long long... yes
checking sys/param.h presence... yes
checking for inline... yes
checking for working alloca.h... yes
checking for sys/param.h... yes
yes
checking for ssize_t... checking for feof_unlocked... inline
checking for unlink... yes
checking whether to enable maintainer-specific portions of Makefiles... no
checking how to compare bootstrapped objects... 8
checking size of void *... configure: creating cache ./config.cache
checking whether make sets $(MAKE)... cmp --ignore-initial=16 $$f1 $$f2
yes
checking for alloca... yes
checking for x86_64-linux-gnu-gcc... gcc-4.7
checking for string.h... (cached) yes
checking for strings.h... (cached) yes
checking for stdlib.h... (cached) yes
yes
yes
checking for C compiler default output file name... checking for unistd.h... (cached) yes
checking for fgets_unlocked... checking elf-hints.h usability... checking for sbrk... yes
4
checking for sbrk... checking size of long... configure: creating cache ./config.cache
yes
checking for pid_t... a.out
checking whether the C compiler works... yes
yes
checking whether we are cross compiling... no
checking for suffix of executables... yes
checking build system type... checking for getc_unlocked... checking for setlocale... x86_64-pc-linux-gnu
checking host system type... checking for utimes... x86_64-pc-linux-gnu

Beginning configuration for readline-6.2 for x86_64-pc-linux-gnu

checking whether make sets $(MAKE)... 4

checking for suffix of object files... checking alloca.h usability... yes
configure: creating cache ./config.cache
yes
yes
checking for x86_64-linux-gnu-gcc... gcc-4.7
checking for LC_MESSAGES... checking for getcwd... checking build system type... yes
o
checking whether we are using the GNU C compiler... yes
yes
checking alloca.h presence... x86_64-pc-linux-gnu
checking host system type... checking for library containing strerror... checking for setmode... yes
checking for alloca.h... yes
checking for C compiler default output file name... no
checking elf-hints.h presence... x86_64-pc-linux-gnu
checking target system type... checking stddef.h usability... yes
checking whether gcc-4.7 accepts -g... yes
checking for working assert macro... yes
no
checking for elf-hints.h... no
checking for getegid... arm-unknown-linux-androideabi
checking for x86_64-linux-gnu-gcc... gcc-4.7
checking limits.h usability... none required
yes
checking for gcc-4.7 option to accept ISO C89... checking for asprintf... no
a.out
checking for getc_unlocked... checking whether the C compiler works... yes
checking stddef.h presence... yes
checking whether we are cross compiling... no
checking for suffix of executables... checking for C compiler default output file name... yes
checking for stddef.h... yes
chec(cached) yes
checking whether declaration is required for errno... yes
checking limits.h presence... yes
checking for strings.h... (cached) yes
none needed
checking for x86_64-linux-gnu-ranlib... ranlib
checking for aclocal... aclocal
checking for autoconf... autoconf
checking for autoheader... autoheader
yes
checking for limits.h... yes
checking for geteuid... checking whether gcc-4.7 supports -W... yes

yes
checking for stdlib.h... (cached) yes
checking for suffix of object files... a.out
checking whether the C compiler works... checking locale.h usability... yes
checking whether we are cross compiling... no
checking for suffix of executables... checking for atexit... checking time.h usability... checking for strcoll... yes
no
checking for a known getopt prototype in unistd.h... checking whether gcc-4.7 supports -Wall... o
checking whether we are using the GNU C compiler... yes
yes

yes
yes
checking whether gcc-4.7 accepts -g... checking for suffix of object files... yes
checking time.h presence... yes
checking locale.h presence... checking for getgid... checking whether gcc-4.7 supports -Wwrite-strings... checking for basename... yes
checking for locale.h... yes
yes
checking whether declaration is required for environ... yes
checking for time.h... yes
checking sys/param.h usability... yes
yes
o
checking for gcc-4.7 option to accept ISO C89... checking whether we are using the GNU C compiler... yes
checking for unistd.h... (cached) yes
checking for setlocale... checking whether gcc-4.7 supports -Wstrict-prototypes... checking fcntl.h usability... yes
yes
checking for bcmp... yes
checking whether gcc-4.7 accepts -g... checking for getuid... yes
none needed
checking how to run the C preprocessor... yes
checking sys/param.h presence... yes
checking whether gcc-4.7 supports -Wmissing-prototypes... no
checking whether declaration is required for ffs... checking for mkstemp... yes
checking fcntl.h presence... yes
checking for gcc-4.7 option to accept ISO C89... yes
checking for sys/param.h... yes
gcc-4.7 -E
checking fcntl.h usability... yes
checking for fcntl.h... yes
yes
yes
yes
checking whether gcc-4.7 supports -Wold-style-definition... checking sys/file.h usability... checking for mempcpy... checking for bcopy... checking for grep that handles long lines and -e... /bin/grep
checking for egrep... /bin/grep -E
checking for ANSI C header files... yes
checking for mkdtemp... none needed
checking for library containing strerror... yes
yes
checking sys/file.h presence... no
checking whether declaration is required for free... checking whether gcc-4.7 supports -Wmissing-format-attribute... yes
checking for sys/file.h... yes
yes
checking fcntl.h presence... yes
checking sys/time.h usability... yes
checking for bsearch... yes
checking for fcntl.h... yes
yes
checking for mbstate_t... checking for munmap... none required
checking for a BSD-compatible install... /usr/bin/install -c
checking whether build environment is sane... yes
checking whether gcc-4.7 supports -Wcast-qual... checking sys/file.h usability... yes
checking sys/time.h presence... yes
checking for library containing frexp... no
checking whether declaration is required for malloc... yes
checking for sys/time.h... yes
yes
yes
checking whether gcc-4.7 supports -pedantic -Wlong-long... checking for sys/stat.h... (cached) yes
yes
looking for a compliant stdint.h in stdint.h, checking for uintmax_t... checking for bzero... checking for putenv... yes
checking how to run the C preprocessor... yes
checking sys/file.h presence... yes
checking for sys/types.h... none required
checking for LC_MESSAGES... yes
checking for sys/file.h... yes
gcc-4.7 -E
no
checking whether declaration is required for sbrk... checking sys/time.h usability... yes
checking for uintptr_t... yes
yes
checking for grep that handles long lines and -e... yes
checking for sys/stat.h... /bin/grep
checking for egrep... /bin/grep -E
checking for ANSI C header files... yes
checking for time_t in time.h... checking for setenv... checking for calloc... yes
checking sys/time.h presence... no
checking whether declaration is required for strstr... yes
checking for time_t in sys/types.h... yes
checking for int_least32_t... yes
checking for sys/time.h... yes
yes
checking for sys/stat.h... (cached) yes
yes
checking for stdlib.h... checking whether string.h and strings.h may both be included... checking for clock... yes
checking for a known getopt prototype in unistd.h... no
yes
checking for setlocale... yes
yes
yes
checking for int_fast32_t... checking whether free is declared... checking for glob... checking for string.h... yes
checking for utime.h... yes
yes
checking for sys/types.h... checking for ffs... yes
yes
yes
checking for uint64_t... yes
checking for stpcpy... yes
checking for memory.h... checking whether fprintf is declared... yes
checking for sys/stat.h... yes
checking whether getenv is declared... checking for mkstemp... yes
yes
yes
checking what to include in bfd_stdint.h... stdint.h (already complete)
checking for getcwd... checking whether time.h and sys/time.h may both be included... yes
yes
yes
checking for strings.h... checking whether stpcpy is declared... checking for stdlib.h... checking for strcasecmp... yes
checking for dirent.h that defines DIR... yes
yes
checking whether malloc is declared... yes
yes
yes
checking for inttypes.h... yes
yes
yes
checking for string.h... checking whether strstr is declared... checking for strdup... checking for library containing opendir... checking for realpath... checking for getpagesize... yes
checking whether mempcpy is declared... yes
yes
yes
checking for stdint.h... yes
checking whether sbrk is declared... yes
checking for sbrk... checking for strtoul... none required
checking for memory.h... checking windows.h usability... yes
yes
checking for gettimeofday... yes
yes
checking whether realloc is declared... checking whether getenv is declared... yes
yes
checking for unistd.h... yes
checking for strings.h... checking for setlocale... yes
checking for tsearch... yes
yes
checking for index... checking whether stpcpy is declared... yes
checking minix/config.h usability... no
checking windows.h presence... checking for suitable m4... yes
yes
checking whether environ is declared... no
checking for windows.h... no
checking for inttypes.h... yes
m4
checking if m4wrap produces spurious output... checking for dlfcn.h... (cached) yes
checking whether string.h and strings.h may both be included... checking for __argz_count... no
checking how to switch to text section... checking for waitpid... checking for a thread-safe mkdir -p... /bin/mkdir -p
checking for gawk... gawk
checking whether make sets $(MAKE)... yes
.text
checking how to switch to data section... .data
checking for assembler label suffix... yes
checking whether strstr is declared... checking for fcntl... yes
checking for style of include used by make... GNU
checking dependency style of gcc-4.7... yes
yes
yes
yes
checking whether getc_unlocked is declared... checking for __argz_stringify... checking for insque... :
yes
checking for assembler global directive... .globl
checking for assembler global directive attribute... 
checking if globals are prefixed by underscore... checking for stdint.h... yes
gcc3
checking for x86_64-linux-gnu-ar... ar
checking for x86_64-linux-gnu-ranlib... ranlib
checking for x86_64-linux-gnu-gcc... (cached) gcc-4.7
yes
checking for open... checking whether vsnprintf is declared... no
checking minix/config.h presence... checking for getpagesize... checking whether we are using the GNU C compiler... (cached) no
yes
checking how to switch to read-only data section... checking whether gcc-4.7 accepts -g... (cached) yes
checking for gcc-4.7 option to accept ISO C89... (cached) none needed
checking how to run the C preprocessor... yes
yes
yes
no
checking for minix/config.h... no
checking whether it is safe to define __EXTENSIONS__... yes
checking for unistd.h... yes
checking whether snprintf is declared... yes
checking for memchr... checking for __argz_next... 	.section	.rodata
checking for assembler .type directive... gcc-4.7 -E
checking for lseek... checking for setitimer... yes
checking for library containing zlibVersion... yes
checking whether gcc-4.7 needs -traditional... yes
checking for grep that handles long lines and -e... .type	$1,@$2
checking for assembler .size directive... /bin/grep
checking for egrep... /bin/grep -E
checking for ANSI C header files... yes
yes
yes
no
checking for a BSD-compatible install... /usr/bin/install -c
checking for ar... ar
checking for x86_64-linux-gnu-ranlib... ranlib
checking for an ANSI C-conforming const... checking ctype.h usability... checking whether vsnprintf is declared... .size	$1,$2
checking for assembler local label prefix... checking for __fsetlocking... yes
checking for function prototypes... yes
checking whether char is unsigned... checking for memcmp... yes
yes
yes
checking for sysconf... checking for library containing zlibVersion... yes
yes
checking ctype.h presence... checking for iconv... checking for close... .L
yes
checking for ctype.h... yes
checking for assembler byte directive... no
checking for working volatile... -lz
checking zlib.h usability... checking stddef.h usability... yes
checking for memcpy... yes
checking return type of signal handlers... yes
.byte
checking how to define a 32-bit word... yes
checking for iconv declaration... checking for fdopen... yes
checking zlib.h presence... yes
.long
checking if .align assembly directive is logarithmic... yes
void
checking for size_t... yes
checking stddef.h presence... checking for sys/types.h... yes
yes
checking for stddef.h... yes
yes
no
checking for zlib.h... checking if the .align directive accepts an 0x90 fill in .text... yes
checking for dirent.h that defines DIR... checking for string.h... (cached) yes
checking for struct tm.tm_gmtoff in time.h... -lz
checking zlib.h usability... yes
install-shextern size_t iconv (iconv_t cd, char * *inbuf, size_t *inbytesleft, char * *outbuf, size_t *outbytesleft);
checking for nl_langinfo and CODESET... checking for memmem... checking stdio.h usability... checking size of void *... yes
yes
checking for library containing opendir... yes
yes
checking for struct stat.st_mtim.tv_sec in sys/stat.h... checking for getuid... yes
yes
checking zlib.h presence... yes
checking stdio.h presence... checking for sys/stat.h... yes
checking for LC_MESSAGES... checking for memmove... yes
checking for stdio.h... yes
yes
checking for zlib.h... yes
yes
checking for struct stat.st_mtim.tv_nsec in sys/stat.h... checking iconv.h usability... none required
checking for dlfcn.h... (cached) yes
checking for library containing dlopen... looking for a compliant stdint.h in stdint.h, checking for uintmax_t... yes
checking for ssize_t... yes
yes
yes
yes
checking for bison... bison
8
checking version of bison... yes
checking iconv.h presence... checking for stdlib.h... checking size of unsigned short... 2.5, ok
checking whether NLS is requested... no
checking for getgid... checking whether to use NLS... no
checking for aclocal... aclocal
checking for autoconf... autoconf
checking for autoheader... autoheader
yes
yes
checking for iconv.h... yes
checking for ld used by GCC... yes
checking for mempcpy... ld -m elf_x86_64
checking if the linker (ld -m elf_x86_64) is GNU ld... checking for string.h... yes
checking for shared library run path origin... configure: updating cache ./config.cache
configure: creating ./config.status
configure: updating cache ./config.cache
yes
checking for uintptr_t... configure: creating ./config.status
yes
-ldl
2
checking size of unsigned... yes
checking for dlopen... checking for memory.h... done
yes
checking for ANSI C header files... (cached) yes
checking whether stat file-mode macros are broken... yes
checking for fileno... checking for iconv... checking for memset... yes
checking for int_least32_t... yes
yes
no
checking for strings.h... checking for dlsym... yes
checking for dirent.h that defines DIR... checking for strtoull... yes
4
checking size of unsigned long... yes
checking for iconv declaration... checking for mkstemps... yes
checking for int_fast32_t... yes
yes
yes
checking for inttypes.h... checking for library containing opendir... yes
checking for dlclose... checking whether basename is declared... install-shextern size_t iconv (iconv_t cd, char * *inbuf, size_t *inbytesleft, char * *outbuf, size_t *outbytesleft);
yes
checking for uint64_t... yes
yes
checking for putenv... none required
yes
checking for stdint.h... checking whether ftello is declared... config.status: creating Makefile
checking for fcntl... 8
checking size of mp_limb_t... yes
checking for .preinit_array/.init_array/.fini_array support... no
checking for a known getopt prototype in unistd.h... config.status: creating config.intl
yes
config.status: creating config.h
yes
checking what to include in gstdint.h... yes
yes
stdint.h (already complete)
checking for an ANSI C-conforming const... checking for unistd.h... configure: updating cache ./config.cache
configure: creating ./config.status
checking whether strstr is declared... config.status: executing default-1 commands
checking for random... yes
yes
checking for kill... checking whether ftello64 is declared... make[3]: Entering directory `/home/sparksco/android/toolchain/aosp/build/binutils-2.23.1/libiberty'
if [ x"" != x ] && [ ! -d pic ]; then \
	  mkdir pic; \
	else true; fi
touch stamp-picdir
if [ x"" != x ]; then \
	  gcc-4.7 -c -DHAVE_CONFIG_H -g -O2  -I. -I../.././../binutils/binutils-2.23.1/libiberty/../include  -W -Wall -Wwrite-strings -Wc++-compat -Wstrict-prototypes -pedantic   ../.././../binutils/binutils-2.23.1/libiberty/dwarfnames.c -o pic/dwarfnames.o; \
	else true; fi
gcc-4.7 -c -DHAVE_CONFIG_H -g -O2  -I. -I../.././../binutils/binutils-2.23.1/libiberty/../include  -W -Wall -Wwrite-strings -Wc++-compat -Wstrict-prototypes -pedantic  ../.././../binutils/binutils-2.23.1/libiberty/dwarfnames.c -o dwarfnames.o
yes
checking for off_t... yes
yes
yes
yes
yes
8
checking whether fseeko is declared... checking whether free is declared... checking minix/config.h usability... checking for lstat... checking for rename... checking for stack_t... yes
checking whether fseeko64 is declared... yes
checking for rindex... yes
yes
checking whether sbrk is declared... yes
yes
checking for tputs in -lncurses... checking for memmove... checking whether ffs is declared... yes
checking size of int... if [ x"" != x ]; then \
	  gcc-4.7 -c -DHAVE_CONFIG_H -g -O2  -I. -I../.././../binutils/binutils-2.23.1/libiberty/../include  -W -Wall -Wwrite-strings -Wc++-compat -Wstrict-prototypes -pedantic   ../.././../binutils/binutils-2.23.1/libiberty/dyn-string.c -o pic/dyn-string.o; \
	else true; fi
gcc-4.7 -c -DHAVE_CONFIG_H -g -O2  -I. -I../.././../binutils/binutils-2.23.1/libiberty/../include  -W -Wall -Wwrite-strings -Wc++-compat -Wstrict-prototypes -pedantic  ../.././../binutils/binutils-2.23.1/libiberty/dyn-string.c -o dyn-string.o
yes
no
checking minix/config.h presence... checking for setenv... yes
yes
checking whether free is declared... checking whether getenv is declared... yes
checking for readline in -lreadline... no
checking for minix/config.h... no
checking whether it is safe to define __EXTENSIONS__... yes
checking for putenv... yes
checking whether getenv is declared... yes
yes
checking readline/readline.h usability... 4
checking for snprintf... yes
checking size of long... yes
checking how to print strings... checking whether environ is declared... yes
printf
checking for a sed that does not truncate output... yes
checking for select... /bin/sed
checking whether malloc is declared... checking for fgrep... /bin/grep -F
checking for ld used by gcc-4.7... ld
checking if the linker (ld) is GNU ld... if [ x"" != x ]; then \
	  gcc-4.7 -c -DHAVE_CONFIG_H -g -O2  -I. -I../.././../binutils/binutils-2.23.1/libiberty/../include  -W -Wall -Wwrite-strings -Wc++-compat -Wstrict-prototypes -pedantic   ../.././../binutils/binutils-2.23.1/libiberty/fdmatch.c -o pic/fdmatch.o; \
	else true; fi
gcc-4.7 -c -DHAVE_CONFIG_H -g -O2  -I. -I../.././../binutils/binutils-2.23.1/libiberty/../include  -W -Wall -Wwrite-strings -Wc++-compat -Wstrict-prototypes -pedantic  ../.././../binutils/binutils-2.23.1/libiberty/fdmatch.c -o fdmatch.o
yes
checking for BSD- or MS-compatible name lister (nm)... nm
yes
checking readline/readline.h presence... checking the name lister (nm) interface... yes
yes
checking for readline/readline.h... yes
yes
checking readline/history.h usability... yes
checking for library containing zlibVersion... checking for sigsetmask... checking whether realloc is declared... yes
BSD nm
checking whether ln -s works... yes
checking the maximum length of command line arguments... checking for setenv... if [ x"" != x ]; then \
	  gcc-4.7 -c -DHAVE_CONFIG_H -g -O2  -I. -I../.././../binutils/binutils-2.23.1/libiberty/../include  -W -Wall -Wwrite-strings -Wc++-compat -Wstrict-prototypes -pedantic   ../.././../binutils/binutils-2.23.1/libiberty/fibheap.c -o pic/fibheap.o; \
	else true; fi
3458764513820540925
checking whether the shell understands some XSI constructs... gcc-4.7 -c -DHAVE_CONFIG_H -g -O2  -I. -I../.././../binutils/binutils-2.23.1/libiberty/../include  -W -Wall -Wwrite-strings -Wc++-compat -Wstrict-prototypes -pedantic  ../.././../binutils/binutils-2.23.1/libiberty/fibheap.c -o fibheap.o
yes
checking whether the shell understands "+="... yes
8
checking for ANSI C header files... (cached) yes
checking for ld option to reload object files... -r
checking for x86_64-linux-gnu-objdump... objdump
checking how to recognize dependent libraries... pass_all
checking for x86_64-linux-gnu-ar... (cached) ar
checking for x86_64-linux-gnu-strip... no
checking for strip... strip
checking for x86_64-linux-gnu-ranlib... (cached) ranlib
checking command to parse nm output from gcc-4.7 object... yes
yes
checking readline/history.h presence... yes
checking build system type... checking whether stpcpy is declared... yes
checking for stpcpy... yes
checking for readline/history.h... yes
checking readline detected... yes
checking for bison... bison -y
checking for flex... flex
checking for setlocale... x86_64-pc-linux-gnu
checking host system type... checking lex output file root... lex.yy
checking lex library... x86_64-pc-linux-gnu
checking target system type... yes
-lz
checking zlib.h usability... checking whether strstr is declared... arm-unknown-linux-android
checking for decimal floating point... configure: WARNING: decimal float is not supported for this target, ignored
dpd
checking whether byte ordering is bigendian... yes
yes
checking for stpncpy... checking for strcasecmp... yes
ok
yes
checking zlib.h presence... checking whether snprintf is declared... yes
checking for zlib.h... yes
if [ x"" != x ]; then \
	  gcc-4.7 -c -DHAVE_CONFIG_H -g -O2  -I. -I../.././../binutils/binutils-2.23.1/libiberty/../include  -W -Wall -Wwrite-strings -Wc++-compat -Wstrict-prototypes -pedantic   ../.././../binutils/binutils-2.23.1/libiberty/filename_cmp.c -o pic/filename_cmp.o; \
	else true; fi
gcc-4.7 -c -DHAVE_CONFIG_H -g -O2  -I. -I../.././../binutils/binutils-2.23.1/libiberty/../include  -W -Wall -Wwrite-strings -Wc++-compat -Wstrict-prototypes -pedantic  ../.././../binutils/binutils-2.23.1/libiberty/filename_cmp.c -o filename_cmp.o
checking whether ANSI C string concatenation works... yes
checking for dlfcn.h... checking for strcasecmp... config.status: creating .gdbinit
yes
yes
yes
checking size of void *... no
checking whether vsnprintf is declared... config.status: creating Makefile
if [ x"" != x ]; then \
	  gcc-4.7 -c -DHAVE_CONFIG_H -g -O2  -I. -I../.././../binutils/binutils-2.23.1/libiberty/../include  -W -Wall -Wwrite-strings -Wc++-compat -Wstrict-prototypes -pedantic   ../.././../binutils/binutils-2.23.1/libiberty/floatformat.c -o pic/floatformat.o; \
	else true; fi
gcc-4.7 -c -DHAVE_CONFIG_H -g -O2  -I. -I../.././../binutils/binutils-2.23.1/libiberty/../include  -W -Wall -Wwrite-strings -Wc++-compat -Wstrict-prototypes -pedantic  ../.././../binutils/binutils-2.23.1/libiberty/floatformat.c -o floatformat.o
checking for strpbrk... config.status: creating doc/Makefile
configure: updating cache ./config.cache
yes
configure: creating ./config.status
checking for objdir... yes
.libs
yes
checking for strchr... checking for library containing zlibVersion... config.status: creating po/Makefile.in
yes
8
config.status: creating config.h
checking for tcgetattr... yes
checking for strdup... config.status: executing depfiles commands
checking if gcc-4.7 supports -fno-rtti -fno-exceptions... yes
-lz
checking zlib.h usability... checking for vsnprintf... yes
no
checking for gcc-4.7 option to produce PIC... -fPIC -DPIC
checking if gcc-4.7 PIC flag -fPIC -DPIC works... config.status: creating Makefile
checking for strncasecmp... config.status: creating config.h
configure: updating cache ./config.cache
configure: creating ./config.status
if [ x"" != x ]; then \
	  gcc-4.7 -c -DHAVE_CONFIG_H -g -O2  -I. -I../.././../binutils/binutils-2.23.1/libiberty/../include  -W -Wall -Wwrite-strings -Wc++-compat -Wstrict-prototypes -pedantic   ../.././../binutils/binutils-2.23.1/libiberty/fnmatch.c -o pic/fnmatch.o; \
	else true; fi
yes
checking if gcc-4.7 static flag -static works... gcc-4.7 -c -DHAVE_CONFIG_H -g -O2  -I. -I../.././../binutils/binutils-2.23.1/libiberty/../include  -W -Wall -Wwrite-strings -Wc++-compat -Wstrict-prototypes -pedantic  ../.././../binutils/binutils-2.23.1/libiberty/fnmatch.c -o fnmatch.o
config.status: executing gstdint.h commands
yes
checking zlib.h presence... yes
yes
checking for zlib.h... yes
if [ x"" != x ]; then \
	  gcc-4.7 -c -DHAVE_CONFIG_H -g -O2  -I. -I../.././../binutils/binutils-2.23.1/libiberty/../include  -W -Wall -Wwrite-strings -Wc++-compat -Wstrict-prototypes -pedantic   ../.././../binutils/binutils-2.23.1/libiberty/fopen_unlocked.c -o pic/fopen_unlocked.o; \
	else true; fi
gcc-4.7 -c -DHAVE_CONFIG_H -g -O2  -I. -I../.././../binutils/binutils-2.23.1/libiberty/../include  -W -Wall -Wwrite-strings -Wc++-compat -Wstrict-prototypes -pedantic  ../.././../binutils/binutils-2.23.1/libiberty/fopen_unlocked.c -o fopen_unlocked.o
checking linker --as-needed support... checking for isascii... yes
yes
checking for cos in -lm... checking for strndup... if [ x"" != x ]; then \
	  gcc-4.7 -c -DHAVE_CONFIG_H -g -O2  -I. -I../.././../binutils/binutils-2.23.1/libiberty/../include  -W -Wall -Wwrite-strings -Wc++-compat -Wstrict-prototypes -pedantic   ../.././../binutils/binutils-2.23.1/libiberty/getopt.c -o pic/getopt.o; \
	else true; fi
gcc-4.7 -c -DHAVE_CONFIG_H -g -O2  -I. -I../.././../binutils/binutils-2.23.1/libiberty/../include  -W -Wall -Wwrite-strings -Wc++-compat -Wstrict-prototypes -pedantic  ../.././../binutils/binutils-2.23.1/libiberty/getopt.c -o getopt.o
config.status: creating Makefile
mkdir -p -- ./opcodes
yes
yes
checking if gcc-4.7 supports -c -o file.o... Configuring in ./opcodes
yes
yes
checking for isxdigit... checking for strrchr... config.status: creating doc/Makefile
if [ x"" != x ]; then \
	  gcc-4.7 -c -DHAVE_CONFIG_H -g -O2  -I. -I../.././../binutils/binutils-2.23.1/libiberty/../include  -W -Wall -Wwrite-strings -Wc++-compat -Wstrict-prototypes -pedantic   ../.././../binutils/binutils-2.23.1/libiberty/getopt1.c -o pic/getopt1.o; \
	else true; fi
gcc-4.7 -c -DHAVE_CONFIG_H -g -O2  -I. -I../.././../binutils/binutils-2.23.1/libiberty/../include  -W -Wall -Wwrite-strings -Wc++-compat -Wstrict-prototypes -pedantic  ../.././../binutils/binutils-2.23.1/libiberty/getopt1.c -o getopt1.o
checking for ftello... yes
checking if gcc-4.7 supports -c -o file.o... (cached) yes
checking whether the gcc-4.7 linker (ld -m elf_x86_64) supports shared libraries... config.status: creating po/Makefile.in
if [ x"" != x ]; then \
	  gcc-4.7 -c -DHAVE_CONFIG_H -g -O2  -I. -I../.././../binutils/binutils-2.23.1/libiberty/../include  -W -Wall -Wwrite-strings -Wc++-compat -Wstrict-prototypes -pedantic   ../.././../binutils/binutils-2.23.1/libiberty/getpwd.c -o pic/getpwd.o; \
	else true; fi
gcc-4.7 -c -DHAVE_CONFIG_H -g -O2  -I. -I../.././../binutils/binutils-2.23.1/libiberty/../include  -W -Wall -Wwrite-strings -Wc++-compat -Wstrict-prototypes -pedantic  ../.././../binutils/binutils-2.23.1/libiberty/getpwd.c -o getpwd.o
yes
yes
yes
checking dynamic linker characteristics... config.status: creating config.h
checking for strstr... checking for getpwent... yes
config.status: executing depfiles commands
checking for ftello64... if [ x"" != x ]; then \
	  gcc-4.7 -c -DHAVE_CONFIG_H -g -O2  -I. -I../.././../binutils/binutils-2.23.1/libiberty/../include  -W -Wall -Wwrite-strings -Wc++-compat -Wstrict-prototypes -pedantic   ../.././../binutils/binutils-2.23.1/libiberty/getruntime.c -o pic/getruntime.o; \
	else true; fi
gcc-4.7 -c -DHAVE_CONFIG_H -g -O2  -I. -I../.././../binutils/binutils-2.23.1/libiberty/../include  -W -Wall -Wwrite-strings -Wc++-compat -Wstrict-prototypes -pedantic  ../.././../binutils/binutils-2.23.1/libiberty/getruntime.c -o getruntime.o
yes
yes
checking for getpwnam... checking for strtod... GNU/Linux ld.so
checking how to hardcode library paths into programs... immediate
checking for shl_load... yes
if [ x"" != x ]; then \
	  gcc-4.7 -c -DHAVE_CONFIG_H -g -O2  -I. -I../.././../binutils/binutils-2.23.1/libiberty/../include  -W -Wall -Wwrite-strings -Wc++-compat -Wstrict-prototypes -pedantic   ../.././../binutils/binutils-2.23.1/libiberty/hashtab.c -o pic/hashtab.o; \
	else true; fi
gcc-4.7 -c -DHAVE_CONFIG_H -g -O2  -I. -I../.././../binutils/binutils-2.23.1/libiberty/../include  -W -Wall -Wwrite-strings -Wc++-compat -Wstrict-prototypes -pedantic  ../.././../binutils/binutils-2.23.1/libiberty/hashtab.c -o hashtab.o
-lfl
checking whether yytext is a pointer... checking for fseeko... yes
checking for getpwuid... checking for strtol... no
checking for shl_load in -ldld... config.status: executing libtool commands
yes
checking for fseeko64... yes
yes
config.status: executing default-1 commands
no
checking for dlopen... checking for working strcoll... configure: creating cache ./config.cache
checking for strtoul... config.status: creating po/POTFILES
checking build system type... config.status: creating po/Makefile
config.status: executing default commands
yes
x86_64-pc-linux-gnu
checking host system type... yes
no
checking for dlopen in -ldl... checking for fopen64... checking for strverscmp... x86_64-pc-linux-gnu
checking target system type... config.status: executing libtool commands
yes
checking fcntl.h usability... arm-unknown-linux-androideabi
checking for x86_64-linux-gnu-gcc... gcc-4.7
if [ x"" != x ]; then \
	  gcc-4.7 -c -DHAVE_CONFIG_H -g -O2  -I. -I../.././../binutils/binutils-2.23.1/libiberty/../include  -W -Wall -Wwrite-strings -Wc++-compat -Wstrict-prototypes -pedantic   ../.././../binutils/binutils-2.23.1/libiberty/hex.c -o pic/hex.o; \
	else true; fi
gcc-4.7 -c -DHAVE_CONFIG_H -g -O2  -I. -I../.././../binutils/binutils-2.23.1/libiberty/../include  -W -Wall -Wwrite-strings -Wc++-compat -Wstrict-prototypes -pedantic  ../.././../binutils/binutils-2.23.1/libiberty/hex.c -o hex.o
config.status: executing default-1 commands
yes
checking whether a program can dlopen itself... checking for C compiler default output file name... yes
config.status: creating po/POTFILES
if [ x"" != x ]; then \
	  gcc-4.7 -c -DHAVE_CONFIG_H -g -O2  -I. -I../.././../binutils/binutils-2.23.1/libiberty/../include  -W -Wall -Wwrite-strings -Wc++-compat -Wstrict-prototypes -pedantic   ../.././../binutils/binutils-2.23.1/libiberty/lbasename.c -o pic/lbasename.o; \
	else true; fi
config.status: creating po/Makefile
checking for tmpnam... gcc-4.7 -c -DHAVE_CONFIG_H -g -O2  -I. -I../.././../binutils/binutils-2.23.1/libiberty/../include  -W -Wall -Wwrite-strings -Wc++-compat -Wstrict-prototypes -pedantic  ../.././../binutils/binutils-2.23.1/libiberty/lbasename.c -o lbasename.o
yes
checking size of off_t... yes
checking fcntl.h presence... a.out
checking whether the C compiler works... yes
checking for fcntl.h... yes
yes
yes
checking whether a statically linked program can dlopen itself... checking whether we are cross compiling... no
checking for suffix of executables... checking for unistd.h... (cached) yes
if [ x"" != x ]; then \
	  gcc-4.7 -c -DHAVE_CONFIG_H -g -O2  -I. -I../.././../binutils/binutils-2.23.1/libiberty/../include  -W -Wall -Wwrite-strings -Wc++-compat -Wstrict-prototypes -pedantic   ../.././../binutils/binutils-2.23.1/libiberty/lrealpath.c -o pic/lrealpath.o; \
	else true; fi
gcc-4.7 -c -DHAVE_CONFIG_H -g -O2  -I. -I../.././../binutils/binutils-2.23.1/libiberty/../include  -W -Wall -Wwrite-strings -Wc++-compat -Wstrict-prototypes -pedantic  ../.././../binutils/binutils-2.23.1/libiberty/lrealpath.c -o lrealpath.o
yes
if [ x"" != x ]; then \
	  gcc-4.7 -c -DHAVE_CONFIG_H -g -O2  -I. -I../.././../binutils/binutils-2.23.1/libiberty/../include  -W -Wall -Wwrite-strings -Wc++-compat -Wstrict-prototypes -pedantic   ../.././../binutils/binutils-2.23.1/libiberty/make-relative-prefix.c -o pic/make-relative-prefix.o; \
	else true; fi
gcc-4.7 -c -DHAVE_CONFIG_H -g -O2  -I. -I../.././../binutils/binutils-2.23.1/libiberty/../include  -W -Wall -Wwrite-strings -Wc++-compat -Wstrict-prototypes -pedantic  ../.././../binutils/binutils-2.23.1/libiberty/make-relative-prefix.c -o make-relative-prefix.o
checking for stdlib.h... (cached) yes

checking for suffix of object files... checking varargs.h usability... 8
checking for vasprintf... checking file_ptr type... BFD_HOST_64_BIT
if [ x"" != x ]; then \
	  gcc-4.7 -c -DHAVE_CONFIG_H -g -O2  -I. -I../.././../binutils/binutils-2.23.1/libiberty/../include  -W -Wall -Wwrite-strings -Wc++-compat -Wstrict-prototypes -pedantic   ../.././../binutils/binutils-2.23.1/libiberty/make-temp-file.c -o pic/make-temp-file.o; \
	else true; fi
yes
checking for x86_64-linux-gnu-ranlib... ranlib
creating config.m4
gcc-4.7 -c -DHAVE_CONFIG_H -g -O2  -I. -I../.././../binutils/binutils-2.23.1/libiberty/../include  -W -Wall -Wwrite-strings -Wc++-compat -Wstrict-prototypes -pedantic  ../.././../binutils/binutils-2.23.1/libiberty/make-temp-file.c -o make-temp-file.o
checking for stdlib.h... (cached) yes
o
checking whether we are using the GNU C compiler... checking for unistd.h... (cached) yes
checking for getpagesize... (cached) yes
checking for working mmap... no
checking whether stripping libraries is possible... yes
checking if libtool supports shared libraries... yes
checking whether to build shared libraries... no
checking whether to build static libraries... yes
checking for special C compiler options needed for large files... no
checking for _FILE_OFFSET_BITS value needed for large files... make[3]: Entering directory `/home/sparksco/android/toolchain/aosp/build/gdb-7.5.1/etc'
for f in standards.info configure.info; do \
	  if test -f ../.././../gdb/gdb-7.5.1/etc/`echo $f | sed -e 's/.info$/.texi/'`; then \
	    if make "MAKEINFO=makeinfo --split-size=5000000 --split-size=5000000" $f; then \
	      true; \
	    else \
	      exit 1; \
	    fi; \
	  fi; \
	done
yes
no
checking varargs.h presence... make[4]: Entering directory `/home/sparksco/android/toolchain/aosp/build/gdb-7.5.1/etc'
make[4]: `../.././../gdb/gdb-7.5.1/etc/standards.info' is up to date.
make[4]: Leaving directory `/home/sparksco/android/toolchain/aosp/build/gdb-7.5.1/etc'
yes
checking whether gcc-4.7 accepts -g... make[4]: Entering directory `/home/sparksco/android/toolchain/aosp/build/gdb-7.5.1/etc'
make[4]: `../.././../gdb/gdb-7.5.1/etc/configure.info' is up to date.
make[4]: Leaving directory `/home/sparksco/android/toolchain/aosp/build/gdb-7.5.1/etc'
make[3]: Leaving directory `/home/sparksco/android/toolchain/aosp/build/gdb-7.5.1/etc'
if [ x"" != x ]; then \
	  gcc-4.7 -c -DHAVE_CONFIG_H -g -O2  -I. -I../.././../binutils/binutils-2.23.1/libiberty/../include  -W -Wall -Wwrite-strings -Wc++-compat -Wstrict-prototypes -pedantic   ../.././../binutils/binutils-2.23.1/libiberty/objalloc.c -o pic/objalloc.o; \
	else true; fi
gcc-4.7 -c -DHAVE_CONFIG_H -g -O2  -I. -I../.././../binutils/binutils-2.23.1/libiberty/../include  -W -Wall -Wwrite-strings -Wc++-compat -Wstrict-prototypes -pedantic  ../.././../binutils/binutils-2.23.1/libiberty/objalloc.c -o objalloc.o
no
checking for varargs.h... no
checking stdarg.h usability... checking for vfprintf... no
yes
checking for gcc-4.7 option to accept ISO C89... configure: creating ./config.status
Setting warning flags = -W -Wall -Wstrict-prototypes -Wmissing-prototypes -Wshadow -Werror
checking whether to enable maintainer-specific portions of Makefiles... no
checking whether to install libbfd... no
checking whether NLS is requested... no
checking whether NLS is requested... no
checking for msgfmt... yes
/usr/bin/msgfmt
checking for gmsgfmt... /usr/bin/msgfmt
checking for madvise... checking for xgettext... /usr/bin/xgettext
make[3]: Entering directory `/home/sparksco/android/toolchain/aosp/build/gdb-7.5.1/libdecnumber'
source='../.././../gdb/gdb-7.5.1/libdecnumber/decNumber.c' object='decNumber.o' libtool=no gcc-4.7  -I../.././../gdb/gdb-7.5.1/libdecnumber -I.  -g -O2 -W -Wall -Wwrite-strings -Wstrict-prototypes -Wmissing-prototypes -Wold-style-definition -Wmissing-format-attribute -Wcast-qual -pedantic -Wno-long-long  -I../.././../gdb/gdb-7.5.1/libdecnumber -I.  -c ../.././../gdb/gdb-7.5.1/libdecnumber/decNumber.c
checking for msgmerge... if [ x"" != x ]; then \
	  gcc-4.7 -c -DHAVE_CONFIG_H -g -O2  -I. -I../.././../binutils/binutils-2.23.1/libiberty/../include  -W -Wall -Wwrite-strings -Wc++-compat -Wstrict-prototypes -pedantic   ../.././../binutils/binutils-2.23.1/libiberty/obstack.c -o pic/obstack.o; \
	else true; fi
gcc-4.7 -c -DHAVE_CONFIG_H -g -O2  -I. -I../.././../binutils/binutils-2.23.1/libiberty/../include  -W -Wall -Wwrite-strings -Wc++-compat -Wstrict-prototypes -pedantic  ../.././../binutils/binutils-2.23.1/libiberty/obstack.c -o obstack.o
yes
yes
checking stdarg.h presence... /usr/bin/msgmerge
none needed
checking for library containing strerror... yes
checking for stdarg.h... yes
if [ x"" != x ]; then \
	  gcc-4.7 -c -DHAVE_CONFIG_H -g -O2  -I. -I../.././../binutils/binutils-2.23.1/libiberty/../include  -W -Wall -Wwrite-strings -Wc++-compat -Wstrict-prototypes -pedantic   ../.././../binutils/binutils-2.23.1/libiberty/partition.c -o pic/partition.o; \
	else true; fi
checking for vprintf... gcc-4.7 -c -DHAVE_CONFIG_H -g -O2  -I. -I../.././../binutils/binutils-2.23.1/libiberty/../include  -W -Wall -Wwrite-strings -Wc++-compat -Wstrict-prototypes -pedantic  ../.././../binutils/binutils-2.23.1/libiberty/partition.c -o partition.o
yes
checking for string.h... (cached) yes
checking size of long long... checking for strings.h... (cached) yes
checking for mprotect... if [ x"" != x ]; then \
	  gcc-4.7 -c -DHAVE_CONFIG_H -g -O2  -I. -I../.././../binutils/binutils-2.23.1/libiberty/../include  -W -Wall -Wwrite-strings -Wc++-compat -Wstrict-prototypes -pedantic   ../.././../binutils/binutils-2.23.1/libiberty/pexecute.c -o pic/pexecute.o; \
	else true; fi
gcc-4.7 -c -DHAVE_CONFIG_H -g -O2  -I. -I../.././../binutils/binutils-2.23.1/libiberty/../include  -W -Wall -Wwrite-strings -Wc++-compat -Wstrict-prototypes -pedantic  ../.././../binutils/binutils-2.23.1/libiberty/pexecute.c -o pexecute.o
checking limits.h usability... none required
checking for a BSD-compatible install... /usr/bin/install -c
checking whether build environment is sane... yes
yes
checking for vsnprintf... source='../.././../gdb/gdb-7.5.1/libdecnumber/decContext.c' object='decContext.o' libtool=no gcc-4.7  -I../.././../gdb/gdb-7.5.1/libdecnumber -I.  -g -O2 -W -Wall -Wwrite-strings -Wstrict-prototypes -Wmissing-prototypes -Wold-style-definition -Wmissing-format-attribute -Wcast-qual -pedantic -Wno-long-long  -I../.././../gdb/gdb-7.5.1/libdecnumber -I.  -c ../.././../gdb/gdb-7.5.1/libdecnumber/decContext.c
if [ x"" != x ]; then \
	  gcc-4.7 -c -DHAVE_CONFIG_H -g -O2  -I. -I../.././../binutils/binutils-2.23.1/libiberty/../include  -W -Wall -Wwrite-strings -Wc++-compat -Wstrict-prototypes -pedantic   ../.././../binutils/binutils-2.23.1/libiberty/physmem.c -o pic/physmem.o; \
	else true; fi
yes
checking limits.h presence... gcc-4.7 -c -DHAVE_CONFIG_H -g -O2  -I. -I../.././../binutils/binutils-2.23.1/libiberty/../include  -W -Wall -Wwrite-strings -Wc++-compat -Wstrict-prototypes -pedantic  ../.././../binutils/binutils-2.23.1/libiberty/physmem.c -o physmem.o
8
checking size of void *... yes
checking for limits.h... yes
checking locale.h usability... configure: updating cache ./config.cache
configure: creating ./config.status
if [ x"" != x ]; then \
	  gcc-4.7 -c -DHAVE_CONFIG_H -g -O2  -I. -I../.././../binutils/binutils-2.23.1/libiberty/../include  -W -Wall -Wwrite-strings -Wc++-compat -Wstrict-prototypes -pedantic   ../.././../binutils/binutils-2.23.1/libiberty/pex-common.c -o pic/pex-common.o; \
	else true; fi
gcc-4.7 -c -DHAVE_CONFIG_H -g -O2  -I. -I../.././../binutils/binutils-2.23.1/libiberty/../include  -W -Wall -Wwrite-strings -Wc++-compat -Wstrict-prototypes -pedantic  ../.././../binutils/binutils-2.23.1/libiberty/pex-common.c -o pex-common.o
yes
checking for vsprintf... yes
checking locale.h presence... yes
checking for locale.h... yes
checking pwd.h usability... 8
checking size of long... yes
checking for waitpid... yes
checking pwd.h presence... source='../.././../gdb/gdb-7.5.1/libdecnumber/dpd/decimal32.c' object='decimal32.o' libtool=no gcc-4.7  -I../.././../gdb/gdb-7.5.1/libdecnumber -I.  -g -O2 -W -Wall -Wwrite-strings -Wstrict-prototypes -Wmissing-prototypes -Wold-style-definition -Wmissing-format-attribute -Wcast-qual -pedantic -Wno-long-long  -I../.././../gdb/gdb-7.5.1/libdecnumber -I.  -c ../.././../gdb/gdb-7.5.1/libdecnumber/dpd/decimal32.c
yes
checking for pwd.h... yes
checking for memory.h... (cached) yes
checking termcap.h usability... 8
yes
checking alloca.h usability... checking for setproctitle... yes
checking termcap.h presence... yes
checking alloca.h presence... yes
checking for termcap.h... yes
no
checking whether alloca needs Cray hooks... checking termios.h usability... yes
checking for alloca.h... yes
if [ x"" != x ]; then \
	  gcc-4.7 -c -DHAVE_CONFIG_H -g -O2  -I. -I../.././../binutils/binutils-2.23.1/libiberty/../include  -W -Wall -Wwrite-strings -Wc++-compat -Wstrict-prototypes -pedantic   ../.././../binutils/binutils-2.23.1/libiberty/pex-one.c -o pic/pex-one.o; \
	else true; fi
no
gcc-4.7 -c -DHAVE_CONFIG_H -g -O2  -I. -I../.././../binutils/binutils-2.23.1/libiberty/../include  -W -Wall -Wwrite-strings -Wc++-compat -Wstrict-prototypes -pedantic  ../.././../binutils/binutils-2.23.1/libiberty/pex-one.c -o pex-one.o
checking stack direction for C alloca... checking stddef.h usability... config.status: creating Makefile
if [ x"" != x ]; then \
	  gcc-4.7 -c -DHAVE_CONFIG_H -g -O2  -I. -I../.././../binutils/binutils-2.23.1/libiberty/../include  -W -Wall -Wwrite-strings -Wc++-compat -Wstrict-prototypes -pedantic   ../.././../binutils/binutils-2.23.1/libiberty/pex-unix.c -o pic/pex-unix.o; \
	else true; fi
yes
checking termios.h presence... gcc-4.7 -c -DHAVE_CONFIG_H -g -O2  -I. -I../.././../binutils/binutils-2.23.1/libiberty/../include  -W -Wall -Wwrite-strings -Wc++-compat -Wstrict-prototypes -pedantic  ../.././../binutils/binutils-2.23.1/libiberty/pex-unix.c -o pex-unix.o
source='../.././../gdb/gdb-7.5.1/libdecnumber/dpd/decimal64.c' object='decimal64.o' libtool=no gcc-4.7  -I../.././../gdb/gdb-7.5.1/libdecnumber -I.  -g -O2 -W -Wall -Wwrite-strings -Wstrict-prototypes -Wmissing-prototypes -Wold-style-definition -Wmissing-format-attribute -Wcast-qual -pedantic -Wno-long-long  -I../.././../gdb/gdb-7.5.1/libdecnumber -I.  -c ../.././../gdb/gdb-7.5.1/libdecnumber/dpd/decimal64.c
yes
checking for termios.h... yes
config.status: creating po/Makefile.in
-1
checking for vfork.h... yes
checking stddef.h presence... checking termio.h usability... no
yes
checking for stddef.h... yes
checking for fork... config.status: creating config.h
checking for string.h... (cached) yes
checking for strings.h... (cached) yes
config.status: executing depfiles commands
checking for stdlib.h... (cached) yes
yes
checking termio.h presence... checking time.h usability... yes
yes
checking for termio.h... yes
checking for vfork... checking sys/pte.h usability... if [ x"" != x ]; then \
	  gcc-4.7 -c -DHAVE_CONFIG_H -g -O2  -I. -I../.././../binutils/binutils-2.23.1/libiberty/../include  -W -Wall -Wwrite-strings -Wc++-compat -Wstrict-prototypes -pedantic   ../.././../binutils/binutils-2.23.1/libiberty/safe-ctype.c -o pic/safe-ctype.o; \
	else true; fi
gcc-4.7 -c -DHAVE_CONFIG_H -g -O2  -I. -I../.././../binutils/binutils-2.23.1/libiberty/../include  -W -Wall -Wwrite-strings -Wc++-compat -Wstrict-prototypes -pedantic  ../.././../binutils/binutils-2.23.1/libiberty/safe-ctype.c -o safe-ctype.o
yes
checking time.h presence... yes
checking for working fork... yes
checking for time.h... yes
checking for unistd.h... (cached) yes
if [ x"" != x ]; then \
	  gcc-4.7 -c -DHAVE_CONFIG_H -g -O2  -I. -I../.././../binutils/binutils-2.23.1/libiberty/../include  -W -Wall -Wwrite-strings -Wc++-compat -Wstrict-prototypes -pedantic   ../.././../binutils/binutils-2.23.1/libiberty/simple-object.c -o pic/simple-object.o; \
	else true; fi
gcc-4.7 -c -DHAVE_CONFIG_H -g -O2  -I. -I../.././../binutils/binutils-2.23.1/libiberty/../include  -W -Wall -Wwrite-strings -Wc++-compat -Wstrict-prototypes -pedantic  ../.././../binutils/binutils-2.23.1/libiberty/simple-object.c -o simple-object.o
checking fcntl.h usability... yes
checking for working vfork... (cached) yes
checking for _doprnt... yes
checking fcntl.h presence... no
checking sys/pte.h presence... yes
checking for fcntl.h... yes
checking sys/file.h usability... if [ x"" != x ]; then \
	  gcc-4.7 -c -DHAVE_CONFIG_H -g -O2  -I. -I../.././../binutils/binutils-2.23.1/libiberty/../include  -W -Wall -Wwrite-strings -Wc++-compat -Wstrict-prototypes -pedantic   ../.././../binutils/binutils-2.23.1/libiberty/simple-object-coff.c -o pic/simple-object-coff.o; \
	else true; fi
no
checking for sys/pte.h... no
gcc-4.7 -c -DHAVE_CONFIG_H -g -O2  -I. -I../.././../binutils/binutils-2.23.1/libiberty/../include  -W -Wall -Wwrite-strings -Wc++-compat -Wstrict-prototypes -pedantic  ../.././../binutils/binutils-2.23.1/libiberty/simple-object-coff.c -o simple-object-coff.o
checking sys/stream.h usability... no
checking for sys_errlist... if [ x"" != x ]; then \
	  gcc-4.7 -c -DHAVE_CONFIG_H -g -O2  -I. -I../.././../binutils/binutils-2.23.1/libiberty/../include  -W -Wall -Wwrite-strings -Wc++-compat -Wstrict-prototypes -pedantic   ../.././../binutils/binutils-2.23.1/libiberty/simple-object-elf.c -o pic/simple-object-elf.o; \
	else true; fi
gcc-4.7 -c -DHAVE_CONFIG_H -g -O2  -I. -I../.././../binutils/binutils-2.23.1/libiberty/../include  -W -Wall -Wwrite-strings -Wc++-compat -Wstrict-prototypes -pedantic  ../.././../binutils/binutils-2.23.1/libiberty/simple-object-elf.c -o simple-object-elf.o
yes
yes
checking sys/file.h presence... checking for a thread-safe mkdir -p... /bin/mkdir -p
checking for gawk... gawk
checking whether make sets $(MAKE)... yes
yes
checking for sys/file.h... yes
checking for sys_nerr... checking sys/time.h usability... yes
checking for style of include used by make... GNU
checking dependency style of gcc-4.7... yes
checking for sys_siglist... yes
checking sys/time.h presence... yes
checking for sys/time.h... yes
gcc3
checking for x86_64-linux-gnu-gcc... (cached) gcc-4.7
checking for sys/stat.h... (cached) yes
looking for a compliant stdint.h in stdint.h, checking for uintmax_t... no
checking sys/stream.h presence... checking whether we are using the GNU C compiler... (cached) yes
checking whether gcc-4.7 accepts -g... (cached) yes
checking for gcc-4.7 option to accept ISO C89... (cached) none needed
checking how to run the C preprocessor... config.status: creating Makefile
yes
no
checking for sys/stream.h... no
checking for external symbol _system_configuration... checking sys/select.h usability... gcc-4.7 -E
config.status: creating doc/Makefile
source='../.././../gdb/gdb-7.5.1/libdecnumber/dpd/decimal128.c' object='decimal128.o' libtool=no gcc-4.7  -I../.././../gdb/gdb-7.5.1/libdecnumber -I.  -g -O2 -W -Wall -Wwrite-strings -Wstrict-prototypes -Wmissing-prototypes -Wold-style-definition -Wmissing-format-attribute -Wcast-qual -pedantic -Wno-long-long  -I../.././../gdb/gdb-7.5.1/libdecnumber -I.  -c ../.././../gdb/gdb-7.5.1/libdecnumber/dpd/decimal128.c
yes
checking for uintptr_t... no
checking for grep that handles long lines and -e... /bin/grep
checking for egrep... checking for __fsetlocking... yes
checking sys/select.h presence... /bin/grep -E
checking for ANSI C header files... config.status: creating bfd-in3.h
yes
checking for sys/select.h... yes
checking sys/file.h usability... yes
yes
checking for int_least32_t... if [ x"" != x ]; then \
	  gcc-4.7 -c -DHAVE_CONFIG_H -g -O2  -I. -I../.././../binutils/binutils-2.23.1/libiberty/../include  -W -Wall -Wwrite-strings -Wc++-compat -Wstrict-prototypes -pedantic   ../.././../binutils/binutils-2.23.1/libiberty/simple-object-mach-o.c -o pic/simple-object-mach-o.o; \
	else true; fi
gcc-4.7 -c -DHAVE_CONFIG_H -g -O2  -I. -I../.././../binutils/binutils-2.23.1/libiberty/../include  -W -Wall -Wwrite-strings -Wc++-compat -Wstrict-prototypes -pedantic  ../.././../binutils/binutils-2.23.1/libiberty/simple-object-mach-o.c -o simple-object-mach-o.o
checking for canonicalize_file_name... config.status: creating po/Makefile.in
yes
checking sys/file.h presence... yes
checking for sys/file.h... yes
checking for sys/ptem.h... config.status: creating config.h
yes
checking for int_fast32_t... config.status: executing depfiles commands
yes
checking for dup3... yes
no
checking for special C compiler options needed for large files... no
checking for _FILE_OFFSET_BITS value needed for large files... checking for sys/types.h... yes
checking for uint64_t... no
checking for type of signal functions... yes
yes
if [ x"" != x ]; then \
	  gcc-4.7 -c -DHAVE_CONFIG_H -g -O2  -I. -I../.././../binutils/binutils-2.23.1/libiberty/../include  -W -Wall -Wwrite-strings -Wc++-compat -Wstrict-prototypes -pedantic   ../.././../binutils/binutils-2.23.1/libiberty/sort.c -o pic/sort.o; \
	else true; fi
gcc-4.7 -c -DHAVE_CONFIG_H -g -O2  -I. -I../.././../binutils/binutils-2.23.1/libiberty/../include  -W -Wall -Wwrite-strings -Wc++-compat -Wstrict-prototypes -pedantic  ../.././../binutils/binutils-2.23.1/libiberty/sort.c -o sort.o
checking for getrlimit... checking for sys/stat.h... yes
checking what to include in bfd_stdint.h... stdint.h (already complete)
checking whether time.h and sys/time.h may both be included... posix
checking if signal handlers must be reinstalled when invoked... yes
yes
checking for stdlib.h... checking for getrusage... yes
if [ x"" != x ]; then \
	  gcc-4.7 -c -DHAVE_CONFIG_H -g -O2  -I. -I../.././../binutils/binutils-2.23.1/libiberty/../include  -W -Wall -Wwrite-strings -Wc++-compat -Wstrict-prototypes -pedantic   ../.././../binutils/binutils-2.23.1/libiberty/spaces.c -o pic/spaces.o; \
	else true; fi
gcc-4.7 -c -DHAVE_CONFIG_H -g -O2  -I. -I../.././../binutils/binutils-2.23.1/libiberty/../include  -W -Wall -Wwrite-strings -Wc++-compat -Wstrict-prototypes -pedantic  ../.././../binutils/binutils-2.23.1/libiberty/spaces.c -o spaces.o
checking for dirent.h that defines DIR... yes
if [ x"" != x ]; then \
	  gcc-4.7 -c -DHAVE_CONFIG_H -g -O2  -I. -I../.././../binutils/binutils-2.23.1/libiberty/../include  -W -Wall -Wwrite-strings -Wc++-compat -Wstrict-prototypes -pedantic   ../.././../binutils/binutils-2.23.1/libiberty/splay-tree.c -o pic/splay-tree.o; \
	else true; fi
gcc-4.7 -c -DHAVE_CONFIG_H -g -O2  -I. -I../.././../binutils/binutils-2.23.1/libiberty/../include  -W -Wall -Wwrite-strings -Wc++-compat -Wstrict-prototypes -pedantic  ../.././../binutils/binutils-2.23.1/libiberty/splay-tree.c -o splay-tree.o
yes
yes
checking for library containing opendir... checking for string.h... checking for getsysinfo... no
checking for presence of POSIX-style sigsetjmp/siglongjmp... yes
none required
checking windows.h usability... checking for memory.h... no
if [ x"" != x ]; then \
	  gcc-4.7 -c -DHAVE_CONFIG_H -g -O2  -I. -I../.././../binutils/binutils-2.23.1/libiberty/../include  -W -Wall -Wwrite-strings -Wc++-compat -Wstrict-prototypes -pedantic   ../.././../binutils/binutils-2.23.1/libiberty/stack-limit.c -o pic/stack-limit.o; \
	else true; fi
checking for gettimeofday... (cached) yes
gcc-4.7 -c -DHAVE_CONFIG_H -g -O2  -I. -I../.././../binutils/binutils-2.23.1/libiberty/../include  -W -Wall -Wwrite-strings -Wc++-compat -Wstrict-prototypes -pedantic  ../.././../binutils/binutils-2.23.1/libiberty/stack-limit.c -o stack-limit.o
checking for on_exit... present
checking for lstat... config.status: creating demos/pexpr-config.h
yes
if [ x"" != x ]; then \
	  gcc-4.7 -c -DHAVE_CONFIG_H -g -O2  -I. -I../.././../binutils/binutils-2.23.1/libiberty/../include  -W -Wall -Wwrite-strings -Wc++-compat -Wstrict-prototypes -pedantic   ../.././../binutils/binutils-2.23.1/libiberty/strerror.c -o pic/strerror.o; \
	else true; fi
gcc-4.7 -c -DHAVE_CONFIG_H -g -O2  -I. -I../.././../binutils/binutils-2.23.1/libiberty/../include  -W -Wall -Wwrite-strings -Wc++-compat -Wstrict-prototypes -pedantic  ../.././../binutils/binutils-2.23.1/libiberty/strerror.c -o strerror.o
checking for strings.h... config.status: creating demos/calc/calc-config.h
config.status: creating Makefile
yes
if [ x"" != x ]; then \
	  gcc-4.7 -c -DHAVE_CONFIG_H -g -O2  -I. -I../.././../binutils/binutils-2.23.1/libiberty/../include  -W -Wall -Wwrite-strings -Wc++-compat -Wstrict-prototypes -pedantic   ../.././../binutils/binutils-2.23.1/libiberty/strsignal.c -o pic/strsignal.o; \
	else true; fi
yes
checking whether or not strcoll and strcmp differ... gcc-4.7 -c -DHAVE_CONFIG_H -g -O2  -I. -I../.././../binutils/binutils-2.23.1/libiberty/../include  -W -Wall -Wwrite-strings -Wc++-compat -Wstrict-prototypes -pedantic  ../.././../binutils/binutils-2.23.1/libiberty/strsignal.c -o strsignal.o
checking for psignal... yes
config.status: creating mpf/Makefile
checking for inttypes.h... no
checking windows.h presence... yes
if [ x"" != x ]; then \
	  gcc-4.7 -c -DHAVE_CONFIG_H -g -O2  -I. -I../.././../binutils/binutils-2.23.1/libiberty/../include  -W -Wall -Wwrite-strings -Wc++-compat -Wstrict-prototypes -pedantic   ../.././../binutils/binutils-2.23.1/libiberty/timeval-utils.c -o pic/timeval-utils.o; \
	else true; fi
gcc-4.7 -c -DHAVE_CONFIG_H -g -O2  -I. -I../.././../binutils/binutils-2.23.1/libiberty/../include  -W -Wall -Wwrite-strings -Wc++-compat -Wstrict-prototypes -pedantic  ../.././../binutils/binutils-2.23.1/libiberty/timeval-utils.c -o timeval-utils.o
no
checking whether the ctype macros accept non-ascii characters... config.status: creating mpn/Makefile
checking for pstat_getdynamic... no
checking for windows.h... no
checking for dlfcn.h... (cached) yes
if [ x"" != x ]; then \
	  gcc-4.7 -c -DHAVE_CONFIG_H -g -O2  -I. -I../.././../binutils/binutils-2.23.1/libiberty/../include  -W -Wall -Wwrite-strings -Wc++-compat -Wstrict-prototypes -pedantic   ../.././../binutils/binutils-2.23.1/libiberty/unlink-if-ordinary.c -o pic/unlink-if-ordinary.o; \
	else true; fi
gcc-4.7 -c -DHAVE_CONFIG_H -g -O2  -I. -I../.././../binutils/binutils-2.23.1/libiberty/../include  -W -Wall -Wwrite-strings -Wc++-compat -Wstrict-prototypes -pedantic  ../.././../binutils/binutils-2.23.1/libiberty/unlink-if-ordinary.c -o unlink-if-ordinary.o
config.status: creating mpq/Makefile
checking whether string.h and strings.h may both be included... if [ x"" != x ]; then \
	  gcc-4.7 -c -DHAVE_CONFIG_H -g -O2  -I. -I../.././../binutils/binutils-2.23.1/libiberty/../include  -W -Wall -Wwrite-strings -Wc++-compat -Wstrict-prototypes -pedantic   ../.././../binutils/binutils-2.23.1/libiberty/xatexit.c -o pic/xatexit.o; \
	else true; fi
yes
gcc-4.7 -c -DHAVE_CONFIG_H -g -O2  -I. -I../.././../binutils/binutils-2.23.1/libiberty/../include  -W -Wall -Wwrite-strings -Wc++-compat -Wstrict-prototypes -pedantic  ../.././../binutils/binutils-2.23.1/libiberty/xatexit.c -o xatexit.o
checking for stdint.h... no
config.status: creating mpz/Makefile
checking for pstat_getstatic... yes
checking for fcntl... if [ x"" != x ]; then \
	  gcc-4.7 -c -DHAVE_CONFIG_H -g -O2  -I. -I../.././../binutils/binutils-2.23.1/libiberty/../include  -W -Wall -Wwrite-strings -Wc++-compat -Wstrict-prototypes -pedantic   ../.././../binutils/binutils-2.23.1/libiberty/xexit.c -o pic/xexit.o; \
	else true; fi
gcc-4.7 -c -DHAVE_CONFIG_H -g -O2  -I. -I../.././../binutils/binutils-2.23.1/libiberty/../include  -W -Wall -Wwrite-strings -Wc++-compat -Wstrict-prototypes -pedantic  ../.././../binutils/binutils-2.23.1/libiberty/xexit.c -o xexit.o
no
checking whether getpw functions are declared in pwd.h... config.status: executing libtool commands
if [ x"" != x ]; then \
	  gcc-4.7 -c -DHAVE_CONFIG_H -g -O2  -I. -I../.././../binutils/binutils-2.23.1/libiberty/../include  -W -Wall -Wwrite-strings -Wc++-compat -Wstrict-prototypes -pedantic   ../.././../binutils/binutils-2.23.1/libiberty/xmalloc.c -o pic/xmalloc.o; \
	else true; fi
gcc-4.7 -c -DHAVE_CONFIG_H -g -O2  -I. -I../.././../binutils/binutils-2.23.1/libiberty/../include  -W -Wall -Wwrite-strings -Wc++-compat -Wstrict-prototypes -pedantic  ../.././../binutils/binutils-2.23.1/libiberty/xmalloc.c -o xmalloc.o
yes
checking whether termios.h defines TIOCGWINSZ... yes
config.status: creating printf/Makefile
no
checking whether sys/ioctl.h defines TIOCGWINSZ... config.status: executing default-1 commands
checking for unistd.h... yes
checking for sig_atomic_t in signal.h... yes
no
if [ x"" != x ]; then \
	  gcc-4.7 -c -DHAVE_CONFIG_H -g -O2  -I. -I../.././../binutils/binutils-2.23.1/libiberty/../include  -W -Wall -Wwrite-strings -Wc++-compat -Wstrict-prototypes -pedantic   ../.././../binutils/binutils-2.23.1/libiberty/xmemdup.c -o pic/xmemdup.o; \
	else true; fi
config.status: creating po/POTFILES
gcc-4.7 -c -DHAVE_CONFIG_H -g -O2  -I. -I../.././../binutils/binutils-2.23.1/libiberty/../include  -W -Wall -Wwrite-strings -Wc++-compat -Wstrict-prototypes -pedantic  ../.././../binutils/binutils-2.23.1/libiberty/xmemdup.c -o xmemdup.o
checking for realpath... checking for getpagesize... config.status: creating po/Makefile
config.status: creating scanf/Makefile
if [ x"" != x ]; then \
	  gcc-4.7 -c -DHAVE_CONFIG_H -g -O2  -I. -I../.././../binutils/binutils-2.23.1/libiberty/../include  -W -Wall -Wwrite-strings -Wc++-compat -Wstrict-prototypes -pedantic   ../.././../binutils/binutils-2.23.1/libiberty/xstrdup.c -o pic/xstrdup.o; \
	else true; fi
if [ x"" != x ]; then \
	  gcc-4.7 -c -DHAVE_CONFIG_H -g -O2  -I. -I../.././../binutils/binutils-2.23.1/libiberty/../include  -W -Wall -Wwrite-strings -Wc++-compat -Wstrict-prototypes -pedantic   ../.././../binutils/binutils-2.23.1/libiberty/xstrerror.c -o pic/xstrerror.o; \
	else true; fi
gcc-4.7 -c -DHAVE_CONFIG_H -g -O2  -I. -I../.././../binutils/binutils-2.23.1/libiberty/../include  -W -Wall -Wwrite-strings -Wc++-compat -Wstrict-prototypes -pedantic  ../.././../binutils/binutils-2.23.1/libiberty/xstrerror.c -o xstrerror.o
gcc-4.7 -c -DHAVE_CONFIG_H -g -O2  -I. -I../.././../binutils/binutils-2.23.1/libiberty/../include  -W -Wall -Wwrite-strings -Wc++-compat -Wstrict-prototypes -pedantic  ../.././../binutils/binutils-2.23.1/libiberty/xstrdup.c -o xstrdup.o
yes
yes
yes
checking whether signal handlers are of type void... confchecking for setrlimit... checking minix/config.h usability... checking for setitimer... if [ x"" != x ]; then \
	  gcc-4.7 -c -DHAVE_CONFIG_H -g -O2  -I. -I../.././../binutils/binutils-2.23.1/libiberty/../include  -W -Wall -Wwrite-strings -Wc++-compat -Wstrict-prototypes -pedantic   ../.././../binutils/binutils-2.23.1/libiberty/xstrndup.c -o pic/xstrndup.o; \
	else true; fi
gcc-4.7 -c -DHAVE_CONFIG_H -g -O2  -I. -I../.././../binutils/binutils-2.23.1/libiberty/../include  -W -Wall -Wwrite-strings -Wc++-compat -Wstrict-prototypes -pedantic  ../.././../binutils/binutils-2.23.1/libiberty/xstrndup.c -o xstrndup.o
if [ x"" != x ]; then \
	  gcc-4.7 -c -DHAVE_CONFIG_H -g -O2  -I. -I../.././../binutils/binutils-2.23.1/libiberty/../include  -W -Wall -Wwrite-strings -Wc++-compat -Wstrict-prototypes -pedantic   ../.././../binutils/binutils-2.23.1/libiberty/setproctitle.c -o pic/setproctitle.o; \
	else true; fi
gcc-4.7 -c -DHAVE_CONFIG_H -g -O2  -I. -I../.././../binutils/binutils-2.23.1/libiberty/../include  -W -Wall -Wwrite-strings -Wc++-compat -Wstrict-prototypes -pedantic  ../.././../binutils/binutils-2.23.1/libiberty/setproctitle.c -o setproctitle.o
config.status: creating cxx/Makefile
yes
checking for TIOCSTAT in sys/ioctl.h... echo ./regex.o ./cplus-dem.o ./cp-demangle.o ./md5.o ./sha1.o ./alloca.o ./argv.o ./choose-temp.o ./concat.o ./cp-demint.o ./crc32.o ./dwarfnames.o ./dyn-string.o ./fdmatch.o ./fibheap.o ./filename_cmp.o ./floatformat.o ./fnmatch.o ./fopen_unlocked.o ./getopt.o ./getopt1.o ./getpwd.o ./getruntime.o ./hashtab.o ./hex.o ./lbasename.o ./lrealpath.o ./make-relative-prefix.o ./make-temp-file.o ./objalloc.o ./obstack.o ./partition.o ./pexecute.o ./physmem.o ./pex-common.o ./pex-one.o ./pex-unix.o ./safe-ctype.o ./simple-object.o ./simple-object-coff.o ./simple-object-elf.o ./simple-object-mach-o.o ./sort.o ./spaces.o ./splay-tree.o ./stack-limit.o ./strerror.o ./strsignal.o ./timeval-utils.o ./unlink-if-ordinary.o ./xatexit.o ./xexit.o ./xmalloc.o ./xmemdup.o ./xstrdup.o ./xstrerror.o ./xstrndup.o > required-list
yes
checking for sbrk... make[4]: Entering directory `/home/sparksco/android/toolchain/aosp/build/binutils-2.23.1/libiberty/testsuite'
make[4]: Nothing to be done for `all'.
make[4]: Leaving directory `/home/sparksco/android/toolchain/aosp/build/binutils-2.23.1/libiberty/testsuite'
if [ x"" != x ]; then \
	  gcc-4.7 -c -DHAVE_CONFIG_H -g -O2  -I. -I../.././../binutils/binutils-2.23.1/libiberty/../include  -W -Wall -Wwrite-strings -Wc++-compat -Wstrict-prototypes -pedantic   ../.././../binutils/binutils-2.23.1/libiberty/regex.c -o pic/regex.o; \
	else true; fi
yes
gcc-4.7 -c -DHAVE_CONFIG_H -g -O2  -I. -I../.././../binutils/binutils-2.23.1/libiberty/../include  -W -Wall -Wwrite-strings -Wc++-compat -Wstrict-prototypes -pedantic  ../.././../binutils/binutils-2.23.1/libiberty/regex.c -o regex.o
if [ x"" != x ]; then \
	  gcc-4.7 -c -DHAVE_CONFIG_H -g -O2  -I. -I../.././../binutils/binutils-2.23.1/libiberty/../include  -W -Wall -Wwrite-strings -Wc++-compat -Wstrict-prototypes -pedantic   ../.././../binutils/binutils-2.23.1/libiberty/cplus-dem.c -o pic/cplus-dem.o; \
	else true; fi
no
checking for FIONREAD in sys/ioctl.h... config.status: creating tests/Makefile
gcc-4.7 -c -DHAVE_CONFIG_H -g -O2  -I. -I../.././../binutils/binutils-2.23.1/libiberty/../include  -W -Wall -Wwrite-strings -Wc++-compat -Wstrict-prototypes -pedantic  ../.././../binutils/binutils-2.23.1/libiberty/cplus-dem.c -o cplus-dem.o
if [ x"" != x ]; then \
	  gcc-4.7 -c -DHAVE_CONFIG_H -g -O2  -I. -I../.././../binutils/binutils-2.23.1/libiberty/../include  -W -Wall -Wwrite-strings -Wc++-compat -Wstrict-prototypes -pedantic   ../.././../binutils/binutils-2.23.1/libiberty/cp-demangle.c -o pic/cp-demangle.o; \
	else true; fi
checking for sysconf... gcc-4.7 -c -DHAVE_CONFIG_H -g -O2  -I. -I../.././../binutils/binutils-2.23.1/libiberty/../include  -W -Wall -Wwrite-strings -Wc++-compat -Wstrict-prototypes -pedantic  ../.././../binutils/binutils-2.23.1/libiberty/cp-demangle.c -o cp-demangle.o
yes
checking for speed_t in sys/types.h... yes
config.status: creating tests/devel/Makefile
checking for spawnve... yes
checking for fdopen... config.status: creating tests/mpf/Makefile
no
checking minix/config.h presence... yes
config.status: creating tests/mpn/Makefile
checking for getuid... no
no
checking for minix/config.h... checking for struct winsize in sys/ioctl.h and termios.h... no
checking whether it is safe to define __EXTENSIONS__... config.status: creating tests/mpq/Makefile
no
yes
sys/ioctl.h
checking for struct dirent.d_ino... checking for x86_64-linux-gnu-ar... ar
checking for x86_64-linux-gnu-ranlib... ranlib
checking how to print strings... checking for spawnvpe... rm -f libdecnumber.a
yes
ar cru libdecnumber.a decNumber.o decContext.o decimal32.o decimal64.o decimal128.o 
printf
checking for a sed that does not truncate output... ranlib libdecnumber.a
make[3]: Leaving directory `/home/sparksco/android/toolchain/aosp/build/gdb-7.5.1/libdecnumber'
if [ x"" != x ]; then \
	  gcc-4.7 -c -DHAVE_CONFIG_H -g -O2  -I. -I../.././../binutils/binutils-2.23.1/libiberty/../include  -W -Wall -Wwrite-strings -Wc++-compat -Wstrict-prototypes -pedantic   ../.././../binutils/binutils-2.23.1/libiberty/md5.c -o pic/md5.o; \
	else true; fi
/bin/sed
gcc-4.7 -c -DHAVE_CONFIG_H -g -O2  -I. -I../.././../binutils/binutils-2.23.1/libiberty/../include  -W -Wall -Wwrite-strings -Wc++-compat -Wstrict-prototypes -pedantic  ../.././../binutils/binutils-2.23.1/libiberty/md5.c -o md5.o
checking for fgrep... /bin/grep -F
checking for ld used by gcc-4.7... checking for getgid... ld
checking if the linker (ld) is GNU ld... yes
checking for BSD- or MS-compatible name lister (nm)... nm
checking the name lister (nm) interface... config.status: creating tests/mpz/Makefile
yes
checking for struct dirent.d_fileno... no
checking for strerror... config.status: creating tests/rand/Makefile
yes
yes
BSD nm
checking whether ln -s works... yes
checking the maximum length of command line arguments... checking for tgetent... 3458764513820540925
checking whether the shell understands some XSI constructs... yes
checking whether the shell understands "+="... yes
yes
checking for ld option to reload object files... -r
checking for x86_64-linux-gnu-objdump... objdump
checking how to recognize dependent libraries... pass_all
checking for x86_64-linux-gnu-ar... (cached) ar
checking for x86_64-linux-gnu-strip... no
checking for strip... strip
checking for x86_64-linux-gnu-ranlib... (cached) ranlib
checking command to parse nm output from gcc-4.7 object... checking for fileno... checking for strsignal... no
checking for tgetent in -ltermcap... config.status: creating tests/misc/Makefile
yes
yes
checking for strtoull... checking for sysconf... yes
checking which library has the termcap functions... using libtermcap
checking wctype.h usability... config.status: creating tests/cxx/Makefile
if [ x"" != x ]; then \
	  gcc-4.7 -c -DHAVE_CONFIG_H -g -O2  -I. -I../.././../binutils/binutils-2.23.1/libiberty/../include  -W -Wall -Wwrite-strings -Wc++-compat -Wstrict-prototypes -pedantic   ../.././../binutils/binutils-2.23.1/libiberty/sha1.c -o pic/sha1.o; \
	else true; fi
gcc-4.7 -c -DHAVE_CONFIG_H -g -O2  -I. -I../.././../binutils/binutils-2.23.1/libiberty/../include  -W -Wall -Wwrite-strings -Wc++-compat -Wstrict-prototypes -pedantic  ../.././../binutils/binutils-2.23.1/libiberty/sha1.c -o sha1.o
yes
yes
checking whether basename is declared... checking for sysctl... yes
checking wctype.h presence... ok
config.status: creating doc/Makefile
yes
checking for wctype.h... yes
checking wchar.h usability... checking for dlfcn.h... config.status: executing libtool commands
yes
yes
config.status: executing default-1 commands
checking for sysmp... config.status: creating tune/Makefile
checking whether ftello is declared... yes
yes
checking wchar.h presence... checking for objdir... config.status: executing bfd_stdint.h commands
yes
checking for wchar.h... yes
.libs
checking langinfo.h usability... config.status: creating demos/Makefile
no
checking for table... yes
checking whether ftello64 is declared... config.status: executing default commands
yes
checking langinfo.h presence... yes
config.status: creating demos/calc/Makefile
yes
checking for langinfo.h... yes
checking for mbrlen... no
checking whether fseeko is declared... checking for times... checking if gcc-4.7 supports -fno-rtti -fno-exceptions... config.status: creating demos/expr/Makefile
yes
checking for mbscasecmp... yes
if [ x"" != x ]; then \
	  gcc-4.7 -c -DHAVE_CONFIG_H -g -O2  -I. -I../.././../binutils/binutils-2.23.1/libiberty/../include  -W -Wall -Wwrite-strings -Wc++-compat -Wstrict-prototypes -pedantic   ../.././../binutils/binutils-2.23.1/libiberty/alloca.c -o pic/alloca.o; \
	else true; fi
yes
gcc-4.7 -c -DHAVE_CONFIG_H -g -O2  -I. -I../.././../binutils/binutils-2.23.1/libiberty/../include  -W -Wall -Wwrite-strings -Wc++-compat -Wstrict-prototypes -pedantic  ../.././../binutils/binutils-2.23.1/libiberty/alloca.c -o alloca.o
checking whether fseeko64 is declared... no
checking for wait3... checking for gcc-4.7 option to produce PIC... -fPIC -DPIC
checking if gcc-4.7 PIC flag -fPIC -DPIC works... make[2]: Entering directory `/home/sparksco/android/toolchain/aosp/build/libbfd-binutils-2.23.1/bfd'
creating bfdver.h
config.status: creating gmp.h
rm -f elf32-target.h
sed -e s/NN/32/g < ../.././../binutils/binutils-2.23.1/bfd/elfxx-target.h > elf32-target.new
rm -f elf64-target.h
mv -f elf32-target.new elf32-target.h
sed -e s/NN/64/g < ../.././../binutils/binutils-2.23.1/bfd/elfxx-target.h > elf64-target.new
if [ x"" != x ]; then \
	  gcc-4.7 -c -DHAVE_CONFIG_H -g -O2  -I. -I../.././../binutils/binutils-2.23.1/libiberty/../include  -W -Wall -Wwrite-strings -Wc++-compat -Wstrict-prototypes -pedantic   ../.././../binutils/binutils-2.23.1/libiberty/argv.c -o pic/argv.o; \
	else true; fi
gcc-4.7 -c -DHAVE_CONFIG_H -g -O2  -I. -I../.././../binutils/binutils-2.23.1/libiberty/../include  -W -Wall -Wwrite-strings -Wc++-compat -Wstrict-prototypes -pedantic  ../.././../binutils/binutils-2.23.1/libiberty/argv.c -o argv.o
mv -f elf64-target.new elf64-target.h
rm -f targmatch.h
sed -f ../.././../binutils/binutils-2.23.1/bfd/targmatch.sed < ../.././../binutils/binutils-2.23.1/bfd/config.bfd > targmatch.new
yes
checking if gcc-4.7 static flag -static works... no
checking for mbscmp... yes
checking whether ffs is declared... yes
mv -f targmatch.new targmatch.h
config.status: creating config.h
checking for wait4... Making info in doc
make[3]: Entering directory `/home/sparksco/android/toolchain/aosp/build/libbfd-binutils-2.23.1/bfd/doc'
make[3]: Nothing to be done for `info'.
make[3]: Leaving directory `/home/sparksco/android/toolchain/aosp/build/libbfd-binutils-2.23.1/bfd/doc'
Making info in po
make[3]: Entering directory `/home/sparksco/android/toolchain/aosp/build/libbfd-binutils-2.23.1/bfd/po'
( if test 'x../../.././../binutils/binutils-2.23.1/bfd/po' != 'x.'; then \
	    posrcprefix='../../.././../binutils/binutils-2.23.1/bfd/'; \
	  else \
	    posrcprefix="../"; \
	  fi; \
	  rm -f SRC-POTFILES-t SRC-POTFILES \
	    && (sed -e '/^#/d' \
	            -e '/^[ 	]*$/d' \
		    -e "s@.*@	$posrcprefix& \\\\@" < ../../.././../binutils/binutils-2.23.1/bfd/po/SRC-POTFILES.in \
		| sed -e '$s/\\$//') > SRC-POTFILES-t \
	    && chmod a-w SRC-POTFILES-t \
	    && mv SRC-POTFILES-t SRC-POTFILES )
config.status: linking .././../gmp/gmp-5.1.1/mpn/x86_64/invert_limb_table.asm to mpn/invert_limb_table.asm
yes
( rm -f BLD-POTFILES-t BLD-POTFILES \
	    && (sed -e '/^#/d' \
	            -e '/^[ 	]*$/d' \
		    -e "s@.*@	../& \\\\@" < ../../.././../binutils/binutils-2.23.1/bfd/po/BLD-POTFILES.in \
		| sed -e '$s/\\$//') > BLD-POTFILES-t \
	    && chmod a-w BLD-POTFILES-t \
	    && mv BLD-POTFILES-t BLD-POTFILES )
no
checking for mbsnrtowcs... checking whether free is declared... cd .. \
	  && CONFIG_FILES=po/Makefile.in:po/Make-in \
	     CONFIG_HEADERS= /bin/bash ./config.status
config.status: linking .././../gmp/gmp-5.1.1/mpn/generic/add.c to mpn/add.c
yes
config.status: linking .././../gmp/gmp-5.1.1/mpn/generic/add_1.c to mpn/add_1.c
if [ x"" != x ]; then \
	  gcc-4.7 -c -DHAVE_CONFIG_H -g -O2  -I. -I../.././../binutils/binutils-2.23.1/libiberty/../include  -W -Wall -Wwrite-strings -Wc++-compat -Wstrict-prototypes -pedantic   ../.././../binutils/binutils-2.23.1/libiberty/choose-temp.c -o pic/choose-temp.o; \
	else true; fi
yes
checking if gcc-4.7 supports -c -o file.o... gcc-4.7 -c -DHAVE_CONFIG_H -g -O2  -I. -I../.././../binutils/binutils-2.23.1/libiberty/../include  -W -Wall -Wwrite-strings -Wc++-compat -Wstrict-prototypes -pedantic  ../.././../binutils/binutils-2.23.1/libiberty/choose-temp.c -o choose-temp.o
checking whether basename is declared... yes
checking for mbsrtowcs... config.status: linking .././../gmp/gmp-5.1.1/mpn/x86_64/aors_n.asm to mpn/add_n.asm
config.status: linking .././../gmp/gmp-5.1.1/mpn/generic/sub.c to mpn/sub.c
yes
no
checking whether getenv is declared... if [ x"" != x ]; then \
	  gcc-4.7 -c -DHAVE_CONFIG_H -g -O2  -I. -I../.././../binutils/binutils-2.23.1/libiberty/../include  -W -Wall -Wwrite-strings -Wc++-compat -Wstrict-prototypes -pedantic   ../.././../binutils/binutils-2.23.1/libiberty/concat.c -o pic/concat.o; \
	else true; fi
config.status: linking .././../gmp/gmp-5.1.1/mpn/generic/sub_1.c to mpn/sub_1.c
gcc-4.7 -c -DHAVE_CONFIG_H -g -O2  -I. -I../.././../binutils/binutils-2.23.1/libiberty/../include  -W -Wall -Wwrite-strings -Wc++-compat -Wstrict-prototypes -pedantic  ../.././../binutils/binutils-2.23.1/libiberty/concat.c -o concat.o
yes
checking if gcc-4.7 supports -c -o file.o... (cached) yes
checking whether the gcc-4.7 linker (ld -m elf_x86_64) supports shared libraries... yes
checking for mbschr... yes
checking dynamic linker characteristics... config.status: linking .././../gmp/gmp-5.1.1/mpn/x86_64/aors_n.asm to mpn/sub_n.asm
checking whether ffs is declared... config.status: linking .././../gmp/gmp-5.1.1/mpn/x86_64/aorscnd_n.asm to mpn/addcnd_n.asm
yes
checking whether malloc is declared... config.status: linking .././../gmp/gmp-5.1.1/mpn/x86_64/aorscnd_n.asm to mpn/subcnd_n.asm
if [ x"" != x ]; then \
	  gcc-4.7 -c -DHAVE_CONFIG_H -g -O2  -I. -I../.././../binutils/binutils-2.23.1/libiberty/../include  -W -Wall -Wwrite-strings -Wc++-compat -Wstrict-prototypes -pedantic   ../.././../binutils/binutils-2.23.1/libiberty/cp-demint.c -o pic/cp-demint.o; \
	else true; fi
gcc-4.7 -c -DHAVE_CONFIG_H -g -O2  -I. -I../.././../binutils/binutils-2.23.1/libiberty/../include  -W -Wall -Wwrite-strings -Wc++-compat -Wstrict-prototypes -pedantic  ../.././../binutils/binutils-2.23.1/libiberty/cp-demint.c -o cp-demint.o
no
checking for wcrtomb... yes
if [ x"" != x ]; then \
	  gcc-4.7 -c -DHAVE_CONFIG_H -g -O2  -I. -I../.././../binutils/binutils-2.23.1/libiberty/../include  -W -Wall -Wwrite-strings -Wc++-compat -Wstrict-prototypes -pedantic   ../.././../binutils/binutils-2.23.1/libiberty/crc32.c -o pic/crc32.o; \
	else true; fi
gcc-4.7 -c -DHAVE_CONFIG_H -g -O2  -I. -I../.././../binutils/binutils-2.23.1/libiberty/../include  -W -Wall -Wwrite-strings -Wc++-compat -Wstrict-prototypes -pedantic  ../.././../binutils/binutils-2.23.1/libiberty/crc32.c -o crc32.o
config.status: linking .././../gmp/gmp-5.1.1/mpn/generic/neg.c to mpn/neg.c
GNU/Linux ld.so
checking how to hardcode library paths into programs... immediate
checking whether stripping libraries is possible... checking whether asprintf is declared... yes
checking if libtool supports shared libraries... yes
checking whether to build shared libraries... no
checking whether to build static libraries... yes
Setting warning flags = -W -Wall -Wstrict-prototypes -Wmissing-prototypes -Wshadow -Werror
yes
config.status: linking .././../gmp/gmp-5.1.1/mpn/x86_64/com.asm to mpn/com.asm
yes
checking for wcscoll... checking whether gcc-4.7 supports -Wmissing-field-initializers... config.status: linking .././../gmp/gmp-5.1.1/mpn/x86_64/mul_1.asm to mpn/mul_1.asm
yes
config.status: linking .././../gmp/gmp-5.1.1/mpn/x86_64/aorsmul_1.asm to mpn/addmul_1.asm
checking whether to enable maintainer-specific portions of Makefiles... no
checking whether to install libbfd... no
checking whether NLS is requested... no
checking whether NLS is requested... no
checking whether realloc is declared... no
checking for msgfmt... config.status: linking .././../gmp/gmp-5.1.1/mpn/x86_64/aorsmul_1.asm to mpn/submul_1.asm
yes
checking for wcsdup... /usr/bin/msgfmt
checking for gmsgfmt... /usr/bin/msgfmt
checking whether vasprintf is declared... mkdir -p -- ./sim
config.status: linking .././../gmp/gmp-5.1.1/mpn/x86_64/aors_err1_n.asm to mpn/add_err1_n.asm
Configuring in ./sim
config.status: linking .././../gmp/gmp-5.1.1/mpn/x86_64/aors_err2_n.asm to mpn/add_err2_n.asm
checking for xgettext... /usr/bin/xgettext
checking for msgmerge... make[3]: Entering directory `/home/sparksco/android/toolchain/aosp/build/gdb-7.5.1/intl'
make[3]: Nothing to be done for `all'.
make[3]: Leaving directory `/home/sparksco/android/toolchain/aosp/build/gdb-7.5.1/intl'
config.status: linking .././../gmp/gmp-5.1.1/mpn/x86_64/aors_err3_n.asm to mpn/add_err3_n.asm
/usr/bin/msgmerge
no
yes
yes
checking for wcwidth... config.status: linking .././../gmp/gmp-5.1.1/mpn/x86_64/aors_err1_n.asm to mpn/sub_err1_n.asm
checking whether stpcpy is declared... checking whether snprintf is declared... checking for string.h... (cached) yes
config.status: linking .././../gmp/gmp-5.1.1/mpn/x86_64/aors_err2_n.asm to mpn/sub_err2_n.asm
config.status: linking .././../gmp/gmp-5.1.1/mpn/x86_64/aors_err3_n.asm to mpn/sub_err3_n.asm
config.status: creating po/Makefile.in
checking for strings.h... (cached) yes
config.status: executing depfiles commands
config.status: linking .././../gmp/gmp-5.1.1/mpn/x86_64/lshift.asm to mpn/lshift.asm
yes
yes
yes
checking for wctype... config.status: executing libtool commands
checking for stdlib.h... (cached) yes
checking whether vsnprintf is declared... config.status: linking .././../gmp/gmp-5.1.1/mpn/x86_64/rshift.asm to mpn/rshift.asm
checking limits.h usability... checking whether strstr is declared... config.status: executing default-1 commands
config.status: linking .././../gmp/gmp-5.1.1/mpn/x86_64/dive_1.asm to mpn/dive_1.asm
yes
checking for wcswidth... config.status: executing bfd_stdint.h commands
config.status: linking .././../gmp/gmp-5.1.1/mpn/generic/diveby3.c to mpn/diveby3.c
yes
config.status: linking .././../gmp/gmp-5.1.1/mpn/generic/divis.c to mpn/divis.c
yes
checking limits.h presence... config.status: linking .././../gmp/gmp-5.1.1/mpn/generic/divrem.c to mpn/divrem.c
checking whether calloc is declared... config.status: executing default commands
make[3]: Leaving directory `/home/sparksco/android/toolchain/aosp/build/libbfd-binutils-2.23.1/bfd/po'
config.status: linking .././../gmp/gmp-5.1.1/mpn/x86_64/divrem_1.asm to mpn/divrem_1.asm
yes
checking for limits.h... yes
make[3]: Entering directory `/home/sparksco/android/toolchain/aosp/build/libbfd-binutils-2.23.1/bfd/po'
make[3]: Nothing to be done for `info'.
make[3]: Leaving directory `/home/sparksco/android/toolchain/aosp/build/libbfd-binutils-2.23.1/bfd/po'
checking whether string.h and strings.h may both be included... config.status: linking .././../gmp/gmp-5.1.1/mpn/x86_64/divrem_2.asm to mpn/divrem_2.asm
yes
yes
config.status: linking .././../gmp/gmp-5.1.1/mpn/generic/fib2_ui.c to mpn/fib2_ui.c
checking whether snprintf is declared... checking whether mbrtowc and mbstate_t are properly declared... yes
make[3]: Entering directory `/home/sparksco/android/toolchain/aosp/build/libbfd-binutils-2.23.1/bfd'
make[3]: Nothing to be done for `info-am'.
make[3]: Leaving directory `/home/sparksco/android/toolchain/aosp/build/libbfd-binutils-2.23.1/bfd'
make  all-recursive
config.status: linking .././../gmp/gmp-5.1.1/mpn/generic/mod_1.c to mpn/mod_1.c
checking whether getenv is declared... yes
config.status: linking .././../gmp/gmp-5.1.1/mpn/x86_64/mod_34lsub1.asm to mpn/mod_34lsub1.asm
checking whether basename is declared... config.status: linking .././../gmp/gmp-5.1.1/mpn/x86_64/mode1o.asm to mpn/mode1o.asm
make[3]: Entering directory `/home/sparksco/android/toolchain/aosp/build/libbfd-binutils-2.23.1/bfd'
config.status: linking .././../gmp/gmp-5.1.1/mpn/generic/pre_mod_1.c to mpn/pre_mod_1.c
yes
yes
checking for iswlower... config.status: linking .././../gmp/gmp-5.1.1/mpn/generic/dump.c to mpn/dump.c
checking whether vsnprintf is declared... Making all in doc
make[4]: Entering directory `/home/sparksco/android/toolchain/aosp/build/libbfd-binutils-2.23.1/bfd/doc'
make[4]: Nothing to be done for `all'.
make[4]: Leaving directory `/home/sparksco/android/toolchain/aosp/build/libbfd-binutils-2.23.1/bfd/doc'
Making all in po
make[4]: Entering directory `/home/sparksco/android/toolchain/aosp/build/libbfd-binutils-2.23.1/bfd/po'
make[4]: Nothing to be done for `all'.
make[4]: Leaving directory `/home/sparksco/android/toolchain/aosp/build/libbfd-binutils-2.23.1/bfd/po'
yes
config.status: linking .././../gmp/gmp-5.1.1/mpn/x86_64/mod_1_1.asm to mpn/mod_1_1.asm
checking whether getopt is declared... yes
yes
make[4]: Entering directory `/home/sparksco/android/toolchain/aosp/build/libbfd-binutils-2.23.1/bfd'
rm -f bfd-tmp.h
config.status: linking .././../gmp/gmp-5.1.1/mpn/x86_64/mod_1_2.asm to mpn/mod_1_2.asm
checking whether stpcpy is declared... rm -f tofiles
cp bfd-in3.h bfd-tmp.h
f=""; \
	for i in elf32-arm.lo elf32.lo elf-nacl.lo elf-vxworks.lo elf.lo elflink.lo elf-attrs.lo elf-strtab.lo elf-eh-frame.lo dwarf1.lo elf32-gen.lo cpu-arm.lo   ; do \
	  case " $f " in \
	    *" $i "*) ;; \
	    *) f="$f $i" ;; \
	  esac ; \
	done ; \
	echo $f > tofiles
checking for iswupper... /bin/bash ../.././../binutils/binutils-2.23.1/bfd/../move-if-change bfd-tmp.h bfd.h
yes
/bin/bash ../.././../binutils/binutils-2.23.1/bfd/../move-if-change tofiles ofiles
checking for library containing zlibVersion... config.status: linking .././../gmp/gmp-5.1.1/mpn/generic/mod_1_3.c to mpn/mod_1_3.c
config.status: linking .././../gmp/gmp-5.1.1/mpn/x86_64/mod_1_4.asm to mpn/mod_1_4.asm
rm -f bfd-tmp.h
touch stmp-bfd-h
configure: creating cache ./config.cache
checking for x86_64-linux-gnu-gcc... gcc-4.7
config.status: linking .././../gmp/gmp-5.1.1/mpn/x86_64/lshiftc.asm to mpn/lshiftc.asm
touch stamp-ofiles
yes
/bin/bash ./libtool --tag=CC   --mode=compile gcc-4.7 -DHAVE_CONFIG_H -I. -I../.././../binutils/binutils-2.23.1/bfd -I. -I../.././../binutils/binutils-2.23.1/bfd -I../.././../binutils/binutils-2.23.1/bfd/../include  -DHAVE_bfd_elf32_littlearm_vec -DHAVE_bfd_elf32_bigarm_vec -DHAVE_bfd_elf32_little_generic_vec -DHAVE_bfd_elf32_big_generic_vec  -DBINDIR='"/home/sparksco/android/arm-linux-androideabi/bin"'  -W -Wall -Wstrict-prototypes -Wmissing-prototypes -Wshadow -Werror -m32 -MT archive.lo -MD -MP -MF .deps/archive.Tpo -c -o archive.lo ../.././../binutils/binutils-2.23.1/bfd/archive.c
config.status: linking .././../gmp/gmp-5.1.1/mpn/generic/mul.c to mpn/mul.c
/bin/bash ./libtool --tag=CC   --mode=compile gcc-4.7 -DHAVE_CONFIG_H -I. -I../.././../binutils/binutils-2.23.1/bfd -I. -I../.././../binutils/binutils-2.23.1/bfd -I../.././../binutils/binutils-2.23.1/bfd/../include  -DHAVE_bfd_elf32_littlearm_vec -DHAVE_bfd_elf32_bigarm_vec -DHAVE_bfd_elf32_little_generic_vec -DHAVE_bfd_elf32_big_generic_vec  -DBINDIR='"/home/sparksco/android/arm-linux-androideabi/bin"'  -W -Wall -Wstrict-prototypes -Wmissing-prototypes -Wshadow -Werror -m32 -MT archures.lo -MD -MP -MF .deps/archures.Tpo -c -o archures.lo -DDEFAULT_VECTOR=bfd_elf32_littlearm_vec -DSELECT_VECS='&bfd_elf32_littlearm_vec,&bfd_elf32_bigarm_vec,&bfd_elf32_little_generic_vec,&bfd_elf32_big_generic_vec' -DSELECT_ARCHITECTURES='&bfd_arm_arch' ../.././../binutils/binutils-2.23.1/bfd/archures.c
checking whether malloc is declared... /bin/bash ./libtool --tag=CC   --mode=compile gcc-4.7 -DHAVE_CONFIG_H -I. -I../.././../binutils/binutils-2.23.1/bfd -I. -I../.././../binutils/binutils-2.23.1/bfd -I../.././../binutils/binutils-2.23.1/bfd/../include  -DHAVE_bfd_elf32_littlearm_vec -DHAVE_bfd_elf32_bigarm_vec -DHAVE_bfd_elf32_little_generic_vec -DHAVE_bfd_elf32_big_generic_vec  -DBINDIR='"/home/sparksco/android/arm-linux-androideabi/bin"'  -W -Wall -Wstrict-prototypes -Wmissing-prototypes -Wshadow -Werror -m32 -MT bfd.lo -MD -MP -MF .deps/bfd.Tpo -c -o bfd.lo ../.././../binutils/binutils-2.23.1/bfd/bfd.c
yes
checking linker --as-needed support... yes
checking for cos in -lm... config.status: linking .././../gmp/gmp-5.1.1/mpn/generic/mul_fft.c to mpn/mul_fft.c
libtool: compile:  gcc-4.7 -DHAVE_CONFIG_H -I. -I../.././../binutils/binutils-2.23.1/bfd -I. -I../.././../binutils/binutils-2.23.1/bfd -I../.././../binutils/binutils-2.23.1/bfd/../include -DHAVE_bfd_elf32_littlearm_vec -DHAVE_bfd_elf32_bigarm_vec -DHAVE_bfd_elf32_little_generic_vec -DHAVE_bfd_elf32_big_generic_vec -DBINDIR=\"/home/sparksco/android/arm-linux-androideabi/bin\" -W -Wall -Wstrict-prototypes -Wmissing-prototypes -Wshadow -Werror -m32 -MT bfd.lo -MD -MP -MF .deps/bfd.Tpo -c ../.././../binutils/binutils-2.23.1/bfd/bfd.c -o bfd.o
checking for C compiler default output file name... config.status: linking .././../gmp/gmp-5.1.1/mpn/generic/mul_n.c to mpn/mul_n.c
libtool: compile:  gcc-4.7 -DHAVE_CONFIG_H -I. -I../.././../binutils/binutils-2.23.1/bfd -I. -I../.././../binutils/binutils-2.23.1/bfd -I../.././../binutils/binutils-2.23.1/bfd/../include -DHAVE_bfd_elf32_littlearm_vec -DHAVE_bfd_elf32_bigarm_vec -DHAVE_bfd_elf32_little_generic_vec -DHAVE_bfd_elf32_big_generic_vec -DBINDIR=\"/home/sparksco/android/arm-linux-androideabi/bin\" -W -Wall -Wstrict-prototypes -Wmissing-prototypes -Wshadow -Werror -m32 -MT archive.lo -MD -MP -MF .deps/archive.Tpo -c ../.././../binutils/binutils-2.23.1/bfd/archive.c -o archive.o
libtool: compile:  gcc-4.7 -DHAVE_CONFIG_H -I. -I../.././../binutils/binutils-2.23.1/bfd -I. -I../.././../binutils/binutils-2.23.1/bfd -I../.././../binutils/binutils-2.23.1/bfd/../include -DHAVE_bfd_elf32_littlearm_vec -DHAVE_bfd_elf32_bigarm_vec -DHAVE_bfd_elf32_little_generic_vec -DHAVE_bfd_elf32_big_generic_vec -DBINDIR=\"/home/sparksco/android/arm-linux-androideabi/bin\" -W -Wall -Wstrict-prototypes -Wmissing-prototypes -Wshadow -Werror -m32 -MT archures.lo -MD -MP -MF .deps/archures.Tpo -c -DDEFAULT_VECTOR=bfd_elf32_littlearm_vec "-DSELECT_VECS=&bfd_elf32_littlearm_vec,&bfd_elf32_bigarm_vec,&bfd_elf32_little_generic_vec,&bfd_elf32_big_generic_vec" "-DSELECT_ARCHITECTURES=&bfd_arm_arch" ../.././../binutils/binutils-2.23.1/bfd/archures.c -o archures.o
config.status: linking .././../gmp/gmp-5.1.1/mpn/generic/sqr.c to mpn/sqr.c
config.status: linking .././../gmp/gmp-5.1.1/mpn/x86_64/mul_basecase.asm to mpn/mul_basecase.asm
yes
yes
config.status: linking .././../gmp/gmp-5.1.1/mpn/x86_64/sqr_basecase.asm to mpn/sqr_basecase.asm
yes
checking whether realloc is declared... checking for towlower... config.status: linking .././../gmp/gmp-5.1.1/mpn/generic/nussbaumer_mul.c to mpn/nussbaumer_mul.c
a.out
checking whether the C compiler works... yes
checking whether we are cross compiling... no
checking for suffix of executables... config.status: linking .././../gmp/gmp-5.1.1/mpn/x86_64/mulmid_basecase.asm to mpn/mulmid_basecase.asm
-lz
checking zlib.h usability... mv -f .deps/archures.Tpo .deps/archures.Plo
/bin/bash ./libtool --tag=CC   --mode=compile gcc-4.7 -DHAVE_CONFIG_H -I. -I../.././../binutils/binutils-2.23.1/bfd -I. -I../.././../binutils/binutils-2.23.1/bfd -I../.././../binutils/binutils-2.23.1/bfd/../include  -DHAVE_bfd_elf32_littlearm_vec -DHAVE_bfd_elf32_bigarm_vec -DHAVE_bfd_elf32_little_generic_vec -DHAVE_bfd_elf32_big_generic_vec  -DBINDIR='"/home/sparksco/android/arm-linux-androideabi/bin"'  -W -Wall -Wstrict-prototypes -Wmissing-prototypes -Wshadow -Werror -m32 -MT bfdio.lo -MD -MP -MF .deps/bfdio.Tpo -c -o bfdio.lo ../.././../binutils/binutils-2.23.1/bfd/bfdio.c
config.status: linking .././../gmp/gmp-5.1.1/mpn/generic/toom42_mulmid.c to mpn/toom42_mulmid.c
yes
yes

checking for suffix of object files... checking whether sbrk is declared... mv -f .deps/bfd.Tpo .deps/bfd.Plo
/bin/bash ./libtool --tag=CC   --mode=compile gcc-4.7 -DHAVE_CONFIG_H -I. -I../.././../binutils/binutils-2.23.1/bfd -I. -I../.././../binutils/binutils-2.23.1/bfd -I../.././../binutils/binutils-2.23.1/bfd/../include  -DHAVE_bfd_elf32_littlearm_vec -DHAVE_bfd_elf32_bigarm_vec -DHAVE_bfd_elf32_little_generic_vec -DHAVE_bfd_elf32_big_generic_vec  -DBINDIR='"/home/sparksco/android/arm-linux-androideabi/bin"'  -W -Wall -Wstrict-prototypes -Wmissing-prototypes -Wshadow -Werror -m32 -MT bfdwin.lo -MD -MP -MF .deps/bfdwin.Tpo -c -o bfdwin.lo ../.././../binutils/binutils-2.23.1/bfd/bfdwin.c
checking for towupper... config.status: linking .././../gmp/gmp-5.1.1/mpn/generic/mulmid_n.c to mpn/mulmid_n.c
libtool: compile:  gcc-4.7 -DHAVE_CONFIG_H -I. -I../.././../binutils/binutils-2.23.1/bfd -I. -I../.././../binutils/binutils-2.23.1/bfd -I../.././../binutils/binutils-2.23.1/bfd/../include -DHAVE_bfd_elf32_littlearm_vec -DHAVE_bfd_elf32_bigarm_vec -DHAVE_bfd_elf32_little_generic_vec -DHAVE_bfd_elf32_big_generic_vec -DBINDIR=\"/home/sparksco/android/arm-linux-androideabi/bin\" -W -Wall -Wstrict-prototypes -Wmissing-prototypes -Wshadow -Werror -m32 -MT bfdio.lo -MD -MP -MF .deps/bfdio.Tpo -c ../.././../binutils/binutils-2.23.1/bfd/bfdio.c -o bfdio.o
config.status: linking .././../gmp/gmp-5.1.1/mpn/generic/mulmid.c to mpn/mulmid.c
configure: updating cache ./config.cache
yes
checking zlib.h presence... configure: creating ./config.status
o
checking whether we are using the GNU C compiler... config.status: linking .././../gmp/gmp-5.1.1/mpn/generic/random.c to mpn/random.c
libtool: compile:  gcc-4.7 -DHAVE_CONFIG_H -I. -I../.././../binutils/binutils-2.23.1/bfd -I. -I../.././../binutils/binutils-2.23.1/bfd -I../.././../binutils/binutils-2.23.1/bfd/../include -DHAVE_bfd_elf32_littlearm_vec -DHAVE_bfd_elf32_bigarm_vec -DHAVE_bfd_elf32_little_generic_vec -DHAVE_bfd_elf32_big_generic_vec -DBINDIR=\"/home/sparksco/android/arm-linux-androideabi/bin\" -W -Wall -Wstrict-prototypes -Wmissing-prototypes -Wshadow -Werror -m32 -MT bfdwin.lo -MD -MP -MF .deps/bfdwin.Tpo -c ../.././../binutils/binutils-2.23.1/bfd/bfdwin.c -o bfdwin.o
config.status: linking .././../gmp/gmp-5.1.1/mpn/generic/random2.c to mpn/random2.c
yes
checking for zlib.h... yes
rm -f ./libiberty.a pic/./libiberty.a
yes
checking whether gcc-4.7 accepts -g... checking linker --as-needed support... yes
checking for cos in -lm... ar rc ./libiberty.a \
	  ./regex.o ./cplus-dem.o ./cp-demangle.o ./md5.o ./sha1.o ./alloca.o ./argv.o ./choose-temp.o ./concat.o ./cp-demint.o ./crc32.o ./dwarfnames.o ./dyn-string.o ./fdmatch.o ./fibheap.o ./filename_cmp.o ./floatformat.o ./fnmatch.o ./fopen_unlocked.o ./getopt.o ./getopt1.o ./getpwd.o ./getruntime.o ./hashtab.o ./hex.o ./lbasename.o ./lrealpath.o ./make-relative-prefix.o ./make-temp-file.o ./objalloc.o ./obstack.o ./partition.o ./pexecute.o ./physmem.o ./pex-common.o ./pex-one.o ./pex-unix.o ./safe-ctype.o ./simple-object.o ./simple-object-coff.o ./simple-object-elf.o ./simple-object-mach-o.o ./sort.o ./spaces.o ./splay-tree.o ./stack-limit.o ./strerror.o ./strsignal.o ./timeval-utils.o ./unlink-if-ordinary.o ./xatexit.o ./xexit.o ./xmalloc.o ./xmemdup.o ./xstrdup.o ./xstrerror.o ./xstrndup.o  ./setproctitle.o
yes
ranlib ./libiberty.a
config.status: linking .././../gmp/gmp-5.1.1/mpn/generic/pow_1.c to mpn/pow_1.c
checking whether strverscmp is declared... yes
yes
checking for gcc-4.7 option to accept ISO C89... if [ x"" != x ]; then \
	  cd pic; \
	  ar rc ./libiberty.a \
	    ./regex.o ./cplus-dem.o ./cp-demangle.o ./md5.o ./sha1.o ./alloca.o ./argv.o ./choose-temp.o ./concat.o ./cp-demint.o ./crc32.o ./dwarfnames.o ./dyn-string.o ./fdmatch.o ./fibheap.o ./filename_cmp.o ./floatformat.o ./fnmatch.o ./fopen_unlocked.o ./getopt.o ./getopt1.o ./getpwd.o ./getruntime.o ./hashtab.o ./hex.o ./lbasename.o ./lrealpath.o ./make-relative-prefix.o ./make-temp-file.o ./objalloc.o ./obstack.o ./partition.o ./pexecute.o ./physmem.o ./pex-common.o ./pex-one.o ./pex-unix.o ./safe-ctype.o ./simple-object.o ./simple-object-coff.o ./simple-object-elf.o ./simple-object-mach-o.o ./sort.o ./spaces.o ./splay-tree.o ./stack-limit.o ./strerror.o ./strsignal.o ./timeval-utils.o ./unlink-if-ordinary.o ./xatexit.o ./xexit.o ./xmalloc.o ./xmemdup.o ./xstrdup.o ./xstrerror.o ./xstrndup.o  ./setproctitle.o; \
	  ranlib ./libiberty.a; \
	  cd ..; \
	else true; fi
config.status: linking .././../gmp/gmp-5.1.1/mpn/generic/rootrem.c to mpn/rootrem.c
make[3]: Leaving directory `/home/sparksco/android/toolchain/aosp/build/binutils-2.23.1/libiberty'
/bin/bash ./libtool --tag=CC   --mode=compile gcc-4.7 -DHAVE_CONFIG_H -I. -I../.././../binutils/binutils-2.23.1/bfd -I. -I../.././../binutils/binutils-2.23.1/bfd -I../.././../binutils/binutils-2.23.1/bfd/../include  -DHAVE_bfd_elf32_littlearm_vec -DHAVE_bfd_elf32_bigarm_vec -DHAVE_bfd_elf32_little_generic_vec -DHAVE_bfd_elf32_big_generic_vec  -DBINDIR='"/home/sparksco/android/arm-linux-androideabi/bin"'  -W -Wall -Wstrict-prototypes -Wmissing-prototypes -Wshadow -Werror -m32 -MT cache.lo -MD -MP -MF .deps/cache.Tpo -c -o cache.lo ../.././../binutils/binutils-2.23.1/bfd/cache.c
checking for iswctype... mv -f .deps/archive.Tpo .deps/archive.Plo
config.status: linking .././../gmp/gmp-5.1.1/mpn/generic/sqrtrem.c to mpn/sqrtrem.c
/bin/bash ./libtool --tag=CC   --mode=compile gcc-4.7 -DHAVE_CONFIG_H -I. -I../.././../binutils/binutils-2.23.1/bfd -I. -I../.././../binutils/binutils-2.23.1/bfd -I../.././../binutils/binutils-2.23.1/bfd/../include  -DHAVE_bfd_elf32_littlearm_vec -DHAVE_bfd_elf32_bigarm_vec -DHAVE_bfd_elf32_little_generic_vec -DHAVE_bfd_elf32_big_generic_vec  -DBINDIR='"/home/sparksco/android/arm-linux-androideabi/bin"'  -W -Wall -Wstrict-prototypes -Wmissing-prototypes -Wshadow -Werror -m32 -MT coffgen.lo -MD -MP -MF .deps/coffgen.Tpo -c -o coffgen.lo ../.././../binutils/binutils-2.23.1/bfd/coffgen.c
config.status: linking .././../gmp/gmp-5.1.1/mpn/generic/get_str.c to mpn/get_str.c
mv -f .deps/bfdio.Tpo .deps/bfdio.Plo
mv -f .deps/bfdwin.Tpo .deps/bfdwin.Plo
/bin/bash ./libtool --tag=CC   --mode=compile gcc-4.7 -DHAVE_CONFIG_H -I. -I../.././../binutils/binutils-2.23.1/bfd -I. -I../.././../binutils/binutils-2.23.1/bfd -I../.././../binutils/binutils-2.23.1/bfd/../include  -DHAVE_bfd_elf32_littlearm_vec -DHAVE_bfd_elf32_bigarm_vec -DHAVE_bfd_elf32_little_generic_vec -DHAVE_bfd_elf32_big_generic_vec  -DBINDIR='"/home/sparksco/android/arm-linux-androideabi/bin"'  -W -Wall -Wstrict-prototypes -Wmissing-prototypes -Wshadow -Werror -m32 -MT corefile.lo -MD -MP -MF .deps/corefile.Tpo -c -o corefile.lo ../.././../binutils/binutils-2.23.1/bfd/corefile.c
/bin/bash ./libtool --tag=CC   --mode=compile gcc-4.7 -DHAVE_CONFIG_H -I. -I../.././../binutils/binutils-2.23.1/bfd -I. -I../.././../binutils/binutils-2.23.1/bfd -I../.././../binutils/binutils-2.23.1/bfd/../include  -DHAVE_bfd_elf32_littlearm_vec -DHAVE_bfd_elf32_bigarm_vec -DHAVE_bfd_elf32_little_generic_vec -DHAVE_bfd_elf32_big_generic_vec  -DBINDIR='"/home/sparksco/android/arm-linux-androideabi/bin"'  -W -Wall -Wstrict-prototypes -Wmissing-prototypes -Wshadow -Werror -m32 -MT format.lo -MD -MP -MF .deps/format.Tpo -c -o format.lo ../.././../binutils/binutils-2.23.1/bfd/format.c
config.status: linking .././../gmp/gmp-5.1.1/mpn/generic/set_str.c to mpn/set_str.c
libtool: compile:  gcc-4.7 -DHAVE_CONFIG_H -I. -I../.././../binutils/binutils-2.23.1/bfd -I. -I../.././../binutils/binutils-2.23.1/bfd -I../.././../binutils/binutils-2.23.1/bfd/../include -DHAVE_bfd_elf32_littlearm_vec -DHAVE_bfd_elf32_bigarm_vec -DHAVE_bfd_elf32_little_generic_vec -DHAVE_bfd_elf32_big_generic_vec -DBINDIR=\"/home/sparksco/android/arm-linux-androideabi/bin\" -W -Wall -Wstrict-prototypes -Wmissing-prototypes -Wshadow -Werror -m32 -MT cache.lo -MD -MP -MF .deps/cache.Tpo -c ../.././../binutils/binutils-2.23.1/bfd/cache.c -o cache.o
config.status: linking .././../gmp/gmp-5.1.1/mpn/generic/scan0.c to mpn/scan0.c
yes
no
checking whether canonicalize_file_name must be declared... libtool: compile:  gcc-4.7 -DHAVE_CONFIG_H -I. -I../.././../binutils/binutils-2.23.1/bfd -I. -I../.././../binutils/binutils-2.23.1/bfd -I../.././../binutils/binutils-2.23.1/bfd/../include -DHAVE_bfd_elf32_littlearm_vec -DHAVE_bfd_elf32_bigarm_vec -DHAVE_bfd_elf32_little_generic_vec -DHAVE_bfd_elf32_big_generic_vec -DBINDIR=\"/home/sparksco/android/arm-linux-androideabi/bin\" -W -Wall -Wstrict-prototypes -Wmissing-prototypes -Wshadow -Werror -m32 -MT coffgen.lo -MD -MP -MF .deps/coffgen.Tpo -c ../.././../binutils/binutils-2.23.1/bfd/coffgen.c -o coffgen.o
config.status: linking .././../gmp/gmp-5.1.1/mpn/generic/scan1.c to mpn/scan1.c
libtool: compile:  gcc-4.7 -DHAVE_CONFIG_H -I. -I../.././../binutils/binutils-2.23.1/bfd -I. -I../.././../binutils/binutils-2.23.1/bfd -I../.././../binutils/binutils-2.23.1/bfd/../include -DHAVE_bfd_elf32_littlearm_vec -DHAVE_bfd_elf32_bigarm_vec -DHAVE_bfd_elf32_little_generic_vec -DHAVE_bfd_elf32_big_generic_vec -DBINDIR=\"/home/sparksco/android/arm-linux-androideabi/bin\" -W -Wall -Wstrict-prototypes -Wmissing-prototypes -Wshadow -Werror -m32 -MT corefile.lo -MD -MP -MF .deps/corefile.Tpo -c ../.././../binutils/binutils-2.23.1/bfd/corefile.c -o corefile.o
none needed
checking for a BSD-compatible install... /usr/bin/install -c
checking for x86_64-linux-gnu-ar... libtool: compile:  gcc-4.7 -DHAVE_CONFIG_H -I. -I../.././../binutils/binutils-2.23.1/bfd -I. -I../.././../binutils/binutils-2.23.1/bfd -I../.././../binutils/binutils-2.23.1/bfd/../include -DHAVE_bfd_elf32_littlearm_vec -DHAVE_bfd_elf32_bigarm_vec -DHAVE_bfd_elf32_little_generic_vec -DHAVE_bfd_elf32_big_generic_vec -DBINDIR=\"/home/sparksco/android/arm-linux-androideabi/bin\" -W -Wall -Wstrict-prototypes -Wmissing-prototypes -Wshadow -Werror -m32 -MT format.lo -MD -MP -MF .deps/format.Tpo -c ../.././../binutils/binutils-2.23.1/bfd/format.c -o format.o
ar
checking for x86_64-linux-gnu-ranlib... ranlib
yes
config.status: linking .././../gmp/gmp-5.1.1/mpn/x86_64/popham.asm to mpn/popcount.asm
checking for nl_langinfo and CODESET... config.status: linking .././../gmp/gmp-5.1.1/mpn/x86_64/popham.asm to mpn/hamdist.asm
checking build system type... checking for gcc version with buggy 64-bit support... config.status: linking .././../gmp/gmp-5.1.1/mpn/generic/cmp.c to mpn/cmp.c
no
yes
config.status: linking .././../gmp/gmp-5.1.1/mpn/generic/perfsqr.c to mpn/perfsqr.c
checking for ftello... checking for stdlib.h... (cached) yes
config.status: linking .././../gmp/gmp-5.1.1/mpn/generic/perfpow.c to mpn/perfpow.c
x86_64-pc-linux-gnu
checking host system type... checking for unistd.h... /./../gmp/gmp-5.1.1/mpn/x86_64/gcd_1.asm to mpn/gcd_1.asm
(cached) yes
mv -f .deps/corefile.Tpo .deps/corefile.Plo
checking for getpagesize... (cached) yes
checking for working mmap... mv -f .deps/format.Tpo .deps/format.Plo
/bin/bash ./libtool --tag=CC   --mode=compile gcc-4.7 -DHAVE_CONFIG_H -I. -I../.././../binutils/binutils-2.23.1/bfd -I. -I../.././../binutils/binutils-2.23.1/bfd -I../.././../binutils/binutils-2.23.1/bfd/../include  -DHAVE_bfd_elf32_littlearm_vec -DHAVE_bfd_elf32_bigarm_vec -DHAVE_bfd_elf32_little_generic_vec -DHAVE_bfd_elf32_big_generic_vec  -DBINDIR='"/home/sparksco/android/arm-linux-androideabi/bin"'  -W -Wall -Wstrict-prototypes -Wmissing-prototypes -Wshadow -Werror -m32 -MT init.lo -MD -MP -MF .deps/init.Tpo -c -o init.lo ../.././../binutils/binutils-2.23.1/bfd/init.c
yes
config.status: linking .././../gmp/gmp-5.1.1/mpn/generic/gcd.c to mpn/gcd.c
checking for wchar_t in wchar.h... /bin/bash ./libtool --tag=CC   --mode=compile gcc-4.7 -DHAVE_CONFIG_H -I. -I../.././../binutils/binutils-2.23.1/bfd -I. -I../.././../binutils/binutils-2.23.1/bfd -I../.././../binutils/binutils-2.23.1/bfd/../include  -DHAVE_bfd_elf32_littlearm_vec -DHAVE_bfd_elf32_bigarm_vec -DHAVE_bfd_elf32_little_generic_vec -DHAVE_bfd_elf32_big_generic_vec  -DBINDIR='"/home/sparksco/android/arm-linux-androideabi/bin"'  -W -Wall -Wstrict-prototypes -Wmissing-prototypes -Wshadow -Werror -m32 -MT libbfd.lo -MD -MP -MF .deps/libbfd.Tpo -c -o libbfd.lo ../.././../binutils/binutils-2.23.1/bfd/libbfd.c
x86_64-pc-linux-gnu
checking target system type... mv -f .deps/cache.Tpo .deps/cache.Plo
/bin/bash ./libtool --tag=CC   --mode=compile gcc-4.7 -DHAVE_CONFIG_H -I. -I../.././../binutils/binutils-2.23.1/bfd -I. -I../.././../binutils/binutils-2.23.1/bfd -I../.././../binutils/binutils-2.23.1/bfd/../include  -DHAVE_bfd_elf32_littlearm_vec -DHAVE_bfd_elf32_bigarm_vec -DHAVE_bfd_elf32_little_generic_vec -DHAVE_bfd_elf32_big_generic_vec  -DBINDIR='"/home/sparksco/android/arm-linux-androideabi/bin"'  -W -Wall -Wstrict-prototypes -Wmissing-prototypes -Wshadow -Werror -m32 -MT opncls.lo -MD -MP -MF .deps/opncls.Tpo -c -o opncls.lo ../.././../binutils/binutils-2.23.1/bfd/opncls.c
config.status: linking .././../gmp/gmp-5.1.1/mpn/generic/gcdext_1.c to mpn/gcdext_1.c
config.status: linking .././../gmp/gmp-5.1.1/mpn/generic/gcdext.c to mpn/gcdext.c
yes
libtool: compile:  gcc-4.7 -DHAVE_CONFIG_H -I. -I../.././../binutils/binutils-2.23.1/bfd -I. -I../.././../binutils/binutils-2.23.1/bfd -I../.././../binutils/binutils-2.23.1/bfd/../include -DHAVE_bfd_elf32_littlearm_vec -DHAVE_bfd_elf32_bigarm_vec -DHAVE_bfd_elf32_little_generic_vec -DHAVE_bfd_elf32_big_generic_vec -DBINDIR=\"/home/sparksco/android/arm-linux-androideabi/bin\" -W -Wall -Wstrict-prototypes -Wmissing-prototypes -Wshadow -Werror -m32 -MT init.lo -MD -MP -MF .deps/init.Tpo -c ../.././../binutils/binutils-2.23.1/bfd/init.c -o init.o
arm-unknown-linux-android
libtool: compile:  gcc-4.7 -DHAVE_CONFIG_H -I. -I../.././../binutils/binutils-2.23.1/bfd -I. -I../.././../binutils/binutils-2.23.1/bfd -I../.././../binutils/binutils-2.23.1/bfd/../include -DHAVE_bfd_elf32_littlearm_vec -DHAVE_bfd_elf32_bigarm_vec -DHAVE_bfd_elf32_little_generic_vec -DHAVE_bfd_elf32_big_generic_vec -DBINDIR=\"/home/sparksco/android/arm-linux-androideabi/bin\" -W -Wall -Wstrict-prototypes -Wmissing-prototypes -Wshadow -Werror -m32 -MT libbfd.lo -MD -MP -MF .deps/libbfd.Tpo -c ../.././../binutils/binutils-2.23.1/bfd/libbfd.c -o libbfd.o
checking for ftello64... config.status: linking .././../gmp/gmp-5.1.1/mpn/generic/gcd_subdiv_step.c to mpn/gcd_subdiv_step.c
checking for x86_64-linux-gnu-gcc... (cached) gcc-4.7
libtool: compile:  gcc-4.7 -DHAVE_CONFIG_H -I. -I../.././../binutils/binutils-2.23.1/bfd -I. -I../.././../binutils/binutils-2.23.1/bfd -I../.././../binutils/binutils-2.23.1/bfd/../include -DHAVE_bfd_elf32_littlearm_vec -DHAVE_bfd_elf32_bigarm_vec -DHAVE_bfd_elf32_little_generic_vec -DHAVE_bfd_elf32_big_generic_vec -DBINDIR=\"/home/sparksco/android/arm-linux-androideabi/bin\" -W -Wall -Wstrict-prototypes -Wmissing-prototypes -Wshadow -Werror -m32 -MT opncls.lo -MD -MP -MF .deps/opncls.Tpo -c ../.././../binutils/binutils-2.23.1/bfd/opncls.c -o opncls.o
yes
checking for wctype_t in wctype.h... config.status: linking .././../gmp/gmp-5.1.1/mpn/generic/gcdext_lehmer.c to mpn/gcdext_lehmer.c
config.status: linking .././../gmp/gmp-5.1.1/mpn/generic/div_q.c to mpn/div_q.c
config.status: linking .././../gmp/gmp-5.1.1/mpn/generic/tdiv_qr.c to mpn/tdiv_qr.c
checking whether we are using the GNU C compiler... (cached) yes
checking whether gcc-4.7 accepts -g... (cached) yes
checking for gcc-4.7 option to accept ISO C89... (cached) none needed
checking for x86_64-linux-gnu-ranlib... (cached) ranlib
mv -f .deps/init.Tpo .deps/init.Plo
yes
checking for wint_t in wctype.h... /bin/bash ./libtool --tag=CC   --mode=compile gcc-4.7 -DHAVE_CONFIG_H -I. -I../.././../binutils/binutils-2.23.1/bfd -I. -I../.././../binutils/binutils-2.23.1/bfd -I../.././../binutils/binutils-2.23.1/bfd/../include  -DHAVE_bfd_elf32_littlearm_vec -DHAVE_bfd_elf32_bigarm_vec -DHAVE_bfd_elf32_little_generic_vec -DHAVE_bfd_elf32_big_generic_vec  -DBINDIR='"/home/sparksco/android/arm-linux-androideabi/bin"'  -W -Wall -Wstrict-prototypes -Wmissing-prototypes -Wshadow -Werror -m32 -MT reloc.lo -MD -MP -MF .deps/reloc.Tpo -c -o reloc.lo ../.././../binutils/binutils-2.23.1/bfd/reloc.c
yes
config.status: linking .././../gmp/gmp-5.1.1/mpn/generic/jacbase.c to mpn/jacbase.c
yes
checking for working strncmp... configure: updating cache ./config.cache
checking for fseeko... config.status: linking .././../gmp/gmp-5.1.1/mpn/generic/jacobi_2.c to mpn/jacobi_2.c
yes
checking configuration for building shared libraries... configure: creating ./config.status
libtool: compile:  gcc-4.7 -DHAVE_CONFIG_H -I. -I../.././../binutils/binutils-2.23.1/bfd -I. -I../.././../binutils/binutils-2.23.1/bfd -I../.././../binutils/binutils-2.23.1/bfd/../include -DHAVE_bfd_elf32_littlearm_vec -DHAVE_bfd_elf32_bigarm_vec -DHAVE_bfd_elf32_little_generic_vec -DHAVE_bfd_elf32_big_generic_vec -DBINDIR=\"/home/sparksco/android/arm-linux-androideabi/bin\" -W -Wall -Wstrict-prototypes -Wmissing-prototypes -Wshadow -Werror -m32 -MT reloc.lo -MD -MP -MF .deps/reloc.Tpo -c ../.././../binutils/binutils-2.23.1/bfd/reloc.c -o reloc.o
config.status: linking .././../gmp/gmp-5.1.1/mpn/generic/jacobi.c to mpn/jacobi.c
supported
config.status: linking .././../gmp/gmp-5.1.1/mpn/generic/get_d.c to mpn/get_d.c
config.status: linking .././../gmp/gmp-5.1.1/mpn/generic/matrix22_mul.c to mpn/matrix22_mul.c
mv -f .deps/coffgen.Tpo .deps/coffgen.Plo
/bin/bash ./libtool --tag=CC   --mode=compile gcc-4.7 -DHAVE_CONFIG_H -I. -I../.././../binutils/binutils-2.23.1/bfd -I. -I../.././../binutils/binutils-2.23.1/bfd -I../.././../binutils/binutils-2.23.1/bfd/../include  -DHAVE_bfd_elf32_littlearm_vec -DHAVE_bfd_elf32_bigarm_vec -DHAVE_bfd_elf32_little_generic_vec -DHAVE_bfd_elf32_big_generic_vec  -DBINDIR='"/home/sparksco/android/arm-linux-androideabi/bin"'  -W -Wall -Wstrict-prototypes -Wmissing-prototypes -Wshadow -Werror -m32 -MT section.lo -MD -MP -MF .deps/section.Tpo -c -o section.lo ../.././../binutils/binutils-2.23.1/bfd/section.c
mv -f .deps/libbfd.Tpo .deps/libbfd.Plo
config.status: linking .././../gmp/gmp-5.1.1/mpn/generic/matrix22_mul1_inverse_vector.c to mpn/matrix22_mul1_inverse_vector.c
/bin/bash ./libtool --tag=CC   --mode=compile gcc-4.7 -DHAVE_CONFIG_H -I. -I../.././../binutils/binutils-2.23.1/bfd -I. -I../.././../binutils/binutils-2.23.1/bfd -I../.././../binutils/binutils-2.23.1/bfd/../include  -DHAVE_bfd_elf32_littlearm_vec -DHAVE_bfd_elf32_bigarm_vec -DHAVE_bfd_elf32_little_generic_vec -DHAVE_bfd_elf32_big_generic_vec  -DBINDIR='"/home/sparksco/android/arm-linux-androideabi/bin"'  -W -Wall -Wstrict-prototypes -Wmissing-prototypes -Wshadow -Werror -m32 -MT syms.lo -MD -MP -MF .deps/syms.Tpo -c -o syms.lo ../.././../binutils/binutils-2.23.1/bfd/syms.c
config.status: linking .././../gmp/gmp-5.1.1/mpn/generic/hgcd_matrix.c to mpn/hgcd_matrix.c
config.status: linking .././../gmp/gmp-5.1.1/mpn/generic/hgcd2.c to mpn/hgcd2.c
yes
yes
mv -f .deps/opncls.Tpo .deps/opncls.Plo
/bin/bash ./libtool --tag=CC   --mode=compile gcc-4.7 -DHAVE_CONFIG_H -I. -I../.././../binutils/binutils-2.23.1/bfd -I. -I../.././../binutils/binutils-2.23.1/bfd -I../.././../binutils/binutils-2.23.1/bfd/../include  -DHAVE_bfd_elf32_littlearm_vec -DHAVE_bfd_elf32_bigarm_vec -DHAVE_bfd_elf32_little_generic_vec -DHAVE_bfd_elf32_big_generic_vec  -DBINDIR='"/home/sparksco/android/arm-linux-androideabi/bin"'  -W -Wall -Wstrict-prototypes -Wmissing-prototypes -Wshadow -Werror -m32 -MT targets.lo -MD -MP -MF .deps/targets.Tpo -c -o targets.lo -DDEFAULT_VECTOR=bfd_elf32_littlearm_vec -DSELECT_VECS='&bfd_elf32_littlearm_vec,&bfd_elf32_bigarm_vec,&bfd_elf32_little_generic_vec,&bfd_elf32_big_generic_vec' -DSELECT_ARCHITECTURES='&bfd_arm_arch' ../.././../binutils/binutils-2.23.1/bfd/targets.c
libtool: compile:  gcc-4.7 -DHAVE_CONFIG_H -I. -I../.././../binutils/binutils-2.23.1/bfd -I. -I../.././../binutils/binutils-2.23.1/bfd -I../.././../binutils/binutils-2.23.1/bfd/../include -DHAVE_bfd_elf32_littlearm_vec -DHAVE_bfd_elf32_bigarm_vec -DHAVE_bfd_elf32_little_generic_vec -DHAVE_bfd_elf32_big_generic_vec -DBINDIR=\"/home/sparksco/android/arm-linux-androideabi/bin\" -W -Wall -Wstrict-prototypes -Wmissing-prototypes -Wshadow -Werror -m32 -MT section.lo -MD -MP -MF .deps/section.Tpo -c ../.././../binutils/binutils-2.23.1/bfd/section.c -o section.o
checking for fseeko64... configure: updating cache ./config.cache
config.status: linking .././../gmp/gmp-5.1.1/mpn/generic/hgcd_step.c to mpn/hgcd_step.c
configure: creating ./config.status
libtool: compile:  gcc-4.7 -DHAVE_CONFIG_H -I. -I../.././../binutils/binutils-2.23.1/bfd -I. -I../.././../binutils/binutils-2.23.1/bfd -I../.././../binutils/binutils-2.23.1/bfd/../include -DHAVE_bfd_elf32_littlearm_vec -DHAVE_bfd_elf32_bigarm_vec -DHAVE_bfd_elf32_little_generic_vec -DHAVE_bfd_elf32_big_generic_vec -DBINDIR=\"/home/sparksco/android/arm-linux-androideabi/bin\" -W -Wall -Wstrict-prototypes -Wmissing-prototypes -Wshadow -Werror -m32 -MT syms.lo -MD -MP -MF .deps/syms.Tpo -c ../.././../binutils/binutils-2.23.1/bfd/syms.c -o syms.o
config.status: linking .././../gmp/gmp-5.1.1/mpn/generic/hgcd_reduce.c to mpn/hgcd_reduce.c
libtool: compile:  gcc-4.7 -DHAVE_CONFIG_H -I. -I../.././../binutils/binutils-2.23.1/bfd -I. -I../.././../binutils/binutils-2.23.1/bfd -I../.././../binutils/binutils-2.23.1/bfd/../include -DHAVE_bfd_elf32_littlearm_vec -DHAVE_bfd_elf32_bigarm_vec -DHAVE_bfd_elf32_little_generic_vec -DHAVE_bfd_elf32_big_generic_vec -DBINDIR=\"/home/sparksco/android/arm-linux-androideabi/bin\" -W -Wall -Wstrict-prototypes -Wmissing-prototypes -Wshadow -Werror -m32 -MT targets.lo -MD -MP -MF .deps/targets.Tpo -c -DDEFAULT_VECTOR=bfd_elf32_littlearm_vec "-DSELECT_VECS=&bfd_elf32_littlearm_vec,&bfd_elf32_bigarm_vec,&bfd_elf32_little_generic_vec,&bfd_elf32_big_generic_vec" "-DSELECT_ARCHITECTURES=&bfd_arm_arch" ../.././../binutils/binutils-2.23.1/bfd/targets.c -o targets.o
configure: updating cache ./config.cache
config.status: linking .././../gmp/gmp-5.1.1/mpn/generic/hgcd.c to mpn/hgcd.c
configure: creating ./config.status
yes
config.status: linking .././../gmp/gmp-5.1.1/mpn/generic/hgcd_appr.c to mpn/hgcd_appr.c
config.status: linking .././../gmp/gmp-5.1.1/mpn/generic/hgcd2_jacobi.c to mpn/hgcd2_jacobi.c
checking for fopen64... config.status: linking .././../gmp/gmp-5.1.1/mpn/generic/hgcd_jacobi.c to mpn/hgcd_jacobi.c
mv -f .deps/reloc.Tpo .deps/reloc.Plo
/bin/bash ./libtool --tag=CC   --mode=compile gcc-4.7 -DHAVE_CONFIG_H -I. -I../.././../binutils/binutils-2.23.1/bfd -I. -I../.././../binutils/binutils-2.23.1/bfd -I../.././../binutils/binutils-2.23.1/bfd/../include  -DHAVE_bfd_elf32_littlearm_vec -DHAVE_bfd_elf32_bigarm_vec -DHAVE_bfd_elf32_little_generic_vec -DHAVE_bfd_elf32_big_generic_vec  -DBINDIR='"/home/sparksco/android/arm-linux-androideabi/bin"'  -W -Wall -Wstrict-prototypes -Wmissing-prototypes -Wshadow -Werror -m32 -MT hash.lo -MD -MP -MF .deps/hash.Tpo -c -o hash.lo ../.././../binutils/binutils-2.23.1/bfd/hash.c
config.status: linking .././../gmp/gmp-5.1.1/mpn/generic/mullo_n.c to mpn/mullo_n.c
mv -f .deps/section.Tpo .deps/section.Plo
/bin/bash ./libtool --tag=CC   --mode=compile gcc-4.7 -DHAVE_CONFIG_H -I. -I../.././../binutils/binutils-2.23.1/bfd -I. -I../.././../binutils/binutils-2.23.1/bfd -I../.././../binutils/binutils-2.23.1/bfd/../include  -DHAVE_bfd_elf32_littlearm_vec -DHAVE_bfd_elf32_bigarm_vec -DHAVE_bfd_elf32_little_generic_vec -DHAVE_bfd_elf32_big_generic_vec  -DBINDIR='"/home/sparksco/android/arm-linux-androideabi/bin"'  -W -Wall -Wstrict-prototypes -Wmissing-prototypes -Wshadow -Werror -m32 -MT linker.lo -MD -MP -MF .deps/linker.Tpo -c -o linker.lo ../.././../binutils/binutils-2.23.1/bfd/linker.c
config.status: linking .././../gmp/gmp-5.1.1/mpn/x86_64/mullo_basecase.asm to mpn/mullo_basecase.asm
config.status: creating Makefile
mv -f .deps/targets.Tpo .deps/targets.Plo
/bin/bash ./libtool --tag=CC   --mode=compile gcc-4.7 -DHAVE_CONFIG_H -I. -I../.././../binutils/binutils-2.23.1/bfd -I. -I../.././../binutils/binutils-2.23.1/bfd -I../.././../binutils/binutils-2.23.1/bfd/../include  -DHAVE_bfd_elf32_littlearm_vec -DHAVE_bfd_elf32_bigarm_vec -DHAVE_bfd_elf32_little_generic_vec -DHAVE_bfd_elf32_big_generic_vec  -DBINDIR='"/home/sparksco/android/arm-linux-androideabi/bin"'  -W -Wall -Wstrict-prototypes -Wmissing-prototypes -Wshadow -Werror -m32 -MT srec.lo -MD -MP -MF .deps/srec.Tpo -c -o srec.lo ../.././../binutils/binutils-2.23.1/bfd/srec.c
libtool: compile:  gcc-4.7 -DHAVE_CONFIG_H -I. -I../.././../binutils/binutils-2.23.1/bfd -I. -I../.././../binutils/binutils-2.23.1/bfd -I../.././../binutils/binutils-2.23.1/bfd/../include -DHAVE_bfd_elf32_littlearm_vec -DHAVE_bfd_elf32_bigarm_vec -DHAVE_bfd_elf32_little_generic_vec -DHAVE_bfd_elf32_big_generic_vec -DBINDIR=\"/home/sparksco/android/arm-linux-androideabi/bin\" -W -Wall -Wstrict-prototypes -Wmissing-prototypes -Wshadow -Werror -m32 -MT hash.lo -MD -MP -MF .deps/hash.Tpo -c ../.././../binutils/binutils-2.23.1/bfd/hash.c -o hash.o
config.status: linking .././../gmp/gmp-5.1.1/mpn/generic/toom22_mul.c to mpn/toom22_mul.c
yes
=== configuring in arm (/home/sparksco/android/toolchain/aosp/build/gdb-7.5.1/sim/arm)
checking size of off_t... libtool: compile:  gcc-4.7 -DHAVE_CONFIG_H -I. -I../.././../binutils/binutils-2.23.1/bfd -I. -I../.././../binutils/binutils-2.23.1/bfd -I../.././../binutils/binutils-2.23.1/bfd/../include -DHAVE_bfd_elf32_littlearm_vec -DHAVE_bfd_elf32_bigarm_vec -DHAVE_bfd_elf32_little_generic_vec -DHAVE_bfd_elf32_big_generic_vec -DBINDIR=\"/home/sparksco/android/arm-linux-androideabi/bin\" -W -Wall -Wstrict-prototypes -Wmissing-prototypes -Wshadow -Werror -m32 -MT linker.lo -MD -MP -MF .deps/linker.Tpo -c ../.././../binutils/binutils-2.23.1/bfd/linker.c -o linker.o
mv -f .deps/syms.Tpo .deps/syms.Plo
configure: running /bin/bash ../../.././../gdb/gdb-7.5.1/sim/arm/configure --disable-option-checking '--prefix=/home/sparksco/android/arm-linux-androideabi'  '--with-system-zlib' '--with-gcc-version=195953' '--with-binutils-version=2.23.1' '--with-gmp-version=5.1.1' '--with-mpfr-version=3.1.1' '--with-gdb-version=7.5.1' '--with-mpc-version=current' '--disable-docs' '--disable-nls' '--with-expat' '--with-libexpat-prefix=/home/sparksco/android/toolchain/aosp/build/temp-install' '--with-python=no' '--program-transform-name=s&^&arm-linux-androideabi-&' '--build=x86_64-linux-gnu' '--host=x86_64-linux-gnu' '--target=arm-linux-android' 'build_alias=x86_64-linux-gnu' 'host_alias=x86_64-linux-gnu' 'target_alias=arm-linux-android' 'CC=gcc-4.7' 'CFLAGS=-g -O2' 'LDFLAGS= ' --cache-file=.././config.cache --srcdir=../../.././../gdb/gdb-7.5.1/sim/arm
/bin/bash ./libtool --tag=CC   --mode=compile gcc-4.7 -DHAVE_CONFIG_H -I. -I../.././../binutils/binutils-2.23.1/bfd -I. -I../.././../binutils/binutils-2.23.1/bfd -I../.././../binutils/binutils-2.23.1/bfd/../include  -DHAVE_bfd_elf32_littlearm_vec -DHAVE_bfd_elf32_bigarm_vec -DHAVE_bfd_elf32_little_generic_vec -DHAVE_bfd_elf32_big_generic_vec  -DBINDIR='"/home/sparksco/android/arm-linux-androideabi/bin"'  -W -Wall -Wstrict-prototypes -Wmissing-prototypes -Wshadow -Werror -m32 -MT binary.lo -MD -MP -MF .deps/binary.Tpo -c -o binary.lo ../.././../binutils/binutils-2.23.1/bfd/binary.c
config.status: linking .././../gmp/gmp-5.1.1/mpn/generic/toom32_mul.c to mpn/toom32_mul.c
config.status: linking .././../gmp/gmp-5.1.1/mpn/generic/toom42_mul.c to mpn/toom42_mul.c
config.status: creating Makefile
libtool: compile:  gcc-4.7 -DHAVE_CONFIG_H -I. -I../.././../binutils/binutils-2.23.1/bfd -I. -I../.././../binutils/binutils-2.23.1/bfd -I../.././../binutils/binutils-2.23.1/bfd/../include -DHAVE_bfd_elf32_littlearm_vec -DHAVE_bfd_elf32_bigarm_vec -DHAVE_bfd_elf32_little_generic_vec -DHAVE_bfd_elf32_big_generic_vec -DBINDIR=\"/home/sparksco/android/arm-linux-androideabi/bin\" -W -Wall -Wstrict-prototypes -Wmissing-prototypes -Wshadow -Werror -m32 -MT srec.lo -MD -MP -MF .deps/srec.Tpo -c ../.././../binutils/binutils-2.23.1/bfd/srec.c -o srec.o
config.status: linking .././../gmp/gmp-5.1.1/mpn/generic/toom52_mul.c to mpn/toom52_mul.c
config.status: creating doc/Makefile
libtool: compile:  gcc-4.7 -DHAVE_CONFIG_H -I. -I../.././../binutils/binutils-2.23.1/bfd -I. -I../.././../binutils/binutils-2.23.1/bfd -I../.././../binutils/binutils-2.23.1/bfd/../include -DHAVE_bfd_elf32_littlearm_vec -DHAVE_bfd_elf32_bigarm_vec -DHAVE_bfd_elf32_little_generic_vec -DHAVE_bfd_elf32_big_generic_vec -DBINDIR=\"/home/sparksco/android/arm-linux-androideabi/bin\" -W -Wall -Wstrict-prototypes -Wmissing-prototypes -Wshadow -Werror -m32 -MT binary.lo -MD -MP -MF .deps/binary.Tpo -c ../.././../binutils/binutils-2.23.1/bfd/binary.c -o binary.o
config.status: linking .././../gmp/gmp-5.1.1/mpn/generic/toom62_mul.c to mpn/toom62_mul.c
config.status: linking .././../gmp/gmp-5.1.1/mpn/generic/toom33_mul.c to mpn/toom33_mul.c
config.status: creating examples/Makefile
config.status: creating Makefile
config.status: linking .././../gmp/gmp-5.1.1/mpn/generic/toom43_mul.c to mpn/toom43_mul.c
mv -f .deps/hash.Tpo .deps/hash.Plo
config.status: creating testsuite/Makefile
config.status: linking .././../gmp/gmp-5.1.1/mpn/generic/toom53_mul.c to mpn/toom53_mul.c
/bin/bash ./libtool --tag=CC   --mode=compile gcc-4.7 -DHAVE_CONFIG_H -I. -I../.././../binutils/binutils-2.23.1/bfd -I. -I../.././../binutils/binutils-2.23.1/bfd -I../.././../binutils/binutils-2.23.1/bfd/../include  -DHAVE_bfd_elf32_littlearm_vec -DHAVE_bfd_elf32_bigarm_vec -DHAVE_bfd_elf32_little_generic_vec -DHAVE_bfd_elf32_big_generic_vec  -DBINDIR='"/home/sparksco/android/arm-linux-androideabi/bin"'  -W -Wall -Wstrict-prototypes -Wmissing-prototypes -Wshadow -Werror -m32 -MT tekhex.lo -MD -MP -MF .deps/tekhex.Tpo -c -o tekhex.lo ../.././../binutils/binutils-2.23.1/bfd/tekhex.c
8
config.status: linking .././../gmp/gmp-5.1.1/mpn/generic/toom54_mul.c to mpn/toom54_mul.c
checking file_ptr type... config.status: creating shlib/Makefile
BFD_HOST_64_BIT
checking for stdlib.h... (cached) yes
config.status: linking .././../gmp/gmp-5.1.1/mpn/generic/toom63_mul.c to mpn/toom63_mul.c
libtool: compile:  gcc-4.7 -DHAVE_CONFIG_H -I. -I../.././../binutils/binutils-2.23.1/bfd -I. -I../.././../binutils/binutils-2.23.1/bfd -I../.././../binutils/binutils-2.23.1/bfd/../include -DHAVE_bfd_elf32_littlearm_vec -DHAVE_bfd_elf32_bigarm_vec -DHAVE_bfd_elf32_little_generic_vec -DHAVE_bfd_elf32_big_generic_vec -DBINDIR=\"/home/sparksco/android/arm-linux-androideabi/bin\" -W -Wall -Wstrict-prototypes -Wmissing-prototypes -Wshadow -Werror -m32 -MT tekhex.lo -MD -MP -MF .deps/tekhex.Tpo -c ../.././../binutils/binutils-2.23.1/bfd/tekhex.c -o tekhex.o
checking for unistd.h... (cached) yes
mv -f .deps/binary.Tpo .deps/binary.Plo
config.status: creating config.h
checking for getpagesize... (cached) yes
/bin/bash ./libtool --tag=CC   --mode=compile gcc-4.7 -DHAVE_CONFIG_H -I. -I../.././../binutils/binutils-2.23.1/bfd -I. -I../.././../binutils/binutils-2.23.1/bfd -I../.././../binutils/binutils-2.23.1/bfd/../include  -DHAVE_bfd_elf32_littlearm_vec -DHAVE_bfd_elf32_bigarm_vec -DHAVE_bfd_elf32_little_generic_vec -DHAVE_bfd_elf32_big_generic_vec  -DBINDIR='"/home/sparksco/android/arm-linux-androideabi/bin"'  -W -Wall -Wstrict-prototypes -Wmissing-prototypes -Wshadow -Werror -m32 -MT ihex.lo -MD -MP -MF .deps/ihex.Tpo -c -o ihex.lo ../.././../binutils/binutils-2.23.1/bfd/ihex.c
config.status: creating config.h
config.status: linking .././../gmp/gmp-5.1.1/mpn/generic/toom44_mul.c to mpn/toom44_mul.c
checking for working mmap... config.status: executing default commands
config.status: executing default commands
config.status: linking .././../gmp/gmp-5.1.1/mpn/generic/toom6h_mul.c to mpn/toom6h_mul.c
libtool: compile:  gcc-4.7 -DHAVE_CONFIG_H -I. -I../.././../binutils/binutils-2.23.1/bfd -I. -I../.././../binutils/binutils-2.23.1/bfd -I../.././../binutils/binutils-2.23.1/bfd/../include -DHAVE_bfd_elf32_littlearm_vec -DHAVE_bfd_elf32_bigarm_vec -DHAVE_bfd_elf32_little_generic_vec -DHAVE_bfd_elf32_big_generic_vec -DBINDIR=\"/home/sparksco/android/arm-linux-androideabi/bin\" -W -Wall -Wstrict-prototypes -Wmissing-prototypes -Wshadow -Werror -m32 -MT ihex.lo -MD -MP -MF .deps/ihex.Tpo -c ../.././../binutils/binutils-2.23.1/bfd/ihex.c -o ihex.o
config.status: linking .././../gmp/gmp-5.1.1/mpn/generic/toom6_sqr.c to mpn/toom6_sqr.c
mv -f .deps/srec.Tpo .deps/srec.Plo
/bin/bash ./libtool --tag=CC   --mode=compile gcc-4.7 -DHAVE_CONFIG_H -I. -I../.././../binutils/binutils-2.23.1/bfd -I. -I../.././../binutils/binutils-2.23.1/bfd -I../.././../binutils/binutils-2.23.1/bfd/../include  -DHAVE_bfd_elf32_littlearm_vec -DHAVE_bfd_elf32_bigarm_vec -DHAVE_bfd_elf32_little_generic_vec -DHAVE_bfd_elf32_big_generic_vec  -DBINDIR='"/home/sparksco/android/arm-linux-androideabi/bin"'  -W -Wall -Wstrict-prototypes -Wmissing-prototypes -Wshadow -Werror -m32 -MT stabs.lo -MD -MP -MF .deps/stabs.Tpo -c -o stabs.lo ../.././../binutils/binutils-2.23.1/bfd/stabs.c
config.status: linking .././../gmp/gmp-5.1.1/mpn/generic/toom8h_mul.c to mpn/toom8h_mul.c
/bin/bash ./libtool --tag=CC   --mode=compile gcc-4.7 -DHAVE_CONFIG_H -I. -I../.././../binutils/binutils-2.23.1/bfd -I. -I../.././../binutils/binutils-2.23.1/bfd -I../.././../binutils/binutils-2.23.1/bfd/../include  -DHAVE_bfd_elf32_littlearm_vec -DHAVE_bfd_elf32_bigarm_vec -DHAVE_bfd_elf32_little_generic_vec -DHAVE_bfd_elf32_big_generic_vec  -DBINDIR='"/home/sparksco/android/arm-linux-androideabi/bin"'  -W -Wall -Wstrict-prototypes -Wmissing-prototypes -Wshadow -Werror -m32 -MT stab-syms.lo -MD -MP -MF .deps/stab-syms.Tpo -c -o stab-syms.lo ../.././../binutils/binutils-2.23.1/bfd/stab-syms.c
config.status: linking .././../gmp/gmp-5.1.1/mpn/generic/toom8_sqr.c to mpn/toom8_sqr.c
config.status: linking .././../gmp/gmp-5.1.1/mpn/generic/toom_couple_handling.c to mpn/toom_couple_handling.c
libtool: compile:  gcc-4.7 -DHAVE_CONFIG_H -I. -I../.././../binutils/binutils-2.23.1/bfd -I. -I../.././../binutils/binutils-2.23.1/bfd -I../.././../binutils/binutils-2.23.1/bfd/../include -DHAVE_bfd_elf32_littlearm_vec -DHAVE_bfd_elf32_bigarm_vec -DHAVE_bfd_elf32_little_generic_vec -DHAVE_bfd_elf32_big_generic_vec -DBINDIR=\"/home/sparksco/android/arm-linux-androideabi/bin\" -W -Wall -Wstrict-prototypes -Wmissing-prototypes -Wshadow -Werror -m32 -MT stabs.lo -MD -MP -MF .deps/stabs.Tpo -c ../.././../binutils/binutils-2.23.1/bfd/stabs.c -o stabs.o
libtool: compile:  gcc-4.7 -DHAVE_CONFIG_H -I. -I../.././../binutils/binutils-2.23.1/bfd -I. -I../.././../binutils/binutils-2.23.1/bfd -I../.././../binutils/binutils-2.23.1/bfd/../include -DHAVE_bfd_elf32_littlearm_vec -DHAVE_bfd_elf32_bigarm_vec -DHAVE_bfd_elf32_little_generic_vec -DHAVE_bfd_elf32_big_generic_vec -DBINDIR=\"/home/sparksco/android/arm-linux-androideabi/bin\" -W -Wall -Wstrict-prototypes -Wmissing-prototypes -Wshadow -Werror -m32 -MT stab-syms.lo -MD -MP -MF .deps/stab-syms.Tpo -c ../.././../binutils/binutils-2.23.1/bfd/stab-syms.c -o stab-syms.o
config.status: linking .././../gmp/gmp-5.1.1/mpn/generic/toom2_sqr.c to mpn/toom2_sqr.c
mv -f .deps/linker.Tpo .deps/linker.Plo
/bin/bash ./libtool --tag=CC   --mode=compile gcc-4.7 -DHAVE_CONFIG_H -I. -I../.././../binutils/binutils-2.23.1/bfd -I. -I../.././../binutils/binutils-2.23.1/bfd -I../.././../binutils/binutils-2.23.1/bfd/../include  -DHAVE_bfd_elf32_littlearm_vec -DHAVE_bfd_elf32_bigarm_vec -DHAVE_bfd_elf32_little_generic_vec -DHAVE_bfd_elf32_big_generic_vec  -DBINDIR='"/home/sparksco/android/arm-linux-androideabi/bin"'  -W -Wall -Wstrict-prototypes -Wmissing-prototypes -Wshadow -Werror -m32 -MT merge.lo -MD -MP -MF .deps/merge.Tpo -c -o merge.lo ../.././../binutils/binutils-2.23.1/bfd/merge.c
make[3]: Entering directory `/home/sparksco/android/toolchain/aosp/build/gdb-7.5.1/readline'
rm -f readline.o
gcc-4.7 -c -DHAVE_CONFIG_H    -I. -I../.././../gdb/gdb-7.5.1/readline -DRL_LIBRARY_VERSION='"6.2"' -g -O2 ../.././../gdb/gdb-7.5.1/readline/readline.c
config.status: linking .././../gmp/gmp-5.1.1/mpn/generic/toom3_sqr.c to mpn/toom3_sqr.c
mv -f .deps/tekhex.Tpo .deps/tekhex.Plo
yes
/bin/bash ./libtool --tag=CC   --mode=compile gcc-4.7 -DHAVE_CONFIG_H -I. -I../.././../binutils/binutils-2.23.1/bfd -I. -I../.././../binutils/binutils-2.23.1/bfd -I../.././../binutils/binutils-2.23.1/bfd/../include  -DHAVE_bfd_elf32_littlearm_vec -DHAVE_bfd_elf32_bigarm_vec -DHAVE_bfd_elf32_little_generic_vec -DHAVE_bfd_elf32_big_generic_vec  -DBINDIR='"/home/sparksco/android/arm-linux-androideabi/bin"'  -W -Wall -Wstrict-prototypes -Wmissing-prototypes -Wshadow -Werror -m32 -MT dwarf2.lo -MD -MP -MF .deps/dwarf2.Tpo -c -o dwarf2.lo -DDEBUGDIR=\"/home/sparksco/android/arm-linux-androideabi/lib/debug\" ../.././../binutils/binutils-2.23.1/bfd/dwarf2.c
config.status: linking .././../gmp/gmp-5.1.1/mpn/generic/toom4_sqr.c to mpn/toom4_sqr.c
checking for madvise... config.status: linking .././../gmp/gmp-5.1.1/mpn/generic/toom_eval_dgr3_pm1.c to mpn/toom_eval_dgr3_pm1.c
mv -f .deps/ihex.Tpo .deps/ihex.Plo
libtool: compile:  gcc-4.7 -DHAVE_CONFIG_H -I. -I../.././../binutils/binutils-2.23.1/bfd -I. -I../.././../binutils/binutils-2.23.1/bfd -I../.././../binutils/binutils-2.23.1/bfd/../include -DHAVE_bfd_elf32_littlearm_vec -DHAVE_bfd_elf32_bigarm_vec -DHAVE_bfd_elf32_little_generic_vec -DHAVE_bfd_elf32_big_generic_vec -DBINDIR=\"/home/sparksco/android/arm-linux-androideabi/bin\" -W -Wall -Wstrict-prototypes -Wmissing-prototypes -Wshadow -Werror -m32 -MT merge.lo -MD -MP -MF .deps/merge.Tpo -c ../.././../binutils/binutils-2.23.1/bfd/merge.c -o merge.o
/bin/bash ./libtool --tag=CC   --mode=compile gcc-4.7 -DHAVE_CONFIG_H -I. -I../.././../binutils/binutils-2.23.1/bfd -I. -I../.././../binutils/binutils-2.23.1/bfd -I../.././../binutils/binutils-2.23.1/bfd/../include  -DHAVE_bfd_elf32_littlearm_vec -DHAVE_bfd_elf32_bigarm_vec -DHAVE_bfd_elf32_little_generic_vec -DHAVE_bfd_elf32_big_generic_vec  -DBINDIR='"/home/sparksco/android/arm-linux-androideabi/bin"'  -W -Wall -Wstrict-prototypes -Wmissing-prototypes -Wshadow -Werror -m32 -MT simple.lo -MD -MP -MF .deps/simple.Tpo -c -o simple.lo ../.././../binutils/binutils-2.23.1/bfd/simple.c
config.status: linking .././../gmp/gmp-5.1.1/mpn/generic/toom_eval_dgr3_pm2.c to mpn/toom_eval_dgr3_pm2.c
mv -f .deps/stab-syms.Tpo .deps/stab-syms.Plo
/bin/bash ./libtool --tag=CC   --mode=compile gcc-4.7 -DHAVE_CONFIG_H -I. -I../.././../binutils/binutils-2.23.1/bfd -I. -I../.././../binutils/binutils-2.23.1/bfd -I../.././../binutils/binutils-2.23.1/bfd/../include  -DHAVE_bfd_elf32_littlearm_vec -DHAVE_bfd_elf32_bigarm_vec -DHAVE_bfd_elf32_little_generic_vec -DHAVE_bfd_elf32_big_generic_vec  -DBINDIR='"/home/sparksco/android/arm-linux-androideabi/bin"'  -W -Wall -Wstrict-prototypes -Wmissing-prototypes -Wshadow -Werror -m32 -MT compress.lo -MD -MP -MF .deps/compress.Tpo -c -o compress.lo ../.././../binutils/binutils-2.23.1/bfd/compress.c
config.status: linking .././../gmp/gmp-5.1.1/mpn/generic/toom_eval_pm1.c to mpn/toom_eval_pm1.c
libtool: compile:  gcc-4.7 -DHAVE_CONFIG_H -I. -I../.././../binutils/binutils-2.23.1/bfd -I. -I../.././../binutils/binutils-2.23.1/bfd -I../.././../binutils/binutils-2.23.1/bfd/../include -DHAVE_bfd_elf32_littlearm_vec -DHAVE_bfd_elf32_bigarm_vec -DHAVE_bfd_elf32_little_generic_vec -DHAVE_bfd_elf32_big_generic_vec -DBINDIR=\"/home/sparksco/android/arm-linux-androideabi/bin\" -W -Wall -Wstrict-prototypes -Wmissing-prototypes -Wshadow -Werror -m32 -MT dwarf2.lo -MD -MP -MF .deps/dwarf2.Tpo -c -DDEBUGDIR=\"/home/sparksco/android/arm-linux-androideabi/lib/debug\" ../.././../binutils/binutils-2.23.1/bfd/dwarf2.c -o dwarf2.o
yes
mv -f .deps/stabs.Tpo .deps/stabs.Plo
/bin/bash ./libtool --tag=CC   --mode=compile gcc-4.7 -DHAVE_CONFIG_H -I. -I../.././../binutils/binutils-2.23.1/bfd -I. -I../.././../binutils/binutils-2.23.1/bfd -I../.././../binutils/binutils-2.23.1/bfd/../include  -DHAVE_bfd_elf32_littlearm_vec -DHAVE_bfd_elf32_bigarm_vec -DHAVE_bfd_elf32_little_generic_vec -DHAVE_bfd_elf32_big_generic_vec  -DBINDIR='"/home/sparksco/android/arm-linux-androideabi/bin"'  -W -Wall -Wstrict-prototypes -Wmissing-prototypes -Wshadow -Werror -m32 -MT verilog.lo -MD -MP -MF .deps/verilog.Tpo -c -o verilog.lo ../.././../binutils/binutils-2.23.1/bfd/verilog.c
config.status: linking .././../gmp/gmp-5.1.1/mpn/generic/toom_eval_pm2.c to mpn/toom_eval_pm2.c
checking for mprotect... libtool: compile:  gcc-4.7 -DHAVE_CONFIG_H -I. -I../.././../binutils/binutils-2.23.1/bfd -I. -I../.././../binutils/binutils-2.23.1/bfd -I../.././../binutils/binutils-2.23.1/bfd/../include -DHAVE_bfd_elf32_littlearm_vec -DHAVE_bfd_elf32_bigarm_vec -DHAVE_bfd_elf32_little_generic_vec -DHAVE_bfd_elf32_big_generic_vec -DBINDIR=\"/home/sparksco/android/arm-linux-androideabi/bin\" -W -Wall -Wstrict-prototypes -Wmissing-prototypes -Wshadow -Werror -m32 -MT simple.lo -MD -MP -MF .deps/simple.Tpo -c ../.././../binutils/binutils-2.23.1/bfd/simple.c -o simple.o
config.status: linking .././../gmp/gmp-5.1.1/mpn/generic/toom_eval_pm2exp.c to mpn/toom_eval_pm2exp.c
libtool: compile:  gcc-4.7 -DHAVE_CONFIG_H -I. -I../.././../binutils/binutils-2.23.1/bfd -I. -I../.././../binutils/binutils-2.23.1/bfd -I../.././../binutils/binutils-2.23.1/bfd/../include -DHAVE_bfd_elf32_littlearm_vec -DHAVE_bfd_elf32_bigarm_vec -DHAVE_bfd_elf32_little_generic_vec -DHAVE_bfd_elf32_big_generic_vec -DBINDIR=\"/home/sparksco/android/arm-linux-androideabi/bin\" -W -Wall -Wstrict-prototypes -Wmissing-prototypes -Wshadow -Werror -m32 -MT compress.lo -MD -MP -MF .deps/compress.Tpo -c ../.././../binutils/binutils-2.23.1/bfd/compress.c -o compress.o
config.status: linking .././../gmp/gmp-5.1.1/mpn/generic/toom_eval_pm2rexp.c to mpn/toom_eval_pm2rexp.c
configure: loading cache .././config.cache
checking for x86_64-linux-gnu-gcc... (cached) gcc-4.7
config.status: linking .././../gmp/gmp-5.1.1/mpn/generic/toom_interpolate_5pts.c to mpn/toom_interpolate_5pts.c
libtool: compile:  gcc-4.7 -DHAVE_CONFIG_H -I. -I../.././../binutils/binutils-2.23.1/bfd -I. -I../.././../binutils/binutils-2.23.1/bfd -I../.././../binutils/binutils-2.23.1/bfd/../include -DHAVE_bfd_elf32_littlearm_vec -DHAVE_bfd_elf32_bigarm_vec -DHAVE_bfd_elf32_little_generic_vec -DHAVE_bfd_elf32_big_generic_vec -DBINDIR=\"/home/sparksco/android/arm-linux-androideabi/bin\" -W -Wall -Wstrict-prototypes -Wmissing-prototypes -Wshadow -Werror -m32 -MT verilog.lo -MD -MP -MF .deps/verilog.Tpo -c ../.././../binutils/binutils-2.23.1/bfd/verilog.c -o verilog.o
yes
config.status: linking .././../gmp/gmp-5.1.1/mpn/generic/toom_interpolate_6pts.c to mpn/toom_interpolate_6pts.c
checking for C compiler default output file name... mv -f .deps/simple.Tpo .deps/simple.Plo
config.status: linking .././../gmp/gmp-5.1.1/mpn/generic/toom_interpolate_7pts.c to mpn/toom_interpolate_7pts.c
mv -f .deps/merge.Tpo .deps/merge.Plo
rm -f vi_mode.o
rm -f funmap.o
config.status: linking .././../gmp/gmp-5.1.1/mpn/generic/toom_interpolate_8pts.c to mpn/toom_interpolate_8pts.c
gcc-4.7 -c -DHAVE_CONFIG_H    -I. -I../.././../gdb/gdb-7.5.1/readline -DRL_LIBRARY_VERSION='"6.2"' -g -O2 ../.././../gdb/gdb-7.5.1/readline/vi_mode.c
gcc-4.7 -c -DHAVE_CONFIG_H    -I. -I../.././../gdb/gdb-7.5.1/readline -DRL_LIBRARY_VERSION='"6.2"' -g -O2 ../.././../gdb/gdb-7.5.1/readline/funmap.c
mv -f .deps/compress.Tpo .deps/compress.Plo
a.out
checking whether the C compiler works... config.status: creating Makefile
yes
rm -f keymaps.o
checking whether we are cross compiling... no
checking for suffix of executables... config.status: linking .././../gmp/gmp-5.1.1/mpn/generic/toom_interpolate_12pts.c to mpn/toom_interpolate_12pts.c
gcc-4.7 -c -DHAVE_CONFIG_H    -I. -I../.././../gdb/gdb-7.5.1/readline -DRL_LIBRARY_VERSION='"6.2"' -g -O2 ../.././../gdb/gdb-7.5.1/readline/keymaps.c
config.status: creating po/Makefile.in
mv -f .deps/verilog.Tpo .deps/verilog.Plo
configure: updating cache ./config.cache
configure: creating ./config.status
/bin/bash ./libtool --tag=CC   --mode=compile gcc-4.7 -DHAVE_CONFIG_H -I. -I../.././../binutils/binutils-2.23.1/bfd -I. -I../.././../binutils/binutils-2.23.1/bfd -I../.././../binutils/binutils-2.23.1/bfd/../include  -DHAVE_bfd_elf32_littlearm_vec -DHAVE_bfd_elf32_bigarm_vec -DHAVE_bfd_elf32_little_generic_vec -DHAVE_bfd_elf32_big_generic_vec  -DBINDIR='"/home/sparksco/android/arm-linux-androideabi/bin"'  -W -Wall -Wstrict-prototypes -Wmissing-prototypes -Wshadow -Werror -m32 -MT elf32-arm.lo -MD -MP -MF .deps/elf32-arm.Tpo -c -o elf32-arm.lo ../.././../binutils/binutils-2.23.1/bfd/elf32-arm.c
config.status: linking .././../gmp/gmp-5.1.1/mpn/generic/toom_interpolate_16pts.c to mpn/toom_interpolate_16pts.c

checking for suffix of object files... (cached) o
checking whether we are using the GNU C compiler... (cached) yes
checking whether gcc-4.7 accepts -g... (cached) yes
config.status: linking .././../gmp/gmp-5.1.1/mpn/generic/invertappr.c to mpn/invertappr.c
checking for gcc-4.7 option to accept ISO C89... (cached) none needed
rm -f parens.o
libtool: compile:  gcc-4.7 -DHAVE_CONFIG_H -I. -I../.././../binutils/binutils-2.23.1/bfd -I. -I../.././../binutils/binutils-2.23.1/bfd -I../.././../binutils/binutils-2.23.1/bfd/../include -DHAVE_bfd_elf32_littlearm_vec -DHAVE_bfd_elf32_bigarm_vec -DHAVE_bfd_elf32_little_generic_vec -DHAVE_bfd_elf32_big_generic_vec -DBINDIR=\"/home/sparksco/android/arm-linux-androideabi/bin\" -W -Wall -Wstrict-prototypes -Wmissing-prototypes -Wshadow -Werror -m32 -MT elf32-arm.lo -MD -MP -MF .deps/elf32-arm.Tpo -c ../.././../binutils/binutils-2.23.1/bfd/elf32-arm.c -o elf32-arm.o
rm -f search.o
config.status: creating config.h
gcc-4.7 -c -DHAVE_CONFIG_H    -I. -I../.././../gdb/gdb-7.5.1/readline -DRL_LIBRARY_VERSION='"6.2"' -g -O2 ../.././../gdb/gdb-7.5.1/readline/parens.c
gcc-4.7 -c -DHAVE_CONFIG_H    -I. -I../.././../gdb/gdb-7.5.1/readline -DRL_LIBRARY_VERSION='"6.2"' -g -O2 ../.././../gdb/gdb-7.5.1/readline/search.c
config.status: linking .././../gmp/gmp-5.1.1/mpn/generic/invert.c to mpn/invert.c
checking build system type... (cached) x86_64-pc-linux-gnu
checking host system type... (cached) x86_64-pc-linux-gnu
checking target system type... (cached) arm-unknown-linux-android
checking how to run the C preprocessor... config.status: executing depfiles commands
config.status: linking .././../gmp/gmp-5.1.1/mpn/generic/binvert.c to mpn/binvert.c
rm -f rltty.o
gcc-4.7 -c -DHAVE_CONFIG_H    -I. -I../.././../gdb/gdb-7.5.1/readline -DRL_LIBRARY_VERSION='"6.2"' -g -O2 ../.././../gdb/gdb-7.5.1/readline/rltty.c
config.status: linking .././../gmp/gmp-5.1.1/mpn/generic/mulmod_bnm1.c to mpn/mulmod_bnm1.c
gcc-4.7 -E
config.status: linking .././../gmp/gmp-5.1.1/mpn/generic/sqrmod_bnm1.c to mpn/sqrmod_bnm1.c
config.status: linking .././../gmp/gmp-5.1.1/mpn/generic/div_qr_2.c to mpn/div_qr_2.c
checking for grep that handles long lines and -e... /bin/grep
checking for egrep... rm -f complete.o
/bin/grep -E
checking for ANSI C header files... gcc-4.7 -c -DHAVE_CONFIG_H    -I. -I../.././../gdb/gdb-7.5.1/readline -DRL_LIBRARY_VERSION='"6.2"' -g -O2 ../.././../gdb/gdb-7.5.1/readline/complete.c
config.status: linking .././../gmp/gmp-5.1.1/mpn/x86_64/div_qr_2n_pi1.asm to mpn/div_qr_2n_pi1.asm
mv -f .deps/dwarf2.Tpo .deps/dwarf2.Plo
/bin/bash ./libtool --tag=CC   --mode=compile gcc-4.7 -DHAVE_CONFIG_H -I. -I../.././../binutils/binutils-2.23.1/bfd -I. -I../.././../binutils/binutils-2.23.1/bfd -I../.././../binutils/binutils-2.23.1/bfd/../include  -DHAVE_bfd_elf32_littlearm_vec -DHAVE_bfd_elf32_bigarm_vec -DHAVE_bfd_elf32_little_generic_vec -DHAVE_bfd_elf32_big_generic_vec  -DBINDIR='"/home/sparksco/android/arm-linux-androideabi/bin"'  -W -Wall -Wstrict-prototypes -Wmissing-prototypes -Wshadow -Werror -m32 -MT elf32.lo -MD -MP -MF .deps/elf32.Tpo -c -o elf32.lo ../.././../binutils/binutils-2.23.1/bfd/elf32.c
config.status: linking .././../gmp/gmp-5.1.1/mpn/x86_64/div_qr_2u_pi1.asm to mpn/div_qr_2u_pi1.asm
rm -f bind.o
gcc-4.7 -c -DHAVE_CONFIG_H    -I. -I../.././../gdb/gdb-7.5.1/readline -DRL_LIBRARY_VERSION='"6.2"' -g -O2 ../.././../gdb/gdb-7.5.1/readline/bind.c
libtool: compile:  gcc-4.7 -DHAVE_CONFIG_H -I. -I../.././../binutils/binutils-2.23.1/bfd -I. -I../.././../binutils/binutils-2.23.1/bfd -I../.././../binutils/binutils-2.23.1/bfd/../include -DHAVE_bfd_elf32_littlearm_vec -DHAVE_bfd_elf32_bigarm_vec -DHAVE_bfd_elf32_little_generic_vec -DHAVE_bfd_elf32_big_generic_vec -DBINDIR=\"/home/sparksco/android/arm-linux-androideabi/bin\" -W -Wall -Wstrict-prototypes -Wmissing-prototypes -Wshadow -Werror -m32 -MT elf32.lo -MD -MP -MF .deps/elf32.Tpo -c ../.././../binutils/binutils-2.23.1/bfd/elf32.c -o elf32.o
config.status: linking .././../gmp/gmp-5.1.1/mpn/generic/sbpi1_div_q.c to mpn/sbpi1_div_q.c
config.status: linking .././../gmp/gmp-5.1.1/mpn/generic/sbpi1_div_qr.c to mpn/sbpi1_div_qr.c
rm -f isearch.o
gcc-4.7 -c -DHAVE_CONFIG_H    -I. -I../.././../gdb/gdb-7.5.1/readline -DRL_LIBRARY_VERSION='"6.2"' -g -O2 ../.././../gdb/gdb-7.5.1/readline/isearch.c
config.status: linking .././../gmp/gmp-5.1.1/mpn/generic/sbpi1_divappr_q.c to mpn/sbpi1_divappr_q.c
config.status: linking .././../gmp/gmp-5.1.1/mpn/generic/dcpi1_div_q.c to mpn/dcpi1_div_q.c
config.status: linking .././../gmp/gmp-5.1.1/mpn/generic/dcpi1_div_qr.c to mpn/dcpi1_div_qr.c
yes
config.status: linking .././../gmp/gmp-5.1.1/mpn/generic/dcpi1_divappr_q.c to mpn/dcpi1_divappr_q.c
checking for sys/types.h... config.status: linking .././../gmp/gmp-5.1.1/mpn/generic/mu_div_qr.c to mpn/mu_div_qr.c
config.status: linking .././../gmp/gmp-5.1.1/mpn/generic/mu_divappr_q.c to mpn/mu_divappr_q.c
yes
config.status: linking .././../gmp/gmp-5.1.1/mpn/generic/mu_div_q.c to mpn/mu_div_q.c
checking for sys/stat.h... config.status: linking .././../gmp/gmp-5.1.1/mpn/x86_64/bdiv_q_1.asm to mpn/bdiv_q_1.asm
config.status: linking .././../gmp/gmp-5.1.1/mpn/generic/sbpi1_bdiv_q.c to mpn/sbpi1_bdiv_q.c
mv -f .deps/elf32.Tpo .deps/elf32.Plo
config.status: linking .././../gmp/gmp-5.1.1/mpn/generic/sbpi1_bdiv_qr.c to mpn/sbpi1_bdiv_qr.c
/bin/bash ./libtool --tag=CC   --mode=compile gcc-4.7 -DHAVE_CONFIG_H -I. -I../.././../binutils/binutils-2.23.1/bfd -I. -I../.././../binutils/binutils-2.23.1/bfd -I../.././../binutils/binutils-2.23.1/bfd/../include  -DHAVE_bfd_elf32_littlearm_vec -DHAVE_bfd_elf32_bigarm_vec -DHAVE_bfd_elf32_little_generic_vec -DHAVE_bfd_elf32_big_generic_vec  -DBINDIR='"/home/sparksco/android/arm-linux-androideabi/bin"'  -W -Wall -Wstrict-prototypes -Wmissing-prototypes -Wshadow -Werror -m32 -MT elf-nacl.lo -MD -MP -MF .deps/elf-nacl.Tpo -c -o elf-nacl.lo ../.././../binutils/binutils-2.23.1/bfd/elf-nacl.c
config.status: linking .././../gmp/gmp-5.1.1/mpn/generic/dcpi1_bdiv_q.c to mpn/dcpi1_bdiv_q.c
yes
checking for stdlib.h... config.status: linking .././../gmp/gmp-5.1.1/mpn/generic/dcpi1_bdiv_qr.c to mpn/dcpi1_bdiv_qr.c
config.status: linking .././../gmp/gmp-5.1.1/mpn/generic/mu_bdiv_q.c to mpn/mu_bdiv_q.c
config.status: linking .././../gmp/gmp-5.1.1/mpn/generic/mu_bdiv_qr.c to mpn/mu_bdiv_qr.c
libtool: compile:  gcc-4.7 -DHAVE_CONFIG_H -I. -I../.././../binutils/binutils-2.23.1/bfd -I. -I../.././../binutils/binutils-2.23.1/bfd -I../.././../binutils/binutils-2.23.1/bfd/../include -DHAVE_bfd_elf32_littlearm_vec -DHAVE_bfd_elf32_bigarm_vec -DHAVE_bfd_elf32_little_generic_vec -DHAVE_bfd_elf32_big_generic_vec -DBINDIR=\"/home/sparksco/android/arm-linux-androideabi/bin\" -W -Wall -Wstrict-prototypes -Wmissing-prototypes -Wshadow -Werror -m32 -MT elf-nacl.lo -MD -MP -MF .deps/elf-nacl.Tpo -c ../.././../binutils/binutils-2.23.1/bfd/elf-nacl.c -o elf-nacl.o
config.status: linking .././../gmp/gmp-5.1.1/mpn/generic/bdiv_q.c to mpn/bdiv_q.c
yes
config.status: linking .././../gmp/gmp-5.1.1/mpn/generic/bdiv_qr.c to mpn/bdiv_qr.c
/bin/bash ./libtool --tag=CC   --mode=compile gcc-4.7 -DHAVE_CONFIG_H -I. -I../.././../binutils/binutils-2.23.1/bfd -I. -I../.././../binutils/binutils-2.23.1/bfd -I../.././../binutils/binutils-2.23.1/bfd/../include  -DHAVE_bfd_elf32_littlearm_vec -DHAVE_bfd_elf32_bigarm_vec -DHAVE_bfd_elf32_little_generic_vec -DHAVE_bfd_elf32_big_generic_vec  -DBINDIR='"/home/sparksco/android/arm-linux-androideabi/bin"'  -W -Wall -Wstrict-prototypes -Wmissing-prototypes -Wshadow -Werror -m32 -MT elf-vxworks.lo -MD -MP -MF .deps/elf-vxworks.Tpo -c -o elf-vxworks.lo ../.././../binutils/binutils-2.23.1/bfd/elf-vxworks.c
checking for string.h... config.status: linking .././../gmp/gmp-5.1.1/mpn/generic/broot.c to mpn/broot.c
config.status: linking .././../gmp/gmp-5.1.1/mpn/generic/brootinv.c to mpn/brootinv.c
config.status: linking .././../gmp/gmp-5.1.1/mpn/generic/bsqrt.c to mpn/bsqrt.c
libtool: compile:  gcc-4.7 -DHAVE_CONFIG_H -I. -I../.././../binutils/binutils-2.23.1/bfd -I. -I../.././../binutils/binutils-2.23.1/bfd -I../.././../binutils/binutils-2.23.1/bfd/../include -DHAVE_bfd_elf32_littlearm_vec -DHAVE_bfd_elf32_bigarm_vec -DHAVE_bfd_elf32_little_generic_vec -DHAVE_bfd_elf32_big_generic_vec -DBINDIR=\"/home/sparksco/android/arm-linux-androideabi/bin\" -W -Wall -Wstrict-prototypes -Wmissing-prototypes -Wshadow -Werror -m32 -MT elf-vxworks.lo -MD -MP -MF .deps/elf-vxworks.Tpo -c ../.././../binutils/binutils-2.23.1/bfd/elf-vxworks.c -o elf-vxworks.o
mv -f .deps/elf-nacl.Tpo .deps/elf-nacl.Plo
/bin/bash ./libtool --tag=CC   --mode=compile gcc-4.7 -DHAVE_CONFIG_H -I. -I../.././../binutils/binutils-2.23.1/bfd -I. -I../.././../binutils/binutils-2.23.1/bfd -I../.././../binutils/binutils-2.23.1/bfd/../include  -DHAVE_bfd_elf32_littlearm_vec -DHAVE_bfd_elf32_bigarm_vec -DHAVE_bfd_elf32_little_generic_vec -DHAVE_bfd_elf32_big_generic_vec  -DBINDIR='"/home/sparksco/android/arm-linux-androideabi/bin"'  -W -Wall -Wstrict-prototypes -Wmissing-prototypes -Wshadow -Werror -m32 -MT elf.lo -MD -MP -MF .deps/elf.Tpo -c -o elf.lo ../.././../binutils/binutils-2.23.1/bfd/elf.c
yes
config.status: linking .././../gmp/gmp-5.1.1/mpn/generic/bsqrtinv.c to mpn/bsqrtinv.c
checking for memory.h... /bin/bash ./libtool --tag=CC   --mode=compile gcc-4.7 -DHAVE_CONFIG_H -I. -I../.././../binutils/binutils-2.23.1/bfd -I. -I../.././../binutils/binutils-2.23.1/bfd -I../.././../binutils/binutils-2.23.1/bfd/../include  -DHAVE_bfd_elf32_littlearm_vec -DHAVE_bfd_elf32_bigarm_vec -DHAVE_bfd_elf32_little_generic_vec -DHAVE_bfd_elf32_big_generic_vec  -DBINDIR='"/home/sparksco/android/arm-linux-androideabi/bin"'  -W -Wall -Wstrict-prototypes -Wmissing-prototypes -Wshadow -Werror -m32 -MT elflink.lo -MD -MP -MF .deps/elflink.Tpo -c -o elflink.lo ../.././../binutils/binutils-2.23.1/bfd/elflink.c
libtool: compile:  gcc-4.7 -DHAVE_CONFIG_H -I. -I../.././../binutils/binutils-2.23.1/bfd -I. -I../.././../binutils/binutils-2.23.1/bfd -I../.././../binutils/binutils-2.23.1/bfd/../include -DHAVE_bfd_elf32_littlearm_vec -DHAVE_bfd_elf32_bigarm_vec -DHAVE_bfd_elf32_little_generic_vec -DHAVE_bfd_elf32_big_generic_vec -DBINDIR=\"/home/sparksco/android/arm-linux-androideabi/bin\" -W -Wall -Wstrict-prototypes -Wmissing-prototypes -Wshadow -Werror -m32 -MT elf.lo -MD -MP -MF .deps/elf.Tpo -c ../.././../binutils/binutils-2.23.1/bfd/elf.c -o elf.o
config.status: linking .././../gmp/gmp-5.1.1/mpn/generic/divexact.c to mpn/divexact.c
config.status: linking .././../gmp/gmp-5.1.1/mpn/x86_64/bdiv_dbm1c.asm to mpn/bdiv_dbm1c.asm
config.status: linking .././../gmp/gmp-5.1.1/mpn/x86_64/redc_1.asm to mpn/redc_1.asm
mv -f .deps/elf-vxworks.Tpo .deps/elf-vxworks.Plo
libtool: compile:  gcc-4.7 -DHAVE_CONFIG_H -I. -I../.././../binutils/binutils-2.23.1/bfd -I. -I../.././../binutils/binutils-2.23.1/bfd -I../.././../binutils/binutils-2.23.1/bfd/../include -DHAVE_bfd_elf32_littlearm_vec -DHAVE_bfd_elf32_bigarm_vec -DHAVE_bfd_elf32_little_generic_vec -DHAVE_bfd_elf32_big_generic_vec -DBINDIR=\"/home/sparksco/android/arm-linux-androideabi/bin\" -W -Wall -Wstrict-prototypes -Wmissing-prototypes -Wshadow -Werror -m32 -MT elflink.lo -MD -MP -MF .deps/elflink.Tpo -c ../.././../binutils/binutils-2.23.1/bfd/elflink.c -o elflink.o
/bin/bash ./libtool --tag=CC   --mode=compile gcc-4.7 -DHAVE_CONFIG_H -I. -I../.././../binutils/binutils-2.23.1/bfd -I. -I../.././../binutils/binutils-2.23.1/bfd -I../.././../binutils/binutils-2.23.1/bfd/../include  -DHAVE_bfd_elf32_littlearm_vec -DHAVE_bfd_elf32_bigarm_vec -DHAVE_bfd_elf32_little_generic_vec -DHAVE_bfd_elf32_big_generic_vec  -DBINDIR='"/home/sparksco/android/arm-linux-androideabi/bin"'  -W -Wall -Wstrict-prototypes -Wmissing-prototypes -Wshadow -Werror -m32 -MT elf-attrs.lo -MD -MP -MF .deps/elf-attrs.Tpo -c -o elf-attrs.lo ../.././../binutils/binutils-2.23.1/bfd/elf-attrs.c
yes
config.status: linking .././../gmp/gmp-5.1.1/mpn/generic/redc_2.c to mpn/redc_2.c
config.status: linking .././../gmp/gmp-5.1.1/mpn/generic/redc_n.c to mpn/redc_n.c
config.status: linking .././../gmp/gmp-5.1.1/mpn/generic/powm.c to mpn/powm.c
config.status: linking .././../gmp/gmp-5.1.1/mpn/generic/powlo.c to mpn/powlo.c
checking for strings.h... libtool: compile:  gcc-4.7 -DHAVE_CONFIG_H -I. -I../.././../binutils/binutils-2.23.1/bfd -I. -I../.././../binutils/binutils-2.23.1/bfd -I../.././../binutils/binutils-2.23.1/bfd/../include -DHAVE_bfd_elf32_littlearm_vec -DHAVE_bfd_elf32_bigarm_vec -DHAVE_bfd_elf32_little_generic_vec -DHAVE_bfd_elf32_big_generic_vec -DBINDIR=\"/home/sparksco/android/arm-linux-androideabi/bin\" -W -Wall -Wstrict-prototypes -Wmissing-prototypes -Wshadow -Werror -m32 -MT elf-attrs.lo -MD -MP -MF .deps/elf-attrs.Tpo -c ../.././../binutils/binutils-2.23.1/bfd/elf-attrs.c -o elf-attrs.o
config.status: linking .././../gmp/gmp-5.1.1/mpn/generic/powm_sec.c to mpn/powm_sec.c
config.status: executing libtool commands
config.status: linking .././../gmp/gmp-5.1.1/mpn/generic/sb_div_sec.c to mpn/sb_div_qr_sec.c
config.status: linking .././../gmp/gmp-5.1.1/mpn/generic/sb_div_sec.c to mpn/sb_div_r_sec.c
yes
config.status: linking .././../gmp/gmp-5.1.1/mpn/generic/sbpi1_div_sec.c to mpn/sbpi1_div_qr_sec.c
checking for inttypes.h... config.status: executing default-1 commands
config.status: linking .././../gmp/gmp-5.1.1/mpn/generic/sbpi1_div_sec.c to mpn/sbpi1_div_r_sec.c
config.status: linking .././../gmp/gmp-5.1.1/mpn/generic/trialdiv.c to mpn/trialdiv.c
config.status: creating po/POTFILES
yes
config.status: creating po/Makefile
mv -f .deps/elf-attrs.Tpo .deps/elf-attrs.Plo
/bin/bash ./libtool --tag=CC   --mode=compile gcc-4.7 -DHAVE_CONFIG_H -I. -I../.././../binutils/binutils-2.23.1/bfd -I. -I../.././../binutils/binutils-2.23.1/bfd -I../.././../binutils/binutils-2.23.1/bfd/../include  -DHAVE_bfd_elf32_littlearm_vec -DHAVE_bfd_elf32_bigarm_vec -DHAVE_bfd_elf32_little_generic_vec -DHAVE_bfd_elf32_big_generic_vec  -DBINDIR='"/home/sparksco/android/arm-linux-androideabi/bin"'  -W -Wall -Wstrict-prototypes -Wmissing-prototypes -Wshadow -Werror -m32 -MT elf-strtab.lo -MD -MP -MF .deps/elf-strtab.Tpo -c -o elf-strtab.lo ../.././../binutils/binutils-2.23.1/bfd/elf-strtab.c
checking for stdint.h... config.status: linking .././../gmp/gmp-5.1.1/mpn/generic/remove.c to mpn/remove.c
rm -f display.o
config.status: linking .././../gmp/gmp-5.1.1/mpn/x86_64/logops_n.asm to mpn/and_n.asm
gcc-4.7 -c -DHAVE_CONFIG_H    -I. -I../.././../gdb/gdb-7.5.1/readline -DRL_LIBRARY_VERSION='"6.2"' -g -O2 ../.././../gdb/gdb-7.5.1/readline/display.c
config.status: linking .././../gmp/gmp-5.1.1/mpn/x86_64/logops_n.asm to mpn/andn_n.asm
config.status: linking .././../gmp/gmp-5.1.1/mpn/x86_64/logops_n.asm to mpn/nand_n.asm
libtool: compile:  gcc-4.7 -DHAVE_CONFIG_H -I. -I../.././../binutils/binutils-2.23.1/bfd -I. -I../.././../binutils/binutils-2.23.1/bfd -I../.././../binutils/binutils-2.23.1/bfd/../include -DHAVE_bfd_elf32_littlearm_vec -DHAVE_bfd_elf32_bigarm_vec -DHAVE_bfd_elf32_little_generic_vec -DHAVE_bfd_elf32_big_generic_vec -DBINDIR=\"/home/sparksco/android/arm-linux-androideabi/bin\" -W -Wall -Wstrict-prototypes -Wmissing-prototypes -Wshadow -Werror -m32 -MT elf-strtab.lo -MD -MP -MF .deps/elf-strtab.Tpo -c ../.././../binutils/binutils-2.23.1/bfd/elf-strtab.c -o elf-strtab.o
yes
checking for unistd.h... config.status: linking .././../gmp/gmp-5.1.1/mpn/x86_64/logops_n.asm to mpn/ior_n.asm
config.status: linking .././../gmp/gmp-5.1.1/mpn/x86_64/logops_n.asm to mpn/iorn_n.asm
rm -f signals.o
gcc-4.7 -c -DHAVE_CONFIG_H    -I. -I../.././../gdb/gdb-7.5.1/readline -DRL_LIBRARY_VERSION='"6.2"' -g -O2 ../.././../gdb/gdb-7.5.1/readline/signals.c
config.status: linking .././../gmp/gmp-5.1.1/mpn/x86_64/logops_n.asm to mpn/nior_n.asm
yes
checking minix/config.h usability... mv -f .deps/elf-strtab.Tpo .deps/elf-strtab.Plo
rm -f util.o
gcc-4.7 -c -DHAVE_CONFIG_H    -I. -I../.././../gdb/gdb-7.5.1/readline -DRL_LIBRARY_VERSION='"6.2"' -g -O2 ../.././../gdb/gdb-7.5.1/readline/util.c
mv -f .deps/elf32-arm.Tpo .deps/elf32-arm.Plo
/bin/bash ./libtool --tag=CC   --mode=compile gcc-4.7 -DHAVE_CONFIG_H -I. -I../.././../binutils/binutils-2.23.1/bfd -I. -I../.././../binutils/binutils-2.23.1/bfd -I../.././../binutils/binutils-2.23.1/bfd/../include  -DHAVE_bfd_elf32_littlearm_vec -DHAVE_bfd_elf32_bigarm_vec -DHAVE_bfd_elf32_little_generic_vec -DHAVE_bfd_elf32_big_generic_vec  -DBINDIR='"/home/sparksco/android/arm-linux-androideabi/bin"'  -W -Wall -Wstrict-prototypes -Wmissing-prototypes -Wshadow -Werror -m32 -MT elf-eh-frame.lo -MD -MP -MF .deps/elf-eh-frame.Tpo -c -o elf-eh-frame.lo ../.././../binutils/binutils-2.23.1/bfd/elf-eh-frame.c
config.status: linking .././../gmp/gmp-5.1.1/mpn/x86_64/logops_n.asm to mpn/xor_n.asm
rm -f kill.o
gcc-4.7 -c -DHAVE_CONFIG_H    -I. -I../.././../gdb/gdb-7.5.1/readline -DRL_LIBRARY_VERSION='"6.2"' -g -O2 ../.././../gdb/gdb-7.5.1/readline/kill.c
config.status: linking .././../gmp/gmp-5.1.1/mpn/x86_64/logops_n.asm to mpn/xnor_n.asm
libtool: compile:  gcc-4.7 -DHAVE_CONFIG_H -I. -I../.././../binutils/binutils-2.23.1/bfd -I. -I../.././../binutils/binutils-2.23.1/bfd -I../.././../binutils/binutils-2.23.1/bfd/../include -DHAVE_bfd_elf32_littlearm_vec -DHAVE_bfd_elf32_bigarm_vec -DHAVE_bfd_elf32_little_generic_vec -DHAVE_bfd_elf32_big_generic_vec -DBINDIR=\"/home/sparksco/android/arm-linux-androideabi/bin\" -W -Wall -Wstrict-prototypes -Wmissing-prototypes -Wshadow -Werror -m32 -MT elf-eh-frame.lo -MD -MP -MF .deps/elf-eh-frame.Tpo -c ../.././../binutils/binutils-2.23.1/bfd/elf-eh-frame.c -o elf-eh-frame.o
../.././../gdb/gdb-7.5.1/readline/util.c: In function ‘_rl_tropen’:
../.././../gdb/gdb-7.5.1/readline/util.c:510:3: warning: format ‘%ld’ expects argument of type ‘long int’, but argument 3 has type ‘__pid_t’ [-Wformat]
rm -f undo.o
gcc-4.7 -c -DHAVE_CONFIG_H    -I. -I../.././../gdb/gdb-7.5.1/readline -DRL_LIBRARY_VERSION='"6.2"' -g -O2 ../.././../gdb/gdb-7.5.1/readline/undo.c
config.status: linking .././../gmp/gmp-5.1.1/mpn/x86_64/copyi.asm to mpn/copyi.asm
config.status: linking .././../gmp/gmp-5.1.1/mpn/x86_64/copyd.asm to mpn/copyd.asm
no
checking minix/config.h presence... rm -f macro.o
gcc-4.7 -c -DHAVE_CONFIG_H    -I. -I../.././../gdb/gdb-7.5.1/readline -DRL_LIBRARY_VERSION='"6.2"' -g -O2 ../.././../gdb/gdb-7.5.1/readline/macro.c
/bin/bash ./libtool --tag=CC   --mode=compile gcc-4.7 -DHAVE_CONFIG_H -I. -I../.././../binutils/binutils-2.23.1/bfd -I. -I../.././../binutils/binutils-2.23.1/bfd -I../.././../binutils/binutils-2.23.1/bfd/../include  -DHAVE_bfd_elf32_littlearm_vec -DHAVE_bfd_elf32_bigarm_vec -DHAVE_bfd_elf32_little_generic_vec -DHAVE_bfd_elf32_big_generic_vec  -DBINDIR='"/home/sparksco/android/arm-linux-androideabi/bin"'  -W -Wall -Wstrict-prototypes -Wmissing-prototypes -Wshadow -Werror -m32 -MT dwarf1.lo -MD -MP -MF .deps/dwarf1.Tpo -c -o dwarf1.lo ../.././../binutils/binutils-2.23.1/bfd/dwarf1.c
no
checking for minix/config.h... no
checking whether it is safe to define __EXTENSIONS__... rm -f input.o
config.status: linking .././../gmp/gmp-5.1.1/mpn/generic/zero.c to mpn/zero.c
gcc-4.7 -c -DHAVE_CONFIG_H    -I. -I../.././../gdb/gdb-7.5.1/readline -DRL_LIBRARY_VERSION='"6.2"' -g -O2 ../.././../gdb/gdb-7.5.1/readline/input.c
libtool: compile:  gcc-4.7 -DHAVE_CONFIG_H -I. -I../.././../binutils/binutils-2.23.1/bfd -I. -I../.././../binutils/binutils-2.23.1/bfd -I../.././../binutils/binutils-2.23.1/bfd/../include -DHAVE_bfd_elf32_littlearm_vec -DHAVE_bfd_elf32_bigarm_vec -DHAVE_bfd_elf32_little_generic_vec -DHAVE_bfd_elf32_big_generic_vec -DBINDIR=\"/home/sparksco/android/arm-linux-androideabi/bin\" -W -Wall -Wstrict-prototypes -Wmissing-prototypes -Wshadow -Werror -m32 -MT dwarf1.lo -MD -MP -MF .deps/dwarf1.Tpo -c ../.././../binutils/binutils-2.23.1/bfd/dwarf1.c -o dwarf1.o
config.status: linking .././../gmp/gmp-5.1.1/mpn/x86_64/tabselect.asm to mpn/tabselect.asm
mv -f .deps/elf-eh-frame.Tpo .deps/elf-eh-frame.Plo
rm -f callback.o
gcc-4.7 -c -DHAVE_CONFIG_H    -I. -I../.././../gdb/gdb-7.5.1/readline -DRL_LIBRARY_VERSION='"6.2"' -g -O2 ../.././../gdb/gdb-7.5.1/readline/callback.c
yes
checking for a BSD-compatible install... /usr/bin/install -c
config.status: linking .././../gmp/gmp-5.1.1/mpn/generic/comb_tables.c to mpn/comb_tables.c
checking for x86_64-linux-gnu-ranlib... (cached) ranlib
checking dependency style of gcc-4.7... /bin/bash ./libtool --tag=CC   --mode=compile gcc-4.7 -DHAVE_CONFIG_H -I. -I../.././../binutils/binutils-2.23.1/bfd -I. -I../.././../binutils/binutils-2.23.1/bfd -I../.././../binutils/binutils-2.23.1/bfd/../include  -DHAVE_bfd_elf32_littlearm_vec -DHAVE_bfd_elf32_bigarm_vec -DHAVE_bfd_elf32_little_generic_vec -DHAVE_bfd_elf32_big_generic_vec  -DBINDIR='"/home/sparksco/android/arm-linux-androideabi/bin"'  -W -Wall -Wstrict-prototypes -Wmissing-prototypes -Wshadow -Werror -m32 -MT elf32-gen.lo -MD -MP -MF .deps/elf32-gen.Tpo -c -o elf32-gen.lo ../.././../binutils/binutils-2.23.1/bfd/elf32-gen.c
config.status: linking .././../gmp/gmp-5.1.1/mpn/x86_64/invert_limb.asm to mpn/invert_limb.asm
config.status: linking .././../gmp/gmp-5.1.1/mpn/x86_64/mul_2.asm to mpn/mul_2.asm
mv -f .deps/dwarf1.Tpo .deps/dwarf1.Plo
libtool: compile:  gcc-4.7 -DHAVE_CONFIG_H -I. -I../.././../binutils/binutils-2.23.1/bfd -I. -I../.././../binutils/binutils-2.23.1/bfd -I../.././../binutils/binutils-2.23.1/bfd/../include -DHAVE_bfd_elf32_littlearm_vec -DHAVE_bfd_elf32_bigarm_vec -DHAVE_bfd_elf32_little_generic_vec -DHAVE_bfd_elf32_big_generic_vec -DBINDIR=\"/home/sparksco/android/arm-linux-androideabi/bin\" -W -Wall -Wstrict-prototypes -Wmissing-prototypes -Wshadow -Werror -m32 -MT elf32-gen.lo -MD -MP -MF .deps/elf32-gen.Tpo -c ../.././../binutils/binutils-2.23.1/bfd/elf32-gen.c -o elf32-gen.o
config.status: linking .././../gmp/gmp-5.1.1/mpn/x86_64/addmul_2.asm to mpn/addmul_2.asm
/bin/bash ./libtool --tag=CC   --mode=compile gcc-4.7 -DHAVE_CONFIG_H -I. -I../.././../binutils/binutils-2.23.1/bfd -I. -I../.././../binutils/binutils-2.23.1/bfd -I../.././../binutils/binutils-2.23.1/bfd/../include  -DHAVE_bfd_elf32_littlearm_vec -DHAVE_bfd_elf32_bigarm_vec -DHAVE_bfd_elf32_little_generic_vec -DHAVE_bfd_elf32_big_generic_vec  -DBINDIR='"/home/sparksco/android/arm-linux-androideabi/bin"'  -W -Wall -Wstrict-prototypes -Wmissing-prototypes -Wshadow -Werror -m32 -MT cpu-arm.lo -MD -MP -MF .deps/cpu-arm.Tpo -c -o cpu-arm.lo ../.././../binutils/binutils-2.23.1/bfd/cpu-arm.c
config.status: linking .././../gmp/gmp-5.1.1/mpn/x86_64/aorrlsh1_n.asm to mpn/addlsh1_n.asm
mv -f .deps/elf.Tpo .deps/elf.Plo
rm -f terminal.o
libtool: compile:  gcc-4.7 -DHAVE_CONFIG_H -I. -I../.././../binutils/binutils-2.23.1/bfd -I. -I../.././../binutils/binutils-2.23.1/bfd -I../.././../binutils/binutils-2.23.1/bfd/../include -DHAVE_bfd_elf32_littlearm_vec -DHAVE_bfd_elf32_bigarm_vec -DHAVE_bfd_elf32_little_generic_vec -DHAVE_bfd_elf32_big_generic_vec -DBINDIR=\"/home/sparksco/android/arm-linux-androideabi/bin\" -W -Wall -Wstrict-prototypes -Wmissing-prototypes -Wshadow -Werror -m32 -MT cpu-arm.lo -MD -MP -MF .deps/cpu-arm.Tpo -c ../.././../binutils/binutils-2.23.1/bfd/cpu-arm.c -o cpu-arm.o
gcc-4.7 -c -DHAVE_CONFIG_H    -I. -I../.././../gdb/gdb-7.5.1/readline -DRL_LIBRARY_VERSION='"6.2"' -g -O2 ../.././../gdb/gdb-7.5.1/readline/terminal.c
rm -f text.o
gcc-4.7 -c -DHAVE_CONFIG_H    -I. -I../.././../gdb/gdb-7.5.1/readline -DRL_LIBRARY_VERSION='"6.2"' -g -O2 ../.././../gdb/gdb-7.5.1/readline/text.c
config.status: linking .././../gmp/gmp-5.1.1/mpn/x86_64/sublsh1_n.asm to mpn/sublsh1_n.asm
config.status: creating Makefile
rm -f nls.o
config.status: linking .././../gmp/gmp-5.1.1/mpn/x86_64/aorrlsh1_n.asm to mpn/rsblsh1_n.asm
gcc-4.7 -c -DHAVE_CONFIG_H    -I. -I../.././../gdb/gdb-7.5.1/readline -DRL_LIBRARY_VERSION='"6.2"' -g -O2 ../.././../gdb/gdb-7.5.1/readline/nls.c
mv -f .deps/elf32-gen.Tpo .deps/elf32-gen.Plo
config.status: linking .././../gmp/gmp-5.1.1/mpn/x86_64/rsh1aors_n.asm to mpn/rsh1add_n.asm
gcc3
checking for make... make
rm -f misc.o
gcc-4.7 -c -DHAVE_CONFIG_H    -I. -I../.././../gdb/gdb-7.5.1/readline -DRL_LIBRARY_VERSION='"6.2"' -g -O2 ../.././../gdb/gdb-7.5.1/readline/misc.c
checking whether NLS is requested... no
config.status: linking .././../gmp/gmp-5.1.1/mpn/x86_64/rsh1aors_n.asm to mpn/rsh1sub_n.asm
config.status: linking .././../gmp/gmp-5.1.1/mpn/x86_64/aorrlsh2_n.asm to mpn/addlsh2_n.asm
config.status: creating doc/Makefile
checking for stdlib.h... (cached) yes
mv -f .deps/cpu-arm.Tpo .deps/cpu-arm.Plo
checking for string.h... (cached) yes
rm -f compat.o
config.status: linking .././../gmp/gmp-5.1.1/mpn/x86_64/aorrlsh2_n.asm to mpn/rsblsh2_n.asm
gcc-4.7 -c -DHAVE_CONFIG_H    -I. -I../.././../gdb/gdb-7.5.1/readline -DRL_LIBRARY_VERSION='"6.2"' -g -O2 ../.././../gdb/gdb-7.5.1/readline/compat.c
rm -f xfree.o
gcc-4.7 -c -DHAVE_CONFIG_H    -I. -I../.././../gdb/gdb-7.5.1/readline -DRL_LIBRARY_VERSION='"6.2"' -g -O2 ../.././../gdb/gdb-7.5.1/readline/xfree.c
checking for strings.h... (cached) yes
config.status: linking .././../gmp/gmp-5.1.1/mpn/x86_64/k8/aorrlsh_n.asm to mpn/addlsh_n.asm
config.status: creating bfd-in3.h
rm -f xmalloc.o
gcc-4.7 -c -DHAVE_CONFIG_H    -I. -I../.././../gdb/gdb-7.5.1/readline -DRL_LIBRARY_VERSION='"6.2"' -g -O2 ../.././../gdb/gdb-7.5.1/readline/xmalloc.c
checking for unistd.h... (cached) yes
config.status: linking .././../gmp/gmp-5.1.1/mpn/x86_64/k8/aorrlsh_n.asm to mpn/rsblsh_n.asm
checking time.h usability... rm -f history.o
config.status: linking .././../gmp/gmp-5.1.1/mpn/generic/add_n_sub_n.c to mpn/add_n_sub_n.c
gcc-4.7 -c -DHAVE_CONFIG_H    -I. -I../.././../gdb/gdb-7.5.1/readline -DRL_LIBRARY_VERSION='"6.2"' -g -O2 ../.././../gdb/gdb-7.5.1/readline/history.c
rm -f histexpand.o
gcc-4.7 -c -DHAVE_CONFIG_H    -I. -I../.././../gdb/gdb-7.5.1/readline -DRL_LIBRARY_VERSION='"6.2"' -g -O2 ../.././../gdb/gdb-7.5.1/readline/histexpand.c
config.status: linking .././../gmp/gmp-5.1.1/mpn/x86_64/addaddmul_1msb0.asm to mpn/addaddmul_1msb0.asm
rm -f histfile.o
gcc-4.7 -c -DHAVE_CONFIG_H    -I. -I../.././../gdb/gdb-7.5.1/readline -DRL_LIBRARY_VERSION='"6.2"' -g -O2 ../.././../gdb/gdb-7.5.1/readline/histfile.c
config.status: creating po/Makefile.in
mv -f .deps/elflink.Tpo .deps/elflink.Plo
config.status: linking .././../gmp/gmp-5.1.1/mpn/x86_64/k8/gmp-mparam.h to gmp-mparam.h
yes
checking time.h presence... /bin/bash ./libtool --tag=CC   --mode=link gcc-4.7 -W -Wall -Wstrict-prototypes -Wmissing-prototypes -Wshadow -Werror -m32  -release `cat libtool-soversion`   -o libbfd.la -rpath /home/sparksco/android/arm-linux-androideabi/x86_64-pc-linux-gnu/arm-linux-androideabi/lib archive.lo archures.lo bfd.lo bfdio.lo bfdwin.lo cache.lo coffgen.lo corefile.lo format.lo init.lo libbfd.lo opncls.lo reloc.lo section.lo syms.lo targets.lo hash.lo linker.lo srec.lo binary.lo tekhex.lo ihex.lo stabs.lo stab-syms.lo merge.lo dwarf2.lo simple.lo compress.lo verilog.lo `cat ofiles`   -lz 
config.status: executing libtool commands
rm -f histsearch.o
yes
checking for time.h... yes
gcc-4.7 -c -DHAVE_CONFIG_H    -I. -I../.././../gdb/gdb-7.5.1/readline -DRL_LIBRARY_VERSION='"6.2"' -g -O2 ../.././../gdb/gdb-7.5.1/readline/histsearch.c
../.././../gdb/gdb-7.5.1/readline/histfile.c: In function ‘history_truncate_file’:
../.././../gdb/gdb-7.5.1/readline/histfile.c:406:13: warning: ignoring return value of ‘write’, declared with attribute warn_unused_result [-Wunused-result]
config.status: creating config.h
checking sys/time.h usability... config.status: executing depfiles commands
yes
checking sys/time.h presence... yes
checking for sys/time.h... yes
rm -f shell.o
gcc-4.7 -c -DHAVE_CONFIG_H    -I. -I../.././../gdb/gdb-7.5.1/readline -DRL_LIBRARY_VERSION='"6.2"' -g -O2 ../.././../gdb/gdb-7.5.1/readline/shell.c
checking sys/resource.h usability... rm -f mbutil.o
gcc-4.7 -c -DHAVE_CONFIG_H    -I. -I../.././../gdb/gdb-7.5.1/readline -DRL_LIBRARY_VERSION='"6.2"' -g -O2 ../.././../gdb/gdb-7.5.1/readline/mbutil.c
rm -f tilde.o
gcc-4.7 -DHAVE_CONFIG_H    -I. -I../.././../gdb/gdb-7.5.1/readline -DRL_LIBRARY_VERSION='"6.2"' -g -O2 -DREADLINE_LIBRARY -c ../.././../gdb/gdb-7.5.1/readline/tilde.c
libtool: link: ar cru .libs/libbfd.a  archive.o archures.o bfd.o bfdio.o bfdwin.o cache.o coffgen.o corefile.o format.o init.o libbfd.o opncls.o reloc.o section.o syms.o targets.o hash.o linker.o srec.o binary.o tekhex.o ihex.o stabs.o stab-syms.o merge.o dwarf2.o simple.o compress.o verilog.o elf32-arm.o elf32.o elf-nacl.o elf-vxworks.o elf.o elflink.o elf-attrs.o elf-strtab.o elf-eh-frame.o dwarf1.o elf32-gen.o cpu-arm.o
libtool: link: ranlib .libs/libbfd.a
yes
checking sys/resource.h presence... configure: WARNING: unrecognized options: --with-gcc-version, --with-binutils-version, --with-gmp-version, --with-mpfr-version, --with-gdb-version, --with-mpc-version, --disable-docs, --disable-nls
configure: summary of build options:

  Version:           GNU MP 5.1.1
  Host type:         x86_64-pc-linux-gnu
  ABI:               64
  Install prefix:    /home/sparksco/android/toolchain/aosp/build/temp-install
  Compiler:          gcc-4.7 -std=gnu99
  Static libraries:  yes
  Shared libraries:  no

yes
checking for sys/resource.h... yes
libtool: link: ( cd ".libs" && rm -f "libbfd.la" && ln -s "../libbfd.la" "libbfd.la" )
libtooldir=`/bin/bash ./libtool --config | sed -n -e 's/^objdir=//p'`; \
	if [ -f $libtooldir/libbfd.a ]; then \
	  cp $libtooldir/libbfd.a libbfd.tmp; \
	  ranlib libbfd.tmp; \
	  /bin/bash ../.././../binutils/binutils-2.23.1/bfd/../move-if-change libbfd.tmp libbfd.a; \
	else true; fi
checking fcntl.h usability... touch stamp-lib
make[4]: Leaving directory `/home/sparksco/android/toolchain/aosp/build/libbfd-binutils-2.23.1/bfd'
make[3]: Leaving directory `/home/sparksco/android/toolchain/aosp/build/libbfd-binutils-2.23.1/bfd'
make[2]: Leaving directory `/home/sparksco/android/toolchain/aosp/build/libbfd-binutils-2.23.1/bfd'
make[1]: Leaving directory `/home/sparksco/android/toolchain/aosp/build/libbfd-binutils-2.23.1'
make[1]: Entering directory `/home/sparksco/android/toolchain/aosp/build/libbfd-binutils-2.23.1/intl'
rm -f stamp-h1
cp ../.././../binutils/binutils-2.23.1/intl/libgnuintl.h libintl.h
/bin/bash ./config.status config.h
yes
checking fcntl.h presence... yes
checking for fcntl.h... yes
( \
	 make -C gmp-5.1.1) && touch stmp-build-host-gmp
checking fpu_control.h usability... make[1]: Entering directory `/home/sparksco/android/toolchain/aosp/build/gmp-5.1.1'
gcc-4.7 -std=gnu99 `test -f 'gen-fac.c' || echo '.././../gmp/gmp-5.1.1/'`gen-fac.c -o gen-fac
gcc-4.7 -std=gnu99 `test -f 'gen-fib.c' || echo '.././../gmp/gmp-5.1.1/'`gen-fib.c -o gen-fib
gcc-4.7 -std=gnu99 `test -f 'gen-bases.c' || echo '.././../gmp/gmp-5.1.1/'`gen-bases.c -o gen-bases -lm
gcc-4.7 -std=gnu99 `test -f 'gen-trialdivtab.c' || echo '.././../gmp/gmp-5.1.1/'`gen-trialdivtab.c -o gen-trialdivtab -lm
gcc-4.7 -std=gnu99 `test -f 'gen-jacobitab.c' || echo '.././../gmp/gmp-5.1.1/'`gen-jacobitab.c -o gen-jacobitab
gcc-4.7 -std=gnu99 `test -f 'gen-psqr.c' || echo '.././../gmp/gmp-5.1.1/'`gen-psqr.c -o gen-psqr -lm
config.status: creating config.h
yes
checking fpu_control.h presence... ./gen-jacobitab >mpn/jacobitab.h || (rm -f mpn/jacobitab.h; exit 1)
yes
checking for fpu_control.h... yes
config.status: config.h is unchanged
test -f config.h || (rm -f stamp-h1 && make stamp-h1)
gcc-4.7 -c  -m32 -DHAVE_CONFIG_H  -I. -I../.././../binutils/binutils-2.23.1/intl ../.././../binutils/binutils-2.23.1/intl/bindtextdom.c
gcc-4.7 -c  -m32 -DHAVE_CONFIG_H  -I. -I../.././../binutils/binutils-2.23.1/intl ../.././../binutils/binutils-2.23.1/intl/dcgettext.c
gcc-4.7 -c  -m32 -DHAVE_CONFIG_H  -I. -I../.././../binutils/binutils-2.23.1/intl ../.././../binutils/binutils-2.23.1/intl/dgettext.c
gcc-4.7 -c  -m32 -DHAVE_CONFIG_H  -I. -I../.././../binutils/binutils-2.23.1/intl ../.././../binutils/binutils-2.23.1/intl/gettext.c
checking dlfcn.h usability... gcc-4.7 -c  -m32 -DHAVE_CONFIG_H  -I. -I../.././../binutils/binutils-2.23.1/intl ../.././../binutils/binutils-2.23.1/intl/finddomain.c
gcc-4.7 -c  -m32 -DHAVE_CONFIG_H  -I. -I../.././../binutils/binutils-2.23.1/intl ../.././../binutils/binutils-2.23.1/intl/loadmsgcat.c
gcc-4.7 -c  -m32 -DHAVE_CONFIG_H -DLOCALE_ALIAS_PATH="\"/home/sparksco/android/arm-linux-androideabi/share/locale\"" -I. -I../.././../binutils/binutils-2.23.1/intl ../.././../binutils/binutils-2.23.1/intl/localealias.c
yes
checking dlfcn.h presence... yes
checking for dlfcn.h... yes
rm -f libreadline.a
checking errno.h usability... ar cr libreadline.a readline.o vi_mode.o funmap.o keymaps.o parens.o search.o rltty.o complete.o bind.o isearch.o display.o signals.o util.o kill.o undo.o macro.o input.o callback.o terminal.o text.o nls.o misc.o compat.o xfree.o xmalloc.o history.o histexpand.o histfile.o histsearch.o shell.o mbutil.o tilde.o
gcc-4.7 -c  -m32 -DHAVE_CONFIG_H  -I. -I../.././../binutils/binutils-2.23.1/intl ../.././../binutils/binutils-2.23.1/intl/textdomain.c
test -n "ranlib" && ranlib libreadline.a
rm -f libhistory.a
gcc-4.7 -c  -m32 -DHAVE_CONFIG_H  -I. -I../.././../binutils/binutils-2.23.1/intl ../.././../binutils/binutils-2.23.1/intl/l10nflist.c
ar cr libhistory.a history.o histexpand.o histfile.o histsearch.o shell.o mbutil.o xmalloc.o xfree.o
test -n "ranlib" && ranlib libhistory.a
make[3]: Leaving directory `/home/sparksco/android/toolchain/aosp/build/gdb-7.5.1/readline'
gcc-4.7 -c  -m32 -DHAVE_CONFIG_H  -I. -I../.././../binutils/binutils-2.23.1/intl ../.././../binutils/binutils-2.23.1/intl/explodename.c
yes
checking errno.h presence... mkdir -p -- ./bfd
gcc-4.7 -c  -m32 -DHAVE_CONFIG_H -DLOCALEDIR="\"/home/sparksco/android/arm-linux-androideabi/share/locale\"" -I. -I../.././../binutils/binutils-2.23.1/intl ../.././../binutils/binutils-2.23.1/intl/dcigettext.c
yes
checking for errno.h... yes
Configuring in ./bfd
checking for sys/stat.h... (cached) yes
checking for getrusage... gcc-4.7 -c  -m32 -DHAVE_CONFIG_H  -I. -I../.././../binutils/binutils-2.23.1/intl ../.././../binutils/binutils-2.23.1/intl/dcngettext.c
gcc-4.7 -c  -m32 -DHAVE_CONFIG_H  -I. -I../.././../binutils/binutils-2.23.1/intl ../.././../binutils/binutils-2.23.1/intl/dngettext.c
yes
gcc-4.7 -c  -m32 -DHAVE_CONFIG_H  -I. -I../.././../binutils/binutils-2.23.1/intl ../.././../binutils/binutils-2.23.1/intl/ngettext.c
gcc-4.7 -c  -m32 -DHAVE_CONFIG_H  -I. -I../.././../binutils/binutils-2.23.1/intl ../.././../binutils/binutils-2.23.1/intl/plural.c
checking for time... gcc-4.7 -c  -m32 -DHAVE_CONFIG_H  -I. -I../.././../binutils/binutils-2.23.1/intl ../.././../binutils/binutils-2.23.1/intl/plural-exp.c
./gen-fib header 64 0 >fib_table.h || (rm -f fib_table.h; exit 1)
./gen-fib table 64 0 >mpn/fib_table.c || (rm -f mpn/fib_table.c; exit 1)
./gen-bases header 64 0 >mp_bases.h || (rm -f mp_bases.h; exit 1)
make[3]: Entering directory `/home/sparksco/android/toolchain/aosp/build/gdb-7.5.1/libiberty'
if [ x"" != x ] && [ ! -d pic ]; then \
	  mkdir pic; \
	else true; fi
./gen-bases table 64 0 >mpn/mp_bases.c || (rm -f mpn/mp_bases.c; exit 1)
mkdir -p -- ./opcodes
touch stamp-picdir
Configuring in ./opcodes
gcc-4.7 -c  -m32 -DHAVE_CONFIG_H -DLIBDIR="\"/home/sparksco/android/arm-linux-androideabi/lib\"" -I. -I../.././../binutils/binutils-2.23.1/intl ../.././../binutils/binutils-2.23.1/intl/localcharset.c
echo ./regex.o ./cplus-dem.o ./cp-demangle.o ./md5.o ./sha1.o ./alloca.o ./argv.o ./choose-temp.o ./concat.o ./cp-demint.o ./crc32.o ./dwarfnames.o ./dyn-string.o ./fdmatch.o ./fibheap.o ./filename_cmp.o ./floatformat.o ./fnmatch.o ./fopen_unlocked.o ./getopt.o ./getopt1.o ./getpwd.o ./getruntime.o ./hashtab.o ./hex.o ./lbasename.o ./lrealpath.o ./make-relative-prefix.o ./make-temp-file.o ./objalloc.o ./obstack.o ./partition.o ./pexecute.o ./physmem.o ./pex-common.o ./pex-one.o ./pex-unix.o ./safe-ctype.o ./simple-object.o ./simple-object-coff.o ./simple-object-elf.o ./simple-object-mach-o.o ./sort.o ./spaces.o ./splay-tree.o ./stack-limit.o ./strerror.o ./strsignal.o ./timeval-utils.o ./unlink-if-ordinary.o ./xatexit.o ./xexit.o ./xmalloc.o ./xmemdup.o ./xstrdup.o ./xstrerror.o ./xstrndup.o > required-list
./gen-trialdivtab 64 8000 >trialdivtab.h || (rm -f trialdivtab.h; exit 1)
yes
gcc-4.7 -c  -m32 -DHAVE_CONFIG_H -DINSTALLDIR="\"/home/sparksco/android/arm-linux-androideabi/lib\"" -I. -I../.././../binutils/binutils-2.23.1/intl ../.././../binutils/binutils-2.23.1/intl/relocatable.c
checking for sigaction... make[4]: Entering directory `/home/sparksco/android/toolchain/aosp/build/gdb-7.5.1/libiberty/testsuite'
make[4]: Nothing to be done for `all'.
make[4]: Leaving directory `/home/sparksco/android/toolchain/aosp/build/gdb-7.5.1/libiberty/testsuite'
if [ x"" != x ]; then \
	  gcc-4.7 -c -DHAVE_CONFIG_H -g -O2  -I. -I../.././../gdb/gdb-7.5.1/libiberty/../include  -W -Wall -Wwrite-strings -Wc++-compat -Wstrict-prototypes -pedantic   ../.././../gdb/gdb-7.5.1/libiberty/regex.c -o pic/regex.o; \
	else true; fi
gcc-4.7 -c -DHAVE_CONFIG_H -g -O2  -I. -I../.././../gdb/gdb-7.5.1/libiberty/../include  -W -Wall -Wwrite-strings -Wc++-compat -Wstrict-prototypes -pedantic  ../.././../gdb/gdb-7.5.1/libiberty/regex.c -o regex.o
if [ x"" != x ]; then \
	  gcc-4.7 -c -DHAVE_CONFIG_H -g -O2  -I. -I../.././../gdb/gdb-7.5.1/libiberty/../include  -W -Wall -Wwrite-strings -Wc++-compat -Wstrict-prototypes -pedantic   ../.././../gdb/gdb-7.5.1/libiberty/cplus-dem.c -o pic/cplus-dem.o; \
	else true; fi
gcc-4.7 -c -DHAVE_CONFIG_H -g -O2  -I. -I../.././../gdb/gdb-7.5.1/libiberty/../include  -W -Wall -Wwrite-strings -Wc++-compat -Wstrict-prototypes -pedantic  ../.././../gdb/gdb-7.5.1/libiberty/cplus-dem.c -o cplus-dem.o
gcc-4.7 -c  -m32 -DHAVE_CONFIG_H  -I. -I../.././../binutils/binutils-2.23.1/intl ../.././../binutils/binutils-2.23.1/intl/localename.c
if [ x"" != x ]; then \
	  gcc-4.7 -c -DHAVE_CONFIG_H -g -O2  -I. -I../.././../gdb/gdb-7.5.1/libiberty/../include  -W -Wall -Wwrite-strings -Wc++-compat -Wstrict-prototypes -pedantic   ../.././../gdb/gdb-7.5.1/libiberty/cp-demangle.c -o pic/cp-demangle.o; \
	else true; fi
gcc-4.7 -c -DHAVE_CONFIG_H -g -O2  -I. -I../.././../gdb/gdb-7.5.1/libiberty/../include  -W -Wall -Wwrite-strings -Wc++-compat -Wstrict-prototypes -pedantic  ../.././../gdb/gdb-7.5.1/libiberty/cp-demangle.c -o cp-demangle.o
gcc-4.7 -c  -m32 -DHAVE_CONFIG_H  -I. -I../.././../binutils/binutils-2.23.1/intl ../.././../binutils/binutils-2.23.1/intl/log.c
if [ x"" != x ]; then \
	  gcc-4.7 -c -DHAVE_CONFIG_H -g -O2  -I. -I../.././../gdb/gdb-7.5.1/libiberty/../include  -W -Wall -Wwrite-strings -Wc++-compat -Wstrict-prototypes -pedantic   ../.././../gdb/gdb-7.5.1/libiberty/md5.c -o pic/md5.o; \
	else true; fi
gcc-4.7 -c -DHAVE_CONFIG_H -g -O2  -I. -I../.././../gdb/gdb-7.5.1/libiberty/../include  -W -Wall -Wwrite-strings -Wc++-compat -Wstrict-prototypes -pedantic  ../.././../gdb/gdb-7.5.1/libiberty/md5.c -o md5.o
yes
gcc-4.7 -c  -m32 -DHAVE_CONFIG_H  -I. -I../.././../binutils/binutils-2.23.1/intl ../.././../binutils/binutils-2.23.1/intl/osdep.c
gcc-4.7 -c  -m32 -DHAVE_CONFIG_H  -I. -I../.././../binutils/binutils-2.23.1/intl ../.././../binutils/binutils-2.23.1/intl/intl-compat.c
checking for __setfpucw... ./gen-fac 64 0 >fac_table.h || (rm -f fac_table.h; exit 1)
rm -f libintl.a
./gen-psqr 64 0 >mpn/perfsqr.h || (rm -f mpn/perfsqr.h; exit 1)
ar cru libintl.a bindtextdom.o dcgettext.o dgettext.o gettext.o finddomain.o loadmsgcat.o localealias.o textdomain.o l10nflist.o explodename.o dcigettext.o dcngettext.o dngettext.o ngettext.o plural.o plural-exp.o localcharset.o relocatable.o localename.o log.o osdep.o intl-compat.o
make  all-recursive
ranlib libintl.a
make[2]: Entering directory `/home/sparksco/android/toolchain/aosp/build/gmp-5.1.1'
make[1]: Leaving directory `/home/sparksco/android/toolchain/aosp/build/libbfd-binutils-2.23.1/intl'
Making all in tests
if [ x"" != x ]; then \
	  gcc-4.7 -c -DHAVE_CONFIG_H -g -O2  -I. -I../.././../gdb/gdb-7.5.1/libiberty/../include  -W -Wall -Wwrite-strings -Wc++-compat -Wstrict-prototypes -pedantic   ../.././../gdb/gdb-7.5.1/libiberty/sha1.c -o pic/sha1.o; \
	else true; fi
make[3]: Entering directory `/home/sparksco/android/toolchain/aosp/build/gmp-5.1.1/tests'
gcc-4.7 -c -DHAVE_CONFIG_H -g -O2  -I. -I../.././../gdb/gdb-7.5.1/libiberty/../include  -W -Wall -Wwrite-strings -Wc++-compat -Wstrict-prototypes -pedantic  ../.././../gdb/gdb-7.5.1/libiberty/sha1.c -o sha1.o
Making all in .
make[4]: Entering directory `/home/sparksco/android/toolchain/aosp/build/gmp-5.1.1/tests'
make[4]: Nothing to be done for `all-am'.
make[4]: Leaving directory `/home/sparksco/android/toolchain/aosp/build/gmp-5.1.1/tests'
Making all in devel
configure: creating cache ./config.cache
make[4]: Entering directory `/home/sparksco/android/toolchain/aosp/build/gmp-5.1.1/tests/devel'
make[4]: Nothing to be done for `all'.
make[4]: Leaving directory `/home/sparksco/android/toolchain/aosp/build/gmp-5.1.1/tests/devel'
Making all in mpn
make[4]: Entering directory `/home/sparksco/android/toolchain/aosp/build/gmp-5.1.1/tests/mpn'
make[4]: Nothing to be done for `all'.
make[4]: Leaving directory `/home/sparksco/android/toolchain/aosp/build/gmp-5.1.1/tests/mpn'
Making all in mpz
make[4]: Entering directory `/home/sparksco/android/toolchain/aosp/build/gmp-5.1.1/tests/mpz'
make[4]: Nothing to be done for `all'.
make[4]: Leaving directory `/home/sparksco/android/toolchain/aosp/build/gmp-5.1.1/tests/mpz'
Making all in mpq
no
checking for bind in -lsocket... checking build system type... make[4]: Entering directory `/home/sparksco/android/toolchain/aosp/build/gmp-5.1.1/tests/mpq'
make[4]: Nothing to be done for `all'.
make[4]: Leaving directory `/home/sparksco/android/toolchain/aosp/build/gmp-5.1.1/tests/mpq'
Making all in mpf
make[4]: Entering directory `/home/sparksco/android/toolchain/aosp/build/gmp-5.1.1/tests/mpf'
make[4]: Nothing to be done for `all'.
make[4]: Leaving directory `/home/sparksco/android/toolchain/aosp/build/gmp-5.1.1/tests/mpf'
Making all in rand
make[4]: Entering directory `/home/sparksco/android/toolchain/aosp/build/gmp-5.1.1/tests/rand'
make[4]: Nothing to be done for `all'.
make[4]: Leaving directory `/home/sparksco/android/toolchain/aosp/build/gmp-5.1.1/tests/rand'
Making all in misc
make[4]: Entering directory `/home/sparksco/android/toolchain/aosp/build/gmp-5.1.1/tests/misc'
make[4]: Nothing to be done for `all'.
make[4]: Leaving directory `/home/sparksco/android/toolchain/aosp/build/gmp-5.1.1/tests/misc'
Making all in cxx
make[4]: Entering directory `/home/sparksco/android/toolchain/aosp/build/gmp-5.1.1/tests/cxx'
make[4]: Nothing to be done for `all'.
make[4]: Leaving directory `/home/sparksco/android/toolchain/aosp/build/gmp-5.1.1/tests/cxx'
make[3]: Leaving directory `/home/sparksco/android/toolchain/aosp/build/gmp-5.1.1/tests'
Making all in mpn
x86_64-pc-linux-gnu
checking host system type... make[3]: Entering directory `/home/sparksco/android/toolchain/aosp/build/gmp-5.1.1/mpn'
/bin/bash ../libtool --tag=CC   --mode=compile gcc-4.7 -std=gnu99 -DHAVE_CONFIG_H -I. -I../.././../gmp/gmp-5.1.1/mpn -I.. -D__GMP_WITHIN_GMP -I../.././../gmp/gmp-5.1.1 -DOPERATION_`echo fib_table | sed 's/_$//'`    -O2 -pedantic -fomit-frame-pointer -m64 -mtune=k8 -march=k8 -c -o fib_table.lo fib_table.c
configure: creating cache ./config.cache
no
checking for gethostbyname in -lnsl... checking build system type... x86_64-pc-linux-gnu
checking target system type... if [ x"" != x ]; then \
	  gcc-4.7 -c -DHAVE_CONFIG_H -g -O2  -I. -I../.././../gdb/gdb-7.5.1/libiberty/../include  -W -Wall -Wwrite-strings -Wc++-compat -Wstrict-prototypes -pedantic   ../.././../gdb/gdb-7.5.1/libiberty/alloca.c -o pic/alloca.o; \
	else true; fi
gcc-4.7 -c -DHAVE_CONFIG_H -g -O2  -I. -I../.././../gdb/gdb-7.5.1/libiberty/../include  -W -Wall -Wwrite-strings -Wc++-compat -Wstrict-prototypes -pedantic  ../.././../gdb/gdb-7.5.1/libiberty/alloca.c -o alloca.o
libtool: compile:  gcc-4.7 -std=gnu99 -DHAVE_CONFIG_H -I. -I../.././../gmp/gmp-5.1.1/mpn -I.. -D__GMP_WITHIN_GMP -I../.././../gmp/gmp-5.1.1 -DOPERATION_fib_table -O2 -pedantic -fomit-frame-pointer -m64 -mtune=k8 -march=k8 -c fib_table.c -o fib_table.o
x86_64-pc-linux-gnu
checking host system type... yes
checking for library containing zlibVersion... arm-unknown-linux-android
checking for x86_64-linux-gnu-gcc... gcc-4.7
x86_64-pc-linux-gnu
checking target system type... /bin/bash ../libtool --tag=CC   --mode=compile gcc-4.7 -std=gnu99 -DHAVE_CONFIG_H -I. -I../.././../gmp/gmp-5.1.1/mpn -I.. -D__GMP_WITHIN_GMP -I../.././../gmp/gmp-5.1.1 -DOPERATION_`echo mp_bases | sed 's/_$//'`    -O2 -pedantic -fomit-frame-pointer -m64 -mtune=k8 -march=k8 -c -o mp_bases.lo mp_bases.c
if [ x"" != x ]; then \
	  gcc-4.7 -c -DHAVE_CONFIG_H -g -O2  -I. -I../.././../gdb/gdb-7.5.1/libiberty/../include  -W -Wall -Wwrite-strings -Wc++-compat -Wstrict-prototypes -pedantic   ../.././../gdb/gdb-7.5.1/libiberty/argv.c -o pic/argv.o; \
	else true; fi
checking for C compiler default output file name... gcc-4.7 -c -DHAVE_CONFIG_H -g -O2  -I. -I../.././../gdb/gdb-7.5.1/libiberty/../include  -W -Wall -Wwrite-strings -Wc++-compat -Wstrict-prototypes -pedantic  ../.././../gdb/gdb-7.5.1/libiberty/argv.c -o argv.o
arm-unknown-linux-android
checking for x86_64-linux-gnu-gcc... gcc-4.7
libtool: compile:  gcc-4.7 -std=gnu99 -DHAVE_CONFIG_H -I. -I../.././../gmp/gmp-5.1.1/mpn -I.. -D__GMP_WITHIN_GMP -I../.././../gmp/gmp-5.1.1 -DOPERATION_mp_bases -O2 -pedantic -fomit-frame-pointer -m64 -mtune=k8 -march=k8 -c mp_bases.c -o mp_bases.o
checking for C compiler default output file name... -lz
checking zlib.h usability... /bin/bash ../libtool --mode=compile --tag=CC ../.././../gmp/gmp-5.1.1/mpn/m4-ccas --m4="m4" gcc-4.7 -std=gnu99 -c -DHAVE_CONFIG_H -I. -I../.././../gmp/gmp-5.1.1/mpn -I.. -D__GMP_WITHIN_GMP -I../.././../gmp/gmp-5.1.1 -DOPERATION_`echo invert_limb_table | sed 's/_$//'`    -O2 -pedantic -fomit-frame-pointer -m64 -mtune=k8 -march=k8 -Wa,--noexecstack `test -f 'invert_limb_table.asm' || echo '../.././../gmp/gmp-5.1.1/mpn/'`invert_limb_table.asm
a.out
checking whether the C compiler works... a.out
checking whether the C compiler works... yes
checking whether we are cross compiling... no
checking for suffix of executables... config.status: executing libtool commands
yes
checking whether we are cross compiling... no
checking for suffix of executables... libtool: compile:  ../.././../gmp/gmp-5.1.1/mpn/m4-ccas --m4=m4 gcc-4.7 -std=gnu99 -c -DHAVE_CONFIG_H -I. -I../.././../gmp/gmp-5.1.1/mpn -I.. -D__GMP_WITHIN_GMP -I../.././../gmp/gmp-5.1.1 -DOPERATION_invert_limb_table -O2 -pedantic -fomit-frame-pointer -m64 -mtune=k8 -march=k8 -Wa,--noexecstack invert_limb_table.asm -o invert_limb_table.o
m4  -DHAVE_CONFIG_H -D__GMP_WITHIN_GMP -DOPERATION_invert_limb_table invert_limb_table.asm >tmp-invert_limb_table.s
yes
checking zlib.h presence... config.status: executing default-1 commands
yes
checking for zlib.h... yes
 gcc-4.7 -std=gnu99 -c -DHAVE_CONFIG_H -I. -I../.././../gmp/gmp-5.1.1/mpn -I.. -D__GMP_WITHIN_GMP -I../.././../gmp/gmp-5.1.1 -DOPERATION_invert_limb_table -O2 -pedantic -fomit-frame-pointer -m64 -mtune=k8 -march=k8 -Wa,--noexecstack tmp-invert_limb_table.s -o invert_limb_table.o
checking return type of signal handlers... 

if [ x"" != x ]; then \
	  gcc-4.7 -c -DHAVE_CONFIG_H -g -O2  -I. -I../.././../gdb/gdb-7.5.1/libiberty/../include  -W -Wall -Wwrite-strings -Wc++-compat -Wstrict-prototypes -pedantic   ../.././../gdb/gdb-7.5.1/libiberty/choose-temp.c -o pic/choose-temp.o; \
	else true; fi
checking for suffix of object files... checking for suffix of object files... /bin/bash ../libtool --tag=CC   --mode=compile gcc-4.7 -std=gnu99 -DHAVE_CONFIG_H -I. -I../.././../gmp/gmp-5.1.1/mpn -I.. -D__GMP_WITHIN_GMP -I../.././../gmp/gmp-5.1.1 -DOPERATION_`echo add | sed 's/_$//'`    -O2 -pedantic -fomit-frame-pointer -m64 -mtune=k8 -march=k8 -c -o add.lo add.c
if [ x"" != x ]; then \
	  gcc-4.7 -c -DHAVE_CONFIG_H -g -O2  -I. -I../.././../gdb/gdb-7.5.1/libiberty/../include  -W -Wall -Wwrite-strings -Wc++-compat -Wstrict-prototypes -pedantic   ../.././../gdb/gdb-7.5.1/libiberty/concat.c -o pic/concat.o; \
	else true; fi
gcc-4.7 -c -DHAVE_CONFIG_H -g -O2  -I. -I../.././../gdb/gdb-7.5.1/libiberty/../include  -W -Wall -Wwrite-strings -Wc++-compat -Wstrict-prototypes -pedantic  ../.././../gdb/gdb-7.5.1/libiberty/choose-temp.c -o choose-temp.o
config.status: executing bfd_stdint.h commands
gcc-4.7 -c -DHAVE_CONFIG_H -g -O2  -I. -I../.././../gdb/gdb-7.5.1/libiberty/../include  -W -Wall -Wwrite-strings -Wc++-compat -Wstrict-prototypes -pedantic  ../.././../gdb/gdb-7.5.1/libiberty/concat.c -o concat.o
o
checking whether we are using the GNU C compiler... o
checking whether we are using the GNU C compiler... config.status: executing default commands
void
checking for unistd.h... (cached) yes
libtool: compile:  gcc-4.7 -std=gnu99 -DHAVE_CONFIG_H -I. -I../.././../gmp/gmp-5.1.1/mpn -I.. -D__GMP_WITHIN_GMP -I../.././../gmp/gmp-5.1.1 -DOPERATION_add -O2 -pedantic -fomit-frame-pointer -m64 -mtune=k8 -march=k8 -c add.c -o add.o
yes
checking whether gcc-4.7 accepts -g... /bin/bash ../libtool --tag=CC   --mode=compile gcc-4.7 -std=gnu99 -DHAVE_CONFIG_H -I. -I../.././../gmp/gmp-5.1.1/mpn -I.. -D__GMP_WITHIN_GMP -I../.././../gmp/gmp-5.1.1 -DOPERATION_`echo add_1 | sed 's/_$//'`    -O2 -pedantic -fomit-frame-pointer -m64 -mtune=k8 -march=k8 -c -o add_1.lo add_1.c
yes
checking whether gcc-4.7 accepts -g... yes
checking for gcc-4.7 option to accept ISO C89... checking for stdint.h... (cached) yes
libtool: compile:  gcc-4.7 -std=gnu99 -DHAVE_CONFIG_H -I. -I../.././../gmp/gmp-5.1.1/mpn -I.. -D__GMP_WITHIN_GMP -I../.././../gmp/gmp-5.1.1 -DOPERATION_add_1 -O2 -pedantic -fomit-frame-pointer -m64 -mtune=k8 -march=k8 -c add_1.c -o add_1.o
yes
checking for gcc-4.7 option to accept ISO C89... if [ x"" != x ]; then \
	  gcc-4.7 -c -DHAVE_CONFIG_H -g -O2  -I. -I../.././../gdb/gdb-7.5.1/libiberty/../include  -W -Wall -Wwrite-strings -Wc++-compat -Wstrict-prototypes -pedantic   ../.././../gdb/gdb-7.5.1/libiberty/cp-demint.c -o pic/cp-demint.o; \
	else true; fi
gcc-4.7 -c -DHAVE_CONFIG_H -g -O2  -I. -I../.././../gdb/gdb-7.5.1/libiberty/../include  -W -Wall -Wwrite-strings -Wc++-compat -Wstrict-prototypes -pedantic  ../.././../gdb/gdb-7.5.1/libiberty/cp-demint.c -o cp-demint.o
configure: updating cache .././config.cache
configure: creating ./config.status
/bin/bash ../libtool --mode=compile --tag=CC ../.././../gmp/gmp-5.1.1/mpn/m4-ccas --m4="m4" gcc-4.7 -std=gnu99 -c -DHAVE_CONFIG_H -I. -I../.././../gmp/gmp-5.1.1/mpn -I.. -D__GMP_WITHIN_GMP -I../.././../gmp/gmp-5.1.1 -DOPERATION_`echo add_n | sed 's/_$//'`    -O2 -pedantic -fomit-frame-pointer -m64 -mtune=k8 -march=k8 -Wa,--noexecstack `test -f 'add_n.asm' || echo '../.././../gmp/gmp-5.1.1/mpn/'`add_n.asm
none needed
checking for library containing strerror... none needed
checking for library containing strerror... /bin/bash ../libtool --tag=CC   --mode=compile gcc-4.7 -std=gnu99 -DHAVE_CONFIG_H -I. -I../.././../gmp/gmp-5.1.1/mpn -I.. -D__GMP_WITHIN_GMP -I../.././../gmp/gmp-5.1.1 -DOPERATION_`echo sub | sed 's/_$//'`    -O2 -pedantic -fomit-frame-pointer -m64 -mtune=k8 -march=k8 -c -o sub.lo sub.c
libtool: compile:  ../.././../gmp/gmp-5.1.1/mpn/m4-ccas --m4=m4 gcc-4.7 -std=gnu99 -c -DHAVE_CONFIG_H -I. -I../.././../gmp/gmp-5.1.1/mpn -I.. -D__GMP_WITHIN_GMP -I../.././../gmp/gmp-5.1.1 -DOPERATION_add_n -O2 -pedantic -fomit-frame-pointer -m64 -mtune=k8 -march=k8 -Wa,--noexecstack add_n.asm -o add_n.o
libtool: compile:  gcc-4.7 -std=gnu99 -DHAVE_CONFIG_H -I. -I../.././../gmp/gmp-5.1.1/mpn -I.. -D__GMP_WITHIN_GMP -I../.././../gmp/gmp-5.1.1 -DOPERATION_sub -O2 -pedantic -fomit-frame-pointer -m64 -mtune=k8 -march=k8 -c sub.c -o sub.o
m4  -DHAVE_CONFIG_H -D__GMP_WITHIN_GMP -DOPERATION_add_n add_n.asm >tmp-add_n.s
make[3]: Entering directory `/home/sparksco/android/toolchain/aosp/build/binutils-2.23.1/bfd'
creating bfdver.h
if [ x"" != x ]; then \
	  gcc-4.7 -c -DHAVE_CONFIG_H -g -O2  -I. -I../.././../gdb/gdb-7.5.1/libiberty/../include  -W -Wall -Wwrite-strings -Wc++-compat -Wstrict-prototypes -pedantic   ../.././../gdb/gdb-7.5.1/libiberty/crc32.c -o pic/crc32.o; \
	else true; fi
none required
checking for a BSD-compatible install... /usr/bin/install -c
checking whether build environment is sane... gcc-4.7 -c -DHAVE_CONFIG_H -g -O2  -I. -I../.././../gdb/gdb-7.5.1/libiberty/../include  -W -Wall -Wwrite-strings -Wc++-compat -Wstrict-prototypes -pedantic  ../.././../gdb/gdb-7.5.1/libiberty/crc32.c -o crc32.o
none required
checking for a BSD-compatible install... /usr/bin/install -c
rm -f elf32-target.h
checking whether build environment is sane...  gcc-4.7 -std=gnu99 -c -DHAVE_CONFIG_H -I. -I../.././../gmp/gmp-5.1.1/mpn -I.. -D__GMP_WITHIN_GMP -I../.././../gmp/gmp-5.1.1 -DOPERATION_add_n -O2 -pedantic -fomit-frame-pointer -m64 -mtune=k8 -march=k8 -Wa,--noexecstack tmp-add_n.s -o add_n.o
sed -e s/NN/32/g < ../.././../binutils/binutils-2.23.1/bfd/elfxx-target.h > elf32-target.new
mv -f elf32-target.new elf32-target.h
rm -f elf64-target.h
if [ x"" != x ]; then \
	  gcc-4.7 -c -DHAVE_CONFIG_H -g -O2  -I. -I../.././../gdb/gdb-7.5.1/libiberty/../include  -W -Wall -Wwrite-strings -Wc++-compat -Wstrict-prototypes -pedantic   ../.././../gdb/gdb-7.5.1/libiberty/dwarfnames.c -o pic/dwarfnames.o; \
	else true; fi
/bin/bash ../libtool --tag=CC   --mode=compile gcc-4.7 -std=gnu99 -DHAVE_CONFIG_H -I. -I../.././../gmp/gmp-5.1.1/mpn -I.. -D__GMP_WITHIN_GMP -I../.././../gmp/gmp-5.1.1 -DOPERATION_`echo sub_1 | sed 's/_$//'`    -O2 -pedantic -fomit-frame-pointer -m64 -mtune=k8 -march=k8 -c -o sub_1.lo sub_1.c
gcc-4.7 -c -DHAVE_CONFIG_H -g -O2  -I. -I../.././../gdb/gdb-7.5.1/libiberty/../include  -W -Wall -Wwrite-strings -Wc++-compat -Wstrict-prototypes -pedantic  ../.././../gdb/gdb-7.5.1/libiberty/dwarfnames.c -o dwarfnames.o
sed -e s/NN/64/g < ../.././../binutils/binutils-2.23.1/bfd/elfxx-target.h > elf64-target.new
mv -f elf64-target.new elf64-target.h
rm -f targmatch.h
sed -f ../.././../binutils/binutils-2.23.1/bfd/targmatch.sed < ../.././../binutils/binutils-2.23.1/bfd/config.bfd > targmatch.new
if [ x"" != x ]; then \
	  gcc-4.7 -c -DHAVE_CONFIG_H -g -O2  -I. -I../.././../gdb/gdb-7.5.1/libiberty/../include  -W -Wall -Wwrite-strings -Wc++-compat -Wstrict-prototypes -pedantic   ../.././../gdb/gdb-7.5.1/libiberty/dyn-string.c -o pic/dyn-string.o; \
	else true; fi
gcc-4.7 -c -DHAVE_CONFIG_H -g -O2  -I. -I../.././../gdb/gdb-7.5.1/libiberty/../include  -W -Wall -Wwrite-strings -Wc++-compat -Wstrict-prototypes -pedantic  ../.././../gdb/gdb-7.5.1/libiberty/dyn-string.c -o dyn-string.o
libtool: compile:  gcc-4.7 -std=gnu99 -DHAVE_CONFIG_H -I. -I../.././../gmp/gmp-5.1.1/mpn -I.. -D__GMP_WITHIN_GMP -I../.././../gmp/gmp-5.1.1 -DOPERATION_sub_1 -O2 -pedantic -fomit-frame-pointer -m64 -mtune=k8 -march=k8 -c sub_1.c -o sub_1.o
config.status: creating Makefile.sim
config.status: creating Make-common.sim
config.status: creating .gdbinit
mv -f targmatch.new targmatch.h
config.status: creating config.h
/bin/bash ../libtool --mode=compile --tag=CC ../.././../gmp/gmp-5.1.1/mpn/m4-ccas --m4="m4" gcc-4.7 -std=gnu99 -c -DHAVE_CONFIG_H -I. -I../.././../gmp/gmp-5.1.1/mpn -I.. -D__GMP_WITHIN_GMP -I../.././../gmp/gmp-5.1.1 -DOPERATION_`echo sub_n | sed 's/_$//'`    -O2 -pedantic -fomit-frame-pointer -m64 -mtune=k8 -march=k8 -Wa,--noexecstack `test -f 'sub_n.asm' || echo '../.././../gmp/gmp-5.1.1/mpn/'`sub_n.asm
Making info in doc
config.status: linking ../../.././../gdb/gdb-7.5.1/sim/arm/tconfig.in to tconfig.h
make[4]: Entering directory `/home/sparksco/android/toolchain/aosp/build/binutils-2.23.1/bfd/doc'
make[4]: Nothing to be done for `info'.
make[4]: Leaving directory `/home/sparksco/android/toolchain/aosp/build/binutils-2.23.1/bfd/doc'
Making info in po
config.status: linking ../../.././../gdb/gdb-7.5.1/sim/arm/../common/nltvals.def to targ-vals.def
make[4]: Entering directory `/home/sparksco/android/toolchain/aosp/build/binutils-2.23.1/bfd/po'
( if test 'x../../.././../binutils/binutils-2.23.1/bfd/po' != 'x.'; then \
	    posrcprefix='../../.././../binutils/binutils-2.23.1/bfd/'; \
	  else \
	    posrcprefix="../"; \
	  fi; \
	  rm -f SRC-POTFILES-t SRC-POTFILES \
	    && (sed -e '/^#/d' \
	            -e '/^[ 	]*$/d' \
		    -e "s@.*@	$posrcprefix& \\\\@" < ../../.././../binutils/binutils-2.23.1/bfd/po/SRC-POTFILES.in \
		| sed -e '$s/\\$//') > SRC-POTFILES-t \
	    && chmod a-w SRC-POTFILES-t \
	    && mv SRC-POTFILES-t SRC-POTFILES )
config.status: executing depdir commands
mkdir -p -- .deps
( rm -f BLD-POTFILES-t BLD-POTFILES \
	    && (sed -e '/^#/d' \
	            -e '/^[ 	]*$/d' \
		    -e "s@.*@	../& \\\\@" < ../../.././../binutils/binutils-2.23.1/bfd/po/BLD-POTFILES.in \
		| sed -e '$s/\\$//') > BLD-POTFILES-t \
	    && chmod a-w BLD-POTFILES-t \
	    && mv BLD-POTFILES-t BLD-POTFILES )
config.status: executing Makefile commands
Merging Makefile.sim+Make-common.sim into Makefile ...
cd .. \
	  && CONFIG_FILES=po/Makefile.in:po/Make-in \
libtool: compile:  ../.././../gmp/gmp-5.1.1/mpn/m4-ccas --m4=m4 gcc-4.7 -std=gnu99 -c -DHAVE_CONFIG_H -I. -I../.././../gmp/gmp-5.1.1/mpn -I.. -D__GMP_WITHIN_GMP -I../.././../gmp/gmp-5.1.1 -DOPERATION_sub_n -O2 -pedantic -fomit-frame-pointer -m64 -mtune=k8 -march=k8 -Wa,--noexecstack sub_n.asm -o sub_n.o
config.status: executing stamp-h commands
m4  -DHAVE_CONFIG_H -D__GMP_WITHIN_GMP -DOPERATION_sub_n sub_n.asm >tmp-sub_n.s
 gcc-4.7 -std=gnu99 -c -DHAVE_CONFIG_H -I. -I../.././../gmp/gmp-5.1.1/mpn -I.. -D__GMP_WITHIN_GMP -I../.././../gmp/gmp-5.1.1 -DOPERATION_sub_n -O2 -pedantic -fomit-frame-pointer -m64 -mtune=k8 -march=k8 -Wa,--noexecstack tmp-sub_n.s -o sub_n.o
/bin/bash ../libtool --mode=compile --tag=CC ../.././../gmp/gmp-5.1.1/mpn/m4-ccas --m4="m4" gcc-4.7 -std=gnu99 -c -DHAVE_CONFIG_H -I. -I../.././../gmp/gmp-5.1.1/mpn -I.. -D__GMP_WITHIN_GMP -I../.././../gmp/gmp-5.1.1 -DOPERATION_`echo addcnd_n | sed 's/_$//'`    -O2 -pedantic -fomit-frame-pointer -m64 -mtune=k8 -march=k8 -Wa,--noexecstack `test -f 'addcnd_n.asm' || echo '../.././../gmp/gmp-5.1.1/mpn/'`addcnd_n.asm
=== configuring in testsuite (/home/sparksco/android/toolchain/aosp/build/gdb-7.5.1/sim/testsuite)
configure: running /bin/bash ../../.././../gdb/gdb-7.5.1/sim/testsuite/configure --disable-option-checking '--prefix=/home/sparksco/android/arm-linux-androideabi'  '--with-system-zlib' '--with-gcc-version=195953' '--with-binutils-version=2.23.1' '--with-gmp-version=5.1.1' '--with-mpfr-version=3.1.1' '--with-gdb-version=7.5.1' '--with-mpc-version=current' '--disable-docs' '--disable-nls' '--with-expat' '--with-libexpat-prefix=/home/sparksco/android/toolchain/aosp/build/temp-install' '--with-python=no' '--program-transform-name=s&^&arm-linux-androideabi-&' '--build=x86_64-linux-gnu' '--host=x86_64-linux-gnu' '--target=arm-linux-android' 'build_alias=x86_64-linux-gnu' 'host_alias=x86_64-linux-gnu' 'target_alias=arm-linux-android' 'CC=gcc-4.7' 'CFLAGS=-g -O2' 'LDFLAGS= ' --cache-file=.././config.cache --srcdir=../../.././../gdb/gdb-7.5.1/sim/testsuite
if [ x"" != x ]; then \
	  gcc-4.7 -c -DHAVE_CONFIG_H -g -O2  -I. -I../.././../gdb/gdb-7.5.1/libiberty/../include  -W -Wall -Wwrite-strings -Wc++-compat -Wstrict-prototypes -pedantic   ../.././../gdb/gdb-7.5.1/libiberty/fdmatch.c -o pic/fdmatch.o; \
	else true; fi
gcc-4.7 -c -DHAVE_CONFIG_H -g -O2  -I. -I../.././../gdb/gdb-7.5.1/libiberty/../include  -W -Wall -Wwrite-strings -Wc++-compat -Wstrict-prototypes -pedantic  ../.././../gdb/gdb-7.5.1/libiberty/fdmatch.c -o fdmatch.o
libtool: compile:  ../.././../gmp/gmp-5.1.1/mpn/m4-ccas --m4=m4 gcc-4.7 -std=gnu99 -c -DHAVE_CONFIG_H -I. -I../.././../gmp/gmp-5.1.1/mpn -I.. -D__GMP_WITHIN_GMP -I../.././../gmp/gmp-5.1.1 -DOPERATION_addcnd_n -O2 -pedantic -fomit-frame-pointer -m64 -mtune=k8 -march=k8 -Wa,--noexecstack addcnd_n.asm -o addcnd_n.o
if [ x"" != x ]; then \
	  gcc-4.7 -c -DHAVE_CONFIG_H -g -O2  -I. -I../.././../gdb/gdb-7.5.1/libiberty/../include  -W -Wall -Wwrite-strings -Wc++-compat -Wstrict-prototypes -pedantic   ../.././../gdb/gdb-7.5.1/libiberty/fibheap.c -o pic/fibheap.o; \
	else true; fi
m4  -DHAVE_CONFIG_H -D__GMP_WITHIN_GMP -DOPERATION_addcnd_n addcnd_n.asm >tmp-addcnd_n.s
gcc-4.7 -c -DHAVE_CONFIG_H -g -O2  -I. -I../.././../gdb/gdb-7.5.1/libiberty/../include  -W -Wall -Wwrite-strings -Wc++-compat -Wstrict-prototypes -pedantic  ../.././../gdb/gdb-7.5.1/libiberty/fibheap.c -o fibheap.o
 gcc-4.7 -std=gnu99 -c -DHAVE_CONFIG_H -I. -I../.././../gmp/gmp-5.1.1/mpn -I.. -D__GMP_WITHIN_GMP -I../.././../gmp/gmp-5.1.1 -DOPERATION_addcnd_n -O2 -pedantic -fomit-frame-pointer -m64 -mtune=k8 -march=k8 -Wa,--noexecstack tmp-addcnd_n.s -o addcnd_n.o
/bin/bash ../libtool --mode=compile --tag=CC ../.././../gmp/gmp-5.1.1/mpn/m4-ccas --m4="m4" gcc-4.7 -std=gnu99 -c -DHAVE_CONFIG_H -I. -I../.././../gmp/gmp-5.1.1/mpn -I.. -D__GMP_WITHIN_GMP -I../.././../gmp/gmp-5.1.1 -DOPERATION_`echo subcnd_n | sed 's/_$//'`    -O2 -pedantic -fomit-frame-pointer -m64 -mtune=k8 -march=k8 -Wa,--noexecstack `test -f 'subcnd_n.asm' || echo '../.././../gmp/gmp-5.1.1/mpn/'`subcnd_n.asm
if [ x"" != x ]; then \
	  gcc-4.7 -c -DHAVE_CONFIG_H -g -O2  -I. -I../.././../gdb/gdb-7.5.1/libiberty/../include  -W -Wall -Wwrite-strings -Wc++-compat -Wstrict-prototypes -pedantic   ../.././../gdb/gdb-7.5.1/libiberty/filename_cmp.c -o pic/filename_cmp.o; \
	else true; fi
gcc-4.7 -c -DHAVE_CONFIG_H -g -O2  -I. -I../.././../gdb/gdb-7.5.1/libiberty/../include  -W -Wall -Wwrite-strings -Wc++-compat -Wstrict-prototypes -pedantic  ../.././../gdb/gdb-7.5.1/libiberty/filename_cmp.c -o filename_cmp.o
libtool: compile:  ../.././../gmp/gmp-5.1.1/mpn/m4-ccas --m4=m4 gcc-4.7 -std=gnu99 -c -DHAVE_CONFIG_H -I. -I../.././../gmp/gmp-5.1.1/mpn -I.. -D__GMP_WITHIN_GMP -I../.././../gmp/gmp-5.1.1 -DOPERATION_subcnd_n -O2 -pedantic -fomit-frame-pointer -m64 -mtune=k8 -march=k8 -Wa,--noexecstack subcnd_n.asm -o subcnd_n.o
m4  -DHAVE_CONFIG_H -D__GMP_WITHIN_GMP -DOPERATION_subcnd_n subcnd_n.asm >tmp-subcnd_n.s
if [ x"" != x ]; then \
	  gcc-4.7 -c -DHAVE_CONFIG_H -g -O2  -I. -I../.././../gdb/gdb-7.5.1/libiberty/../include  -W -Wall -Wwrite-strings -Wc++-compat -Wstrict-prototypes -pedantic   ../.././../gdb/gdb-7.5.1/libiberty/floatformat.c -o pic/floatformat.o; \
	else true; fi
 gcc-4.7 -std=gnu99 -c -DHAVE_CONFIG_H -I. -I../.././../gmp/gmp-5.1.1/mpn -I.. -D__GMP_WITHIN_GMP -I../.././../gmp/gmp-5.1.1 -DOPERATION_subcnd_n -O2 -pedantic -fomit-frame-pointer -m64 -mtune=k8 -march=k8 -Wa,--noexecstack tmp-subcnd_n.s -o subcnd_n.o
gcc-4.7 -c -DHAVE_CONFIG_H -g -O2  -I. -I../.././../gdb/gdb-7.5.1/libiberty/../include  -W -Wall -Wwrite-strings -Wc++-compat -Wstrict-prototypes -pedantic  ../.././../gdb/gdb-7.5.1/libiberty/floatformat.c -o floatformat.o
config.status: creating po/Makefile.in
/bin/bash ../libtool --tag=CC   --mode=compile gcc-4.7 -std=gnu99 -DHAVE_CONFIG_H -I. -I../.././../gmp/gmp-5.1.1/mpn -I.. -D__GMP_WITHIN_GMP -I../.././../gmp/gmp-5.1.1 -DOPERATION_`echo neg | sed 's/_$//'`    -O2 -pedantic -fomit-frame-pointer -m64 -mtune=k8 -march=k8 -c -o neg.lo neg.c
config.status: executing depfiles commands
config.status: executing libtool commands
libtool: compile:  gcc-4.7 -std=gnu99 -DHAVE_CONFIG_H -I. -I../.././../gmp/gmp-5.1.1/mpn -I.. -D__GMP_WITHIN_GMP -I../.././../gmp/gmp-5.1.1 -DOPERATION_neg -O2 -pedantic -fomit-frame-pointer -m64 -mtune=k8 -march=k8 -c neg.c -o neg.o
config.status: executing default-1 commands
config.status: executing bfd_stdint.h commands
config.status: executing default commands
if [ x"" != x ]; then \
	  gcc-4.7 -c -DHAVE_CONFIG_H -g -O2  -I. -I../.././../gdb/gdb-7.5.1/libiberty/../include  -W -Wall -Wwrite-strings -Wc++-compat -Wstrict-prototypes -pedantic   ../.././../gdb/gdb-7.5.1/libiberty/fnmatch.c -o pic/fnmatch.o; \
	else true; fi
gcc-4.7 -c -DHAVE_CONFIG_H -g -O2  -I. -I../.././../gdb/gdb-7.5.1/libiberty/../include  -W -Wall -Wwrite-strings -Wc++-compat -Wstrict-prototypes -pedantic  ../.././../gdb/gdb-7.5.1/libiberty/fnmatch.c -o fnmatch.o
make[4]: Leaving directory `/home/sparksco/android/toolchain/aosp/build/binutils-2.23.1/bfd/po'
make[4]: Entering directory `/home/sparksco/android/toolchain/aosp/build/binutils-2.23.1/bfd/po'
make[4]: Nothing to be done for `info'.
make[4]: Leaving directory `/home/sparksco/android/toolchain/aosp/build/binutils-2.23.1/bfd/po'
/bin/bash ../libtool --mode=compile --tag=CC ../.././../gmp/gmp-5.1.1/mpn/m4-ccas --m4="m4" gcc-4.7 -std=gnu99 -c -DHAVE_CONFIG_H -I. -I../.././../gmp/gmp-5.1.1/mpn -I.. -D__GMP_WITHIN_GMP -I../.././../gmp/gmp-5.1.1 -DOPERATION_`echo com | sed 's/_$//'`    -O2 -pedantic -fomit-frame-pointer -m64 -mtune=k8 -march=k8 -Wa,--noexecstack `test -f 'com.asm' || echo '../.././../gmp/gmp-5.1.1/mpn/'`com.asm
configure: loading cache .././config.cache
/bin/bash ../libtool --mode=compile --tag=CC ../.././../gmp/gmp-5.1.1/mpn/m4-ccas --m4="m4" gcc-4.7 -std=gnu99 -c -DHAVE_CONFIG_H -I. -I../.././../gmp/gmp-5.1.1/mpn -I.. -D__GMP_WITHIN_GMP -I../.././../gmp/gmp-5.1.1 -DOPERATION_`echo mul_1 | sed 's/_$//'`    -O2 -pedantic -fomit-frame-pointer -m64 -mtune=k8 -march=k8 -Wa,--noexecstack `test -f 'mul_1.asm' || echo '../.././../gmp/gmp-5.1.1/mpn/'`mul_1.asm
checking build system type... (cached) x86_64-pc-linux-gnu
checking host system type... (cached) x86_64-pc-linux-gnu
checking target system type... (cached) arm-unknown-linux-android
libtool: compile:  ../.././../gmp/gmp-5.1.1/mpn/m4-ccas --m4=m4 gcc-4.7 -std=gnu99 -c -DHAVE_CONFIG_H -I. -I../.././../gmp/gmp-5.1.1/mpn -I.. -D__GMP_WITHIN_GMP -I../.././../gmp/gmp-5.1.1 -DOPERATION_com -O2 -pedantic -fomit-frame-pointer -m64 -mtune=k8 -march=k8 -Wa,--noexecstack com.asm -o com.o
make[4]: Entering directory `/home/sparksco/android/toolchain/aosp/build/binutils-2.23.1/bfd'
make[4]: Nothing to be done for `info-am'.
make[4]: Leaving directory `/home/sparksco/android/toolchain/aosp/build/binutils-2.23.1/bfd'
make  all-recursive
libtool: compile:  ../.././../gmp/gmp-5.1.1/mpn/m4-ccas --m4=m4 gcc-4.7 -std=gnu99 -c -DHAVE_CONFIG_H -I. -I../.././../gmp/gmp-5.1.1/mpn -I.. -D__GMP_WITHIN_GMP -I../.././../gmp/gmp-5.1.1 -DOPERATION_mul_1 -O2 -pedantic -fomit-frame-pointer -m64 -mtune=k8 -march=k8 -Wa,--noexecstack mul_1.asm -o mul_1.o
configure: creating ./config.status
m4  -DHAVE_CONFIG_H -D__GMP_WITHIN_GMP -DOPERATION_mul_1 mul_1.asm >tmp-mul_1.s
 gcc-4.7 -std=gnu99 -c -DHAVE_CONFIG_H -I. -I../.././../gmp/gmp-5.1.1/mpn -I.. -D__GMP_WITHIN_GMP -I../.././../gmp/gmp-5.1.1 -DOPERATION_com -O2 -pedantic -fomit-frame-pointer -m64 -mtune=k8 -march=k8 -Wa,--noexecstack tmp-com.s -o com.o
/bin/bash ../libtool --mode=compile --tag=CC ../.././../gmp/gmp-5.1.1/mpn/m4-ccas --m4="m4" gcc-4.7 -std=gnu99 -c -DHAVE_CONFIG_H -I. -I../.././../gmp/gmp-5.1.1/mpn -I.. -D__GMP_WITHIN_GMP -I../.././../gmp/gmp-5.1.1 -DOPERATION_`echo addmul_1 | sed 's/_$//'`    -O2 -pedantic -fomit-frame-pointer -m64 -mtune=k8 -march=k8 -Wa,--noexecstack `test -f 'addmul_1.asm' || echo '../.././../gmp/gmp-5.1.1/mpn/'`addmul_1.asm
 gcc-4.7 -std=gnu99 -c -DHAVE_CONFIG_H -I. -I../.././../gmp/gmp-5.1.1/mpn -I.. -D__GMP_WITHIN_GMP -I../.././../gmp/gmp-5.1.1 -DOPERATION_mul_1 -O2 -pedantic -fomit-frame-pointer -m64 -mtune=k8 -march=k8 -Wa,--noexecstack tmp-mul_1.s -o mul_1.o
/bin/bash ../libtool --mode=compile --tag=CC ../.././../gmp/gmp-5.1.1/mpn/m4-ccas --m4="m4" gcc-4.7 -std=gnu99 -c -DHAVE_CONFIG_H -I. -I../.././../gmp/gmp-5.1.1/mpn -I.. -D__GMP_WITHIN_GMP -I../.././../gmp/gmp-5.1.1 -DOPERATION_`echo submul_1 | sed 's/_$//'`    -O2 -pedantic -fomit-frame-pointer -m64 -mtune=k8 -march=k8 -Wa,--noexecstack `test -f 'submul_1.asm' || echo '../.././../gmp/gmp-5.1.1/mpn/'`submul_1.asm
make[4]: Entering directory `/home/sparksco/android/toolchain/aosp/build/binutils-2.23.1/bfd'
/bin/bash ../libtool --mode=compile --tag=CC ../.././../gmp/gmp-5.1.1/mpn/m4-ccas --m4="m4" gcc-4.7 -std=gnu99 -c -DHAVE_CONFIG_H -I. -I../.././../gmp/gmp-5.1.1/mpn -I.. -D__GMP_WITHIN_GMP -I../.././../gmp/gmp-5.1.1 -DOPERATION_`echo add_err1_n | sed 's/_$//'`    -O2 -pedantic -fomit-frame-pointer -m64 -mtune=k8 -march=k8 -Wa,--noexecstack `test -f 'add_err1_n.asm' || echo '../.././../gmp/gmp-5.1.1/mpn/'`add_err1_n.asm
Making all in doc
libtool: compile:  ../.././../gmp/gmp-5.1.1/mpn/m4-ccas --m4=m4 gcc-4.7 -std=gnu99 -c -DHAVE_CONFIG_H -I. -I../.././../gmp/gmp-5.1.1/mpn -I.. -D__GMP_WITHIN_GMP -I../.././../gmp/gmp-5.1.1 -DOPERATION_addmul_1 -O2 -pedantic -fomit-frame-pointer -m64 -mtune=k8 -march=k8 -Wa,--noexecstack addmul_1.asm -o addmul_1.o
make[5]: Entering directory `/home/sparksco/android/toolchain/aosp/build/binutils-2.23.1/bfd/doc'
make[5]: Nothing to be done for `all'.
make[5]: Leaving directory `/home/sparksco/android/toolchain/aosp/build/binutils-2.23.1/bfd/doc'
Making all in po
m4  -DHAVE_CONFIG_H -D__GMP_WITHIN_GMP -DOPERATION_addmul_1 addmul_1.asm >tmp-addmul_1.s
make[5]: Entering directory `/home/sparksco/android/toolchain/aosp/build/binutils-2.23.1/bfd/po'
make[5]: Nothing to be done for `all'.
make[5]: Leaving directory `/home/sparksco/android/toolchain/aosp/build/binutils-2.23.1/bfd/po'
libtool: compile:  ../.././../gmp/gmp-5.1.1/mpn/m4-ccas --m4=m4 gcc-4.7 -std=gnu99 -c -DHAVE_CONFIG_H -I. -I../.././../gmp/gmp-5.1.1/mpn -I.. -D__GMP_WITHIN_GMP -I../.././../gmp/gmp-5.1.1 -DOPERATION_submul_1 -O2 -pedantic -fomit-frame-pointer -m64 -mtune=k8 -march=k8 -Wa,--noexecstack submul_1.asm -o submul_1.o
m4  -DHAVE_CONFIG_H -D__GMP_WITHIN_GMP -DOPERATION_submul_1 submul_1.asm >tmp-submul_1.s
libtool: compile:  ../.././../gmp/gmp-5.1.1/mpn/m4-ccas --m4=m4 gcc-4.7 -std=gnu99 -c -DHAVE_CONFIG_H -I. -I../.././../gmp/gmp-5.1.1/mpn -I.. -D__GMP_WITHIN_GMP -I../.././../gmp/gmp-5.1.1 -DOPERATION_add_err1_n -O2 -pedantic -fomit-frame-pointer -m64 -mtune=k8 -march=k8 -Wa,--noexecstack add_err1_n.asm -o add_err1_n.o
 gcc-4.7 -std=gnu99 -c -DHAVE_CONFIG_H -I. -I../.././../gmp/gmp-5.1.1/mpn -I.. -D__GMP_WITHIN_GMP -I../.././../gmp/gmp-5.1.1 -DOPERATION_addmul_1 -O2 -pedantic -fomit-frame-pointer -m64 -mtune=k8 -march=k8 -Wa,--noexecstack tmp-addmul_1.s -o addmul_1.o
m4  -DHAVE_CONFIG_H -D__GMP_WITHIN_GMP -DOPERATION_add_err1_n add_err1_n.asm >tmp-add_err1_n.s
/bin/bash ../libtool --mode=compile --tag=CC ../.././../gmp/gmp-5.1.1/mpn/m4-ccas --m4="m4" gcc-4.7 -std=gnu99 -c -DHAVE_CONFIG_H -I. -I../.././../gmp/gmp-5.1.1/mpn -I.. -D__GMP_WITHIN_GMP -I../.././../gmp/gmp-5.1.1 -DOPERATION_`echo add_err2_n | sed 's/_$//'`    -O2 -pedantic -fomit-frame-pointer -m64 -mtune=k8 -march=k8 -Wa,--noexecstack `test -f 'add_err2_n.asm' || echo '../.././../gmp/gmp-5.1.1/mpn/'`add_err2_n.asm
 gcc-4.7 -std=gnu99 -c -DHAVE_CONFIG_H -I. -I../.././../gmp/gmp-5.1.1/mpn -I.. -D__GMP_WITHIN_GMP -I../.././../gmp/gmp-5.1.1 -DOPERATION_submul_1 -O2 -pedantic -fomit-frame-pointer -m64 -mtune=k8 -march=k8 -Wa,--noexecstack tmp-submul_1.s -o submul_1.o
make[5]: Entering directory `/home/sparksco/android/toolchain/aosp/build/binutils-2.23.1/bfd'
rm -f bfd-tmp.h
cp bfd-in3.h bfd-tmp.h
 gcc-4.7 -std=gnu99 -c -DHAVE_CONFIG_H -I. -I../.././../gmp/gmp-5.1.1/mpn -I.. -D__GMP_WITHIN_GMP -I../.././../gmp/gmp-5.1.1 -DOPERATION_add_err1_n -O2 -pedantic -fomit-frame-pointer -m64 -mtune=k8 -march=k8 -Wa,--noexecstack tmp-add_err1_n.s -o add_err1_n.o
/bin/bash ../.././../binutils/binutils-2.23.1/bfd/../move-if-change bfd-tmp.h bfd.h
/bin/bash ../libtool --mode=compile --tag=CC ../.././../gmp/gmp-5.1.1/mpn/m4-ccas --m4="m4" gcc-4.7 -std=gnu99 -c -DHAVE_CONFIG_H -I. -I../.././../gmp/gmp-5.1.1/mpn -I.. -D__GMP_WITHIN_GMP -I../.././../gmp/gmp-5.1.1 -DOPERATION_`echo add_err3_n | sed 's/_$//'`    -O2 -pedantic -fomit-frame-pointer -m64 -mtune=k8 -march=k8 -Wa,--noexecstack `test -f 'add_err3_n.asm' || echo '../.././../gmp/gmp-5.1.1/mpn/'`add_err3_n.asm
config.status: creating Makefile
rm -f bfd-tmp.h
touch stmp-bfd-h
/bin/bash ../libtool --mode=compile --tag=CC ../.././../gmp/gmp-5.1.1/mpn/m4-ccas --m4="m4" gcc-4.7 -std=gnu99 -c -DHAVE_CONFIG_H -I. -I../.././../gmp/gmp-5.1.1/mpn -I.. -D__GMP_WITHIN_GMP -I../.././../gmp/gmp-5.1.1 -DOPERATION_`echo sub_err1_n | sed 's/_$//'`    -O2 -pedantic -fomit-frame-pointer -m64 -mtune=k8 -march=k8 -Wa,--noexecstack `test -f 'sub_err1_n.asm' || echo '../.././../gmp/gmp-5.1.1/mpn/'`sub_err1_n.asm
libtool: compile:  ../.././../gmp/gmp-5.1.1/mpn/m4-ccas --m4=m4 gcc-4.7 -std=gnu99 -c -DHAVE_CONFIG_H -I. -I../.././../gmp/gmp-5.1.1/mpn -I.. -D__GMP_WITHIN_GMP -I../.././../gmp/gmp-5.1.1 -DOPERATION_add_err2_n -O2 -pedantic -fomit-frame-pointer -m64 -mtune=k8 -march=k8 -Wa,--noexecstack add_err2_n.asm -o add_err2_n.o
rm -f tofiles
m4  -DHAVE_CONFIG_H -D__GMP_WITHIN_GMP -DOPERATION_add_err2_n add_err2_n.asm >tmp-add_err2_n.s
f=""; \
	for i in elf32-arm.lo elf32.lo elf-nacl.lo elf-vxworks.lo elf.lo elflink.lo elf-attrs.lo elf-strtab.lo elf-eh-frame.lo dwarf1.lo elf32-gen.lo cpu-arm.lo  archive64.lo ; do \
	  case " $f " in \
	    *" $i "*) ;; \
	    *) f="$f $i" ;; \
	  esac ; \
	done ; \
	echo $f > tofiles
libtool: compile:  ../.././../gmp/gmp-5.1.1/mpn/m4-ccas --m4=m4 gcc-4.7 -std=gnu99 -c -DHAVE_CONFIG_H -I. -I../.././../gmp/gmp-5.1.1/mpn -I.. -D__GMP_WITHIN_GMP -I../.././../gmp/gmp-5.1.1 -DOPERATION_add_err3_n -O2 -pedantic -fomit-frame-pointer -m64 -mtune=k8 -march=k8 -Wa,--noexecstack add_err3_n.asm -o add_err3_n.o
/bin/bash ../.././../binutils/binutils-2.23.1/bfd/../move-if-change tofiles ofiles
m4  -DHAVE_CONFIG_H -D__GMP_WITHIN_GMP -DOPERATION_add_err3_n add_err3_n.asm >tmp-add_err3_n.s
touch stamp-ofiles
 gcc-4.7 -std=gnu99 -c -DHAVE_CONFIG_H -I. -I../.././../gmp/gmp-5.1.1/mpn -I.. -D__GMP_WITHIN_GMP -I../.././../gmp/gmp-5.1.1 -DOPERATION_add_err2_n -O2 -pedantic -fomit-frame-pointer -m64 -mtune=k8 -march=k8 -Wa,--noexecstack tmp-add_err2_n.s -o add_err2_n.o
/bin/bash ./libtool --tag=CC   --mode=compile gcc-4.7 -DHAVE_CONFIG_H -I. -I../.././../binutils/binutils-2.23.1/bfd -I. -I../.././../binutils/binutils-2.23.1/bfd -I../.././../binutils/binutils-2.23.1/bfd/../include  -DHAVE_bfd_elf32_littlearm_vec -DHAVE_bfd_elf32_bigarm_vec -DHAVE_bfd_elf32_little_generic_vec -DHAVE_bfd_elf32_big_generic_vec  -DBINDIR='"/home/sparksco/android/arm-linux-androideabi/bin"'  -W -Wall -Wstrict-prototypes -Wmissing-prototypes -Wshadow -Werror -g -O2 -MT archive.lo -MD -MP -MF .deps/archive.Tpo -c -o archive.lo ../.././../binutils/binutils-2.23.1/bfd/archive.c
libtool: compile:  ../.././../gmp/gmp-5.1.1/mpn/m4-ccas --m4=m4 gcc-4.7 -std=gnu99 -c -DHAVE_CONFIG_H -I. -I../.././../gmp/gmp-5.1.1/mpn -I.. -D__GMP_WITHIN_GMP -I../.././../gmp/gmp-5.1.1 -DOPERATION_sub_err1_n -O2 -pedantic -fomit-frame-pointer -m64 -mtune=k8 -march=k8 -Wa,--noexecstack sub_err1_n.asm -o sub_err1_n.o
/bin/bash ../libtool --mode=compile --tag=CC ../.././../gmp/gmp-5.1.1/mpn/m4-ccas --m4="m4" gcc-4.7 -std=gnu99 -c -DHAVE_CONFIG_H -I. -I../.././../gmp/gmp-5.1.1/mpn -I.. -D__GMP_WITHIN_GMP -I../.././../gmp/gmp-5.1.1 -DOPERATION_`echo sub_err2_n | sed 's/_$//'`    -O2 -pedantic -fomit-frame-pointer -m64 -mtune=k8 -march=k8 -Wa,--noexecstack `test -f 'sub_err2_n.asm' || echo '../.././../gmp/gmp-5.1.1/mpn/'`sub_err2_n.asm
m4  -DHAVE_CONFIG_H -D__GMP_WITHIN_GMP -DOPERATION_sub_err1_n sub_err1_n.asm >tmp-sub_err1_n.s
/bin/bash ../libtool --mode=compile --tag=CC ../.././../gmp/gmp-5.1.1/mpn/m4-ccas --m4="m4" gcc-4.7 -std=gnu99 -c -DHAVE_CONFIG_H -I. -I../.././../gmp/gmp-5.1.1/mpn -I.. -D__GMP_WITHIN_GMP -I../.././../gmp/gmp-5.1.1 -DOPERATION_`echo sub_err3_n | sed 's/_$//'`    -O2 -pedantic -fomit-frame-pointer -m64 -mtune=k8 -march=k8 -Wa,--noexecstack `test -f 'sub_err3_n.asm' || echo '../.././../gmp/gmp-5.1.1/mpn/'`sub_err3_n.asm
 gcc-4.7 -std=gnu99 -c -DHAVE_CONFIG_H -I. -I../.././../gmp/gmp-5.1.1/mpn -I.. -D__GMP_WITHIN_GMP -I../.././../gmp/gmp-5.1.1 -DOPERATION_add_err3_n -O2 -pedantic -fomit-frame-pointer -m64 -mtune=k8 -march=k8 -Wa,--noexecstack tmp-add_err3_n.s -o add_err3_n.o
=== configuring in common (/home/sparksco/android/toolchain/aosp/build/gdb-7.5.1/sim/common)
if [ x"" != x ]; then \
	  gcc-4.7 -c -DHAVE_CONFIG_H -g -O2  -I. -I../.././../gdb/gdb-7.5.1/libiberty/../include  -W -Wall -Wwrite-strings -Wc++-compat -Wstrict-prototypes -pedantic   ../.././../gdb/gdb-7.5.1/libiberty/fopen_unlocked.c -o pic/fopen_unlocked.o; \
	else true; fi
gcc-4.7 -c -DHAVE_CONFIG_H -g -O2  -I. -I../.././../gdb/gdb-7.5.1/libiberty/../include  -W -Wall -Wwrite-strings -Wc++-compat -Wstrict-prototypes -pedantic  ../.././../gdb/gdb-7.5.1/libiberty/fopen_unlocked.c -o fopen_unlocked.o
libtool: compile:  gcc-4.7 -DHAVE_CONFIG_H -I. -I../.././../binutils/binutils-2.23.1/bfd -I. -I../.././../binutils/binutils-2.23.1/bfd -I../.././../binutils/binutils-2.23.1/bfd/../include -DHAVE_bfd_elf32_littlearm_vec -DHAVE_bfd_elf32_bigarm_vec -DHAVE_bfd_elf32_little_generic_vec -DHAVE_bfd_elf32_big_generic_vec -DBINDIR=\"/home/sparksco/android/arm-linux-androideabi/bin\" -W -Wall -Wstrict-prototypes -Wmissing-prototypes -Wshadow -Werror -g -O2 -MT archive.lo -MD -MP -MF .deps/archive.Tpo -c ../.././../binutils/binutils-2.23.1/bfd/archive.c -o archive.o
configure: running /bin/bash ../../.././../gdb/gdb-7.5.1/sim/common/configure --disable-option-checking '--prefix=/home/sparksco/android/arm-linux-androideabi'  '--with-system-zlib' '--with-gcc-version=195953' '--with-binutils-version=2.23.1' '--with-gmp-version=5.1.1' '--with-mpfr-version=3.1.1' '--with-gdb-version=7.5.1' '--with-mpc-version=current' '--disable-docs' '--disable-nls' '--with-expat' '--with-libexpat-prefix=/home/sparksco/android/toolchain/aosp/build/temp-install' '--with-python=no' '--program-transform-name=s&^&arm-linux-androideabi-&' '--build=x86_64-linux-gnu' '--host=x86_64-linux-gnu' '--target=arm-linux-android' 'build_alias=x86_64-linux-gnu' 'host_alias=x86_64-linux-gnu' 'target_alias=arm-linux-android' 'CC=gcc-4.7' 'CFLAGS=-g -O2' 'LDFLAGS= ' --cache-file=.././config.cache --srcdir=../../.././../gdb/gdb-7.5.1/sim/common
libtool: compile:  ../.././../gmp/gmp-5.1.1/mpn/m4-ccas --m4=m4 gcc-4.7 -std=gnu99 -c -DHAVE_CONFIG_H -I. -I../.././../gmp/gmp-5.1.1/mpn -I.. -D__GMP_WITHIN_GMP -I../.././../gmp/gmp-5.1.1 -DOPERATION_sub_err2_n -O2 -pedantic -fomit-frame-pointer -m64 -mtune=k8 -march=k8 -Wa,--noexecstack sub_err2_n.asm -o sub_err2_n.o
 gcc-4.7 -std=gnu99 -c -DHAVE_CONFIG_H -I. -I../.././../gmp/gmp-5.1.1/mpn -I.. -D__GMP_WITHIN_GMP -I../.././../gmp/gmp-5.1.1 -DOPERATION_sub_err1_n -O2 -pedantic -fomit-frame-pointer -m64 -mtune=k8 -march=k8 -Wa,--noexecstack tmp-sub_err1_n.s -o sub_err1_n.o
libtool: compile:  ../.././../gmp/gmp-5.1.1/mpn/m4-ccas --m4=m4 gcc-4.7 -std=gnu99 -c -DHAVE_CONFIG_H -I. -I../.././../gmp/gmp-5.1.1/mpn -I.. -D__GMP_WITHIN_GMP -I../.././../gmp/gmp-5.1.1 -DOPERATION_sub_err3_n -O2 -pedantic -fomit-frame-pointer -m64 -mtune=k8 -march=k8 -Wa,--noexecstack sub_err3_n.asm -o sub_err3_n.o
m4  -DHAVE_CONFIG_H -D__GMP_WITHIN_GMP -DOPERATION_sub_err3_n sub_err3_n.asm >tmp-sub_err3_n.s
m4  -DHAVE_CONFIG_H -D__GMP_WITHIN_GMP -DOPERATION_sub_err2_n sub_err2_n.asm >tmp-sub_err2_n.s
/bin/bash ../libtool --mode=compile --tag=CC ../.././../gmp/gmp-5.1.1/mpn/m4-ccas --m4="m4" gcc-4.7 -std=gnu99 -c -DHAVE_CONFIG_H -I. -I../.././../gmp/gmp-5.1.1/mpn -I.. -D__GMP_WITHIN_GMP -I../.././../gmp/gmp-5.1.1 -DOPERATION_`echo lshift | sed 's/_$//'`    -O2 -pedantic -fomit-frame-pointer -m64 -mtune=k8 -march=k8 -Wa,--noexecstack `test -f 'lshift.asm' || echo '../.././../gmp/gmp-5.1.1/mpn/'`lshift.asm
 gcc-4.7 -std=gnu99 -c -DHAVE_CONFIG_H -I. -I../.././../gmp/gmp-5.1.1/mpn -I.. -D__GMP_WITHIN_GMP -I../.././../gmp/gmp-5.1.1 -DOPERATION_sub_err3_n -O2 -pedantic -fomit-frame-pointer -m64 -mtune=k8 -march=k8 -Wa,--noexecstack tmp-sub_err3_n.s -o sub_err3_n.o
 gcc-4.7 -std=gnu99 -c -DHAVE_CONFIG_H -I. -I../.././../gmp/gmp-5.1.1/mpn -I.. -D__GMP_WITHIN_GMP -I../.././../gmp/gmp-5.1.1 -DOPERATION_sub_err2_n -O2 -pedantic -fomit-frame-pointer -m64 -mtune=k8 -march=k8 -Wa,--noexecstack tmp-sub_err2_n.s -o sub_err2_n.o
/bin/bash ../libtool --mode=compile --tag=CC ../.././../gmp/gmp-5.1.1/mpn/m4-ccas --m4="m4" gcc-4.7 -std=gnu99 -c -DHAVE_CONFIG_H -I. -I../.././../gmp/gmp-5.1.1/mpn -I.. -D__GMP_WITHIN_GMP -I../.././../gmp/gmp-5.1.1 -DOPERATION_`echo rshift | sed 's/_$//'`    -O2 -pedantic -fomit-frame-pointer -m64 -mtune=k8 -march=k8 -Wa,--noexecstack `test -f 'rshift.asm' || echo '../.././../gmp/gmp-5.1.1/mpn/'`rshift.asm
/bin/bash ./libtool --tag=CC   --mode=compile gcc-4.7 -DHAVE_CONFIG_H -I. -I../.././../binutils/binutils-2.23.1/bfd -I. -I../.././../binutils/binutils-2.23.1/bfd -I../.././../binutils/binutils-2.23.1/bfd/../include  -DHAVE_bfd_elf32_littlearm_vec -DHAVE_bfd_elf32_bigarm_vec -DHAVE_bfd_elf32_little_generic_vec -DHAVE_bfd_elf32_big_generic_vec  -DBINDIR='"/home/sparksco/android/arm-linux-androideabi/bin"'  -W -Wall -Wstrict-prototypes -Wmissing-prototypes -Wshadow -Werror -g -O2 -MT archures.lo -MD -MP -MF .deps/archures.Tpo -c -o archures.lo -DDEFAULT_VECTOR=bfd_elf32_littlearm_vec -DSELECT_VECS='&bfd_elf32_littlearm_vec,&bfd_elf32_bigarm_vec,&bfd_elf32_little_generic_vec,&bfd_elf32_big_generic_vec' -DSELECT_ARCHITECTURES='&bfd_arm_arch' ../.././../binutils/binutils-2.23.1/bfd/archures.c
if [ x"" != x ]; then \
	  gcc-4.7 -c -DHAVE_CONFIG_H -g -O2  -I. -I../.././../gdb/gdb-7.5.1/libiberty/../include  -W -Wall -Wwrite-strings -Wc++-compat -Wstrict-prototypes -pedantic   ../.././../gdb/gdb-7.5.1/libiberty/getopt.c -o pic/getopt.o; \
	else true; fi
gcc-4.7 -c -DHAVE_CONFIG_H -g -O2  -I. -I../.././../gdb/gdb-7.5.1/libiberty/../include  -W -Wall -Wwrite-strings -Wc++-compat -Wstrict-prototypes -pedantic  ../.././../gdb/gdb-7.5.1/libiberty/getopt.c -o getopt.o
libtool: compile:  ../.././../gmp/gmp-5.1.1/mpn/m4-ccas --m4=m4 gcc-4.7 -std=gnu99 -c -DHAVE_CONFIG_H -I. -I../.././../gmp/gmp-5.1.1/mpn -I.. -D__GMP_WITHIN_GMP -I../.././../gmp/gmp-5.1.1 -DOPERATION_lshift -O2 -pedantic -fomit-frame-pointer -m64 -mtune=k8 -march=k8 -Wa,--noexecstack lshift.asm -o lshift.o
m4  -DHAVE_CONFIG_H -D__GMP_WITHIN_GMP -DOPERATION_lshift lshift.asm >tmp-lshift.s
libtool: compile:  gcc-4.7 -DHAVE_CONFIG_H -I. -I../.././../binutils/binutils-2.23.1/bfd -I. -I../.././../binutils/binutils-2.23.1/bfd -I../.././../binutils/binutils-2.23.1/bfd/../include -DHAVE_bfd_elf32_littlearm_vec -DHAVE_bfd_elf32_bigarm_vec -DHAVE_bfd_elf32_little_generic_vec -DHAVE_bfd_elf32_big_generic_vec -DBINDIR=\"/home/sparksco/android/arm-linux-androideabi/bin\" -W -Wall -Wstrict-prototypes -Wmissing-prototypes -Wshadow -Werror -g -O2 -MT archures.lo -MD -MP -MF .deps/archures.Tpo -c -DDEFAULT_VECTOR=bfd_elf32_littlearm_vec "-DSELECT_VECS=&bfd_elf32_littlearm_vec,&bfd_elf32_bigarm_vec,&bfd_elf32_little_generic_vec,&bfd_elf32_big_generic_vec" "-DSELECT_ARCHITECTURES=&bfd_arm_arch" ../.././../binutils/binutils-2.23.1/bfd/archures.c -o archures.o
libtool: compile:  ../.././../gmp/gmp-5.1.1/mpn/m4-ccas --m4=m4 gcc-4.7 -std=gnu99 -c -DHAVE_CONFIG_H -I. -I../.././../gmp/gmp-5.1.1/mpn -I.. -D__GMP_WITHIN_GMP -I../.././../gmp/gmp-5.1.1 -DOPERATION_rshift -O2 -pedantic -fomit-frame-pointer -m64 -mtune=k8 -march=k8 -Wa,--noexecstack rshift.asm -o rshift.o
 gcc-4.7 -std=gnu99 -c -DHAVE_CONFIG_H -I. -I../.././../gmp/gmp-5.1.1/mpn -I.. -D__GMP_WITHIN_GMP -I../.././../gmp/gmp-5.1.1 -DOPERATION_lshift -O2 -pedantic -fomit-frame-pointer -m64 -mtune=k8 -march=k8 -Wa,--noexecstack tmp-lshift.s -o lshift.o
m4  -DHAVE_CONFIG_H -D__GMP_WITHIN_GMP -DOPERATION_rshift rshift.asm >tmp-rshift.s
/bin/bash ./libtool --tag=CC   --mode=compile gcc-4.7 -DHAVE_CONFIG_H -I. -I../.././../binutils/binutils-2.23.1/bfd -I. -I../.././../binutils/binutils-2.23.1/bfd -I../.././../binutils/binutils-2.23.1/bfd/../include  -DHAVE_bfd_elf32_littlearm_vec -DHAVE_bfd_elf32_bigarm_vec -DHAVE_bfd_elf32_little_generic_vec -DHAVE_bfd_elf32_big_generic_vec  -DBINDIR='"/home/sparksco/android/arm-linux-androideabi/bin"'  -W -Wall -Wstrict-prototypes -Wmissing-prototypes -Wshadow -Werror -g -O2 -MT bfd.lo -MD -MP -MF .deps/bfd.Tpo -c -o bfd.lo ../.././../binutils/binutils-2.23.1/bfd/bfd.c
/bin/bash ../libtool --mode=compile --tag=CC ../.././../gmp/gmp-5.1.1/mpn/m4-ccas --m4="m4" gcc-4.7 -std=gnu99 -c -DHAVE_CONFIG_H -I. -I../.././../gmp/gmp-5.1.1/mpn -I.. -D__GMP_WITHIN_GMP -I../.././../gmp/gmp-5.1.1 -DOPERATION_`echo dive_1 | sed 's/_$//'`    -O2 -pedantic -fomit-frame-pointer -m64 -mtune=k8 -march=k8 -Wa,--noexecstack `test -f 'dive_1.asm' || echo '../.././../gmp/gmp-5.1.1/mpn/'`dive_1.asm
 gcc-4.7 -std=gnu99 -c -DHAVE_CONFIG_H -I. -I../.././../gmp/gmp-5.1.1/mpn -I.. -D__GMP_WITHIN_GMP -I../.././../gmp/gmp-5.1.1 -DOPERATION_rshift -O2 -pedantic -fomit-frame-pointer -m64 -mtune=k8 -march=k8 -Wa,--noexecstack tmp-rshift.s -o rshift.o
yes
checking for a thread-safe mkdir -p... yes
/bin/mkdir -p
checking for gawk... gawk
checking whether make sets $(MAKE)... /bin/bash ../libtool --tag=CC   --mode=compile gcc-4.7 -std=gnu99 -DHAVE_CONFIG_H -I. -I../.././../gmp/gmp-5.1.1/mpn -I.. -D__GMP_WITHIN_GMP -I../.././../gmp/gmp-5.1.1 -DOPERATION_`echo diveby3 | sed 's/_$//'`    -O2 -pedantic -fomit-frame-pointer -m64 -mtune=k8 -march=k8 -c -o diveby3.lo diveby3.c
libtool: compile:  gcc-4.7 -DHAVE_CONFIG_H -I. -I../.././../binutils/binutils-2.23.1/bfd -I. -I../.././../binutils/binutils-2.23.1/bfd -I../.././../binutils/binutils-2.23.1/bfd/../include -DHAVE_bfd_elf32_littlearm_vec -DHAVE_bfd_elf32_bigarm_vec -DHAVE_bfd_elf32_little_generic_vec -DHAVE_bfd_elf32_big_generic_vec -DBINDIR=\"/home/sparksco/android/arm-linux-androideabi/bin\" -W -Wall -Wstrict-prototypes -Wmissing-prototypes -Wshadow -Werror -g -O2 -MT bfd.lo -MD -MP -MF .deps/bfd.Tpo -c ../.././../binutils/binutils-2.23.1/bfd/bfd.c -o bfd.o
libtool: compile:  ../.././../gmp/gmp-5.1.1/mpn/m4-ccas --m4=m4 gcc-4.7 -std=gnu99 -c -DHAVE_CONFIG_H -I. -I../.././../gmp/gmp-5.1.1/mpn -I.. -D__GMP_WITHIN_GMP -I../.././../gmp/gmp-5.1.1 -DOPERATION_dive_1 -O2 -pedantic -fomit-frame-pointer -m64 -mtune=k8 -march=k8 -Wa,--noexecstack dive_1.asm -o dive_1.o
yes
m4  -DHAVE_CONFIG_H -D__GMP_WITHIN_GMP -DOPERATION_dive_1 dive_1.asm >tmp-dive_1.s
checking for a thread-safe mkdir -p... checking for style of include used by make... libtool: compile:  gcc-4.7 -std=gnu99 -DHAVE_CONFIG_H -I. -I../.././../gmp/gmp-5.1.1/mpn -I.. -D__GMP_WITHIN_GMP -I../.././../gmp/gmp-5.1.1 -DOPERATION_diveby3 -O2 -pedantic -fomit-frame-pointer -m64 -mtune=k8 -march=k8 -c diveby3.c -o diveby3.o
 gcc-4.7 -std=gnu99 -c -DHAVE_CONFIG_H -I. -I../.././../gmp/gmp-5.1.1/mpn -I.. -D__GMP_WITHIN_GMP -I../.././../gmp/gmp-5.1.1 -DOPERATION_dive_1 -O2 -pedantic -fomit-frame-pointer -m64 -mtune=k8 -march=k8 -Wa,--noexecstack tmp-dive_1.s -o dive_1.o
GNU
/bin/mkdir -p
checking for gawk... gawk
checking whether make sets $(MAKE)... checking dependency style of gcc-4.7... yes
checking for style of include used by make... /bin/bash ../libtool --tag=CC   --mode=compile gcc-4.7 -std=gnu99 -DHAVE_CONFIG_H -I. -I../.././../gmp/gmp-5.1.1/mpn -I.. -D__GMP_WITHIN_GMP -I../.././../gmp/gmp-5.1.1 -DOPERATION_`echo divis | sed 's/_$//'`    -O2 -pedantic -fomit-frame-pointer -m64 -mtune=k8 -march=k8 -c -o divis.lo divis.c
GNU
/bin/bash ../libtool --tag=CC   --mode=compile gcc-4.7 -std=gnu99 -DHAVE_CONFIG_H -I. -I../.././../gmp/gmp-5.1.1/mpn -I.. -D__GMP_WITHIN_GMP -I../.././../gmp/gmp-5.1.1 -DOPERATION_`echo divrem | sed 's/_$//'`    -O2 -pedantic -fomit-frame-pointer -m64 -mtune=k8 -march=k8 -c -o divrem.lo divrem.c
checking dependency style of gcc-4.7... libtool: compile:  gcc-4.7 -std=gnu99 -DHAVE_CONFIG_H -I. -I../.././../gmp/gmp-5.1.1/mpn -I.. -D__GMP_WITHIN_GMP -I../.././../gmp/gmp-5.1.1 -DOPERATION_divis -O2 -pedantic -fomit-frame-pointer -m64 -mtune=k8 -march=k8 -c divis.c -o divis.o
libtool: compile:  gcc-4.7 -std=gnu99 -DHAVE_CONFIG_H -I. -I../.././../gmp/gmp-5.1.1/mpn -I.. -D__GMP_WITHIN_GMP -I../.././../gmp/gmp-5.1.1 -DOPERATION_divrem -O2 -pedantic -fomit-frame-pointer -m64 -mtune=k8 -march=k8 -c divrem.c -o divrem.o
gcc3
checking for x86_64-linux-gnu-ar... ar
checking for x86_64-linux-gnu-ranlib... ranlib
checking for x86_64-linux-gnu-gcc... (cached) gcc-4.7
configure: loading cache .././config.cache
checking for x86_64-linux-gnu-gcc... (cached) gcc-4.7
mv -f .deps/archures.Tpo .deps/archures.Plo
checking for C compiler default output file name... if [ x"" != x ]; then \
	  gcc-4.7 -c -DHAVE_CONFIG_H -g -O2  -I. -I../.././../gdb/gdb-7.5.1/libiberty/../include  -W -Wall -Wwrite-strings -Wc++-compat -Wstrict-prototypes -pedantic   ../.././../gdb/gdb-7.5.1/libiberty/getopt1.c -o pic/getopt1.o; \
	else true; fi
/bin/bash ../libtool --mode=compile --tag=CC ../.././../gmp/gmp-5.1.1/mpn/m4-ccas --m4="m4" gcc-4.7 -std=gnu99 -c -DHAVE_CONFIG_H -I. -I../.././../gmp/gmp-5.1.1/mpn -I.. -D__GMP_WITHIN_GMP -I../.././../gmp/gmp-5.1.1 -DOPERATION_`echo divrem_1 | sed 's/_$//'`    -O2 -pedantic -fomit-frame-pointer -m64 -mtune=k8 -march=k8 -Wa,--noexecstack `test -f 'divrem_1.asm' || echo '../.././../gmp/gmp-5.1.1/mpn/'`divrem_1.asm
gcc3
checking for x86_64-linux-gnu-gcc... (cached) gcc-4.7
checking whether we are using the GNU C compiler... (cached) yes
checking whether gcc-4.7 accepts -g... (cached) yes
checking for gcc-4.7 option to accept ISO C89... (cached) none needed
checking how to run the C preprocessor... /bin/bash ../libtool --mode=compile --tag=CC ../.././../gmp/gmp-5.1.1/mpn/m4-ccas --m4="m4" gcc-4.7 -std=gnu99 -c -DHAVE_CONFIG_H -I. -I../.././../gmp/gmp-5.1.1/mpn -I.. -D__GMP_WITHIN_GMP -I../.././../gmp/gmp-5.1.1 -DOPERATION_`echo divrem_2 | sed 's/_$//'`    -O2 -pedantic -fomit-frame-pointer -m64 -mtune=k8 -march=k8 -Wa,--noexecstack `test -f 'divrem_2.asm' || echo '../.././../gmp/gmp-5.1.1/mpn/'`divrem_2.asm
/bin/bash ./libtool --tag=CC   --mode=compile gcc-4.7 -DHAVE_CONFIG_H -I. -I../.././../binutils/binutils-2.23.1/bfd -I. -I../.././../binutils/binutils-2.23.1/bfd -I../.././../binutils/binutils-2.23.1/bfd/../include  -DHAVE_bfd_elf32_littlearm_vec -DHAVE_bfd_elf32_bigarm_vec -DHAVE_bfd_elf32_little_generic_vec -DHAVE_bfd_elf32_big_generic_vec  -DBINDIR='"/home/sparksco/android/arm-linux-androideabi/bin"'  -W -Wall -Wstrict-prototypes -Wmissing-prototypes -Wshadow -Werror -g -O2 -MT bfdio.lo -MD -MP -MF .deps/bfdio.Tpo -c -o bfdio.lo ../.././../binutils/binutils-2.23.1/bfd/bfdio.c
libtool: compile:  ../.././../gmp/gmp-5.1.1/mpn/m4-ccas --m4=m4 gcc-4.7 -std=gnu99 -c -DHAVE_CONFIG_H -I. -I../.././../gmp/gmp-5.1.1/mpn -I.. -D__GMP_WITHIN_GMP -I../.././../gmp/gmp-5.1.1 -DOPERATION_divrem_1 -O2 -pedantic -fomit-frame-pointer -m64 -mtune=k8 -march=k8 -Wa,--noexecstack divrem_1.asm -o divrem_1.o
m4  -DHAVE_CONFIG_H -D__GMP_WITHIN_GMP -DOPERATION_divrem_1 divrem_1.asm >tmp-divrem_1.s
a.out
checking whether the C compiler works... checking whether we are using the GNU C compiler... (cached) yes
checking whether gcc-4.7 accepts -g... (cached) yes
checking for gcc-4.7 option to accept ISO C89... (cached) none needed
checking how to run the C preprocessor... yes
libtool: compile:  ../.././../gmp/gmp-5.1.1/mpn/m4-ccas --m4=m4 gcc-4.7 -std=gnu99 -c -DHAVE_CONFIG_H -I. -I../.././../gmp/gmp-5.1.1/mpn -I.. -D__GMP_WITHIN_GMP -I../.././../gmp/gmp-5.1.1 -DOPERATION_divrem_2 -O2 -pedantic -fomit-frame-pointer -m64 -mtune=k8 -march=k8 -Wa,--noexecstack divrem_2.asm -o divrem_2.o
checking whether we are cross compiling... no
checking for suffix of executables... /bin/bash ./libtool --tag=CC   --mode=compile gcc-4.7 -DHAVE_CONFIG_H -I. -I../.././../binutils/binutils-2.23.1/bfd -I. -I../.././../binutils/binutils-2.23.1/bfd -I../.././../binutils/binutils-2.23.1/bfd/../include  -DHAVE_bfd_elf32_littlearm_vec -DHAVE_bfd_elf32_bigarm_vec -DHAVE_bfd_elf32_little_generic_vec -DHAVE_bfd_elf32_big_generic_vec  -DBINDIR='"/home/sparksco/android/arm-linux-androideabi/bin"'  -W -Wall -Wstrict-prototypes -Wmissing-prototypes -Wshadow -Werror -g -O2 -MT bfdwin.lo -MD -MP -MF .deps/bfdwin.Tpo -c -o bfdwin.lo ../.././../binutils/binutils-2.23.1/bfd/bfdwin.c
gcc-4.7 -E
 gcc-4.7 -std=gnu99 -c -DHAVE_CONFIG_H -I. -I../.././../gmp/gmp-5.1.1/mpn -I.. -D__GMP_WITHIN_GMP -I../.././../gmp/gmp-5.1.1 -DOPERATION_divrem_1 -O2 -pedantic -fomit-frame-pointer -m64 -mtune=k8 -march=k8 -Wa,--noexecstack tmp-divrem_1.s -o divrem_1.o
libtool: compile:  gcc-4.7 -DHAVE_CONFIG_H -I. -I../.././../binutils/binutils-2.23.1/bfd -I. -I../.././../binutils/binutils-2.23.1/bfd -I../.././../binutils/binutils-2.23.1/bfd/../include -DHAVE_bfd_elf32_littlearm_vec -DHAVE_bfd_elf32_bigarm_vec -DHAVE_bfd_elf32_little_generic_vec -DHAVE_bfd_elf32_big_generic_vec -DBINDIR=\"/home/sparksco/android/arm-linux-androideabi/bin\" -W -Wall -Wstrict-prototypes -Wmissing-prototypes -Wshadow -Werror -g -O2 -MT bfdio.lo -MD -MP -MF .deps/bfdio.Tpo -c ../.././../binutils/binutils-2.23.1/bfd/bfdio.c -o bfdio.o
/bin/bash ../libtool --tag=CC   --mode=compile gcc-4.7 -std=gnu99 -DHAVE_CONFIG_H -I. -I../.././../gmp/gmp-5.1.1/mpn -I.. -D__GMP_WITHIN_GMP -I../.././../gmp/gmp-5.1.1 -DOPERATION_`echo fib2_ui | sed 's/_$//'`    -O2 -pedantic -fomit-frame-pointer -m64 -mtune=k8 -march=k8 -c -o fib2_ui.lo fib2_ui.c
 gcc-4.7 -std=gnu99 -c -DHAVE_CONFIG_H -I. -I../.././../gmp/gmp-5.1.1/mpn -I.. -D__GMP_WITHIN_GMP -I../.././../gmp/gmp-5.1.1 -DOPERATION_divrem_2 -O2 -pedantic -fomit-frame-pointer -m64 -mtune=k8 -march=k8 -Wa,--noexecstack tmp-divrem_2.s -o divrem_2.o
libtool: compile:  gcc-4.7 -DHAVE_CONFIG_H -I. -I../.././../binutils/binutils-2.23.1/bfd -I. -I../.././../binutils/binutils-2.23.1/bfd -I../.././../binutils/binutils-2.23.1/bfd/../include -DHAVE_bfd_elf32_littlearm_vec -DHAVE_bfd_elf32_bigarm_vec -DHAVE_bfd_elf32_little_generic_vec -DHAVE_bfd_elf32_big_generic_vec -DBINDIR=\"/home/sparksco/android/arm-linux-androideabi/bin\" -W -Wall -Wstrict-prototypes -Wmissing-prototypes -Wshadow -Werror -g -O2 -MT bfdwin.lo -MD -MP -MF .deps/bfdwin.Tpo -c ../.././../binutils/binutils-2.23.1/bfd/bfdwin.c -o bfdwin.o
gcc-4.7 -E
/bin/grep
checking for egrep... /bin/bash ../libtool --tag=CC   --mode=compile gcc-4.7 -std=gnu99 -DHAVE_CONFIG_H -I. -I../.././../gmp/gmp-5.1.1/mpn -I.. -D__GMP_WITHIN_GMP -I../.././../gmp/gmp-5.1.1 -DOPERATION_`echo mod_1 | sed 's/_$//'`    -O2 -pedantic -fomit-frame-pointer -m64 -mtune=k8 -march=k8 -c -o mod_1.lo mod_1.c
/bin/grep -E
checking for ANSI C header files... libtool: compile:  gcc-4.7 -std=gnu99 -DHAVE_CONFIG_H -I. -I../.././../gmp/gmp-5.1.1/mpn -I.. -D__GMP_WITHIN_GMP -I../.././../gmp/gmp-5.1.1 -DOPERATION_fib2_ui -O2 -pedantic -fomit-frame-pointer -m64 -mtune=k8 -march=k8 -c fib2_ui.c -o fib2_ui.o
checking for grep that handles long lines and -e... /bin/grep
checking for egrep... /bin/grep -E
checking for ANSI C header files... libtool: compile:  gcc-4.7 -std=gnu99 -DHAVE_CONFIG_H -I. -I../.././../gmp/gmp-5.1.1/mpn -I.. -D__GMP_WITHIN_GMP -I../.././../gmp/gmp-5.1.1 -DOPERATION_mod_1 -O2 -pedantic -fomit-frame-pointer -m64 -mtune=k8 -march=k8 -c mod_1.c -o mod_1.o

checking for suffix of object files... (cached) o
checking whether we are using the GNU C compiler... (cached) yes
checking whether gcc-4.7 accepts -g... mv -f .deps/bfdwin.Tpo .deps/bfdwin.Plo
(cached) yes
checking for gcc-4.7 option to accept ISO C89... (cached) none needed
/bin/bash ./libtool --tag=CC   --mode=compile gcc-4.7 -DHAVE_CONFIG_H -I. -I../.././../binutils/binutils-2.23.1/bfd -I. -I../.././../binutils/binutils-2.23.1/bfd -I../.././../binutils/binutils-2.23.1/bfd/../include  -DHAVE_bfd_elf32_littlearm_vec -DHAVE_bfd_elf32_bigarm_vec -DHAVE_bfd_elf32_little_generic_vec -DHAVE_bfd_elf32_big_generic_vec  -DBINDIR='"/home/sparksco/android/arm-linux-androideabi/bin"'  -W -Wall -Wstrict-prototypes -Wmissing-prototypes -Wshadow -Werror -g -O2 -MT cache.lo -MD -MP -MF .deps/cache.Tpo -c -o cache.lo ../.././../binutils/binutils-2.23.1/bfd/cache.c
/bin/bash ../libtool --mode=compile --tag=CC ../.././../gmp/gmp-5.1.1/mpn/m4-ccas --m4="m4" gcc-4.7 -std=gnu99 -c -DHAVE_CONFIG_H -I. -I../.././../gmp/gmp-5.1.1/mpn -I.. -D__GMP_WITHIN_GMP -I../.././../gmp/gmp-5.1.1 -DOPERATION_`echo mod_34lsub1 | sed 's/_$//'`    -O2 -pedantic -fomit-frame-pointer -m64 -mtune=k8 -march=k8 -Wa,--noexecstack `test -f 'mod_34lsub1.asm' || echo '../.././../gmp/gmp-5.1.1/mpn/'`mod_34lsub1.asm
checking build system type... (cached) x86_64-pc-linux-gnu
checking host system type... (cached) x86_64-pc-linux-gnu
checking target system type... (cached) arm-unknown-linux-android
checking how to run the C preprocessor... (cached) gcc-4.7 -E
mv -f .deps/bfd.Tpo .deps/bfd.Plo
libtool: compile:  gcc-4.7 -DHAVE_CONFIG_H -I. -I../.././../binutils/binutils-2.23.1/bfd -I. -I../.././../binutils/binutils-2.23.1/bfd -I../.././../binutils/binutils-2.23.1/bfd/../include -DHAVE_bfd_elf32_littlearm_vec -DHAVE_bfd_elf32_bigarm_vec -DHAVE_bfd_elf32_little_generic_vec -DHAVE_bfd_elf32_big_generic_vec -DBINDIR=\"/home/sparksco/android/arm-linux-androideabi/bin\" -W -Wall -Wstrict-prototypes -Wmissing-prototypes -Wshadow -Werror -g -O2 -MT cache.lo -MD -MP -MF .deps/cache.Tpo -c ../.././../binutils/binutils-2.23.1/bfd/cache.c -o cache.o
libtool: compile:  ../.././../gmp/gmp-5.1.1/mpn/m4-ccas --m4=m4 gcc-4.7 -std=gnu99 -c -DHAVE_CONFIG_H -I. -I../.././../gmp/gmp-5.1.1/mpn -I.. -D__GMP_WITHIN_GMP -I../.././../gmp/gmp-5.1.1 -DOPERATION_mod_34lsub1 -O2 -pedantic -fomit-frame-pointer -m64 -mtune=k8 -march=k8 -Wa,--noexecstack mod_34lsub1.asm -o mod_34lsub1.o
/bin/bash ../libtool --mode=compile --tag=CC ../.././../gmp/gmp-5.1.1/mpn/m4-ccas --m4="m4" gcc-4.7 -std=gnu99 -c -DHAVE_CONFIG_H -I. -I../.././../gmp/gmp-5.1.1/mpn -I.. -D__GMP_WITHIN_GMP -I../.././../gmp/gmp-5.1.1 -DOPERATION_`echo mode1o | sed 's/_$//'`    -O2 -pedantic -fomit-frame-pointer -m64 -mtune=k8 -march=k8 -Wa,--noexecstack `test -f 'mode1o.asm' || echo '../.././../gmp/gmp-5.1.1/mpn/'`mode1o.asm
if [ x"" != x ]; then \
	  gcc-4.7 -c -DHAVE_CONFIG_H -g -O2  -I. -I../.././../gdb/gdb-7.5.1/libiberty/../include  -W -Wall -Wwrite-strings -Wc++-compat -Wstrict-prototypes -pedantic   ../.././../gdb/gdb-7.5.1/libiberty/getpwd.c -o pic/getpwd.o; \
	else true; fi
m4  -DHAVE_CONFIG_H -D__GMP_WITHIN_GMP -DOPERATION_mod_34lsub1 mod_34lsub1.asm >tmp-mod_34lsub1.s
gcc-4.7 -c -DHAVE_CONFIG_H -g -O2  -I. -I../.././../gdb/gdb-7.5.1/libiberty/../include  -W -Wall -Wwrite-strings -Wc++-compat -Wstrict-prototypes -pedantic  ../.././../gdb/gdb-7.5.1/libiberty/getpwd.c -o getpwd.o
checking for grep that handles long lines and -e... (cached) /bin/grep
checking for egrep... (cached) /bin/grep -E
checking for ANSI C header files... (cached) yes
checking for sys/types.h... (cached) yes
yes
libtool: compile:  ../.././../gmp/gmp-5.1.1/mpn/m4-ccas --m4=m4 gcc-4.7 -std=gnu99 -c -DHAVE_CONFIG_H -I. -I../.././../gmp/gmp-5.1.1/mpn -I.. -D__GMP_WITHIN_GMP -I../.././../gmp/gmp-5.1.1 -DOPERATION_mode1o -O2 -pedantic -fomit-frame-pointer -m64 -mtune=k8 -march=k8 -Wa,--noexecstack mode1o.asm -o mode1o.o
m4  -DHAVE_CONFIG_H -D__GMP_WITHIN_GMP -DOPERATION_mode1o mode1o.asm >tmp-mode1o.s
 gcc-4.7 -std=gnu99 -c -DHAVE_CONFIG_H -I. -I../.././../gmp/gmp-5.1.1/mpn -I.. -D__GMP_WITHIN_GMP -I../.././../gmp/gmp-5.1.1 -DOPERATION_mod_34lsub1 -O2 -pedantic -fomit-frame-pointer -m64 -mtune=k8 -march=k8 -Wa,--noexecstack tmp-mod_34lsub1.s -o mod_34lsub1.o
checking for sys/types.h... mv -f .deps/bfdio.Tpo .deps/bfdio.Plo
/bin/bash ./libtool --tag=CC   --mode=compile gcc-4.7 -DHAVE_CONFIG_H -I. -I../.././../binutils/binutils-2.23.1/bfd -I. -I../.././../binutils/binutils-2.23.1/bfd -I../.././../binutils/binutils-2.23.1/bfd/../include  -DHAVE_bfd_elf32_littlearm_vec -DHAVE_bfd_elf32_bigarm_vec -DHAVE_bfd_elf32_little_generic_vec -DHAVE_bfd_elf32_big_generic_vec  -DBINDIR='"/home/sparksco/android/arm-linux-androideabi/bin"'  -W -Wall -Wstrict-prototypes -Wmissing-prototypes -Wshadow -Werror -g -O2 -MT coffgen.lo -MD -MP -MF .deps/coffgen.Tpo -c -o coffgen.lo ../.././../binutils/binutils-2.23.1/bfd/coffgen.c
 gcc-4.7 -std=gnu99 -c -DHAVE_CONFIG_H -I. -I../.././../gmp/gmp-5.1.1/mpn -I.. -D__GMP_WITHIN_GMP -I../.././../gmp/gmp-5.1.1 -DOPERATION_mode1o -O2 -pedantic -fomit-frame-pointer -m64 -mtune=k8 -march=k8 -Wa,--noexecstack tmp-mode1o.s -o mode1o.o
/bin/bash ../libtool --tag=CC   --mode=compile gcc-4.7 -std=gnu99 -DHAVE_CONFIG_H -I. -I../.././../gmp/gmp-5.1.1/mpn -I.. -D__GMP_WITHIN_GMP -I../.././../gmp/gmp-5.1.1 -DOPERATION_`echo pre_mod_1 | sed 's/_$//'`    -O2 -pedantic -fomit-frame-pointer -m64 -mtune=k8 -march=k8 -c -o pre_mod_1.lo pre_mod_1.c
checking for sys/stat.h... (cached) yes
if [ x"" != x ]; then \
	  gcc-4.7 -c -DHAVE_CONFIG_H -g -O2  -I. -I../.././../gdb/gdb-7.5.1/libiberty/../include  -W -Wall -Wwrite-strings -Wc++-compat -Wstrict-prototypes -pedantic   ../.././../gdb/gdb-7.5.1/libiberty/getruntime.c -o pic/getruntime.o; \
	else true; fi
gcc-4.7 -c -DHAVE_CONFIG_H -g -O2  -I. -I../.././../gdb/gdb-7.5.1/libiberty/../include  -W -Wall -Wwrite-strings -Wc++-compat -Wstrict-prototypes -pedantic  ../.././../gdb/gdb-7.5.1/libiberty/getruntime.c -o getruntime.o
/bin/bash ../libtool --tag=CC   --mode=compile gcc-4.7 -std=gnu99 -DHAVE_CONFIG_H -I. -I../.././../gmp/gmp-5.1.1/mpn -I.. -D__GMP_WITHIN_GMP -I../.././../gmp/gmp-5.1.1 -DOPERATION_`echo dump | sed 's/_$//'`    -O2 -pedantic -fomit-frame-pointer -m64 -mtune=k8 -march=k8 -c -o dump.lo dump.c
checking for stdlib.h... (cached) yes
yes
checking for string.h... (cached) yes
yes
checking for memory.h... (cached) yes
checking for sys/types.h... libtool: compile:  gcc-4.7 -std=gnu99 -DHAVE_CONFIG_H -I. -I../.././../gmp/gmp-5.1.1/mpn -I.. -D__GMP_WITHIN_GMP -I../.././../gmp/gmp-5.1.1 -DOPERATION_dump -O2 -pedantic -fomit-frame-pointer -m64 -mtune=k8 -march=k8 -c dump.c -o dump.o
libtool: compile:  gcc-4.7 -DHAVE_CONFIG_H -I. -I../.././../binutils/binutils-2.23.1/bfd -I. -I../.././../binutils/binutils-2.23.1/bfd -I../.././../binutils/binutils-2.23.1/bfd/../include -DHAVE_bfd_elf32_littlearm_vec -DHAVE_bfd_elf32_bigarm_vec -DHAVE_bfd_elf32_little_generic_vec -DHAVE_bfd_elf32_big_generic_vec -DBINDIR=\"/home/sparksco/android/arm-linux-androideabi/bin\" -W -Wall -Wstrict-prototypes -Wmissing-prototypes -Wshadow -Werror -g -O2 -MT coffgen.lo -MD -MP -MF .deps/coffgen.Tpo -c ../.././../binutils/binutils-2.23.1/bfd/coffgen.c -o coffgen.o
libtool: compile:  gcc-4.7 -std=gnu99 -DHAVE_CONFIG_H -I. -I../.././../gmp/gmp-5.1.1/mpn -I.. -D__GMP_WITHIN_GMP -I../.././../gmp/gmp-5.1.1 -DOPERATION_pre_mod_1 -O2 -pedantic -fomit-frame-pointer -m64 -mtune=k8 -march=k8 -c pre_mod_1.c -o pre_mod_1.o
checking for sys/stat.h... checking for strings.h... (cached) yes
/bin/bash ./libtool --tag=CC   --mode=compile gcc-4.7 -DHAVE_CONFIG_H -I. -I../.././../binutils/binutils-2.23.1/bfd -I. -I../.././../binutils/binutils-2.23.1/bfd -I../.././../binutils/binutils-2.23.1/bfd/../include  -DHAVE_bfd_elf32_littlearm_vec -DHAVE_bfd_elf32_bigarm_vec -DHAVE_bfd_elf32_little_generic_vec -DHAVE_bfd_elf32_big_generic_vec  -DBINDIR='"/home/sparksco/android/arm-linux-androideabi/bin"'  -W -Wall -Wstrict-prototypes -Wmissing-prototypes -Wshadow -Werror -g -O2 -MT corefile.lo -MD -MP -MF .deps/corefile.Tpo -c -o corefile.lo ../.././../binutils/binutils-2.23.1/bfd/corefile.c
checking for inttypes.h... (cached) yes
yes
/bin/bash ./libtool --tag=CC   --mode=compile gcc-4.7 -DHAVE_CONFIG_H -I. -I../.././../binutils/binutils-2.23.1/bfd -I. -I../.././../binutils/binutils-2.23.1/bfd -I../.././../binutils/binutils-2.23.1/bfd/../include  -DHAVE_bfd_elf32_littlearm_vec -DHAVE_bfd_elf32_bigarm_vec -DHAVE_bfd_elf32_little_generic_vec -DHAVE_bfd_elf32_big_generic_vec  -DBINDIR='"/home/sparksco/android/arm-linux-androideabi/bin"'  -W -Wall -Wstrict-prototypes -Wmissing-prototypes -Wshadow -Werror -g -O2 -MT format.lo -MD -MP -MF .deps/format.Tpo -c -o format.lo ../.././../binutils/binutils-2.23.1/bfd/format.c
checking for stdlib.h... if [ x"" != x ]; then \
	  gcc-4.7 -c -DHAVE_CONFIG_H -g -O2  -I. -I../.././../gdb/gdb-7.5.1/libiberty/../include  -W -Wall -Wwrite-strings -Wc++-compat -Wstrict-prototypes -pedantic   ../.././../gdb/gdb-7.5.1/libiberty/hashtab.c -o pic/hashtab.o; \
	else true; fi
checking for stdint.h... (cached) yes
gcc-4.7 -c -DHAVE_CONFIG_H -g -O2  -I. -I../.././../gdb/gdb-7.5.1/libiberty/../include  -W -Wall -Wwrite-strings -Wc++-compat -Wstrict-prototypes -pedantic  ../.././../gdb/gdb-7.5.1/libiberty/hashtab.c -o hashtab.o
checking for unistd.h... (cached) yes
checking for minix/config.h... (cached) no
checking whether it is safe to define __EXTENSIONS__... (cached) yes
yes
/bin/bash ../libtool --mode=compile --tag=CC ../.././../gmp/gmp-5.1.1/mpn/m4-ccas --m4="m4" gcc-4.7 -std=gnu99 -c -DHAVE_CONFIG_H -I. -I../.././../gmp/gmp-5.1.1/mpn -I.. -D__GMP_WITHIN_GMP -I../.././../gmp/gmp-5.1.1 -DOPERATION_`echo mod_1_1 | sed 's/_$//'`    -O2 -pedantic -fomit-frame-pointer -m64 -mtune=k8 -march=k8 -Wa,--noexecstack `test -f 'mod_1_1.asm' || echo '../.././../gmp/gmp-5.1.1/mpn/'`mod_1_1.asm
checking for a BSD-compatible install... /usr/bin/install -c
checking for x86_64-linux-gnu-ranlib... (cached) ranlib
mv -f .deps/cache.Tpo .deps/cache.Plo
checking for sys/stat.h... libtool: compile:  gcc-4.7 -DHAVE_CONFIG_H -I. -I../.././../binutils/binutils-2.23.1/bfd -I. -I../.././../binutils/binutils-2.23.1/bfd -I../.././../binutils/binutils-2.23.1/bfd/../include -DHAVE_bfd_elf32_littlearm_vec -DHAVE_bfd_elf32_bigarm_vec -DHAVE_bfd_elf32_little_generic_vec -DHAVE_bfd_elf32_big_generic_vec -DBINDIR=\"/home/sparksco/android/arm-linux-androideabi/bin\" -W -Wall -Wstrict-prototypes -Wmissing-prototypes -Wshadow -Werror -g -O2 -MT format.lo -MD -MP -MF .deps/format.Tpo -c ../.././../binutils/binutils-2.23.1/bfd/format.c -o format.o
checking dependency style of gcc-4.7... (cached) gcc3
libtool: compile:  gcc-4.7 -DHAVE_CONFIG_H -I. -I../.././../binutils/binutils-2.23.1/bfd -I. -I../.././../binutils/binutils-2.23.1/bfd -I../.././../binutils/binutils-2.23.1/bfd/../include -DHAVE_bfd_elf32_littlearm_vec -DHAVE_bfd_elf32_bigarm_vec -DHAVE_bfd_elf32_little_generic_vec -DHAVE_bfd_elf32_big_generic_vec -DBINDIR=\"/home/sparksco/android/arm-linux-androideabi/bin\" -W -Wall -Wstrict-prototypes -Wmissing-prototypes -Wshadow -Werror -g -O2 -MT corefile.lo -MD -MP -MF .deps/corefile.Tpo -c ../.././../binutils/binutils-2.23.1/bfd/corefile.c -o corefile.o
checking for make... (cached) make
checking whether NLS is requested... no
/bin/bash ./libtool --tag=CC   --mode=compile gcc-4.7 -DHAVE_CONFIG_H -I. -I../.././../binutils/binutils-2.23.1/bfd -I. -I../.././../binutils/binutils-2.23.1/bfd -I../.././../binutils/binutils-2.23.1/bfd/../include  -DHAVE_bfd_elf32_littlearm_vec -DHAVE_bfd_elf32_bigarm_vec -DHAVE_bfd_elf32_little_generic_vec -DHAVE_bfd_elf32_big_generic_vec  -DBINDIR='"/home/sparksco/android/arm-linux-androideabi/bin"'  -W -Wall -Wstrict-prototypes -Wmissing-prototypes -Wshadow -Werror -g -O2 -MT init.lo -MD -MP -MF .deps/init.Tpo -c -o init.lo ../.././../binutils/binutils-2.23.1/bfd/init.c
checking for stdlib.h... (cached) yes
yes
checking for string.h... (cached) yes
libtool: compile:  ../.././../gmp/gmp-5.1.1/mpn/m4-ccas --m4=m4 gcc-4.7 -std=gnu99 -c -DHAVE_CONFIG_H -I. -I../.././../gmp/gmp-5.1.1/mpn -I.. -D__GMP_WITHIN_GMP -I../.././../gmp/gmp-5.1.1 -DOPERATION_mod_1_1 -O2 -pedantic -fomit-frame-pointer -m64 -mtune=k8 -march=k8 -Wa,--noexecstack mod_1_1.asm -o mod_1_1.o
m4  -DHAVE_CONFIG_H -D__GMP_WITHIN_GMP -DOPERATION_mod_1_1 mod_1_1.asm >tmp-mod_1_1.s
checking for string.h... mv -f .deps/archive.Tpo .deps/archive.Plo
libtool: compile:  gcc-4.7 -DHAVE_CONFIG_H -I. -I../.././../binutils/binutils-2.23.1/bfd -I. -I../.././../binutils/binutils-2.23.1/bfd -I../.././../binutils/binutils-2.23.1/bfd/../include -DHAVE_bfd_elf32_littlearm_vec -DHAVE_bfd_elf32_bigarm_vec -DHAVE_bfd_elf32_little_generic_vec -DHAVE_bfd_elf32_big_generic_vec -DBINDIR=\"/home/sparksco/android/arm-linux-androideabi/bin\" -W -Wall -Wstrict-prototypes -Wmissing-prototypes -Wshadow -Werror -g -O2 -MT init.lo -MD -MP -MF .deps/init.Tpo -c ../.././../binutils/binutils-2.23.1/bfd/init.c -o init.o
checking for strings.h... (cached) yes
 gcc-4.7 -std=gnu99 -c -DHAVE_CONFIG_H -I. -I../.././../gmp/gmp-5.1.1/mpn -I.. -D__GMP_WITHIN_GMP -I../.././../gmp/gmp-5.1.1 -DOPERATION_mod_1_1 -O2 -pedantic -fomit-frame-pointer -m64 -mtune=k8 -march=k8 -Wa,--noexecstack tmp-mod_1_1.s -o mod_1_1.o
yes
if [ x"" != x ]; then \
	  gcc-4.7 -c -DHAVE_CONFIG_H -g -O2  -I. -I../.././../gdb/gdb-7.5.1/libiberty/../include  -W -Wall -Wwrite-strings -Wc++-compat -Wstrict-prototypes -pedantic   ../.././../gdb/gdb-7.5.1/libiberty/hex.c -o pic/hex.o; \
	else true; fi
gcc-4.7 -c -DHAVE_CONFIG_H -g -O2  -I. -I../.././../gdb/gdb-7.5.1/libiberty/../include  -W -Wall -Wwrite-strings -Wc++-compat -Wstrict-prototypes -pedantic  ../.././../gdb/gdb-7.5.1/libiberty/hex.c -o hex.o
checking for stdlib.h... /bin/bash ../libtool --mode=compile --tag=CC ../.././../gmp/gmp-5.1.1/mpn/m4-ccas --m4="m4" gcc-4.7 -std=gnu99 -c -DHAVE_CONFIG_H -I. -I../.././../gmp/gmp-5.1.1/mpn -I.. -D__GMP_WITHIN_GMP -I../.././../gmp/gmp-5.1.1 -DOPERATION_`echo mod_1_2 | sed 's/_$//'`    -O2 -pedantic -fomit-frame-pointer -m64 -mtune=k8 -march=k8 -Wa,--noexecstack `test -f 'mod_1_2.asm' || echo '../.././../gmp/gmp-5.1.1/mpn/'`mod_1_2.asm
yes
checking for unistd.h... (cached) yes
/bin/bash ../libtool --tag=CC   --mode=compile gcc-4.7 -std=gnu99 -DHAVE_CONFIG_H -I. -I../.././../gmp/gmp-5.1.1/mpn -I.. -D__GMP_WITHIN_GMP -I../.././../gmp/gmp-5.1.1 -DOPERATION_`echo mod_1_3 | sed 's/_$//'`    -O2 -pedantic -fomit-frame-pointer -m64 -mtune=k8 -march=k8 -c -o mod_1_3.lo mod_1_3.c
checking for memory.h... checking for time.h... (cached) yes
yes
checking for string.h... libtool: compile:  gcc-4.7 -std=gnu99 -DHAVE_CONFIG_H -I. -I../.././../gmp/gmp-5.1.1/mpn -I.. -D__GMP_WITHIN_GMP -I../.././../gmp/gmp-5.1.1 -DOPERATION_mod_1_3 -O2 -pedantic -fomit-frame-pointer -m64 -mtune=k8 -march=k8 -c mod_1_3.c -o mod_1_3.o
mv -f .deps/corefile.Tpo .deps/corefile.Plo
checking for sys/time.h... (cached) yes
/bin/bash ../libtool --mode=compile --tag=CC ../.././../gmp/gmp-5.1.1/mpn/m4-ccas --m4="m4" gcc-4.7 -std=gnu99 -c -DHAVE_CONFIG_H -I. -I../.././../gmp/gmp-5.1.1/mpn -I.. -D__GMP_WITHIN_GMP -I../.././../gmp/gmp-5.1.1 -DOPERATION_`echo mod_1_4 | sed 's/_$//'`    -O2 -pedantic -fomit-frame-pointer -m64 -mtune=k8 -march=k8 -Wa,--noexecstack `test -f 'mod_1_4.asm' || echo '../.././../gmp/gmp-5.1.1/mpn/'`mod_1_4.asm
mv -f .deps/init.Tpo .deps/init.Plo
libtool: compile:  ../.././../gmp/gmp-5.1.1/mpn/m4-ccas --m4=m4 gcc-4.7 -std=gnu99 -c -DHAVE_CONFIG_H -I. -I../.././../gmp/gmp-5.1.1/mpn -I.. -D__GMP_WITHIN_GMP -I../.././../gmp/gmp-5.1.1 -DOPERATION_mod_1_2 -O2 -pedantic -fomit-frame-pointer -m64 -mtune=k8 -march=k8 -Wa,--noexecstack mod_1_2.asm -o mod_1_2.o
/bin/bash ./libtool --tag=CC   --mode=compile gcc-4.7 -DHAVE_CONFIG_H -I. -I../.././../binutils/binutils-2.23.1/bfd -I. -I../.././../binutils/binutils-2.23.1/bfd -I../.././../binutils/binutils-2.23.1/bfd/../include  -DHAVE_bfd_elf32_littlearm_vec -DHAVE_bfd_elf32_bigarm_vec -DHAVE_bfd_elf32_little_generic_vec -DHAVE_bfd_elf32_big_generic_vec  -DBINDIR='"/home/sparksco/android/arm-linux-androideabi/bin"'  -W -Wall -Wstrict-prototypes -Wmissing-prototypes -Wshadow -Werror -g -O2 -MT libbfd.lo -MD -MP -MF .deps/libbfd.Tpo -c -o libbfd.lo ../.././../binutils/binutils-2.23.1/bfd/libbfd.c
m4  -DHAVE_CONFIG_H -D__GMP_WITHIN_GMP -DOPERATION_mod_1_2 mod_1_2.asm >tmp-mod_1_2.s
yes
 gcc-4.7 -std=gnu99 -c -DHAVE_CONFIG_H -I. -I../.././../gmp/gmp-5.1.1/mpn -I.. -D__GMP_WITHIN_GMP -I../.././../gmp/gmp-5.1.1 -DOPERATION_mod_1_2 -O2 -pedantic -fomit-frame-pointer -m64 -mtune=k8 -march=k8 -Wa,--noexecstack tmp-mod_1_2.s -o mod_1_2.o
checking for strings.h... checking for sys/resource.h... (cached) yes
yes
/bin/bash ./libtool --tag=CC   --mode=compile gcc-4.7 -DHAVE_CONFIG_H -I. -I../.././../binutils/binutils-2.23.1/bfd -I. -I../.././../binutils/binutils-2.23.1/bfd -I../.././../binutils/binutils-2.23.1/bfd/../include  -DHAVE_bfd_elf32_littlearm_vec -DHAVE_bfd_elf32_bigarm_vec -DHAVE_bfd_elf32_little_generic_vec -DHAVE_bfd_elf32_big_generic_vec  -DBINDIR='"/home/sparksco/android/arm-linux-androideabi/bin"'  -W -Wall -Wstrict-prototypes -Wmissing-prototypes -Wshadow -Werror -g -O2 -MT opncls.lo -MD -MP -MF .deps/opncls.Tpo -c -o opncls.lo ../.././../binutils/binutils-2.23.1/bfd/opncls.c
mv -f .deps/format.Tpo .deps/format.Plo
checking for memory.h... libtool: compile:  ../.././../gmp/gmp-5.1.1/mpn/m4-ccas --m4=m4 gcc-4.7 -std=gnu99 -c -DHAVE_CONFIG_H -I. -I../.././../gmp/gmp-5.1.1/mpn -I.. -D__GMP_WITHIN_GMP -I../.././../gmp/gmp-5.1.1 -DOPERATION_mod_1_4 -O2 -pedantic -fomit-frame-pointer -m64 -mtune=k8 -march=k8 -Wa,--noexecstack mod_1_4.asm -o mod_1_4.o
checking for fcntl.h... (cached) yes
if [ x"" != x ]; then \
	  gcc-4.7 -c -DHAVE_CONFIG_H -g -O2  -I. -I../.././../gdb/gdb-7.5.1/libiberty/../include  -W -Wall -Wwrite-strings -Wc++-compat -Wstrict-prototypes -pedantic   ../.././../gdb/gdb-7.5.1/libiberty/lbasename.c -o pic/lbasename.o; \
	else true; fi
gcc-4.7 -c -DHAVE_CONFIG_H -g -O2  -I. -I../.././../gdb/gdb-7.5.1/libiberty/../include  -W -Wall -Wwrite-strings -Wc++-compat -Wstrict-prototypes -pedantic  ../.././../gdb/gdb-7.5.1/libiberty/lbasename.c -o lbasename.o
checking for fpu_control.h... (cached) yes
libtool: compile:  gcc-4.7 -DHAVE_CONFIG_H -I. -I../.././../binutils/binutils-2.23.1/bfd -I. -I../.././../binutils/binutils-2.23.1/bfd -I../.././../binutils/binutils-2.23.1/bfd/../include -DHAVE_bfd_elf32_littlearm_vec -DHAVE_bfd_elf32_bigarm_vec -DHAVE_bfd_elf32_little_generic_vec -DHAVE_bfd_elf32_big_generic_vec -DBINDIR=\"/home/sparksco/android/arm-linux-androideabi/bin\" -W -Wall -Wstrict-prototypes -Wmissing-prototypes -Wshadow -Werror -g -O2 -MT libbfd.lo -MD -MP -MF .deps/libbfd.Tpo -c ../.././../binutils/binutils-2.23.1/bfd/libbfd.c -o libbfd.o
m4  -DHAVE_CONFIG_H -D__GMP_WITHIN_GMP -DOPERATION_mod_1_4 mod_1_4.asm >tmp-mod_1_4.s
libtool: compile:  gcc-4.7 -DHAVE_CONFIG_H -I. -I../.././../binutils/binutils-2.23.1/bfd -I. -I../.././../binutils/binutils-2.23.1/bfd -I../.././../binutils/binutils-2.23.1/bfd/../include -DHAVE_bfd_elf32_littlearm_vec -DHAVE_bfd_elf32_bigarm_vec -DHAVE_bfd_elf32_little_generic_vec -DHAVE_bfd_elf32_big_generic_vec -DBINDIR=\"/home/sparksco/android/arm-linux-androideabi/bin\" -W -Wall -Wstrict-prototypes -Wmissing-prototypes -Wshadow -Werror -g -O2 -MT opncls.lo -MD -MP -MF .deps/opncls.Tpo -c ../.././../binutils/binutils-2.23.1/bfd/opncls.c -o opncls.o
checking for dlfcn.h... (cached) yes
yes
if [ x"" != x ]; then \
	  gcc-4.7 -c -DHAVE_CONFIG_H -g -O2  -I. -I../.././../gdb/gdb-7.5.1/libiberty/../include  -W -Wall -Wwrite-strings -Wc++-compat -Wstrict-prototypes -pedantic   ../.././../gdb/gdb-7.5.1/libiberty/lrealpath.c -o pic/lrealpath.o; \
	else true; fi
gcc-4.7 -c -DHAVE_CONFIG_H -g -O2  -I. -I../.././../gdb/gdb-7.5.1/libiberty/../include  -W -Wall -Wwrite-strings -Wc++-compat -Wstrict-prototypes -pedantic  ../.././../gdb/gdb-7.5.1/libiberty/lrealpath.c -o lrealpath.o
(cached) yes
 gcc-4.7 -std=gnu99 -c -DHAVE_CONFIG_H -I. -I../.././../gmp/gmp-5.1.1/mpn -I.. -D__GMP_WITHIN_GMP -I../.././../gmp/gmp-5.1.1 -DOPERATION_mod_1_4 -O2 -pedantic -fomit-frame-pointer -m64 -mtune=k8 -march=k8 -Wa,--noexecstack tmp-mod_1_4.s -o mod_1_4.o
yes
checking for sys/stat.h... (cached) yes
checking for inttypes.h... /bin/bash ../libtool --mode=compile --tag=CC ../.././../gmp/gmp-5.1.1/mpn/m4-ccas --m4="m4" gcc-4.7 -std=gnu99 -c -DHAVE_CONFIG_H -I. -I../.././../gmp/gmp-5.1.1/mpn -I.. -D__GMP_WITHIN_GMP -I../.././../gmp/gmp-5.1.1 -DOPERATION_`echo lshiftc | sed 's/_$//'`    -O2 -pedantic -fomit-frame-pointer -m64 -mtune=k8 -march=k8 -Wa,--noexecstack `test -f 'lshiftc.asm' || echo '../.././../gmp/gmp-5.1.1/mpn/'`lshiftc.asm
/bin/bash ../libtool --tag=CC   --mode=compile gcc-4.7 -std=gnu99 -DHAVE_CONFIG_H -I. -I../.././../gmp/gmp-5.1.1/mpn -I.. -D__GMP_WITHIN_GMP -I../.././../gmp/gmp-5.1.1 -DOPERATION_`echo mul | sed 's/_$//'`    -O2 -pedantic -fomit-frame-pointer -m64 -mtune=k8 -march=k8 -c -o mul.lo mul.c
checking for strings.h... checking for getrusage... (cached) yes
libtool: compile:  ../.././../gmp/gmp-5.1.1/mpn/m4-ccas --m4=m4 gcc-4.7 -std=gnu99 -c -DHAVE_CONFIG_H -I. -I../.././../gmp/gmp-5.1.1/mpn -I.. -D__GMP_WITHIN_GMP -I../.././../gmp/gmp-5.1.1 -DOPERATION_lshiftc -O2 -pedantic -fomit-frame-pointer -m64 -mtune=k8 -march=k8 -Wa,--noexecstack lshiftc.asm -o lshiftc.o
if [ x"" != x ]; then \
	  gcc-4.7 -c -DHAVE_CONFIG_H -g -O2  -I. -I../.././../gdb/gdb-7.5.1/libiberty/../include  -W -Wall -Wwrite-strings -Wc++-compat -Wstrict-prototypes -pedantic   ../.././../gdb/gdb-7.5.1/libiberty/make-relative-prefix.c -o pic/make-relative-prefix.o; \
	else true; fi
gcc-4.7 -c -DHAVE_CONFIG_H -g -O2  -I. -I../.././../gdb/gdb-7.5.1/libiberty/../include  -W -Wall -Wwrite-strings -Wc++-compat -Wstrict-prototypes -pedantic  ../.././../gdb/gdb-7.5.1/libiberty/make-relative-prefix.c -o make-relative-prefix.o
checking for time... (cached) yes
if [ x"" != x ]; then \
	  gcc-4.7 -c -DHAVE_CONFIG_H -g -O2  -I. -I../.././../gdb/gdb-7.5.1/libiberty/../include  -W -Wall -Wwrite-strings -Wc++-compat -Wstrict-prototypes -pedantic   ../.././../gdb/gdb-7.5.1/libiberty/make-temp-file.c -o pic/make-temp-file.o; \
	else true; fi
libtool: compile:  gcc-4.7 -std=gnu99 -DHAVE_CONFIG_H -I. -I../.././../gmp/gmp-5.1.1/mpn -I.. -D__GMP_WITHIN_GMP -I../.././../gmp/gmp-5.1.1 -DOPERATION_mul -O2 -pedantic -fomit-frame-pointer -m64 -mtune=k8 -march=k8 -c mul.c -o mul.o
gcc-4.7 -c -DHAVE_CONFIG_H -g -O2  -I. -I../.././../gdb/gdb-7.5.1/libiberty/../include  -W -Wall -Wwrite-strings -Wc++-compat -Wstrict-prototypes -pedantic  ../.././../gdb/gdb-7.5.1/libiberty/make-temp-file.c -o make-temp-file.o
yes
checking for stdint.h... m4  -DHAVE_CONFIG_H -D__GMP_WITHIN_GMP -DOPERATION_lshiftc lshiftc.asm >tmp-lshiftc.s
checking for sigaction... (cached) yes
checking for __setfpucw... (cached) no
checking for bind in -lsocket... (cached) no
checking for gethostbyname in -lnsl... (cached) yes
 gcc-4.7 -std=gnu99 -c -DHAVE_CONFIG_H -I. -I../.././../gmp/gmp-5.1.1/mpn -I.. -D__GMP_WITHIN_GMP -I../.././../gmp/gmp-5.1.1 -DOPERATION_lshiftc -O2 -pedantic -fomit-frame-pointer -m64 -mtune=k8 -march=k8 -Wa,--noexecstack tmp-lshiftc.s -o lshiftc.o
checking for library containing zlibVersion... (cached) -lz
checking for zlib.h... (cached) yes
yes
checking for inttypes.h... checking return type of signal handlers... (cached) void
/bin/bash ../libtool --tag=CC   --mode=compile gcc-4.7 -std=gnu99 -DHAVE_CONFIG_H -I. -I../.././../gmp/gmp-5.1.1/mpn -I.. -D__GMP_WITHIN_GMP -I../.././../gmp/gmp-5.1.1 -DOPERATION_`echo mul_fft | sed 's/_$//'`    -O2 -pedantic -fomit-frame-pointer -m64 -mtune=k8 -march=k8 -c -o mul_fft.lo mul_fft.c
if [ x"" != x ]; then \
	  gcc-4.7 -c -DHAVE_CONFIG_H -g -O2  -I. -I../.././../gdb/gdb-7.5.1/libiberty/../include  -W -Wall -Wwrite-strings -Wc++-compat -Wstrict-prototypes -pedantic   ../.././../gdb/gdb-7.5.1/libiberty/objalloc.c -o pic/objalloc.o; \
	else true; fi
checking for stdlib.h... (cached) yes
gcc-4.7 -c -DHAVE_CONFIG_H -g -O2  -I. -I../.././../gdb/gdb-7.5.1/libiberty/../include  -W -Wall -Wwrite-strings -Wc++-compat -Wstrict-prototypes -pedantic  ../.././../gdb/gdb-7.5.1/libiberty/objalloc.c -o objalloc.o
yes
checking for string.h... (cached) yes
libtool: compile:  gcc-4.7 -std=gnu99 -DHAVE_CONFIG_H -I. -I../.././../gmp/gmp-5.1.1/mpn -I.. -D__GMP_WITHIN_GMP -I../.././../gmp/gmp-5.1.1 -DOPERATION_mul_fft -O2 -pedantic -fomit-frame-pointer -m64 -mtune=k8 -march=k8 -c mul_fft.c -o mul_fft.o
checking for unistd.h... yes
checking for strings.h... (cached) yes
/bin/bash ../libtool --tag=CC   --mode=compile gcc-4.7 -std=gnu99 -DHAVE_CONFIG_H -I. -I../.././../gmp/gmp-5.1.1/mpn -I.. -D__GMP_WITHIN_GMP -I../.././../gmp/gmp-5.1.1 -DOPERATION_`echo mul_n | sed 's/_$//'`    -O2 -pedantic -fomit-frame-pointer -m64 -mtune=k8 -march=k8 -c -o mul_n.lo mul_n.c
checking for time.h... (cached) yes
/bin/bash ../libtool --tag=CC   --mode=compile gcc-4.7 -std=gnu99 -DHAVE_CONFIG_H -I. -I../.././../gmp/gmp-5.1.1/mpn -I.. -D__GMP_WITHIN_GMP -I../.././../gmp/gmp-5.1.1 -DOPERATION_`echo sqr | sed 's/_$//'`    -O2 -pedantic -fomit-frame-pointer -m64 -mtune=k8 -march=k8 -c -o sqr.lo sqr.c
checking for stdint.h... yes
checking sys/times.h usability... if [ x"" != x ]; then \
	  gcc-4.7 -c -DHAVE_CONFIG_H -g -O2  -I. -I../.././../gdb/gdb-7.5.1/libiberty/../include  -W -Wall -Wwrite-strings -Wc++-compat -Wstrict-prototypes -pedantic   ../.././../gdb/gdb-7.5.1/libiberty/obstack.c -o pic/obstack.o; \
	else true; fi
gcc-4.7 -c -DHAVE_CONFIG_H -g -O2  -I. -I../.././../gdb/gdb-7.5.1/libiberty/../include  -W -Wall -Wwrite-strings -Wc++-compat -Wstrict-prototypes -pedantic  ../.././../gdb/gdb-7.5.1/libiberty/obstack.c -o obstack.o
checking minix/config.h usability... libtool: compile:  gcc-4.7 -std=gnu99 -DHAVE_CONFIG_H -I. -I../.././../gmp/gmp-5.1.1/mpn -I.. -D__GMP_WITHIN_GMP -I../.././../gmp/gmp-5.1.1 -DOPERATION_mul_n -O2 -pedantic -fomit-frame-pointer -m64 -mtune=k8 -march=k8 -c mul_n.c -o mul_n.o
libtool: compile:  gcc-4.7 -std=gnu99 -DHAVE_CONFIG_H -I. -I../.././../gmp/gmp-5.1.1/mpn -I.. -D__GMP_WITHIN_GMP -I../.././../gmp/gmp-5.1.1 -DOPERATION_sqr -O2 -pedantic -fomit-frame-pointer -m64 -mtune=k8 -march=k8 -c sqr.c -o sqr.o
yes
if [ x"" != x ]; then \
	  gcc-4.7 -c -DHAVE_CONFIG_H -g -O2  -I. -I../.././../gdb/gdb-7.5.1/libiberty/../include  -W -Wall -Wwrite-strings -Wc++-compat -Wstrict-prototypes -pedantic   ../.././../gdb/gdb-7.5.1/libiberty/partition.c -o pic/partition.o; \
	else true; fi
yes
checking sys/times.h presence... mv -f .deps/libbfd.Tpo .deps/libbfd.Plo
gcc-4.7 -c -DHAVE_CONFIG_H -g -O2  -I. -I../.././../gdb/gdb-7.5.1/libiberty/../include  -W -Wall -Wwrite-strings -Wc++-compat -Wstrict-prototypes -pedantic  ../.././../gdb/gdb-7.5.1/libiberty/partition.c -o partition.o
checking for unistd.h... if [ x"" != x ]; then \
	  gcc-4.7 -c -DHAVE_CONFIG_H -g -O2  -I. -I../.././../gdb/gdb-7.5.1/libiberty/../include  -W -Wall -Wwrite-strings -Wc++-compat -Wstrict-prototypes -pedantic   ../.././../gdb/gdb-7.5.1/libiberty/pexecute.c -o pic/pexecute.o; \
	else true; fi
/bin/bash ../libtool --mode=compile --tag=CC ../.././../gmp/gmp-5.1.1/mpn/m4-ccas --m4="m4" gcc-4.7 -std=gnu99 -c -DHAVE_CONFIG_H -I. -I../.././../gmp/gmp-5.1.1/mpn -I.. -D__GMP_WITHIN_GMP -I../.././../gmp/gmp-5.1.1 -DOPERATION_`echo mul_basecase | sed 's/_$//'`    -O2 -pedantic -fomit-frame-pointer -m64 -mtune=k8 -march=k8 -Wa,--noexecstack `test -f 'mul_basecase.asm' || echo '../.././../gmp/gmp-5.1.1/mpn/'`mul_basecase.asm
gcc-4.7 -c -DHAVE_CONFIG_H -g -O2  -I. -I../.././../gdb/gdb-7.5.1/libiberty/../include  -W -Wall -Wwrite-strings -Wc++-compat -Wstrict-prototypes -pedantic  ../.././../gdb/gdb-7.5.1/libiberty/pexecute.c -o pexecute.o
yes
checking for sys/times.h... yes
mv -f .deps/opncls.Tpo .deps/opncls.Plo
/bin/bash ./libtool --tag=CC   --mode=compile gcc-4.7 -DHAVE_CONFIG_H -I. -I../.././../binutils/binutils-2.23.1/bfd -I. -I../.././../binutils/binutils-2.23.1/bfd -I../.././../binutils/binutils-2.23.1/bfd/../include  -DHAVE_bfd_elf32_littlearm_vec -DHAVE_bfd_elf32_bigarm_vec -DHAVE_bfd_elf32_little_generic_vec -DHAVE_bfd_elf32_big_generic_vec  -DBINDIR='"/home/sparksco/android/arm-linux-androideabi/bin"'  -W -Wall -Wstrict-prototypes -Wmissing-prototypes -Wshadow -Werror -g -O2 -MT reloc.lo -MD -MP -MF .deps/reloc.Tpo -c -o reloc.lo ../.././../binutils/binutils-2.23.1/bfd/reloc.c
checking for sys/stat.h... (cached) yes
libtool: compile:  ../.././../gmp/gmp-5.1.1/mpn/m4-ccas --m4=m4 gcc-4.7 -std=gnu99 -c -DHAVE_CONFIG_H -I. -I../.././../gmp/gmp-5.1.1/mpn -I.. -D__GMP_WITHIN_GMP -I../.././../gmp/gmp-5.1.1 -DOPERATION_mul_basecase -O2 -pedantic -fomit-frame-pointer -m64 -mtune=k8 -march=k8 -Wa,--noexecstack mul_basecase.asm -o mul_basecase.o
m4  -DHAVE_CONFIG_H -D__GMP_WITHIN_GMP -DOPERATION_mul_basecase mul_basecase.asm >tmp-mul_basecase.s
/bin/bash ../libtool --mode=compile --tag=CC ../.././../gmp/gmp-5.1.1/mpn/m4-ccas --m4="m4" gcc-4.7 -std=gnu99 -c -DHAVE_CONFIG_H -I. -I../.././../gmp/gmp-5.1.1/mpn -I.. -D__GMP_WITHIN_GMP -I../.././../gmp/gmp-5.1.1 -DOPERATION_`echo sqr_basecase | sed 's/_$//'`    -O2 -pedantic -fomit-frame-pointer -m64 -mtune=k8 -march=k8 -Wa,--noexecstack `test -f 'sqr_basecase.asm' || echo '../.././../gmp/gmp-5.1.1/mpn/'`sqr_basecase.asm
checking sys/mman.h usability... libtool: compile:  gcc-4.7 -DHAVE_CONFIG_H -I. -I../.././../binutils/binutils-2.23.1/bfd -I. -I../.././../binutils/binutils-2.23.1/bfd -I../.././../binutils/binutils-2.23.1/bfd/../include -DHAVE_bfd_elf32_littlearm_vec -DHAVE_bfd_elf32_bigarm_vec -DHAVE_bfd_elf32_little_generic_vec -DHAVE_bfd_elf32_big_generic_vec -DBINDIR=\"/home/sparksco/android/arm-linux-androideabi/bin\" -W -Wall -Wstrict-prototypes -Wmissing-prototypes -Wshadow -Werror -g -O2 -MT reloc.lo -MD -MP -MF .deps/reloc.Tpo -c ../.././../binutils/binutils-2.23.1/bfd/reloc.c -o reloc.o
yes
checking minix/config.h usability...  gcc-4.7 -std=gnu99 -c -DHAVE_CONFIG_H -I. -I../.././../gmp/gmp-5.1.1/mpn -I.. -D__GMP_WITHIN_GMP -I../.././../gmp/gmp-5.1.1 -DOPERATION_mul_basecase -O2 -pedantic -fomit-frame-pointer -m64 -mtune=k8 -march=k8 -Wa,--noexecstack tmp-mul_basecase.s -o mul_basecase.o
/bin/bash ../libtool --tag=CC   --mode=compile gcc-4.7 -std=gnu99 -DHAVE_CONFIG_H -I. -I../.././../gmp/gmp-5.1.1/mpn -I.. -D__GMP_WITHIN_GMP -I../.././../gmp/gmp-5.1.1 -DOPERATION_`echo nussbaumer_mul | sed 's/_$//'`    -O2 -pedantic -fomit-frame-pointer -m64 -mtune=k8 -march=k8 -c -o nussbaumer_mul.lo nussbaumer_mul.c
libtool: compile:  ../.././../gmp/gmp-5.1.1/mpn/m4-ccas --m4=m4 gcc-4.7 -std=gnu99 -c -DHAVE_CONFIG_H -I. -I../.././../gmp/gmp-5.1.1/mpn -I.. -D__GMP_WITHIN_GMP -I../.././../gmp/gmp-5.1.1 -DOPERATION_sqr_basecase -O2 -pedantic -fomit-frame-pointer -m64 -mtune=k8 -march=k8 -Wa,--noexecstack sqr_basecase.asm -o sqr_basecase.o
m4  -DHAVE_CONFIG_H -D__GMP_WITHIN_GMP -DOPERATION_sqr_basecase sqr_basecase.asm >tmp-sqr_basecase.s
if [ x"" != x ]; then \
	  gcc-4.7 -c -DHAVE_CONFIG_H -g -O2  -I. -I../.././../gdb/gdb-7.5.1/libiberty/../include  -W -Wall -Wwrite-strings -Wc++-compat -Wstrict-prototypes -pedantic   ../.././../gdb/gdb-7.5.1/libiberty/physmem.c -o pic/physmem.o; \
	else true; fi
gcc-4.7 -c -DHAVE_CONFIG_H -g -O2  -I. -I../.././../gdb/gdb-7.5.1/libiberty/../include  -W -Wall -Wwrite-strings -Wc++-compat -Wstrict-prototypes -pedantic  ../.././../gdb/gdb-7.5.1/libiberty/physmem.c -o physmem.o
yes
checking sys/mman.h presence... if [ x"" != x ]; then \
	  gcc-4.7 -c -DHAVE_CONFIG_H -g -O2  -I. -I../.././../gdb/gdb-7.5.1/libiberty/../include  -W -Wall -Wwrite-strings -Wc++-compat -Wstrict-prototypes -pedantic   ../.././../gdb/gdb-7.5.1/libiberty/pex-common.c -o pic/pex-common.o; \
	else true; fi
 gcc-4.7 -std=gnu99 -c -DHAVE_CONFIG_H -I. -I../.././../gmp/gmp-5.1.1/mpn -I.. -D__GMP_WITHIN_GMP -I../.././../gmp/gmp-5.1.1 -DOPERATION_sqr_basecase -O2 -pedantic -fomit-frame-pointer -m64 -mtune=k8 -march=k8 -Wa,--noexecstack tmp-sqr_basecase.s -o sqr_basecase.o
gcc-4.7 -c -DHAVE_CONFIG_H -g -O2  -I. -I../.././../gdb/gdb-7.5.1/libiberty/../include  -W -Wall -Wwrite-strings -Wc++-compat -Wstrict-prototypes -pedantic  ../.././../gdb/gdb-7.5.1/libiberty/pex-common.c -o pex-common.o
no
checking minix/config.h presence... yes
checking for sys/mman.h... libtool: compile:  gcc-4.7 -std=gnu99 -DHAVE_CONFIG_H -I. -I../.././../gmp/gmp-5.1.1/mpn -I.. -D__GMP_WITHIN_GMP -I../.././../gmp/gmp-5.1.1 -DOPERATION_nussbaumer_mul -O2 -pedantic -fomit-frame-pointer -m64 -mtune=k8 -march=k8 -c nussbaumer_mul.c -o nussbaumer_mul.o
yes
/bin/bash ./libtool --tag=CC   --mode=compile gcc-4.7 -DHAVE_CONFIG_H -I. -I../.././../binutils/binutils-2.23.1/bfd -I. -I../.././../binutils/binutils-2.23.1/bfd -I../.././../binutils/binutils-2.23.1/bfd/../include  -DHAVE_bfd_elf32_littlearm_vec -DHAVE_bfd_elf32_bigarm_vec -DHAVE_bfd_elf32_little_generic_vec -DHAVE_bfd_elf32_big_generic_vec  -DBINDIR='"/home/sparksco/android/arm-linux-androideabi/bin"'  -W -Wall -Wstrict-prototypes -Wmissing-prototypes -Wshadow -Werror -g -O2 -MT section.lo -MD -MP -MF .deps/section.Tpo -c -o section.lo ../.././../binutils/binutils-2.23.1/bfd/section.c
checking for mmap... no
checking for minix/config.h... no
checking whether it is safe to define __EXTENSIONS__... /bin/bash ./libtool --tag=CC   --mode=compile gcc-4.7 -DHAVE_CONFIG_H -I. -I../.././../binutils/binutils-2.23.1/bfd -I. -I../.././../binutils/binutils-2.23.1/bfd -I../.././../binutils/binutils-2.23.1/bfd/../include  -DHAVE_bfd_elf32_littlearm_vec -DHAVE_bfd_elf32_bigarm_vec -DHAVE_bfd_elf32_little_generic_vec -DHAVE_bfd_elf32_big_generic_vec  -DBINDIR='"/home/sparksco/android/arm-linux-androideabi/bin"'  -W -Wall -Wstrict-prototypes -Wmissing-prototypes -Wshadow -Werror -g -O2 -MT syms.lo -MD -MP -MF .deps/syms.Tpo -c -o syms.lo ../.././../binutils/binutils-2.23.1/bfd/syms.c
libtool: compile:  gcc-4.7 -DHAVE_CONFIG_H -I. -I../.././../binutils/binutils-2.23.1/bfd -I. -I../.././../binutils/binutils-2.23.1/bfd -I../.././../binutils/binutils-2.23.1/bfd/../include -DHAVE_bfd_elf32_littlearm_vec -DHAVE_bfd_elf32_bigarm_vec -DHAVE_bfd_elf32_little_generic_vec -DHAVE_bfd_elf32_big_generic_vec -DBINDIR=\"/home/sparksco/android/arm-linux-androideabi/bin\" -W -Wall -Wstrict-prototypes -Wmissing-prototypes -Wshadow -Werror -g -O2 -MT section.lo -MD -MP -MF .deps/section.Tpo -c ../.././../binutils/binutils-2.23.1/bfd/section.c -o section.o
mv -f .deps/coffgen.Tpo .deps/coffgen.Plo
yes
checking how to print strings... /bin/bash ../libtool --mode=compile --tag=CC ../.././../gmp/gmp-5.1.1/mpn/m4-ccas --m4="m4" gcc-4.7 -std=gnu99 -c -DHAVE_CONFIG_H -I. -I../.././../gmp/gmp-5.1.1/mpn -I.. -D__GMP_WITHIN_GMP -I../.././../gmp/gmp-5.1.1 -DOPERATION_`echo mulmid_basecase | sed 's/_$//'`    -O2 -pedantic -fomit-frame-pointer -m64 -mtune=k8 -march=k8 -Wa,--noexecstack `test -f 'mulmid_basecase.asm' || echo '../.././../gmp/gmp-5.1.1/mpn/'`mulmid_basecase.asm
/bin/bash ../libtool --tag=CC   --mode=compile gcc-4.7 -std=gnu99 -DHAVE_CONFIG_H -I. -I../.././../gmp/gmp-5.1.1/mpn -I.. -D__GMP_WITHIN_GMP -I../.././../gmp/gmp-5.1.1 -DOPERATION_`echo toom42_mulmid | sed 's/_$//'`    -O2 -pedantic -fomit-frame-pointer -m64 -mtune=k8 -march=k8 -c -o toom42_mulmid.lo toom42_mulmid.c
printf
checking for a sed that does not truncate output... /bin/sed
checking for fgrep... libtool: compile:  gcc-4.7 -DHAVE_CONFIG_H -I. -I../.././../binutils/binutils-2.23.1/bfd -I. -I../.././../binutils/binutils-2.23.1/bfd -I../.././../binutils/binutils-2.23.1/bfd/../include -DHAVE_bfd_elf32_littlearm_vec -DHAVE_bfd_elf32_bigarm_vec -DHAVE_bfd_elf32_little_generic_vec -DHAVE_bfd_elf32_big_generic_vec -DBINDIR=\"/home/sparksco/android/arm-linux-androideabi/bin\" -W -Wall -Wstrict-prototypes -Wmissing-prototypes -Wshadow -Werror -g -O2 -MT syms.lo -MD -MP -MF .deps/syms.Tpo -c ../.././../binutils/binutils-2.23.1/bfd/syms.c -o syms.o
yes
/bin/grep -F
checking for ld used by gcc-4.7... libtool: compile:  ../.././../gmp/gmp-5.1.1/mpn/m4-ccas --m4=m4 gcc-4.7 -std=gnu99 -c -DHAVE_CONFIG_H -I. -I../.././../gmp/gmp-5.1.1/mpn -I.. -D__GMP_WITHIN_GMP -I../.././../gmp/gmp-5.1.1 -DOPERATION_mulmid_basecase -O2 -pedantic -fomit-frame-pointer -m64 -mtune=k8 -march=k8 -Wa,--noexecstack mulmid_basecase.asm -o mulmid_basecase.o
m4  -DHAVE_CONFIG_H -D__GMP_WITHIN_GMP -DOPERATION_mulmid_basecase mulmid_basecase.asm >tmp-mulmid_basecase.s
ld
checking if the linker (ld) is GNU ld... checking for munmap... yes
checking for BSD- or MS-compatible name lister (nm)... nm
checking the name lister (nm) interface... libtool: compile:  gcc-4.7 -std=gnu99 -DHAVE_CONFIG_H -I. -I../.././../gmp/gmp-5.1.1/mpn -I.. -D__GMP_WITHIN_GMP -I../.././../gmp/gmp-5.1.1 -DOPERATION_toom42_mulmid -O2 -pedantic -fomit-frame-pointer -m64 -mtune=k8 -march=k8 -c toom42_mulmid.c -o toom42_mulmid.o
no
checking minix/config.h presence...  gcc-4.7 -std=gnu99 -c -DHAVE_CONFIG_H -I. -I../.././../gmp/gmp-5.1.1/mpn -I.. -D__GMP_WITHIN_GMP -I../.././../gmp/gmp-5.1.1 -DOPERATION_mulmid_basecase -O2 -pedantic -fomit-frame-pointer -m64 -mtune=k8 -march=k8 -Wa,--noexecstack tmp-mulmid_basecase.s -o mulmid_basecase.o
no
checking for minix/config.h... no
checking whether it is safe to define __EXTENSIONS__... /bin/bash ../libtool --tag=CC   --mode=compile gcc-4.7 -std=gnu99 -DHAVE_CONFIG_H -I. -I../.././../gmp/gmp-5.1.1/mpn -I.. -D__GMP_WITHIN_GMP -I../.././../gmp/gmp-5.1.1 -DOPERATION_`echo mulmid_n | sed 's/_$//'`    -O2 -pedantic -fomit-frame-pointer -m64 -mtune=k8 -march=k8 -c -o mulmid_n.lo mulmid_n.c
BSD nm
checking whether ln -s works... yes
checking the maximum length of command line arguments... 3458764513820540925
checking whether the shell understands some XSI constructs... yes
checking whether the shell understands "+="... yes
yes
checking for ld option to reload object files... -r
checking for x86_64-linux-gnu-objdump... objdump
checking how to recognize dependent libraries... pass_all
checking for x86_64-linux-gnu-ar... (cached) ar
checking for x86_64-linux-gnu-strip... no
checking for strip... strip
checking for x86_64-linux-gnu-ranlib... (cached) ranlib
checking command to parse nm output from gcc-4.7 object... checking for lstat... libtool: compile:  gcc-4.7 -std=gnu99 -DHAVE_CONFIG_H -I. -I../.././../gmp/gmp-5.1.1/mpn -I.. -D__GMP_WITHIN_GMP -I../.././../gmp/gmp-5.1.1 -DOPERATION_mulmid_n -O2 -pedantic -fomit-frame-pointer -m64 -mtune=k8 -march=k8 -c mulmid_n.c -o mulmid_n.o
yes
checking for x86_64-linux-gnu-ar... ar
checking for x86_64-linux-gnu-ranlib... ranlib
checking how to print strings... if [ x"" != x ]; then \
	  gcc-4.7 -c -DHAVE_CONFIG_H -g -O2  -I. -I../.././../gdb/gdb-7.5.1/libiberty/../include  -W -Wall -Wwrite-strings -Wc++-compat -Wstrict-prototypes -pedantic   ../.././../gdb/gdb-7.5.1/libiberty/pex-one.c -o pic/pex-one.o; \
	else true; fi
gcc-4.7 -c -DHAVE_CONFIG_H -g -O2  -I. -I../.././../gdb/gdb-7.5.1/libiberty/../include  -W -Wall -Wwrite-strings -Wc++-compat -Wstrict-prototypes -pedantic  ../.././../gdb/gdb-7.5.1/libiberty/pex-one.c -o pex-one.o
printf
checking for a sed that does not truncate output... /bin/sed
checking for fgrep... /bin/grep -F
checking for ld used by gcc-4.7... ld
checking if the linker (ld) is GNU ld... yes
checking for BSD- or MS-compatible name lister (nm)... nm
checking the name lister (nm) interface... if [ x"" != x ]; then \
	  gcc-4.7 -c -DHAVE_CONFIG_H -g -O2  -I. -I../.././../gdb/gdb-7.5.1/libiberty/../include  -W -Wall -Wwrite-strings -Wc++-compat -Wstrict-prototypes -pedantic   ../.././../gdb/gdb-7.5.1/libiberty/pex-unix.c -o pic/pex-unix.o; \
	else true; fi
gcc-4.7 -c -DHAVE_CONFIG_H -g -O2  -I. -I../.././../gdb/gdb-7.5.1/libiberty/../include  -W -Wall -Wwrite-strings -Wc++-compat -Wstrict-prototypes -pedantic  ../.././../gdb/gdb-7.5.1/libiberty/pex-unix.c -o pex-unix.o
if [ x"" != x ]; then \
	  gcc-4.7 -c -DHAVE_CONFIG_H -g -O2  -I. -I../.././../gdb/gdb-7.5.1/libiberty/../include  -W -Wall -Wwrite-strings -Wc++-compat -Wstrict-prototypes -pedantic   ../.././../gdb/gdb-7.5.1/libiberty/safe-ctype.c -o pic/safe-ctype.o; \
	else true; fi
mv -f .deps/reloc.Tpo .deps/reloc.Plo
gcc-4.7 -c -DHAVE_CONFIG_H -g -O2  -I. -I../.././../gdb/gdb-7.5.1/libiberty/../include  -W -Wall -Wwrite-strings -Wc++-compat -Wstrict-prototypes -pedantic  ../.././../gdb/gdb-7.5.1/libiberty/safe-ctype.c -o safe-ctype.o
/bin/bash ../libtool --tag=CC   --mode=compile gcc-4.7 -std=gnu99 -DHAVE_CONFIG_H -I. -I../.././../gmp/gmp-5.1.1/mpn -I.. -D__GMP_WITHIN_GMP -I../.././../gmp/gmp-5.1.1 -DOPERATION_`echo mulmid | sed 's/_$//'`    -O2 -pedantic -fomit-frame-pointer -m64 -mtune=k8 -march=k8 -c -o mulmid.lo mulmid.c
/bin/bash ../libtool --tag=CC   --mode=compile gcc-4.7 -std=gnu99 -DHAVE_CONFIG_H -I. -I../.././../gmp/gmp-5.1.1/mpn -I.. -D__GMP_WITHIN_GMP -I../.././../gmp/gmp-5.1.1 -DOPERATION_`echo random | sed 's/_$//'`    -O2 -pedantic -fomit-frame-pointer -m64 -mtune=k8 -march=k8 -c -o random.lo random.c
yes
checking for truncate... libtool: compile:  gcc-4.7 -std=gnu99 -DHAVE_CONFIG_H -I. -I../.././../gmp/gmp-5.1.1/mpn -I.. -D__GMP_WITHIN_GMP -I../.././../gmp/gmp-5.1.1 -DOPERATION_mulmid -O2 -pedantic -fomit-frame-pointer -m64 -mtune=k8 -march=k8 -c mulmid.c -o mulmid.o
mv -f .deps/section.Tpo .deps/section.Plo
libtool: compile:  gcc-4.7 -std=gnu99 -DHAVE_CONFIG_H -I. -I../.././../gmp/gmp-5.1.1/mpn -I.. -D__GMP_WITHIN_GMP -I../.././../gmp/gmp-5.1.1 -DOPERATION_random -O2 -pedantic -fomit-frame-pointer -m64 -mtune=k8 -march=k8 -c random.c -o random.o
/bin/bash ../libtool --tag=CC   --mode=compile gcc-4.7 -std=gnu99 -DHAVE_CONFIG_H -I. -I../.././../gmp/gmp-5.1.1/mpn -I.. -D__GMP_WITHIN_GMP -I../.././../gmp/gmp-5.1.1 -DOPERATION_`echo random2 | sed 's/_$//'`    -O2 -pedantic -fomit-frame-pointer -m64 -mtune=k8 -march=k8 -c -o random2.lo random2.c
/bin/bash ./libtool --tag=CC   --mode=compile gcc-4.7 -DHAVE_CONFIG_H -I. -I../.././../binutils/binutils-2.23.1/bfd -I. -I../.././../binutils/binutils-2.23.1/bfd -I../.././../binutils/binutils-2.23.1/bfd/../include  -DHAVE_bfd_elf32_littlearm_vec -DHAVE_bfd_elf32_bigarm_vec -DHAVE_bfd_elf32_little_generic_vec -DHAVE_bfd_elf32_big_generic_vec  -DBINDIR='"/home/sparksco/android/arm-linux-androideabi/bin"'  -W -Wall -Wstrict-prototypes -Wmissing-prototypes -Wshadow -Werror -g -O2 -MT targets.lo -MD -MP -MF .deps/targets.Tpo -c -o targets.lo -DDEFAULT_VECTOR=bfd_elf32_littlearm_vec -DSELECT_VECS='&bfd_elf32_littlearm_vec,&bfd_elf32_bigarm_vec,&bfd_elf32_little_generic_vec,&bfd_elf32_big_generic_vec' -DSELECT_ARCHITECTURES='&bfd_arm_arch' ../.././../binutils/binutils-2.23.1/bfd/targets.c
if [ x"" != x ]; then \
	  gcc-4.7 -c -DHAVE_CONFIG_H -g -O2  -I. -I../.././../gdb/gdb-7.5.1/libiberty/../include  -W -Wall -Wwrite-strings -Wc++-compat -Wstrict-prototypes -pedantic   ../.././../gdb/gdb-7.5.1/libiberty/simple-object.c -o pic/simple-object.o; \
	else true; fi
gcc-4.7 -c -DHAVE_CONFIG_H -g -O2  -I. -I../.././../gdb/gdb-7.5.1/libiberty/../include  -W -Wall -Wwrite-strings -Wc++-compat -Wstrict-prototypes -pedantic  ../.././../gdb/gdb-7.5.1/libiberty/simple-object.c -o simple-object.o
ok
BSD nm
checking whether ln -s works... yes
checking the maximum length of command line arguments... libtool: compile:  gcc-4.7 -std=gnu99 -DHAVE_CONFIG_H -I. -I../.././../gmp/gmp-5.1.1/mpn -I.. -D__GMP_WITHIN_GMP -I../.././../gmp/gmp-5.1.1 -DOPERATION_random2 -O2 -pedantic -fomit-frame-pointer -m64 -mtune=k8 -march=k8 -c random2.c -o random2.o
3458764513820540925
checking whether the shell understands some XSI constructs... yes
checking whether the shell understands "+="... yes
checking for ld option to reload object files... -r
checking for x86_64-linux-gnu-objdump... objdump
checking how to recognize dependent libraries... libtool: compile:  gcc-4.7 -DHAVE_CONFIG_H -I. -I../.././../binutils/binutils-2.23.1/bfd -I. -I../.././../binutils/binutils-2.23.1/bfd -I../.././../binutils/binutils-2.23.1/bfd/../include -DHAVE_bfd_elf32_littlearm_vec -DHAVE_bfd_elf32_bigarm_vec -DHAVE_bfd_elf32_little_generic_vec -DHAVE_bfd_elf32_big_generic_vec -DBINDIR=\"/home/sparksco/android/arm-linux-androideabi/bin\" -W -Wall -Wstrict-prototypes -Wmissing-prototypes -Wshadow -Werror -g -O2 -MT targets.lo -MD -MP -MF .deps/targets.Tpo -c -DDEFAULT_VECTOR=bfd_elf32_littlearm_vec "-DSELECT_VECS=&bfd_elf32_littlearm_vec,&bfd_elf32_bigarm_vec,&bfd_elf32_little_generic_vec,&bfd_elf32_big_generic_vec" "-DSELECT_ARCHITECTURES=&bfd_arm_arch" ../.././../binutils/binutils-2.23.1/bfd/targets.c -o targets.o
pass_all
checking for x86_64-linux-gnu-ar... (cached) ar
checking for x86_64-linux-gnu-strip... no
checking for strip... strip
checking for x86_64-linux-gnu-ranlib... (cached) ranlib
checking command to parse nm output from gcc-4.7 object... yes
checking for dlfcn.h... /bin/bash ./libtool --tag=CC   --mode=compile gcc-4.7 -DHAVE_CONFIG_H -I. -I../.././../binutils/binutils-2.23.1/bfd -I. -I../.././../binutils/binutils-2.23.1/bfd -I../.././../binutils/binutils-2.23.1/bfd/../include  -DHAVE_bfd_elf32_littlearm_vec -DHAVE_bfd_elf32_bigarm_vec -DHAVE_bfd_elf32_little_generic_vec -DHAVE_bfd_elf32_big_generic_vec  -DBINDIR='"/home/sparksco/android/arm-linux-androideabi/bin"'  -W -Wall -Wstrict-prototypes -Wmissing-prototypes -Wshadow -Werror -g -O2 -MT hash.lo -MD -MP -MF .deps/hash.Tpo -c -o hash.lo ../.././../binutils/binutils-2.23.1/bfd/hash.c
checking for ftruncate... mv -f .deps/syms.Tpo .deps/syms.Plo
if [ x"" != x ]; then \
	  gcc-4.7 -c -DHAVE_CONFIG_H -g -O2  -I. -I../.././../gdb/gdb-7.5.1/libiberty/../include  -W -Wall -Wwrite-strings -Wc++-compat -Wstrict-prototypes -pedantic   ../.././../gdb/gdb-7.5.1/libiberty/simple-object-coff.c -o pic/simple-object-coff.o; \
	else true; fi
gcc-4.7 -c -DHAVE_CONFIG_H -g -O2  -I. -I../.././../gdb/gdb-7.5.1/libiberty/../include  -W -Wall -Wwrite-strings -Wc++-compat -Wstrict-prototypes -pedantic  ../.././../gdb/gdb-7.5.1/libiberty/simple-object-coff.c -o simple-object-coff.o
if [ x"" != x ]; then \
	  gcc-4.7 -c -DHAVE_CONFIG_H -g -O2  -I. -I../.././../gdb/gdb-7.5.1/libiberty/../include  -W -Wall -Wwrite-strings -Wc++-compat -Wstrict-prototypes -pedantic   ../.././../gdb/gdb-7.5.1/libiberty/simple-object-elf.c -o pic/simple-object-elf.o; \
	else true; fi
gcc-4.7 -c -DHAVE_CONFIG_H -g -O2  -I. -I../.././../gdb/gdb-7.5.1/libiberty/../include  -W -Wall -Wwrite-strings -Wc++-compat -Wstrict-prototypes -pedantic  ../.././../gdb/gdb-7.5.1/libiberty/simple-object-elf.c -o simple-object-elf.o
/bin/bash ./libtool --tag=CC   --mode=compile gcc-4.7 -DHAVE_CONFIG_H -I. -I../.././../binutils/binutils-2.23.1/bfd -I. -I../.././../binutils/binutils-2.23.1/bfd -I../.././../binutils/binutils-2.23.1/bfd/../include  -DHAVE_bfd_elf32_littlearm_vec -DHAVE_bfd_elf32_bigarm_vec -DHAVE_bfd_elf32_little_generic_vec -DHAVE_bfd_elf32_big_generic_vec  -DBINDIR='"/home/sparksco/android/arm-linux-androideabi/bin"'  -W -Wall -Wstrict-prototypes -Wmissing-prototypes -Wshadow -Werror -g -O2 -MT linker.lo -MD -MP -MF .deps/linker.Tpo -c -o linker.lo ../.././../binutils/binutils-2.23.1/bfd/linker.c
/bin/bash ../libtool --tag=CC   --mode=compile gcc-4.7 -std=gnu99 -DHAVE_CONFIG_H -I. -I../.././../gmp/gmp-5.1.1/mpn -I.. -D__GMP_WITHIN_GMP -I../.././../gmp/gmp-5.1.1 -DOPERATION_`echo pow_1 | sed 's/_$//'`    -O2 -pedantic -fomit-frame-pointer -m64 -mtune=k8 -march=k8 -c -o pow_1.lo pow_1.c
libtool: compile:  gcc-4.7 -DHAVE_CONFIG_H -I. -I../.././../binutils/binutils-2.23.1/bfd -I. -I../.././../binutils/binutils-2.23.1/bfd -I../.././../binutils/binutils-2.23.1/bfd/../include -DHAVE_bfd_elf32_littlearm_vec -DHAVE_bfd_elf32_bigarm_vec -DHAVE_bfd_elf32_little_generic_vec -DHAVE_bfd_elf32_big_generic_vec -DBINDIR=\"/home/sparksco/android/arm-linux-androideabi/bin\" -W -Wall -Wstrict-prototypes -Wmissing-prototypes -Wshadow -Werror -g -O2 -MT hash.lo -MD -MP -MF .deps/hash.Tpo -c ../.././../binutils/binutils-2.23.1/bfd/hash.c -o hash.o
libtool: compile:  gcc-4.7 -std=gnu99 -DHAVE_CONFIG_H -I. -I../.././../gmp/gmp-5.1.1/mpn -I.. -D__GMP_WITHIN_GMP -I../.././../gmp/gmp-5.1.1 -DOPERATION_pow_1 -O2 -pedantic -fomit-frame-pointer -m64 -mtune=k8 -march=k8 -c pow_1.c -o pow_1.o
/bin/bash ./libtool --tag=CC   --mode=compile gcc-4.7 -DHAVE_CONFIG_H -I. -I../.././../binutils/binutils-2.23.1/bfd -I. -I../.././../binutils/binutils-2.23.1/bfd -I../.././../binutils/binutils-2.23.1/bfd/../include  -DHAVE_bfd_elf32_littlearm_vec -DHAVE_bfd_elf32_bigarm_vec -DHAVE_bfd_elf32_little_generic_vec -DHAVE_bfd_elf32_big_generic_vec  -DBINDIR='"/home/sparksco/android/arm-linux-androideabi/bin"'  -W -Wall -Wstrict-prototypes -Wmissing-prototypes -Wshadow -Werror -g -O2 -MT srec.lo -MD -MP -MF .deps/srec.Tpo -c -o srec.lo ../.././../binutils/binutils-2.23.1/bfd/srec.c
yes
yes
libtool: compile:  gcc-4.7 -DHAVE_CONFIG_H -I. -I../.././../binutils/binutils-2.23.1/bfd -I. -I../.././../binutils/binutils-2.23.1/bfd -I../.././../binutils/binutils-2.23.1/bfd/../include -DHAVE_bfd_elf32_littlearm_vec -DHAVE_bfd_elf32_bigarm_vec -DHAVE_bfd_elf32_little_generic_vec -DHAVE_bfd_elf32_big_generic_vec -DBINDIR=\"/home/sparksco/android/arm-linux-androideabi/bin\" -W -Wall -Wstrict-prototypes -Wmissing-prototypes -Wshadow -Werror -g -O2 -MT linker.lo -MD -MP -MF .deps/linker.Tpo -c ../.././../binutils/binutils-2.23.1/bfd/linker.c -o linker.o
checking for objdir... checking for posix_fallocate... .libs
libtool: compile:  gcc-4.7 -DHAVE_CONFIG_H -I. -I../.././../binutils/binutils-2.23.1/bfd -I. -I../.././../binutils/binutils-2.23.1/bfd -I../.././../binutils/binutils-2.23.1/bfd/../include -DHAVE_bfd_elf32_littlearm_vec -DHAVE_bfd_elf32_bigarm_vec -DHAVE_bfd_elf32_little_generic_vec -DHAVE_bfd_elf32_big_generic_vec -DBINDIR=\"/home/sparksco/android/arm-linux-androideabi/bin\" -W -Wall -Wstrict-prototypes -Wmissing-prototypes -Wshadow -Werror -g -O2 -MT srec.lo -MD -MP -MF .deps/srec.Tpo -c ../.././../binutils/binutils-2.23.1/bfd/srec.c -o srec.o
mv -f .deps/targets.Tpo .deps/targets.Plo
ok
/bin/bash ./libtool --tag=CC   --mode=compile gcc-4.7 -DHAVE_CONFIG_H -I. -I../.././../binutils/binutils-2.23.1/bfd -I. -I../.././../binutils/binutils-2.23.1/bfd -I../.././../binutils/binutils-2.23.1/bfd/../include  -DHAVE_bfd_elf32_littlearm_vec -DHAVE_bfd_elf32_bigarm_vec -DHAVE_bfd_elf32_little_generic_vec -DHAVE_bfd_elf32_big_generic_vec  -DBINDIR='"/home/sparksco/android/arm-linux-androideabi/bin"'  -W -Wall -Wstrict-prototypes -Wmissing-prototypes -Wshadow -Werror -g -O2 -MT binary.lo -MD -MP -MF .deps/binary.Tpo -c -o binary.lo ../.././../binutils/binutils-2.23.1/bfd/binary.c
/bin/bash ../libtool --tag=CC   --mode=compile gcc-4.7 -std=gnu99 -DHAVE_CONFIG_H -I. -I../.././../gmp/gmp-5.1.1/mpn -I.. -D__GMP_WITHIN_GMP -I../.././../gmp/gmp-5.1.1 -DOPERATION_`echo rootrem | sed 's/_$//'`    -O2 -pedantic -fomit-frame-pointer -m64 -mtune=k8 -march=k8 -c -o rootrem.lo rootrem.c
checking for dlfcn.h... libtool: compile:  gcc-4.7 -DHAVE_CONFIG_H -I. -I../.././../binutils/binutils-2.23.1/bfd -I. -I../.././../binutils/binutils-2.23.1/bfd -I../.././../binutils/binutils-2.23.1/bfd/../include -DHAVE_bfd_elf32_littlearm_vec -DHAVE_bfd_elf32_bigarm_vec -DHAVE_bfd_elf32_little_generic_vec -DHAVE_bfd_elf32_big_generic_vec -DBINDIR=\"/home/sparksco/android/arm-linux-androideabi/bin\" -W -Wall -Wstrict-prototypes -Wmissing-prototypes -Wshadow -Werror -g -O2 -MT binary.lo -MD -MP -MF .deps/binary.Tpo -c ../.././../binutils/binutils-2.23.1/bfd/binary.c -o binary.o
yes
libtool: compile:  gcc-4.7 -std=gnu99 -DHAVE_CONFIG_H -I. -I../.././../gmp/gmp-5.1.1/mpn -I.. -D__GMP_WITHIN_GMP -I../.././../gmp/gmp-5.1.1 -DOPERATION_rootrem -O2 -pedantic -fomit-frame-pointer -m64 -mtune=k8 -march=k8 -c rootrem.c -o rootrem.o
checking for struct stat.st_dev... yes
checking for objdir... .libs
yes
if [ x"" != x ]; then \
	  gcc-4.7 -c -DHAVE_CONFIG_H -g -O2  -I. -I../.././../gdb/gdb-7.5.1/libiberty/../include  -W -Wall -Wwrite-strings -Wc++-compat -Wstrict-prototypes -pedantic   ../.././../gdb/gdb-7.5.1/libiberty/simple-object-mach-o.c -o pic/simple-object-mach-o.o; \
	else true; fi
checking for struct stat.st_ino... gcc-4.7 -c -DHAVE_CONFIG_H -g -O2  -I. -I../.././../gdb/gdb-7.5.1/libiberty/../include  -W -Wall -Wwrite-strings -Wc++-compat -Wstrict-prototypes -pedantic  ../.././../gdb/gdb-7.5.1/libiberty/simple-object-mach-o.c -o simple-object-mach-o.o
checking if gcc-4.7 supports -fno-rtti -fno-exceptions... if [ x"" != x ]; then \
	  gcc-4.7 -c -DHAVE_CONFIG_H -g -O2  -I. -I../.././../gdb/gdb-7.5.1/libiberty/../include  -W -Wall -Wwrite-strings -Wc++-compat -Wstrict-prototypes -pedantic   ../.././../gdb/gdb-7.5.1/libiberty/sort.c -o pic/sort.o; \
	else true; fi
mv -f .deps/hash.Tpo .deps/hash.Plo
/bin/bash ./libtool --tag=CC   --mode=compile gcc-4.7 -DHAVE_CONFIG_H -I. -I../.././../binutils/binutils-2.23.1/bfd -I. -I../.././../binutils/binutils-2.23.1/bfd -I../.././../binutils/binutils-2.23.1/bfd/../include  -DHAVE_bfd_elf32_littlearm_vec -DHAVE_bfd_elf32_bigarm_vec -DHAVE_bfd_elf32_little_generic_vec -DHAVE_bfd_elf32_big_generic_vec  -DBINDIR='"/home/sparksco/android/arm-linux-androideabi/bin"'  -W -Wall -Wstrict-prototypes -Wmissing-prototypes -Wshadow -Werror -g -O2 -MT tekhex.lo -MD -MP -MF .deps/tekhex.Tpo -c -o tekhex.lo ../.././../binutils/binutils-2.23.1/bfd/tekhex.c
gcc-4.7 -c -DHAVE_CONFIG_H -g -O2  -I. -I../.././../gdb/gdb-7.5.1/libiberty/../include  -W -Wall -Wwrite-strings -Wc++-compat -Wstrict-prototypes -pedantic  ../.././../gdb/gdb-7.5.1/libiberty/sort.c -o sort.o
yes
mv -f .deps/binary.Tpo .deps/binary.Plo
/bin/bash ./libtool --tag=CC   --mode=compile gcc-4.7 -DHAVE_CONFIG_H -I. -I../.././../binutils/binutils-2.23.1/bfd -I. -I../.././../binutils/binutils-2.23.1/bfd -I../.././../binutils/binutils-2.23.1/bfd/../include  -DHAVE_bfd_elf32_littlearm_vec -DHAVE_bfd_elf32_bigarm_vec -DHAVE_bfd_elf32_little_generic_vec -DHAVE_bfd_elf32_big_generic_vec  -DBINDIR='"/home/sparksco/android/arm-linux-androideabi/bin"'  -W -Wall -Wstrict-prototypes -Wmissing-prototypes -Wshadow -Werror -g -O2 -MT ihex.lo -MD -MP -MF .deps/ihex.Tpo -c -o ihex.lo ../.././../binutils/binutils-2.23.1/bfd/ihex.c
checking for struct stat.st_mode... libtool: compile:  gcc-4.7 -DHAVE_CONFIG_H -I. -I../.././../binutils/binutils-2.23.1/bfd -I. -I../.././../binutils/binutils-2.23.1/bfd -I../.././../binutils/binutils-2.23.1/bfd/../include -DHAVE_bfd_elf32_littlearm_vec -DHAVE_bfd_elf32_bigarm_vec -DHAVE_bfd_elf32_little_generic_vec -DHAVE_bfd_elf32_big_generic_vec -DBINDIR=\"/home/sparksco/android/arm-linux-androideabi/bin\" -W -Wall -Wstrict-prototypes -Wmissing-prototypes -Wshadow -Werror -g -O2 -MT tekhex.lo -MD -MP -MF .deps/tekhex.Tpo -c ../.././../binutils/binutils-2.23.1/bfd/tekhex.c -o tekhex.o
checking if gcc-4.7 supports -fno-rtti -fno-exceptions... no
checking for gcc-4.7 option to produce PIC... -fPIC -DPIC
checking if gcc-4.7 PIC flag -fPIC -DPIC works... if [ x"" != x ]; then \
	  gcc-4.7 -c -DHAVE_CONFIG_H -g -O2  -I. -I../.././../gdb/gdb-7.5.1/libiberty/../include  -W -Wall -Wwrite-strings -Wc++-compat -Wstrict-prototypes -pedantic   ../.././../gdb/gdb-7.5.1/libiberty/spaces.c -o pic/spaces.o; \
	else true; fi
gcc-4.7 -c -DHAVE_CONFIG_H -g -O2  -I. -I../.././../gdb/gdb-7.5.1/libiberty/../include  -W -Wall -Wwrite-strings -Wc++-compat -Wstrict-prototypes -pedantic  ../.././../gdb/gdb-7.5.1/libiberty/spaces.c -o spaces.o
yes
libtool: compile:  gcc-4.7 -DHAVE_CONFIG_H -I. -I../.././../binutils/binutils-2.23.1/bfd -I. -I../.././../binutils/binutils-2.23.1/bfd -I../.././../binutils/binutils-2.23.1/bfd/../include -DHAVE_bfd_elf32_littlearm_vec -DHAVE_bfd_elf32_bigarm_vec -DHAVE_bfd_elf32_little_generic_vec -DHAVE_bfd_elf32_big_generic_vec -DBINDIR=\"/home/sparksco/android/arm-linux-androideabi/bin\" -W -Wall -Wstrict-prototypes -Wmissing-prototypes -Wshadow -Werror -g -O2 -MT ihex.lo -MD -MP -MF .deps/ihex.Tpo -c ../.././../binutils/binutils-2.23.1/bfd/ihex.c -o ihex.o
checking for struct stat.st_nlink... yes
checking if gcc-4.7 static flag -static works... no
checking for gcc-4.7 option to produce PIC... -fPIC -DPIC
checking if gcc-4.7 PIC flag -fPIC -DPIC works... /bin/bash ../libtool --tag=CC   --mode=compile gcc-4.7 -std=gnu99 -DHAVE_CONFIG_H -I. -I../.././../gmp/gmp-5.1.1/mpn -I.. -D__GMP_WITHIN_GMP -I../.././../gmp/gmp-5.1.1 -DOPERATION_`echo sqrtrem | sed 's/_$//'`    -O2 -pedantic -fomit-frame-pointer -m64 -mtune=k8 -march=k8 -c -o sqrtrem.lo sqrtrem.c
if [ x"" != x ]; then \
	  gcc-4.7 -c -DHAVE_CONFIG_H -g -O2  -I. -I../.././../gdb/gdb-7.5.1/libiberty/../include  -W -Wall -Wwrite-strings -Wc++-compat -Wstrict-prototypes -pedantic   ../.././../gdb/gdb-7.5.1/libiberty/splay-tree.c -o pic/splay-tree.o; \
	else true; fi
gcc-4.7 -c -DHAVE_CONFIG_H -g -O2  -I. -I../.././../gdb/gdb-7.5.1/libiberty/../include  -W -Wall -Wwrite-strings -Wc++-compat -Wstrict-prototypes -pedantic  ../.././../gdb/gdb-7.5.1/libiberty/splay-tree.c -o splay-tree.o
yes
checking for struct stat.st_uid... libtool: compile:  gcc-4.7 -std=gnu99 -DHAVE_CONFIG_H -I. -I../.././../gmp/gmp-5.1.1/mpn -I.. -D__GMP_WITHIN_GMP -I../.././../gmp/gmp-5.1.1 -DOPERATION_sqrtrem -O2 -pedantic -fomit-frame-pointer -m64 -mtune=k8 -march=k8 -c sqrtrem.c -o sqrtrem.o
yes
checking if gcc-4.7 supports -c -o file.o... yes
checking if gcc-4.7 static flag -static works... yes
checking for struct stat.st_gid... mv -f .deps/srec.Tpo .deps/srec.Plo
yes
checking if gcc-4.7 supports -c -o file.o... (cached) yes
checking whether the gcc-4.7 linker (ld -m elf_x86_64) supports shared libraries... /bin/bash ../libtool --tag=CC   --mode=compile gcc-4.7 -std=gnu99 -DHAVE_CONFIG_H -I. -I../.././../gmp/gmp-5.1.1/mpn -I.. -D__GMP_WITHIN_GMP -I../.././../gmp/gmp-5.1.1 -DOPERATION_`echo get_str | sed 's/_$//'`    -O2 -pedantic -fomit-frame-pointer -m64 -mtune=k8 -march=k8 -c -o get_str.lo get_str.c
if [ x"" != x ]; then \
	  gcc-4.7 -c -DHAVE_CONFIG_H -g -O2  -I. -I../.././../gdb/gdb-7.5.1/libiberty/../include  -W -Wall -Wwrite-strings -Wc++-compat -Wstrict-prototypes -pedantic   ../.././../gdb/gdb-7.5.1/libiberty/stack-limit.c -o pic/stack-limit.o; \
	else true; fi
if [ x"" != x ]; then \
	  gcc-4.7 -c -DHAVE_CONFIG_H -g -O2  -I. -I../.././../gdb/gdb-7.5.1/libiberty/../include  -W -Wall -Wwrite-strings -Wc++-compat -Wstrict-prototypes -pedantic   ../.././../gdb/gdb-7.5.1/libiberty/strerror.c -o pic/strerror.o; \
	else true; fi
gcc-4.7 -c -DHAVE_CONFIG_H -g -O2  -I. -I../.././../gdb/gdb-7.5.1/libiberty/../include  -W -Wall -Wwrite-strings -Wc++-compat -Wstrict-prototypes -pedantic  ../.././../gdb/gdb-7.5.1/libiberty/stack-limit.c -o stack-limit.o
yes
checking dynamic linker characteristics... yes
checking if gcc-4.7 supports -c -o file.o... gcc-4.7 -c -DHAVE_CONFIG_H -g -O2  -I. -I../.././../gdb/gdb-7.5.1/libiberty/../include  -W -Wall -Wwrite-strings -Wc++-compat -Wstrict-prototypes -pedantic  ../.././../gdb/gdb-7.5.1/libiberty/strerror.c -o strerror.o
/bin/bash ./libtool --tag=CC   --mode=compile gcc-4.7 -DHAVE_CONFIG_H -I. -I../.././../binutils/binutils-2.23.1/bfd -I. -I../.././../binutils/binutils-2.23.1/bfd -I../.././../binutils/binutils-2.23.1/bfd/../include  -DHAVE_bfd_elf32_littlearm_vec -DHAVE_bfd_elf32_bigarm_vec -DHAVE_bfd_elf32_little_generic_vec -DHAVE_bfd_elf32_big_generic_vec  -DBINDIR='"/home/sparksco/android/arm-linux-androideabi/bin"'  -W -Wall -Wstrict-prototypes -Wmissing-prototypes -Wshadow -Werror -g -O2 -MT stabs.lo -MD -MP -MF .deps/stabs.Tpo -c -o stabs.lo ../.././../binutils/binutils-2.23.1/bfd/stabs.c
yes
libtool: compile:  gcc-4.7 -std=gnu99 -DHAVE_CONFIG_H -I. -I../.././../gmp/gmp-5.1.1/mpn -I.. -D__GMP_WITHIN_GMP -I../.././../gmp/gmp-5.1.1 -DOPERATION_get_str -O2 -pedantic -fomit-frame-pointer -m64 -mtune=k8 -march=k8 -c get_str.c -o get_str.o
checking for struct stat.st_rdev... /bin/bash ./libtool --tag=CC   --mode=compile gcc-4.7 -DHAVE_CONFIG_H -I. -I../.././../binutils/binutils-2.23.1/bfd -I. -I../.././../binutils/binutils-2.23.1/bfd -I../.././../binutils/binutils-2.23.1/bfd/../include  -DHAVE_bfd_elf32_littlearm_vec -DHAVE_bfd_elf32_bigarm_vec -DHAVE_bfd_elf32_little_generic_vec -DHAVE_bfd_elf32_big_generic_vec  -DBINDIR='"/home/sparksco/android/arm-linux-androideabi/bin"'  -W -Wall -Wstrict-prototypes -Wmissing-prototypes -Wshadow -Werror -g -O2 -MT stab-syms.lo -MD -MP -MF .deps/stab-syms.Tpo -c -o stab-syms.lo ../.././../binutils/binutils-2.23.1/bfd/stab-syms.c
yes
checking if gcc-4.7 supports -c -o file.o... (cached) yes
checking whether the gcc-4.7 linker (ld -m elf_x86_64) supports shared libraries... mv -f .deps/tekhex.Tpo .deps/tekhex.Plo
libtool: compile:  gcc-4.7 -DHAVE_CONFIG_H -I. -I../.././../binutils/binutils-2.23.1/bfd -I. -I../.././../binutils/binutils-2.23.1/bfd -I../.././../binutils/binutils-2.23.1/bfd/../include -DHAVE_bfd_elf32_littlearm_vec -DHAVE_bfd_elf32_bigarm_vec -DHAVE_bfd_elf32_little_generic_vec -DHAVE_bfd_elf32_big_generic_vec -DBINDIR=\"/home/sparksco/android/arm-linux-androideabi/bin\" -W -Wall -Wstrict-prototypes -Wmissing-prototypes -Wshadow -Werror -g -O2 -MT stabs.lo -MD -MP -MF .deps/stabs.Tpo -c ../.././../binutils/binutils-2.23.1/bfd/stabs.c -o stabs.o
/bin/bash ../libtool --tag=CC   --mode=compile gcc-4.7 -std=gnu99 -DHAVE_CONFIG_H -I. -I../.././../gmp/gmp-5.1.1/mpn -I.. -D__GMP_WITHIN_GMP -I../.././../gmp/gmp-5.1.1 -DOPERATION_`echo set_str | sed 's/_$//'`    -O2 -pedantic -fomit-frame-pointer -m64 -mtune=k8 -march=k8 -c -o set_str.lo set_str.c
yes
if [ x"" != x ]; then \
	  gcc-4.7 -c -DHAVE_CONFIG_H -g -O2  -I. -I../.././../gdb/gdb-7.5.1/libiberty/../include  -W -Wall -Wwrite-strings -Wc++-compat -Wstrict-prototypes -pedantic   ../.././../gdb/gdb-7.5.1/libiberty/strsignal.c -o pic/strsignal.o; \
	else true; fi
checking for struct stat.st_size... libtool: compile:  gcc-4.7 -DHAVE_CONFIG_H -I. -I../.././../binutils/binutils-2.23.1/bfd -I. -I../.././../binutils/binutils-2.23.1/bfd -I../.././../binutils/binutils-2.23.1/bfd/../include -DHAVE_bfd_elf32_littlearm_vec -DHAVE_bfd_elf32_bigarm_vec -DHAVE_bfd_elf32_little_generic_vec -DHAVE_bfd_elf32_big_generic_vec -DBINDIR=\"/home/sparksco/android/arm-linux-androideabi/bin\" -W -Wall -Wstrict-prototypes -Wmissing-prototypes -Wshadow -Werror -g -O2 -MT stab-syms.lo -MD -MP -MF .deps/stab-syms.Tpo -c ../.././../binutils/binutils-2.23.1/bfd/stab-syms.c -o stab-syms.o
gcc-4.7 -c -DHAVE_CONFIG_H -g -O2  -I. -I../.././../gdb/gdb-7.5.1/libiberty/../include  -W -Wall -Wwrite-strings -Wc++-compat -Wstrict-prototypes -pedantic  ../.././../gdb/gdb-7.5.1/libiberty/strsignal.c -o strsignal.o
GNU/Linux ld.so
checking how to hardcode library paths into programs... immediate
checking for shl_load... yes
checking dynamic linker characteristics... libtool: compile:  gcc-4.7 -std=gnu99 -DHAVE_CONFIG_H -I. -I../.././../gmp/gmp-5.1.1/mpn -I.. -D__GMP_WITHIN_GMP -I../.././../gmp/gmp-5.1.1 -DOPERATION_set_str -O2 -pedantic -fomit-frame-pointer -m64 -mtune=k8 -march=k8 -c set_str.c -o set_str.o
no
checking for shl_load in -ldld... yes
checking for struct stat.st_blksize... mv -f .deps/ihex.Tpo .deps/ihex.Plo
/bin/bash ./libtool --tag=CC   --mode=compile gcc-4.7 -DHAVE_CONFIG_H -I. -I../.././../binutils/binutils-2.23.1/bfd -I. -I../.././../binutils/binutils-2.23.1/bfd -I../.././../binutils/binutils-2.23.1/bfd/../include  -DHAVE_bfd_elf32_littlearm_vec -DHAVE_bfd_elf32_bigarm_vec -DHAVE_bfd_elf32_little_generic_vec -DHAVE_bfd_elf32_big_generic_vec  -DBINDIR='"/home/sparksco/android/arm-linux-androideabi/bin"'  -W -Wall -Wstrict-prototypes -Wmissing-prototypes -Wshadow -Werror -g -O2 -MT merge.lo -MD -MP -MF .deps/merge.Tpo -c -o merge.lo ../.././../binutils/binutils-2.23.1/bfd/merge.c
if [ x"" != x ]; then \
	  gcc-4.7 -c -DHAVE_CONFIG_H -g -O2  -I. -I../.././../gdb/gdb-7.5.1/libiberty/../include  -W -Wall -Wwrite-strings -Wc++-compat -Wstrict-prototypes -pedantic   ../.././../gdb/gdb-7.5.1/libiberty/timeval-utils.c -o pic/timeval-utils.o; \
	else true; fi
gcc-4.7 -c -DHAVE_CONFIG_H -g -O2  -I. -I../.././../gdb/gdb-7.5.1/libiberty/../include  -W -Wall -Wwrite-strings -Wc++-compat -Wstrict-prototypes -pedantic  ../.././../gdb/gdb-7.5.1/libiberty/timeval-utils.c -o timeval-utils.o
mv -f .deps/stab-syms.Tpo .deps/stab-syms.Plo
if [ x"" != x ]; then \
	  gcc-4.7 -c -DHAVE_CONFIG_H -g -O2  -I. -I../.././../gdb/gdb-7.5.1/libiberty/../include  -W -Wall -Wwrite-strings -Wc++-compat -Wstrict-prototypes -pedantic   ../.././../gdb/gdb-7.5.1/libiberty/unlink-if-ordinary.c -o pic/unlink-if-ordinary.o; \
	else true; fi
gcc-4.7 -c -DHAVE_CONFIG_H -g -O2  -I. -I../.././../gdb/gdb-7.5.1/libiberty/../include  -W -Wall -Wwrite-strings -Wc++-compat -Wstrict-prototypes -pedantic  ../.././../gdb/gdb-7.5.1/libiberty/unlink-if-ordinary.c -o unlink-if-ordinary.o
yes
checking for struct stat.st_blocks... /bin/bash ../libtool --tag=CC   --mode=compile gcc-4.7 -std=gnu99 -DHAVE_CONFIG_H -I. -I../.././../gmp/gmp-5.1.1/mpn -I.. -D__GMP_WITHIN_GMP -I../.././../gmp/gmp-5.1.1 -DOPERATION_`echo scan0 | sed 's/_$//'`    -O2 -pedantic -fomit-frame-pointer -m64 -mtune=k8 -march=k8 -c -o scan0.lo scan0.c
libtool: compile:  gcc-4.7 -DHAVE_CONFIG_H -I. -I../.././../binutils/binutils-2.23.1/bfd -I. -I../.././../binutils/binutils-2.23.1/bfd -I../.././../binutils/binutils-2.23.1/bfd/../include -DHAVE_bfd_elf32_littlearm_vec -DHAVE_bfd_elf32_bigarm_vec -DHAVE_bfd_elf32_little_generic_vec -DHAVE_bfd_elf32_big_generic_vec -DBINDIR=\"/home/sparksco/android/arm-linux-androideabi/bin\" -W -Wall -Wstrict-prototypes -Wmissing-prototypes -Wshadow -Werror -g -O2 -MT merge.lo -MD -MP -MF .deps/merge.Tpo -c ../.././../binutils/binutils-2.23.1/bfd/merge.c -o merge.o
/bin/bash ../libtool --tag=CC   --mode=compile gcc-4.7 -std=gnu99 -DHAVE_CONFIG_H -I. -I../.././../gmp/gmp-5.1.1/mpn -I.. -D__GMP_WITHIN_GMP -I../.././../gmp/gmp-5.1.1 -DOPERATION_`echo scan1 | sed 's/_$//'`    -O2 -pedantic -fomit-frame-pointer -m64 -mtune=k8 -march=k8 -c -o scan1.lo scan1.c
no
checking for dlopen... yes
checking for struct stat.st_atime... if [ x"" != x ]; then \
	  gcc-4.7 -c -DHAVE_CONFIG_H -g -O2  -I. -I../.././../gdb/gdb-7.5.1/libiberty/../include  -W -Wall -Wwrite-strings -Wc++-compat -Wstrict-prototypes -pedantic   ../.././../gdb/gdb-7.5.1/libiberty/xatexit.c -o pic/xatexit.o; \
	else true; fi
gcc-4.7 -c -DHAVE_CONFIG_H -g -O2  -I. -I../.././../gdb/gdb-7.5.1/libiberty/../include  -W -Wall -Wwrite-strings -Wc++-compat -Wstrict-prototypes -pedantic  ../.././../gdb/gdb-7.5.1/libiberty/xatexit.c -o xatexit.o
mv -f .deps/linker.Tpo .deps/linker.Plo
libtool: compile:  gcc-4.7 -std=gnu99 -DHAVE_CONFIG_H -I. -I../.././../gmp/gmp-5.1.1/mpn -I.. -D__GMP_WITHIN_GMP -I../.././../gmp/gmp-5.1.1 -DOPERATION_scan0 -O2 -pedantic -fomit-frame-pointer -m64 -mtune=k8 -march=k8 -c scan0.c -o scan0.o
GNU/Linux ld.so
checking how to hardcode library paths into programs... immediate
checking whether stripping libraries is possible... /bin/bash ./libtool --tag=CC   --mode=compile gcc-4.7 -DHAVE_CONFIG_H -I. -I../.././../binutils/binutils-2.23.1/bfd -I. -I../.././../binutils/binutils-2.23.1/bfd -I../.././../binutils/binutils-2.23.1/bfd/../include  -DHAVE_bfd_elf32_littlearm_vec -DHAVE_bfd_elf32_bigarm_vec -DHAVE_bfd_elf32_little_generic_vec -DHAVE_bfd_elf32_big_generic_vec  -DBINDIR='"/home/sparksco/android/arm-linux-androideabi/bin"'  -W -Wall -Wstrict-prototypes -Wmissing-prototypes -Wshadow -Werror -g -O2 -MT dwarf2.lo -MD -MP -MF .deps/dwarf2.Tpo -c -o dwarf2.lo -DDEBUGDIR=\"/home/sparksco/android/arm-linux-androideabi/lib/debug\" ../.././../binutils/binutils-2.23.1/bfd/dwarf2.c
/bin/bash ../libtool --mode=compile --tag=CC ../.././../gmp/gmp-5.1.1/mpn/m4-ccas --m4="m4" gcc-4.7 -std=gnu99 -c -DHAVE_CONFIG_H -I. -I../.././../gmp/gmp-5.1.1/mpn -I.. -D__GMP_WITHIN_GMP -I../.././../gmp/gmp-5.1.1 -DOPERATION_`echo popcount | sed 's/_$//'`    -O2 -pedantic -fomit-frame-pointer -m64 -mtune=k8 -march=k8 -Wa,--noexecstack `test -f 'popcount.asm' || echo '../.././../gmp/gmp-5.1.1/mpn/'`popcount.asm
yes
checking if libtool supports shared libraries... yes
checking whether to build shared libraries... no
checking whether to build static libraries... yes
libtool: compile:  gcc-4.7 -std=gnu99 -DHAVE_CONFIG_H -I. -I../.././../gmp/gmp-5.1.1/mpn -I.. -D__GMP_WITHIN_GMP -I../.././../gmp/gmp-5.1.1 -DOPERATION_scan1 -O2 -pedantic -fomit-frame-pointer -m64 -mtune=k8 -march=k8 -c scan1.c -o scan1.o
Setting warning flags = -W -Wall -Wstrict-prototypes -Wmissing-prototypes -Wshadow -Werror
checking whether to enable maintainer-specific portions of Makefiles... no
checking whether to install libbfd... no
checking whether NLS is requested... no
checking whether NLS is requested... no
libtool: compile:  ../.././../gmp/gmp-5.1.1/mpn/m4-ccas --m4=m4 gcc-4.7 -std=gnu99 -c -DHAVE_CONFIG_H -I. -I../.././../gmp/gmp-5.1.1/mpn -I.. -D__GMP_WITHIN_GMP -I../.././../gmp/gmp-5.1.1 -DOPERATION_popcount -O2 -pedantic -fomit-frame-pointer -m64 -mtune=k8 -march=k8 -Wa,--noexecstack popcount.asm -o popcount.o
m4  -DHAVE_CONFIG_H -D__GMP_WITHIN_GMP -DOPERATION_popcount popcount.asm >tmp-popcount.s
checking for msgfmt... yes
if [ x"" != x ]; then \
	  gcc-4.7 -c -DHAVE_CONFIG_H -g -O2  -I. -I../.././../gdb/gdb-7.5.1/libiberty/../include  -W -Wall -Wwrite-strings -Wc++-compat -Wstrict-prototypes -pedantic   ../.././../gdb/gdb-7.5.1/libiberty/xexit.c -o pic/xexit.o; \
	else true; fi
gcc-4.7 -c -DHAVE_CONFIG_H -g -O2  -I. -I../.././../gdb/gdb-7.5.1/libiberty/../include  -W -Wall -Wwrite-strings -Wc++-compat -Wstrict-prototypes -pedantic  ../.././../gdb/gdb-7.5.1/libiberty/xexit.c -o xexit.o
/usr/bin/msgfmt
checking for gmsgfmt... no
/usr/bin/msgfmt
checking for dlopen in -ldl... checking for struct stat.st_mtime...  gcc-4.7 -std=gnu99 -c -DHAVE_CONFIG_H -I. -I../.././../gmp/gmp-5.1.1/mpn -I.. -D__GMP_WITHIN_GMP -I../.././../gmp/gmp-5.1.1 -DOPERATION_popcount -O2 -pedantic -fomit-frame-pointer -m64 -mtune=k8 -march=k8 -Wa,--noexecstack tmp-popcount.s -o popcount.o
libtool: compile:  gcc-4.7 -DHAVE_CONFIG_H -I. -I../.././../binutils/binutils-2.23.1/bfd -I. -I../.././../binutils/binutils-2.23.1/bfd -I../.././../binutils/binutils-2.23.1/bfd/../include -DHAVE_bfd_elf32_littlearm_vec -DHAVE_bfd_elf32_bigarm_vec -DHAVE_bfd_elf32_little_generic_vec -DHAVE_bfd_elf32_big_generic_vec -DBINDIR=\"/home/sparksco/android/arm-linux-androideabi/bin\" -W -Wall -Wstrict-prototypes -Wmissing-prototypes -Wshadow -Werror -g -O2 -MT dwarf2.lo -MD -MP -MF .deps/dwarf2.Tpo -c -DDEBUGDIR=\"/home/sparksco/android/arm-linux-androideabi/lib/debug\" ../.././../binutils/binutils-2.23.1/bfd/dwarf2.c -o dwarf2.o
/bin/bash ./libtool --tag=CC   --mode=compile gcc-4.7 -DHAVE_CONFIG_H -I. -I../.././../binutils/binutils-2.23.1/bfd -I. -I../.././../binutils/binutils-2.23.1/bfd -I../.././../binutils/binutils-2.23.1/bfd/../include  -DHAVE_bfd_elf32_littlearm_vec -DHAVE_bfd_elf32_bigarm_vec -DHAVE_bfd_elf32_little_generic_vec -DHAVE_bfd_elf32_big_generic_vec  -DBINDIR='"/home/sparksco/android/arm-linux-androideabi/bin"'  -W -Wall -Wstrict-prototypes -Wmissing-prototypes -Wshadow -Werror -g -O2 -MT simple.lo -MD -MP -MF .deps/simple.Tpo -c -o simple.lo ../.././../binutils/binutils-2.23.1/bfd/simple.c
checking for xgettext... /usr/bin/xgettext
/bin/bash ../libtool --mode=compile --tag=CC ../.././../gmp/gmp-5.1.1/mpn/m4-ccas --m4="m4" gcc-4.7 -std=gnu99 -c -DHAVE_CONFIG_H -I. -I../.././../gmp/gmp-5.1.1/mpn -I.. -D__GMP_WITHIN_GMP -I../.././../gmp/gmp-5.1.1 -DOPERATION_`echo hamdist | sed 's/_$//'`    -O2 -pedantic -fomit-frame-pointer -m64 -mtune=k8 -march=k8 -Wa,--noexecstack `test -f 'hamdist.asm' || echo '../.././../gmp/gmp-5.1.1/mpn/'`hamdist.asm
/bin/bash ../libtool --tag=CC   --mode=compile gcc-4.7 -std=gnu99 -DHAVE_CONFIG_H -I. -I../.././../gmp/gmp-5.1.1/mpn -I.. -D__GMP_WITHIN_GMP -I../.././../gmp/gmp-5.1.1 -DOPERATION_`echo cmp | sed 's/_$//'`    -O2 -pedantic -fomit-frame-pointer -m64 -mtune=k8 -march=k8 -c -o cmp.lo cmp.c
checking for msgmerge... if [ x"" != x ]; then \
	  gcc-4.7 -c -DHAVE_CONFIG_H -g -O2  -I. -I../.././../gdb/gdb-7.5.1/libiberty/../include  -W -Wall -Wwrite-strings -Wc++-compat -Wstrict-prototypes -pedantic   ../.././../gdb/gdb-7.5.1/libiberty/xmalloc.c -o pic/xmalloc.o; \
	else true; fi
gcc-4.7 -c -DHAVE_CONFIG_H -g -O2  -I. -I../.././../gdb/gdb-7.5.1/libiberty/../include  -W -Wall -Wwrite-strings -Wc++-compat -Wstrict-prototypes -pedantic  ../.././../gdb/gdb-7.5.1/libiberty/xmalloc.c -o xmalloc.o
yes
checking whether a program can dlopen itself... /usr/bin/msgmerge
libtool: compile:  gcc-4.7 -DHAVE_CONFIG_H -I. -I../.././../binutils/binutils-2.23.1/bfd -I. -I../.././../binutils/binutils-2.23.1/bfd -I../.././../binutils/binutils-2.23.1/bfd/../include -DHAVE_bfd_elf32_littlearm_vec -DHAVE_bfd_elf32_bigarm_vec -DHAVE_bfd_elf32_little_generic_vec -DHAVE_bfd_elf32_big_generic_vec -DBINDIR=\"/home/sparksco/android/arm-linux-androideabi/bin\" -W -Wall -Wstrict-prototypes -Wmissing-prototypes -Wshadow -Werror -g -O2 -MT simple.lo -MD -MP -MF .deps/simple.Tpo -c ../.././../binutils/binutils-2.23.1/bfd/simple.c -o simple.o
libtool: compile:  ../.././../gmp/gmp-5.1.1/mpn/m4-ccas --m4=m4 gcc-4.7 -std=gnu99 -c -DHAVE_CONFIG_H -I. -I../.././../gmp/gmp-5.1.1/mpn -I.. -D__GMP_WITHIN_GMP -I../.././../gmp/gmp-5.1.1 -DOPERATION_hamdist -O2 -pedantic -fomit-frame-pointer -m64 -mtune=k8 -march=k8 -Wa,--noexecstack hamdist.asm -o hamdist.o
yes
libtool: compile:  gcc-4.7 -std=gnu99 -DHAVE_CONFIG_H -I. -I../.././../gmp/gmp-5.1.1/mpn -I.. -D__GMP_WITHIN_GMP -I../.././../gmp/gmp-5.1.1 -DOPERATION_cmp -O2 -pedantic -fomit-frame-pointer -m64 -mtune=k8 -march=k8 -c cmp.c -o cmp.o
checking for struct stat.st_ctime... mv -f .deps/stabs.Tpo .deps/stabs.Plo
/bin/bash ./libtool --tag=CC   --mode=compile gcc-4.7 -DHAVE_CONFIG_H -I. -I../.././../binutils/binutils-2.23.1/bfd -I. -I../.././../binutils/binutils-2.23.1/bfd -I../.././../binutils/binutils-2.23.1/bfd/../include  -DHAVE_bfd_elf32_littlearm_vec -DHAVE_bfd_elf32_bigarm_vec -DHAVE_bfd_elf32_little_generic_vec -DHAVE_bfd_elf32_big_generic_vec  -DBINDIR='"/home/sparksco/android/arm-linux-androideabi/bin"'  -W -Wall -Wstrict-prototypes -Wmissing-prototypes -Wshadow -Werror -g -O2 -MT compress.lo -MD -MP -MF .deps/compress.Tpo -c -o compress.lo ../.././../binutils/binutils-2.23.1/bfd/compress.c
m4  -DHAVE_CONFIG_H -D__GMP_WITHIN_GMP -DOPERATION_hamdist hamdist.asm >tmp-hamdist.s
checking for string.h... (cached) yes
yes
checking whether a statically linked program can dlopen itself...  gcc-4.7 -std=gnu99 -c -DHAVE_CONFIG_H -I. -I../.././../gmp/gmp-5.1.1/mpn -I.. -D__GMP_WITHIN_GMP -I../.././../gmp/gmp-5.1.1 -DOPERATION_hamdist -O2 -pedantic -fomit-frame-pointer -m64 -mtune=k8 -march=k8 -Wa,--noexecstack tmp-hamdist.s -o hamdist.o
yes
checking for strings.h... checking for socklen_t... (cached) yes
if [ x"" != x ]; then \
	  gcc-4.7 -c -DHAVE_CONFIG_H -g -O2  -I. -I../.././../gdb/gdb-7.5.1/libiberty/../include  -W -Wall -Wwrite-strings -Wc++-compat -Wstrict-prototypes -pedantic   ../.././../gdb/gdb-7.5.1/libiberty/xmemdup.c -o pic/xmemdup.o; \
	else true; fi
gcc-4.7 -c -DHAVE_CONFIG_H -g -O2  -I. -I../.././../gdb/gdb-7.5.1/libiberty/../include  -W -Wall -Wwrite-strings -Wc++-compat -Wstrict-prototypes -pedantic  ../.././../gdb/gdb-7.5.1/libiberty/xmemdup.c -o xmemdup.o
libtool: compile:  gcc-4.7 -DHAVE_CONFIG_H -I. -I../.././../binutils/binutils-2.23.1/bfd -I. -I../.././../binutils/binutils-2.23.1/bfd -I../.././../binutils/binutils-2.23.1/bfd/../include -DHAVE_bfd_elf32_littlearm_vec -DHAVE_bfd_elf32_bigarm_vec -DHAVE_bfd_elf32_little_generic_vec -DHAVE_bfd_elf32_big_generic_vec -DBINDIR=\"/home/sparksco/android/arm-linux-androideabi/bin\" -W -Wall -Wstrict-prototypes -Wmissing-prototypes -Wshadow -Werror -g -O2 -MT compress.lo -MD -MP -MF .deps/compress.Tpo -c ../.././../binutils/binutils-2.23.1/bfd/compress.c -o compress.o
checking for stdlib.h... (cached) yes
/bin/bash ../libtool --tag=CC   --mode=compile gcc-4.7 -std=gnu99 -DHAVE_CONFIG_H -I. -I../.././../gmp/gmp-5.1.1/mpn -I.. -D__GMP_WITHIN_GMP -I../.././../gmp/gmp-5.1.1 -DOPERATION_`echo perfsqr | sed 's/_$//'`    -O2 -pedantic -fomit-frame-pointer -m64 -mtune=k8 -march=k8 -c -o perfsqr.lo perfsqr.c
if [ x"" != x ]; then \
	  gcc-4.7 -c -DHAVE_CONFIG_H -g -O2  -I. -I../.././../gdb/gdb-7.5.1/libiberty/../include  -W -Wall -Wwrite-strings -Wc++-compat -Wstrict-prototypes -pedantic   ../.././../gdb/gdb-7.5.1/libiberty/xstrdup.c -o pic/xstrdup.o; \
	else true; fi
gcc-4.7 -c -DHAVE_CONFIG_H -g -O2  -I. -I../.././../gdb/gdb-7.5.1/libiberty/../include  -W -Wall -Wwrite-strings -Wc++-compat -Wstrict-prototypes -pedantic  ../.././../gdb/gdb-7.5.1/libiberty/xstrdup.c -o xstrdup.o
checking limits.h usability... libtool: compile:  gcc-4.7 -std=gnu99 -DHAVE_CONFIG_H -I. -I../.././../gmp/gmp-5.1.1/mpn -I.. -D__GMP_WITHIN_GMP -I../.././../gmp/gmp-5.1.1 -DOPERATION_perfsqr -O2 -pedantic -fomit-frame-pointer -m64 -mtune=k8 -march=k8 -c perfsqr.c -o perfsqr.o
/bin/bash ./libtool --tag=CC   --mode=compile gcc-4.7 -DHAVE_CONFIG_H -I. -I../.././../binutils/binutils-2.23.1/bfd -I. -I../.././../binutils/binutils-2.23.1/bfd -I../.././../binutils/binutils-2.23.1/bfd/../include  -DHAVE_bfd_elf32_littlearm_vec -DHAVE_bfd_elf32_bigarm_vec -DHAVE_bfd_elf32_little_generic_vec -DHAVE_bfd_elf32_big_generic_vec  -DBINDIR='"/home/sparksco/android/arm-linux-androideabi/bin"'  -W -Wall -Wstrict-prototypes -Wmissing-prototypes -Wshadow -Werror -g -O2 -MT verilog.lo -MD -MP -MF .deps/verilog.Tpo -c -o verilog.lo ../.././../binutils/binutils-2.23.1/bfd/verilog.c
if [ x"" != x ]; then \
	  gcc-4.7 -c -DHAVE_CONFIG_H -g -O2  -I. -I../.././../gdb/gdb-7.5.1/libiberty/../include  -W -Wall -Wwrite-strings -Wc++-compat -Wstrict-prototypes -pedantic   ../.././../gdb/gdb-7.5.1/libiberty/xstrerror.c -o pic/xstrerror.o; \
	else true; fi
gcc-4.7 -c -DHAVE_CONFIG_H -g -O2  -I. -I../.././../gdb/gdb-7.5.1/libiberty/../include  -W -Wall -Wwrite-strings -Wc++-compat -Wstrict-prototypes -pedantic  ../.././../gdb/gdb-7.5.1/libiberty/xstrerror.c -o xstrerror.o
yes
checking limits.h presence... no
checking whether stripping libraries is possible... yes
checking if libtool supports shared libraries... yes
checking whether to build shared libraries... no
checking whether to build static libraries... yes
checking for special C compiler options needed for large files... no
checking for _FILE_OFFSET_BITS value needed for large files... mv -f .deps/simple.Tpo .deps/simple.Plo
/bin/bash ./libtool --tag=CC   --mode=compile gcc-4.7 -DHAVE_CONFIG_H -I. -I../.././../binutils/binutils-2.23.1/bfd -I. -I../.././../binutils/binutils-2.23.1/bfd -I../.././../binutils/binutils-2.23.1/bfd/../include  -DHAVE_bfd_elf32_littlearm_vec -DHAVE_bfd_elf32_bigarm_vec -DHAVE_bfd_elf32_little_generic_vec -DHAVE_bfd_elf32_big_generic_vec  -DBINDIR='"/home/sparksco/android/arm-linux-androideabi/bin"'  -W -Wall -Wstrict-prototypes -Wmissing-prototypes -Wshadow -Werror -g -O2 -MT elf32-arm.lo -MD -MP -MF .deps/elf32-arm.Tpo -c -o elf32-arm.lo ../.././../binutils/binutils-2.23.1/bfd/elf32-arm.c
/bin/bash ../libtool --tag=CC   --mode=compile gcc-4.7 -std=gnu99 -DHAVE_CONFIG_H -I. -I../.././../gmp/gmp-5.1.1/mpn -I.. -D__GMP_WITHIN_GMP -I../.././../gmp/gmp-5.1.1 -DOPERATION_`echo perfpow | sed 's/_$//'`    -O2 -pedantic -fomit-frame-pointer -m64 -mtune=k8 -march=k8 -c -o perfpow.lo perfpow.c
yes
if [ x"" != x ]; then \
	  gcc-4.7 -c -DHAVE_CONFIG_H -g -O2  -I. -I../.././../gdb/gdb-7.5.1/libiberty/../include  -W -Wall -Wwrite-strings -Wc++-compat -Wstrict-prototypes -pedantic   ../.././../gdb/gdb-7.5.1/libiberty/xstrndup.c -o pic/xstrndup.o; \
	else true; fi
yes
checking for limits.h... yes
gcc-4.7 -c -DHAVE_CONFIG_H -g -O2  -I. -I../.././../gdb/gdb-7.5.1/libiberty/../include  -W -Wall -Wwrite-strings -Wc++-compat -Wstrict-prototypes -pedantic  ../.././../gdb/gdb-7.5.1/libiberty/xstrndup.c -o xstrndup.o
checking whether string.h and strings.h may both be included... libtool: compile:  gcc-4.7 -DHAVE_CONFIG_H -I. -I../.././../binutils/binutils-2.23.1/bfd -I. -I../.././../binutils/binutils-2.23.1/bfd -I../.././../binutils/binutils-2.23.1/bfd/../include -DHAVE_bfd_elf32_littlearm_vec -DHAVE_bfd_elf32_bigarm_vec -DHAVE_bfd_elf32_little_generic_vec -DHAVE_bfd_elf32_big_generic_vec -DBINDIR=\"/home/sparksco/android/arm-linux-androideabi/bin\" -W -Wall -Wstrict-prototypes -Wmissing-prototypes -Wshadow -Werror -g -O2 -MT verilog.lo -MD -MP -MF .deps/verilog.Tpo -c ../.././../binutils/binutils-2.23.1/bfd/verilog.c -o verilog.o
libtool: compile:  gcc-4.7 -DHAVE_CONFIG_H -I. -I../.././../binutils/binutils-2.23.1/bfd -I. -I../.././../binutils/binutils-2.23.1/bfd -I../.././../binutils/binutils-2.23.1/bfd/../include -DHAVE_bfd_elf32_littlearm_vec -DHAVE_bfd_elf32_bigarm_vec -DHAVE_bfd_elf32_little_generic_vec -DHAVE_bfd_elf32_big_generic_vec -DBINDIR=\"/home/sparksco/android/arm-linux-androideabi/bin\" -W -Wall -Wstrict-prototypes -Wmissing-prototypes -Wshadow -Werror -g -O2 -MT elf32-arm.lo -MD -MP -MF .deps/elf32-arm.Tpo -c ../.././../binutils/binutils-2.23.1/bfd/elf32-arm.c -o elf32-arm.o
no
libtool: compile:  gcc-4.7 -std=gnu99 -DHAVE_CONFIG_H -I. -I../.././../gmp/gmp-5.1.1/mpn -I.. -D__GMP_WITHIN_GMP -I../.././../gmp/gmp-5.1.1 -DOPERATION_perfpow -O2 -pedantic -fomit-frame-pointer -m64 -mtune=k8 -march=k8 -c perfpow.c -o perfpow.o
mv -f .deps/merge.Tpo .deps/merge.Plo
if [ x"" != x ]; then \
	  gcc-4.7 -c -DHAVE_CONFIG_H -g -O2  -I. -I../.././../gdb/gdb-7.5.1/libiberty/../include  -W -Wall -Wwrite-strings -Wc++-compat -Wstrict-prototypes -pedantic   ../.././../gdb/gdb-7.5.1/libiberty/setproctitle.c -o pic/setproctitle.o; \
	else true; fi
gcc-4.7 -c -DHAVE_CONFIG_H -g -O2  -I. -I../.././../gdb/gdb-7.5.1/libiberty/../include  -W -Wall -Wwrite-strings -Wc++-compat -Wstrict-prototypes -pedantic  ../.././../gdb/gdb-7.5.1/libiberty/setproctitle.c -o setproctitle.o
Setting warning flags = -W -Wall -Wstrict-prototypes -Wmissing-prototypes -Wshadow -Werror
checking whether to enable maintainer-specific portions of Makefiles... no
checking whether to install libbfd... no
checking whether NLS is requested... no
checking whether NLS is requested... no
configure: updating cache .././config.cache
mv -f .deps/compress.Tpo .deps/compress.Plo
configure: creating ./config.status
yes
/bin/bash ../libtool --mode=compile --tag=CC ../.././../gmp/gmp-5.1.1/mpn/m4-ccas --m4="m4" gcc-4.7 -std=gnu99 -c -DHAVE_CONFIG_H -I. -I../.././../gmp/gmp-5.1.1/mpn -I.. -D__GMP_WITHIN_GMP -I../.././../gmp/gmp-5.1.1 -DOPERATION_`echo gcd_1 | sed 's/_$//'`    -O2 -pedantic -fomit-frame-pointer -m64 -mtune=k8 -march=k8 -Wa,--noexecstack `test -f 'gcd_1.asm' || echo '../.././../gmp/gmp-5.1.1/mpn/'`gcd_1.asm
/usr/bin/msgfmt
checking for gmsgfmt... /usr/bin/msgfmt
/bin/bash ./libtool --tag=CC   --mode=compile gcc-4.7 -DHAVE_CONFIG_H -I. -I../.././../binutils/binutils-2.23.1/bfd -I. -I../.././../binutils/binutils-2.23.1/bfd -I../.././../binutils/binutils-2.23.1/bfd/../include  -DHAVE_bfd_elf32_littlearm_vec -DHAVE_bfd_elf32_bigarm_vec -DHAVE_bfd_elf32_little_generic_vec -DHAVE_bfd_elf32_big_generic_vec  -DBINDIR='"/home/sparksco/android/arm-linux-androideabi/bin"'  -W -Wall -Wstrict-prototypes -Wmissing-prototypes -Wshadow -Werror -g -O2 -MT elf32.lo -MD -MP -MF .deps/elf32.Tpo -c -o elf32.lo ../.././../binutils/binutils-2.23.1/bfd/elf32.c
rm -f ./libiberty.a pic/./libiberty.a
checking whether basename is declared... ar rc ./libiberty.a \
	  ./regex.o ./cplus-dem.o ./cp-demangle.o ./md5.o ./sha1.o ./alloca.o ./argv.o ./choose-temp.o ./concat.o ./cp-demint.o ./crc32.o ./dwarfnames.o ./dyn-string.o ./fdmatch.o ./fibheap.o ./filename_cmp.o ./floatformat.o ./fnmatch.o ./fopen_unlocked.o ./getopt.o ./getopt1.o ./getpwd.o ./getruntime.o ./hashtab.o ./hex.o ./lbasename.o ./lrealpath.o ./make-relative-prefix.o ./make-temp-file.o ./objalloc.o ./obstack.o ./partition.o ./pexecute.o ./physmem.o ./pex-common.o ./pex-one.o ./pex-unix.o ./safe-ctype.o ./simple-object.o ./simple-object-coff.o ./simple-object-elf.o ./simple-object-mach-o.o ./sort.o ./spaces.o ./splay-tree.o ./stack-limit.o ./strerror.o ./strsignal.o ./timeval-utils.o ./unlink-if-ordinary.o ./xatexit.o ./xexit.o ./xmalloc.o ./xmemdup.o ./xstrdup.o ./xstrerror.o ./xstrndup.o  ./setproctitle.o
checking for xgettext... /usr/bin/xgettext
checking for msgmerge... ranlib ./libiberty.a
libtool: compile:  ../.././../gmp/gmp-5.1.1/mpn/m4-ccas --m4=m4 gcc-4.7 -std=gnu99 -c -DHAVE_CONFIG_H -I. -I../.././../gmp/gmp-5.1.1/mpn -I.. -D__GMP_WITHIN_GMP -I../.././../gmp/gmp-5.1.1 -DOPERATION_gcd_1 -O2 -pedantic -fomit-frame-pointer -m64 -mtune=k8 -march=k8 -Wa,--noexecstack gcd_1.asm -o gcd_1.o
/usr/bin/msgmerge
libtool: compile:  gcc-4.7 -DHAVE_CONFIG_H -I. -I../.././../binutils/binutils-2.23.1/bfd -I. -I../.././../binutils/binutils-2.23.1/bfd -I../.././../binutils/binutils-2.23.1/bfd/../include -DHAVE_bfd_elf32_littlearm_vec -DHAVE_bfd_elf32_bigarm_vec -DHAVE_bfd_elf32_little_generic_vec -DHAVE_bfd_elf32_big_generic_vec -DBINDIR=\"/home/sparksco/android/arm-linux-androideabi/bin\" -W -Wall -Wstrict-prototypes -Wmissing-prototypes -Wshadow -Werror -g -O2 -MT elf32.lo -MD -MP -MF .deps/elf32.Tpo -c ../.././../binutils/binutils-2.23.1/bfd/elf32.c -o elf32.o
if [ x"" != x ]; then \
	  cd pic; \
	  ar rc ./libiberty.a \
	    ./regex.o ./cplus-dem.o ./cp-demangle.o ./md5.o ./sha1.o ./alloca.o ./argv.o ./choose-temp.o ./concat.o ./cp-demint.o ./crc32.o ./dwarfnames.o ./dyn-string.o ./fdmatch.o ./fibheap.o ./filename_cmp.o ./floatformat.o ./fnmatch.o ./fopen_unlocked.o ./getopt.o ./getopt1.o ./getpwd.o ./getruntime.o ./hashtab.o ./hex.o ./lbasename.o ./lrealpath.o ./make-relative-prefix.o ./make-temp-file.o ./objalloc.o ./obstack.o ./partition.o ./pexecute.o ./physmem.o ./pex-common.o ./pex-one.o ./pex-unix.o ./safe-ctype.o ./simple-object.o ./simple-object-coff.o ./simple-object-elf.o ./simple-object-mach-o.o ./sort.o ./spaces.o ./splay-tree.o ./stack-limit.o ./strerror.o ./strsignal.o ./timeval-utils.o ./unlink-if-ordinary.o ./xatexit.o ./xexit.o ./xmalloc.o ./xmemdup.o ./xstrdup.o ./xstrerror.o ./xstrndup.o  ./setproctitle.o; \
	  ranlib ./libiberty.a; \
	  cd ..; \
	else true; fi
make[3]: Leaving directory `/home/sparksco/android/toolchain/aosp/build/gdb-7.5.1/libiberty'
/bin/bash ./libtool --tag=CC   --mode=compile gcc-4.7 -DHAVE_CONFIG_H -I. -I../.././../binutils/binutils-2.23.1/bfd -I. -I../.././../binutils/binutils-2.23.1/bfd -I../.././../binutils/binutils-2.23.1/bfd/../include  -DHAVE_bfd_elf32_littlearm_vec -DHAVE_bfd_elf32_bigarm_vec -DHAVE_bfd_elf32_little_generic_vec -DHAVE_bfd_elf32_big_generic_vec  -DBINDIR='"/home/sparksco/android/arm-linux-androideabi/bin"'  -W -Wall -Wstrict-prototypes -Wmissing-prototypes -Wshadow -Werror -g -O2 -MT elf-nacl.lo -MD -MP -MF .deps/elf-nacl.Tpo -c -o elf-nacl.lo ../.././../binutils/binutils-2.23.1/bfd/elf-nacl.c
m4  -DHAVE_CONFIG_H -D__GMP_WITHIN_GMP -DOPERATION_gcd_1 gcd_1.asm >tmp-gcd_1.s
yes
checking size of long long... checking whether stpcpy is declared...  gcc-4.7 -std=gnu99 -c -DHAVE_CONFIG_H -I. -I../.././../gmp/gmp-5.1.1/mpn -I.. -D__GMP_WITHIN_GMP -I../.././../gmp/gmp-5.1.1 -DOPERATION_gcd_1 -O2 -pedantic -fomit-frame-pointer -m64 -mtune=k8 -march=k8 -Wa,--noexecstack tmp-gcd_1.s -o gcd_1.o
libtool: compile:  gcc-4.7 -DHAVE_CONFIG_H -I. -I../.././../binutils/binutils-2.23.1/bfd -I. -I../.././../binutils/binutils-2.23.1/bfd -I../.././../binutils/binutils-2.23.1/bfd/../include -DHAVE_bfd_elf32_littlearm_vec -DHAVE_bfd_elf32_bigarm_vec -DHAVE_bfd_elf32_little_generic_vec -DHAVE_bfd_elf32_big_generic_vec -DBINDIR=\"/home/sparksco/android/arm-linux-androideabi/bin\" -W -Wall -Wstrict-prototypes -Wmissing-prototypes -Wshadow -Werror -g -O2 -MT elf-nacl.lo -MD -MP -MF .deps/elf-nacl.Tpo -c ../.././../binutils/binutils-2.23.1/bfd/elf-nacl.c -o elf-nacl.o
/bin/bash ./libtool --tag=CC   --mode=compile gcc-4.7 -DHAVE_CONFIG_H -I. -I../.././../binutils/binutils-2.23.1/bfd -I. -I../.././../binutils/binutils-2.23.1/bfd -I../.././../binutils/binutils-2.23.1/bfd/../include  -DHAVE_bfd_elf32_littlearm_vec -DHAVE_bfd_elf32_bigarm_vec -DHAVE_bfd_elf32_little_generic_vec -DHAVE_bfd_elf32_big_generic_vec  -DBINDIR='"/home/sparksco/android/arm-linux-androideabi/bin"'  -W -Wall -Wstrict-prototypes -Wmissing-prototypes -Wshadow -Werror -g -O2 -MT elf-vxworks.lo -MD -MP -MF .deps/elf-vxworks.Tpo -c -o elf-vxworks.lo ../.././../binutils/binutils-2.23.1/bfd/elf-vxworks.c
mv -f .deps/verilog.Tpo .deps/verilog.Plo
yes
checking linker --as-needed support... /bin/bash ./libtool --tag=CC   --mode=compile gcc-4.7 -DHAVE_CONFIG_H -I. -I../.././../binutils/binutils-2.23.1/bfd -I. -I../.././../binutils/binutils-2.23.1/bfd -I../.././../binutils/binutils-2.23.1/bfd/../include  -DHAVE_bfd_elf32_littlearm_vec -DHAVE_bfd_elf32_bigarm_vec -DHAVE_bfd_elf32_little_generic_vec -DHAVE_bfd_elf32_big_generic_vec  -DBINDIR='"/home/sparksco/android/arm-linux-androideabi/bin"'  -W -Wall -Wstrict-prototypes -Wmissing-prototypes -Wshadow -Werror -g -O2 -MT elf.lo -MD -MP -MF .deps/elf.Tpo -c -o elf.lo ../.././../binutils/binutils-2.23.1/bfd/elf.c
yes
checking for cos in -lm... /bin/bash ../libtool --tag=CC   --mode=compile gcc-4.7 -std=gnu99 -DHAVE_CONFIG_H -I. -I../.././../gmp/gmp-5.1.1/mpn -I.. -D__GMP_WITHIN_GMP -I../.././../gmp/gmp-5.1.1 -DOPERATION_`echo gcd | sed 's/_$//'`    -O2 -pedantic -fomit-frame-pointer -m64 -mtune=k8 -march=k8 -c -o gcd.lo gcd.c
libtool: compile:  gcc-4.7 -DHAVE_CONFIG_H -I. -I../.././../binutils/binutils-2.23.1/bfd -I. -I../.././../binutils/binutils-2.23.1/bfd -I../.././../binutils/binutils-2.23.1/bfd/../include -DHAVE_bfd_elf32_littlearm_vec -DHAVE_bfd_elf32_bigarm_vec -DHAVE_bfd_elf32_little_generic_vec -DHAVE_bfd_elf32_big_generic_vec -DBINDIR=\"/home/sparksco/android/arm-linux-androideabi/bin\" -W -Wall -Wstrict-prototypes -Wmissing-prototypes -Wshadow -Werror -g -O2 -MT elf-vxworks.lo -MD -MP -MF .deps/elf-vxworks.Tpo -c ../.././../binutils/binutils-2.23.1/bfd/elf-vxworks.c -o elf-vxworks.o
8
checking size of void *... libtool: compile:  gcc-4.7 -DHAVE_CONFIG_H -I. -I../.././../binutils/binutils-2.23.1/bfd -I. -I../.././../binutils/binutils-2.23.1/bfd -I../.././../binutils/binutils-2.23.1/bfd/../include -DHAVE_bfd_elf32_littlearm_vec -DHAVE_bfd_elf32_bigarm_vec -DHAVE_bfd_elf32_little_generic_vec -DHAVE_bfd_elf32_big_generic_vec -DBINDIR=\"/home/sparksco/android/arm-linux-androideabi/bin\" -W -Wall -Wstrict-prototypes -Wmissing-prototypes -Wshadow -Werror -g -O2 -MT elf.lo -MD -MP -MF .deps/elf.Tpo -c ../.././../binutils/binutils-2.23.1/bfd/elf.c -o elf.o
libtool: compile:  gcc-4.7 -std=gnu99 -DHAVE_CONFIG_H -I. -I../.././../gmp/gmp-5.1.1/mpn -I.. -D__GMP_WITHIN_GMP -I../.././../gmp/gmp-5.1.1 -DOPERATION_gcd -O2 -pedantic -fomit-frame-pointer -m64 -mtune=k8 -march=k8 -c gcd.c -o gcd.o
yes
mv -f .deps/elf-nacl.Tpo .deps/elf-nacl.Plo
/bin/bash ./libtool --tag=CC   --mode=compile gcc-4.7 -DHAVE_CONFIG_H -I. -I../.././../binutils/binutils-2.23.1/bfd -I. -I../.././../binutils/binutils-2.23.1/bfd -I../.././../binutils/binutils-2.23.1/bfd/../include  -DHAVE_bfd_elf32_littlearm_vec -DHAVE_bfd_elf32_bigarm_vec -DHAVE_bfd_elf32_little_generic_vec -DHAVE_bfd_elf32_big_generic_vec  -DBINDIR='"/home/sparksco/android/arm-linux-androideabi/bin"'  -W -Wall -Wstrict-prototypes -Wmissing-prototypes -Wshadow -Werror -g -O2 -MT elflink.lo -MD -MP -MF .deps/elflink.Tpo -c -o elflink.lo ../.././../binutils/binutils-2.23.1/bfd/elflink.c
config.status: creating Makefile
config.status: creating cconfig.h
libtool: compile:  gcc-4.7 -DHAVE_CONFIG_H -I. -I../.././../binutils/binutils-2.23.1/bfd -I. -I../.././../binutils/binutils-2.23.1/bfd -I../.././../binutils/binutils-2.23.1/bfd/../include -DHAVE_bfd_elf32_littlearm_vec -DHAVE_bfd_elf32_bigarm_vec -DHAVE_bfd_elf32_little_generic_vec -DHAVE_bfd_elf32_big_generic_vec -DBINDIR=\"/home/sparksco/android/arm-linux-androideabi/bin\" -W -Wall -Wstrict-prototypes -Wmissing-prototypes -Wshadow -Werror -g -O2 -MT elflink.lo -MD -MP -MF .deps/elflink.Tpo -c ../.././../binutils/binutils-2.23.1/bfd/elflink.c -o elflink.o
8
checking size of long... config.status: executing depdir commands
/bin/bash ../libtool --tag=CC   --mode=compile gcc-4.7 -std=gnu99 -DHAVE_CONFIG_H -I. -I../.././../gmp/gmp-5.1.1/mpn -I.. -D__GMP_WITHIN_GMP -I../.././../gmp/gmp-5.1.1 -DOPERATION_`echo gcdext_1 | sed 's/_$//'`    -O2 -pedantic -fomit-frame-pointer -m64 -mtune=k8 -march=k8 -c -o gcdext_1.lo gcdext_1.c
configure: updating cache ./config.cache
configure: creating ./config.status
mkdir -p -- .deps
config.status: executing default commands
mv -f .deps/elf-vxworks.Tpo .deps/elf-vxworks.Plo
/bin/bash ./libtool --tag=CC   --mode=compile gcc-4.7 -DHAVE_CONFIG_H -I. -I../.././../binutils/binutils-2.23.1/bfd -I. -I../.././../binutils/binutils-2.23.1/bfd -I../.././../binutils/binutils-2.23.1/bfd/../include  -DHAVE_bfd_elf32_littlearm_vec -DHAVE_bfd_elf32_bigarm_vec -DHAVE_bfd_elf32_little_generic_vec -DHAVE_bfd_elf32_big_generic_vec  -DBINDIR='"/home/sparksco/android/arm-linux-androideabi/bin"'  -W -Wall -Wstrict-prototypes -Wmissing-prototypes -Wshadow -Werror -g -O2 -MT elf-attrs.lo -MD -MP -MF .deps/elf-attrs.Tpo -c -o elf-attrs.lo ../.././../binutils/binutils-2.23.1/bfd/elf-attrs.c
libtool: compile:  gcc-4.7 -std=gnu99 -DHAVE_CONFIG_H -I. -I../.././../gmp/gmp-5.1.1/mpn -I.. -D__GMP_WITHIN_GMP -I../.././../gmp/gmp-5.1.1 -DOPERATION_gcdext_1 -O2 -pedantic -fomit-frame-pointer -m64 -mtune=k8 -march=k8 -c gcdext_1.c -o gcdext_1.o
8
checking alloca.h usability... libtool: compile:  gcc-4.7 -DHAVE_CONFIG_H -I. -I../.././../binutils/binutils-2.23.1/bfd -I. -I../.././../binutils/binutils-2.23.1/bfd -I../.././../binutils/binutils-2.23.1/bfd/../include -DHAVE_bfd_elf32_littlearm_vec -DHAVE_bfd_elf32_bigarm_vec -DHAVE_bfd_elf32_little_generic_vec -DHAVE_bfd_elf32_big_generic_vec -DBINDIR=\"/home/sparksco/android/arm-linux-androideabi/bin\" -W -Wall -Wstrict-prototypes -Wmissing-prototypes -Wshadow -Werror -g -O2 -MT elf-attrs.lo -MD -MP -MF .deps/elf-attrs.Tpo -c ../.././../binutils/binutils-2.23.1/bfd/elf-attrs.c -o elf-attrs.o
/bin/bash ../libtool --tag=CC   --mode=compile gcc-4.7 -std=gnu99 -DHAVE_CONFIG_H -I. -I../.././../gmp/gmp-5.1.1/mpn -I.. -D__GMP_WITHIN_GMP -I../.././../gmp/gmp-5.1.1 -DOPERATION_`echo gcdext | sed 's/_$//'`    -O2 -pedantic -fomit-frame-pointer -m64 -mtune=k8 -march=k8 -c -o gcdext.lo gcdext.c
yes
checking alloca.h presence... yes
checking for alloca.h... yes
libtool: compile:  gcc-4.7 -std=gnu99 -DHAVE_CONFIG_H -I. -I../.././../gmp/gmp-5.1.1/mpn -I.. -D__GMP_WITHIN_GMP -I../.././../gmp/gmp-5.1.1 -DOPERATION_gcdext -O2 -pedantic -fomit-frame-pointer -m64 -mtune=k8 -march=k8 -c gcdext.c -o gcdext.o
checking stddef.h usability... /bin/bash ../libtool --tag=CC   --mode=compile gcc-4.7 -std=gnu99 -DHAVE_CONFIG_H -I. -I../.././../gmp/gmp-5.1.1/mpn -I.. -D__GMP_WITHIN_GMP -I../.././../gmp/gmp-5.1.1 -DOPERATION_`echo gcd_subdiv_step | sed 's/_$//'`    -O2 -pedantic -fomit-frame-pointer -m64 -mtune=k8 -march=k8 -c -o gcd_subdiv_step.lo gcd_subdiv_step.c
yes
checking stddef.h presence... libtool: compile:  gcc-4.7 -std=gnu99 -DHAVE_CONFIG_H -I. -I../.././../gmp/gmp-5.1.1/mpn -I.. -D__GMP_WITHIN_GMP -I../.././../gmp/gmp-5.1.1 -DOPERATION_gcd_subdiv_step -O2 -pedantic -fomit-frame-pointer -m64 -mtune=k8 -march=k8 -c gcd_subdiv_step.c -o gcd_subdiv_step.o
yes
checking for stddef.h... yes
checking for string.h... (cached) yes
checking for strings.h... (cached) yes
/bin/bash ../libtool --tag=CC   --mode=compile gcc-4.7 -std=gnu99 -DHAVE_CONFIG_H -I. -I../.././../gmp/gmp-5.1.1/mpn -I.. -D__GMP_WITHIN_GMP -I../.././../gmp/gmp-5.1.1 -DOPERATION_`echo gcdext_lehmer | sed 's/_$//'`    -O2 -pedantic -fomit-frame-pointer -m64 -mtune=k8 -march=k8 -c -o gcdext_lehmer.lo gcdext_lehmer.c
/bin/bash ../libtool --tag=CC   --mode=compile gcc-4.7 -std=gnu99 -DHAVE_CONFIG_H -I. -I../.././../gmp/gmp-5.1.1/mpn -I.. -D__GMP_WITHIN_GMP -I../.././../gmp/gmp-5.1.1 -DOPERATION_`echo div_q | sed 's/_$//'`    -O2 -pedantic -fomit-frame-pointer -m64 -mtune=k8 -march=k8 -c -o div_q.lo div_q.c
checking for stdlib.h... (cached) yes
mv -f .deps/elf32.Tpo .deps/elf32.Plo
mv -f .deps/dwarf2.Tpo .deps/dwarf2.Plo
/bin/bash ./libtool --tag=CC   --mode=compile gcc-4.7 -DHAVE_CONFIG_H -I. -I../.././../binutils/binutils-2.23.1/bfd -I. -I../.././../binutils/binutils-2.23.1/bfd -I../.././../binutils/binutils-2.23.1/bfd/../include  -DHAVE_bfd_elf32_littlearm_vec -DHAVE_bfd_elf32_bigarm_vec -DHAVE_bfd_elf32_little_generic_vec -DHAVE_bfd_elf32_big_generic_vec  -DBINDIR='"/home/sparksco/android/arm-linux-androideabi/bin"'  -W -Wall -Wstrict-prototypes -Wmissing-prototypes -Wshadow -Werror -g -O2 -MT elf-strtab.lo -MD -MP -MF .deps/elf-strtab.Tpo -c -o elf-strtab.lo ../.././../binutils/binutils-2.23.1/bfd/elf-strtab.c
/bin/bash ./libtool --tag=CC   --mode=compile gcc-4.7 -DHAVE_CONFIG_H -I. -I../.././../binutils/binutils-2.23.1/bfd -I. -I../.././../binutils/binutils-2.23.1/bfd -I../.././../binutils/binutils-2.23.1/bfd/../include  -DHAVE_bfd_elf32_littlearm_vec -DHAVE_bfd_elf32_bigarm_vec -DHAVE_bfd_elf32_little_generic_vec -DHAVE_bfd_elf32_big_generic_vec  -DBINDIR='"/home/sparksco/android/arm-linux-androideabi/bin"'  -W -Wall -Wstrict-prototypes -Wmissing-prototypes -Wshadow -Werror -g -O2 -MT elf-eh-frame.lo -MD -MP -MF .deps/elf-eh-frame.Tpo -c -o elf-eh-frame.lo ../.././../binutils/binutils-2.23.1/bfd/elf-eh-frame.c
checking time.h usability... libtool: compile:  gcc-4.7 -std=gnu99 -DHAVE_CONFIG_H -I. -I../.././../gmp/gmp-5.1.1/mpn -I.. -D__GMP_WITHIN_GMP -I../.././../gmp/gmp-5.1.1 -DOPERATION_gcdext_lehmer -O2 -pedantic -fomit-frame-pointer -m64 -mtune=k8 -march=k8 -c gcdext_lehmer.c -o gcdext_lehmer.o
libtool: compile:  gcc-4.7 -std=gnu99 -DHAVE_CONFIG_H -I. -I../.././../gmp/gmp-5.1.1/mpn -I.. -D__GMP_WITHIN_GMP -I../.././../gmp/gmp-5.1.1 -DOPERATION_div_q -O2 -pedantic -fomit-frame-pointer -m64 -mtune=k8 -march=k8 -c div_q.c -o div_q.o
libtool: compile:  gcc-4.7 -DHAVE_CONFIG_H -I. -I../.././../binutils/binutils-2.23.1/bfd -I. -I../.././../binutils/binutils-2.23.1/bfd -I../.././../binutils/binutils-2.23.1/bfd/../include -DHAVE_bfd_elf32_littlearm_vec -DHAVE_bfd_elf32_bigarm_vec -DHAVE_bfd_elf32_little_generic_vec -DHAVE_bfd_elf32_big_generic_vec -DBINDIR=\"/home/sparksco/android/arm-linux-androideabi/bin\" -W -Wall -Wstrict-prototypes -Wmissing-prototypes -Wshadow -Werror -g -O2 -MT elf-strtab.lo -MD -MP -MF .deps/elf-strtab.Tpo -c ../.././../binutils/binutils-2.23.1/bfd/elf-strtab.c -o elf-strtab.o
mv -f .deps/elf-attrs.Tpo .deps/elf-attrs.Plo
/bin/bash ../libtool --tag=CC   --mode=compile gcc-4.7 -std=gnu99 -DHAVE_CONFIG_H -I. -I../.././../gmp/gmp-5.1.1/mpn -I.. -D__GMP_WITHIN_GMP -I../.././../gmp/gmp-5.1.1 -DOPERATION_`echo tdiv_qr | sed 's/_$//'`    -O2 -pedantic -fomit-frame-pointer -m64 -mtune=k8 -march=k8 -c -o tdiv_qr.lo tdiv_qr.c
libtool: compile:  gcc-4.7 -DHAVE_CONFIG_H -I. -I../.././../binutils/binutils-2.23.1/bfd -I. -I../.././../binutils/binutils-2.23.1/bfd -I../.././../binutils/binutils-2.23.1/bfd/../include -DHAVE_bfd_elf32_littlearm_vec -DHAVE_bfd_elf32_bigarm_vec -DHAVE_bfd_elf32_little_generic_vec -DHAVE_bfd_elf32_big_generic_vec -DBINDIR=\"/home/sparksco/android/arm-linux-androideabi/bin\" -W -Wall -Wstrict-prototypes -Wmissing-prototypes -Wshadow -Werror -g -O2 -MT elf-eh-frame.lo -MD -MP -MF .deps/elf-eh-frame.Tpo -c ../.././../binutils/binutils-2.23.1/bfd/elf-eh-frame.c -o elf-eh-frame.o
yes
checking time.h presence... yes
checking for time.h... yes
checking for unistd.h... (cached) yes
libtool: compile:  gcc-4.7 -std=gnu99 -DHAVE_CONFIG_H -I. -I../.././../gmp/gmp-5.1.1/mpn -I.. -D__GMP_WITHIN_GMP -I../.././../gmp/gmp-5.1.1 -DOPERATION_tdiv_qr -O2 -pedantic -fomit-frame-pointer -m64 -mtune=k8 -march=k8 -c tdiv_qr.c -o tdiv_qr.o
checking fcntl.h usability... /bin/bash ./libtool --tag=CC   --mode=compile gcc-4.7 -DHAVE_CONFIG_H -I. -I../.././../binutils/binutils-2.23.1/bfd -I. -I../.././../binutils/binutils-2.23.1/bfd -I../.././../binutils/binutils-2.23.1/bfd/../include  -DHAVE_bfd_elf32_littlearm_vec -DHAVE_bfd_elf32_bigarm_vec -DHAVE_bfd_elf32_little_generic_vec -DHAVE_bfd_elf32_big_generic_vec  -DBINDIR='"/home/sparksco/android/arm-linux-androideabi/bin"'  -W -Wall -Wstrict-prototypes -Wmissing-prototypes -Wshadow -Werror -g -O2 -MT dwarf1.lo -MD -MP -MF .deps/dwarf1.Tpo -c -o dwarf1.lo ../.././../binutils/binutils-2.23.1/bfd/dwarf1.c
/bin/bash ./libtool --tag=CC   --mode=compile gcc-4.7 -DHAVE_CONFIG_H -I. -I../.././../binutils/binutils-2.23.1/bfd -I. -I../.././../binutils/binutils-2.23.1/bfd -I../.././../binutils/binutils-2.23.1/bfd/../include  -DHAVE_bfd_elf32_littlearm_vec -DHAVE_bfd_elf32_bigarm_vec -DHAVE_bfd_elf32_little_generic_vec -DHAVE_bfd_elf32_big_generic_vec  -DBINDIR='"/home/sparksco/android/arm-linux-androideabi/bin"'  -W -Wall -Wstrict-prototypes -Wmissing-prototypes -Wshadow -Werror -g -O2 -MT elf32-gen.lo -MD -MP -MF .deps/elf32-gen.Tpo -c -o elf32-gen.lo ../.././../binutils/binutils-2.23.1/bfd/elf32-gen.c
yes
checking fcntl.h presence... libtool: compile:  gcc-4.7 -DHAVE_CONFIG_H -I. -I../.././../binutils/binutils-2.23.1/bfd -I. -I../.././../binutils/binutils-2.23.1/bfd -I../.././../binutils/binutils-2.23.1/bfd/../include -DHAVE_bfd_elf32_littlearm_vec -DHAVE_bfd_elf32_bigarm_vec -DHAVE_bfd_elf32_little_generic_vec -DHAVE_bfd_elf32_big_generic_vec -DBINDIR=\"/home/sparksco/android/arm-linux-androideabi/bin\" -W -Wall -Wstrict-prototypes -Wmissing-prototypes -Wshadow -Werror -g -O2 -MT dwarf1.lo -MD -MP -MF .deps/dwarf1.Tpo -c ../.././../binutils/binutils-2.23.1/bfd/dwarf1.c -o dwarf1.o
yes
checking for fcntl.h... yes
mv -f .deps/elf-strtab.Tpo .deps/elf-strtab.Plo
/bin/bash ./libtool --tag=CC   --mode=compile gcc-4.7 -DHAVE_CONFIG_H -I. -I../.././../binutils/binutils-2.23.1/bfd -I. -I../.././../binutils/binutils-2.23.1/bfd -I../.././../binutils/binutils-2.23.1/bfd/../include  -DHAVE_bfd_elf32_littlearm_vec -DHAVE_bfd_elf32_bigarm_vec -DHAVE_bfd_elf32_little_generic_vec -DHAVE_bfd_elf32_big_generic_vec  -DBINDIR='"/home/sparksco/android/arm-linux-androideabi/bin"'  -W -Wall -Wstrict-prototypes -Wmissing-prototypes -Wshadow -Werror -g -O2 -MT cpu-arm.lo -MD -MP -MF .deps/cpu-arm.Tpo -c -o cpu-arm.lo ../.././../binutils/binutils-2.23.1/bfd/cpu-arm.c
checking sys/file.h usability... libtool: compile:  gcc-4.7 -DHAVE_CONFIG_H -I. -I../.././../binutils/binutils-2.23.1/bfd -I. -I../.././../binutils/binutils-2.23.1/bfd -I../.././../binutils/binutils-2.23.1/bfd/../include -DHAVE_bfd_elf32_littlearm_vec -DHAVE_bfd_elf32_bigarm_vec -DHAVE_bfd_elf32_little_generic_vec -DHAVE_bfd_elf32_big_generic_vec -DBINDIR=\"/home/sparksco/android/arm-linux-androideabi/bin\" -W -Wall -Wstrict-prototypes -Wmissing-prototypes -Wshadow -Werror -g -O2 -MT elf32-gen.lo -MD -MP -MF .deps/elf32-gen.Tpo -c ../.././../binutils/binutils-2.23.1/bfd/elf32-gen.c -o elf32-gen.o
yes
checking sys/file.h presence... libtool: compile:  gcc-4.7 -DHAVE_CONFIG_H -I. -I../.././../binutils/binutils-2.23.1/bfd -I. -I../.././../binutils/binutils-2.23.1/bfd -I../.././../binutils/binutils-2.23.1/bfd/../include -DHAVE_bfd_elf32_littlearm_vec -DHAVE_bfd_elf32_bigarm_vec -DHAVE_bfd_elf32_little_generic_vec -DHAVE_bfd_elf32_big_generic_vec -DBINDIR=\"/home/sparksco/android/arm-linux-androideabi/bin\" -W -Wall -Wstrict-prototypes -Wmissing-prototypes -Wshadow -Werror -g -O2 -MT cpu-arm.lo -MD -MP -MF .deps/cpu-arm.Tpo -c ../.././../binutils/binutils-2.23.1/bfd/cpu-arm.c -o cpu-arm.o
/bin/bash ../libtool --tag=CC   --mode=compile gcc-4.7 -std=gnu99 -DHAVE_CONFIG_H -I. -I../.././../gmp/gmp-5.1.1/mpn -I.. -D__GMP_WITHIN_GMP -I../.././../gmp/gmp-5.1.1 -DOPERATION_`echo jacbase | sed 's/_$//'`    -O2 -pedantic -fomit-frame-pointer -m64 -mtune=k8 -march=k8 -c -o jacbase.lo jacbase.c
yes
checking for sys/file.h... yes
checking sys/time.h usability... libtool: compile:  gcc-4.7 -std=gnu99 -DHAVE_CONFIG_H -I. -I../.././../gmp/gmp-5.1.1/mpn -I.. -D__GMP_WITHIN_GMP -I../.././../gmp/gmp-5.1.1 -DOPERATION_jacbase -O2 -pedantic -fomit-frame-pointer -m64 -mtune=k8 -march=k8 -c jacbase.c -o jacbase.o
mv -f .deps/elf32-gen.Tpo .deps/elf32-gen.Plo
/bin/bash ../libtool --tag=CC   --mode=compile gcc-4.7 -std=gnu99 -DHAVE_CONFIG_H -I. -I../.././../gmp/gmp-5.1.1/mpn -I.. -D__GMP_WITHIN_GMP -I../.././../gmp/gmp-5.1.1 -DOPERATION_`echo jacobi_2 | sed 's/_$//'`    -O2 -pedantic -fomit-frame-pointer -m64 -mtune=k8 -march=k8 -c -o jacobi_2.lo jacobi_2.c
/bin/bash ./libtool --tag=CC   --mode=compile gcc-4.7 -DHAVE_CONFIG_H -I. -I../.././../binutils/binutils-2.23.1/bfd -I. -I../.././../binutils/binutils-2.23.1/bfd -I../.././../binutils/binutils-2.23.1/bfd/../include  -DHAVE_bfd_elf32_littlearm_vec -DHAVE_bfd_elf32_bigarm_vec -DHAVE_bfd_elf32_little_generic_vec -DHAVE_bfd_elf32_big_generic_vec  -DBINDIR='"/home/sparksco/android/arm-linux-androideabi/bin"'  -W -Wall -Wstrict-prototypes -Wmissing-prototypes -Wshadow -Werror -g -O2 -MT archive64.lo -MD -MP -MF .deps/archive64.Tpo -c -o archive64.lo ../.././../binutils/binutils-2.23.1/bfd/archive64.c
checking sys/time.h presence... mv -f .deps/dwarf1.Tpo .deps/dwarf1.Plo
yes
checking for sys/time.h... yes
/bin/bash ../libtool --tag=CC   --mode=compile gcc-4.7 -std=gnu99 -DHAVE_CONFIG_H -I. -I../.././../gmp/gmp-5.1.1/mpn -I.. -D__GMP_WITHIN_GMP -I../.././../gmp/gmp-5.1.1 -DOPERATION_`echo jacobi | sed 's/_$//'`    -O2 -pedantic -fomit-frame-pointer -m64 -mtune=k8 -march=k8 -c -o jacobi.lo jacobi.c
libtool: compile:  gcc-4.7 -std=gnu99 -DHAVE_CONFIG_H -I. -I../.././../gmp/gmp-5.1.1/mpn -I.. -D__GMP_WITHIN_GMP -I../.././../gmp/gmp-5.1.1 -DOPERATION_jacobi_2 -O2 -pedantic -fomit-frame-pointer -m64 -mtune=k8 -march=k8 -c jacobi_2.c -o jacobi_2.o
checking for sys/stat.h... (cached) yes
mv -f .deps/cpu-arm.Tpo .deps/cpu-arm.Plo
libtool: compile:  gcc-4.7 -DHAVE_CONFIG_H -I. -I../.././../binutils/binutils-2.23.1/bfd -I. -I../.././../binutils/binutils-2.23.1/bfd -I../.././../binutils/binutils-2.23.1/bfd/../include -DHAVE_bfd_elf32_littlearm_vec -DHAVE_bfd_elf32_bigarm_vec -DHAVE_bfd_elf32_little_generic_vec -DHAVE_bfd_elf32_big_generic_vec -DBINDIR=\"/home/sparksco/android/arm-linux-androideabi/bin\" -W -Wall -Wstrict-prototypes -Wmissing-prototypes -Wshadow -Werror -g -O2 -MT archive64.lo -MD -MP -MF .deps/archive64.Tpo -c ../.././../binutils/binutils-2.23.1/bfd/archive64.c -o archive64.o
/bin/bash ../libtool --tag=CC   --mode=compile gcc-4.7 -std=gnu99 -DHAVE_CONFIG_H -I. -I../.././../gmp/gmp-5.1.1/mpn -I.. -D__GMP_WITHIN_GMP -I../.././../gmp/gmp-5.1.1 -DOPERATION_`echo get_d | sed 's/_$//'`    -O2 -pedantic -fomit-frame-pointer -m64 -mtune=k8 -march=k8 -c -o get_d.lo get_d.c
libtool: compile:  gcc-4.7 -std=gnu99 -DHAVE_CONFIG_H -I. -I../.././../gmp/gmp-5.1.1/mpn -I.. -D__GMP_WITHIN_GMP -I../.././../gmp/gmp-5.1.1 -DOPERATION_jacobi -O2 -pedantic -fomit-frame-pointer -m64 -mtune=k8 -march=k8 -c jacobi.c -o jacobi.o
looking for a compliant stdint.h in stdint.h, checking for uintmax_t... libtool: compile:  gcc-4.7 -std=gnu99 -DHAVE_CONFIG_H -I. -I../.././../gmp/gmp-5.1.1/mpn -I.. -D__GMP_WITHIN_GMP -I../.././../gmp/gmp-5.1.1 -DOPERATION_get_d -O2 -pedantic -fomit-frame-pointer -m64 -mtune=k8 -march=k8 -c get_d.c -o get_d.o
/bin/bash ../libtool --tag=CC   --mode=compile gcc-4.7 -std=gnu99 -DHAVE_CONFIG_H -I. -I../.././../gmp/gmp-5.1.1/mpn -I.. -D__GMP_WITHIN_GMP -I../.././../gmp/gmp-5.1.1 -DOPERATION_`echo matrix22_mul | sed 's/_$//'`    -O2 -pedantic -fomit-frame-pointer -m64 -mtune=k8 -march=k8 -c -o matrix22_mul.lo matrix22_mul.c
libtool: compile:  gcc-4.7 -std=gnu99 -DHAVE_CONFIG_H -I. -I../.././../gmp/gmp-5.1.1/mpn -I.. -D__GMP_WITHIN_GMP -I../.././../gmp/gmp-5.1.1 -DOPERATION_matrix22_mul -O2 -pedantic -fomit-frame-pointer -m64 -mtune=k8 -march=k8 -c matrix22_mul.c -o matrix22_mul.o
/bin/bash ../libtool --tag=CC   --mode=compile gcc-4.7 -std=gnu99 -DHAVE_CONFIG_H -I. -I../.././../gmp/gmp-5.1.1/mpn -I.. -D__GMP_WITHIN_GMP -I../.././../gmp/gmp-5.1.1 -DOPERATION_`echo matrix22_mul1_inverse_vector | sed 's/_$//'`    -O2 -pedantic -fomit-frame-pointer -m64 -mtune=k8 -march=k8 -c -o matrix22_mul1_inverse_vector.lo matrix22_mul1_inverse_vector.c
/bin/bash ../libtool --tag=CC   --mode=compile gcc-4.7 -std=gnu99 -DHAVE_CONFIG_H -I. -I../.././../gmp/gmp-5.1.1/mpn -I.. -D__GMP_WITHIN_GMP -I../.././../gmp/gmp-5.1.1 -DOPERATION_`echo hgcd_matrix | sed 's/_$//'`    -O2 -pedantic -fomit-frame-pointer -m64 -mtune=k8 -march=k8 -c -o hgcd_matrix.lo hgcd_matrix.c
yes
checking for uintptr_t... libtool: compile:  gcc-4.7 -std=gnu99 -DHAVE_CONFIG_H -I. -I../.././../gmp/gmp-5.1.1/mpn -I.. -D__GMP_WITHIN_GMP -I../.././../gmp/gmp-5.1.1 -DOPERATION_matrix22_mul1_inverse_vector -O2 -pedantic -fomit-frame-pointer -m64 -mtune=k8 -march=k8 -c matrix22_mul1_inverse_vector.c -o matrix22_mul1_inverse_vector.o
mv -f .deps/archive64.Tpo .deps/archive64.Plo
libtool: compile:  gcc-4.7 -std=gnu99 -DHAVE_CONFIG_H -I. -I../.././../gmp/gmp-5.1.1/mpn -I.. -D__GMP_WITHIN_GMP -I../.././../gmp/gmp-5.1.1 -DOPERATION_hgcd_matrix -O2 -pedantic -fomit-frame-pointer -m64 -mtune=k8 -march=k8 -c hgcd_matrix.c -o hgcd_matrix.o
/bin/bash ../libtool --tag=CC   --mode=compile gcc-4.7 -std=gnu99 -DHAVE_CONFIG_H -I. -I../.././../gmp/gmp-5.1.1/mpn -I.. -D__GMP_WITHIN_GMP -I../.././../gmp/gmp-5.1.1 -DOPERATION_`echo hgcd2 | sed 's/_$//'`    -O2 -pedantic -fomit-frame-pointer -m64 -mtune=k8 -march=k8 -c -o hgcd2.lo hgcd2.c
/bin/bash ../libtool --tag=CC   --mode=compile gcc-4.7 -std=gnu99 -DHAVE_CONFIG_H -I. -I../.././../gmp/gmp-5.1.1/mpn -I.. -D__GMP_WITHIN_GMP -I../.././../gmp/gmp-5.1.1 -DOPERATION_`echo hgcd_step | sed 's/_$//'`    -O2 -pedantic -fomit-frame-pointer -m64 -mtune=k8 -march=k8 -c -o hgcd_step.lo hgcd_step.c
yes
checking for int_least32_t... libtool: compile:  gcc-4.7 -std=gnu99 -DHAVE_CONFIG_H -I. -I../.././../gmp/gmp-5.1.1/mpn -I.. -D__GMP_WITHIN_GMP -I../.././../gmp/gmp-5.1.1 -DOPERATION_hgcd2 -O2 -pedantic -fomit-frame-pointer -m64 -mtune=k8 -march=k8 -c hgcd2.c -o hgcd2.o
/bin/bash ../libtool --tag=CC   --mode=compile gcc-4.7 -std=gnu99 -DHAVE_CONFIG_H -I. -I../.././../gmp/gmp-5.1.1/mpn -I.. -D__GMP_WITHIN_GMP -I../.././../gmp/gmp-5.1.1 -DOPERATION_`echo hgcd_reduce | sed 's/_$//'`    -O2 -pedantic -fomit-frame-pointer -m64 -mtune=k8 -march=k8 -c -o hgcd_reduce.lo hgcd_reduce.c
libtool: compile:  gcc-4.7 -std=gnu99 -DHAVE_CONFIG_H -I. -I../.././../gmp/gmp-5.1.1/mpn -I.. -D__GMP_WITHIN_GMP -I../.././../gmp/gmp-5.1.1 -DOPERATION_hgcd_step -O2 -pedantic -fomit-frame-pointer -m64 -mtune=k8 -march=k8 -c hgcd_step.c -o hgcd_step.o
libtool: compile:  gcc-4.7 -std=gnu99 -DHAVE_CONFIG_H -I. -I../.././../gmp/gmp-5.1.1/mpn -I.. -D__GMP_WITHIN_GMP -I../.././../gmp/gmp-5.1.1 -DOPERATION_hgcd_reduce -O2 -pedantic -fomit-frame-pointer -m64 -mtune=k8 -march=k8 -c hgcd_reduce.c -o hgcd_reduce.o
/bin/bash ../libtool --tag=CC   --mode=compile gcc-4.7 -std=gnu99 -DHAVE_CONFIG_H -I. -I../.././../gmp/gmp-5.1.1/mpn -I.. -D__GMP_WITHIN_GMP -I../.././../gmp/gmp-5.1.1 -DOPERATION_`echo hgcd | sed 's/_$//'`    -O2 -pedantic -fomit-frame-pointer -m64 -mtune=k8 -march=k8 -c -o hgcd.lo hgcd.c
/bin/bash ../libtool --tag=CC   --mode=compile gcc-4.7 -std=gnu99 -DHAVE_CONFIG_H -I. -I../.././../gmp/gmp-5.1.1/mpn -I.. -D__GMP_WITHIN_GMP -I../.././../gmp/gmp-5.1.1 -DOPERATION_`echo hgcd_appr | sed 's/_$//'`    -O2 -pedantic -fomit-frame-pointer -m64 -mtune=k8 -march=k8 -c -o hgcd_appr.lo hgcd_appr.c
yes
checking for int_fast32_t... libtool: compile:  gcc-4.7 -std=gnu99 -DHAVE_CONFIG_H -I. -I../.././../gmp/gmp-5.1.1/mpn -I.. -D__GMP_WITHIN_GMP -I../.././../gmp/gmp-5.1.1 -DOPERATION_hgcd -O2 -pedantic -fomit-frame-pointer -m64 -mtune=k8 -march=k8 -c hgcd.c -o hgcd.o
/bin/bash ../libtool --tag=CC   --mode=compile gcc-4.7 -std=gnu99 -DHAVE_CONFIG_H -I. -I../.././../gmp/gmp-5.1.1/mpn -I.. -D__GMP_WITHIN_GMP -I../.././../gmp/gmp-5.1.1 -DOPERATION_`echo hgcd2_jacobi | sed 's/_$//'`    -O2 -pedantic -fomit-frame-pointer -m64 -mtune=k8 -march=k8 -c -o hgcd2_jacobi.lo hgcd2_jacobi.c
libtool: compile:  gcc-4.7 -std=gnu99 -DHAVE_CONFIG_H -I. -I../.././../gmp/gmp-5.1.1/mpn -I.. -D__GMP_WITHIN_GMP -I../.././../gmp/gmp-5.1.1 -DOPERATION_hgcd_appr -O2 -pedantic -fomit-frame-pointer -m64 -mtune=k8 -march=k8 -c hgcd_appr.c -o hgcd_appr.o
/bin/bash ../libtool --tag=CC   --mode=compile gcc-4.7 -std=gnu99 -DHAVE_CONFIG_H -I. -I../.././../gmp/gmp-5.1.1/mpn -I.. -D__GMP_WITHIN_GMP -I../.././../gmp/gmp-5.1.1 -DOPERATION_`echo hgcd_jacobi | sed 's/_$//'`    -O2 -pedantic -fomit-frame-pointer -m64 -mtune=k8 -march=k8 -c -o hgcd_jacobi.lo hgcd_jacobi.c
yes
checking for uint64_t... libtool: compile:  gcc-4.7 -std=gnu99 -DHAVE_CONFIG_H -I. -I../.././../gmp/gmp-5.1.1/mpn -I.. -D__GMP_WITHIN_GMP -I../.././../gmp/gmp-5.1.1 -DOPERATION_hgcd2_jacobi -O2 -pedantic -fomit-frame-pointer -m64 -mtune=k8 -march=k8 -c hgcd2_jacobi.c -o hgcd2_jacobi.o
libtool: compile:  gcc-4.7 -std=gnu99 -DHAVE_CONFIG_H -I. -I../.././../gmp/gmp-5.1.1/mpn -I.. -D__GMP_WITHIN_GMP -I../.././../gmp/gmp-5.1.1 -DOPERATION_hgcd_jacobi -O2 -pedantic -fomit-frame-pointer -m64 -mtune=k8 -march=k8 -c hgcd_jacobi.c -o hgcd_jacobi.o
/bin/bash ../libtool --tag=CC   --mode=compile gcc-4.7 -std=gnu99 -DHAVE_CONFIG_H -I. -I../.././../gmp/gmp-5.1.1/mpn -I.. -D__GMP_WITHIN_GMP -I../.././../gmp/gmp-5.1.1 -DOPERATION_`echo mullo_n | sed 's/_$//'`    -O2 -pedantic -fomit-frame-pointer -m64 -mtune=k8 -march=k8 -c -o mullo_n.lo mullo_n.c
/bin/bash ../libtool --mode=compile --tag=CC ../.././../gmp/gmp-5.1.1/mpn/m4-ccas --m4="m4" gcc-4.7 -std=gnu99 -c -DHAVE_CONFIG_H -I. -I../.././../gmp/gmp-5.1.1/mpn -I.. -D__GMP_WITHIN_GMP -I../.././../gmp/gmp-5.1.1 -DOPERATION_`echo mullo_basecase | sed 's/_$//'`    -O2 -pedantic -fomit-frame-pointer -m64 -mtune=k8 -march=k8 -Wa,--noexecstack `test -f 'mullo_basecase.asm' || echo '../.././../gmp/gmp-5.1.1/mpn/'`mullo_basecase.asm
mv -f .deps/elf-eh-frame.Tpo .deps/elf-eh-frame.Plo
/bin/bash ../libtool --tag=CC   --mode=compile gcc-4.7 -std=gnu99 -DHAVE_CONFIG_H -I. -I../.././../gmp/gmp-5.1.1/mpn -I.. -D__GMP_WITHIN_GMP -I../.././../gmp/gmp-5.1.1 -DOPERATION_`echo toom22_mul | sed 's/_$//'`    -O2 -pedantic -fomit-frame-pointer -m64 -mtune=k8 -march=k8 -c -o toom22_mul.lo toom22_mul.c
libtool: compile:  gcc-4.7 -std=gnu99 -DHAVE_CONFIG_H -I. -I../.././../gmp/gmp-5.1.1/mpn -I.. -D__GMP_WITHIN_GMP -I../.././../gmp/gmp-5.1.1 -DOPERATION_mullo_n -O2 -pedantic -fomit-frame-pointer -m64 -mtune=k8 -march=k8 -c mullo_n.c -o mullo_n.o
yes
checking what to include in bfd_stdint.h... stdint.h (already complete)
/bin/bash ../libtool --tag=CC   --mode=compile gcc-4.7 -std=gnu99 -DHAVE_CONFIG_H -I. -I../.././../gmp/gmp-5.1.1/mpn -I.. -D__GMP_WITHIN_GMP -I../.././../gmp/gmp-5.1.1 -DOPERATION_`echo toom32_mul | sed 's/_$//'`    -O2 -pedantic -fomit-frame-pointer -m64 -mtune=k8 -march=k8 -c -o toom32_mul.lo toom32_mul.c
checking whether time.h and sys/time.h may both be included... libtool: compile:  ../.././../gmp/gmp-5.1.1/mpn/m4-ccas --m4=m4 gcc-4.7 -std=gnu99 -c -DHAVE_CONFIG_H -I. -I../.././../gmp/gmp-5.1.1/mpn -I.. -D__GMP_WITHIN_GMP -I../.././../gmp/gmp-5.1.1 -DOPERATION_mullo_basecase -O2 -pedantic -fomit-frame-pointer -m64 -mtune=k8 -march=k8 -Wa,--noexecstack mullo_basecase.asm -o mullo_basecase.o
m4  -DHAVE_CONFIG_H -D__GMP_WITHIN_GMP -DOPERATION_mullo_basecase mullo_basecase.asm >tmp-mullo_basecase.s
libtool: compile:  gcc-4.7 -std=gnu99 -DHAVE_CONFIG_H -I. -I../.././../gmp/gmp-5.1.1/mpn -I.. -D__GMP_WITHIN_GMP -I../.././../gmp/gmp-5.1.1 -DOPERATION_toom22_mul -O2 -pedantic -fomit-frame-pointer -m64 -mtune=k8 -march=k8 -c toom22_mul.c -o toom22_mul.o
/bin/bash ../libtool --tag=CC   --mode=compile gcc-4.7 -std=gnu99 -DHAVE_CONFIG_H -I. -I../.././../gmp/gmp-5.1.1/mpn -I.. -D__GMP_WITHIN_GMP -I../.././../gmp/gmp-5.1.1 -DOPERATION_`echo toom42_mul | sed 's/_$//'`    -O2 -pedantic -fomit-frame-pointer -m64 -mtune=k8 -march=k8 -c -o toom42_mul.lo toom42_mul.c
yes
libtool: compile:  gcc-4.7 -std=gnu99 -DHAVE_CONFIG_H -I. -I../.././../gmp/gmp-5.1.1/mpn -I.. -D__GMP_WITHIN_GMP -I../.././../gmp/gmp-5.1.1 -DOPERATION_toom32_mul -O2 -pedantic -fomit-frame-pointer -m64 -mtune=k8 -march=k8 -c toom32_mul.c -o toom32_mul.o
checking for dirent.h that defines DIR...  gcc-4.7 -std=gnu99 -c -DHAVE_CONFIG_H -I. -I../.././../gmp/gmp-5.1.1/mpn -I.. -D__GMP_WITHIN_GMP -I../.././../gmp/gmp-5.1.1 -DOPERATION_mullo_basecase -O2 -pedantic -fomit-frame-pointer -m64 -mtune=k8 -march=k8 -Wa,--noexecstack tmp-mullo_basecase.s -o mullo_basecase.o
/bin/bash ../libtool --tag=CC   --mode=compile gcc-4.7 -std=gnu99 -DHAVE_CONFIG_H -I. -I../.././../gmp/gmp-5.1.1/mpn -I.. -D__GMP_WITHIN_GMP -I../.././../gmp/gmp-5.1.1 -DOPERATION_`echo toom52_mul | sed 's/_$//'`    -O2 -pedantic -fomit-frame-pointer -m64 -mtune=k8 -march=k8 -c -o toom52_mul.lo toom52_mul.c
/bin/bash ../libtool --tag=CC   --mode=compile gcc-4.7 -std=gnu99 -DHAVE_CONFIG_H -I. -I../.././../gmp/gmp-5.1.1/mpn -I.. -D__GMP_WITHIN_GMP -I../.././../gmp/gmp-5.1.1 -DOPERATION_`echo toom62_mul | sed 's/_$//'`    -O2 -pedantic -fomit-frame-pointer -m64 -mtune=k8 -march=k8 -c -o toom62_mul.lo toom62_mul.c
libtool: compile:  gcc-4.7 -std=gnu99 -DHAVE_CONFIG_H -I. -I../.././../gmp/gmp-5.1.1/mpn -I.. -D__GMP_WITHIN_GMP -I../.././../gmp/gmp-5.1.1 -DOPERATION_toom42_mul -O2 -pedantic -fomit-frame-pointer -m64 -mtune=k8 -march=k8 -c toom42_mul.c -o toom42_mul.o
libtool: compile:  gcc-4.7 -std=gnu99 -DHAVE_CONFIG_H -I. -I../.././../gmp/gmp-5.1.1/mpn -I.. -D__GMP_WITHIN_GMP -I../.././../gmp/gmp-5.1.1 -DOPERATION_toom62_mul -O2 -pedantic -fomit-frame-pointer -m64 -mtune=k8 -march=k8 -c toom62_mul.c -o toom62_mul.o
yes
libtool: compile:  gcc-4.7 -std=gnu99 -DHAVE_CONFIG_H -I. -I../.././../gmp/gmp-5.1.1/mpn -I.. -D__GMP_WITHIN_GMP -I../.././../gmp/gmp-5.1.1 -DOPERATION_toom52_mul -O2 -pedantic -fomit-frame-pointer -m64 -mtune=k8 -march=k8 -c toom52_mul.c -o toom52_mul.o
checking for library containing opendir... /bin/bash ../libtool --tag=CC   --mode=compile gcc-4.7 -std=gnu99 -DHAVE_CONFIG_H -I. -I../.././../gmp/gmp-5.1.1/mpn -I.. -D__GMP_WITHIN_GMP -I../.././../gmp/gmp-5.1.1 -DOPERATION_`echo toom33_mul | sed 's/_$//'`    -O2 -pedantic -fomit-frame-pointer -m64 -mtune=k8 -march=k8 -c -o toom33_mul.lo toom33_mul.c
/bin/bash ../libtool --tag=CC   --mode=compile gcc-4.7 -std=gnu99 -DHAVE_CONFIG_H -I. -I../.././../gmp/gmp-5.1.1/mpn -I.. -D__GMP_WITHIN_GMP -I../.././../gmp/gmp-5.1.1 -DOPERATION_`echo toom43_mul | sed 's/_$//'`    -O2 -pedantic -fomit-frame-pointer -m64 -mtune=k8 -march=k8 -c -o toom43_mul.lo toom43_mul.c
libtool: compile:  gcc-4.7 -std=gnu99 -DHAVE_CONFIG_H -I. -I../.././../gmp/gmp-5.1.1/mpn -I.. -D__GMP_WITHIN_GMP -I../.././../gmp/gmp-5.1.1 -DOPERATION_toom33_mul -O2 -pedantic -fomit-frame-pointer -m64 -mtune=k8 -march=k8 -c toom33_mul.c -o toom33_mul.o
none required
checking windows.h usability... libtool: compile:  gcc-4.7 -std=gnu99 -DHAVE_CONFIG_H -I. -I../.././../gmp/gmp-5.1.1/mpn -I.. -D__GMP_WITHIN_GMP -I../.././../gmp/gmp-5.1.1 -DOPERATION_toom43_mul -O2 -pedantic -fomit-frame-pointer -m64 -mtune=k8 -march=k8 -c toom43_mul.c -o toom43_mul.o
/bin/bash ../libtool --tag=CC   --mode=compile gcc-4.7 -std=gnu99 -DHAVE_CONFIG_H -I. -I../.././../gmp/gmp-5.1.1/mpn -I.. -D__GMP_WITHIN_GMP -I../.././../gmp/gmp-5.1.1 -DOPERATION_`echo toom53_mul | sed 's/_$//'`    -O2 -pedantic -fomit-frame-pointer -m64 -mtune=k8 -march=k8 -c -o toom53_mul.lo toom53_mul.c
/bin/bash ../libtool --tag=CC   --mode=compile gcc-4.7 -std=gnu99 -DHAVE_CONFIG_H -I. -I../.././../gmp/gmp-5.1.1/mpn -I.. -D__GMP_WITHIN_GMP -I../.././../gmp/gmp-5.1.1 -DOPERATION_`echo toom54_mul | sed 's/_$//'`    -O2 -pedantic -fomit-frame-pointer -m64 -mtune=k8 -march=k8 -c -o toom54_mul.lo toom54_mul.c
/bin/bash ../libtool --tag=CC   --mode=compile gcc-4.7 -std=gnu99 -DHAVE_CONFIG_H -I. -I../.././../gmp/gmp-5.1.1/mpn -I.. -D__GMP_WITHIN_GMP -I../.././../gmp/gmp-5.1.1 -DOPERATION_`echo toom63_mul | sed 's/_$//'`    -O2 -pedantic -fomit-frame-pointer -m64 -mtune=k8 -march=k8 -c -o toom63_mul.lo toom63_mul.c
config.status: creating Makefile
libtool: compile:  gcc-4.7 -std=gnu99 -DHAVE_CONFIG_H -I. -I../.././../gmp/gmp-5.1.1/mpn -I.. -D__GMP_WITHIN_GMP -I../.././../gmp/gmp-5.1.1 -DOPERATION_toom53_mul -O2 -pedantic -fomit-frame-pointer -m64 -mtune=k8 -march=k8 -c toom53_mul.c -o toom53_mul.o
config.status: creating po/Makefile.in
/bin/bash ../libtool --tag=CC   --mode=compile gcc-4.7 -std=gnu99 -DHAVE_CONFIG_H -I. -I../.././../gmp/gmp-5.1.1/mpn -I.. -D__GMP_WITHIN_GMP -I../.././../gmp/gmp-5.1.1 -DOPERATION_`echo toom44_mul | sed 's/_$//'`    -O2 -pedantic -fomit-frame-pointer -m64 -mtune=k8 -march=k8 -c -o toom44_mul.lo toom44_mul.c
libtool: compile:  gcc-4.7 -std=gnu99 -DHAVE_CONFIG_H -I. -I../.././../gmp/gmp-5.1.1/mpn -I.. -D__GMP_WITHIN_GMP -I../.././../gmp/gmp-5.1.1 -DOPERATION_toom63_mul -O2 -pedantic -fomit-frame-pointer -m64 -mtune=k8 -march=k8 -c toom63_mul.c -o toom63_mul.o
libtool: compile:  gcc-4.7 -std=gnu99 -DHAVE_CONFIG_H -I. -I../.././../gmp/gmp-5.1.1/mpn -I.. -D__GMP_WITHIN_GMP -I../.././../gmp/gmp-5.1.1 -DOPERATION_toom54_mul -O2 -pedantic -fomit-frame-pointer -m64 -mtune=k8 -march=k8 -c toom54_mul.c -o toom54_mul.o
/bin/bash ../libtool --tag=CC   --mode=compile gcc-4.7 -std=gnu99 -DHAVE_CONFIG_H -I. -I../.././../gmp/gmp-5.1.1/mpn -I.. -D__GMP_WITHIN_GMP -I../.././../gmp/gmp-5.1.1 -DOPERATION_`echo toom6h_mul | sed 's/_$//'`    -O2 -pedantic -fomit-frame-pointer -m64 -mtune=k8 -march=k8 -c -o toom6h_mul.lo toom6h_mul.c
libtool: compile:  gcc-4.7 -std=gnu99 -DHAVE_CONFIG_H -I. -I../.././../gmp/gmp-5.1.1/mpn -I.. -D__GMP_WITHIN_GMP -I../.././../gmp/gmp-5.1.1 -DOPERATION_toom44_mul -O2 -pedantic -fomit-frame-pointer -m64 -mtune=k8 -march=k8 -c toom44_mul.c -o toom44_mul.o
config.status: creating config.h
no
checking windows.h presence... config.status: executing depfiles commands
libtool: compile:  gcc-4.7 -std=gnu99 -DHAVE_CONFIG_H -I. -I../.././../gmp/gmp-5.1.1/mpn -I.. -D__GMP_WITHIN_GMP -I../.././../gmp/gmp-5.1.1 -DOPERATION_toom6h_mul -O2 -pedantic -fomit-frame-pointer -m64 -mtune=k8 -march=k8 -c toom6h_mul.c -o toom6h_mul.o
no
checking for windows.h... no
/bin/bash ../libtool --tag=CC   --mode=compile gcc-4.7 -std=gnu99 -DHAVE_CONFIG_H -I. -I../.././../gmp/gmp-5.1.1/mpn -I.. -D__GMP_WITHIN_GMP -I../.././../gmp/gmp-5.1.1 -DOPERATION_`echo toom6_sqr | sed 's/_$//'`    -O2 -pedantic -fomit-frame-pointer -m64 -mtune=k8 -march=k8 -c -o toom6_sqr.lo toom6_sqr.c
checking for dlfcn.h... (cached) yes
checking whether string.h and strings.h may both be included... /bin/bash ../libtool --tag=CC   --mode=compile gcc-4.7 -std=gnu99 -DHAVE_CONFIG_H -I. -I../.././../gmp/gmp-5.1.1/mpn -I.. -D__GMP_WITHIN_GMP -I../.././../gmp/gmp-5.1.1 -DOPERATION_`echo toom8h_mul | sed 's/_$//'`    -O2 -pedantic -fomit-frame-pointer -m64 -mtune=k8 -march=k8 -c -o toom8h_mul.lo toom8h_mul.c
libtool: compile:  gcc-4.7 -std=gnu99 -DHAVE_CONFIG_H -I. -I../.././../gmp/gmp-5.1.1/mpn -I.. -D__GMP_WITHIN_GMP -I../.././../gmp/gmp-5.1.1 -DOPERATION_toom6_sqr -O2 -pedantic -fomit-frame-pointer -m64 -mtune=k8 -march=k8 -c toom6_sqr.c -o toom6_sqr.o
yes
checking for fcntl... /bin/bash ../libtool --tag=CC   --mode=compile gcc-4.7 -std=gnu99 -DHAVE_CONFIG_H -I. -I../.././../gmp/gmp-5.1.1/mpn -I.. -D__GMP_WITHIN_GMP -I../.././../gmp/gmp-5.1.1 -DOPERATION_`echo toom8_sqr | sed 's/_$//'`    -O2 -pedantic -fomit-frame-pointer -m64 -mtune=k8 -march=k8 -c -o toom8_sqr.lo toom8_sqr.c
libtool: compile:  gcc-4.7 -std=gnu99 -DHAVE_CONFIG_H -I. -I../.././../gmp/gmp-5.1.1/mpn -I.. -D__GMP_WITHIN_GMP -I../.././../gmp/gmp-5.1.1 -DOPERATION_toom8_sqr -O2 -pedantic -fomit-frame-pointer -m64 -mtune=k8 -march=k8 -c toom8_sqr.c -o toom8_sqr.o
libtool: compile:  gcc-4.7 -std=gnu99 -DHAVE_CONFIG_H -I. -I../.././../gmp/gmp-5.1.1/mpn -I.. -D__GMP_WITHIN_GMP -I../.././../gmp/gmp-5.1.1 -DOPERATION_toom8h_mul -O2 -pedantic -fomit-frame-pointer -m64 -mtune=k8 -march=k8 -c toom8h_mul.c -o toom8h_mul.o
/bin/bash ../libtool --tag=CC   --mode=compile gcc-4.7 -std=gnu99 -DHAVE_CONFIG_H -I. -I../.././../gmp/gmp-5.1.1/mpn -I.. -D__GMP_WITHIN_GMP -I../.././../gmp/gmp-5.1.1 -DOPERATION_`echo toom_couple_handling | sed 's/_$//'`    -O2 -pedantic -fomit-frame-pointer -m64 -mtune=k8 -march=k8 -c -o toom_couple_handling.lo toom_couple_handling.c
/bin/bash ../libtool --tag=CC   --mode=compile gcc-4.7 -std=gnu99 -DHAVE_CONFIG_H -I. -I../.././../gmp/gmp-5.1.1/mpn -I.. -D__GMP_WITHIN_GMP -I../.././../gmp/gmp-5.1.1 -DOPERATION_`echo toom2_sqr | sed 's/_$//'`    -O2 -pedantic -fomit-frame-pointer -m64 -mtune=k8 -march=k8 -c -o toom2_sqr.lo toom2_sqr.c
libtool: compile:  gcc-4.7 -std=gnu99 -DHAVE_CONFIG_H -I. -I../.././../gmp/gmp-5.1.1/mpn -I.. -D__GMP_WITHIN_GMP -I../.././../gmp/gmp-5.1.1 -DOPERATION_toom_couple_handling -O2 -pedantic -fomit-frame-pointer -m64 -mtune=k8 -march=k8 -c toom_couple_handling.c -o toom_couple_handling.o
yes
/bin/bash ../libtool --tag=CC   --mode=compile gcc-4.7 -std=gnu99 -DHAVE_CONFIG_H -I. -I../.././../gmp/gmp-5.1.1/mpn -I.. -D__GMP_WITHIN_GMP -I../.././../gmp/gmp-5.1.1 -DOPERATION_`echo toom3_sqr | sed 's/_$//'`    -O2 -pedantic -fomit-frame-pointer -m64 -mtune=k8 -march=k8 -c -o toom3_sqr.lo toom3_sqr.c
libtool: compile:  gcc-4.7 -std=gnu99 -DHAVE_CONFIG_H -I. -I../.././../gmp/gmp-5.1.1/mpn -I.. -D__GMP_WITHIN_GMP -I../.././../gmp/gmp-5.1.1 -DOPERATION_toom2_sqr -O2 -pedantic -fomit-frame-pointer -m64 -mtune=k8 -march=k8 -c toom2_sqr.c -o toom2_sqr.o
checking for getpagesize... /bin/bash ../libtool --tag=CC   --mode=compile gcc-4.7 -std=gnu99 -DHAVE_CONFIG_H -I. -I../.././../gmp/gmp-5.1.1/mpn -I.. -D__GMP_WITHIN_GMP -I../.././../gmp/gmp-5.1.1 -DOPERATION_`echo toom4_sqr | sed 's/_$//'`    -O2 -pedantic -fomit-frame-pointer -m64 -mtune=k8 -march=k8 -c -o toom4_sqr.lo toom4_sqr.c
libtool: compile:  gcc-4.7 -std=gnu99 -DHAVE_CONFIG_H -I. -I../.././../gmp/gmp-5.1.1/mpn -I.. -D__GMP_WITHIN_GMP -I../.././../gmp/gmp-5.1.1 -DOPERATION_toom3_sqr -O2 -pedantic -fomit-frame-pointer -m64 -mtune=k8 -march=k8 -c toom3_sqr.c -o toom3_sqr.o
/bin/bash ../libtool --tag=CC   --mode=compile gcc-4.7 -std=gnu99 -DHAVE_CONFIG_H -I. -I../.././../gmp/gmp-5.1.1/mpn -I.. -D__GMP_WITHIN_GMP -I../.././../gmp/gmp-5.1.1 -DOPERATION_`echo toom_eval_dgr3_pm1 | sed 's/_$//'`    -O2 -pedantic -fomit-frame-pointer -m64 -mtune=k8 -march=k8 -c -o toom_eval_dgr3_pm1.lo toom_eval_dgr3_pm1.c
libtool: compile:  gcc-4.7 -std=gnu99 -DHAVE_CONFIG_H -I. -I../.././../gmp/gmp-5.1.1/mpn -I.. -D__GMP_WITHIN_GMP -I../.././../gmp/gmp-5.1.1 -DOPERATION_toom4_sqr -O2 -pedantic -fomit-frame-pointer -m64 -mtune=k8 -march=k8 -c toom4_sqr.c -o toom4_sqr.o
yes
/bin/bash ../libtool --tag=CC   --mode=compile gcc-4.7 -std=gnu99 -DHAVE_CONFIG_H -I. -I../.././../gmp/gmp-5.1.1/mpn -I.. -D__GMP_WITHIN_GMP -I../.././../gmp/gmp-5.1.1 -DOPERATION_`echo toom_eval_dgr3_pm2 | sed 's/_$//'`    -O2 -pedantic -fomit-frame-pointer -m64 -mtune=k8 -march=k8 -c -o toom_eval_dgr3_pm2.lo toom_eval_dgr3_pm2.c
libtool: compile:  gcc-4.7 -std=gnu99 -DHAVE_CONFIG_H -I. -I../.././../gmp/gmp-5.1.1/mpn -I.. -D__GMP_WITHIN_GMP -I../.././../gmp/gmp-5.1.1 -DOPERATION_toom_eval_dgr3_pm1 -O2 -pedantic -fomit-frame-pointer -m64 -mtune=k8 -march=k8 -c toom_eval_dgr3_pm1.c -o toom_eval_dgr3_pm1.o
libtool: compile:  gcc-4.7 -std=gnu99 -DHAVE_CONFIG_H -I. -I../.././../gmp/gmp-5.1.1/mpn -I.. -D__GMP_WITHIN_GMP -I../.././../gmp/gmp-5.1.1 -DOPERATION_toom_eval_dgr3_pm2 -O2 -pedantic -fomit-frame-pointer -m64 -mtune=k8 -march=k8 -c toom_eval_dgr3_pm2.c -o toom_eval_dgr3_pm2.o
checking for setitimer... /bin/bash ../libtool --tag=CC   --mode=compile gcc-4.7 -std=gnu99 -DHAVE_CONFIG_H -I. -I../.././../gmp/gmp-5.1.1/mpn -I.. -D__GMP_WITHIN_GMP -I../.././../gmp/gmp-5.1.1 -DOPERATION_`echo toom_eval_pm1 | sed 's/_$//'`    -O2 -pedantic -fomit-frame-pointer -m64 -mtune=k8 -march=k8 -c -o toom_eval_pm1.lo toom_eval_pm1.c
/bin/bash ../libtool --tag=CC   --mode=compile gcc-4.7 -std=gnu99 -DHAVE_CONFIG_H -I. -I../.././../gmp/gmp-5.1.1/mpn -I.. -D__GMP_WITHIN_GMP -I../.././../gmp/gmp-5.1.1 -DOPERATION_`echo toom_eval_pm2 | sed 's/_$//'`    -O2 -pedantic -fomit-frame-pointer -m64 -mtune=k8 -march=k8 -c -o toom_eval_pm2.lo toom_eval_pm2.c
/bin/bash ../libtool --tag=CC   --mode=compile gcc-4.7 -std=gnu99 -DHAVE_CONFIG_H -I. -I../.././../gmp/gmp-5.1.1/mpn -I.. -D__GMP_WITHIN_GMP -I../.././../gmp/gmp-5.1.1 -DOPERATION_`echo toom_eval_pm2exp | sed 's/_$//'`    -O2 -pedantic -fomit-frame-pointer -m64 -mtune=k8 -march=k8 -c -o toom_eval_pm2exp.lo toom_eval_pm2exp.c
/bin/bash ../libtool --tag=CC   --mode=compile gcc-4.7 -std=gnu99 -DHAVE_CONFIG_H -I. -I../.././../gmp/gmp-5.1.1/mpn -I.. -D__GMP_WITHIN_GMP -I../.././../gmp/gmp-5.1.1 -DOPERATION_`echo toom_eval_pm2rexp | sed 's/_$//'`    -O2 -pedantic -fomit-frame-pointer -m64 -mtune=k8 -march=k8 -c -o toom_eval_pm2rexp.lo toom_eval_pm2rexp.c
libtool: compile:  gcc-4.7 -std=gnu99 -DHAVE_CONFIG_H -I. -I../.././../gmp/gmp-5.1.1/mpn -I.. -D__GMP_WITHIN_GMP -I../.././../gmp/gmp-5.1.1 -DOPERATION_toom_eval_pm1 -O2 -pedantic -fomit-frame-pointer -m64 -mtune=k8 -march=k8 -c toom_eval_pm1.c -o toom_eval_pm1.o
yes
checking for sysconf... /bin/bash ../libtool --tag=CC   --mode=compile gcc-4.7 -std=gnu99 -DHAVE_CONFIG_H -I. -I../.././../gmp/gmp-5.1.1/mpn -I.. -D__GMP_WITHIN_GMP -I../.././../gmp/gmp-5.1.1 -DOPERATION_`echo toom_interpolate_5pts | sed 's/_$//'`    -O2 -pedantic -fomit-frame-pointer -m64 -mtune=k8 -march=k8 -c -o toom_interpolate_5pts.lo toom_interpolate_5pts.c
libtool: compile:  gcc-4.7 -std=gnu99 -DHAVE_CONFIG_H -I. -I../.././../gmp/gmp-5.1.1/mpn -I.. -D__GMP_WITHIN_GMP -I../.././../gmp/gmp-5.1.1 -DOPERATION_toom_eval_pm2 -O2 -pedantic -fomit-frame-pointer -m64 -mtune=k8 -march=k8 -c toom_eval_pm2.c -o toom_eval_pm2.o
libtool: compile:  gcc-4.7 -std=gnu99 -DHAVE_CONFIG_H -I. -I../.././../gmp/gmp-5.1.1/mpn -I.. -D__GMP_WITHIN_GMP -I../.././../gmp/gmp-5.1.1 -DOPERATION_toom_eval_pm2rexp -O2 -pedantic -fomit-frame-pointer -m64 -mtune=k8 -march=k8 -c toom_eval_pm2rexp.c -o toom_eval_pm2rexp.o
libtool: compile:  gcc-4.7 -std=gnu99 -DHAVE_CONFIG_H -I. -I../.././../gmp/gmp-5.1.1/mpn -I.. -D__GMP_WITHIN_GMP -I../.././../gmp/gmp-5.1.1 -DOPERATION_toom_eval_pm2exp -O2 -pedantic -fomit-frame-pointer -m64 -mtune=k8 -march=k8 -c toom_eval_pm2exp.c -o toom_eval_pm2exp.o
libtool: compile:  gcc-4.7 -std=gnu99 -DHAVE_CONFIG_H -I. -I../.././../gmp/gmp-5.1.1/mpn -I.. -D__GMP_WITHIN_GMP -I../.././../gmp/gmp-5.1.1 -DOPERATION_toom_interpolate_5pts -O2 -pedantic -fomit-frame-pointer -m64 -mtune=k8 -march=k8 -c toom_interpolate_5pts.c -o toom_interpolate_5pts.o
/bin/bash ../libtool --tag=CC   --mode=compile gcc-4.7 -std=gnu99 -DHAVE_CONFIG_H -I. -I../.././../gmp/gmp-5.1.1/mpn -I.. -D__GMP_WITHIN_GMP -I../.././../gmp/gmp-5.1.1 -DOPERATION_`echo toom_interpolate_6pts | sed 's/_$//'`    -O2 -pedantic -fomit-frame-pointer -m64 -mtune=k8 -march=k8 -c -o toom_interpolate_6pts.lo toom_interpolate_6pts.c
/bin/bash ../libtool --tag=CC   --mode=compile gcc-4.7 -std=gnu99 -DHAVE_CONFIG_H -I. -I../.././../gmp/gmp-5.1.1/mpn -I.. -D__GMP_WITHIN_GMP -I../.././../gmp/gmp-5.1.1 -DOPERATION_`echo toom_interpolate_7pts | sed 's/_$//'`    -O2 -pedantic -fomit-frame-pointer -m64 -mtune=k8 -march=k8 -c -o toom_interpolate_7pts.lo toom_interpolate_7pts.c
yes
/bin/bash ../libtool --tag=CC   --mode=compile gcc-4.7 -std=gnu99 -DHAVE_CONFIG_H -I. -I../.././../gmp/gmp-5.1.1/mpn -I.. -D__GMP_WITHIN_GMP -I../.././../gmp/gmp-5.1.1 -DOPERATION_`echo toom_interpolate_8pts | sed 's/_$//'`    -O2 -pedantic -fomit-frame-pointer -m64 -mtune=k8 -march=k8 -c -o toom_interpolate_8pts.lo toom_interpolate_8pts.c
checking for fdopen... libtool: compile:  gcc-4.7 -std=gnu99 -DHAVE_CONFIG_H -I. -I../.././../gmp/gmp-5.1.1/mpn -I.. -D__GMP_WITHIN_GMP -I../.././../gmp/gmp-5.1.1 -DOPERATION_toom_interpolate_6pts -O2 -pedantic -fomit-frame-pointer -m64 -mtune=k8 -march=k8 -c toom_interpolate_6pts.c -o toom_interpolate_6pts.o
/bin/bash ../libtool --tag=CC   --mode=compile gcc-4.7 -std=gnu99 -DHAVE_CONFIG_H -I. -I../.././../gmp/gmp-5.1.1/mpn -I.. -D__GMP_WITHIN_GMP -I../.././../gmp/gmp-5.1.1 -DOPERATION_`echo toom_interpolate_12pts | sed 's/_$//'`    -O2 -pedantic -fomit-frame-pointer -m64 -mtune=k8 -march=k8 -c -o toom_interpolate_12pts.lo toom_interpolate_12pts.c
libtool: compile:  gcc-4.7 -std=gnu99 -DHAVE_CONFIG_H -I. -I../.././../gmp/gmp-5.1.1/mpn -I.. -D__GMP_WITHIN_GMP -I../.././../gmp/gmp-5.1.1 -DOPERATION_toom_interpolate_7pts -O2 -pedantic -fomit-frame-pointer -m64 -mtune=k8 -march=k8 -c toom_interpolate_7pts.c -o toom_interpolate_7pts.o
/bin/bash ../libtool --tag=CC   --mode=compile gcc-4.7 -std=gnu99 -DHAVE_CONFIG_H -I. -I../.././../gmp/gmp-5.1.1/mpn -I.. -D__GMP_WITHIN_GMP -I../.././../gmp/gmp-5.1.1 -DOPERATION_`echo toom_interpolate_16pts | sed 's/_$//'`    -O2 -pedantic -fomit-frame-pointer -m64 -mtune=k8 -march=k8 -c -o toom_interpolate_16pts.lo toom_interpolate_16pts.c
libtool: compile:  gcc-4.7 -std=gnu99 -DHAVE_CONFIG_H -I. -I../.././../gmp/gmp-5.1.1/mpn -I.. -D__GMP_WITHIN_GMP -I../.././../gmp/gmp-5.1.1 -DOPERATION_toom_interpolate_8pts -O2 -pedantic -fomit-frame-pointer -m64 -mtune=k8 -march=k8 -c toom_interpolate_8pts.c -o toom_interpolate_8pts.o
libtool: compile:  gcc-4.7 -std=gnu99 -DHAVE_CONFIG_H -I. -I../.././../gmp/gmp-5.1.1/mpn -I.. -D__GMP_WITHIN_GMP -I../.././../gmp/gmp-5.1.1 -DOPERATION_toom_interpolate_12pts -O2 -pedantic -fomit-frame-pointer -m64 -mtune=k8 -march=k8 -c toom_interpolate_12pts.c -o toom_interpolate_12pts.o
libtool: compile:  gcc-4.7 -std=gnu99 -DHAVE_CONFIG_H -I. -I../.././../gmp/gmp-5.1.1/mpn -I.. -D__GMP_WITHIN_GMP -I../.././../gmp/gmp-5.1.1 -DOPERATION_toom_interpolate_16pts -O2 -pedantic -fomit-frame-pointer -m64 -mtune=k8 -march=k8 -c toom_interpolate_16pts.c -o toom_interpolate_16pts.o
yes
checking for getuid... /bin/bash ../libtool --tag=CC   --mode=compile gcc-4.7 -std=gnu99 -DHAVE_CONFIG_H -I. -I../.././../gmp/gmp-5.1.1/mpn -I.. -D__GMP_WITHIN_GMP -I../.././../gmp/gmp-5.1.1 -DOPERATION_`echo invertappr | sed 's/_$//'`    -O2 -pedantic -fomit-frame-pointer -m64 -mtune=k8 -march=k8 -c -o invertappr.lo invertappr.c
/bin/bash ../libtool --tag=CC   --mode=compile gcc-4.7 -std=gnu99 -DHAVE_CONFIG_H -I. -I../.././../gmp/gmp-5.1.1/mpn -I.. -D__GMP_WITHIN_GMP -I../.././../gmp/gmp-5.1.1 -DOPERATION_`echo invert | sed 's/_$//'`    -O2 -pedantic -fomit-frame-pointer -m64 -mtune=k8 -march=k8 -c -o invert.lo invert.c
/bin/bash ../libtool --tag=CC   --mode=compile gcc-4.7 -std=gnu99 -DHAVE_CONFIG_H -I. -I../.././../gmp/gmp-5.1.1/mpn -I.. -D__GMP_WITHIN_GMP -I../.././../gmp/gmp-5.1.1 -DOPERATION_`echo binvert | sed 's/_$//'`    -O2 -pedantic -fomit-frame-pointer -m64 -mtune=k8 -march=k8 -c -o binvert.lo binvert.c
libtool: compile:  gcc-4.7 -std=gnu99 -DHAVE_CONFIG_H -I. -I../.././../gmp/gmp-5.1.1/mpn -I.. -D__GMP_WITHIN_GMP -I../.././../gmp/gmp-5.1.1 -DOPERATION_invertappr -O2 -pedantic -fomit-frame-pointer -m64 -mtune=k8 -march=k8 -c invertappr.c -o invertappr.o
libtool: compile:  gcc-4.7 -std=gnu99 -DHAVE_CONFIG_H -I. -I../.././../gmp/gmp-5.1.1/mpn -I.. -D__GMP_WITHIN_GMP -I../.././../gmp/gmp-5.1.1 -DOPERATION_binvert -O2 -pedantic -fomit-frame-pointer -m64 -mtune=k8 -march=k8 -c binvert.c -o binvert.o
yes
libtool: compile:  gcc-4.7 -std=gnu99 -DHAVE_CONFIG_H -I. -I../.././../gmp/gmp-5.1.1/mpn -I.. -D__GMP_WITHIN_GMP -I../.././../gmp/gmp-5.1.1 -DOPERATION_invert -O2 -pedantic -fomit-frame-pointer -m64 -mtune=k8 -march=k8 -c invert.c -o invert.o
checking for getgid... /bin/bash ../libtool --tag=CC   --mode=compile gcc-4.7 -std=gnu99 -DHAVE_CONFIG_H -I. -I../.././../gmp/gmp-5.1.1/mpn -I.. -D__GMP_WITHIN_GMP -I../.././../gmp/gmp-5.1.1 -DOPERATION_`echo mulmod_bnm1 | sed 's/_$//'`    -O2 -pedantic -fomit-frame-pointer -m64 -mtune=k8 -march=k8 -c -o mulmod_bnm1.lo mulmod_bnm1.c
/bin/bash ../libtool --tag=CC   --mode=compile gcc-4.7 -std=gnu99 -DHAVE_CONFIG_H -I. -I../.././../gmp/gmp-5.1.1/mpn -I.. -D__GMP_WITHIN_GMP -I../.././../gmp/gmp-5.1.1 -DOPERATION_`echo sqrmod_bnm1 | sed 's/_$//'`    -O2 -pedantic -fomit-frame-pointer -m64 -mtune=k8 -march=k8 -c -o sqrmod_bnm1.lo sqrmod_bnm1.c
/bin/bash ../libtool --tag=CC   --mode=compile gcc-4.7 -std=gnu99 -DHAVE_CONFIG_H -I. -I../.././../gmp/gmp-5.1.1/mpn -I.. -D__GMP_WITHIN_GMP -I../.././../gmp/gmp-5.1.1 -DOPERATION_`echo div_qr_2 | sed 's/_$//'`    -O2 -pedantic -fomit-frame-pointer -m64 -mtune=k8 -march=k8 -c -o div_qr_2.lo div_qr_2.c
libtool: compile:  gcc-4.7 -std=gnu99 -DHAVE_CONFIG_H -I. -I../.././../gmp/gmp-5.1.1/mpn -I.. -D__GMP_WITHIN_GMP -I../.././../gmp/gmp-5.1.1 -DOPERATION_mulmod_bnm1 -O2 -pedantic -fomit-frame-pointer -m64 -mtune=k8 -march=k8 -c mulmod_bnm1.c -o mulmod_bnm1.o
yes
libtool: compile:  gcc-4.7 -std=gnu99 -DHAVE_CONFIG_H -I. -I../.././../gmp/gmp-5.1.1/mpn -I.. -D__GMP_WITHIN_GMP -I../.././../gmp/gmp-5.1.1 -DOPERATION_sqrmod_bnm1 -O2 -pedantic -fomit-frame-pointer -m64 -mtune=k8 -march=k8 -c sqrmod_bnm1.c -o sqrmod_bnm1.o
checking for fileno... /bin/bash ../libtool --mode=compile --tag=CC ../.././../gmp/gmp-5.1.1/mpn/m4-ccas --m4="m4" gcc-4.7 -std=gnu99 -c -DHAVE_CONFIG_H -I. -I../.././../gmp/gmp-5.1.1/mpn -I.. -D__GMP_WITHIN_GMP -I../.././../gmp/gmp-5.1.1 -DOPERATION_`echo div_qr_2n_pi1 | sed 's/_$//'`    -O2 -pedantic -fomit-frame-pointer -m64 -mtune=k8 -march=k8 -Wa,--noexecstack `test -f 'div_qr_2n_pi1.asm' || echo '../.././../gmp/gmp-5.1.1/mpn/'`div_qr_2n_pi1.asm
/bin/bash ../libtool --mode=compile --tag=CC ../.././../gmp/gmp-5.1.1/mpn/m4-ccas --m4="m4" gcc-4.7 -std=gnu99 -c -DHAVE_CONFIG_H -I. -I../.././../gmp/gmp-5.1.1/mpn -I.. -D__GMP_WITHIN_GMP -I../.././../gmp/gmp-5.1.1 -DOPERATION_`echo div_qr_2u_pi1 | sed 's/_$//'`    -O2 -pedantic -fomit-frame-pointer -m64 -mtune=k8 -march=k8 -Wa,--noexecstack `test -f 'div_qr_2u_pi1.asm' || echo '../.././../gmp/gmp-5.1.1/mpn/'`div_qr_2u_pi1.asm
libtool: compile:  gcc-4.7 -std=gnu99 -DHAVE_CONFIG_H -I. -I../.././../gmp/gmp-5.1.1/mpn -I.. -D__GMP_WITHIN_GMP -I../.././../gmp/gmp-5.1.1 -DOPERATION_div_qr_2 -O2 -pedantic -fomit-frame-pointer -m64 -mtune=k8 -march=k8 -c div_qr_2.c -o div_qr_2.o
config.status: executing libtool commands
libtool: compile:  ../.././../gmp/gmp-5.1.1/mpn/m4-ccas --m4=m4 gcc-4.7 -std=gnu99 -c -DHAVE_CONFIG_H -I. -I../.././../gmp/gmp-5.1.1/mpn -I.. -D__GMP_WITHIN_GMP -I../.././../gmp/gmp-5.1.1 -DOPERATION_div_qr_2u_pi1 -O2 -pedantic -fomit-frame-pointer -m64 -mtune=k8 -march=k8 -Wa,--noexecstack div_qr_2u_pi1.asm -o div_qr_2u_pi1.o
libtool: compile:  ../.././../gmp/gmp-5.1.1/mpn/m4-ccas --m4=m4 gcc-4.7 -std=gnu99 -c -DHAVE_CONFIG_H -I. -I../.././../gmp/gmp-5.1.1/mpn -I.. -D__GMP_WITHIN_GMP -I../.././../gmp/gmp-5.1.1 -DOPERATION_div_qr_2n_pi1 -O2 -pedantic -fomit-frame-pointer -m64 -mtune=k8 -march=k8 -Wa,--noexecstack div_qr_2n_pi1.asm -o div_qr_2n_pi1.o
m4  -DHAVE_CONFIG_H -D__GMP_WITHIN_GMP -DOPERATION_div_qr_2n_pi1 div_qr_2n_pi1.asm >tmp-div_qr_2n_pi1.s
m4  -DHAVE_CONFIG_H -D__GMP_WITHIN_GMP -DOPERATION_div_qr_2u_pi1 div_qr_2u_pi1.asm >tmp-div_qr_2u_pi1.s
yes
 gcc-4.7 -std=gnu99 -c -DHAVE_CONFIG_H -I. -I../.././../gmp/gmp-5.1.1/mpn -I.. -D__GMP_WITHIN_GMP -I../.././../gmp/gmp-5.1.1 -DOPERATION_div_qr_2u_pi1 -O2 -pedantic -fomit-frame-pointer -m64 -mtune=k8 -march=k8 -Wa,--noexecstack tmp-div_qr_2u_pi1.s -o div_qr_2u_pi1.o
 gcc-4.7 -std=gnu99 -c -DHAVE_CONFIG_H -I. -I../.././../gmp/gmp-5.1.1/mpn -I.. -D__GMP_WITHIN_GMP -I../.././../gmp/gmp-5.1.1 -DOPERATION_div_qr_2n_pi1 -O2 -pedantic -fomit-frame-pointer -m64 -mtune=k8 -march=k8 -Wa,--noexecstack tmp-div_qr_2n_pi1.s -o div_qr_2n_pi1.o
checking for strtoull... /bin/bash ../libtool --tag=CC   --mode=compile gcc-4.7 -std=gnu99 -DHAVE_CONFIG_H -I. -I../.././../gmp/gmp-5.1.1/mpn -I.. -D__GMP_WITHIN_GMP -I../.././../gmp/gmp-5.1.1 -DOPERATION_`echo sbpi1_div_q | sed 's/_$//'`    -O2 -pedantic -fomit-frame-pointer -m64 -mtune=k8 -march=k8 -c -o sbpi1_div_q.lo sbpi1_div_q.c
/bin/bash ../libtool --tag=CC   --mode=compile gcc-4.7 -std=gnu99 -DHAVE_CONFIG_H -I. -I../.././../gmp/gmp-5.1.1/mpn -I.. -D__GMP_WITHIN_GMP -I../.././../gmp/gmp-5.1.1 -DOPERATION_`echo sbpi1_div_qr | sed 's/_$//'`    -O2 -pedantic -fomit-frame-pointer -m64 -mtune=k8 -march=k8 -c -o sbpi1_div_qr.lo sbpi1_div_qr.c
config.status: executing default-1 commands
/bin/bash ../libtool --tag=CC   --mode=compile gcc-4.7 -std=gnu99 -DHAVE_CONFIG_H -I. -I../.././../gmp/gmp-5.1.1/mpn -I.. -D__GMP_WITHIN_GMP -I../.././../gmp/gmp-5.1.1 -DOPERATION_`echo sbpi1_divappr_q | sed 's/_$//'`    -O2 -pedantic -fomit-frame-pointer -m64 -mtune=k8 -march=k8 -c -o sbpi1_divappr_q.lo sbpi1_divappr_q.c
libtool: compile:  gcc-4.7 -std=gnu99 -DHAVE_CONFIG_H -I. -I../.././../gmp/gmp-5.1.1/mpn -I.. -D__GMP_WITHIN_GMP -I../.././../gmp/gmp-5.1.1 -DOPERATION_sbpi1_div_qr -O2 -pedantic -fomit-frame-pointer -m64 -mtune=k8 -march=k8 -c sbpi1_div_qr.c -o sbpi1_div_qr.o
/bin/bash ../libtool --tag=CC   --mode=compile gcc-4.7 -std=gnu99 -DHAVE_CONFIG_H -I. -I../.././../gmp/gmp-5.1.1/mpn -I.. -D__GMP_WITHIN_GMP -I../.././../gmp/gmp-5.1.1 -DOPERATION_`echo dcpi1_div_q | sed 's/_$//'`    -O2 -pedantic -fomit-frame-pointer -m64 -mtune=k8 -march=k8 -c -o dcpi1_div_q.lo dcpi1_div_q.c
libtool: compile:  gcc-4.7 -std=gnu99 -DHAVE_CONFIG_H -I. -I../.././../gmp/gmp-5.1.1/mpn -I.. -D__GMP_WITHIN_GMP -I../.././../gmp/gmp-5.1.1 -DOPERATION_sbpi1_div_q -O2 -pedantic -fomit-frame-pointer -m64 -mtune=k8 -march=k8 -c sbpi1_div_q.c -o sbpi1_div_q.o
libtool: compile:  gcc-4.7 -std=gnu99 -DHAVE_CONFIG_H -I. -I../.././../gmp/gmp-5.1.1/mpn -I.. -D__GMP_WITHIN_GMP -I../.././../gmp/gmp-5.1.1 -DOPERATION_sbpi1_divappr_q -O2 -pedantic -fomit-frame-pointer -m64 -mtune=k8 -march=k8 -c sbpi1_divappr_q.c -o sbpi1_divappr_q.o
config.status: creating po/POTFILES
yes
config.status: creating po/Makefile
checking whether basename is declared... /bin/bash ../libtool --tag=CC   --mode=compile gcc-4.7 -std=gnu99 -DHAVE_CONFIG_H -I. -I../.././../gmp/gmp-5.1.1/mpn -I.. -D__GMP_WITHIN_GMP -I../.././../gmp/gmp-5.1.1 -DOPERATION_`echo dcpi1_div_qr | sed 's/_$//'`    -O2 -pedantic -fomit-frame-pointer -m64 -mtune=k8 -march=k8 -c -o dcpi1_div_qr.lo dcpi1_div_qr.c
/bin/bash ../libtool --tag=CC   --mode=compile gcc-4.7 -std=gnu99 -DHAVE_CONFIG_H -I. -I../.././../gmp/gmp-5.1.1/mpn -I.. -D__GMP_WITHIN_GMP -I../.././../gmp/gmp-5.1.1 -DOPERATION_`echo dcpi1_divappr_q | sed 's/_$//'`    -O2 -pedantic -fomit-frame-pointer -m64 -mtune=k8 -march=k8 -c -o dcpi1_divappr_q.lo dcpi1_divappr_q.c
libtool: compile:  gcc-4.7 -std=gnu99 -DHAVE_CONFIG_H -I. -I../.././../gmp/gmp-5.1.1/mpn -I.. -D__GMP_WITHIN_GMP -I../.././../gmp/gmp-5.1.1 -DOPERATION_dcpi1_div_q -O2 -pedantic -fomit-frame-pointer -m64 -mtune=k8 -march=k8 -c dcpi1_div_q.c -o dcpi1_div_q.o
libtool: compile:  gcc-4.7 -std=gnu99 -DHAVE_CONFIG_H -I. -I../.././../gmp/gmp-5.1.1/mpn -I.. -D__GMP_WITHIN_GMP -I../.././../gmp/gmp-5.1.1 -DOPERATION_dcpi1_div_qr -O2 -pedantic -fomit-frame-pointer -m64 -mtune=k8 -march=k8 -c dcpi1_div_qr.c -o dcpi1_div_qr.o
/bin/bash ../libtool --tag=CC   --mode=compile gcc-4.7 -std=gnu99 -DHAVE_CONFIG_H -I. -I../.././../gmp/gmp-5.1.1/mpn -I.. -D__GMP_WITHIN_GMP -I../.././../gmp/gmp-5.1.1 -DOPERATION_`echo mu_div_qr | sed 's/_$//'`    -O2 -pedantic -fomit-frame-pointer -m64 -mtune=k8 -march=k8 -c -o mu_div_qr.lo mu_div_qr.c
yes
checking whether ftello is declared... libtool: compile:  gcc-4.7 -std=gnu99 -DHAVE_CONFIG_H -I. -I../.././../gmp/gmp-5.1.1/mpn -I.. -D__GMP_WITHIN_GMP -I../.././../gmp/gmp-5.1.1 -DOPERATION_dcpi1_divappr_q -O2 -pedantic -fomit-frame-pointer -m64 -mtune=k8 -march=k8 -c dcpi1_divappr_q.c -o dcpi1_divappr_q.o
/bin/bash ../libtool --tag=CC   --mode=compile gcc-4.7 -std=gnu99 -DHAVE_CONFIG_H -I. -I../.././../gmp/gmp-5.1.1/mpn -I.. -D__GMP_WITHIN_GMP -I../.././../gmp/gmp-5.1.1 -DOPERATION_`echo mu_divappr_q | sed 's/_$//'`    -O2 -pedantic -fomit-frame-pointer -m64 -mtune=k8 -march=k8 -c -o mu_divappr_q.lo mu_divappr_q.c
libtool: compile:  gcc-4.7 -std=gnu99 -DHAVE_CONFIG_H -I. -I../.././../gmp/gmp-5.1.1/mpn -I.. -D__GMP_WITHIN_GMP -I../.././../gmp/gmp-5.1.1 -DOPERATION_mu_divappr_q -O2 -pedantic -fomit-frame-pointer -m64 -mtune=k8 -march=k8 -c mu_divappr_q.c -o mu_divappr_q.o
libtool: compile:  gcc-4.7 -std=gnu99 -DHAVE_CONFIG_H -I. -I../.././../gmp/gmp-5.1.1/mpn -I.. -D__GMP_WITHIN_GMP -I../.././../gmp/gmp-5.1.1 -DOPERATION_mu_div_qr -O2 -pedantic -fomit-frame-pointer -m64 -mtune=k8 -march=k8 -c mu_div_qr.c -o mu_div_qr.o
/bin/bash ../libtool --tag=CC   --mode=compile gcc-4.7 -std=gnu99 -DHAVE_CONFIG_H -I. -I../.././../gmp/gmp-5.1.1/mpn -I.. -D__GMP_WITHIN_GMP -I../.././../gmp/gmp-5.1.1 -DOPERATION_`echo mu_div_q | sed 's/_$//'`    -O2 -pedantic -fomit-frame-pointer -m64 -mtune=k8 -march=k8 -c -o mu_div_q.lo mu_div_q.c
/bin/bash ../libtool --mode=compile --tag=CC ../.././../gmp/gmp-5.1.1/mpn/m4-ccas --m4="m4" gcc-4.7 -std=gnu99 -c -DHAVE_CONFIG_H -I. -I../.././../gmp/gmp-5.1.1/mpn -I.. -D__GMP_WITHIN_GMP -I../.././../gmp/gmp-5.1.1 -DOPERATION_`echo bdiv_q_1 | sed 's/_$//'`    -O2 -pedantic -fomit-frame-pointer -m64 -mtune=k8 -march=k8 -Wa,--noexecstack `test -f 'bdiv_q_1.asm' || echo '../.././../gmp/gmp-5.1.1/mpn/'`bdiv_q_1.asm
yes
checking whether ftello64 is declared... /bin/bash ../libtool --tag=CC   --mode=compile gcc-4.7 -std=gnu99 -DHAVE_CONFIG_H -I. -I../.././../gmp/gmp-5.1.1/mpn -I.. -D__GMP_WITHIN_GMP -I../.././../gmp/gmp-5.1.1 -DOPERATION_`echo sbpi1_bdiv_q | sed 's/_$//'`    -O2 -pedantic -fomit-frame-pointer -m64 -mtune=k8 -march=k8 -c -o sbpi1_bdiv_q.lo sbpi1_bdiv_q.c
libtool: compile:  gcc-4.7 -std=gnu99 -DHAVE_CONFIG_H -I. -I../.././../gmp/gmp-5.1.1/mpn -I.. -D__GMP_WITHIN_GMP -I../.././../gmp/gmp-5.1.1 -DOPERATION_mu_div_q -O2 -pedantic -fomit-frame-pointer -m64 -mtune=k8 -march=k8 -c mu_div_q.c -o mu_div_q.o
libtool: compile:  ../.././../gmp/gmp-5.1.1/mpn/m4-ccas --m4=m4 gcc-4.7 -std=gnu99 -c -DHAVE_CONFIG_H -I. -I../.././../gmp/gmp-5.1.1/mpn -I.. -D__GMP_WITHIN_GMP -I../.././../gmp/gmp-5.1.1 -DOPERATION_bdiv_q_1 -O2 -pedantic -fomit-frame-pointer -m64 -mtune=k8 -march=k8 -Wa,--noexecstack bdiv_q_1.asm -o bdiv_q_1.o
yes
/bin/bash ../libtool --tag=CC   --mode=compile gcc-4.7 -std=gnu99 -DHAVE_CONFIG_H -I. -I../.././../gmp/gmp-5.1.1/mpn -I.. -D__GMP_WITHIN_GMP -I../.././../gmp/gmp-5.1.1 -DOPERATION_`echo sbpi1_bdiv_qr | sed 's/_$//'`    -O2 -pedantic -fomit-frame-pointer -m64 -mtune=k8 -march=k8 -c -o sbpi1_bdiv_qr.lo sbpi1_bdiv_qr.c
libtool: compile:  gcc-4.7 -std=gnu99 -DHAVE_CONFIG_H -I. -I../.././../gmp/gmp-5.1.1/mpn -I.. -D__GMP_WITHIN_GMP -I../.././../gmp/gmp-5.1.1 -DOPERATION_sbpi1_bdiv_q -O2 -pedantic -fomit-frame-pointer -m64 -mtune=k8 -march=k8 -c sbpi1_bdiv_q.c -o sbpi1_bdiv_q.o
m4  -DHAVE_CONFIG_H -D__GMP_WITHIN_GMP -DOPERATION_bdiv_q_1 bdiv_q_1.asm >tmp-bdiv_q_1.s
 gcc-4.7 -std=gnu99 -c -DHAVE_CONFIG_H -I. -I../.././../gmp/gmp-5.1.1/mpn -I.. -D__GMP_WITHIN_GMP -I../.././../gmp/gmp-5.1.1 -DOPERATION_bdiv_q_1 -O2 -pedantic -fomit-frame-pointer -m64 -mtune=k8 -march=k8 -Wa,--noexecstack tmp-bdiv_q_1.s -o bdiv_q_1.o
/bin/bash ../libtool --tag=CC   --mode=compile gcc-4.7 -std=gnu99 -DHAVE_CONFIG_H -I. -I../.././../gmp/gmp-5.1.1/mpn -I.. -D__GMP_WITHIN_GMP -I../.././../gmp/gmp-5.1.1 -DOPERATION_`echo dcpi1_bdiv_q | sed 's/_$//'`    -O2 -pedantic -fomit-frame-pointer -m64 -mtune=k8 -march=k8 -c -o dcpi1_bdiv_q.lo dcpi1_bdiv_q.c
checking whether fseeko is declared... libtool: compile:  gcc-4.7 -std=gnu99 -DHAVE_CONFIG_H -I. -I../.././../gmp/gmp-5.1.1/mpn -I.. -D__GMP_WITHIN_GMP -I../.././../gmp/gmp-5.1.1 -DOPERATION_sbpi1_bdiv_qr -O2 -pedantic -fomit-frame-pointer -m64 -mtune=k8 -march=k8 -c sbpi1_bdiv_qr.c -o sbpi1_bdiv_qr.o
/bin/bash ../libtool --tag=CC   --mode=compile gcc-4.7 -std=gnu99 -DHAVE_CONFIG_H -I. -I../.././../gmp/gmp-5.1.1/mpn -I.. -D__GMP_WITHIN_GMP -I../.././../gmp/gmp-5.1.1 -DOPERATION_`echo dcpi1_bdiv_qr | sed 's/_$//'`    -O2 -pedantic -fomit-frame-pointer -m64 -mtune=k8 -march=k8 -c -o dcpi1_bdiv_qr.lo dcpi1_bdiv_qr.c
/bin/bash ../libtool --tag=CC   --mode=compile gcc-4.7 -std=gnu99 -DHAVE_CONFIG_H -I. -I../.././../gmp/gmp-5.1.1/mpn -I.. -D__GMP_WITHIN_GMP -I../.././../gmp/gmp-5.1.1 -DOPERATION_`echo mu_bdiv_q | sed 's/_$//'`    -O2 -pedantic -fomit-frame-pointer -m64 -mtune=k8 -march=k8 -c -o mu_bdiv_q.lo mu_bdiv_q.c
/bin/bash ../libtool --tag=CC   --mode=compile gcc-4.7 -std=gnu99 -DHAVE_CONFIG_H -I. -I../.././../gmp/gmp-5.1.1/mpn -I.. -D__GMP_WITHIN_GMP -I../.././../gmp/gmp-5.1.1 -DOPERATION_`echo mu_bdiv_qr | sed 's/_$//'`    -O2 -pedantic -fomit-frame-pointer -m64 -mtune=k8 -march=k8 -c -o mu_bdiv_qr.lo mu_bdiv_qr.c
libtool: compile:  gcc-4.7 -std=gnu99 -DHAVE_CONFIG_H -I. -I../.././../gmp/gmp-5.1.1/mpn -I.. -D__GMP_WITHIN_GMP -I../.././../gmp/gmp-5.1.1 -DOPERATION_dcpi1_bdiv_qr -O2 -pedantic -fomit-frame-pointer -m64 -mtune=k8 -march=k8 -c dcpi1_bdiv_qr.c -o dcpi1_bdiv_qr.o
libtool: compile:  gcc-4.7 -std=gnu99 -DHAVE_CONFIG_H -I. -I../.././../gmp/gmp-5.1.1/mpn -I.. -D__GMP_WITHIN_GMP -I../.././../gmp/gmp-5.1.1 -DOPERATION_dcpi1_bdiv_q -O2 -pedantic -fomit-frame-pointer -m64 -mtune=k8 -march=k8 -c dcpi1_bdiv_q.c -o dcpi1_bdiv_q.o
libtool: compile:  gcc-4.7 -std=gnu99 -DHAVE_CONFIG_H -I. -I../.././../gmp/gmp-5.1.1/mpn -I.. -D__GMP_WITHIN_GMP -I../.././../gmp/gmp-5.1.1 -DOPERATION_mu_bdiv_q -O2 -pedantic -fomit-frame-pointer -m64 -mtune=k8 -march=k8 -c mu_bdiv_q.c -o mu_bdiv_q.o
yes
/bin/bash ../libtool --tag=CC   --mode=compile gcc-4.7 -std=gnu99 -DHAVE_CONFIG_H -I. -I../.././../gmp/gmp-5.1.1/mpn -I.. -D__GMP_WITHIN_GMP -I../.././../gmp/gmp-5.1.1 -DOPERATION_`echo bdiv_q | sed 's/_$//'`    -O2 -pedantic -fomit-frame-pointer -m64 -mtune=k8 -march=k8 -c -o bdiv_q.lo bdiv_q.c
libtool: compile:  gcc-4.7 -std=gnu99 -DHAVE_CONFIG_H -I. -I../.././../gmp/gmp-5.1.1/mpn -I.. -D__GMP_WITHIN_GMP -I../.././../gmp/gmp-5.1.1 -DOPERATION_mu_bdiv_qr -O2 -pedantic -fomit-frame-pointer -m64 -mtune=k8 -march=k8 -c mu_bdiv_qr.c -o mu_bdiv_qr.o
checking whether fseeko64 is declared... libtool: compile:  gcc-4.7 -std=gnu99 -DHAVE_CONFIG_H -I. -I../.././../gmp/gmp-5.1.1/mpn -I.. -D__GMP_WITHIN_GMP -I../.././../gmp/gmp-5.1.1 -DOPERATION_bdiv_q -O2 -pedantic -fomit-frame-pointer -m64 -mtune=k8 -march=k8 -c bdiv_q.c -o bdiv_q.o
/bin/bash ../libtool --tag=CC   --mode=compile gcc-4.7 -std=gnu99 -DHAVE_CONFIG_H -I. -I../.././../gmp/gmp-5.1.1/mpn -I.. -D__GMP_WITHIN_GMP -I../.././../gmp/gmp-5.1.1 -DOPERATION_`echo bdiv_qr | sed 's/_$//'`    -O2 -pedantic -fomit-frame-pointer -m64 -mtune=k8 -march=k8 -c -o bdiv_qr.lo bdiv_qr.c
mv -f .deps/elf.Tpo .deps/elf.Plo
/bin/bash ../libtool --tag=CC   --mode=compile gcc-4.7 -std=gnu99 -DHAVE_CONFIG_H -I. -I../.././../gmp/gmp-5.1.1/mpn -I.. -D__GMP_WITHIN_GMP -I../.././../gmp/gmp-5.1.1 -DOPERATION_`echo broot | sed 's/_$//'`    -O2 -pedantic -fomit-frame-pointer -m64 -mtune=k8 -march=k8 -c -o broot.lo broot.c
/bin/bash ../libtool --tag=CC   --mode=compile gcc-4.7 -std=gnu99 -DHAVE_CONFIG_H -I. -I../.././../gmp/gmp-5.1.1/mpn -I.. -D__GMP_WITHIN_GMP -I../.././../gmp/gmp-5.1.1 -DOPERATION_`echo brootinv | sed 's/_$//'`    -O2 -pedantic -fomit-frame-pointer -m64 -mtune=k8 -march=k8 -c -o brootinv.lo brootinv.c
/bin/bash ../libtool --tag=CC   --mode=compile gcc-4.7 -std=gnu99 -DHAVE_CONFIG_H -I. -I../.././../gmp/gmp-5.1.1/mpn -I.. -D__GMP_WITHIN_GMP -I../.././../gmp/gmp-5.1.1 -DOPERATION_`echo bsqrt | sed 's/_$//'`    -O2 -pedantic -fomit-frame-pointer -m64 -mtune=k8 -march=k8 -c -o bsqrt.lo bsqrt.c
libtool: compile:  gcc-4.7 -std=gnu99 -DHAVE_CONFIG_H -I. -I../.././../gmp/gmp-5.1.1/mpn -I.. -D__GMP_WITHIN_GMP -I../.././../gmp/gmp-5.1.1 -DOPERATION_bdiv_qr -O2 -pedantic -fomit-frame-pointer -m64 -mtune=k8 -march=k8 -c bdiv_qr.c -o bdiv_qr.o
yes
/bin/bash ../libtool --tag=CC   --mode=compile gcc-4.7 -std=gnu99 -DHAVE_CONFIG_H -I. -I../.././../gmp/gmp-5.1.1/mpn -I.. -D__GMP_WITHIN_GMP -I../.././../gmp/gmp-5.1.1 -DOPERATION_`echo bsqrtinv | sed 's/_$//'`    -O2 -pedantic -fomit-frame-pointer -m64 -mtune=k8 -march=k8 -c -o bsqrtinv.lo bsqrtinv.c
checking whether ffs is declared... /bin/bash ../libtool --tag=CC   --mode=compile gcc-4.7 -std=gnu99 -DHAVE_CONFIG_H -I. -I../.././../gmp/gmp-5.1.1/mpn -I.. -D__GMP_WITHIN_GMP -I../.././../gmp/gmp-5.1.1 -DOPERATION_`echo divexact | sed 's/_$//'`    -O2 -pedantic -fomit-frame-pointer -m64 -mtune=k8 -march=k8 -c -o divexact.lo divexact.c
/bin/bash ../libtool --mode=compile --tag=CC ../.././../gmp/gmp-5.1.1/mpn/m4-ccas --m4="m4" gcc-4.7 -std=gnu99 -c -DHAVE_CONFIG_H -I. -I../.././../gmp/gmp-5.1.1/mpn -I.. -D__GMP_WITHIN_GMP -I../.././../gmp/gmp-5.1.1 -DOPERATION_`echo bdiv_dbm1c | sed 's/_$//'`    -O2 -pedantic -fomit-frame-pointer -m64 -mtune=k8 -march=k8 -Wa,--noexecstack `test -f 'bdiv_dbm1c.asm' || echo '../.././../gmp/gmp-5.1.1/mpn/'`bdiv_dbm1c.asm
libtool: compile:  gcc-4.7 -std=gnu99 -DHAVE_CONFIG_H -I. -I../.././../gmp/gmp-5.1.1/mpn -I.. -D__GMP_WITHIN_GMP -I../.././../gmp/gmp-5.1.1 -DOPERATION_broot -O2 -pedantic -fomit-frame-pointer -m64 -mtune=k8 -march=k8 -c broot.c -o broot.o
libtool: compile:  gcc-4.7 -std=gnu99 -DHAVE_CONFIG_H -I. -I../.././../gmp/gmp-5.1.1/mpn -I.. -D__GMP_WITHIN_GMP -I../.././../gmp/gmp-5.1.1 -DOPERATION_brootinv -O2 -pedantic -fomit-frame-pointer -m64 -mtune=k8 -march=k8 -c brootinv.c -o brootinv.o
libtool: compile:  gcc-4.7 -std=gnu99 -DHAVE_CONFIG_H -I. -I../.././../gmp/gmp-5.1.1/mpn -I.. -D__GMP_WITHIN_GMP -I../.././../gmp/gmp-5.1.1 -DOPERATION_bsqrt -O2 -pedantic -fomit-frame-pointer -m64 -mtune=k8 -march=k8 -c bsqrt.c -o bsqrt.o
libtool: compile:  ../.././../gmp/gmp-5.1.1/mpn/m4-ccas --m4=m4 gcc-4.7 -std=gnu99 -c -DHAVE_CONFIG_H -I. -I../.././../gmp/gmp-5.1.1/mpn -I.. -D__GMP_WITHIN_GMP -I../.././../gmp/gmp-5.1.1 -DOPERATION_bdiv_dbm1c -O2 -pedantic -fomit-frame-pointer -m64 -mtune=k8 -march=k8 -Wa,--noexecstack bdiv_dbm1c.asm -o bdiv_dbm1c.o
libtool: compile:  gcc-4.7 -std=gnu99 -DHAVE_CONFIG_H -I. -I../.././../gmp/gmp-5.1.1/mpn -I.. -D__GMP_WITHIN_GMP -I../.././../gmp/gmp-5.1.1 -DOPERATION_bsqrtinv -O2 -pedantic -fomit-frame-pointer -m64 -mtune=k8 -march=k8 -c bsqrtinv.c -o bsqrtinv.o
/bin/bash ../libtool --mode=compile --tag=CC ../.././../gmp/gmp-5.1.1/mpn/m4-ccas --m4="m4" gcc-4.7 -std=gnu99 -c -DHAVE_CONFIG_H -I. -I../.././../gmp/gmp-5.1.1/mpn -I.. -D__GMP_WITHIN_GMP -I../.././../gmp/gmp-5.1.1 -DOPERATION_`echo redc_1 | sed 's/_$//'`    -O2 -pedantic -fomit-frame-pointer -m64 -mtune=k8 -march=k8 -Wa,--noexecstack `test -f 'redc_1.asm' || echo '../.././../gmp/gmp-5.1.1/mpn/'`redc_1.asm
m4  -DHAVE_CONFIG_H -D__GMP_WITHIN_GMP -DOPERATION_bdiv_dbm1c bdiv_dbm1c.asm >tmp-bdiv_dbm1c.s
/bin/bash ../libtool --tag=CC   --mode=compile gcc-4.7 -std=gnu99 -DHAVE_CONFIG_H -I. -I../.././../gmp/gmp-5.1.1/mpn -I.. -D__GMP_WITHIN_GMP -I../.././../gmp/gmp-5.1.1 -DOPERATION_`echo redc_2 | sed 's/_$//'`    -O2 -pedantic -fomit-frame-pointer -m64 -mtune=k8 -march=k8 -c -o redc_2.lo redc_2.c
libtool: compile:  gcc-4.7 -std=gnu99 -DHAVE_CONFIG_H -I. -I../.././../gmp/gmp-5.1.1/mpn -I.. -D__GMP_WITHIN_GMP -I../.././../gmp/gmp-5.1.1 -DOPERATION_divexact -O2 -pedantic -fomit-frame-pointer -m64 -mtune=k8 -march=k8 -c divexact.c -o divexact.o
yes
 gcc-4.7 -std=gnu99 -c -DHAVE_CONFIG_H -I. -I../.././../gmp/gmp-5.1.1/mpn -I.. -D__GMP_WITHIN_GMP -I../.././../gmp/gmp-5.1.1 -DOPERATION_bdiv_dbm1c -O2 -pedantic -fomit-frame-pointer -m64 -mtune=k8 -march=k8 -Wa,--noexecstack tmp-bdiv_dbm1c.s -o bdiv_dbm1c.o
checking whether free is declared... libtool: compile:  gcc-4.7 -std=gnu99 -DHAVE_CONFIG_H -I. -I../.././../gmp/gmp-5.1.1/mpn -I.. -D__GMP_WITHIN_GMP -I../.././../gmp/gmp-5.1.1 -DOPERATION_redc_2 -O2 -pedantic -fomit-frame-pointer -m64 -mtune=k8 -march=k8 -c redc_2.c -o redc_2.o
/bin/bash ../libtool --tag=CC   --mode=compile gcc-4.7 -std=gnu99 -DHAVE_CONFIG_H -I. -I../.././../gmp/gmp-5.1.1/mpn -I.. -D__GMP_WITHIN_GMP -I../.././../gmp/gmp-5.1.1 -DOPERATION_`echo redc_n | sed 's/_$//'`    -O2 -pedantic -fomit-frame-pointer -m64 -mtune=k8 -march=k8 -c -o redc_n.lo redc_n.c
libtool: compile:  ../.././../gmp/gmp-5.1.1/mpn/m4-ccas --m4=m4 gcc-4.7 -std=gnu99 -c -DHAVE_CONFIG_H -I. -I../.././../gmp/gmp-5.1.1/mpn -I.. -D__GMP_WITHIN_GMP -I../.././../gmp/gmp-5.1.1 -DOPERATION_redc_1 -O2 -pedantic -fomit-frame-pointer -m64 -mtune=k8 -march=k8 -Wa,--noexecstack redc_1.asm -o redc_1.o
/bin/bash ../libtool --tag=CC   --mode=compile gcc-4.7 -std=gnu99 -DHAVE_CONFIG_H -I. -I../.././../gmp/gmp-5.1.1/mpn -I.. -D__GMP_WITHIN_GMP -I../.././../gmp/gmp-5.1.1 -DOPERATION_`echo powm | sed 's/_$//'`    -O2 -pedantic -fomit-frame-pointer -m64 -mtune=k8 -march=k8 -c -o powm.lo powm.c
/bin/bash ../libtool --tag=CC   --mode=compile gcc-4.7 -std=gnu99 -DHAVE_CONFIG_H -I. -I../.././../gmp/gmp-5.1.1/mpn -I.. -D__GMP_WITHIN_GMP -I../.././../gmp/gmp-5.1.1 -DOPERATION_`echo powlo | sed 's/_$//'`    -O2 -pedantic -fomit-frame-pointer -m64 -mtune=k8 -march=k8 -c -o powlo.lo powlo.c
m4  -DHAVE_CONFIG_H -D__GMP_WITHIN_GMP -DOPERATION_redc_1 redc_1.asm >tmp-redc_1.s
/bin/bash ../libtool --tag=CC   --mode=compile gcc-4.7 -std=gnu99 -DHAVE_CONFIG_H -I. -I../.././../gmp/gmp-5.1.1/mpn -I.. -D__GMP_WITHIN_GMP -I../.././../gmp/gmp-5.1.1 -DOPERATION_`echo powm_sec | sed 's/_$//'`    -O2 -pedantic -fomit-frame-pointer -m64 -mtune=k8 -march=k8 -c -o powm_sec.lo powm_sec.c
libtool: compile:  gcc-4.7 -std=gnu99 -DHAVE_CONFIG_H -I. -I../.././../gmp/gmp-5.1.1/mpn -I.. -D__GMP_WITHIN_GMP -I../.././../gmp/gmp-5.1.1 -DOPERATION_powlo -O2 -pedantic -fomit-frame-pointer -m64 -mtune=k8 -march=k8 -c powlo.c -o powlo.o
yes
libtool: compile:  gcc-4.7 -std=gnu99 -DHAVE_CONFIG_H -I. -I../.././../gmp/gmp-5.1.1/mpn -I.. -D__GMP_WITHIN_GMP -I../.././../gmp/gmp-5.1.1 -DOPERATION_redc_n -O2 -pedantic -fomit-frame-pointer -m64 -mtune=k8 -march=k8 -c redc_n.c -o redc_n.o
 gcc-4.7 -std=gnu99 -c -DHAVE_CONFIG_H -I. -I../.././../gmp/gmp-5.1.1/mpn -I.. -D__GMP_WITHIN_GMP -I../.././../gmp/gmp-5.1.1 -DOPERATION_redc_1 -O2 -pedantic -fomit-frame-pointer -m64 -mtune=k8 -march=k8 -Wa,--noexecstack tmp-redc_1.s -o redc_1.o
/bin/bash ../libtool --tag=CC   --mode=compile gcc-4.7 -std=gnu99 -DHAVE_CONFIG_H -I. -I../.././../gmp/gmp-5.1.1/mpn -I.. -D__GMP_WITHIN_GMP -I../.././../gmp/gmp-5.1.1 -DOPERATION_`echo sb_div_qr_sec | sed 's/_$//'`    -O2 -pedantic -fomit-frame-pointer -m64 -mtune=k8 -march=k8 -c -o sb_div_qr_sec.lo sb_div_qr_sec.c
/bin/bash ../libtool --tag=CC   --mode=compile gcc-4.7 -std=gnu99 -DHAVE_CONFIG_H -I. -I../.././../gmp/gmp-5.1.1/mpn -I.. -D__GMP_WITHIN_GMP -I../.././../gmp/gmp-5.1.1 -DOPERATION_`echo sb_div_r_sec | sed 's/_$//'`    -O2 -pedantic -fomit-frame-pointer -m64 -mtune=k8 -march=k8 -c -o sb_div_r_sec.lo sb_div_r_sec.c
checking whether getenv is declared... libtool: compile:  gcc-4.7 -std=gnu99 -DHAVE_CONFIG_H -I. -I../.././../gmp/gmp-5.1.1/mpn -I.. -D__GMP_WITHIN_GMP -I../.././../gmp/gmp-5.1.1 -DOPERATION_powm_sec -O2 -pedantic -fomit-frame-pointer -m64 -mtune=k8 -march=k8 -c powm_sec.c -o powm_sec.o
/bin/bash ../libtool --tag=CC   --mode=compile gcc-4.7 -std=gnu99 -DHAVE_CONFIG_H -I. -I../.././../gmp/gmp-5.1.1/mpn -I.. -D__GMP_WITHIN_GMP -I../.././../gmp/gmp-5.1.1 -DOPERATION_`echo sbpi1_div_qr_sec | sed 's/_$//'`    -O2 -pedantic -fomit-frame-pointer -m64 -mtune=k8 -march=k8 -c -o sbpi1_div_qr_sec.lo sbpi1_div_qr_sec.c
libtool: compile:  gcc-4.7 -std=gnu99 -DHAVE_CONFIG_H -I. -I../.././../gmp/gmp-5.1.1/mpn -I.. -D__GMP_WITHIN_GMP -I../.././../gmp/gmp-5.1.1 -DOPERATION_sb_div_r_sec -O2 -pedantic -fomit-frame-pointer -m64 -mtune=k8 -march=k8 -c sb_div_r_sec.c -o sb_div_r_sec.o
libtool: compile:  gcc-4.7 -std=gnu99 -DHAVE_CONFIG_H -I. -I../.././../gmp/gmp-5.1.1/mpn -I.. -D__GMP_WITHIN_GMP -I../.././../gmp/gmp-5.1.1 -DOPERATION_sb_div_qr_sec -O2 -pedantic -fomit-frame-pointer -m64 -mtune=k8 -march=k8 -c sb_div_qr_sec.c -o sb_div_qr_sec.o
/bin/bash ../libtool --tag=CC   --mode=compile gcc-4.7 -std=gnu99 -DHAVE_CONFIG_H -I. -I../.././../gmp/gmp-5.1.1/mpn -I.. -D__GMP_WITHIN_GMP -I../.././../gmp/gmp-5.1.1 -DOPERATION_`echo sbpi1_div_r_sec | sed 's/_$//'`    -O2 -pedantic -fomit-frame-pointer -m64 -mtune=k8 -march=k8 -c -o sbpi1_div_r_sec.lo sbpi1_div_r_sec.c
libtool: compile:  gcc-4.7 -std=gnu99 -DHAVE_CONFIG_H -I. -I../.././../gmp/gmp-5.1.1/mpn -I.. -D__GMP_WITHIN_GMP -I../.././../gmp/gmp-5.1.1 -DOPERATION_sbpi1_div_qr_sec -O2 -pedantic -fomit-frame-pointer -m64 -mtune=k8 -march=k8 -c sbpi1_div_qr_sec.c -o sbpi1_div_qr_sec.o
/bin/bash ../libtool --tag=CC   --mode=compile gcc-4.7 -std=gnu99 -DHAVE_CONFIG_H -I. -I../.././../gmp/gmp-5.1.1/mpn -I.. -D__GMP_WITHIN_GMP -I../.././../gmp/gmp-5.1.1 -DOPERATION_`echo trialdiv | sed 's/_$//'`    -O2 -pedantic -fomit-frame-pointer -m64 -mtune=k8 -march=k8 -c -o trialdiv.lo trialdiv.c
libtool: compile:  gcc-4.7 -std=gnu99 -DHAVE_CONFIG_H -I. -I../.././../gmp/gmp-5.1.1/mpn -I.. -D__GMP_WITHIN_GMP -I../.././../gmp/gmp-5.1.1 -DOPERATION_sbpi1_div_r_sec -O2 -pedantic -fomit-frame-pointer -m64 -mtune=k8 -march=k8 -c sbpi1_div_r_sec.c -o sbpi1_div_r_sec.o
yes
/bin/bash ../libtool --tag=CC   --mode=compile gcc-4.7 -std=gnu99 -DHAVE_CONFIG_H -I. -I../.././../gmp/gmp-5.1.1/mpn -I.. -D__GMP_WITHIN_GMP -I../.././../gmp/gmp-5.1.1 -DOPERATION_`echo remove | sed 's/_$//'`    -O2 -pedantic -fomit-frame-pointer -m64 -mtune=k8 -march=k8 -c -o remove.lo remove.c
checking whether malloc is declared... /bin/bash ../libtool --mode=compile --tag=CC ../.././../gmp/gmp-5.1.1/mpn/m4-ccas --m4="m4" gcc-4.7 -std=gnu99 -c -DHAVE_CONFIG_H -I. -I../.././../gmp/gmp-5.1.1/mpn -I.. -D__GMP_WITHIN_GMP -I../.././../gmp/gmp-5.1.1 -DOPERATION_`echo and_n | sed 's/_$//'`    -O2 -pedantic -fomit-frame-pointer -m64 -mtune=k8 -march=k8 -Wa,--noexecstack `test -f 'and_n.asm' || echo '../.././../gmp/gmp-5.1.1/mpn/'`and_n.asm
libtool: compile:  gcc-4.7 -std=gnu99 -DHAVE_CONFIG_H -I. -I../.././../gmp/gmp-5.1.1/mpn -I.. -D__GMP_WITHIN_GMP -I../.././../gmp/gmp-5.1.1 -DOPERATION_trialdiv -O2 -pedantic -fomit-frame-pointer -m64 -mtune=k8 -march=k8 -c trialdiv.c -o trialdiv.o
/bin/bash ../libtool --mode=compile --tag=CC ../.././../gmp/gmp-5.1.1/mpn/m4-ccas --m4="m4" gcc-4.7 -std=gnu99 -c -DHAVE_CONFIG_H -I. -I../.././../gmp/gmp-5.1.1/mpn -I.. -D__GMP_WITHIN_GMP -I../.././../gmp/gmp-5.1.1 -DOPERATION_`echo andn_n | sed 's/_$//'`    -O2 -pedantic -fomit-frame-pointer -m64 -mtune=k8 -march=k8 -Wa,--noexecstack `test -f 'andn_n.asm' || echo '../.././../gmp/gmp-5.1.1/mpn/'`andn_n.asm
/bin/bash ../libtool --mode=compile --tag=CC ../.././../gmp/gmp-5.1.1/mpn/m4-ccas --m4="m4" gcc-4.7 -std=gnu99 -c -DHAVE_CONFIG_H -I. -I../.././../gmp/gmp-5.1.1/mpn -I.. -D__GMP_WITHIN_GMP -I../.././../gmp/gmp-5.1.1 -DOPERATION_`echo nand_n | sed 's/_$//'`    -O2 -pedantic -fomit-frame-pointer -m64 -mtune=k8 -march=k8 -Wa,--noexecstack `test -f 'nand_n.asm' || echo '../.././../gmp/gmp-5.1.1/mpn/'`nand_n.asm
/bin/bash ../libtool --mode=compile --tag=CC ../.././../gmp/gmp-5.1.1/mpn/m4-ccas --m4="m4" gcc-4.7 -std=gnu99 -c -DHAVE_CONFIG_H -I. -I../.././../gmp/gmp-5.1.1/mpn -I.. -D__GMP_WITHIN_GMP -I../.././../gmp/gmp-5.1.1 -DOPERATION_`echo ior_n | sed 's/_$//'`    -O2 -pedantic -fomit-frame-pointer -m64 -mtune=k8 -march=k8 -Wa,--noexecstack `test -f 'ior_n.asm' || echo '../.././../gmp/gmp-5.1.1/mpn/'`ior_n.asm
libtool: compile:  ../.././../gmp/gmp-5.1.1/mpn/m4-ccas --m4=m4 gcc-4.7 -std=gnu99 -c -DHAVE_CONFIG_H -I. -I../.././../gmp/gmp-5.1.1/mpn -I.. -D__GMP_WITHIN_GMP -I../.././../gmp/gmp-5.1.1 -DOPERATION_and_n -O2 -pedantic -fomit-frame-pointer -m64 -mtune=k8 -march=k8 -Wa,--noexecstack and_n.asm -o and_n.o
m4  -DHAVE_CONFIG_H -D__GMP_WITHIN_GMP -DOPERATION_and_n and_n.asm >tmp-and_n.s
libtool: compile:  gcc-4.7 -std=gnu99 -DHAVE_CONFIG_H -I. -I../.././../gmp/gmp-5.1.1/mpn -I.. -D__GMP_WITHIN_GMP -I../.././../gmp/gmp-5.1.1 -DOPERATION_remove -O2 -pedantic -fomit-frame-pointer -m64 -mtune=k8 -march=k8 -c remove.c -o remove.o
libtool: compile:  ../.././../gmp/gmp-5.1.1/mpn/m4-ccas --m4=m4 gcc-4.7 -std=gnu99 -c -DHAVE_CONFIG_H -I. -I../.././../gmp/gmp-5.1.1/mpn -I.. -D__GMP_WITHIN_GMP -I../.././../gmp/gmp-5.1.1 -DOPERATION_andn_n -O2 -pedantic -fomit-frame-pointer -m64 -mtune=k8 -march=k8 -Wa,--noexecstack andn_n.asm -o andn_n.o
yes
/bin/bash ../libtool --mode=compile --tag=CC ../.././../gmp/gmp-5.1.1/mpn/m4-ccas --m4="m4" gcc-4.7 -std=gnu99 -c -DHAVE_CONFIG_H -I. -I../.././../gmp/gmp-5.1.1/mpn -I.. -D__GMP_WITHIN_GMP -I../.././../gmp/gmp-5.1.1 -DOPERATION_`echo iorn_n | sed 's/_$//'`    -O2 -pedantic -fomit-frame-pointer -m64 -mtune=k8 -march=k8 -Wa,--noexecstack `test -f 'iorn_n.asm' || echo '../.././../gmp/gmp-5.1.1/mpn/'`iorn_n.asm
checking whether realloc is declared... libtool: compile:  ../.././../gmp/gmp-5.1.1/mpn/m4-ccas --m4=m4 gcc-4.7 -std=gnu99 -c -DHAVE_CONFIG_H -I. -I../.././../gmp/gmp-5.1.1/mpn -I.. -D__GMP_WITHIN_GMP -I../.././../gmp/gmp-5.1.1 -DOPERATION_nand_n -O2 -pedantic -fomit-frame-pointer -m64 -mtune=k8 -march=k8 -Wa,--noexecstack nand_n.asm -o nand_n.o
m4  -DHAVE_CONFIG_H -D__GMP_WITHIN_GMP -DOPERATION_andn_n andn_n.asm >tmp-andn_n.s
 gcc-4.7 -std=gnu99 -c -DHAVE_CONFIG_H -I. -I../.././../gmp/gmp-5.1.1/mpn -I.. -D__GMP_WITHIN_GMP -I../.././../gmp/gmp-5.1.1 -DOPERATION_and_n -O2 -pedantic -fomit-frame-pointer -m64 -mtune=k8 -march=k8 -Wa,--noexecstack tmp-and_n.s -o and_n.o
libtool: compile:  ../.././../gmp/gmp-5.1.1/mpn/m4-ccas --m4=m4 gcc-4.7 -std=gnu99 -c -DHAVE_CONFIG_H -I. -I../.././../gmp/gmp-5.1.1/mpn -I.. -D__GMP_WITHIN_GMP -I../.././../gmp/gmp-5.1.1 -DOPERATION_ior_n -O2 -pedantic -fomit-frame-pointer -m64 -mtune=k8 -march=k8 -Wa,--noexecstack ior_n.asm -o ior_n.o
m4  -DHAVE_CONFIG_H -D__GMP_WITHIN_GMP -DOPERATION_nand_n nand_n.asm >tmp-nand_n.s
 gcc-4.7 -std=gnu99 -c -DHAVE_CONFIG_H -I. -I../.././../gmp/gmp-5.1.1/mpn -I.. -D__GMP_WITHIN_GMP -I../.././../gmp/gmp-5.1.1 -DOPERATION_andn_n -O2 -pedantic -fomit-frame-pointer -m64 -mtune=k8 -march=k8 -Wa,--noexecstack tmp-andn_n.s -o andn_n.o
/bin/bash ../libtool --mode=compile --tag=CC ../.././../gmp/gmp-5.1.1/mpn/m4-ccas --m4="m4" gcc-4.7 -std=gnu99 -c -DHAVE_CONFIG_H -I. -I../.././../gmp/gmp-5.1.1/mpn -I.. -D__GMP_WITHIN_GMP -I../.././../gmp/gmp-5.1.1 -DOPERATION_`echo nior_n | sed 's/_$//'`    -O2 -pedantic -fomit-frame-pointer -m64 -mtune=k8 -march=k8 -Wa,--noexecstack `test -f 'nior_n.asm' || echo '../.././../gmp/gmp-5.1.1/mpn/'`nior_n.asm
libtool: compile:  ../.././../gmp/gmp-5.1.1/mpn/m4-ccas --m4=m4 gcc-4.7 -std=gnu99 -c -DHAVE_CONFIG_H -I. -I../.././../gmp/gmp-5.1.1/mpn -I.. -D__GMP_WITHIN_GMP -I../.././../gmp/gmp-5.1.1 -DOPERATION_iorn_n -O2 -pedantic -fomit-frame-pointer -m64 -mtune=k8 -march=k8 -Wa,--noexecstack iorn_n.asm -o iorn_n.o
m4  -DHAVE_CONFIG_H -D__GMP_WITHIN_GMP -DOPERATION_ior_n ior_n.asm >tmp-ior_n.s
/bin/bash ../libtool --mode=compile --tag=CC ../.././../gmp/gmp-5.1.1/mpn/m4-ccas --m4="m4" gcc-4.7 -std=gnu99 -c -DHAVE_CONFIG_H -I. -I../.././../gmp/gmp-5.1.1/mpn -I.. -D__GMP_WITHIN_GMP -I../.././../gmp/gmp-5.1.1 -DOPERATION_`echo xor_n | sed 's/_$//'`    -O2 -pedantic -fomit-frame-pointer -m64 -mtune=k8 -march=k8 -Wa,--noexecstack `test -f 'xor_n.asm' || echo '../.././../gmp/gmp-5.1.1/mpn/'`xor_n.asm
m4  -DHAVE_CONFIG_H -D__GMP_WITHIN_GMP -DOPERATION_iorn_n iorn_n.asm >tmp-iorn_n.s
 gcc-4.7 -std=gnu99 -c -DHAVE_CONFIG_H -I. -I../.././../gmp/gmp-5.1.1/mpn -I.. -D__GMP_WITHIN_GMP -I../.././../gmp/gmp-5.1.1 -DOPERATION_nand_n -O2 -pedantic -fomit-frame-pointer -m64 -mtune=k8 -march=k8 -Wa,--noexecstack tmp-nand_n.s -o nand_n.o
mv -f .deps/elf32-arm.Tpo .deps/elf32-arm.Plo
/bin/bash ../libtool --mode=compile --tag=CC ../.././../gmp/gmp-5.1.1/mpn/m4-ccas --m4="m4" gcc-4.7 -std=gnu99 -c -DHAVE_CONFIG_H -I. -I../.././../gmp/gmp-5.1.1/mpn -I.. -D__GMP_WITHIN_GMP -I../.././../gmp/gmp-5.1.1 -DOPERATION_`echo xnor_n | sed 's/_$//'`    -O2 -pedantic -fomit-frame-pointer -m64 -mtune=k8 -march=k8 -Wa,--noexecstack `test -f 'xnor_n.asm' || echo '../.././../gmp/gmp-5.1.1/mpn/'`xnor_n.asm
/bin/bash ../libtool --mode=compile --tag=CC ../.././../gmp/gmp-5.1.1/mpn/m4-ccas --m4="m4" gcc-4.7 -std=gnu99 -c -DHAVE_CONFIG_H -I. -I../.././../gmp/gmp-5.1.1/mpn -I.. -D__GMP_WITHIN_GMP -I../.././../gmp/gmp-5.1.1 -DOPERATION_`echo copyi | sed 's/_$//'`    -O2 -pedantic -fomit-frame-pointer -m64 -mtune=k8 -march=k8 -Wa,--noexecstack `test -f 'copyi.asm' || echo '../.././../gmp/gmp-5.1.1/mpn/'`copyi.asm
/bin/bash ../libtool --mode=compile --tag=CC ../.././../gmp/gmp-5.1.1/mpn/m4-ccas --m4="m4" gcc-4.7 -std=gnu99 -c -DHAVE_CONFIG_H -I. -I../.././../gmp/gmp-5.1.1/mpn -I.. -D__GMP_WITHIN_GMP -I../.././../gmp/gmp-5.1.1 -DOPERATION_`echo copyd | sed 's/_$//'`    -O2 -pedantic -fomit-frame-pointer -m64 -mtune=k8 -march=k8 -Wa,--noexecstack `test -f 'copyd.asm' || echo '../.././../gmp/gmp-5.1.1/mpn/'`copyd.asm
 gcc-4.7 -std=gnu99 -c -DHAVE_CONFIG_H -I. -I../.././../gmp/gmp-5.1.1/mpn -I.. -D__GMP_WITHIN_GMP -I../.././../gmp/gmp-5.1.1 -DOPERATION_ior_n -O2 -pedantic -fomit-frame-pointer -m64 -mtune=k8 -march=k8 -Wa,--noexecstack tmp-ior_n.s -o ior_n.o
 gcc-4.7 -std=gnu99 -c -DHAVE_CONFIG_H -I. -I../.././../gmp/gmp-5.1.1/mpn -I.. -D__GMP_WITHIN_GMP -I../.././../gmp/gmp-5.1.1 -DOPERATION_iorn_n -O2 -pedantic -fomit-frame-pointer -m64 -mtune=k8 -march=k8 -Wa,--noexecstack tmp-iorn_n.s -o iorn_n.o
libtool: compile:  ../.././../gmp/gmp-5.1.1/mpn/m4-ccas --m4=m4 gcc-4.7 -std=gnu99 -c -DHAVE_CONFIG_H -I. -I../.././../gmp/gmp-5.1.1/mpn -I.. -D__GMP_WITHIN_GMP -I../.././../gmp/gmp-5.1.1 -DOPERATION_nior_n -O2 -pedantic -fomit-frame-pointer -m64 -mtune=k8 -march=k8 -Wa,--noexecstack nior_n.asm -o nior_n.o
/bin/bash ../libtool --tag=CC   --mode=compile gcc-4.7 -std=gnu99 -DHAVE_CONFIG_H -I. -I../.././../gmp/gmp-5.1.1/mpn -I.. -D__GMP_WITHIN_GMP -I../.././../gmp/gmp-5.1.1 -DOPERATION_`echo zero | sed 's/_$//'`    -O2 -pedantic -fomit-frame-pointer -m64 -mtune=k8 -march=k8 -c -o zero.lo zero.c
yes
/bin/bash ../libtool --mode=compile --tag=CC ../.././../gmp/gmp-5.1.1/mpn/m4-ccas --m4="m4" gcc-4.7 -std=gnu99 -c -DHAVE_CONFIG_H -I. -I../.././../gmp/gmp-5.1.1/mpn -I.. -D__GMP_WITHIN_GMP -I../.././../gmp/gmp-5.1.1 -DOPERATION_`echo tabselect | sed 's/_$//'`    -O2 -pedantic -fomit-frame-pointer -m64 -mtune=k8 -march=k8 -Wa,--noexecstack `test -f 'tabselect.asm' || echo '../.././../gmp/gmp-5.1.1/mpn/'`tabselect.asm
m4  -DHAVE_CONFIG_H -D__GMP_WITHIN_GMP -DOPERATION_nior_n nior_n.asm >tmp-nior_n.s
libtool: compile:  ../.././../gmp/gmp-5.1.1/mpn/m4-ccas --m4=m4 gcc-4.7 -std=gnu99 -c -DHAVE_CONFIG_H -I. -I../.././../gmp/gmp-5.1.1/mpn -I.. -D__GMP_WITHIN_GMP -I../.././../gmp/gmp-5.1.1 -DOPERATION_xor_n -O2 -pedantic -fomit-frame-pointer -m64 -mtune=k8 -march=k8 -Wa,--noexecstack xor_n.asm -o xor_n.o
libtool: compile:  ../.././../gmp/gmp-5.1.1/mpn/m4-ccas --m4=m4 gcc-4.7 -std=gnu99 -c -DHAVE_CONFIG_H -I. -I../.././../gmp/gmp-5.1.1/mpn -I.. -D__GMP_WITHIN_GMP -I../.././../gmp/gmp-5.1.1 -DOPERATION_copyd -O2 -pedantic -fomit-frame-pointer -m64 -mtune=k8 -march=k8 -Wa,--noexecstack copyd.asm -o copyd.o
libtool: compile:  ../.././../gmp/gmp-5.1.1/mpn/m4-ccas --m4=m4 gcc-4.7 -std=gnu99 -c -DHAVE_CONFIG_H -I. -I../.././../gmp/gmp-5.1.1/mpn -I.. -D__GMP_WITHIN_GMP -I../.././../gmp/gmp-5.1.1 -DOPERATION_xnor_n -O2 -pedantic -fomit-frame-pointer -m64 -mtune=k8 -march=k8 -Wa,--noexecstack xnor_n.asm -o xnor_n.o
/bin/bash ../libtool --tag=CC   --mode=compile gcc-4.7 -std=gnu99 -DHAVE_CONFIG_H -I. -I../.././../gmp/gmp-5.1.1/mpn -I.. -D__GMP_WITHIN_GMP -I../.././../gmp/gmp-5.1.1 -DOPERATION_`echo comb_tables | sed 's/_$//'`    -O2 -pedantic -fomit-frame-pointer -m64 -mtune=k8 -march=k8 -c -o comb_tables.lo comb_tables.c
libtool: compile:  ../.././../gmp/gmp-5.1.1/mpn/m4-ccas --m4=m4 gcc-4.7 -std=gnu99 -c -DHAVE_CONFIG_H -I. -I../.././../gmp/gmp-5.1.1/mpn -I.. -D__GMP_WITHIN_GMP -I../.././../gmp/gmp-5.1.1 -DOPERATION_copyi -O2 -pedantic -fomit-frame-pointer -m64 -mtune=k8 -march=k8 -Wa,--noexecstack copyi.asm -o copyi.o
m4  -DHAVE_CONFIG_H -D__GMP_WITHIN_GMP -DOPERATION_copyd copyd.asm >tmp-copyd.s
checking whether stpcpy is declared... m4  -DHAVE_CONFIG_H -D__GMP_WITHIN_GMP -DOPERATION_xor_n xor_n.asm >tmp-xor_n.s
m4  -DHAVE_CONFIG_H -D__GMP_WITHIN_GMP -DOPERATION_copyi copyi.asm >tmp-copyi.s
m4  -DHAVE_CONFIG_H -D__GMP_WITHIN_GMP -DOPERATION_xnor_n xnor_n.asm >tmp-xnor_n.s
 gcc-4.7 -std=gnu99 -c -DHAVE_CONFIG_H -I. -I../.././../gmp/gmp-5.1.1/mpn -I.. -D__GMP_WITHIN_GMP -I../.././../gmp/gmp-5.1.1 -DOPERATION_nior_n -O2 -pedantic -fomit-frame-pointer -m64 -mtune=k8 -march=k8 -Wa,--noexecstack tmp-nior_n.s -o nior_n.o
 gcc-4.7 -std=gnu99 -c -DHAVE_CONFIG_H -I. -I../.././../gmp/gmp-5.1.1/mpn -I.. -D__GMP_WITHIN_GMP -I../.././../gmp/gmp-5.1.1 -DOPERATION_copyd -O2 -pedantic -fomit-frame-pointer -m64 -mtune=k8 -march=k8 -Wa,--noexecstack tmp-copyd.s -o copyd.o
libtool: compile:  gcc-4.7 -std=gnu99 -DHAVE_CONFIG_H -I. -I../.././../gmp/gmp-5.1.1/mpn -I.. -D__GMP_WITHIN_GMP -I../.././../gmp/gmp-5.1.1 -DOPERATION_zero -O2 -pedantic -fomit-frame-pointer -m64 -mtune=k8 -march=k8 -c zero.c -o zero.o
libtool: compile:  ../.././../gmp/gmp-5.1.1/mpn/m4-ccas --m4=m4 gcc-4.7 -std=gnu99 -c -DHAVE_CONFIG_H -I. -I../.././../gmp/gmp-5.1.1/mpn -I.. -D__GMP_WITHIN_GMP -I../.././../gmp/gmp-5.1.1 -DOPERATION_tabselect -O2 -pedantic -fomit-frame-pointer -m64 -mtune=k8 -march=k8 -Wa,--noexecstack tabselect.asm -o tabselect.o
 gcc-4.7 -std=gnu99 -c -DHAVE_CONFIG_H -I. -I../.././../gmp/gmp-5.1.1/mpn -I.. -D__GMP_WITHIN_GMP -I../.././../gmp/gmp-5.1.1 -DOPERATION_xnor_n -O2 -pedantic -fomit-frame-pointer -m64 -mtune=k8 -march=k8 -Wa,--noexecstack tmp-xnor_n.s -o xnor_n.o
 gcc-4.7 -std=gnu99 -c -DHAVE_CONFIG_H -I. -I../.././../gmp/gmp-5.1.1/mpn -I.. -D__GMP_WITHIN_GMP -I../.././../gmp/gmp-5.1.1 -DOPERATION_copyi -O2 -pedantic -fomit-frame-pointer -m64 -mtune=k8 -march=k8 -Wa,--noexecstack tmp-copyi.s -o copyi.o
/bin/bash ../libtool --mode=compile --tag=CC ../.././../gmp/gmp-5.1.1/mpn/m4-ccas --m4="m4" gcc-4.7 -std=gnu99 -c -DHAVE_CONFIG_H -I. -I../.././../gmp/gmp-5.1.1/mpn -I.. -D__GMP_WITHIN_GMP -I../.././../gmp/gmp-5.1.1 -DOPERATION_`echo invert_limb | sed 's/_$//'`    -O2 -pedantic -fomit-frame-pointer -m64 -mtune=k8 -march=k8 -Wa,--noexecstack `test -f 'invert_limb.asm' || echo '../.././../gmp/gmp-5.1.1/mpn/'`invert_limb.asm
 gcc-4.7 -std=gnu99 -c -DHAVE_CONFIG_H -I. -I../.././../gmp/gmp-5.1.1/mpn -I.. -D__GMP_WITHIN_GMP -I../.././../gmp/gmp-5.1.1 -DOPERATION_xor_n -O2 -pedantic -fomit-frame-pointer -m64 -mtune=k8 -march=k8 -Wa,--noexecstack tmp-xor_n.s -o xor_n.o
/bin/bash ../libtool --mode=compile --tag=CC ../.././../gmp/gmp-5.1.1/mpn/m4-ccas --m4="m4" gcc-4.7 -std=gnu99 -c -DHAVE_CONFIG_H -I. -I../.././../gmp/gmp-5.1.1/mpn -I.. -D__GMP_WITHIN_GMP -I../.././../gmp/gmp-5.1.1 -DOPERATION_`echo mul_2 | sed 's/_$//'`    -O2 -pedantic -fomit-frame-pointer -m64 -mtune=k8 -march=k8 -Wa,--noexecstack `test -f 'mul_2.asm' || echo '../.././../gmp/gmp-5.1.1/mpn/'`mul_2.asm
libtool: compile:  gcc-4.7 -std=gnu99 -DHAVE_CONFIG_H -I. -I../.././../gmp/gmp-5.1.1/mpn -I.. -D__GMP_WITHIN_GMP -I../.././../gmp/gmp-5.1.1 -DOPERATION_comb_tables -O2 -pedantic -fomit-frame-pointer -m64 -mtune=k8 -march=k8 -c comb_tables.c -o comb_tables.o
m4  -DHAVE_CONFIG_H -D__GMP_WITHIN_GMP -DOPERATION_tabselect tabselect.asm >tmp-tabselect.s
/bin/bash ../libtool --mode=compile --tag=CC ../.././../gmp/gmp-5.1.1/mpn/m4-ccas --m4="m4" gcc-4.7 -std=gnu99 -c -DHAVE_CONFIG_H -I. -I../.././../gmp/gmp-5.1.1/mpn -I.. -D__GMP_WITHIN_GMP -I../.././../gmp/gmp-5.1.1 -DOPERATION_`echo addmul_2 | sed 's/_$//'`    -O2 -pedantic -fomit-frame-pointer -m64 -mtune=k8 -march=k8 -Wa,--noexecstack `test -f 'addmul_2.asm' || echo '../.././../gmp/gmp-5.1.1/mpn/'`addmul_2.asm
/bin/bash ../libtool --mode=compile --tag=CC ../.././../gmp/gmp-5.1.1/mpn/m4-ccas --m4="m4" gcc-4.7 -std=gnu99 -c -DHAVE_CONFIG_H -I. -I../.././../gmp/gmp-5.1.1/mpn -I.. -D__GMP_WITHIN_GMP -I../.././../gmp/gmp-5.1.1 -DOPERATION_`echo addlsh1_n | sed 's/_$//'`    -O2 -pedantic -fomit-frame-pointer -m64 -mtune=k8 -march=k8 -Wa,--noexecstack `test -f 'addlsh1_n.asm' || echo '../.././../gmp/gmp-5.1.1/mpn/'`addlsh1_n.asm
/bin/bash ../libtool --mode=compile --tag=CC ../.././../gmp/gmp-5.1.1/mpn/m4-ccas --m4="m4" gcc-4.7 -std=gnu99 -c -DHAVE_CONFIG_H -I. -I../.././../gmp/gmp-5.1.1/mpn -I.. -D__GMP_WITHIN_GMP -I../.././../gmp/gmp-5.1.1 -DOPERATION_`echo sublsh1_n | sed 's/_$//'`    -O2 -pedantic -fomit-frame-pointer -m64 -mtune=k8 -march=k8 -Wa,--noexecstack `test -f 'sublsh1_n.asm' || echo '../.././../gmp/gmp-5.1.1/mpn/'`sublsh1_n.asm
yes
libtool: compile:  ../.././../gmp/gmp-5.1.1/mpn/m4-ccas --m4=m4 gcc-4.7 -std=gnu99 -c -DHAVE_CONFIG_H -I. -I../.././../gmp/gmp-5.1.1/mpn -I.. -D__GMP_WITHIN_GMP -I../.././../gmp/gmp-5.1.1 -DOPERATION_invert_limb -O2 -pedantic -fomit-frame-pointer -m64 -mtune=k8 -march=k8 -Wa,--noexecstack invert_limb.asm -o invert_limb.o
 gcc-4.7 -std=gnu99 -c -DHAVE_CONFIG_H -I. -I../.././../gmp/gmp-5.1.1/mpn -I.. -D__GMP_WITHIN_GMP -I../.././../gmp/gmp-5.1.1 -DOPERATION_tabselect -O2 -pedantic -fomit-frame-pointer -m64 -mtune=k8 -march=k8 -Wa,--noexecstack tmp-tabselect.s -o tabselect.o
m4  -DHAVE_CONFIG_H -D__GMP_WITHIN_GMP -DOPERATION_invert_limb invert_limb.asm >tmp-invert_limb.s
/bin/bash ../libtool --mode=compile --tag=CC ../.././../gmp/gmp-5.1.1/mpn/m4-ccas --m4="m4" gcc-4.7 -std=gnu99 -c -DHAVE_CONFIG_H -I. -I../.././../gmp/gmp-5.1.1/mpn -I.. -D__GMP_WITHIN_GMP -I../.././../gmp/gmp-5.1.1 -DOPERATION_`echo rsblsh1_n | sed 's/_$//'`    -O2 -pedantic -fomit-frame-pointer -m64 -mtune=k8 -march=k8 -Wa,--noexecstack `test -f 'rsblsh1_n.asm' || echo '../.././../gmp/gmp-5.1.1/mpn/'`rsblsh1_n.asm
/bin/bash ../libtool --mode=compile --tag=CC ../.././../gmp/gmp-5.1.1/mpn/m4-ccas --m4="m4" gcc-4.7 -std=gnu99 -c -DHAVE_CONFIG_H -I. -I../.././../gmp/gmp-5.1.1/mpn -I.. -D__GMP_WITHIN_GMP -I../.././../gmp/gmp-5.1.1 -DOPERATION_`echo rsh1add_n | sed 's/_$//'`    -O2 -pedantic -fomit-frame-pointer -m64 -mtune=k8 -march=k8 -Wa,--noexecstack `test -f 'rsh1add_n.asm' || echo '../.././../gmp/gmp-5.1.1/mpn/'`rsh1add_n.asm
libtool: compile:  ../.././../gmp/gmp-5.1.1/mpn/m4-ccas --m4=m4 gcc-4.7 -std=gnu99 -c -DHAVE_CONFIG_H -I. -I../.././../gmp/gmp-5.1.1/mpn -I.. -D__GMP_WITHIN_GMP -I../.././../gmp/gmp-5.1.1 -DOPERATION_addlsh1_n -O2 -pedantic -fomit-frame-pointer -m64 -mtune=k8 -march=k8 -Wa,--noexecstack addlsh1_n.asm -o addlsh1_n.o
checking whether strstr is declared... libtool: compile:  ../.././../gmp/gmp-5.1.1/mpn/m4-ccas --m4=m4 gcc-4.7 -std=gnu99 -c -DHAVE_CONFIG_H -I. -I../.././../gmp/gmp-5.1.1/mpn -I.. -D__GMP_WITHIN_GMP -I../.././../gmp/gmp-5.1.1 -DOPERATION_mul_2 -O2 -pedantic -fomit-frame-pointer -m64 -mtune=k8 -march=k8 -Wa,--noexecstack mul_2.asm -o mul_2.o
/bin/bash ../libtool --mode=compile --tag=CC ../.././../gmp/gmp-5.1.1/mpn/m4-ccas --m4="m4" gcc-4.7 -std=gnu99 -c -DHAVE_CONFIG_H -I. -I../.././../gmp/gmp-5.1.1/mpn -I.. -D__GMP_WITHIN_GMP -I../.././../gmp/gmp-5.1.1 -DOPERATION_`echo rsh1sub_n | sed 's/_$//'`    -O2 -pedantic -fomit-frame-pointer -m64 -mtune=k8 -march=k8 -Wa,--noexecstack `test -f 'rsh1sub_n.asm' || echo '../.././../gmp/gmp-5.1.1/mpn/'`rsh1sub_n.asm
m4  -DHAVE_CONFIG_H -D__GMP_WITHIN_GMP -DOPERATION_addlsh1_n addlsh1_n.asm >tmp-addlsh1_n.s
libtool: compile:  ../.././../gmp/gmp-5.1.1/mpn/m4-ccas --m4=m4 gcc-4.7 -std=gnu99 -c -DHAVE_CONFIG_H -I. -I../.././../gmp/gmp-5.1.1/mpn -I.. -D__GMP_WITHIN_GMP -I../.././../gmp/gmp-5.1.1 -DOPERATION_addmul_2 -O2 -pedantic -fomit-frame-pointer -m64 -mtune=k8 -march=k8 -Wa,--noexecstack addmul_2.asm -o addmul_2.o
libtool: compile:  ../.././../gmp/gmp-5.1.1/mpn/m4-ccas --m4=m4 gcc-4.7 -std=gnu99 -c -DHAVE_CONFIG_H -I. -I../.././../gmp/gmp-5.1.1/mpn -I.. -D__GMP_WITHIN_GMP -I../.././../gmp/gmp-5.1.1 -DOPERATION_sublsh1_n -O2 -pedantic -fomit-frame-pointer -m64 -mtune=k8 -march=k8 -Wa,--noexecstack sublsh1_n.asm -o sublsh1_n.o
m4  -DHAVE_CONFIG_H -D__GMP_WITHIN_GMP -DOPERATION_addmul_2 addmul_2.asm >tmp-addmul_2.s
m4  -DHAVE_CONFIG_H -D__GMP_WITHIN_GMP -DOPERATION_mul_2 mul_2.asm >tmp-mul_2.s
 gcc-4.7 -std=gnu99 -c -DHAVE_CONFIG_H -I. -I../.././../gmp/gmp-5.1.1/mpn -I.. -D__GMP_WITHIN_GMP -I../.././../gmp/gmp-5.1.1 -DOPERATION_invert_limb -O2 -pedantic -fomit-frame-pointer -m64 -mtune=k8 -march=k8 -Wa,--noexecstack tmp-invert_limb.s -o invert_limb.o
libtool: compile:  ../.././../gmp/gmp-5.1.1/mpn/m4-ccas --m4=m4 gcc-4.7 -std=gnu99 -c -DHAVE_CONFIG_H -I. -I../.././../gmp/gmp-5.1.1/mpn -I.. -D__GMP_WITHIN_GMP -I../.././../gmp/gmp-5.1.1 -DOPERATION_rsblsh1_n -O2 -pedantic -fomit-frame-pointer -m64 -mtune=k8 -march=k8 -Wa,--noexecstack rsblsh1_n.asm -o rsblsh1_n.o
m4  -DHAVE_CONFIG_H -D__GMP_WITHIN_GMP -DOPERATION_rsblsh1_n rsblsh1_n.asm >tmp-rsblsh1_n.s
libtool: compile:  ../.././../gmp/gmp-5.1.1/mpn/m4-ccas --m4=m4 gcc-4.7 -std=gnu99 -c -DHAVE_CONFIG_H -I. -I../.././../gmp/gmp-5.1.1/mpn -I.. -D__GMP_WITHIN_GMP -I../.././../gmp/gmp-5.1.1 -DOPERATION_rsh1add_n -O2 -pedantic -fomit-frame-pointer -m64 -mtune=k8 -march=k8 -Wa,--noexecstack rsh1add_n.asm -o rsh1add_n.o
 gcc-4.7 -std=gnu99 -c -DHAVE_CONFIG_H -I. -I../.././../gmp/gmp-5.1.1/mpn -I.. -D__GMP_WITHIN_GMP -I../.././../gmp/gmp-5.1.1 -DOPERATION_addlsh1_n -O2 -pedantic -fomit-frame-pointer -m64 -mtune=k8 -march=k8 -Wa,--noexecstack tmp-addlsh1_n.s -o addlsh1_n.o
 gcc-4.7 -std=gnu99 -c -DHAVE_CONFIG_H -I. -I../.././../gmp/gmp-5.1.1/mpn -I.. -D__GMP_WITHIN_GMP -I../.././../gmp/gmp-5.1.1 -DOPERATION_mul_2 -O2 -pedantic -fomit-frame-pointer -m64 -mtune=k8 -march=k8 -Wa,--noexecstack tmp-mul_2.s -o mul_2.o
m4  -DHAVE_CONFIG_H -D__GMP_WITHIN_GMP -DOPERATION_sublsh1_n sublsh1_n.asm >tmp-sublsh1_n.s
 gcc-4.7 -std=gnu99 -c -DHAVE_CONFIG_H -I. -I../.././../gmp/gmp-5.1.1/mpn -I.. -D__GMP_WITHIN_GMP -I../.././../gmp/gmp-5.1.1 -DOPERATION_addmul_2 -O2 -pedantic -fomit-frame-pointer -m64 -mtune=k8 -march=k8 -Wa,--noexecstack tmp-addmul_2.s -o addmul_2.o
m4  -DHAVE_CONFIG_H -D__GMP_WITHIN_GMP -DOPERATION_rsh1add_n rsh1add_n.asm >tmp-rsh1add_n.s
/bin/bash ../libtool --mode=compile --tag=CC ../.././../gmp/gmp-5.1.1/mpn/m4-ccas --m4="m4" gcc-4.7 -std=gnu99 -c -DHAVE_CONFIG_H -I. -I../.././../gmp/gmp-5.1.1/mpn -I.. -D__GMP_WITHIN_GMP -I../.././../gmp/gmp-5.1.1 -DOPERATION_`echo addlsh2_n | sed 's/_$//'`    -O2 -pedantic -fomit-frame-pointer -m64 -mtune=k8 -march=k8 -Wa,--noexecstack `test -f 'addlsh2_n.asm' || echo '../.././../gmp/gmp-5.1.1/mpn/'`addlsh2_n.asm
libtool: compile:  ../.././../gmp/gmp-5.1.1/mpn/m4-ccas --m4=m4 gcc-4.7 -std=gnu99 -c -DHAVE_CONFIG_H -I. -I../.././../gmp/gmp-5.1.1/mpn -I.. -D__GMP_WITHIN_GMP -I../.././../gmp/gmp-5.1.1 -DOPERATION_rsh1sub_n -O2 -pedantic -fomit-frame-pointer -m64 -mtune=k8 -march=k8 -Wa,--noexecstack rsh1sub_n.asm -o rsh1sub_n.o
/bin/bash ../libtool --mode=compile --tag=CC ../.././../gmp/gmp-5.1.1/mpn/m4-ccas --m4="m4" gcc-4.7 -std=gnu99 -c -DHAVE_CONFIG_H -I. -I../.././../gmp/gmp-5.1.1/mpn -I.. -D__GMP_WITHIN_GMP -I../.././../gmp/gmp-5.1.1 -DOPERATION_`echo rsblsh2_n | sed 's/_$//'`    -O2 -pedantic -fomit-frame-pointer -m64 -mtune=k8 -march=k8 -Wa,--noexecstack `test -f 'rsblsh2_n.asm' || echo '../.././../gmp/gmp-5.1.1/mpn/'`rsblsh2_n.asm
/bin/bash ../libtool --mode=compile --tag=CC ../.././../gmp/gmp-5.1.1/mpn/m4-ccas --m4="m4" gcc-4.7 -std=gnu99 -c -DHAVE_CONFIG_H -I. -I../.././../gmp/gmp-5.1.1/mpn -I.. -D__GMP_WITHIN_GMP -I../.././../gmp/gmp-5.1.1 -DOPERATION_`echo addlsh_n | sed 's/_$//'`    -O2 -pedantic -fomit-frame-pointer -m64 -mtune=k8 -march=k8 -Wa,--noexecstack `test -f 'addlsh_n.asm' || echo '../.././../gmp/gmp-5.1.1/mpn/'`addlsh_n.asm
/bin/bash ../libtool --mode=compile --tag=CC ../.././../gmp/gmp-5.1.1/mpn/m4-ccas --m4="m4" gcc-4.7 -std=gnu99 -c -DHAVE_CONFIG_H -I. -I../.././../gmp/gmp-5.1.1/mpn -I.. -D__GMP_WITHIN_GMP -I../.././../gmp/gmp-5.1.1 -DOPERATION_`echo rsblsh_n | sed 's/_$//'`    -O2 -pedantic -fomit-frame-pointer -m64 -mtune=k8 -march=k8 -Wa,--noexecstack `test -f 'rsblsh_n.asm' || echo '../.././../gmp/gmp-5.1.1/mpn/'`rsblsh_n.asm
 gcc-4.7 -std=gnu99 -c -DHAVE_CONFIG_H -I. -I../.././../gmp/gmp-5.1.1/mpn -I.. -D__GMP_WITHIN_GMP -I../.././../gmp/gmp-5.1.1 -DOPERATION_rsblsh1_n -O2 -pedantic -fomit-frame-pointer -m64 -mtune=k8 -march=k8 -Wa,--noexecstack tmp-rsblsh1_n.s -o rsblsh1_n.o
 gcc-4.7 -std=gnu99 -c -DHAVE_CONFIG_H -I. -I../.././../gmp/gmp-5.1.1/mpn -I.. -D__GMP_WITHIN_GMP -I../.././../gmp/gmp-5.1.1 -DOPERATION_rsh1add_n -O2 -pedantic -fomit-frame-pointer -m64 -mtune=k8 -march=k8 -Wa,--noexecstack tmp-rsh1add_n.s -o rsh1add_n.o
m4  -DHAVE_CONFIG_H -D__GMP_WITHIN_GMP -DOPERATION_rsh1sub_n rsh1sub_n.asm >tmp-rsh1sub_n.s
yes
 gcc-4.7 -std=gnu99 -c -DHAVE_CONFIG_H -I. -I../.././../gmp/gmp-5.1.1/mpn -I.. -D__GMP_WITHIN_GMP -I../.././../gmp/gmp-5.1.1 -DOPERATION_sublsh1_n -O2 -pedantic -fomit-frame-pointer -m64 -mtune=k8 -march=k8 -Wa,--noexecstack tmp-sublsh1_n.s -o sublsh1_n.o
/bin/bash ../libtool --tag=CC   --mode=compile gcc-4.7 -std=gnu99 -DHAVE_CONFIG_H -I. -I../.././../gmp/gmp-5.1.1/mpn -I.. -D__GMP_WITHIN_GMP -I../.././../gmp/gmp-5.1.1 -DOPERATION_`echo add_n_sub_n | sed 's/_$//'`    -O2 -pedantic -fomit-frame-pointer -m64 -mtune=k8 -march=k8 -c -o add_n_sub_n.lo add_n_sub_n.c
libtool: compile:  ../.././../gmp/gmp-5.1.1/mpn/m4-ccas --m4=m4 gcc-4.7 -std=gnu99 -c -DHAVE_CONFIG_H -I. -I../.././../gmp/gmp-5.1.1/mpn -I.. -D__GMP_WITHIN_GMP -I../.././../gmp/gmp-5.1.1 -DOPERATION_addlsh2_n -O2 -pedantic -fomit-frame-pointer -m64 -mtune=k8 -march=k8 -Wa,--noexecstack addlsh2_n.asm -o addlsh2_n.o
m4  -DHAVE_CONFIG_H -D__GMP_WITHIN_GMP -DOPERATION_addlsh2_n addlsh2_n.asm >tmp-addlsh2_n.s
 gcc-4.7 -std=gnu99 -c -DHAVE_CONFIG_H -I. -I../.././../gmp/gmp-5.1.1/mpn -I.. -D__GMP_WITHIN_GMP -I../.././../gmp/gmp-5.1.1 -DOPERATION_rsh1sub_n -O2 -pedantic -fomit-frame-pointer -m64 -mtune=k8 -march=k8 -Wa,--noexecstack tmp-rsh1sub_n.s -o rsh1sub_n.o
/bin/bash ../libtool --mode=compile --tag=CC ../.././../gmp/gmp-5.1.1/mpn/m4-ccas --m4="m4" gcc-4.7 -std=gnu99 -c -DHAVE_CONFIG_H -I. -I../.././../gmp/gmp-5.1.1/mpn -I.. -D__GMP_WITHIN_GMP -I../.././../gmp/gmp-5.1.1 -DOPERATION_`echo addaddmul_1msb0 | sed 's/_$//'`    -O2 -pedantic -fomit-frame-pointer -m64 -mtune=k8 -march=k8 -Wa,--noexecstack `test -f 'addaddmul_1msb0.asm' || echo '../.././../gmp/gmp-5.1.1/mpn/'`addaddmul_1msb0.asm
checking whether snprintf is declared... libtool: compile:  ../.././../gmp/gmp-5.1.1/mpn/m4-ccas --m4=m4 gcc-4.7 -std=gnu99 -c -DHAVE_CONFIG_H -I. -I../.././../gmp/gmp-5.1.1/mpn -I.. -D__GMP_WITHIN_GMP -I../.././../gmp/gmp-5.1.1 -DOPERATION_rsblsh_n -O2 -pedantic -fomit-frame-pointer -m64 -mtune=k8 -march=k8 -Wa,--noexecstack rsblsh_n.asm -o rsblsh_n.o
libtool: compile:  ../.././../gmp/gmp-5.1.1/mpn/m4-ccas --m4=m4 gcc-4.7 -std=gnu99 -c -DHAVE_CONFIG_H -I. -I../.././../gmp/gmp-5.1.1/mpn -I.. -D__GMP_WITHIN_GMP -I../.././../gmp/gmp-5.1.1 -DOPERATION_rsblsh2_n -O2 -pedantic -fomit-frame-pointer -m64 -mtune=k8 -march=k8 -Wa,--noexecstack rsblsh2_n.asm -o rsblsh2_n.o
m4  -DHAVE_CONFIG_H -D__GMP_WITHIN_GMP -DOPERATION_rsblsh_n rsblsh_n.asm >tmp-rsblsh_n.s
libtool: compile:  ../.././../gmp/gmp-5.1.1/mpn/m4-ccas --m4=m4 gcc-4.7 -std=gnu99 -c -DHAVE_CONFIG_H -I. -I../.././../gmp/gmp-5.1.1/mpn -I.. -D__GMP_WITHIN_GMP -I../.././../gmp/gmp-5.1.1 -DOPERATION_addlsh_n -O2 -pedantic -fomit-frame-pointer -m64 -mtune=k8 -march=k8 -Wa,--noexecstack addlsh_n.asm -o addlsh_n.o
m4  -DHAVE_CONFIG_H -D__GMP_WITHIN_GMP -DOPERATION_rsblsh2_n rsblsh2_n.asm >tmp-rsblsh2_n.s
m4  -DHAVE_CONFIG_H -D__GMP_WITHIN_GMP -DOPERATION_addlsh_n addlsh_n.asm >tmp-addlsh_n.s
libtool: compile:  gcc-4.7 -std=gnu99 -DHAVE_CONFIG_H -I. -I../.././../gmp/gmp-5.1.1/mpn -I.. -D__GMP_WITHIN_GMP -I../.././../gmp/gmp-5.1.1 -DOPERATION_add_n_sub_n -O2 -pedantic -fomit-frame-pointer -m64 -mtune=k8 -march=k8 -c add_n_sub_n.c -o add_n_sub_n.o
 gcc-4.7 -std=gnu99 -c -DHAVE_CONFIG_H -I. -I../.././../gmp/gmp-5.1.1/mpn -I.. -D__GMP_WITHIN_GMP -I../.././../gmp/gmp-5.1.1 -DOPERATION_addlsh2_n -O2 -pedantic -fomit-frame-pointer -m64 -mtune=k8 -march=k8 -Wa,--noexecstack tmp-addlsh2_n.s -o addlsh2_n.o
 gcc-4.7 -std=gnu99 -c -DHAVE_CONFIG_H -I. -I../.././../gmp/gmp-5.1.1/mpn -I.. -D__GMP_WITHIN_GMP -I../.././../gmp/gmp-5.1.1 -DOPERATION_rsblsh_n -O2 -pedantic -fomit-frame-pointer -m64 -mtune=k8 -march=k8 -Wa,--noexecstack tmp-rsblsh_n.s -o rsblsh_n.o
 gcc-4.7 -std=gnu99 -c -DHAVE_CONFIG_H -I. -I../.././../gmp/gmp-5.1.1/mpn -I.. -D__GMP_WITHIN_GMP -I../.././../gmp/gmp-5.1.1 -DOPERATION_rsblsh2_n -O2 -pedantic -fomit-frame-pointer -m64 -mtune=k8 -march=k8 -Wa,--noexecstack tmp-rsblsh2_n.s -o rsblsh2_n.o
libtool: compile:  ../.././../gmp/gmp-5.1.1/mpn/m4-ccas --m4=m4 gcc-4.7 -std=gnu99 -c -DHAVE_CONFIG_H -I. -I../.././../gmp/gmp-5.1.1/mpn -I.. -D__GMP_WITHIN_GMP -I../.././../gmp/gmp-5.1.1 -DOPERATION_addaddmul_1msb0 -O2 -pedantic -fomit-frame-pointer -m64 -mtune=k8 -march=k8 -Wa,--noexecstack addaddmul_1msb0.asm -o addaddmul_1msb0.o
m4  -DHAVE_CONFIG_H -D__GMP_WITHIN_GMP -DOPERATION_addaddmul_1msb0 addaddmul_1msb0.asm >tmp-addaddmul_1msb0.s
 gcc-4.7 -std=gnu99 -c -DHAVE_CONFIG_H -I. -I../.././../gmp/gmp-5.1.1/mpn -I.. -D__GMP_WITHIN_GMP -I../.././../gmp/gmp-5.1.1 -DOPERATION_addlsh_n -O2 -pedantic -fomit-frame-pointer -m64 -mtune=k8 -march=k8 -Wa,--noexecstack tmp-addlsh_n.s -o addlsh_n.o
 gcc-4.7 -std=gnu99 -c -DHAVE_CONFIG_H -I. -I../.././../gmp/gmp-5.1.1/mpn -I.. -D__GMP_WITHIN_GMP -I../.././../gmp/gmp-5.1.1 -DOPERATION_addaddmul_1msb0 -O2 -pedantic -fomit-frame-pointer -m64 -mtune=k8 -march=k8 -Wa,--noexecstack tmp-addaddmul_1msb0.s -o addaddmul_1msb0.o
yes
checking whether vsnprintf is declared... /bin/bash ../libtool --tag=CC   --mode=link gcc-4.7 -std=gnu99  -O2 -pedantic -fomit-frame-pointer -m64 -mtune=k8 -march=k8   -o libmpn.la  fib_table.lo mp_bases.lo invert_limb_table.lo add.lo add_1.lo add_n.lo sub.lo sub_1.lo sub_n.lo addcnd_n.lo subcnd_n.lo neg.lo com.lo mul_1.lo addmul_1.lo submul_1.lo add_err1_n.lo add_err2_n.lo add_err3_n.lo sub_err1_n.lo sub_err2_n.lo sub_err3_n.lo lshift.lo rshift.lo dive_1.lo diveby3.lo divis.lo divrem.lo divrem_1.lo divrem_2.lo fib2_ui.lo mod_1.lo mod_34lsub1.lo mode1o.lo pre_mod_1.lo dump.lo mod_1_1.lo mod_1_2.lo mod_1_3.lo mod_1_4.lo lshiftc.lo mul.lo mul_fft.lo mul_n.lo sqr.lo mul_basecase.lo sqr_basecase.lo nussbaumer_mul.lo mulmid_basecase.lo toom42_mulmid.lo mulmid_n.lo mulmid.lo random.lo random2.lo pow_1.lo rootrem.lo sqrtrem.lo get_str.lo set_str.lo scan0.lo scan1.lo popcount.lo hamdist.lo cmp.lo perfsqr.lo perfpow.lo gcd_1.lo gcd.lo gcdext_1.lo gcdext.lo gcd_subdiv_step.lo gcdext_lehmer.lo div_q.lo tdiv_qr.lo jacbase.lo jacobi_2.lo jacobi.lo get_d.lo matrix22_mul.lo matrix22_mul1_inverse_vector.lo hgcd_matrix.lo hgcd2.lo hgcd_step.lo hgcd_reduce.lo hgcd.lo hgcd_appr.lo hgcd2_jacobi.lo hgcd_jacobi.lo mullo_n.lo mullo_basecase.lo toom22_mul.lo toom32_mul.lo toom42_mul.lo toom52_mul.lo toom62_mul.lo toom33_mul.lo toom43_mul.lo toom53_mul.lo toom54_mul.lo toom63_mul.lo toom44_mul.lo toom6h_mul.lo toom6_sqr.lo toom8h_mul.lo toom8_sqr.lo toom_couple_handling.lo toom2_sqr.lo toom3_sqr.lo toom4_sqr.lo toom_eval_dgr3_pm1.lo toom_eval_dgr3_pm2.lo toom_eval_pm1.lo toom_eval_pm2.lo toom_eval_pm2exp.lo toom_eval_pm2rexp.lo toom_interpolate_5pts.lo toom_interpolate_6pts.lo toom_interpolate_7pts.lo toom_interpolate_8pts.lo toom_interpolate_12pts.lo toom_interpolate_16pts.lo invertappr.lo invert.lo binvert.lo mulmod_bnm1.lo sqrmod_bnm1.lo div_qr_2.lo div_qr_2n_pi1.lo div_qr_2u_pi1.lo sbpi1_div_q.lo sbpi1_div_qr.lo sbpi1_divappr_q.lo dcpi1_div_q.lo dcpi1_div_qr.lo dcpi1_divappr_q.lo mu_div_qr.lo mu_divappr_q.lo mu_div_q.lo bdiv_q_1.lo sbpi1_bdiv_q.lo sbpi1_bdiv_qr.lo dcpi1_bdiv_q.lo dcpi1_bdiv_qr.lo mu_bdiv_q.lo mu_bdiv_qr.lo bdiv_q.lo bdiv_qr.lo broot.lo brootinv.lo bsqrt.lo bsqrtinv.lo divexact.lo bdiv_dbm1c.lo redc_1.lo redc_2.lo redc_n.lo powm.lo powlo.lo powm_sec.lo sb_div_qr_sec.lo sb_div_r_sec.lo sbpi1_div_qr_sec.lo sbpi1_div_r_sec.lo trialdiv.lo remove.lo and_n.lo andn_n.lo nand_n.lo ior_n.lo iorn_n.lo nior_n.lo xor_n.lo xnor_n.lo copyi.lo copyd.lo zero.lo tabselect.lo comb_tables.lo invert_limb.lo mul_2.lo addmul_2.lo addlsh1_n.lo sublsh1_n.lo rsblsh1_n.lo rsh1add_n.lo rsh1sub_n.lo addlsh2_n.lo rsblsh2_n.lo addlsh_n.lo rsblsh_n.lo add_n_sub_n.lo addaddmul_1msb0.lo 
yes
checking for library containing zlibVersion... -lz
checking zlib.h usability... mv -f .deps/elflink.Tpo .deps/elflink.Plo
/bin/bash ./libtool --tag=CC   --mode=link gcc-4.7 -W -Wall -Wstrict-prototypes -Wmissing-prototypes -Wshadow -Werror -g -O2 -rpath /home/sparksco/android/arm-linux-androideabi/x86_64-linux-gnu/arm-linux-androideabi/lib -release `cat libtool-soversion`   -o libbfd.la  archive.lo archures.lo bfd.lo bfdio.lo bfdwin.lo cache.lo coffgen.lo corefile.lo format.lo init.lo libbfd.lo opncls.lo reloc.lo section.lo syms.lo targets.lo hash.lo linker.lo srec.lo binary.lo tekhex.lo ihex.lo stabs.lo stab-syms.lo merge.lo dwarf2.lo simple.lo compress.lo verilog.lo `cat ofiles`   -lz 
libtool: link: ar cq .libs/libmpn.a  fib_table.o mp_bases.o invert_limb_table.o add.o add_1.o add_n.o sub.o sub_1.o sub_n.o addcnd_n.o subcnd_n.o neg.o com.o mul_1.o addmul_1.o submul_1.o add_err1_n.o add_err2_n.o add_err3_n.o sub_err1_n.o sub_err2_n.o sub_err3_n.o lshift.o rshift.o dive_1.o diveby3.o divis.o divrem.o divrem_1.o divrem_2.o fib2_ui.o mod_1.o mod_34lsub1.o mode1o.o pre_mod_1.o dump.o mod_1_1.o mod_1_2.o mod_1_3.o mod_1_4.o lshiftc.o mul.o mul_fft.o mul_n.o sqr.o mul_basecase.o sqr_basecase.o nussbaumer_mul.o mulmid_basecase.o toom42_mulmid.o mulmid_n.o mulmid.o random.o random2.o pow_1.o rootrem.o sqrtrem.o get_str.o set_str.o scan0.o scan1.o popcount.o hamdist.o cmp.o perfsqr.o perfpow.o gcd_1.o gcd.o gcdext_1.o gcdext.o gcd_subdiv_step.o gcdext_lehmer.o div_q.o tdiv_qr.o jacbase.o jacobi_2.o jacobi.o get_d.o matrix22_mul.o matrix22_mul1_inverse_vector.o hgcd_matrix.o hgcd2.o hgcd_step.o hgcd_reduce.o hgcd.o hgcd_appr.o hgcd2_jacobi.o hgcd_jacobi.o mullo_n.o mullo_basecase.o toom22_mul.o toom32_mul.o toom42_mul.o toom52_mul.o toom62_mul.o toom33_mul.o toom43_mul.o toom53_mul.o toom54_mul.o toom63_mul.o toom44_mul.o toom6h_mul.o toom6_sqr.o toom8h_mul.o toom8_sqr.o toom_couple_handling.o toom2_sqr.o toom3_sqr.o toom4_sqr.o toom_eval_dgr3_pm1.o toom_eval_dgr3_pm2.o toom_eval_pm1.o toom_eval_pm2.o toom_eval_pm2exp.o toom_eval_pm2rexp.o toom_interpolate_5pts.o toom_interpolate_6pts.o toom_interpolate_7pts.o toom_interpolate_8pts.o toom_interpolate_12pts.o toom_interpolate_16pts.o invertappr.o invert.o binvert.o mulmod_bnm1.o sqrmod_bnm1.o div_qr_2.o div_qr_2n_pi1.o div_qr_2u_pi1.o sbpi1_div_q.o sbpi1_div_qr.o sbpi1_divappr_q.o dcpi1_div_q.o dcpi1_div_qr.o dcpi1_divappr_q.o mu_div_qr.o mu_divappr_q.o mu_div_q.o bdiv_q_1.o sbpi1_bdiv_q.o sbpi1_bdiv_qr.o dcpi1_bdiv_q.o dcpi1_bdiv_qr.o mu_bdiv_q.o mu_bdiv_qr.o bdiv_q.o bdiv_qr.o broot.o brootinv.o bsqrt.o bsqrtinv.o divexact.o bdiv_dbm1c.o redc_1.o redc_2.o redc_n.o powm.o powlo.o powm_sec.o sb_div_qr_sec.o sb_div_r_sec.o sbpi1_div_qr_sec.o sbpi1_div_r_sec.o trialdiv.o remove.o and_n.o andn_n.o nand_n.o ior_n.o iorn_n.o nior_n.o xor_n.o xnor_n.o copyi.o copyd.o zero.o tabselect.o comb_tables.o invert_limb.o mul_2.o addmul_2.o addlsh1_n.o sublsh1_n.o rsblsh1_n.o rsh1add_n.o rsh1sub_n.o addlsh2_n.o rsblsh2_n.o addlsh_n.o rsblsh_n.o add_n_sub_n.o addaddmul_1msb0.o
yes
checking zlib.h presence... libtool: link: ranlib .libs/libmpn.a
yes
checking for zlib.h... yes
libtool: link: ( cd ".libs" && rm -f "libmpn.la" && ln -s "../libmpn.la" "libmpn.la" )
make[3]: Leaving directory `/home/sparksco/android/toolchain/aosp/build/gmp-5.1.1/mpn'
checking linker --as-needed support... Making all in mpz
yes
checking for cos in -lm... make[3]: Entering directory `/home/sparksco/android/toolchain/aosp/build/gmp-5.1.1/mpz'
/bin/bash ../libtool --tag=CC   --mode=compile gcc-4.7 -std=gnu99 -DHAVE_CONFIG_H -I. -I../.././../gmp/gmp-5.1.1/mpz -I.. -D__GMP_WITHIN_GMP -I../.././../gmp/gmp-5.1.1    -O2 -pedantic -fomit-frame-pointer -m64 -mtune=k8 -march=k8 -c -o 2fac_ui.lo ../.././../gmp/gmp-5.1.1/mpz/2fac_ui.c
/bin/bash ../libtool --tag=CC   --mode=compile gcc-4.7 -std=gnu99 -DHAVE_CONFIG_H -I. -I../.././../gmp/gmp-5.1.1/mpz -I.. -D__GMP_WITHIN_GMP -I../.././../gmp/gmp-5.1.1    -O2 -pedantic -fomit-frame-pointer -m64 -mtune=k8 -march=k8 -c -o add.lo ../.././../gmp/gmp-5.1.1/mpz/add.c
/bin/bash ../libtool --tag=CC   --mode=compile gcc-4.7 -std=gnu99 -DHAVE_CONFIG_H -I. -I../.././../gmp/gmp-5.1.1/mpz -I.. -D__GMP_WITHIN_GMP -I../.././../gmp/gmp-5.1.1    -O2 -pedantic -fomit-frame-pointer -m64 -mtune=k8 -march=k8 -c -o add_ui.lo ../.././../gmp/gmp-5.1.1/mpz/add_ui.c
/bin/bash ../libtool --tag=CC   --mode=compile gcc-4.7 -std=gnu99 -DHAVE_CONFIG_H -I. -I../.././../gmp/gmp-5.1.1/mpz -I.. -D__GMP_WITHIN_GMP -I../.././../gmp/gmp-5.1.1    -O2 -pedantic -fomit-frame-pointer -m64 -mtune=k8 -march=k8 -c -o abs.lo ../.././../gmp/gmp-5.1.1/mpz/abs.c
/bin/bash ../libtool --tag=CC   --mode=compile gcc-4.7 -std=gnu99 -DHAVE_CONFIG_H -I. -I../.././../gmp/gmp-5.1.1/mpz -I.. -D__GMP_WITHIN_GMP -I../.././../gmp/gmp-5.1.1    -O2 -pedantic -fomit-frame-pointer -m64 -mtune=k8 -march=k8 -c -o aorsmul.lo ../.././../gmp/gmp-5.1.1/mpz/aorsmul.c
/bin/bash ../libtool --tag=CC   --mode=compile gcc-4.7 -std=gnu99 -DHAVE_CONFIG_H -I. -I../.././../gmp/gmp-5.1.1/mpz -I.. -D__GMP_WITHIN_GMP -I../.././../gmp/gmp-5.1.1    -O2 -pedantic -fomit-frame-pointer -m64 -mtune=k8 -march=k8 -c -o aorsmul_i.lo ../.././../gmp/gmp-5.1.1/mpz/aorsmul_i.c
/bin/bash ../libtool --tag=CC   --mode=compile gcc-4.7 -std=gnu99 -DHAVE_CONFIG_H -I. -I../.././../gmp/gmp-5.1.1/mpz -I.. -D__GMP_WITHIN_GMP -I../.././../gmp/gmp-5.1.1    -O2 -pedantic -fomit-frame-pointer -m64 -mtune=k8 -march=k8 -c -o and.lo ../.././../gmp/gmp-5.1.1/mpz/and.c
/bin/bash ../libtool --tag=CC   --mode=compile gcc-4.7 -std=gnu99 -DHAVE_CONFIG_H -I. -I../.././../gmp/gmp-5.1.1/mpz -I.. -D__GMP_WITHIN_GMP -I../.././../gmp/gmp-5.1.1    -O2 -pedantic -fomit-frame-pointer -m64 -mtune=k8 -march=k8 -c -o array_init.lo ../.././../gmp/gmp-5.1.1/mpz/array_init.c
libtool: compile:  gcc-4.7 -std=gnu99 -DHAVE_CONFIG_H -I. -I../.././../gmp/gmp-5.1.1/mpz -I.. -D__GMP_WITHIN_GMP -I../.././../gmp/gmp-5.1.1 -O2 -pedantic -fomit-frame-pointer -m64 -mtune=k8 -march=k8 -c ../.././../gmp/gmp-5.1.1/mpz/aorsmul.c -o aorsmul.o
libtool: compile:  gcc-4.7 -std=gnu99 -DHAVE_CONFIG_H -I. -I../.././../gmp/gmp-5.1.1/mpz -I.. -D__GMP_WITHIN_GMP -I../.././../gmp/gmp-5.1.1 -O2 -pedantic -fomit-frame-pointer -m64 -mtune=k8 -march=k8 -c ../.././../gmp/gmp-5.1.1/mpz/abs.c -o abs.o
libtool: compile:  gcc-4.7 -std=gnu99 -DHAVE_CONFIG_H -I. -I../.././../gmp/gmp-5.1.1/mpz -I.. -D__GMP_WITHIN_GMP -I../.././../gmp/gmp-5.1.1 -O2 -pedantic -fomit-frame-pointer -m64 -mtune=k8 -march=k8 -c ../.././../gmp/gmp-5.1.1/mpz/and.c -o and.o
libtool: compile:  gcc-4.7 -std=gnu99 -DHAVE_CONFIG_H -I. -I../.././../gmp/gmp-5.1.1/mpz -I.. -D__GMP_WITHIN_GMP -I../.././../gmp/gmp-5.1.1 -O2 -pedantic -fomit-frame-pointer -m64 -mtune=k8 -march=k8 -c ../.././../gmp/gmp-5.1.1/mpz/add_ui.c -o add_ui.o
libtool: compile:  gcc-4.7 -std=gnu99 -DHAVE_CONFIG_H -I. -I../.././../gmp/gmp-5.1.1/mpz -I.. -D__GMP_WITHIN_GMP -I../.././../gmp/gmp-5.1.1 -O2 -pedantic -fomit-frame-pointer -m64 -mtune=k8 -march=k8 -c ../.././../gmp/gmp-5.1.1/mpz/add.c -o add.o
libtool: compile:  gcc-4.7 -std=gnu99 -DHAVE_CONFIG_H -I. -I../.././../gmp/gmp-5.1.1/mpz -I.. -D__GMP_WITHIN_GMP -I../.././../gmp/gmp-5.1.1 -O2 -pedantic -fomit-frame-pointer -m64 -mtune=k8 -march=k8 -c ../.././../gmp/gmp-5.1.1/mpz/2fac_ui.c -o 2fac_ui.o
libtool: compile:  gcc-4.7 -std=gnu99 -DHAVE_CONFIG_H -I. -I../.././../gmp/gmp-5.1.1/mpz -I.. -D__GMP_WITHIN_GMP -I../.././../gmp/gmp-5.1.1 -O2 -pedantic -fomit-frame-pointer -m64 -mtune=k8 -march=k8 -c ../.././../gmp/gmp-5.1.1/mpz/aorsmul_i.c -o aorsmul_i.o
libtool: compile:  gcc-4.7 -std=gnu99 -DHAVE_CONFIG_H -I. -I../.././../gmp/gmp-5.1.1/mpz -I.. -D__GMP_WITHIN_GMP -I../.././../gmp/gmp-5.1.1 -O2 -pedantic -fomit-frame-pointer -m64 -mtune=k8 -march=k8 -c ../.././../gmp/gmp-5.1.1/mpz/array_init.c -o array_init.o
yes
libtool: link: ar rc .libs/libbfd.a  archive.o archures.o bfd.o bfdio.o bfdwin.o cache.o coffgen.o corefile.o format.o init.o libbfd.o opncls.o reloc.o section.o syms.o targets.o hash.o linker.o srec.o binary.o tekhex.o ihex.o stabs.o stab-syms.o merge.o dwarf2.o simple.o compress.o verilog.o elf32-arm.o elf32.o elf-nacl.o elf-vxworks.o elf.o elflink.o elf-attrs.o elf-strtab.o elf-eh-frame.o dwarf1.o elf32-gen.o cpu-arm.o archive64.o
/bin/bash ../libtool --tag=CC   --mode=compile gcc-4.7 -std=gnu99 -DHAVE_CONFIG_H -I. -I../.././../gmp/gmp-5.1.1/mpz -I.. -D__GMP_WITHIN_GMP -I../.././../gmp/gmp-5.1.1    -O2 -pedantic -fomit-frame-pointer -m64 -mtune=k8 -march=k8 -c -o bin_ui.lo ../.././../gmp/gmp-5.1.1/mpz/bin_ui.c
/bin/bash ../libtool --tag=CC   --mode=compile gcc-4.7 -std=gnu99 -DHAVE_CONFIG_H -I. -I../.././../gmp/gmp-5.1.1/mpz -I.. -D__GMP_WITHIN_GMP -I../.././../gmp/gmp-5.1.1    -O2 -pedantic -fomit-frame-pointer -m64 -mtune=k8 -march=k8 -c -o bin_uiui.lo ../.././../gmp/gmp-5.1.1/mpz/bin_uiui.c
libtool: link: ranlib .libs/libbfd.a
/bin/bash ../libtool --tag=CC   --mode=compile gcc-4.7 -std=gnu99 -DHAVE_CONFIG_H -I. -I../.././../gmp/gmp-5.1.1/mpz -I.. -D__GMP_WITHIN_GMP -I../.././../gmp/gmp-5.1.1    -O2 -pedantic -fomit-frame-pointer -m64 -mtune=k8 -march=k8 -c -o cdiv_q.lo ../.././../gmp/gmp-5.1.1/mpz/cdiv_q.c
/bin/bash ../libtool --tag=CC   --mode=compile gcc-4.7 -std=gnu99 -DHAVE_CONFIG_H -I. -I../.././../gmp/gmp-5.1.1/mpz -I.. -D__GMP_WITHIN_GMP -I../.././../gmp/gmp-5.1.1    -O2 -pedantic -fomit-frame-pointer -m64 -mtune=k8 -march=k8 -c -o cdiv_q_ui.lo ../.././../gmp/gmp-5.1.1/mpz/cdiv_q_ui.c
checking for gcc version with buggy 64-bit support... /bin/bash ../libtool --tag=CC   --mode=compile gcc-4.7 -std=gnu99 -DHAVE_CONFIG_H -I. -I../.././../gmp/gmp-5.1.1/mpz -I.. -D__GMP_WITHIN_GMP -I../.././../gmp/gmp-5.1.1    -O2 -pedantic -fomit-frame-pointer -m64 -mtune=k8 -march=k8 -c -o cdiv_qr.lo ../.././../gmp/gmp-5.1.1/mpz/cdiv_qr.c
libtool: compile:  gcc-4.7 -std=gnu99 -DHAVE_CONFIG_H -I. -I../.././../gmp/gmp-5.1.1/mpz -I.. -D__GMP_WITHIN_GMP -I../.././../gmp/gmp-5.1.1 -O2 -pedantic -fomit-frame-pointer -m64 -mtune=k8 -march=k8 -c ../.././../gmp/gmp-5.1.1/mpz/bin_ui.c -o bin_ui.o
/bin/bash ../libtool --tag=CC   --mode=compile gcc-4.7 -std=gnu99 -DHAVE_CONFIG_H -I. -I../.././../gmp/gmp-5.1.1/mpz -I.. -D__GMP_WITHIN_GMP -I../.././../gmp/gmp-5.1.1    -O2 -pedantic -fomit-frame-pointer -m64 -mtune=k8 -march=k8 -c -o cdiv_qr_ui.lo ../.././../gmp/gmp-5.1.1/mpz/cdiv_qr_ui.c
no
libtool: compile:  gcc-4.7 -std=gnu99 -DHAVE_CONFIG_H -I. -I../.././../gmp/gmp-5.1.1/mpz -I.. -D__GMP_WITHIN_GMP -I../.././../gmp/gmp-5.1.1 -O2 -pedantic -fomit-frame-pointer -m64 -mtune=k8 -march=k8 -c ../.././../gmp/gmp-5.1.1/mpz/bin_uiui.c -o bin_uiui.o
libtool: compile:  gcc-4.7 -std=gnu99 -DHAVE_CONFIG_H -I. -I../.././../gmp/gmp-5.1.1/mpz -I.. -D__GMP_WITHIN_GMP -I../.././../gmp/gmp-5.1.1 -O2 -pedantic -fomit-frame-pointer -m64 -mtune=k8 -march=k8 -c ../.././../gmp/gmp-5.1.1/mpz/cdiv_q.c -o cdiv_q.o
libtool: compile:  gcc-4.7 -std=gnu99 -DHAVE_CONFIG_H -I. -I../.././../gmp/gmp-5.1.1/mpz -I.. -D__GMP_WITHIN_GMP -I../.././../gmp/gmp-5.1.1 -O2 -pedantic -fomit-frame-pointer -m64 -mtune=k8 -march=k8 -c ../.././../gmp/gmp-5.1.1/mpz/cdiv_qr.c -o cdiv_qr.o
checking for ftello... libtool: compile:  gcc-4.7 -std=gnu99 -DHAVE_CONFIG_H -I. -I../.././../gmp/gmp-5.1.1/mpz -I.. -D__GMP_WITHIN_GMP -I../.././../gmp/gmp-5.1.1 -O2 -pedantic -fomit-frame-pointer -m64 -mtune=k8 -march=k8 -c ../.././../gmp/gmp-5.1.1/mpz/cdiv_qr_ui.c -o cdiv_qr_ui.o
libtool: compile:  gcc-4.7 -std=gnu99 -DHAVE_CONFIG_H -I. -I../.././../gmp/gmp-5.1.1/mpz -I.. -D__GMP_WITHIN_GMP -I../.././../gmp/gmp-5.1.1 -O2 -pedantic -fomit-frame-pointer -m64 -mtune=k8 -march=k8 -c ../.././../gmp/gmp-5.1.1/mpz/cdiv_q_ui.c -o cdiv_q_ui.o
/bin/bash ../libtool --tag=CC   --mode=compile gcc-4.7 -std=gnu99 -DHAVE_CONFIG_H -I. -I../.././../gmp/gmp-5.1.1/mpz -I.. -D__GMP_WITHIN_GMP -I../.././../gmp/gmp-5.1.1    -O2 -pedantic -fomit-frame-pointer -m64 -mtune=k8 -march=k8 -c -o cdiv_r.lo ../.././../gmp/gmp-5.1.1/mpz/cdiv_r.c
/bin/bash ../libtool --tag=CC   --mode=compile gcc-4.7 -std=gnu99 -DHAVE_CONFIG_H -I. -I../.././../gmp/gmp-5.1.1/mpz -I.. -D__GMP_WITHIN_GMP -I../.././../gmp/gmp-5.1.1    -O2 -pedantic -fomit-frame-pointer -m64 -mtune=k8 -march=k8 -c -o cdiv_r_ui.lo ../.././../gmp/gmp-5.1.1/mpz/cdiv_r_ui.c
libtool: link: ( cd ".libs" && rm -f "libbfd.la" && ln -s "../libbfd.la" "libbfd.la" )
libtool: compile:  gcc-4.7 -std=gnu99 -DHAVE_CONFIG_H -I. -I../.././../gmp/gmp-5.1.1/mpz -I.. -D__GMP_WITHIN_GMP -I../.././../gmp/gmp-5.1.1 -O2 -pedantic -fomit-frame-pointer -m64 -mtune=k8 -march=k8 -c ../.././../gmp/gmp-5.1.1/mpz/cdiv_r.c -o cdiv_r.o
/bin/bash ../libtool --tag=CC   --mode=compile gcc-4.7 -std=gnu99 -DHAVE_CONFIG_H -I. -I../.././../gmp/gmp-5.1.1/mpz -I.. -D__GMP_WITHIN_GMP -I../.././../gmp/gmp-5.1.1    -O2 -pedantic -fomit-frame-pointer -m64 -mtune=k8 -march=k8 -c -o cdiv_ui.lo ../.././../gmp/gmp-5.1.1/mpz/cdiv_ui.c
/bin/bash ../libtool --tag=CC   --mode=compile gcc-4.7 -std=gnu99 -DHAVE_CONFIG_H -I. -I../.././../gmp/gmp-5.1.1/mpz -I.. -D__GMP_WITHIN_GMP -I../.././../gmp/gmp-5.1.1    -O2 -pedantic -fomit-frame-pointer -m64 -mtune=k8 -march=k8 -c -o cfdiv_q_2exp.lo ../.././../gmp/gmp-5.1.1/mpz/cfdiv_q_2exp.c
libtooldir=`/bin/bash ./libtool --config | sed -n -e 's/^objdir=//p'`; \
	if [ -f $libtooldir/libbfd.a ]; then \
	  cp $libtooldir/libbfd.a libbfd.tmp; \
	  ranlib libbfd.tmp; \
	  /bin/bash ../.././../binutils/binutils-2.23.1/bfd/../move-if-change libbfd.tmp libbfd.a; \
	else true; fi
yes
/bin/bash ../libtool --tag=CC   --mode=compile gcc-4.7 -std=gnu99 -DHAVE_CONFIG_H -I. -I../.././../gmp/gmp-5.1.1/mpz -I.. -D__GMP_WITHIN_GMP -I../.././../gmp/gmp-5.1.1    -O2 -pedantic -fomit-frame-pointer -m64 -mtune=k8 -march=k8 -c -o cfdiv_r_2exp.lo ../.././../gmp/gmp-5.1.1/mpz/cfdiv_r_2exp.c
checking for ftello64... /bin/bash ../libtool --tag=CC   --mode=compile gcc-4.7 -std=gnu99 -DHAVE_CONFIG_H -I. -I../.././../gmp/gmp-5.1.1/mpz -I.. -D__GMP_WITHIN_GMP -I../.././../gmp/gmp-5.1.1    -O2 -pedantic -fomit-frame-pointer -m64 -mtune=k8 -march=k8 -c -o clear.lo ../.././../gmp/gmp-5.1.1/mpz/clear.c
/bin/bash ../libtool --tag=CC   --mode=compile gcc-4.7 -std=gnu99 -DHAVE_CONFIG_H -I. -I../.././../gmp/gmp-5.1.1/mpz -I.. -D__GMP_WITHIN_GMP -I../.././../gmp/gmp-5.1.1    -O2 -pedantic -fomit-frame-pointer -m64 -mtune=k8 -march=k8 -c -o clears.lo ../.././../gmp/gmp-5.1.1/mpz/clears.c
libtool: compile:  gcc-4.7 -std=gnu99 -DHAVE_CONFIG_H -I. -I../.././../gmp/gmp-5.1.1/mpz -I.. -D__GMP_WITHIN_GMP -I../.././../gmp/gmp-5.1.1 -O2 -pedantic -fomit-frame-pointer -m64 -mtune=k8 -march=k8 -c ../.././../gmp/gmp-5.1.1/mpz/cdiv_r_ui.c -o cdiv_r_ui.o
libtool: compile:  gcc-4.7 -std=gnu99 -DHAVE_CONFIG_H -I. -I../.././../gmp/gmp-5.1.1/mpz -I.. -D__GMP_WITHIN_GMP -I../.././../gmp/gmp-5.1.1 -O2 -pedantic -fomit-frame-pointer -m64 -mtune=k8 -march=k8 -c ../.././../gmp/gmp-5.1.1/mpz/cdiv_ui.c -o cdiv_ui.o
libtool: compile:  gcc-4.7 -std=gnu99 -DHAVE_CONFIG_H -I. -I../.././../gmp/gmp-5.1.1/mpz -I.. -D__GMP_WITHIN_GMP -I../.././../gmp/gmp-5.1.1 -O2 -pedantic -fomit-frame-pointer -m64 -mtune=k8 -march=k8 -c ../.././../gmp/gmp-5.1.1/mpz/clear.c -o clear.o
libtool: compile:  gcc-4.7 -std=gnu99 -DHAVE_CONFIG_H -I. -I../.././../gmp/gmp-5.1.1/mpz -I.. -D__GMP_WITHIN_GMP -I../.././../gmp/gmp-5.1.1 -O2 -pedantic -fomit-frame-pointer -m64 -mtune=k8 -march=k8 -c ../.././../gmp/gmp-5.1.1/mpz/cfdiv_q_2exp.c -o cfdiv_q_2exp.o
libtool: compile:  gcc-4.7 -std=gnu99 -DHAVE_CONFIG_H -I. -I../.././../gmp/gmp-5.1.1/mpz -I.. -D__GMP_WITHIN_GMP -I../.././../gmp/gmp-5.1.1 -O2 -pedantic -fomit-frame-pointer -m64 -mtune=k8 -march=k8 -c ../.././../gmp/gmp-5.1.1/mpz/clears.c -o clears.o
/bin/bash ../libtool --tag=CC   --mode=compile gcc-4.7 -std=gnu99 -DHAVE_CONFIG_H -I. -I../.././../gmp/gmp-5.1.1/mpz -I.. -D__GMP_WITHIN_GMP -I../.././../gmp/gmp-5.1.1    -O2 -pedantic -fomit-frame-pointer -m64 -mtune=k8 -march=k8 -c -o clrbit.lo ../.././../gmp/gmp-5.1.1/mpz/clrbit.c
libtool: compile:  gcc-4.7 -std=gnu99 -DHAVE_CONFIG_H -I. -I../.././../gmp/gmp-5.1.1/mpz -I.. -D__GMP_WITHIN_GMP -I../.././../gmp/gmp-5.1.1 -O2 -pedantic -fomit-frame-pointer -m64 -mtune=k8 -march=k8 -c ../.././../gmp/gmp-5.1.1/mpz/cfdiv_r_2exp.c -o cfdiv_r_2exp.o
/bin/bash ../libtool --tag=CC   --mode=compile gcc-4.7 -std=gnu99 -DHAVE_CONFIG_H -I. -I../.././../gmp/gmp-5.1.1/mpz -I.. -D__GMP_WITHIN_GMP -I../.././../gmp/gmp-5.1.1    -O2 -pedantic -fomit-frame-pointer -m64 -mtune=k8 -march=k8 -c -o cmp.lo ../.././../gmp/gmp-5.1.1/mpz/cmp.c
/bin/bash ../libtool --tag=CC   --mode=compile gcc-4.7 -std=gnu99 -DHAVE_CONFIG_H -I. -I../.././../gmp/gmp-5.1.1/mpz -I.. -D__GMP_WITHIN_GMP -I../.././../gmp/gmp-5.1.1    -O2 -pedantic -fomit-frame-pointer -m64 -mtune=k8 -march=k8 -c -o cmp_d.lo ../.././../gmp/gmp-5.1.1/mpz/cmp_d.c
libtool: compile:  gcc-4.7 -std=gnu99 -DHAVE_CONFIG_H -I. -I../.././../gmp/gmp-5.1.1/mpz -I.. -D__GMP_WITHIN_GMP -I../.././../gmp/gmp-5.1.1 -O2 -pedantic -fomit-frame-pointer -m64 -mtune=k8 -march=k8 -c ../.././../gmp/gmp-5.1.1/mpz/clrbit.c -o clrbit.o
yes
/bin/bash ../libtool --tag=CC   --mode=compile gcc-4.7 -std=gnu99 -DHAVE_CONFIG_H -I. -I../.././../gmp/gmp-5.1.1/mpz -I.. -D__GMP_WITHIN_GMP -I../.././../gmp/gmp-5.1.1    -O2 -pedantic -fomit-frame-pointer -m64 -mtune=k8 -march=k8 -c -o cmp_si.lo ../.././../gmp/gmp-5.1.1/mpz/cmp_si.c
libtool: compile:  gcc-4.7 -std=gnu99 -DHAVE_CONFIG_H -I. -I../.././../gmp/gmp-5.1.1/mpz -I.. -D__GMP_WITHIN_GMP -I../.././../gmp/gmp-5.1.1 -O2 -pedantic -fomit-frame-pointer -m64 -mtune=k8 -march=k8 -c ../.././../gmp/gmp-5.1.1/mpz/cmp.c -o cmp.o
touch stamp-lib
checking for fseeko... /bin/bash ../libtool --tag=CC   --mode=compile gcc-4.7 -std=gnu99 -DHAVE_CONFIG_H -I. -I../.././../gmp/gmp-5.1.1/mpz -I.. -D__GMP_WITHIN_GMP -I../.././../gmp/gmp-5.1.1    -O2 -pedantic -fomit-frame-pointer -m64 -mtune=k8 -march=k8 -c -o cmp_ui.lo ../.././../gmp/gmp-5.1.1/mpz/cmp_ui.c
libtool: compile:  gcc-4.7 -std=gnu99 -DHAVE_CONFIG_H -I. -I../.././../gmp/gmp-5.1.1/mpz -I.. -D__GMP_WITHIN_GMP -I../.././../gmp/gmp-5.1.1 -O2 -pedantic -fomit-frame-pointer -m64 -mtune=k8 -march=k8 -c ../.././../gmp/gmp-5.1.1/mpz/cmp_d.c -o cmp_d.o
make[5]: Leaving directory `/home/sparksco/android/toolchain/aosp/build/binutils-2.23.1/bfd'
make[4]: Leaving directory `/home/sparksco/android/toolchain/aosp/build/binutils-2.23.1/bfd'
make[3]: Leaving directory `/home/sparksco/android/toolchain/aosp/build/binutils-2.23.1/bfd'
libtool: compile:  gcc-4.7 -std=gnu99 -DHAVE_CONFIG_H -I. -I../.././../gmp/gmp-5.1.1/mpz -I.. -D__GMP_WITHIN_GMP -I../.././../gmp/gmp-5.1.1 -O2 -pedantic -fomit-frame-pointer -m64 -mtune=k8 -march=k8 -c ../.././../gmp/gmp-5.1.1/mpz/cmp_si.c -o cmp_si.o
/bin/bash ../libtool --tag=CC   --mode=compile gcc-4.7 -std=gnu99 -DHAVE_CONFIG_H -I. -I../.././../gmp/gmp-5.1.1/mpz -I.. -D__GMP_WITHIN_GMP -I../.././../gmp/gmp-5.1.1    -O2 -pedantic -fomit-frame-pointer -m64 -mtune=k8 -march=k8 -c -o cmpabs.lo ../.././../gmp/gmp-5.1.1/mpz/cmpabs.c
/bin/bash ../libtool --tag=CC   --mode=compile gcc-4.7 -std=gnu99 -DHAVE_CONFIG_H -I. -I../.././../gmp/gmp-5.1.1/mpz -I.. -D__GMP_WITHIN_GMP -I../.././../gmp/gmp-5.1.1    -O2 -pedantic -fomit-frame-pointer -m64 -mtune=k8 -march=k8 -c -o cmpabs_d.lo ../.././../gmp/gmp-5.1.1/mpz/cmpabs_d.c
/bin/bash ../libtool --tag=CC   --mode=compile gcc-4.7 -std=gnu99 -DHAVE_CONFIG_H -I. -I../.././../gmp/gmp-5.1.1/mpz -I.. -D__GMP_WITHIN_GMP -I../.././../gmp/gmp-5.1.1    -O2 -pedantic -fomit-frame-pointer -m64 -mtune=k8 -march=k8 -c -o cmpabs_ui.lo ../.././../gmp/gmp-5.1.1/mpz/cmpabs_ui.c
libtool: compile:  gcc-4.7 -std=gnu99 -DHAVE_CONFIG_H -I. -I../.././../gmp/gmp-5.1.1/mpz -I.. -D__GMP_WITHIN_GMP -I../.././../gmp/gmp-5.1.1 -O2 -pedantic -fomit-frame-pointer -m64 -mtune=k8 -march=k8 -c ../.././../gmp/gmp-5.1.1/mpz/cmp_ui.c -o cmp_ui.o
yes
checking for fseeko64... libtool: compile:  gcc-4.7 -std=gnu99 -DHAVE_CONFIG_H -I. -I../.././../gmp/gmp-5.1.1/mpz -I.. -D__GMP_WITHIN_GMP -I../.././../gmp/gmp-5.1.1 -O2 -pedantic -fomit-frame-pointer -m64 -mtune=k8 -march=k8 -c ../.././../gmp/gmp-5.1.1/mpz/cmpabs_d.c -o cmpabs_d.o
/bin/bash ../libtool --tag=CC   --mode=compile gcc-4.7 -std=gnu99 -DHAVE_CONFIG_H -I. -I../.././../gmp/gmp-5.1.1/mpz -I.. -D__GMP_WITHIN_GMP -I../.././../gmp/gmp-5.1.1    -O2 -pedantic -fomit-frame-pointer -m64 -mtune=k8 -march=k8 -c -o com.lo ../.././../gmp/gmp-5.1.1/mpz/com.c
make[3]: Entering directory `/home/sparksco/android/toolchain/aosp/build/binutils-2.23.1/opcodes'
libtool: compile:  gcc-4.7 -std=gnu99 -DHAVE_CONFIG_H -I. -I../.././../gmp/gmp-5.1.1/mpz -I.. -D__GMP_WITHIN_GMP -I../.././../gmp/gmp-5.1.1 -O2 -pedantic -fomit-frame-pointer -m64 -mtune=k8 -march=k8 -c ../.././../gmp/gmp-5.1.1/mpz/cmpabs.c -o cmpabs.o
make  all-recursive
libtool: compile:  gcc-4.7 -std=gnu99 -DHAVE_CONFIG_H -I. -I../.././../gmp/gmp-5.1.1/mpz -I.. -D__GMP_WITHIN_GMP -I../.././../gmp/gmp-5.1.1 -O2 -pedantic -fomit-frame-pointer -m64 -mtune=k8 -march=k8 -c ../.././../gmp/gmp-5.1.1/mpz/cmpabs_ui.c -o cmpabs_ui.o
/bin/bash ../libtool --tag=CC   --mode=compile gcc-4.7 -std=gnu99 -DHAVE_CONFIG_H -I. -I../.././../gmp/gmp-5.1.1/mpz -I.. -D__GMP_WITHIN_GMP -I../.././../gmp/gmp-5.1.1    -O2 -pedantic -fomit-frame-pointer -m64 -mtune=k8 -march=k8 -c -o combit.lo ../.././../gmp/gmp-5.1.1/mpz/combit.c
/bin/bash ../libtool --tag=CC   --mode=compile gcc-4.7 -std=gnu99 -DHAVE_CONFIG_H -I. -I../.././../gmp/gmp-5.1.1/mpz -I.. -D__GMP_WITHIN_GMP -I../.././../gmp/gmp-5.1.1    -O2 -pedantic -fomit-frame-pointer -m64 -mtune=k8 -march=k8 -c -o cong.lo ../.././../gmp/gmp-5.1.1/mpz/cong.c
libtool: compile:  gcc-4.7 -std=gnu99 -DHAVE_CONFIG_H -I. -I../.././../gmp/gmp-5.1.1/mpz -I.. -D__GMP_WITHIN_GMP -I../.././../gmp/gmp-5.1.1 -O2 -pedantic -fomit-frame-pointer -m64 -mtune=k8 -march=k8 -c ../.././../gmp/gmp-5.1.1/mpz/com.c -o com.o
/bin/bash ../libtool --tag=CC   --mode=compile gcc-4.7 -std=gnu99 -DHAVE_CONFIG_H -I. -I../.././../gmp/gmp-5.1.1/mpz -I.. -D__GMP_WITHIN_GMP -I../.././../gmp/gmp-5.1.1    -O2 -pedantic -fomit-frame-pointer -m64 -mtune=k8 -march=k8 -c -o cong_2exp.lo ../.././../gmp/gmp-5.1.1/mpz/cong_2exp.c
make[4]: Entering directory `/home/sparksco/android/toolchain/aosp/build/binutils-2.23.1/opcodes'
libtool: compile:  gcc-4.7 -std=gnu99 -DHAVE_CONFIG_H -I. -I../.././../gmp/gmp-5.1.1/mpz -I.. -D__GMP_WITHIN_GMP -I../.././../gmp/gmp-5.1.1 -O2 -pedantic -fomit-frame-pointer -m64 -mtune=k8 -march=k8 -c ../.././../gmp/gmp-5.1.1/mpz/combit.c -o combit.o
yes
Making all in .
/bin/bash ../libtool --tag=CC   --mode=compile gcc-4.7 -std=gnu99 -DHAVE_CONFIG_H -I. -I../.././../gmp/gmp-5.1.1/mpz -I.. -D__GMP_WITHIN_GMP -I../.././../gmp/gmp-5.1.1    -O2 -pedantic -fomit-frame-pointer -m64 -mtune=k8 -march=k8 -c -o cong_ui.lo ../.././../gmp/gmp-5.1.1/mpz/cong_ui.c
/bin/bash ../libtool --tag=CC   --mode=compile gcc-4.7 -std=gnu99 -DHAVE_CONFIG_H -I. -I../.././../gmp/gmp-5.1.1/mpz -I.. -D__GMP_WITHIN_GMP -I../.././../gmp/gmp-5.1.1    -O2 -pedantic -fomit-frame-pointer -m64 -mtune=k8 -march=k8 -c -o divexact.lo ../.././../gmp/gmp-5.1.1/mpz/divexact.c
libtool: compile:  gcc-4.7 -std=gnu99 -DHAVE_CONFIG_H -I. -I../.././../gmp/gmp-5.1.1/mpz -I.. -D__GMP_WITHIN_GMP -I../.././../gmp/gmp-5.1.1 -O2 -pedantic -fomit-frame-pointer -m64 -mtune=k8 -march=k8 -c ../.././../gmp/gmp-5.1.1/mpz/cong.c -o cong.o
libtool: compile:  gcc-4.7 -std=gnu99 -DHAVE_CONFIG_H -I. -I../.././../gmp/gmp-5.1.1/mpz -I.. -D__GMP_WITHIN_GMP -I../.././../gmp/gmp-5.1.1 -O2 -pedantic -fomit-frame-pointer -m64 -mtune=k8 -march=k8 -c ../.././../gmp/gmp-5.1.1/mpz/cong_2exp.c -o cong_2exp.o
/bin/bash ../libtool --tag=CC   --mode=compile gcc-4.7 -std=gnu99 -DHAVE_CONFIG_H -I. -I../.././../gmp/gmp-5.1.1/mpz -I.. -D__GMP_WITHIN_GMP -I../.././../gmp/gmp-5.1.1    -O2 -pedantic -fomit-frame-pointer -m64 -mtune=k8 -march=k8 -c -o divegcd.lo ../.././../gmp/gmp-5.1.1/mpz/divegcd.c
checking for fopen64... /bin/bash ../libtool --tag=CC   --mode=compile gcc-4.7 -std=gnu99 -DHAVE_CONFIG_H -I. -I../.././../gmp/gmp-5.1.1/mpz -I.. -D__GMP_WITHIN_GMP -I../.././../gmp/gmp-5.1.1    -O2 -pedantic -fomit-frame-pointer -m64 -mtune=k8 -march=k8 -c -o dive_ui.lo ../.././../gmp/gmp-5.1.1/mpz/dive_ui.c
make[5]: Entering directory `/home/sparksco/android/toolchain/aosp/build/binutils-2.23.1/opcodes'
/bin/bash ./libtool --tag=CC   --mode=compile gcc-4.7 -DHAVE_CONFIG_H -I. -I../.././../binutils/binutils-2.23.1/opcodes  -I. -I../.././../binutils/binutils-2.23.1/opcodes -I../bfd -I../.././../binutils/binutils-2.23.1/opcodes/../include -I../.././../binutils/binutils-2.23.1/opcodes/../bfd    -W -Wall -Wstrict-prototypes -Wmissing-prototypes -Wshadow -Werror -g -O2 -MT dis-buf.lo -MD -MP -MF .deps/dis-buf.Tpo -c -o dis-buf.lo ../.././../binutils/binutils-2.23.1/opcodes/dis-buf.c
libtool: compile:  gcc-4.7 -std=gnu99 -DHAVE_CONFIG_H -I. -I../.././../gmp/gmp-5.1.1/mpz -I.. -D__GMP_WITHIN_GMP -I../.././../gmp/gmp-5.1.1 -O2 -pedantic -fomit-frame-pointer -m64 -mtune=k8 -march=k8 -c ../.././../gmp/gmp-5.1.1/mpz/cong_ui.c -o cong_ui.o
libtool: compile:  gcc-4.7 -std=gnu99 -DHAVE_CONFIG_H -I. -I../.././../gmp/gmp-5.1.1/mpz -I.. -D__GMP_WITHIN_GMP -I../.././../gmp/gmp-5.1.1 -O2 -pedantic -fomit-frame-pointer -m64 -mtune=k8 -march=k8 -c ../.././../gmp/gmp-5.1.1/mpz/divexact.c -o divexact.o
libtool: compile:  gcc-4.7 -std=gnu99 -DHAVE_CONFIG_H -I. -I../.././../gmp/gmp-5.1.1/mpz -I.. -D__GMP_WITHIN_GMP -I../.././../gmp/gmp-5.1.1 -O2 -pedantic -fomit-frame-pointer -m64 -mtune=k8 -march=k8 -c ../.././../gmp/gmp-5.1.1/mpz/divegcd.c -o divegcd.o
libtool: compile:  gcc-4.7 -std=gnu99 -DHAVE_CONFIG_H -I. -I../.././../gmp/gmp-5.1.1/mpz -I.. -D__GMP_WITHIN_GMP -I../.././../gmp/gmp-5.1.1 -O2 -pedantic -fomit-frame-pointer -m64 -mtune=k8 -march=k8 -c ../.././../gmp/gmp-5.1.1/mpz/dive_ui.c -o dive_ui.o
libtool: compile:  gcc-4.7 -DHAVE_CONFIG_H -I. -I../.././../binutils/binutils-2.23.1/opcodes -I. -I../.././../binutils/binutils-2.23.1/opcodes -I../bfd -I../.././../binutils/binutils-2.23.1/opcodes/../include -I../.././../binutils/binutils-2.23.1/opcodes/../bfd -W -Wall -Wstrict-prototypes -Wmissing-prototypes -Wshadow -Werror -g -O2 -MT dis-buf.lo -MD -MP -MF .deps/dis-buf.Tpo -c ../.././../binutils/binutils-2.23.1/opcodes/dis-buf.c -o dis-buf.o
/bin/bash ./libtool --tag=CC   --mode=compile gcc-4.7 -DHAVE_CONFIG_H -I. -I../.././../binutils/binutils-2.23.1/opcodes  -I. -I../.././../binutils/binutils-2.23.1/opcodes -I../bfd -I../.././../binutils/binutils-2.23.1/opcodes/../include -I../.././../binutils/binutils-2.23.1/opcodes/../bfd    -W -Wall -Wstrict-prototypes -Wmissing-prototypes -Wshadow -Werror -g -O2 -MT disassemble.lo -MD -MP -MF .deps/disassemble.Tpo -c -o disassemble.lo  -DARCH_arm ../.././../binutils/binutils-2.23.1/opcodes/disassemble.c
/bin/bash ../libtool --tag=CC   --mode=compile gcc-4.7 -std=gnu99 -DHAVE_CONFIG_H -I. -I../.././../gmp/gmp-5.1.1/mpz -I.. -D__GMP_WITHIN_GMP -I../.././../gmp/gmp-5.1.1    -O2 -pedantic -fomit-frame-pointer -m64 -mtune=k8 -march=k8 -c -o divis.lo ../.././../gmp/gmp-5.1.1/mpz/divis.c
/bin/bash ./libtool --tag=CC   --mode=compile gcc-4.7 -DHAVE_CONFIG_H -I. -I../.././../binutils/binutils-2.23.1/opcodes  -I. -I../.././../binutils/binutils-2.23.1/opcodes -I../bfd -I../.././../binutils/binutils-2.23.1/opcodes/../include -I../.././../binutils/binutils-2.23.1/opcodes/../bfd    -W -Wall -Wstrict-prototypes -Wmissing-prototypes -Wshadow -Werror -g -O2 -MT dis-init.lo -MD -MP -MF .deps/dis-init.Tpo -c -o dis-init.lo ../.././../binutils/binutils-2.23.1/opcodes/dis-init.c
yes
checking size of off_t... /bin/bash ../libtool --tag=CC   --mode=compile gcc-4.7 -std=gnu99 -DHAVE_CONFIG_H -I. -I../.././../gmp/gmp-5.1.1/mpz -I.. -D__GMP_WITHIN_GMP -I../.././../gmp/gmp-5.1.1    -O2 -pedantic -fomit-frame-pointer -m64 -mtune=k8 -march=k8 -c -o divis_ui.lo ../.././../gmp/gmp-5.1.1/mpz/divis_ui.c
/bin/bash ../libtool --tag=CC   --mode=compile gcc-4.7 -std=gnu99 -DHAVE_CONFIG_H -I. -I../.././../gmp/gmp-5.1.1/mpz -I.. -D__GMP_WITHIN_GMP -I../.././../gmp/gmp-5.1.1    -O2 -pedantic -fomit-frame-pointer -m64 -mtune=k8 -march=k8 -c -o divis_2exp.lo ../.././../gmp/gmp-5.1.1/mpz/divis_2exp.c
libtool: compile:  gcc-4.7 -DHAVE_CONFIG_H -I. -I../.././../binutils/binutils-2.23.1/opcodes -I. -I../.././../binutils/binutils-2.23.1/opcodes -I../bfd -I../.././../binutils/binutils-2.23.1/opcodes/../include -I../.././../binutils/binutils-2.23.1/opcodes/../bfd -W -Wall -Wstrict-prototypes -Wmissing-prototypes -Wshadow -Werror -g -O2 -MT disassemble.lo -MD -MP -MF .deps/disassemble.Tpo -c -DARCH_arm ../.././../binutils/binutils-2.23.1/opcodes/disassemble.c -o disassemble.o
/bin/bash ../libtool --tag=CC   --mode=compile gcc-4.7 -std=gnu99 -DHAVE_CONFIG_H -I. -I../.././../gmp/gmp-5.1.1/mpz -I.. -D__GMP_WITHIN_GMP -I../.././../gmp/gmp-5.1.1    -O2 -pedantic -fomit-frame-pointer -m64 -mtune=k8 -march=k8 -c -o dump.lo ../.././../gmp/gmp-5.1.1/mpz/dump.c
libtool: compile:  gcc-4.7 -DHAVE_CONFIG_H -I. -I../.././../binutils/binutils-2.23.1/opcodes -I. -I../.././../binutils/binutils-2.23.1/opcodes -I../bfd -I../.././../binutils/binutils-2.23.1/opcodes/../include -I../.././../binutils/binutils-2.23.1/opcodes/../bfd -W -Wall -Wstrict-prototypes -Wmissing-prototypes -Wshadow -Werror -g -O2 -MT dis-init.lo -MD -MP -MF .deps/dis-init.Tpo -c ../.././../binutils/binutils-2.23.1/opcodes/dis-init.c -o dis-init.o
libtool: compile:  gcc-4.7 -std=gnu99 -DHAVE_CONFIG_H -I. -I../.././../gmp/gmp-5.1.1/mpz -I.. -D__GMP_WITHIN_GMP -I../.././../gmp/gmp-5.1.1 -O2 -pedantic -fomit-frame-pointer -m64 -mtune=k8 -march=k8 -c ../.././../gmp/gmp-5.1.1/mpz/divis.c -o divis.o
/bin/bash ../libtool --tag=CC   --mode=compile gcc-4.7 -std=gnu99 -DHAVE_CONFIG_H -I. -I../.././../gmp/gmp-5.1.1/mpz -I.. -D__GMP_WITHIN_GMP -I../.././../gmp/gmp-5.1.1    -O2 -pedantic -fomit-frame-pointer -m64 -mtune=k8 -march=k8 -c -o export.lo ../.././../gmp/gmp-5.1.1/mpz/export.c
libtool: compile:  gcc-4.7 -std=gnu99 -DHAVE_CONFIG_H -I. -I../.././../gmp/gmp-5.1.1/mpz -I.. -D__GMP_WITHIN_GMP -I../.././../gmp/gmp-5.1.1 -O2 -pedantic -fomit-frame-pointer -m64 -mtune=k8 -march=k8 -c ../.././../gmp/gmp-5.1.1/mpz/divis_ui.c -o divis_ui.o
/bin/bash ../libtool --tag=CC   --mode=compile gcc-4.7 -std=gnu99 -DHAVE_CONFIG_H -I. -I../.././../gmp/gmp-5.1.1/mpz -I.. -D__GMP_WITHIN_GMP -I../.././../gmp/gmp-5.1.1    -O2 -pedantic -fomit-frame-pointer -m64 -mtune=k8 -march=k8 -c -o fac_ui.lo ../.././../gmp/gmp-5.1.1/mpz/fac_ui.c
libtool: compile:  gcc-4.7 -std=gnu99 -DHAVE_CONFIG_H -I. -I../.././../gmp/gmp-5.1.1/mpz -I.. -D__GMP_WITHIN_GMP -I../.././../gmp/gmp-5.1.1 -O2 -pedantic -fomit-frame-pointer -m64 -mtune=k8 -march=k8 -c ../.././../gmp/gmp-5.1.1/mpz/divis_2exp.c -o divis_2exp.o
libtool: compile:  gcc-4.7 -std=gnu99 -DHAVE_CONFIG_H -I. -I../.././../gmp/gmp-5.1.1/mpz -I.. -D__GMP_WITHIN_GMP -I../.././../gmp/gmp-5.1.1 -O2 -pedantic -fomit-frame-pointer -m64 -mtune=k8 -march=k8 -c ../.././../gmp/gmp-5.1.1/mpz/dump.c -o dump.o
libtool: compile:  gcc-4.7 -std=gnu99 -DHAVE_CONFIG_H -I. -I../.././../gmp/gmp-5.1.1/mpz -I.. -D__GMP_WITHIN_GMP -I../.././../gmp/gmp-5.1.1 -O2 -pedantic -fomit-frame-pointer -m64 -mtune=k8 -march=k8 -c ../.././../gmp/gmp-5.1.1/mpz/export.c -o export.o
libtool: compile:  gcc-4.7 -std=gnu99 -DHAVE_CONFIG_H -I. -I../.././../gmp/gmp-5.1.1/mpz -I.. -D__GMP_WITHIN_GMP -I../.././../gmp/gmp-5.1.1 -O2 -pedantic -fomit-frame-pointer -m64 -mtune=k8 -march=k8 -c ../.././../gmp/gmp-5.1.1/mpz/fac_ui.c -o fac_ui.o
mv -f .deps/dis-buf.Tpo .deps/dis-buf.Plo
/bin/bash ../libtool --tag=CC   --mode=compile gcc-4.7 -std=gnu99 -DHAVE_CONFIG_H -I. -I../.././../gmp/gmp-5.1.1/mpz -I.. -D__GMP_WITHIN_GMP -I../.././../gmp/gmp-5.1.1    -O2 -pedantic -fomit-frame-pointer -m64 -mtune=k8 -march=k8 -c -o fdiv_q.lo ../.././../gmp/gmp-5.1.1/mpz/fdiv_q.c
/bin/bash ../libtool --tag=CC   --mode=compile gcc-4.7 -std=gnu99 -DHAVE_CONFIG_H -I. -I../.././../gmp/gmp-5.1.1/mpz -I.. -D__GMP_WITHIN_GMP -I../.././../gmp/gmp-5.1.1    -O2 -pedantic -fomit-frame-pointer -m64 -mtune=k8 -march=k8 -c -o fdiv_q_ui.lo ../.././../gmp/gmp-5.1.1/mpz/fdiv_q_ui.c
/bin/bash ./libtool --tag=CC   --mode=compile gcc-4.7 -DHAVE_CONFIG_H -I. -I../.././../binutils/binutils-2.23.1/opcodes  -I. -I../.././../binutils/binutils-2.23.1/opcodes -I../bfd -I../.././../binutils/binutils-2.23.1/opcodes/../include -I../.././../binutils/binutils-2.23.1/opcodes/../bfd    -W -Wall -Wstrict-prototypes -Wmissing-prototypes -Wshadow -Werror -g -O2 -MT arm-dis.lo -MD -MP -MF .deps/arm-dis.Tpo -c -o arm-dis.lo ../.././../binutils/binutils-2.23.1/opcodes/arm-dis.c
mv -f .deps/disassemble.Tpo .deps/disassemble.Plo
/bin/bash ../libtool --tag=CC   --mode=compile gcc-4.7 -std=gnu99 -DHAVE_CONFIG_H -I. -I../.././../gmp/gmp-5.1.1/mpz -I.. -D__GMP_WITHIN_GMP -I../.././../gmp/gmp-5.1.1    -O2 -pedantic -fomit-frame-pointer -m64 -mtune=k8 -march=k8 -c -o fdiv_qr.lo ../.././../gmp/gmp-5.1.1/mpz/fdiv_qr.c
mv -f .deps/dis-init.Tpo .deps/dis-init.Plo
/bin/bash ../libtool --tag=CC   --mode=compile gcc-4.7 -std=gnu99 -DHAVE_CONFIG_H -I. -I../.././../gmp/gmp-5.1.1/mpz -I.. -D__GMP_WITHIN_GMP -I../.././../gmp/gmp-5.1.1    -O2 -pedantic -fomit-frame-pointer -m64 -mtune=k8 -march=k8 -c -o fdiv_qr_ui.lo ../.././../gmp/gmp-5.1.1/mpz/fdiv_qr_ui.c
libtool: compile:  gcc-4.7 -std=gnu99 -DHAVE_CONFIG_H -I. -I../.././../gmp/gmp-5.1.1/mpz -I.. -D__GMP_WITHIN_GMP -I../.././../gmp/gmp-5.1.1 -O2 -pedantic -fomit-frame-pointer -m64 -mtune=k8 -march=k8 -c ../.././../gmp/gmp-5.1.1/mpz/fdiv_q.c -o fdiv_q.o
/bin/bash ../libtool --tag=CC   --mode=compile gcc-4.7 -std=gnu99 -DHAVE_CONFIG_H -I. -I../.././../gmp/gmp-5.1.1/mpz -I.. -D__GMP_WITHIN_GMP -I../.././../gmp/gmp-5.1.1    -O2 -pedantic -fomit-frame-pointer -m64 -mtune=k8 -march=k8 -c -o fdiv_r.lo ../.././../gmp/gmp-5.1.1/mpz/fdiv_r.c
/bin/bash ../libtool --tag=CC   --mode=compile gcc-4.7 -std=gnu99 -DHAVE_CONFIG_H -I. -I../.././../gmp/gmp-5.1.1/mpz -I.. -D__GMP_WITHIN_GMP -I../.././../gmp/gmp-5.1.1    -O2 -pedantic -fomit-frame-pointer -m64 -mtune=k8 -march=k8 -c -o fdiv_r_ui.lo ../.././../gmp/gmp-5.1.1/mpz/fdiv_r_ui.c
libtool: compile:  gcc-4.7 -std=gnu99 -DHAVE_CONFIG_H -I. -I../.././../gmp/gmp-5.1.1/mpz -I.. -D__GMP_WITHIN_GMP -I../.././../gmp/gmp-5.1.1 -O2 -pedantic -fomit-frame-pointer -m64 -mtune=k8 -march=k8 -c ../.././../gmp/gmp-5.1.1/mpz/fdiv_q_ui.c -o fdiv_q_ui.o
libtool: compile:  gcc-4.7 -DHAVE_CONFIG_H -I. -I../.././../binutils/binutils-2.23.1/opcodes -I. -I../.././../binutils/binutils-2.23.1/opcodes -I../bfd -I../.././../binutils/binutils-2.23.1/opcodes/../include -I../.././../binutils/binutils-2.23.1/opcodes/../bfd -W -Wall -Wstrict-prototypes -Wmissing-prototypes -Wshadow -Werror -g -O2 -MT arm-dis.lo -MD -MP -MF .deps/arm-dis.Tpo -c ../.././../binutils/binutils-2.23.1/opcodes/arm-dis.c -o arm-dis.o
8
libtool: compile:  gcc-4.7 -std=gnu99 -DHAVE_CONFIG_H -I. -I../.././../gmp/gmp-5.1.1/mpz -I.. -D__GMP_WITHIN_GMP -I../.././../gmp/gmp-5.1.1 -O2 -pedantic -fomit-frame-pointer -m64 -mtune=k8 -march=k8 -c ../.././../gmp/gmp-5.1.1/mpz/fdiv_qr.c -o fdiv_qr.o
libtool: compile:  gcc-4.7 -std=gnu99 -DHAVE_CONFIG_H -I. -I../.././../gmp/gmp-5.1.1/mpz -I.. -D__GMP_WITHIN_GMP -I../.././../gmp/gmp-5.1.1 -O2 -pedantic -fomit-frame-pointer -m64 -mtune=k8 -march=k8 -c ../.././../gmp/gmp-5.1.1/mpz/fdiv_qr_ui.c -o fdiv_qr_ui.o
libtool: compile:  gcc-4.7 -std=gnu99 -DHAVE_CONFIG_H -I. -I../.././../gmp/gmp-5.1.1/mpz -I.. -D__GMP_WITHIN_GMP -I../.././../gmp/gmp-5.1.1 -O2 -pedantic -fomit-frame-pointer -m64 -mtune=k8 -march=k8 -c ../.././../gmp/gmp-5.1.1/mpz/fdiv_r_ui.c -o fdiv_r_ui.o
checking file_ptr type... BFD_HOST_64_BIT
checking for stdlib.h... (cached) yes
/bin/bash ../libtool --tag=CC   --mode=compile gcc-4.7 -std=gnu99 -DHAVE_CONFIG_H -I. -I../.././../gmp/gmp-5.1.1/mpz -I.. -D__GMP_WITHIN_GMP -I../.././../gmp/gmp-5.1.1    -O2 -pedantic -fomit-frame-pointer -m64 -mtune=k8 -march=k8 -c -o fdiv_ui.lo ../.././../gmp/gmp-5.1.1/mpz/fdiv_ui.c
/bin/bash ../libtool --tag=CC   --mode=compile gcc-4.7 -std=gnu99 -DHAVE_CONFIG_H -I. -I../.././../gmp/gmp-5.1.1/mpz -I.. -D__GMP_WITHIN_GMP -I../.././../gmp/gmp-5.1.1    -O2 -pedantic -fomit-frame-pointer -m64 -mtune=k8 -march=k8 -c -o fib_ui.lo ../.././../gmp/gmp-5.1.1/mpz/fib_ui.c
libtool: compile:  gcc-4.7 -std=gnu99 -DHAVE_CONFIG_H -I. -I../.././../gmp/gmp-5.1.1/mpz -I.. -D__GMP_WITHIN_GMP -I../.././../gmp/gmp-5.1.1 -O2 -pedantic -fomit-frame-pointer -m64 -mtune=k8 -march=k8 -c ../.././../gmp/gmp-5.1.1/mpz/fdiv_r.c -o fdiv_r.o
/bin/bash ../libtool --tag=CC   --mode=compile gcc-4.7 -std=gnu99 -DHAVE_CONFIG_H -I. -I../.././../gmp/gmp-5.1.1/mpz -I.. -D__GMP_WITHIN_GMP -I../.././../gmp/gmp-5.1.1    -O2 -pedantic -fomit-frame-pointer -m64 -mtune=k8 -march=k8 -c -o fib2_ui.lo ../.././../gmp/gmp-5.1.1/mpz/fib2_ui.c
checking for unistd.h... (cached) yes
/bin/bash ../libtool --tag=CC   --mode=compile gcc-4.7 -std=gnu99 -DHAVE_CONFIG_H -I. -I../.././../gmp/gmp-5.1.1/mpz -I.. -D__GMP_WITHIN_GMP -I../.././../gmp/gmp-5.1.1    -O2 -pedantic -fomit-frame-pointer -m64 -mtune=k8 -march=k8 -c -o fits_sint.lo ../.././../gmp/gmp-5.1.1/mpz/fits_sint.c
libtool: compile:  gcc-4.7 -std=gnu99 -DHAVE_CONFIG_H -I. -I../.././../gmp/gmp-5.1.1/mpz -I.. -D__GMP_WITHIN_GMP -I../.././../gmp/gmp-5.1.1 -O2 -pedantic -fomit-frame-pointer -m64 -mtune=k8 -march=k8 -c ../.././../gmp/gmp-5.1.1/mpz/fib_ui.c -o fib_ui.o
checking for getpagesize... (cached) yes
checking for working mmap... libtool: compile:  gcc-4.7 -std=gnu99 -DHAVE_CONFIG_H -I. -I../.././../gmp/gmp-5.1.1/mpz -I.. -D__GMP_WITHIN_GMP -I../.././../gmp/gmp-5.1.1 -O2 -pedantic -fomit-frame-pointer -m64 -mtune=k8 -march=k8 -c ../.././../gmp/gmp-5.1.1/mpz/fdiv_ui.c -o fdiv_ui.o
/bin/bash ../libtool --tag=CC   --mode=compile gcc-4.7 -std=gnu99 -DHAVE_CONFIG_H -I. -I../.././../gmp/gmp-5.1.1/mpz -I.. -D__GMP_WITHIN_GMP -I../.././../gmp/gmp-5.1.1    -O2 -pedantic -fomit-frame-pointer -m64 -mtune=k8 -march=k8 -c -o fits_slong.lo ../.././../gmp/gmp-5.1.1/mpz/fits_slong.c
/bin/bash ../libtool --tag=CC   --mode=compile gcc-4.7 -std=gnu99 -DHAVE_CONFIG_H -I. -I../.././../gmp/gmp-5.1.1/mpz -I.. -D__GMP_WITHIN_GMP -I../.././../gmp/gmp-5.1.1    -O2 -pedantic -fomit-frame-pointer -m64 -mtune=k8 -march=k8 -c -o fits_sshort.lo ../.././../gmp/gmp-5.1.1/mpz/fits_sshort.c
/bin/bash ../libtool --tag=CC   --mode=compile gcc-4.7 -std=gnu99 -DHAVE_CONFIG_H -I. -I../.././../gmp/gmp-5.1.1/mpz -I.. -D__GMP_WITHIN_GMP -I../.././../gmp/gmp-5.1.1    -O2 -pedantic -fomit-frame-pointer -m64 -mtune=k8 -march=k8 -c -o fits_uint.lo ../.././../gmp/gmp-5.1.1/mpz/fits_uint.c
libtool: compile:  gcc-4.7 -std=gnu99 -DHAVE_CONFIG_H -I. -I../.././../gmp/gmp-5.1.1/mpz -I.. -D__GMP_WITHIN_GMP -I../.././../gmp/gmp-5.1.1 -O2 -pedantic -fomit-frame-pointer -m64 -mtune=k8 -march=k8 -c ../.././../gmp/gmp-5.1.1/mpz/fib2_ui.c -o fib2_ui.o
libtool: compile:  gcc-4.7 -std=gnu99 -DHAVE_CONFIG_H -I. -I../.././../gmp/gmp-5.1.1/mpz -I.. -D__GMP_WITHIN_GMP -I../.././../gmp/gmp-5.1.1 -O2 -pedantic -fomit-frame-pointer -m64 -mtune=k8 -march=k8 -c ../.././../gmp/gmp-5.1.1/mpz/fits_sint.c -o fits_sint.o
libtool: compile:  gcc-4.7 -std=gnu99 -DHAVE_CONFIG_H -I. -I../.././../gmp/gmp-5.1.1/mpz -I.. -D__GMP_WITHIN_GMP -I../.././../gmp/gmp-5.1.1 -O2 -pedantic -fomit-frame-pointer -m64 -mtune=k8 -march=k8 -c ../.././../gmp/gmp-5.1.1/mpz/fits_slong.c -o fits_slong.o
/bin/bash ../libtool --tag=CC   --mode=compile gcc-4.7 -std=gnu99 -DHAVE_CONFIG_H -I. -I../.././../gmp/gmp-5.1.1/mpz -I.. -D__GMP_WITHIN_GMP -I../.././../gmp/gmp-5.1.1    -O2 -pedantic -fomit-frame-pointer -m64 -mtune=k8 -march=k8 -c -o fits_ulong.lo ../.././../gmp/gmp-5.1.1/mpz/fits_ulong.c
libtool: compile:  gcc-4.7 -std=gnu99 -DHAVE_CONFIG_H -I. -I../.././../gmp/gmp-5.1.1/mpz -I.. -D__GMP_WITHIN_GMP -I../.././../gmp/gmp-5.1.1 -O2 -pedantic -fomit-frame-pointer -m64 -mtune=k8 -march=k8 -c ../.././../gmp/gmp-5.1.1/mpz/fits_sshort.c -o fits_sshort.o
libtool: compile:  gcc-4.7 -std=gnu99 -DHAVE_CONFIG_H -I. -I../.././../gmp/gmp-5.1.1/mpz -I.. -D__GMP_WITHIN_GMP -I../.././../gmp/gmp-5.1.1 -O2 -pedantic -fomit-frame-pointer -m64 -mtune=k8 -march=k8 -c ../.././../gmp/gmp-5.1.1/mpz/fits_uint.c -o fits_uint.o
/bin/bash ../libtool --tag=CC   --mode=compile gcc-4.7 -std=gnu99 -DHAVE_CONFIG_H -I. -I../.././../gmp/gmp-5.1.1/mpz -I.. -D__GMP_WITHIN_GMP -I../.././../gmp/gmp-5.1.1    -O2 -pedantic -fomit-frame-pointer -m64 -mtune=k8 -march=k8 -c -o fits_ushort.lo ../.././../gmp/gmp-5.1.1/mpz/fits_ushort.c
/bin/bash ../libtool --tag=CC   --mode=compile gcc-4.7 -std=gnu99 -DHAVE_CONFIG_H -I. -I../.././../gmp/gmp-5.1.1/mpz -I.. -D__GMP_WITHIN_GMP -I../.././../gmp/gmp-5.1.1    -O2 -pedantic -fomit-frame-pointer -m64 -mtune=k8 -march=k8 -c -o gcd.lo ../.././../gmp/gmp-5.1.1/mpz/gcd.c
/bin/bash ../libtool --tag=CC   --mode=compile gcc-4.7 -std=gnu99 -DHAVE_CONFIG_H -I. -I../.././../gmp/gmp-5.1.1/mpz -I.. -D__GMP_WITHIN_GMP -I../.././../gmp/gmp-5.1.1    -O2 -pedantic -fomit-frame-pointer -m64 -mtune=k8 -march=k8 -c -o gcd_ui.lo ../.././../gmp/gmp-5.1.1/mpz/gcd_ui.c
/bin/bash ../libtool --tag=CC   --mode=compile gcc-4.7 -std=gnu99 -DHAVE_CONFIG_H -I. -I../.././../gmp/gmp-5.1.1/mpz -I.. -D__GMP_WITHIN_GMP -I../.././../gmp/gmp-5.1.1    -O2 -pedantic -fomit-frame-pointer -m64 -mtune=k8 -march=k8 -c -o gcdext.lo ../.././../gmp/gmp-5.1.1/mpz/gcdext.c
libtool: compile:  gcc-4.7 -std=gnu99 -DHAVE_CONFIG_H -I. -I../.././../gmp/gmp-5.1.1/mpz -I.. -D__GMP_WITHIN_GMP -I../.././../gmp/gmp-5.1.1 -O2 -pedantic -fomit-frame-pointer -m64 -mtune=k8 -march=k8 -c ../.././../gmp/gmp-5.1.1/mpz/fits_ulong.c -o fits_ulong.o
libtool: compile:  gcc-4.7 -std=gnu99 -DHAVE_CONFIG_H -I. -I../.././../gmp/gmp-5.1.1/mpz -I.. -D__GMP_WITHIN_GMP -I../.././../gmp/gmp-5.1.1 -O2 -pedantic -fomit-frame-pointer -m64 -mtune=k8 -march=k8 -c ../.././../gmp/gmp-5.1.1/mpz/fits_ushort.c -o fits_ushort.o
libtool: compile:  gcc-4.7 -std=gnu99 -DHAVE_CONFIG_H -I. -I../.././../gmp/gmp-5.1.1/mpz -I.. -D__GMP_WITHIN_GMP -I../.././../gmp/gmp-5.1.1 -O2 -pedantic -fomit-frame-pointer -m64 -mtune=k8 -march=k8 -c ../.././../gmp/gmp-5.1.1/mpz/gcd.c -o gcd.o
/bin/bash ../libtool --tag=CC   --mode=compile gcc-4.7 -std=gnu99 -DHAVE_CONFIG_H -I. -I../.././../gmp/gmp-5.1.1/mpz -I.. -D__GMP_WITHIN_GMP -I../.././../gmp/gmp-5.1.1    -O2 -pedantic -fomit-frame-pointer -m64 -mtune=k8 -march=k8 -c -o get_d.lo ../.././../gmp/gmp-5.1.1/mpz/get_d.c
/bin/bash ../libtool --tag=CC   --mode=compile gcc-4.7 -std=gnu99 -DHAVE_CONFIG_H -I. -I../.././../gmp/gmp-5.1.1/mpz -I.. -D__GMP_WITHIN_GMP -I../.././../gmp/gmp-5.1.1    -O2 -pedantic -fomit-frame-pointer -m64 -mtune=k8 -march=k8 -c -o get_d_2exp.lo ../.././../gmp/gmp-5.1.1/mpz/get_d_2exp.c
/bin/bash ../libtool --tag=CC   --mode=compile gcc-4.7 -std=gnu99 -DHAVE_CONFIG_H -I. -I../.././../gmp/gmp-5.1.1/mpz -I.. -D__GMP_WITHIN_GMP -I../.././../gmp/gmp-5.1.1    -O2 -pedantic -fomit-frame-pointer -m64 -mtune=k8 -march=k8 -c -o get_si.lo ../.././../gmp/gmp-5.1.1/mpz/get_si.c
libtool: compile:  gcc-4.7 -std=gnu99 -DHAVE_CONFIG_H -I. -I../.././../gmp/gmp-5.1.1/mpz -I.. -D__GMP_WITHIN_GMP -I../.././../gmp/gmp-5.1.1 -O2 -pedantic -fomit-frame-pointer -m64 -mtune=k8 -march=k8 -c ../.././../gmp/gmp-5.1.1/mpz/gcd_ui.c -o gcd_ui.o
yes
libtool: compile:  gcc-4.7 -std=gnu99 -DHAVE_CONFIG_H -I. -I../.././../gmp/gmp-5.1.1/mpz -I.. -D__GMP_WITHIN_GMP -I../.././../gmp/gmp-5.1.1 -O2 -pedantic -fomit-frame-pointer -m64 -mtune=k8 -march=k8 -c ../.././../gmp/gmp-5.1.1/mpz/gcdext.c -o gcdext.o
checking for madvise... libtool: compile:  gcc-4.7 -std=gnu99 -DHAVE_CONFIG_H -I. -I../.././../gmp/gmp-5.1.1/mpz -I.. -D__GMP_WITHIN_GMP -I../.././../gmp/gmp-5.1.1 -O2 -pedantic -fomit-frame-pointer -m64 -mtune=k8 -march=k8 -c ../.././../gmp/gmp-5.1.1/mpz/get_d.c -o get_d.o
/bin/bash ../libtool --tag=CC   --mode=compile gcc-4.7 -std=gnu99 -DHAVE_CONFIG_H -I. -I../.././../gmp/gmp-5.1.1/mpz -I.. -D__GMP_WITHIN_GMP -I../.././../gmp/gmp-5.1.1    -O2 -pedantic -fomit-frame-pointer -m64 -mtune=k8 -march=k8 -c -o get_str.lo ../.././../gmp/gmp-5.1.1/mpz/get_str.c
libtool: compile:  gcc-4.7 -std=gnu99 -DHAVE_CONFIG_H -I. -I../.././../gmp/gmp-5.1.1/mpz -I.. -D__GMP_WITHIN_GMP -I../.././../gmp/gmp-5.1.1 -O2 -pedantic -fomit-frame-pointer -m64 -mtune=k8 -march=k8 -c ../.././../gmp/gmp-5.1.1/mpz/get_d_2exp.c -o get_d_2exp.o
libtool: compile:  gcc-4.7 -std=gnu99 -DHAVE_CONFIG_H -I. -I../.././../gmp/gmp-5.1.1/mpz -I.. -D__GMP_WITHIN_GMP -I../.././../gmp/gmp-5.1.1 -O2 -pedantic -fomit-frame-pointer -m64 -mtune=k8 -march=k8 -c ../.././../gmp/gmp-5.1.1/mpz/get_si.c -o get_si.o
/bin/bash ../libtool --tag=CC   --mode=compile gcc-4.7 -std=gnu99 -DHAVE_CONFIG_H -I. -I../.././../gmp/gmp-5.1.1/mpz -I.. -D__GMP_WITHIN_GMP -I../.././../gmp/gmp-5.1.1    -O2 -pedantic -fomit-frame-pointer -m64 -mtune=k8 -march=k8 -c -o get_ui.lo ../.././../gmp/gmp-5.1.1/mpz/get_ui.c
libtool: compile:  gcc-4.7 -std=gnu99 -DHAVE_CONFIG_H -I. -I../.././../gmp/gmp-5.1.1/mpz -I.. -D__GMP_WITHIN_GMP -I../.././../gmp/gmp-5.1.1 -O2 -pedantic -fomit-frame-pointer -m64 -mtune=k8 -march=k8 -c ../.././../gmp/gmp-5.1.1/mpz/get_str.c -o get_str.o
/bin/bash ../libtool --tag=CC   --mode=compile gcc-4.7 -std=gnu99 -DHAVE_CONFIG_H -I. -I../.././../gmp/gmp-5.1.1/mpz -I.. -D__GMP_WITHIN_GMP -I../.././../gmp/gmp-5.1.1    -O2 -pedantic -fomit-frame-pointer -m64 -mtune=k8 -march=k8 -c -o getlimbn.lo ../.././../gmp/gmp-5.1.1/mpz/getlimbn.c
/bin/bash ../libtool --tag=CC   --mode=compile gcc-4.7 -std=gnu99 -DHAVE_CONFIG_H -I. -I../.././../gmp/gmp-5.1.1/mpz -I.. -D__GMP_WITHIN_GMP -I../.././../gmp/gmp-5.1.1    -O2 -pedantic -fomit-frame-pointer -m64 -mtune=k8 -march=k8 -c -o hamdist.lo ../.././../gmp/gmp-5.1.1/mpz/hamdist.c
yes
libtool: compile:  gcc-4.7 -std=gnu99 -DHAVE_CONFIG_H -I. -I../.././../gmp/gmp-5.1.1/mpz -I.. -D__GMP_WITHIN_GMP -I../.././../gmp/gmp-5.1.1 -O2 -pedantic -fomit-frame-pointer -m64 -mtune=k8 -march=k8 -c ../.././../gmp/gmp-5.1.1/mpz/get_ui.c -o get_ui.o
/bin/bash ../libtool --tag=CC   --mode=compile gcc-4.7 -std=gnu99 -DHAVE_CONFIG_H -I. -I../.././../gmp/gmp-5.1.1/mpz -I.. -D__GMP_WITHIN_GMP -I../.././../gmp/gmp-5.1.1    -O2 -pedantic -fomit-frame-pointer -m64 -mtune=k8 -march=k8 -c -o import.lo ../.././../gmp/gmp-5.1.1/mpz/import.c
/bin/bash ../libtool --tag=CC   --mode=compile gcc-4.7 -std=gnu99 -DHAVE_CONFIG_H -I. -I../.././../gmp/gmp-5.1.1/mpz -I.. -D__GMP_WITHIN_GMP -I../.././../gmp/gmp-5.1.1    -O2 -pedantic -fomit-frame-pointer -m64 -mtune=k8 -march=k8 -c -o init.lo ../.././../gmp/gmp-5.1.1/mpz/init.c
/bin/bash ../libtool --tag=CC   --mode=compile gcc-4.7 -std=gnu99 -DHAVE_CONFIG_H -I. -I../.././../gmp/gmp-5.1.1/mpz -I.. -D__GMP_WITHIN_GMP -I../.././../gmp/gmp-5.1.1    -O2 -pedantic -fomit-frame-pointer -m64 -mtune=k8 -march=k8 -c -o init2.lo ../.././../gmp/gmp-5.1.1/mpz/init2.c
checking for mprotect... /bin/bash ../libtool --tag=CC   --mode=compile gcc-4.7 -std=gnu99 -DHAVE_CONFIG_H -I. -I../.././../gmp/gmp-5.1.1/mpz -I.. -D__GMP_WITHIN_GMP -I../.././../gmp/gmp-5.1.1    -O2 -pedantic -fomit-frame-pointer -m64 -mtune=k8 -march=k8 -c -o inits.lo ../.././../gmp/gmp-5.1.1/mpz/inits.c
libtool: compile:  gcc-4.7 -std=gnu99 -DHAVE_CONFIG_H -I. -I../.././../gmp/gmp-5.1.1/mpz -I.. -D__GMP_WITHIN_GMP -I../.././../gmp/gmp-5.1.1 -O2 -pedantic -fomit-frame-pointer -m64 -mtune=k8 -march=k8 -c ../.././../gmp/gmp-5.1.1/mpz/hamdist.c -o hamdist.o
libtool: compile:  gcc-4.7 -std=gnu99 -DHAVE_CONFIG_H -I. -I../.././../gmp/gmp-5.1.1/mpz -I.. -D__GMP_WITHIN_GMP -I../.././../gmp/gmp-5.1.1 -O2 -pedantic -fomit-frame-pointer -m64 -mtune=k8 -march=k8 -c ../.././../gmp/gmp-5.1.1/mpz/getlimbn.c -o getlimbn.o
libtool: compile:  gcc-4.7 -std=gnu99 -DHAVE_CONFIG_H -I. -I../.././../gmp/gmp-5.1.1/mpz -I.. -D__GMP_WITHIN_GMP -I../.././../gmp/gmp-5.1.1 -O2 -pedantic -fomit-frame-pointer -m64 -mtune=k8 -march=k8 -c ../.././../gmp/gmp-5.1.1/mpz/init2.c -o init2.o
libtool: compile:  gcc-4.7 -std=gnu99 -DHAVE_CONFIG_H -I. -I../.././../gmp/gmp-5.1.1/mpz -I.. -D__GMP_WITHIN_GMP -I../.././../gmp/gmp-5.1.1 -O2 -pedantic -fomit-frame-pointer -m64 -mtune=k8 -march=k8 -c ../.././../gmp/gmp-5.1.1/mpz/import.c -o import.o
libtool: compile:  gcc-4.7 -std=gnu99 -DHAVE_CONFIG_H -I. -I../.././../gmp/gmp-5.1.1/mpz -I.. -D__GMP_WITHIN_GMP -I../.././../gmp/gmp-5.1.1 -O2 -pedantic -fomit-frame-pointer -m64 -mtune=k8 -march=k8 -c ../.././../gmp/gmp-5.1.1/mpz/init.c -o init.o
libtool: compile:  gcc-4.7 -std=gnu99 -DHAVE_CONFIG_H -I. -I../.././../gmp/gmp-5.1.1/mpz -I.. -D__GMP_WITHIN_GMP -I../.././../gmp/gmp-5.1.1 -O2 -pedantic -fomit-frame-pointer -m64 -mtune=k8 -march=k8 -c ../.././../gmp/gmp-5.1.1/mpz/inits.c -o inits.o
/bin/bash ../libtool --tag=CC   --mode=compile gcc-4.7 -std=gnu99 -DHAVE_CONFIG_H -I. -I../.././../gmp/gmp-5.1.1/mpz -I.. -D__GMP_WITHIN_GMP -I../.././../gmp/gmp-5.1.1    -O2 -pedantic -fomit-frame-pointer -m64 -mtune=k8 -march=k8 -c -o inp_raw.lo ../.././../gmp/gmp-5.1.1/mpz/inp_raw.c
/bin/bash ../libtool --tag=CC   --mode=compile gcc-4.7 -std=gnu99 -DHAVE_CONFIG_H -I. -I../.././../gmp/gmp-5.1.1/mpz -I.. -D__GMP_WITHIN_GMP -I../.././../gmp/gmp-5.1.1    -O2 -pedantic -fomit-frame-pointer -m64 -mtune=k8 -march=k8 -c -o inp_str.lo ../.././../gmp/gmp-5.1.1/mpz/inp_str.c
/bin/bash ../libtool --tag=CC   --mode=compile gcc-4.7 -std=gnu99 -DHAVE_CONFIG_H -I. -I../.././../gmp/gmp-5.1.1/mpz -I.. -D__GMP_WITHIN_GMP -I../.././../gmp/gmp-5.1.1    -O2 -pedantic -fomit-frame-pointer -m64 -mtune=k8 -march=k8 -c -o invert.lo ../.././../gmp/gmp-5.1.1/mpz/invert.c
libtool: compile:  gcc-4.7 -std=gnu99 -DHAVE_CONFIG_H -I. -I../.././../gmp/gmp-5.1.1/mpz -I.. -D__GMP_WITHIN_GMP -I../.././../gmp/gmp-5.1.1 -O2 -pedantic -fomit-frame-pointer -m64 -mtune=k8 -march=k8 -c ../.././../gmp/gmp-5.1.1/mpz/inp_raw.c -o inp_raw.o
yes
libtool: compile:  gcc-4.7 -std=gnu99 -DHAVE_CONFIG_H -I. -I../.././../gmp/gmp-5.1.1/mpz -I.. -D__GMP_WITHIN_GMP -I../.././../gmp/gmp-5.1.1 -O2 -pedantic -fomit-frame-pointer -m64 -mtune=k8 -march=k8 -c ../.././../gmp/gmp-5.1.1/mpz/inp_str.c -o inp_str.o
/bin/bash ../libtool --tag=CC   --mode=compile gcc-4.7 -std=gnu99 -DHAVE_CONFIG_H -I. -I../.././../gmp/gmp-5.1.1/mpz -I.. -D__GMP_WITHIN_GMP -I../.././../gmp/gmp-5.1.1    -O2 -pedantic -fomit-frame-pointer -m64 -mtune=k8 -march=k8 -c -o ior.lo ../.././../gmp/gmp-5.1.1/mpz/ior.c
/bin/bash ../libtool --tag=CC   --mode=compile gcc-4.7 -std=gnu99 -DHAVE_CONFIG_H -I. -I../.././../gmp/gmp-5.1.1/mpz -I.. -D__GMP_WITHIN_GMP -I../.././../gmp/gmp-5.1.1    -O2 -pedantic -fomit-frame-pointer -m64 -mtune=k8 -march=k8 -c -o iset.lo ../.././../gmp/gmp-5.1.1/mpz/iset.c
/bin/bash ../libtool --tag=CC   --mode=compile gcc-4.7 -std=gnu99 -DHAVE_CONFIG_H -I. -I../.././../gmp/gmp-5.1.1/mpz -I.. -D__GMP_WITHIN_GMP -I../.././../gmp/gmp-5.1.1    -O2 -pedantic -fomit-frame-pointer -m64 -mtune=k8 -march=k8 -c -o iset_d.lo ../.././../gmp/gmp-5.1.1/mpz/iset_d.c
libtool: compile:  gcc-4.7 -std=gnu99 -DHAVE_CONFIG_H -I. -I../.././../gmp/gmp-5.1.1/mpz -I.. -D__GMP_WITHIN_GMP -I../.././../gmp/gmp-5.1.1 -O2 -pedantic -fomit-frame-pointer -m64 -mtune=k8 -march=k8 -c ../.././../gmp/gmp-5.1.1/mpz/invert.c -o invert.o
/bin/bash ../libtool --tag=CC   --mode=compile gcc-4.7 -std=gnu99 -DHAVE_CONFIG_H -I. -I../.././../gmp/gmp-5.1.1/mpz -I.. -D__GMP_WITHIN_GMP -I../.././../gmp/gmp-5.1.1    -O2 -pedantic -fomit-frame-pointer -m64 -mtune=k8 -march=k8 -c -o iset_si.lo ../.././../gmp/gmp-5.1.1/mpz/iset_si.c
libtool: compile:  gcc-4.7 -std=gnu99 -DHAVE_CONFIG_H -I. -I../.././../gmp/gmp-5.1.1/mpz -I.. -D__GMP_WITHIN_GMP -I../.././../gmp/gmp-5.1.1 -O2 -pedantic -fomit-frame-pointer -m64 -mtune=k8 -march=k8 -c ../.././../gmp/gmp-5.1.1/mpz/iset.c -o iset.o
/bin/bash ../libtool --tag=CC   --mode=compile gcc-4.7 -std=gnu99 -DHAVE_CONFIG_H -I. -I../.././../gmp/gmp-5.1.1/mpz -I.. -D__GMP_WITHIN_GMP -I../.././../gmp/gmp-5.1.1    -O2 -pedantic -fomit-frame-pointer -m64 -mtune=k8 -march=k8 -c -o iset_str.lo ../.././../gmp/gmp-5.1.1/mpz/iset_str.c
libtool: compile:  gcc-4.7 -std=gnu99 -DHAVE_CONFIG_H -I. -I../.././../gmp/gmp-5.1.1/mpz -I.. -D__GMP_WITHIN_GMP -I../.././../gmp/gmp-5.1.1 -O2 -pedantic -fomit-frame-pointer -m64 -mtune=k8 -march=k8 -c ../.././../gmp/gmp-5.1.1/mpz/ior.c -o ior.o
libtool: compile:  gcc-4.7 -std=gnu99 -DHAVE_CONFIG_H -I. -I../.././../gmp/gmp-5.1.1/mpz -I.. -D__GMP_WITHIN_GMP -I../.././../gmp/gmp-5.1.1 -O2 -pedantic -fomit-frame-pointer -m64 -mtune=k8 -march=k8 -c ../.././../gmp/gmp-5.1.1/mpz/iset_d.c -o iset_d.o
libtool: compile:  gcc-4.7 -std=gnu99 -DHAVE_CONFIG_H -I. -I../.././../gmp/gmp-5.1.1/mpz -I.. -D__GMP_WITHIN_GMP -I../.././../gmp/gmp-5.1.1 -O2 -pedantic -fomit-frame-pointer -m64 -mtune=k8 -march=k8 -c ../.././../gmp/gmp-5.1.1/mpz/iset_si.c -o iset_si.o
configure: updating cache ./config.cache
configure: creating ./config.status
libtool: compile:  gcc-4.7 -std=gnu99 -DHAVE_CONFIG_H -I. -I../.././../gmp/gmp-5.1.1/mpz -I.. -D__GMP_WITHIN_GMP -I../.././../gmp/gmp-5.1.1 -O2 -pedantic -fomit-frame-pointer -m64 -mtune=k8 -march=k8 -c ../.././../gmp/gmp-5.1.1/mpz/iset_str.c -o iset_str.o
/bin/bash ../libtool --tag=CC   --mode=compile gcc-4.7 -std=gnu99 -DHAVE_CONFIG_H -I. -I../.././../gmp/gmp-5.1.1/mpz -I.. -D__GMP_WITHIN_GMP -I../.././../gmp/gmp-5.1.1    -O2 -pedantic -fomit-frame-pointer -m64 -mtune=k8 -march=k8 -c -o iset_ui.lo ../.././../gmp/gmp-5.1.1/mpz/iset_ui.c
/bin/bash ../libtool --tag=CC   --mode=compile gcc-4.7 -std=gnu99 -DHAVE_CONFIG_H -I. -I../.././../gmp/gmp-5.1.1/mpz -I.. -D__GMP_WITHIN_GMP -I../.././../gmp/gmp-5.1.1    -O2 -pedantic -fomit-frame-pointer -m64 -mtune=k8 -march=k8 -c -o jacobi.lo ../.././../gmp/gmp-5.1.1/mpz/jacobi.c
/bin/bash ../libtool --tag=CC   --mode=compile gcc-4.7 -std=gnu99 -DHAVE_CONFIG_H -I. -I../.././../gmp/gmp-5.1.1/mpz -I.. -D__GMP_WITHIN_GMP -I../.././../gmp/gmp-5.1.1    -O2 -pedantic -fomit-frame-pointer -m64 -mtune=k8 -march=k8 -c -o kronsz.lo ../.././../gmp/gmp-5.1.1/mpz/kronsz.c
/bin/bash ../libtool --tag=CC   --mode=compile gcc-4.7 -std=gnu99 -DHAVE_CONFIG_H -I. -I../.././../gmp/gmp-5.1.1/mpz -I.. -D__GMP_WITHIN_GMP -I../.././../gmp/gmp-5.1.1    -O2 -pedantic -fomit-frame-pointer -m64 -mtune=k8 -march=k8 -c -o kronuz.lo ../.././../gmp/gmp-5.1.1/mpz/kronuz.c
/bin/bash ../libtool --tag=CC   --mode=compile gcc-4.7 -std=gnu99 -DHAVE_CONFIG_H -I. -I../.././../gmp/gmp-5.1.1/mpz -I.. -D__GMP_WITHIN_GMP -I../.././../gmp/gmp-5.1.1    -O2 -pedantic -fomit-frame-pointer -m64 -mtune=k8 -march=k8 -c -o kronzs.lo ../.././../gmp/gmp-5.1.1/mpz/kronzs.c
libtool: compile:  gcc-4.7 -std=gnu99 -DHAVE_CONFIG_H -I. -I../.././../gmp/gmp-5.1.1/mpz -I.. -D__GMP_WITHIN_GMP -I../.././../gmp/gmp-5.1.1 -O2 -pedantic -fomit-frame-pointer -m64 -mtune=k8 -march=k8 -c ../.././../gmp/gmp-5.1.1/mpz/jacobi.c -o jacobi.o
libtool: compile:  gcc-4.7 -std=gnu99 -DHAVE_CONFIG_H -I. -I../.././../gmp/gmp-5.1.1/mpz -I.. -D__GMP_WITHIN_GMP -I../.././../gmp/gmp-5.1.1 -O2 -pedantic -fomit-frame-pointer -m64 -mtune=k8 -march=k8 -c ../.././../gmp/gmp-5.1.1/mpz/iset_ui.c -o iset_ui.o
libtool: compile:  gcc-4.7 -std=gnu99 -DHAVE_CONFIG_H -I. -I../.././../gmp/gmp-5.1.1/mpz -I.. -D__GMP_WITHIN_GMP -I../.././../gmp/gmp-5.1.1 -O2 -pedantic -fomit-frame-pointer -m64 -mtune=k8 -march=k8 -c ../.././../gmp/gmp-5.1.1/mpz/kronuz.c -o kronuz.o
/bin/bash ../libtool --tag=CC   --mode=compile gcc-4.7 -std=gnu99 -DHAVE_CONFIG_H -I. -I../.././../gmp/gmp-5.1.1/mpz -I.. -D__GMP_WITHIN_GMP -I../.././../gmp/gmp-5.1.1    -O2 -pedantic -fomit-frame-pointer -m64 -mtune=k8 -march=k8 -c -o kronzu.lo ../.././../gmp/gmp-5.1.1/mpz/kronzu.c
/bin/bash ../libtool --tag=CC   --mode=compile gcc-4.7 -std=gnu99 -DHAVE_CONFIG_H -I. -I../.././../gmp/gmp-5.1.1/mpz -I.. -D__GMP_WITHIN_GMP -I../.././../gmp/gmp-5.1.1    -O2 -pedantic -fomit-frame-pointer -m64 -mtune=k8 -march=k8 -c -o lcm.lo ../.././../gmp/gmp-5.1.1/mpz/lcm.c
libtool: compile:  gcc-4.7 -std=gnu99 -DHAVE_CONFIG_H -I. -I../.././../gmp/gmp-5.1.1/mpz -I.. -D__GMP_WITHIN_GMP -I../.././../gmp/gmp-5.1.1 -O2 -pedantic -fomit-frame-pointer -m64 -mtune=k8 -march=k8 -c ../.././../gmp/gmp-5.1.1/mpz/kronsz.c -o kronsz.o
libtool: compile:  gcc-4.7 -std=gnu99 -DHAVE_CONFIG_H -I. -I../.././../gmp/gmp-5.1.1/mpz -I.. -D__GMP_WITHIN_GMP -I../.././../gmp/gmp-5.1.1 -O2 -pedantic -fomit-frame-pointer -m64 -mtune=k8 -march=k8 -c ../.././../gmp/gmp-5.1.1/mpz/kronzs.c -o kronzs.o
libtool: compile:  gcc-4.7 -std=gnu99 -DHAVE_CONFIG_H -I. -I../.././../gmp/gmp-5.1.1/mpz -I.. -D__GMP_WITHIN_GMP -I../.././../gmp/gmp-5.1.1 -O2 -pedantic -fomit-frame-pointer -m64 -mtune=k8 -march=k8 -c ../.././../gmp/gmp-5.1.1/mpz/kronzu.c -o kronzu.o
/bin/bash ../libtool --tag=CC   --mode=compile gcc-4.7 -std=gnu99 -DHAVE_CONFIG_H -I. -I../.././../gmp/gmp-5.1.1/mpz -I.. -D__GMP_WITHIN_GMP -I../.././../gmp/gmp-5.1.1    -O2 -pedantic -fomit-frame-pointer -m64 -mtune=k8 -march=k8 -c -o lcm_ui.lo ../.././../gmp/gmp-5.1.1/mpz/lcm_ui.c
/bin/bash ../libtool --tag=CC   --mode=compile gcc-4.7 -std=gnu99 -DHAVE_CONFIG_H -I. -I../.././../gmp/gmp-5.1.1/mpz -I.. -D__GMP_WITHIN_GMP -I../.././../gmp/gmp-5.1.1    -O2 -pedantic -fomit-frame-pointer -m64 -mtune=k8 -march=k8 -c -o lucnum_ui.lo ../.././../gmp/gmp-5.1.1/mpz/lucnum_ui.c
/bin/bash ../libtool --tag=CC   --mode=compile gcc-4.7 -std=gnu99 -DHAVE_CONFIG_H -I. -I../.././../gmp/gmp-5.1.1/mpz -I.. -D__GMP_WITHIN_GMP -I../.././../gmp/gmp-5.1.1    -O2 -pedantic -fomit-frame-pointer -m64 -mtune=k8 -march=k8 -c -o lucnum2_ui.lo ../.././../gmp/gmp-5.1.1/mpz/lucnum2_ui.c
libtool: compile:  gcc-4.7 -std=gnu99 -DHAVE_CONFIG_H -I. -I../.././../gmp/gmp-5.1.1/mpz -I.. -D__GMP_WITHIN_GMP -I../.././../gmp/gmp-5.1.1 -O2 -pedantic -fomit-frame-pointer -m64 -mtune=k8 -march=k8 -c ../.././../gmp/gmp-5.1.1/mpz/lcm.c -o lcm.o
/bin/bash ../libtool --tag=CC   --mode=compile gcc-4.7 -std=gnu99 -DHAVE_CONFIG_H -I. -I../.././../gmp/gmp-5.1.1/mpz -I.. -D__GMP_WITHIN_GMP -I../.././../gmp/gmp-5.1.1    -O2 -pedantic -fomit-frame-pointer -m64 -mtune=k8 -march=k8 -c -o mfac_uiui.lo ../.././../gmp/gmp-5.1.1/mpz/mfac_uiui.c
libtool: compile:  gcc-4.7 -std=gnu99 -DHAVE_CONFIG_H -I. -I../.././../gmp/gmp-5.1.1/mpz -I.. -D__GMP_WITHIN_GMP -I../.././../gmp/gmp-5.1.1 -O2 -pedantic -fomit-frame-pointer -m64 -mtune=k8 -march=k8 -c ../.././../gmp/gmp-5.1.1/mpz/lcm_ui.c -o lcm_ui.o
/bin/bash ../libtool --tag=CC   --mode=compile gcc-4.7 -std=gnu99 -DHAVE_CONFIG_H -I. -I../.././../gmp/gmp-5.1.1/mpz -I.. -D__GMP_WITHIN_GMP -I../.././../gmp/gmp-5.1.1    -O2 -pedantic -fomit-frame-pointer -m64 -mtune=k8 -march=k8 -c -o millerrabin.lo ../.././../gmp/gmp-5.1.1/mpz/millerrabin.c
/bin/bash ../libtool --tag=CC   --mode=compile gcc-4.7 -std=gnu99 -DHAVE_CONFIG_H -I. -I../.././../gmp/gmp-5.1.1/mpz -I.. -D__GMP_WITHIN_GMP -I../.././../gmp/gmp-5.1.1    -O2 -pedantic -fomit-frame-pointer -m64 -mtune=k8 -march=k8 -c -o mod.lo ../.././../gmp/gmp-5.1.1/mpz/mod.c
libtool: compile:  gcc-4.7 -std=gnu99 -DHAVE_CONFIG_H -I. -I../.././../gmp/gmp-5.1.1/mpz -I.. -D__GMP_WITHIN_GMP -I../.././../gmp/gmp-5.1.1 -O2 -pedantic -fomit-frame-pointer -m64 -mtune=k8 -march=k8 -c ../.././../gmp/gmp-5.1.1/mpz/lucnum_ui.c -o lucnum_ui.o
libtool: compile:  gcc-4.7 -std=gnu99 -DHAVE_CONFIG_H -I. -I../.././../gmp/gmp-5.1.1/mpz -I.. -D__GMP_WITHIN_GMP -I../.././../gmp/gmp-5.1.1 -O2 -pedantic -fomit-frame-pointer -m64 -mtune=k8 -march=k8 -c ../.././../gmp/gmp-5.1.1/mpz/lucnum2_ui.c -o lucnum2_ui.o
libtool: compile:  gcc-4.7 -std=gnu99 -DHAVE_CONFIG_H -I. -I../.././../gmp/gmp-5.1.1/mpz -I.. -D__GMP_WITHIN_GMP -I../.././../gmp/gmp-5.1.1 -O2 -pedantic -fomit-frame-pointer -m64 -mtune=k8 -march=k8 -c ../.././../gmp/gmp-5.1.1/mpz/mfac_uiui.c -o mfac_uiui.o
/bin/bash ../libtool --tag=CC   --mode=compile gcc-4.7 -std=gnu99 -DHAVE_CONFIG_H -I. -I../.././../gmp/gmp-5.1.1/mpz -I.. -D__GMP_WITHIN_GMP -I../.././../gmp/gmp-5.1.1    -O2 -pedantic -fomit-frame-pointer -m64 -mtune=k8 -march=k8 -c -o mul.lo ../.././../gmp/gmp-5.1.1/mpz/mul.c
libtool: compile:  gcc-4.7 -std=gnu99 -DHAVE_CONFIG_H -I. -I../.././../gmp/gmp-5.1.1/mpz -I.. -D__GMP_WITHIN_GMP -I../.././../gmp/gmp-5.1.1 -O2 -pedantic -fomit-frame-pointer -m64 -mtune=k8 -march=k8 -c ../.././../gmp/gmp-5.1.1/mpz/millerrabin.c -o millerrabin.o
libtool: compile:  gcc-4.7 -std=gnu99 -DHAVE_CONFIG_H -I. -I../.././../gmp/gmp-5.1.1/mpz -I.. -D__GMP_WITHIN_GMP -I../.././../gmp/gmp-5.1.1 -O2 -pedantic -fomit-frame-pointer -m64 -mtune=k8 -march=k8 -c ../.././../gmp/gmp-5.1.1/mpz/mod.c -o mod.o
/bin/bash ../libtool --tag=CC   --mode=compile gcc-4.7 -std=gnu99 -DHAVE_CONFIG_H -I. -I../.././../gmp/gmp-5.1.1/mpz -I.. -D__GMP_WITHIN_GMP -I../.././../gmp/gmp-5.1.1    -O2 -pedantic -fomit-frame-pointer -m64 -mtune=k8 -march=k8 -c -o mul_2exp.lo ../.././../gmp/gmp-5.1.1/mpz/mul_2exp.c
/bin/bash ../libtool --tag=CC   --mode=compile gcc-4.7 -std=gnu99 -DHAVE_CONFIG_H -I. -I../.././../gmp/gmp-5.1.1/mpz -I.. -D__GMP_WITHIN_GMP -I../.././../gmp/gmp-5.1.1    -O2 -pedantic -fomit-frame-pointer -m64 -mtune=k8 -march=k8 -c -o mul_si.lo ../.././../gmp/gmp-5.1.1/mpz/mul_si.c
libtool: compile:  gcc-4.7 -std=gnu99 -DHAVE_CONFIG_H -I. -I../.././../gmp/gmp-5.1.1/mpz -I.. -D__GMP_WITHIN_GMP -I../.././../gmp/gmp-5.1.1 -O2 -pedantic -fomit-frame-pointer -m64 -mtune=k8 -march=k8 -c ../.././../gmp/gmp-5.1.1/mpz/mul.c -o mul.o
/bin/bash ../libtool --tag=CC   --mode=compile gcc-4.7 -std=gnu99 -DHAVE_CONFIG_H -I. -I../.././../gmp/gmp-5.1.1/mpz -I.. -D__GMP_WITHIN_GMP -I../.././../gmp/gmp-5.1.1    -O2 -pedantic -fomit-frame-pointer -m64 -mtune=k8 -march=k8 -c -o mul_ui.lo ../.././../gmp/gmp-5.1.1/mpz/mul_ui.c
libtool: compile:  gcc-4.7 -std=gnu99 -DHAVE_CONFIG_H -I. -I../.././../gmp/gmp-5.1.1/mpz -I.. -D__GMP_WITHIN_GMP -I../.././../gmp/gmp-5.1.1 -O2 -pedantic -fomit-frame-pointer -m64 -mtune=k8 -march=k8 -c ../.././../gmp/gmp-5.1.1/mpz/mul_2exp.c -o mul_2exp.o
/bin/bash ../libtool --tag=CC   --mode=compile gcc-4.7 -std=gnu99 -DHAVE_CONFIG_H -I. -I../.././../gmp/gmp-5.1.1/mpz -I.. -D__GMP_WITHIN_GMP -I../.././../gmp/gmp-5.1.1    -O2 -pedantic -fomit-frame-pointer -m64 -mtune=k8 -march=k8 -c -o n_pow_ui.lo ../.././../gmp/gmp-5.1.1/mpz/n_pow_ui.c
/bin/bash ../libtool --tag=CC   --mode=compile gcc-4.7 -std=gnu99 -DHAVE_CONFIG_H -I. -I../.././../gmp/gmp-5.1.1/mpz -I.. -D__GMP_WITHIN_GMP -I../.././../gmp/gmp-5.1.1    -O2 -pedantic -fomit-frame-pointer -m64 -mtune=k8 -march=k8 -c -o neg.lo ../.././../gmp/gmp-5.1.1/mpz/neg.c
libtool: compile:  gcc-4.7 -std=gnu99 -DHAVE_CONFIG_H -I. -I../.././../gmp/gmp-5.1.1/mpz -I.. -D__GMP_WITHIN_GMP -I../.././../gmp/gmp-5.1.1 -O2 -pedantic -fomit-frame-pointer -m64 -mtune=k8 -march=k8 -c ../.././../gmp/gmp-5.1.1/mpz/mul_si.c -o mul_si.o
libtool: compile:  gcc-4.7 -std=gnu99 -DHAVE_CONFIG_H -I. -I../.././../gmp/gmp-5.1.1/mpz -I.. -D__GMP_WITHIN_GMP -I../.././../gmp/gmp-5.1.1 -O2 -pedantic -fomit-frame-pointer -m64 -mtune=k8 -march=k8 -c ../.././../gmp/gmp-5.1.1/mpz/mul_ui.c -o mul_ui.o
libtool: compile:  gcc-4.7 -std=gnu99 -DHAVE_CONFIG_H -I. -I../.././../gmp/gmp-5.1.1/mpz -I.. -D__GMP_WITHIN_GMP -I../.././../gmp/gmp-5.1.1 -O2 -pedantic -fomit-frame-pointer -m64 -mtune=k8 -march=k8 -c ../.././../gmp/gmp-5.1.1/mpz/neg.c -o neg.o
libtool: compile:  gcc-4.7 -std=gnu99 -DHAVE_CONFIG_H -I. -I../.././../gmp/gmp-5.1.1/mpz -I.. -D__GMP_WITHIN_GMP -I../.././../gmp/gmp-5.1.1 -O2 -pedantic -fomit-frame-pointer -m64 -mtune=k8 -march=k8 -c ../.././../gmp/gmp-5.1.1/mpz/n_pow_ui.c -o n_pow_ui.o
/bin/bash ../libtool --tag=CC   --mode=compile gcc-4.7 -std=gnu99 -DHAVE_CONFIG_H -I. -I../.././../gmp/gmp-5.1.1/mpz -I.. -D__GMP_WITHIN_GMP -I../.././../gmp/gmp-5.1.1    -O2 -pedantic -fomit-frame-pointer -m64 -mtune=k8 -march=k8 -c -o nextprime.lo ../.././../gmp/gmp-5.1.1/mpz/nextprime.c
/bin/bash ../libtool --tag=CC   --mode=compile gcc-4.7 -std=gnu99 -DHAVE_CONFIG_H -I. -I../.././../gmp/gmp-5.1.1/mpz -I.. -D__GMP_WITHIN_GMP -I../.././../gmp/gmp-5.1.1    -O2 -pedantic -fomit-frame-pointer -m64 -mtune=k8 -march=k8 -c -o oddfac_1.lo ../.././../gmp/gmp-5.1.1/mpz/oddfac_1.c
/bin/bash ../libtool --tag=CC   --mode=compile gcc-4.7 -std=gnu99 -DHAVE_CONFIG_H -I. -I../.././../gmp/gmp-5.1.1/mpz -I.. -D__GMP_WITHIN_GMP -I../.././../gmp/gmp-5.1.1    -O2 -pedantic -fomit-frame-pointer -m64 -mtune=k8 -march=k8 -c -o out_raw.lo ../.././../gmp/gmp-5.1.1/mpz/out_raw.c
libtool: compile:  gcc-4.7 -std=gnu99 -DHAVE_CONFIG_H -I. -I../.././../gmp/gmp-5.1.1/mpz -I.. -D__GMP_WITHIN_GMP -I../.././../gmp/gmp-5.1.1 -O2 -pedantic -fomit-frame-pointer -m64 -mtune=k8 -march=k8 -c ../.././../gmp/gmp-5.1.1/mpz/nextprime.c -o nextprime.o
libtool: compile:  gcc-4.7 -std=gnu99 -DHAVE_CONFIG_H -I. -I../.././../gmp/gmp-5.1.1/mpz -I.. -D__GMP_WITHIN_GMP -I../.././../gmp/gmp-5.1.1 -O2 -pedantic -fomit-frame-pointer -m64 -mtune=k8 -march=k8 -c ../.././../gmp/gmp-5.1.1/mpz/oddfac_1.c -o oddfac_1.o
/bin/bash ../libtool --tag=CC   --mode=compile gcc-4.7 -std=gnu99 -DHAVE_CONFIG_H -I. -I../.././../gmp/gmp-5.1.1/mpz -I.. -D__GMP_WITHIN_GMP -I../.././../gmp/gmp-5.1.1    -O2 -pedantic -fomit-frame-pointer -m64 -mtune=k8 -march=k8 -c -o out_str.lo ../.././../gmp/gmp-5.1.1/mpz/out_str.c
/bin/bash ../libtool --tag=CC   --mode=compile gcc-4.7 -std=gnu99 -DHAVE_CONFIG_H -I. -I../.././../gmp/gmp-5.1.1/mpz -I.. -D__GMP_WITHIN_GMP -I../.././../gmp/gmp-5.1.1    -O2 -pedantic -fomit-frame-pointer -m64 -mtune=k8 -march=k8 -c -o perfpow.lo ../.././../gmp/gmp-5.1.1/mpz/perfpow.c
/bin/bash ../libtool --tag=CC   --mode=compile gcc-4.7 -std=gnu99 -DHAVE_CONFIG_H -I. -I../.././../gmp/gmp-5.1.1/mpz -I.. -D__GMP_WITHIN_GMP -I../.././../gmp/gmp-5.1.1    -O2 -pedantic -fomit-frame-pointer -m64 -mtune=k8 -march=k8 -c -o perfsqr.lo ../.././../gmp/gmp-5.1.1/mpz/perfsqr.c
libtool: compile:  gcc-4.7 -std=gnu99 -DHAVE_CONFIG_H -I. -I../.././../gmp/gmp-5.1.1/mpz -I.. -D__GMP_WITHIN_GMP -I../.././../gmp/gmp-5.1.1 -O2 -pedantic -fomit-frame-pointer -m64 -mtune=k8 -march=k8 -c ../.././../gmp/gmp-5.1.1/mpz/out_raw.c -o out_raw.o
libtool: compile:  gcc-4.7 -std=gnu99 -DHAVE_CONFIG_H -I. -I../.././../gmp/gmp-5.1.1/mpz -I.. -D__GMP_WITHIN_GMP -I../.././../gmp/gmp-5.1.1 -O2 -pedantic -fomit-frame-pointer -m64 -mtune=k8 -march=k8 -c ../.././../gmp/gmp-5.1.1/mpz/out_str.c -o out_str.o
/bin/bash ../libtool --tag=CC   --mode=compile gcc-4.7 -std=gnu99 -DHAVE_CONFIG_H -I. -I../.././../gmp/gmp-5.1.1/mpz -I.. -D__GMP_WITHIN_GMP -I../.././../gmp/gmp-5.1.1    -O2 -pedantic -fomit-frame-pointer -m64 -mtune=k8 -march=k8 -c -o popcount.lo ../.././../gmp/gmp-5.1.1/mpz/popcount.c
libtool: compile:  gcc-4.7 -std=gnu99 -DHAVE_CONFIG_H -I. -I../.././../gmp/gmp-5.1.1/mpz -I.. -D__GMP_WITHIN_GMP -I../.././../gmp/gmp-5.1.1 -O2 -pedantic -fomit-frame-pointer -m64 -mtune=k8 -march=k8 -c ../.././../gmp/gmp-5.1.1/mpz/perfsqr.c -o perfsqr.o
libtool: compile:  gcc-4.7 -std=gnu99 -DHAVE_CONFIG_H -I. -I../.././../gmp/gmp-5.1.1/mpz -I.. -D__GMP_WITHIN_GMP -I../.././../gmp/gmp-5.1.1 -O2 -pedantic -fomit-frame-pointer -m64 -mtune=k8 -march=k8 -c ../.././../gmp/gmp-5.1.1/mpz/perfpow.c -o perfpow.o
/bin/bash ../libtool --tag=CC   --mode=compile gcc-4.7 -std=gnu99 -DHAVE_CONFIG_H -I. -I../.././../gmp/gmp-5.1.1/mpz -I.. -D__GMP_WITHIN_GMP -I../.././../gmp/gmp-5.1.1    -O2 -pedantic -fomit-frame-pointer -m64 -mtune=k8 -march=k8 -c -o pow_ui.lo ../.././../gmp/gmp-5.1.1/mpz/pow_ui.c
libtool: compile:  gcc-4.7 -std=gnu99 -DHAVE_CONFIG_H -I. -I../.././../gmp/gmp-5.1.1/mpz -I.. -D__GMP_WITHIN_GMP -I../.././../gmp/gmp-5.1.1 -O2 -pedantic -fomit-frame-pointer -m64 -mtune=k8 -march=k8 -c ../.././../gmp/gmp-5.1.1/mpz/popcount.c -o popcount.o
/bin/bash ../libtool --tag=CC   --mode=compile gcc-4.7 -std=gnu99 -DHAVE_CONFIG_H -I. -I../.././../gmp/gmp-5.1.1/mpz -I.. -D__GMP_WITHIN_GMP -I../.././../gmp/gmp-5.1.1    -O2 -pedantic -fomit-frame-pointer -m64 -mtune=k8 -march=k8 -c -o powm.lo ../.././../gmp/gmp-5.1.1/mpz/powm.c
/bin/bash ../libtool --tag=CC   --mode=compile gcc-4.7 -std=gnu99 -DHAVE_CONFIG_H -I. -I../.././../gmp/gmp-5.1.1/mpz -I.. -D__GMP_WITHIN_GMP -I../.././../gmp/gmp-5.1.1    -O2 -pedantic -fomit-frame-pointer -m64 -mtune=k8 -march=k8 -c -o powm_sec.lo ../.././../gmp/gmp-5.1.1/mpz/powm_sec.c
/bin/bash ../libtool --tag=CC   --mode=compile gcc-4.7 -std=gnu99 -DHAVE_CONFIG_H -I. -I../.././../gmp/gmp-5.1.1/mpz -I.. -D__GMP_WITHIN_GMP -I../.././../gmp/gmp-5.1.1    -O2 -pedantic -fomit-frame-pointer -m64 -mtune=k8 -march=k8 -c -o powm_ui.lo ../.././../gmp/gmp-5.1.1/mpz/powm_ui.c
/bin/bash ../libtool --tag=CC   --mode=compile gcc-4.7 -std=gnu99 -DHAVE_CONFIG_H -I. -I../.././../gmp/gmp-5.1.1/mpz -I.. -D__GMP_WITHIN_GMP -I../.././../gmp/gmp-5.1.1    -O2 -pedantic -fomit-frame-pointer -m64 -mtune=k8 -march=k8 -c -o pprime_p.lo ../.././../gmp/gmp-5.1.1/mpz/pprime_p.c
/bin/bash ../libtool --tag=CC   --mode=compile gcc-4.7 -std=gnu99 -DHAVE_CONFIG_H -I. -I../.././../gmp/gmp-5.1.1/mpz -I.. -D__GMP_WITHIN_GMP -I../.././../gmp/gmp-5.1.1    -O2 -pedantic -fomit-frame-pointer -m64 -mtune=k8 -march=k8 -c -o prodlimbs.lo ../.././../gmp/gmp-5.1.1/mpz/prodlimbs.c
libtool: compile:  gcc-4.7 -std=gnu99 -DHAVE_CONFIG_H -I. -I../.././../gmp/gmp-5.1.1/mpz -I.. -D__GMP_WITHIN_GMP -I../.././../gmp/gmp-5.1.1 -O2 -pedantic -fomit-frame-pointer -m64 -mtune=k8 -march=k8 -c ../.././../gmp/gmp-5.1.1/mpz/pow_ui.c -o pow_ui.o
libtool: compile:  gcc-4.7 -std=gnu99 -DHAVE_CONFIG_H -I. -I../.././../gmp/gmp-5.1.1/mpz -I.. -D__GMP_WITHIN_GMP -I../.././../gmp/gmp-5.1.1 -O2 -pedantic -fomit-frame-pointer -m64 -mtune=k8 -march=k8 -c ../.././../gmp/gmp-5.1.1/mpz/powm.c -o powm.o
/bin/bash ../libtool --tag=CC   --mode=compile gcc-4.7 -std=gnu99 -DHAVE_CONFIG_H -I. -I../.././../gmp/gmp-5.1.1/mpz -I.. -D__GMP_WITHIN_GMP -I../.././../gmp/gmp-5.1.1    -O2 -pedantic -fomit-frame-pointer -m64 -mtune=k8 -march=k8 -c -o primorial_ui.lo ../.././../gmp/gmp-5.1.1/mpz/primorial_ui.c
libtool: compile:  gcc-4.7 -std=gnu99 -DHAVE_CONFIG_H -I. -I../.././../gmp/gmp-5.1.1/mpz -I.. -D__GMP_WITHIN_GMP -I../.././../gmp/gmp-5.1.1 -O2 -pedantic -fomit-frame-pointer -m64 -mtune=k8 -march=k8 -c ../.././../gmp/gmp-5.1.1/mpz/powm_sec.c -o powm_sec.o
libtool: compile:  gcc-4.7 -std=gnu99 -DHAVE_CONFIG_H -I. -I../.././../gmp/gmp-5.1.1/mpz -I.. -D__GMP_WITHIN_GMP -I../.././../gmp/gmp-5.1.1 -O2 -pedantic -fomit-frame-pointer -m64 -mtune=k8 -march=k8 -c ../.././../gmp/gmp-5.1.1/mpz/pprime_p.c -o pprime_p.o
libtool: compile:  gcc-4.7 -std=gnu99 -DHAVE_CONFIG_H -I. -I../.././../gmp/gmp-5.1.1/mpz -I.. -D__GMP_WITHIN_GMP -I../.././../gmp/gmp-5.1.1 -O2 -pedantic -fomit-frame-pointer -m64 -mtune=k8 -march=k8 -c ../.././../gmp/gmp-5.1.1/mpz/prodlimbs.c -o prodlimbs.o
libtool: compile:  gcc-4.7 -std=gnu99 -DHAVE_CONFIG_H -I. -I../.././../gmp/gmp-5.1.1/mpz -I.. -D__GMP_WITHIN_GMP -I../.././../gmp/gmp-5.1.1 -O2 -pedantic -fomit-frame-pointer -m64 -mtune=k8 -march=k8 -c ../.././../gmp/gmp-5.1.1/mpz/powm_ui.c -o powm_ui.o
libtool: compile:  gcc-4.7 -std=gnu99 -DHAVE_CONFIG_H -I. -I../.././../gmp/gmp-5.1.1/mpz -I.. -D__GMP_WITHIN_GMP -I../.././../gmp/gmp-5.1.1 -O2 -pedantic -fomit-frame-pointer -m64 -mtune=k8 -march=k8 -c ../.././../gmp/gmp-5.1.1/mpz/primorial_ui.c -o primorial_ui.o
/bin/bash ../libtool --tag=CC   --mode=compile gcc-4.7 -std=gnu99 -DHAVE_CONFIG_H -I. -I../.././../gmp/gmp-5.1.1/mpz -I.. -D__GMP_WITHIN_GMP -I../.././../gmp/gmp-5.1.1    -O2 -pedantic -fomit-frame-pointer -m64 -mtune=k8 -march=k8 -c -o random.lo ../.././../gmp/gmp-5.1.1/mpz/random.c
/bin/bash ../libtool --tag=CC   --mode=compile gcc-4.7 -std=gnu99 -DHAVE_CONFIG_H -I. -I../.././../gmp/gmp-5.1.1/mpz -I.. -D__GMP_WITHIN_GMP -I../.././../gmp/gmp-5.1.1    -O2 -pedantic -fomit-frame-pointer -m64 -mtune=k8 -march=k8 -c -o random2.lo ../.././../gmp/gmp-5.1.1/mpz/random2.c
libtool: compile:  gcc-4.7 -std=gnu99 -DHAVE_CONFIG_H -I. -I../.././../gmp/gmp-5.1.1/mpz -I.. -D__GMP_WITHIN_GMP -I../.././../gmp/gmp-5.1.1 -O2 -pedantic -fomit-frame-pointer -m64 -mtune=k8 -march=k8 -c ../.././../gmp/gmp-5.1.1/mpz/random.c -o random.o
/bin/bash ../libtool --tag=CC   --mode=compile gcc-4.7 -std=gnu99 -DHAVE_CONFIG_H -I. -I../.././../gmp/gmp-5.1.1/mpz -I.. -D__GMP_WITHIN_GMP -I../.././../gmp/gmp-5.1.1    -O2 -pedantic -fomit-frame-pointer -m64 -mtune=k8 -march=k8 -c -o realloc.lo ../.././../gmp/gmp-5.1.1/mpz/realloc.c
libtool: compile:  gcc-4.7 -std=gnu99 -DHAVE_CONFIG_H -I. -I../.././../gmp/gmp-5.1.1/mpz -I.. -D__GMP_WITHIN_GMP -I../.././../gmp/gmp-5.1.1 -O2 -pedantic -fomit-frame-pointer -m64 -mtune=k8 -march=k8 -c ../.././../gmp/gmp-5.1.1/mpz/random2.c -o random2.o
/bin/bash ../libtool --tag=CC   --mode=compile gcc-4.7 -std=gnu99 -DHAVE_CONFIG_H -I. -I../.././../gmp/gmp-5.1.1/mpz -I.. -D__GMP_WITHIN_GMP -I../.././../gmp/gmp-5.1.1    -O2 -pedantic -fomit-frame-pointer -m64 -mtune=k8 -march=k8 -c -o realloc2.lo ../.././../gmp/gmp-5.1.1/mpz/realloc2.c
/bin/bash ../libtool --tag=CC   --mode=compile gcc-4.7 -std=gnu99 -DHAVE_CONFIG_H -I. -I../.././../gmp/gmp-5.1.1/mpz -I.. -D__GMP_WITHIN_GMP -I../.././../gmp/gmp-5.1.1    -O2 -pedantic -fomit-frame-pointer -m64 -mtune=k8 -march=k8 -c -o remove.lo ../.././../gmp/gmp-5.1.1/mpz/remove.c
libtool: compile:  gcc-4.7 -std=gnu99 -DHAVE_CONFIG_H -I. -I../.././../gmp/gmp-5.1.1/mpz -I.. -D__GMP_WITHIN_GMP -I../.././../gmp/gmp-5.1.1 -O2 -pedantic -fomit-frame-pointer -m64 -mtune=k8 -march=k8 -c ../.././../gmp/gmp-5.1.1/mpz/realloc.c -o realloc.o
libtool: compile:  gcc-4.7 -std=gnu99 -DHAVE_CONFIG_H -I. -I../.././../gmp/gmp-5.1.1/mpz -I.. -D__GMP_WITHIN_GMP -I../.././../gmp/gmp-5.1.1 -O2 -pedantic -fomit-frame-pointer -m64 -mtune=k8 -march=k8 -c ../.././../gmp/gmp-5.1.1/mpz/realloc2.c -o realloc2.o
/bin/bash ../libtool --tag=CC   --mode=compile gcc-4.7 -std=gnu99 -DHAVE_CONFIG_H -I. -I../.././../gmp/gmp-5.1.1/mpz -I.. -D__GMP_WITHIN_GMP -I../.././../gmp/gmp-5.1.1    -O2 -pedantic -fomit-frame-pointer -m64 -mtune=k8 -march=k8 -c -o root.lo ../.././../gmp/gmp-5.1.1/mpz/root.c
/bin/bash ../libtool --tag=CC   --mode=compile gcc-4.7 -std=gnu99 -DHAVE_CONFIG_H -I. -I../.././../gmp/gmp-5.1.1/mpz -I.. -D__GMP_WITHIN_GMP -I../.././../gmp/gmp-5.1.1    -O2 -pedantic -fomit-frame-pointer -m64 -mtune=k8 -march=k8 -c -o rootrem.lo ../.././../gmp/gmp-5.1.1/mpz/rootrem.c
libtool: compile:  gcc-4.7 -std=gnu99 -DHAVE_CONFIG_H -I. -I../.././../gmp/gmp-5.1.1/mpz -I.. -D__GMP_WITHIN_GMP -I../.././../gmp/gmp-5.1.1 -O2 -pedantic -fomit-frame-pointer -m64 -mtune=k8 -march=k8 -c ../.././../gmp/gmp-5.1.1/mpz/remove.c -o remove.o
/bin/bash ../libtool --tag=CC   --mode=compile gcc-4.7 -std=gnu99 -DHAVE_CONFIG_H -I. -I../.././../gmp/gmp-5.1.1/mpz -I.. -D__GMP_WITHIN_GMP -I../.././../gmp/gmp-5.1.1    -O2 -pedantic -fomit-frame-pointer -m64 -mtune=k8 -march=k8 -c -o rrandomb.lo ../.././../gmp/gmp-5.1.1/mpz/rrandomb.c
libtool: compile:  gcc-4.7 -std=gnu99 -DHAVE_CONFIG_H -I. -I../.././../gmp/gmp-5.1.1/mpz -I.. -D__GMP_WITHIN_GMP -I../.././../gmp/gmp-5.1.1 -O2 -pedantic -fomit-frame-pointer -m64 -mtune=k8 -march=k8 -c ../.././../gmp/gmp-5.1.1/mpz/root.c -o root.o
libtool: compile:  gcc-4.7 -std=gnu99 -DHAVE_CONFIG_H -I. -I../.././../gmp/gmp-5.1.1/mpz -I.. -D__GMP_WITHIN_GMP -I../.././../gmp/gmp-5.1.1 -O2 -pedantic -fomit-frame-pointer -m64 -mtune=k8 -march=k8 -c ../.././../gmp/gmp-5.1.1/mpz/rrandomb.c -o rrandomb.o
libtool: compile:  gcc-4.7 -std=gnu99 -DHAVE_CONFIG_H -I. -I../.././../gmp/gmp-5.1.1/mpz -I.. -D__GMP_WITHIN_GMP -I../.././../gmp/gmp-5.1.1 -O2 -pedantic -fomit-frame-pointer -m64 -mtune=k8 -march=k8 -c ../.././../gmp/gmp-5.1.1/mpz/rootrem.c -o rootrem.o
/bin/bash ../libtool --tag=CC   --mode=compile gcc-4.7 -std=gnu99 -DHAVE_CONFIG_H -I. -I../.././../gmp/gmp-5.1.1/mpz -I.. -D__GMP_WITHIN_GMP -I../.././../gmp/gmp-5.1.1    -O2 -pedantic -fomit-frame-pointer -m64 -mtune=k8 -march=k8 -c -o scan0.lo ../.././../gmp/gmp-5.1.1/mpz/scan0.c
/bin/bash ../libtool --tag=CC   --mode=compile gcc-4.7 -std=gnu99 -DHAVE_CONFIG_H -I. -I../.././../gmp/gmp-5.1.1/mpz -I.. -D__GMP_WITHIN_GMP -I../.././../gmp/gmp-5.1.1    -O2 -pedantic -fomit-frame-pointer -m64 -mtune=k8 -march=k8 -c -o scan1.lo ../.././../gmp/gmp-5.1.1/mpz/scan1.c
/bin/bash ../libtool --tag=CC   --mode=compile gcc-4.7 -std=gnu99 -DHAVE_CONFIG_H -I. -I../.././../gmp/gmp-5.1.1/mpz -I.. -D__GMP_WITHIN_GMP -I../.././../gmp/gmp-5.1.1    -O2 -pedantic -fomit-frame-pointer -m64 -mtune=k8 -march=k8 -c -o set.lo ../.././../gmp/gmp-5.1.1/mpz/set.c
/bin/bash ../libtool --tag=CC   --mode=compile gcc-4.7 -std=gnu99 -DHAVE_CONFIG_H -I. -I../.././../gmp/gmp-5.1.1/mpz -I.. -D__GMP_WITHIN_GMP -I../.././../gmp/gmp-5.1.1    -O2 -pedantic -fomit-frame-pointer -m64 -mtune=k8 -march=k8 -c -o set_d.lo ../.././../gmp/gmp-5.1.1/mpz/set_d.c
libtool: compile:  gcc-4.7 -std=gnu99 -DHAVE_CONFIG_H -I. -I../.././../gmp/gmp-5.1.1/mpz -I.. -D__GMP_WITHIN_GMP -I../.././../gmp/gmp-5.1.1 -O2 -pedantic -fomit-frame-pointer -m64 -mtune=k8 -march=k8 -c ../.././../gmp/gmp-5.1.1/mpz/scan0.c -o scan0.o
/bin/bash ../libtool --tag=CC   --mode=compile gcc-4.7 -std=gnu99 -DHAVE_CONFIG_H -I. -I../.././../gmp/gmp-5.1.1/mpz -I.. -D__GMP_WITHIN_GMP -I../.././../gmp/gmp-5.1.1    -O2 -pedantic -fomit-frame-pointer -m64 -mtune=k8 -march=k8 -c -o set_f.lo ../.././../gmp/gmp-5.1.1/mpz/set_f.c
libtool: compile:  gcc-4.7 -std=gnu99 -DHAVE_CONFIG_H -I. -I../.././../gmp/gmp-5.1.1/mpz -I.. -D__GMP_WITHIN_GMP -I../.././../gmp/gmp-5.1.1 -O2 -pedantic -fomit-frame-pointer -m64 -mtune=k8 -march=k8 -c ../.././../gmp/gmp-5.1.1/mpz/scan1.c -o scan1.o
libtool: compile:  gcc-4.7 -std=gnu99 -DHAVE_CONFIG_H -I. -I../.././../gmp/gmp-5.1.1/mpz -I.. -D__GMP_WITHIN_GMP -I../.././../gmp/gmp-5.1.1 -O2 -pedantic -fomit-frame-pointer -m64 -mtune=k8 -march=k8 -c ../.././../gmp/gmp-5.1.1/mpz/set.c -o set.o
/bin/bash ../libtool --tag=CC   --mode=compile gcc-4.7 -std=gnu99 -DHAVE_CONFIG_H -I. -I../.././../gmp/gmp-5.1.1/mpz -I.. -D__GMP_WITHIN_GMP -I../.././../gmp/gmp-5.1.1    -O2 -pedantic -fomit-frame-pointer -m64 -mtune=k8 -march=k8 -c -o set_q.lo ../.././../gmp/gmp-5.1.1/mpz/set_q.c
libtool: compile:  gcc-4.7 -std=gnu99 -DHAVE_CONFIG_H -I. -I../.././../gmp/gmp-5.1.1/mpz -I.. -D__GMP_WITHIN_GMP -I../.././../gmp/gmp-5.1.1 -O2 -pedantic -fomit-frame-pointer -m64 -mtune=k8 -march=k8 -c ../.././../gmp/gmp-5.1.1/mpz/set_f.c -o set_f.o
libtool: compile:  gcc-4.7 -std=gnu99 -DHAVE_CONFIG_H -I. -I../.././../gmp/gmp-5.1.1/mpz -I.. -D__GMP_WITHIN_GMP -I../.././../gmp/gmp-5.1.1 -O2 -pedantic -fomit-frame-pointer -m64 -mtune=k8 -march=k8 -c ../.././../gmp/gmp-5.1.1/mpz/set_d.c -o set_d.o
/bin/bash ../libtool --tag=CC   --mode=compile gcc-4.7 -std=gnu99 -DHAVE_CONFIG_H -I. -I../.././../gmp/gmp-5.1.1/mpz -I.. -D__GMP_WITHIN_GMP -I../.././../gmp/gmp-5.1.1    -O2 -pedantic -fomit-frame-pointer -m64 -mtune=k8 -march=k8 -c -o set_si.lo ../.././../gmp/gmp-5.1.1/mpz/set_si.c
libtool: compile:  gcc-4.7 -std=gnu99 -DHAVE_CONFIG_H -I. -I../.././../gmp/gmp-5.1.1/mpz -I.. -D__GMP_WITHIN_GMP -I../.././../gmp/gmp-5.1.1 -O2 -pedantic -fomit-frame-pointer -m64 -mtune=k8 -march=k8 -c ../.././../gmp/gmp-5.1.1/mpz/set_q.c -o set_q.o
/bin/bash ../libtool --tag=CC   --mode=compile gcc-4.7 -std=gnu99 -DHAVE_CONFIG_H -I. -I../.././../gmp/gmp-5.1.1/mpz -I.. -D__GMP_WITHIN_GMP -I../.././../gmp/gmp-5.1.1    -O2 -pedantic -fomit-frame-pointer -m64 -mtune=k8 -march=k8 -c -o set_str.lo ../.././../gmp/gmp-5.1.1/mpz/set_str.c
/bin/bash ../libtool --tag=CC   --mode=compile gcc-4.7 -std=gnu99 -DHAVE_CONFIG_H -I. -I../.././../gmp/gmp-5.1.1/mpz -I.. -D__GMP_WITHIN_GMP -I../.././../gmp/gmp-5.1.1    -O2 -pedantic -fomit-frame-pointer -m64 -mtune=k8 -march=k8 -c -o set_ui.lo ../.././../gmp/gmp-5.1.1/mpz/set_ui.c
/bin/bash ../libtool --tag=CC   --mode=compile gcc-4.7 -std=gnu99 -DHAVE_CONFIG_H -I. -I../.././../gmp/gmp-5.1.1/mpz -I.. -D__GMP_WITHIN_GMP -I../.././../gmp/gmp-5.1.1    -O2 -pedantic -fomit-frame-pointer -m64 -mtune=k8 -march=k8 -c -o setbit.lo ../.././../gmp/gmp-5.1.1/mpz/setbit.c
libtool: compile:  gcc-4.7 -std=gnu99 -DHAVE_CONFIG_H -I. -I../.././../gmp/gmp-5.1.1/mpz -I.. -D__GMP_WITHIN_GMP -I../.././../gmp/gmp-5.1.1 -O2 -pedantic -fomit-frame-pointer -m64 -mtune=k8 -march=k8 -c ../.././../gmp/gmp-5.1.1/mpz/set_si.c -o set_si.o
/bin/bash ../libtool --tag=CC   --mode=compile gcc-4.7 -std=gnu99 -DHAVE_CONFIG_H -I. -I../.././../gmp/gmp-5.1.1/mpz -I.. -D__GMP_WITHIN_GMP -I../.././../gmp/gmp-5.1.1    -O2 -pedantic -fomit-frame-pointer -m64 -mtune=k8 -march=k8 -c -o size.lo ../.././../gmp/gmp-5.1.1/mpz/size.c
libtool: compile:  gcc-4.7 -std=gnu99 -DHAVE_CONFIG_H -I. -I../.././../gmp/gmp-5.1.1/mpz -I.. -D__GMP_WITHIN_GMP -I../.././../gmp/gmp-5.1.1 -O2 -pedantic -fomit-frame-pointer -m64 -mtune=k8 -march=k8 -c ../.././../gmp/gmp-5.1.1/mpz/set_str.c -o set_str.o
/bin/bash ../libtool --tag=CC   --mode=compile gcc-4.7 -std=gnu99 -DHAVE_CONFIG_H -I. -I../.././../gmp/gmp-5.1.1/mpz -I.. -D__GMP_WITHIN_GMP -I../.././../gmp/gmp-5.1.1    -O2 -pedantic -fomit-frame-pointer -m64 -mtune=k8 -march=k8 -c -o sizeinbase.lo ../.././../gmp/gmp-5.1.1/mpz/sizeinbase.c
libtool: compile:  gcc-4.7 -std=gnu99 -DHAVE_CONFIG_H -I. -I../.././../gmp/gmp-5.1.1/mpz -I.. -D__GMP_WITHIN_GMP -I../.././../gmp/gmp-5.1.1 -O2 -pedantic -fomit-frame-pointer -m64 -mtune=k8 -march=k8 -c ../.././../gmp/gmp-5.1.1/mpz/setbit.c -o setbit.o
libtool: compile:  gcc-4.7 -std=gnu99 -DHAVE_CONFIG_H -I. -I../.././../gmp/gmp-5.1.1/mpz -I.. -D__GMP_WITHIN_GMP -I../.././../gmp/gmp-5.1.1 -O2 -pedantic -fomit-frame-pointer -m64 -mtune=k8 -march=k8 -c ../.././../gmp/gmp-5.1.1/mpz/set_ui.c -o set_ui.o
/bin/bash ../libtool --tag=CC   --mode=compile gcc-4.7 -std=gnu99 -DHAVE_CONFIG_H -I. -I../.././../gmp/gmp-5.1.1/mpz -I.. -D__GMP_WITHIN_GMP -I../.././../gmp/gmp-5.1.1    -O2 -pedantic -fomit-frame-pointer -m64 -mtune=k8 -march=k8 -c -o sqrt.lo ../.././../gmp/gmp-5.1.1/mpz/sqrt.c
libtool: compile:  gcc-4.7 -std=gnu99 -DHAVE_CONFIG_H -I. -I../.././../gmp/gmp-5.1.1/mpz -I.. -D__GMP_WITHIN_GMP -I../.././../gmp/gmp-5.1.1 -O2 -pedantic -fomit-frame-pointer -m64 -mtune=k8 -march=k8 -c ../.././../gmp/gmp-5.1.1/mpz/sizeinbase.c -o sizeinbase.o
libtool: compile:  gcc-4.7 -std=gnu99 -DHAVE_CONFIG_H -I. -I../.././../gmp/gmp-5.1.1/mpz -I.. -D__GMP_WITHIN_GMP -I../.././../gmp/gmp-5.1.1 -O2 -pedantic -fomit-frame-pointer -m64 -mtune=k8 -march=k8 -c ../.././../gmp/gmp-5.1.1/mpz/size.c -o size.o
/bin/bash ../libtool --tag=CC   --mode=compile gcc-4.7 -std=gnu99 -DHAVE_CONFIG_H -I. -I../.././../gmp/gmp-5.1.1/mpz -I.. -D__GMP_WITHIN_GMP -I../.././../gmp/gmp-5.1.1    -O2 -pedantic -fomit-frame-pointer -m64 -mtune=k8 -march=k8 -c -o sqrtrem.lo ../.././../gmp/gmp-5.1.1/mpz/sqrtrem.c
/bin/bash ../libtool --tag=CC   --mode=compile gcc-4.7 -std=gnu99 -DHAVE_CONFIG_H -I. -I../.././../gmp/gmp-5.1.1/mpz -I.. -D__GMP_WITHIN_GMP -I../.././../gmp/gmp-5.1.1    -O2 -pedantic -fomit-frame-pointer -m64 -mtune=k8 -march=k8 -c -o sub.lo ../.././../gmp/gmp-5.1.1/mpz/sub.c
libtool: compile:  gcc-4.7 -std=gnu99 -DHAVE_CONFIG_H -I. -I../.././../gmp/gmp-5.1.1/mpz -I.. -D__GMP_WITHIN_GMP -I../.././../gmp/gmp-5.1.1 -O2 -pedantic -fomit-frame-pointer -m64 -mtune=k8 -march=k8 -c ../.././../gmp/gmp-5.1.1/mpz/sqrt.c -o sqrt.o
/bin/bash ../libtool --tag=CC   --mode=compile gcc-4.7 -std=gnu99 -DHAVE_CONFIG_H -I. -I../.././../gmp/gmp-5.1.1/mpz -I.. -D__GMP_WITHIN_GMP -I../.././../gmp/gmp-5.1.1    -O2 -pedantic -fomit-frame-pointer -m64 -mtune=k8 -march=k8 -c -o sub_ui.lo ../.././../gmp/gmp-5.1.1/mpz/sub_ui.c
libtool: compile:  gcc-4.7 -std=gnu99 -DHAVE_CONFIG_H -I. -I../.././../gmp/gmp-5.1.1/mpz -I.. -D__GMP_WITHIN_GMP -I../.././../gmp/gmp-5.1.1 -O2 -pedantic -fomit-frame-pointer -m64 -mtune=k8 -march=k8 -c ../.././../gmp/gmp-5.1.1/mpz/sub.c -o sub.o
libtool: compile:  gcc-4.7 -std=gnu99 -DHAVE_CONFIG_H -I. -I../.././../gmp/gmp-5.1.1/mpz -I.. -D__GMP_WITHIN_GMP -I../.././../gmp/gmp-5.1.1 -O2 -pedantic -fomit-frame-pointer -m64 -mtune=k8 -march=k8 -c ../.././../gmp/gmp-5.1.1/mpz/sqrtrem.c -o sqrtrem.o
/bin/bash ../libtool --tag=CC   --mode=compile gcc-4.7 -std=gnu99 -DHAVE_CONFIG_H -I. -I../.././../gmp/gmp-5.1.1/mpz -I.. -D__GMP_WITHIN_GMP -I../.././../gmp/gmp-5.1.1    -O2 -pedantic -fomit-frame-pointer -m64 -mtune=k8 -march=k8 -c -o swap.lo ../.././../gmp/gmp-5.1.1/mpz/swap.c
libtool: compile:  gcc-4.7 -std=gnu99 -DHAVE_CONFIG_H -I. -I../.././../gmp/gmp-5.1.1/mpz -I.. -D__GMP_WITHIN_GMP -I../.././../gmp/gmp-5.1.1 -O2 -pedantic -fomit-frame-pointer -m64 -mtune=k8 -march=k8 -c ../.././../gmp/gmp-5.1.1/mpz/sub_ui.c -o sub_ui.o
/bin/bash ../libtool --tag=CC   --mode=compile gcc-4.7 -std=gnu99 -DHAVE_CONFIG_H -I. -I../.././../gmp/gmp-5.1.1/mpz -I.. -D__GMP_WITHIN_GMP -I../.././../gmp/gmp-5.1.1    -O2 -pedantic -fomit-frame-pointer -m64 -mtune=k8 -march=k8 -c -o tdiv_ui.lo ../.././../gmp/gmp-5.1.1/mpz/tdiv_ui.c
/bin/bash ../libtool --tag=CC   --mode=compile gcc-4.7 -std=gnu99 -DHAVE_CONFIG_H -I. -I../.././../gmp/gmp-5.1.1/mpz -I.. -D__GMP_WITHIN_GMP -I../.././../gmp/gmp-5.1.1    -O2 -pedantic -fomit-frame-pointer -m64 -mtune=k8 -march=k8 -c -o tdiv_q.lo ../.././../gmp/gmp-5.1.1/mpz/tdiv_q.c
/bin/bash ../libtool --tag=CC   --mode=compile gcc-4.7 -std=gnu99 -DHAVE_CONFIG_H -I. -I../.././../gmp/gmp-5.1.1/mpz -I.. -D__GMP_WITHIN_GMP -I../.././../gmp/gmp-5.1.1    -O2 -pedantic -fomit-frame-pointer -m64 -mtune=k8 -march=k8 -c -o tdiv_q_2exp.lo ../.././../gmp/gmp-5.1.1/mpz/tdiv_q_2exp.c
libtool: compile:  gcc-4.7 -std=gnu99 -DHAVE_CONFIG_H -I. -I../.././../gmp/gmp-5.1.1/mpz -I.. -D__GMP_WITHIN_GMP -I../.././../gmp/gmp-5.1.1 -O2 -pedantic -fomit-frame-pointer -m64 -mtune=k8 -march=k8 -c ../.././../gmp/gmp-5.1.1/mpz/swap.c -o swap.o
libtool: compile:  gcc-4.7 -std=gnu99 -DHAVE_CONFIG_H -I. -I../.././../gmp/gmp-5.1.1/mpz -I.. -D__GMP_WITHIN_GMP -I../.././../gmp/gmp-5.1.1 -O2 -pedantic -fomit-frame-pointer -m64 -mtune=k8 -march=k8 -c ../.././../gmp/gmp-5.1.1/mpz/tdiv_ui.c -o tdiv_ui.o
libtool: compile:  gcc-4.7 -std=gnu99 -DHAVE_CONFIG_H -I. -I../.././../gmp/gmp-5.1.1/mpz -I.. -D__GMP_WITHIN_GMP -I../.././../gmp/gmp-5.1.1 -O2 -pedantic -fomit-frame-pointer -m64 -mtune=k8 -march=k8 -c ../.././../gmp/gmp-5.1.1/mpz/tdiv_q.c -o tdiv_q.o
/bin/bash ../libtool --tag=CC   --mode=compile gcc-4.7 -std=gnu99 -DHAVE_CONFIG_H -I. -I../.././../gmp/gmp-5.1.1/mpz -I.. -D__GMP_WITHIN_GMP -I../.././../gmp/gmp-5.1.1    -O2 -pedantic -fomit-frame-pointer -m64 -mtune=k8 -march=k8 -c -o tdiv_q_ui.lo ../.././../gmp/gmp-5.1.1/mpz/tdiv_q_ui.c
/bin/bash ../libtool --tag=CC   --mode=compile gcc-4.7 -std=gnu99 -DHAVE_CONFIG_H -I. -I../.././../gmp/gmp-5.1.1/mpz -I.. -D__GMP_WITHIN_GMP -I../.././../gmp/gmp-5.1.1    -O2 -pedantic -fomit-frame-pointer -m64 -mtune=k8 -march=k8 -c -o tdiv_qr.lo ../.././../gmp/gmp-5.1.1/mpz/tdiv_qr.c
libtool: compile:  gcc-4.7 -std=gnu99 -DHAVE_CONFIG_H -I. -I../.././../gmp/gmp-5.1.1/mpz -I.. -D__GMP_WITHIN_GMP -I../.././../gmp/gmp-5.1.1 -O2 -pedantic -fomit-frame-pointer -m64 -mtune=k8 -march=k8 -c ../.././../gmp/gmp-5.1.1/mpz/tdiv_q_2exp.c -o tdiv_q_2exp.o
/bin/bash ../libtool --tag=CC   --mode=compile gcc-4.7 -std=gnu99 -DHAVE_CONFIG_H -I. -I../.././../gmp/gmp-5.1.1/mpz -I.. -D__GMP_WITHIN_GMP -I../.././../gmp/gmp-5.1.1    -O2 -pedantic -fomit-frame-pointer -m64 -mtune=k8 -march=k8 -c -o tdiv_qr_ui.lo ../.././../gmp/gmp-5.1.1/mpz/tdiv_qr_ui.c
/bin/bash ../libtool --tag=CC   --mode=compile gcc-4.7 -std=gnu99 -DHAVE_CONFIG_H -I. -I../.././../gmp/gmp-5.1.1/mpz -I.. -D__GMP_WITHIN_GMP -I../.././../gmp/gmp-5.1.1    -O2 -pedantic -fomit-frame-pointer -m64 -mtune=k8 -march=k8 -c -o tdiv_r.lo ../.././../gmp/gmp-5.1.1/mpz/tdiv_r.c
/bin/bash ../libtool --tag=CC   --mode=compile gcc-4.7 -std=gnu99 -DHAVE_CONFIG_H -I. -I../.././../gmp/gmp-5.1.1/mpz -I.. -D__GMP_WITHIN_GMP -I../.././../gmp/gmp-5.1.1    -O2 -pedantic -fomit-frame-pointer -m64 -mtune=k8 -march=k8 -c -o tdiv_r_2exp.lo ../.././../gmp/gmp-5.1.1/mpz/tdiv_r_2exp.c
/bin/bash ../libtool --tag=CC   --mode=compile gcc-4.7 -std=gnu99 -DHAVE_CONFIG_H -I. -I../.././../gmp/gmp-5.1.1/mpz -I.. -D__GMP_WITHIN_GMP -I../.././../gmp/gmp-5.1.1    -O2 -pedantic -fomit-frame-pointer -m64 -mtune=k8 -march=k8 -c -o tdiv_r_ui.lo ../.././../gmp/gmp-5.1.1/mpz/tdiv_r_ui.c
libtool: compile:  gcc-4.7 -std=gnu99 -DHAVE_CONFIG_H -I. -I../.././../gmp/gmp-5.1.1/mpz -I.. -D__GMP_WITHIN_GMP -I../.././../gmp/gmp-5.1.1 -O2 -pedantic -fomit-frame-pointer -m64 -mtune=k8 -march=k8 -c ../.././../gmp/gmp-5.1.1/mpz/tdiv_q_ui.c -o tdiv_q_ui.o
libtool: compile:  gcc-4.7 -std=gnu99 -DHAVE_CONFIG_H -I. -I../.././../gmp/gmp-5.1.1/mpz -I.. -D__GMP_WITHIN_GMP -I../.././../gmp/gmp-5.1.1 -O2 -pedantic -fomit-frame-pointer -m64 -mtune=k8 -march=k8 -c ../.././../gmp/gmp-5.1.1/mpz/tdiv_qr.c -o tdiv_qr.o
libtool: compile:  gcc-4.7 -std=gnu99 -DHAVE_CONFIG_H -I. -I../.././../gmp/gmp-5.1.1/mpz -I.. -D__GMP_WITHIN_GMP -I../.././../gmp/gmp-5.1.1 -O2 -pedantic -fomit-frame-pointer -m64 -mtune=k8 -march=k8 -c ../.././../gmp/gmp-5.1.1/mpz/tdiv_r.c -o tdiv_r.o
libtool: compile:  gcc-4.7 -std=gnu99 -DHAVE_CONFIG_H -I. -I../.././../gmp/gmp-5.1.1/mpz -I.. -D__GMP_WITHIN_GMP -I../.././../gmp/gmp-5.1.1 -O2 -pedantic -fomit-frame-pointer -m64 -mtune=k8 -march=k8 -c ../.././../gmp/gmp-5.1.1/mpz/tdiv_qr_ui.c -o tdiv_qr_ui.o
libtool: compile:  gcc-4.7 -std=gnu99 -DHAVE_CONFIG_H -I. -I../.././../gmp/gmp-5.1.1/mpz -I.. -D__GMP_WITHIN_GMP -I../.././../gmp/gmp-5.1.1 -O2 -pedantic -fomit-frame-pointer -m64 -mtune=k8 -march=k8 -c ../.././../gmp/gmp-5.1.1/mpz/tdiv_r_ui.c -o tdiv_r_ui.o
/bin/bash ../libtool --tag=CC   --mode=compile gcc-4.7 -std=gnu99 -DHAVE_CONFIG_H -I. -I../.././../gmp/gmp-5.1.1/mpz -I.. -D__GMP_WITHIN_GMP -I../.././../gmp/gmp-5.1.1    -O2 -pedantic -fomit-frame-pointer -m64 -mtune=k8 -march=k8 -c -o tstbit.lo ../.././../gmp/gmp-5.1.1/mpz/tstbit.c
libtool: compile:  gcc-4.7 -std=gnu99 -DHAVE_CONFIG_H -I. -I../.././../gmp/gmp-5.1.1/mpz -I.. -D__GMP_WITHIN_GMP -I../.././../gmp/gmp-5.1.1 -O2 -pedantic -fomit-frame-pointer -m64 -mtune=k8 -march=k8 -c ../.././../gmp/gmp-5.1.1/mpz/tdiv_r_2exp.c -o tdiv_r_2exp.o
/bin/bash ../libtool --tag=CC   --mode=compile gcc-4.7 -std=gnu99 -DHAVE_CONFIG_H -I. -I../.././../gmp/gmp-5.1.1/mpz -I.. -D__GMP_WITHIN_GMP -I../.././../gmp/gmp-5.1.1    -O2 -pedantic -fomit-frame-pointer -m64 -mtune=k8 -march=k8 -c -o ui_pow_ui.lo ../.././../gmp/gmp-5.1.1/mpz/ui_pow_ui.c
mv -f .deps/arm-dis.Tpo .deps/arm-dis.Plo
/bin/bash ./libtool --tag=CC   --mode=link gcc-4.7 -W -Wall -Wstrict-prototypes -Wmissing-prototypes -Wshadow -Werror -g -O2 -rpath /home/sparksco/android/arm-linux-androideabi/x86_64-linux-gnu/arm-linux-androideabi/lib -release `cat ../bfd/libtool-soversion`   -o libopcodes.la  dis-buf.lo disassemble.lo dis-init.lo arm-dis.lo  
/bin/bash ../libtool --tag=CC   --mode=compile gcc-4.7 -std=gnu99 -DHAVE_CONFIG_H -I. -I../.././../gmp/gmp-5.1.1/mpz -I.. -D__GMP_WITHIN_GMP -I../.././../gmp/gmp-5.1.1    -O2 -pedantic -fomit-frame-pointer -m64 -mtune=k8 -march=k8 -c -o ui_sub.lo ../.././../gmp/gmp-5.1.1/mpz/ui_sub.c
libtool: compile:  gcc-4.7 -std=gnu99 -DHAVE_CONFIG_H -I. -I../.././../gmp/gmp-5.1.1/mpz -I.. -D__GMP_WITHIN_GMP -I../.././../gmp/gmp-5.1.1 -O2 -pedantic -fomit-frame-pointer -m64 -mtune=k8 -march=k8 -c ../.././../gmp/gmp-5.1.1/mpz/tstbit.c -o tstbit.o
libtool: compile:  gcc-4.7 -std=gnu99 -DHAVE_CONFIG_H -I. -I../.././../gmp/gmp-5.1.1/mpz -I.. -D__GMP_WITHIN_GMP -I../.././../gmp/gmp-5.1.1 -O2 -pedantic -fomit-frame-pointer -m64 -mtune=k8 -march=k8 -c ../.././../gmp/gmp-5.1.1/mpz/ui_pow_ui.c -o ui_pow_ui.o
/bin/bash ../libtool --tag=CC   --mode=compile gcc-4.7 -std=gnu99 -DHAVE_CONFIG_H -I. -I../.././../gmp/gmp-5.1.1/mpz -I.. -D__GMP_WITHIN_GMP -I../.././../gmp/gmp-5.1.1    -O2 -pedantic -fomit-frame-pointer -m64 -mtune=k8 -march=k8 -c -o urandomb.lo ../.././../gmp/gmp-5.1.1/mpz/urandomb.c
libtool: compile:  gcc-4.7 -std=gnu99 -DHAVE_CONFIG_H -I. -I../.././../gmp/gmp-5.1.1/mpz -I.. -D__GMP_WITHIN_GMP -I../.././../gmp/gmp-5.1.1 -O2 -pedantic -fomit-frame-pointer -m64 -mtune=k8 -march=k8 -c ../.././../gmp/gmp-5.1.1/mpz/ui_sub.c -o ui_sub.o
/bin/bash ../libtool --tag=CC   --mode=compile gcc-4.7 -std=gnu99 -DHAVE_CONFIG_H -I. -I../.././../gmp/gmp-5.1.1/mpz -I.. -D__GMP_WITHIN_GMP -I../.././../gmp/gmp-5.1.1    -O2 -pedantic -fomit-frame-pointer -m64 -mtune=k8 -march=k8 -c -o urandomm.lo ../.././../gmp/gmp-5.1.1/mpz/urandomm.c
/bin/bash ../libtool --tag=CC   --mode=compile gcc-4.7 -std=gnu99 -DHAVE_CONFIG_H -I. -I../.././../gmp/gmp-5.1.1/mpz -I.. -D__GMP_WITHIN_GMP -I../.././../gmp/gmp-5.1.1    -O2 -pedantic -fomit-frame-pointer -m64 -mtune=k8 -march=k8 -c -o xor.lo ../.././../gmp/gmp-5.1.1/mpz/xor.c
libtool: compile:  gcc-4.7 -std=gnu99 -DHAVE_CONFIG_H -I. -I../.././../gmp/gmp-5.1.1/mpz -I.. -D__GMP_WITHIN_GMP -I../.././../gmp/gmp-5.1.1 -O2 -pedantic -fomit-frame-pointer -m64 -mtune=k8 -march=k8 -c ../.././../gmp/gmp-5.1.1/mpz/urandomb.c -o urandomb.o
libtool: compile:  gcc-4.7 -std=gnu99 -DHAVE_CONFIG_H -I. -I../.././../gmp/gmp-5.1.1/mpz -I.. -D__GMP_WITHIN_GMP -I../.././../gmp/gmp-5.1.1 -O2 -pedantic -fomit-frame-pointer -m64 -mtune=k8 -march=k8 -c ../.././../gmp/gmp-5.1.1/mpz/urandomm.c -o urandomm.o
libtool: compile:  gcc-4.7 -std=gnu99 -DHAVE_CONFIG_H -I. -I../.././../gmp/gmp-5.1.1/mpz -I.. -D__GMP_WITHIN_GMP -I../.././../gmp/gmp-5.1.1 -O2 -pedantic -fomit-frame-pointer -m64 -mtune=k8 -march=k8 -c ../.././../gmp/gmp-5.1.1/mpz/xor.c -o xor.o
libtool: link: ar rc .libs/libopcodes.a  dis-buf.o disassemble.o dis-init.o arm-dis.o
libtool: link: ranlib .libs/libopcodes.a
libtool: link: ( cd ".libs" && rm -f "libopcodes.la" && ln -s "../libopcodes.la" "libopcodes.la" )
libtooldir=`/bin/bash ./libtool --config | sed -n -e 's/^objdir=//p'`; \
	if [ -f $libtooldir/libopcodes.a ]; then \
	  cp $libtooldir/libopcodes.a libopcodes.tmp; \
	  ranlib libopcodes.tmp; \
	  /bin/bash ../.././../binutils/binutils-2.23.1/opcodes/../move-if-change libopcodes.tmp libopcodes.a; \
	else true; fi
touch stamp-lib
make[5]: Leaving directory `/home/sparksco/android/toolchain/aosp/build/binutils-2.23.1/opcodes'
Making all in po
make[5]: Entering directory `/home/sparksco/android/toolchain/aosp/build/binutils-2.23.1/opcodes/po'
make[5]: Nothing to be done for `all'.
make[5]: Leaving directory `/home/sparksco/android/toolchain/aosp/build/binutils-2.23.1/opcodes/po'
make[4]: Leaving directory `/home/sparksco/android/toolchain/aosp/build/binutils-2.23.1/opcodes'
make[3]: Leaving directory `/home/sparksco/android/toolchain/aosp/build/binutils-2.23.1/opcodes'
make[3]: Entering directory `/home/sparksco/android/toolchain/aosp/build/binutils-2.23.1/gprof'
make[3]: Entering directory `/home/sparksco/android/toolchain/aosp/build/binutils-2.23.1/binutils'
if [ -r sysinfo.c ]; then \
	  gcc-4.7 -c -I. -W -Wall -Wstrict-prototypes -Wmissing-prototypes -Wshadow -Werror -g -O2 -Wno-error sysinfo.c ; \
	else \
	  gcc-4.7 -c -I. -W -Wall -Wstrict-prototypes -Wmissing-prototypes -Wshadow -Werror -g -O2 -Wno-error ../.././../binutils/binutils-2.23.1/binutils/sysinfo.c ; \
	fi
make  all-recursive
/bin/bash ../libtool --tag=CC   --mode=link gcc-4.7 -std=gnu99  -O2 -pedantic -fomit-frame-pointer -m64 -mtune=k8 -march=k8   -o libmpz.la  2fac_ui.lo add.lo add_ui.lo abs.lo aorsmul.lo aorsmul_i.lo and.lo array_init.lo bin_ui.lo bin_uiui.lo cdiv_q.lo cdiv_q_ui.lo cdiv_qr.lo cdiv_qr_ui.lo cdiv_r.lo cdiv_r_ui.lo cdiv_ui.lo cfdiv_q_2exp.lo cfdiv_r_2exp.lo clear.lo clears.lo clrbit.lo cmp.lo cmp_d.lo cmp_si.lo cmp_ui.lo cmpabs.lo cmpabs_d.lo cmpabs_ui.lo com.lo combit.lo cong.lo cong_2exp.lo cong_ui.lo divexact.lo divegcd.lo dive_ui.lo divis.lo divis_ui.lo divis_2exp.lo dump.lo export.lo fac_ui.lo fdiv_q.lo fdiv_q_ui.lo fdiv_qr.lo fdiv_qr_ui.lo fdiv_r.lo fdiv_r_ui.lo fdiv_ui.lo fib_ui.lo fib2_ui.lo fits_sint.lo fits_slong.lo fits_sshort.lo fits_uint.lo fits_ulong.lo fits_ushort.lo gcd.lo gcd_ui.lo gcdext.lo get_d.lo get_d_2exp.lo get_si.lo get_str.lo get_ui.lo getlimbn.lo hamdist.lo import.lo init.lo init2.lo inits.lo inp_raw.lo inp_str.lo invert.lo ior.lo iset.lo iset_d.lo iset_si.lo iset_str.lo iset_ui.lo jacobi.lo kronsz.lo kronuz.lo kronzs.lo kronzu.lo lcm.lo lcm_ui.lo lucnum_ui.lo lucnum2_ui.lo mfac_uiui.lo millerrabin.lo mod.lo mul.lo mul_2exp.lo mul_si.lo mul_ui.lo n_pow_ui.lo neg.lo nextprime.lo oddfac_1.lo out_raw.lo out_str.lo perfpow.lo perfsqr.lo popcount.lo pow_ui.lo powm.lo powm_sec.lo powm_ui.lo pprime_p.lo prodlimbs.lo primorial_ui.lo random.lo random2.lo realloc.lo realloc2.lo remove.lo root.lo rootrem.lo rrandomb.lo scan0.lo scan1.lo set.lo set_d.lo set_f.lo set_q.lo set_si.lo set_str.lo set_ui.lo setbit.lo size.lo sizeinbase.lo sqrt.lo sqrtrem.lo sub.lo sub_ui.lo swap.lo tdiv_ui.lo tdiv_q.lo tdiv_q_2exp.lo tdiv_q_ui.lo tdiv_qr.lo tdiv_qr_ui.lo tdiv_r.lo tdiv_r_2exp.lo tdiv_r_ui.lo tstbit.lo ui_pow_ui.lo ui_sub.lo urandomb.lo urandomm.lo xor.lo  
gcc-4.7 -c -I. -I../.././../binutils/binutils-2.23.1/binutils -W -Wall -Wstrict-prototypes -Wmissing-prototypes -Wshadow -Werror -g -O2 -Wno-error ../.././../binutils/binutils-2.23.1/binutils/syslex_wrap.c
make[4]: Entering directory `/home/sparksco/android/toolchain/aosp/build/binutils-2.23.1/gprof'
Making info in doc
Making all in po
make[3]: Entering directory `/home/sparksco/android/toolchain/aosp/build/binutils-2.23.1/gas'
make[4]: Entering directory `/home/sparksco/android/toolchain/aosp/build/binutils-2.23.1/binutils/doc'
if test -f cxxfilt.man; then \
	  man=cxxfilt.man; \
	else \
	  man=../../.././../binutils/binutils-2.23.1/binutils/doc/cxxfilt.man; \
	fi; \
	sed -e 's/@PROGRAM@/c++filt/' \
	    -e 's/cxxfilt/c++filt/' < $man \
		> c++filt.1
make[5]: Entering directory `/home/sparksco/android/toolchain/aosp/build/binutils-2.23.1/gprof/po'
make[5]: Nothing to be done for `all'.
make[5]: Leaving directory `/home/sparksco/android/toolchain/aosp/build/binutils-2.23.1/gprof/po'
make  all-recursive
make[4]: Leaving directory `/home/sparksco/android/toolchain/aosp/build/binutils-2.23.1/binutils/doc'
Making info in po
make[4]: Entering directory `/home/sparksco/android/toolchain/aosp/build/binutils-2.23.1/binutils/po'
make[4]: Nothing to be done for `info'.
make[4]: Leaving directory `/home/sparksco/android/toolchain/aosp/build/binutils-2.23.1/binutils/po'
make[5]: Entering directory `/home/sparksco/android/toolchain/aosp/build/binutils-2.23.1/gprof'
gcc-4.7 -DHAVE_CONFIG_H -I. -I../.././../binutils/binutils-2.23.1/gprof  -DDEBUG -I../bfd -I../.././../binutils/binutils-2.23.1/gprof/../include -I../.././../binutils/binutils-2.23.1/gprof/../bfd  -I. -DLOCALEDIR="\"/home/sparksco/android/arm-linux-androideabi/share/locale\""  -W -Wall -Wstrict-prototypes -Wmissing-prototypes -Wshadow -Werror -g -O2 -MT basic_blocks.o -MD -MP -MF .deps/basic_blocks.Tpo -c -o basic_blocks.o ../.././../binutils/binutils-2.23.1/gprof/basic_blocks.c
gcc-4.7 -DHAVE_CONFIG_H -I. -I../.././../binutils/binutils-2.23.1/gprof  -DDEBUG -I../bfd -I../.././../binutils/binutils-2.23.1/gprof/../include -I../.././../binutils/binutils-2.23.1/gprof/../bfd  -I. -DLOCALEDIR="\"/home/sparksco/android/arm-linux-androideabi/share/locale\""  -W -Wall -Wstrict-prototypes -Wmissing-prototypes -Wshadow -Werror -g -O2 -MT call_graph.o -MD -MP -MF .deps/call_graph.Tpo -c -o call_graph.o ../.././../binutils/binutils-2.23.1/gprof/call_graph.c
gcc-4.7 -DHAVE_CONFIG_H -I. -I../.././../binutils/binutils-2.23.1/gprof  -DDEBUG -I../bfd -I../.././../binutils/binutils-2.23.1/gprof/../include -I../.././../binutils/binutils-2.23.1/gprof/../bfd  -I. -DLOCALEDIR="\"/home/sparksco/android/arm-linux-androideabi/share/locale\""  -W -Wall -Wstrict-prototypes -Wmissing-prototypes -Wshadow -Werror -g -O2 -MT cg_arcs.o -MD -MP -MF .deps/cg_arcs.Tpo -c -o cg_arcs.o ../.././../binutils/binutils-2.23.1/gprof/cg_arcs.c
make[4]: Entering directory `/home/sparksco/android/toolchain/aosp/build/binutils-2.23.1/binutils'
make[4]: Nothing to be done for `info-am'.
make[4]: Leaving directory `/home/sparksco/android/toolchain/aosp/build/binutils-2.23.1/binutils'
gcc-4.7 -DHAVE_CONFIG_H -I. -I../.././../binutils/binutils-2.23.1/gprof  -DDEBUG -I../bfd -I../.././../binutils/binutils-2.23.1/gprof/../include -I../.././../binutils/binutils-2.23.1/gprof/../bfd  -I. -DLOCALEDIR="\"/home/sparksco/android/arm-linux-androideabi/share/locale\""  -W -Wall -Wstrict-prototypes -Wmissing-prototypes -Wshadow -Werror -g -O2 -MT cg_dfn.o -MD -MP -MF .deps/cg_dfn.Tpo -c -o cg_dfn.o ../.././../binutils/binutils-2.23.1/gprof/cg_dfn.c
make[4]: Entering directory `/home/sparksco/android/toolchain/aosp/build/binutils-2.23.1/gas'
Making all in doc
make[5]: Entering directory `/home/sparksco/android/toolchain/aosp/build/binutils-2.23.1/gas/doc'
make[5]: Nothing to be done for `all'.
make[5]: Leaving directory `/home/sparksco/android/toolchain/aosp/build/binutils-2.23.1/gas/doc'
Making all in po
make[5]: Entering directory `/home/sparksco/android/toolchain/aosp/build/binutils-2.23.1/gas/po'
make[5]: Nothing to be done for `all'.
make[5]: Leaving directory `/home/sparksco/android/toolchain/aosp/build/binutils-2.23.1/gas/po'
make[3]: Entering directory `/home/sparksco/android/toolchain/aosp/build/binutils-2.23.1/ld'
(echo "/* This file is automatically generated.  DO NOT EDIT! */";\
	for f in `echo " " earmelf_linux_eabi.o earmelfb_linux_eabi.o "" \
	 | sed -e 's/ e/ ld/g' -e 's/ ld/ /g' -e 's/[.]o//g'`; do \
	    echo "extern ld_emulation_xfer_type ld_${f}_emulation;"; \
	done;\
	echo "";\
	echo "#define EMULATION_LIST \\";\
	for f in `echo " " earmelf_linux_eabi.o earmelfb_linux_eabi.o "" \
	 | sed -e 's/ e/ ld/g' -e 's/ ld/ /g' -e 's/[.]o//g'`; do \
	    echo "  &ld_${f}_emulation, \\"; \
	done;\
	echo "  0") >ldemul-tmp.h
make[5]: Entering directory `/home/sparksco/android/toolchain/aosp/build/binutils-2.23.1/gas'
gcc-4.7 -DHAVE_CONFIG_H -I. -I../.././../binutils/binutils-2.23.1/gas  -I. -I../.././../binutils/binutils-2.23.1/gas -I../bfd -I../.././../binutils/binutils-2.23.1/gas/config -I../.././../binutils/binutils-2.23.1/gas/../include -I../.././../binutils/binutils-2.23.1/gas/.. -I../.././../binutils/binutils-2.23.1/gas/../bfd -DLOCALEDIR="\"/home/sparksco/android/arm-linux-androideabi/share/locale\""  -W -Wall -Wstrict-prototypes -Wmissing-prototypes -Wshadow -Werror -g -O2 -MT app.o -MD -MP -MF .deps/app.Tpo -c -o app.o ../.././../binutils/binutils-2.23.1/gas/app.c
mv ldemul-tmp.h ldemul-list.h
make  all-recursive
mv -f .deps/call_graph.Tpo .deps/call_graph.Po
gcc-4.7 -DHAVE_CONFIG_H -I. -I../.././../binutils/binutils-2.23.1/gas  -I. -I../.././../binutils/binutils-2.23.1/gas -I../bfd -I../.././../binutils/binutils-2.23.1/gas/config -I../.././../binutils/binutils-2.23.1/gas/../include -I../.././../binutils/binutils-2.23.1/gas/.. -I../.././../binutils/binutils-2.23.1/gas/../bfd -DLOCALEDIR="\"/home/sparksco/android/arm-linux-androideabi/share/locale\""  -W -Wall -Wstrict-prototypes -Wmissing-prototypes -Wshadow -Werror -g -O2 -MT as.o -MD -MP -MF .deps/as.Tpo -c -o as.o ../.././../binutils/binutils-2.23.1/gas/as.c
config.status: creating Makefile
mv -f .deps/cg_dfn.Tpo .deps/cg_dfn.Po
gcc-4.7 -DHAVE_CONFIG_H -I. -I../.././../binutils/binutils-2.23.1/gas  -I. -I../.././../binutils/binutils-2.23.1/gas -I../bfd -I../.././../binutils/binutils-2.23.1/gas/config -I../.././../binutils/binutils-2.23.1/gas/../include -I../.././../binutils/binutils-2.23.1/gas/.. -I../.././../binutils/binutils-2.23.1/gas/../bfd -DLOCALEDIR="\"/home/sparksco/android/arm-linux-androideabi/share/locale\""  -W -Wall -Wstrict-prototypes -Wmissing-prototypes -Wshadow -Werror -g -O2 -MT atof-generic.o -MD -MP -MF .deps/atof-generic.Tpo -c -o atof-generic.o ../.././../binutils/binutils-2.23.1/gas/atof-generic.c
gcc-4.7 -DHAVE_CONFIG_H -I. -I../.././../binutils/binutils-2.23.1/gprof  -DDEBUG -I../bfd -I../.././../binutils/binutils-2.23.1/gprof/../include -I../.././../binutils/binutils-2.23.1/gprof/../bfd  -I. -DLOCALEDIR="\"/home/sparksco/android/arm-linux-androideabi/share/locale\""  -W -Wall -Wstrict-prototypes -Wmissing-prototypes -Wshadow -Werror -g -O2 -MT cg_print.o -MD -MP -MF .deps/cg_print.Tpo -c -o cg_print.o ../.././../binutils/binutils-2.23.1/gprof/cg_print.c
config.status: creating doc/Makefile
make[4]: Entering directory `/home/sparksco/android/toolchain/aosp/build/binutils-2.23.1/ld'
Making all in po
make[5]: Entering directory `/home/sparksco/android/toolchain/aosp/build/binutils-2.23.1/ld/po'
make[5]: Nothing to be done for `all'.
make[5]: Leaving directory `/home/sparksco/android/toolchain/aosp/build/binutils-2.23.1/ld/po'
config.status: creating bfd-in3.h
mv -f .deps/cg_arcs.Tpo .deps/cg_arcs.Po
mv -f .deps/basic_blocks.Tpo .deps/basic_blocks.Po
gcc-4.7 -DHAVE_CONFIG_H -I. -I../.././../binutils/binutils-2.23.1/gas  -I. -I../.././../binutils/binutils-2.23.1/gas -I../bfd -I../.././../binutils/binutils-2.23.1/gas/config -I../.././../binutils/binutils-2.23.1/gas/../include -I../.././../binutils/binutils-2.23.1/gas/.. -I../.././../binutils/binutils-2.23.1/gas/../bfd -DLOCALEDIR="\"/home/sparksco/android/arm-linux-androideabi/share/locale\""  -W -Wall -Wstrict-prototypes -Wmissing-prototypes -Wshadow -Werror -g -O2 -MT compress-debug.o -MD -MP -MF .deps/compress-debug.Tpo -c -o compress-debug.o ../.././../binutils/binutils-2.23.1/gas/compress-debug.c
libtool: link: ar cq .libs/libmpz.a  2fac_ui.o add.o add_ui.o abs.o aorsmul.o aorsmul_i.o and.o array_init.o bin_ui.o bin_uiui.o cdiv_q.o cdiv_q_ui.o cdiv_qr.o cdiv_qr_ui.o cdiv_r.o cdiv_r_ui.o cdiv_ui.o cfdiv_q_2exp.o cfdiv_r_2exp.o clear.o clears.o clrbit.o cmp.o cmp_d.o cmp_si.o cmp_ui.o cmpabs.o cmpabs_d.o cmpabs_ui.o com.o combit.o cong.o cong_2exp.o cong_ui.o divexact.o divegcd.o dive_ui.o divis.o divis_ui.o divis_2exp.o dump.o export.o fac_ui.o fdiv_q.o fdiv_q_ui.o fdiv_qr.o fdiv_qr_ui.o fdiv_r.o fdiv_r_ui.o fdiv_ui.o fib_ui.o fib2_ui.o fits_sint.o fits_slong.o fits_sshort.o fits_uint.o fits_ulong.o fits_ushort.o gcd.o gcd_ui.o gcdext.o get_d.o get_d_2exp.o get_si.o get_str.o get_ui.o getlimbn.o hamdist.o import.o init.o init2.o inits.o inp_raw.o inp_str.o invert.o ior.o iset.o iset_d.o iset_si.o iset_str.o iset_ui.o jacobi.o kronsz.o kronuz.o kronzs.o kronzu.o lcm.o lcm_ui.o lucnum_ui.o lucnum2_ui.o mfac_uiui.o millerrabin.o mod.o mul.o mul_2exp.o mul_si.o mul_ui.o n_pow_ui.o neg.o nextprime.o oddfac_1.o out_raw.o out_str.o perfpow.o perfsqr.o popcount.o pow_ui.o powm.o powm_sec.o powm_ui.o pprime_p.o prodlimbs.o primorial_ui.o random.o random2.o realloc.o realloc2.o remove.o root.o rootrem.o rrandomb.o scan0.o scan1.o set.o set_d.o set_f.o set_q.o set_si.o set_str.o set_ui.o setbit.o size.o sizeinbase.o sqrt.o sqrtrem.o sub.o sub_ui.o swap.o tdiv_ui.o tdiv_q.o tdiv_q_2exp.o tdiv_q_ui.o tdiv_qr.o tdiv_qr_ui.o tdiv_r.o tdiv_r_2exp.o tdiv_r_ui.o tstbit.o ui_pow_ui.o ui_sub.o urandomb.o urandomm.o xor.o
gcc-4.7 -DHAVE_CONFIG_H -I. -I../.././../binutils/binutils-2.23.1/gas  -I. -I../.././../binutils/binutils-2.23.1/gas -I../bfd -I../.././../binutils/binutils-2.23.1/gas/config -I../.././../binutils/binutils-2.23.1/gas/../include -I../.././../binutils/binutils-2.23.1/gas/.. -I../.././../binutils/binutils-2.23.1/gas/../bfd -DLOCALEDIR="\"/home/sparksco/android/arm-linux-androideabi/share/locale\""  -W -Wall -Wstrict-prototypes -Wmissing-prototypes -Wshadow -Werror -g -O2 -MT cond.o -MD -MP -MF .deps/cond.Tpo -c -o cond.o ../.././../binutils/binutils-2.23.1/gas/cond.c
libtool: link: ranlib .libs/libmpz.a
make[5]: Entering directory `/home/sparksco/android/toolchain/aosp/build/binutils-2.23.1/ld'
/bin/bash ./libtool  --tag=CC   --mode=compile gcc-4.7 -DHAVE_CONFIG_H -I. -I../.././../binutils/binutils-2.23.1/ld  -I. -I../.././../binutils/binutils-2.23.1/ld -I../bfd -I../.././../binutils/binutils-2.23.1/ld/../bfd -I../.././../binutils/binutils-2.23.1/ld/../include  -g -O2 -DENABLE_PLUGINS -DLOCALEDIR="\"/home/sparksco/android/arm-linux-androideabi/share/locale\""  -g -O2 -g -O2 -MT libldtestplug_la-testplug.lo -MD -MP -MF .deps/libldtestplug_la-testplug.Tpo -c -o libldtestplug_la-testplug.lo `test -f 'testplug.c' || echo '../.././../binutils/binutils-2.23.1/ld/'`testplug.c
libtool: link: ( cd ".libs" && rm -f "libmpz.la" && ln -s "../libmpz.la" "libmpz.la" )
make[3]: Leaving directory `/home/sparksco/android/toolchain/aosp/build/gmp-5.1.1/mpz'
Making all in mpq
config.status: creating po/Makefile.in
gcc-4.7 -g -O2  -o sysinfo sysinfo.o syslex_wrap.o
make[3]: Entering directory `/home/sparksco/android/toolchain/aosp/build/gmp-5.1.1/mpq'
/bin/bash ../libtool --tag=CC   --mode=compile gcc-4.7 -std=gnu99 -DHAVE_CONFIG_H -I. -I../.././../gmp/gmp-5.1.1/mpq -I.. -D__GMP_WITHIN_GMP -I../.././../gmp/gmp-5.1.1    -O2 -pedantic -fomit-frame-pointer -m64 -mtune=k8 -march=k8 -c -o abs.lo ../.././../gmp/gmp-5.1.1/mpq/abs.c
mv -f .deps/compress-debug.Tpo .deps/compress-debug.Po
libtool: compile:  gcc-4.7 -DHAVE_CONFIG_H -I. -I../.././../binutils/binutils-2.23.1/ld -I. -I../.././../binutils/binutils-2.23.1/ld -I../bfd -I../.././../binutils/binutils-2.23.1/ld/../bfd -I../.././../binutils/binutils-2.23.1/ld/../include -g -O2 -DENABLE_PLUGINS -DLOCALEDIR=\"/home/sparksco/android/arm-linux-androideabi/share/locale\" -g -O2 -g -O2 -MT libldtestplug_la-testplug.lo -MD -MP -MF .deps/libldtestplug_la-testplug.Tpo -c ../.././../binutils/binutils-2.23.1/ld/testplug.c -o libldtestplug_la-testplug.o
/bin/bash ../libtool --tag=CC   --mode=compile gcc-4.7 -std=gnu99 -DHAVE_CONFIG_H -I. -I../.././../gmp/gmp-5.1.1/mpq -I.. -D__GMP_WITHIN_GMP -I../.././../gmp/gmp-5.1.1    -O2 -pedantic -fomit-frame-pointer -m64 -mtune=k8 -march=k8 -c -o aors.lo ../.././../gmp/gmp-5.1.1/mpq/aors.c
./sysinfo -d <../.././../binutils/binutils-2.23.1/binutils/sysroff.info >sysroff.h
make  all-recursive
config.status: creating config.h
mv -f .deps/atof-generic.Tpo .deps/atof-generic.Po
/bin/bash ../libtool --tag=CC   --mode=compile gcc-4.7 -std=gnu99 -DHAVE_CONFIG_H -I. -I../.././../gmp/gmp-5.1.1/mpq -I.. -D__GMP_WITHIN_GMP -I../.././../gmp/gmp-5.1.1    -O2 -pedantic -fomit-frame-pointer -m64 -mtune=k8 -march=k8 -c -o canonicalize.lo ../.././../gmp/gmp-5.1.1/mpq/canonicalize.c
libtool: compile:  gcc-4.7 -std=gnu99 -DHAVE_CONFIG_H -I. -I../.././../gmp/gmp-5.1.1/mpq -I.. -D__GMP_WITHIN_GMP -I../.././../gmp/gmp-5.1.1 -O2 -pedantic -fomit-frame-pointer -m64 -mtune=k8 -march=k8 -c ../.././../gmp/gmp-5.1.1/mpq/abs.c -o abs.o
libtool: compile:  gcc-4.7 -std=gnu99 -DHAVE_CONFIG_H -I. -I../.././../gmp/gmp-5.1.1/mpq -I.. -D__GMP_WITHIN_GMP -I../.././../gmp/gmp-5.1.1 -O2 -pedantic -fomit-frame-pointer -m64 -mtune=k8 -march=k8 -c ../.././../gmp/gmp-5.1.1/mpq/aors.c -o aors.o
make[4]: Entering directory `/home/sparksco/android/toolchain/aosp/build/binutils-2.23.1/binutils'
config.status: executing depfiles commands
libtool: compile:  gcc-4.7 -std=gnu99 -DHAVE_CONFIG_H -I. -I../.././../gmp/gmp-5.1.1/mpq -I.. -D__GMP_WITHIN_GMP -I../.././../gmp/gmp-5.1.1 -O2 -pedantic -fomit-frame-pointer -m64 -mtune=k8 -march=k8 -c ../.././../gmp/gmp-5.1.1/mpq/canonicalize.c -o canonicalize.o
Making all in doc
make[5]: Entering directory `/home/sparksco/android/toolchain/aosp/build/binutils-2.23.1/binutils/doc'
make[5]: Nothing to be done for `all'.
make[5]: Leaving directory `/home/sparksco/android/toolchain/aosp/build/binutils-2.23.1/binutils/doc'
Making all in po
make[5]: Entering directory `/home/sparksco/android/toolchain/aosp/build/binutils-2.23.1/binutils/po'
make[5]: Nothing to be done for `all'.
make[5]: Leaving directory `/home/sparksco/android/toolchain/aosp/build/binutils-2.23.1/binutils/po'
gcc-4.7 -DHAVE_CONFIG_H -I. -I../.././../binutils/binutils-2.23.1/gas  -I. -I../.././../binutils/binutils-2.23.1/gas -I../bfd -I../.././../binutils/binutils-2.23.1/gas/config -I../.././../binutils/binutils-2.23.1/gas/../include -I../.././../binutils/binutils-2.23.1/gas/.. -I../.././../binutils/binutils-2.23.1/gas/../bfd -DLOCALEDIR="\"/home/sparksco/android/arm-linux-androideabi/share/locale\""  -W -Wall -Wstrict-prototypes -Wmissing-prototypes -Wshadow -Werror -g -O2 -MT depend.o -MD -MP -MF .deps/depend.Tpo -c -o depend.o ../.././../binutils/binutils-2.23.1/gas/depend.c
make[5]: Entering directory `/home/sparksco/android/toolchain/aosp/build/binutils-2.23.1/binutils'
gcc-4.7 -DHAVE_CONFIG_H -I. -I../.././../binutils/binutils-2.23.1/binutils  -I. -I../.././../binutils/binutils-2.23.1/binutils -I../bfd -I../.././../binutils/binutils-2.23.1/binutils/../bfd -I../.././../binutils/binutils-2.23.1/binutils/../include -DLOCALEDIR="\"/home/sparksco/android/arm-linux-androideabi/share/locale\"" -Dbin_dummy_emulation=bin_vanilla_emulation  -W -Wall -Wstrict-prototypes -Wmissing-prototypes -Wshadow -Werror -g -O2 -MT size.o -MD -MP -MF .deps/size.Tpo -c -o size.o ../.././../binutils/binutils-2.23.1/binutils/size.c
gcc-4.7 -DHAVE_CONFIG_H -I. -I../.././../binutils/binutils-2.23.1/gas  -I. -I../.././../binutils/binutils-2.23.1/gas -I../bfd -I../.././../binutils/binutils-2.23.1/gas/config -I../.././../binutils/binutils-2.23.1/gas/../include -I../.././../binutils/binutils-2.23.1/gas/.. -I../.././../binutils/binutils-2.23.1/gas/../bfd -DLOCALEDIR="\"/home/sparksco/android/arm-linux-androideabi/share/locale\""  -W -Wall -Wstrict-prototypes -Wmissing-prototypes -Wshadow -Werror -g -O2 -MT dwarf2dbg.o -MD -MP -MF .deps/dwarf2dbg.Tpo -c -o dwarf2dbg.o ../.././../binutils/binutils-2.23.1/gas/dwarf2dbg.c
mv -f .deps/as.Tpo .deps/as.Po
mv -f .deps/app.Tpo .deps/app.Po
/bin/bash ../libtool --tag=CC   --mode=compile gcc-4.7 -std=gnu99 -DHAVE_CONFIG_H -I. -I../.././../gmp/gmp-5.1.1/mpq -I.. -D__GMP_WITHIN_GMP -I../.././../gmp/gmp-5.1.1    -O2 -pedantic -fomit-frame-pointer -m64 -mtune=k8 -march=k8 -c -o clear.lo ../.././../gmp/gmp-5.1.1/mpq/clear.c
gcc-4.7 -DHAVE_CONFIG_H -I. -I../.././../binutils/binutils-2.23.1/gprof  -DDEBUG -I../bfd -I../.././../binutils/binutils-2.23.1/gprof/../include -I../.././../binutils/binutils-2.23.1/gprof/../bfd  -I. -DLOCALEDIR="\"/home/sparksco/android/arm-linux-androideabi/share/locale\""  -W -Wall -Wstrict-prototypes -Wmissing-prototypes -Wshadow -Werror -g -O2 -MT corefile.o -MD -MP -MF .deps/corefile.Tpo -c -o corefile.o ../.././../binutils/binutils-2.23.1/gprof/corefile.c
gcc-4.7 -DHAVE_CONFIG_H -I. -I../.././../binutils/binutils-2.23.1/gprof  -DDEBUG -I../bfd -I../.././../binutils/binutils-2.23.1/gprof/../include -I../.././../binutils/binutils-2.23.1/gprof/../bfd  -I. -DLOCALEDIR="\"/home/sparksco/android/arm-linux-androideabi/share/locale\""  -W -Wall -Wstrict-prototypes -Wmissing-prototypes -Wshadow -Werror -g -O2 -MT gmon_io.o -MD -MP -MF .deps/gmon_io.Tpo -c -o gmon_io.o ../.././../binutils/binutils-2.23.1/gprof/gmon_io.c
libtool: compile:  gcc-4.7 -std=gnu99 -DHAVE_CONFIG_H -I. -I../.././../gmp/gmp-5.1.1/mpq -I.. -D__GMP_WITHIN_GMP -I../.././../gmp/gmp-5.1.1 -O2 -pedantic -fomit-frame-pointer -m64 -mtune=k8 -march=k8 -c ../.././../gmp/gmp-5.1.1/mpq/clear.c -o clear.o
mv -f .deps/depend.Tpo .deps/depend.Po
gcc-4.7 -DHAVE_CONFIG_H -I. -I../.././../binutils/binutils-2.23.1/gprof  -DDEBUG -I../bfd -I../.././../binutils/binutils-2.23.1/gprof/../include -I../.././../binutils/binutils-2.23.1/gprof/../bfd  -I. -DLOCALEDIR="\"/home/sparksco/android/arm-linux-androideabi/share/locale\""  -W -Wall -Wstrict-prototypes -Wmissing-prototypes -Wshadow -Werror -g -O2 -MT gprof.o -MD -MP -MF .deps/gprof.Tpo -c -o gprof.o ../.././../binutils/binutils-2.23.1/gprof/gprof.c
mv -f .deps/libldtestplug_la-testplug.Tpo .deps/libldtestplug_la-testplug.Plo
gcc-4.7 -DHAVE_CONFIG_H -I. -I../.././../binutils/binutils-2.23.1/ld  -I. -I../.././../binutils/binutils-2.23.1/ld -I../bfd -I../.././../binutils/binutils-2.23.1/ld/../bfd -I../.././../binutils/binutils-2.23.1/ld/../include  -g -O2 -DENABLE_PLUGINS -DLOCALEDIR="\"/home/sparksco/android/arm-linux-androideabi/share/locale\""  -W -Wall -Wstrict-prototypes -Wmissing-prototypes -Wshadow -Werror -g -O2 -MT ldgram.o -MD -MP -MF .deps/ldgram.Tpo -c -o ldgram.o `test -f ldgram.c || echo ../.././../binutils/binutils-2.23.1/ld/`ldgram.c -Wno-error
/bin/bash ../libtool --tag=CC   --mode=compile gcc-4.7 -std=gnu99 -DHAVE_CONFIG_H -I. -I../.././../gmp/gmp-5.1.1/mpq -I.. -D__GMP_WITHIN_GMP -I../.././../gmp/gmp-5.1.1    -O2 -pedantic -fomit-frame-pointer -m64 -mtune=k8 -march=k8 -c -o clears.lo ../.././../gmp/gmp-5.1.1/mpq/clears.c
mv -f .deps/cond.Tpo .deps/cond.Po
gcc-4.7 -DHAVE_CONFIG_H -I. -I../.././../binutils/binutils-2.23.1/gprof  -DDEBUG -I../bfd -I../.././../binutils/binutils-2.23.1/gprof/../include -I../.././../binutils/binutils-2.23.1/gprof/../bfd  -I. -DLOCALEDIR="\"/home/sparksco/android/arm-linux-androideabi/share/locale\""  -W -Wall -Wstrict-prototypes -Wmissing-prototypes -Wshadow -Werror -g -O2 -MT hertz.o -MD -MP -MF .deps/hertz.Tpo -c -o hertz.o ../.././../binutils/binutils-2.23.1/gprof/hertz.c
mv -f .deps/cg_print.Tpo .deps/cg_print.Po
/bin/bash ../libtool --tag=CC   --mode=compile gcc-4.7 -std=gnu99 -DHAVE_CONFIG_H -I. -I../.././../gmp/gmp-5.1.1/mpq -I.. -D__GMP_WITHIN_GMP -I../.././../gmp/gmp-5.1.1    -O2 -pedantic -fomit-frame-pointer -m64 -mtune=k8 -march=k8 -c -o cmp.lo ../.././../gmp/gmp-5.1.1/mpq/cmp.c
libtool: compile:  gcc-4.7 -std=gnu99 -DHAVE_CONFIG_H -I. -I../.././../gmp/gmp-5.1.1/mpq -I.. -D__GMP_WITHIN_GMP -I../.././../gmp/gmp-5.1.1 -O2 -pedantic -fomit-frame-pointer -m64 -mtune=k8 -march=k8 -c ../.././../gmp/gmp-5.1.1/mpq/clears.c -o clears.o
mv -f .deps/size.Tpo .deps/size.Po
gcc-4.7 -DHAVE_CONFIG_H -I. -I../.././../binutils/binutils-2.23.1/binutils  -I. -I../.././../binutils/binutils-2.23.1/binutils -I../bfd -I../.././../binutils/binutils-2.23.1/binutils/../bfd -I../.././../binutils/binutils-2.23.1/binutils/../include -DLOCALEDIR="\"/home/sparksco/android/arm-linux-androideabi/share/locale\"" -Dbin_dummy_emulation=bin_vanilla_emulation  -W -Wall -Wstrict-prototypes -Wmissing-prototypes -Wshadow -Werror -g -O2 -MT bucomm.o -MD -MP -MF .deps/bucomm.Tpo -c -o bucomm.o ../.././../binutils/binutils-2.23.1/binutils/bucomm.c
gcc-4.7 -DHAVE_CONFIG_H -I. -I../.././../binutils/binutils-2.23.1/binutils  -I. -I../.././../binutils/binutils-2.23.1/binutils -I../bfd -I../.././../binutils/binutils-2.23.1/binutils/../bfd -I../.././../binutils/binutils-2.23.1/binutils/../include -DLOCALEDIR="\"/home/sparksco/android/arm-linux-androideabi/share/locale\"" -Dbin_dummy_emulation=bin_vanilla_emulation  -W -Wall -Wstrict-prototypes -Wmissing-prototypes -Wshadow -Werror -g -O2 -MT version.o -MD -MP -MF .deps/version.Tpo -c -o version.o ../.././../binutils/binutils-2.23.1/binutils/version.c
mv -f .deps/hertz.Tpo .deps/hertz.Po
/bin/bash ../libtool --tag=CC   --mode=compile gcc-4.7 -std=gnu99 -DHAVE_CONFIG_H -I. -I../.././../gmp/gmp-5.1.1/mpq -I.. -D__GMP_WITHIN_GMP -I../.././../gmp/gmp-5.1.1    -O2 -pedantic -fomit-frame-pointer -m64 -mtune=k8 -march=k8 -c -o cmp_si.lo ../.././../gmp/gmp-5.1.1/mpq/cmp_si.c
mv -f .deps/gmon_io.Tpo .deps/gmon_io.Po
libtool: compile:  gcc-4.7 -std=gnu99 -DHAVE_CONFIG_H -I. -I../.././../gmp/gmp-5.1.1/mpq -I.. -D__GMP_WITHIN_GMP -I../.././../gmp/gmp-5.1.1 -O2 -pedantic -fomit-frame-pointer -m64 -mtune=k8 -march=k8 -c ../.././../gmp/gmp-5.1.1/mpq/cmp.c -o cmp.o
/bin/bash ../libtool --tag=CC   --mode=compile gcc-4.7 -std=gnu99 -DHAVE_CONFIG_H -I. -I../.././../gmp/gmp-5.1.1/mpq -I.. -D__GMP_WITHIN_GMP -I../.././../gmp/gmp-5.1.1    -O2 -pedantic -fomit-frame-pointer -m64 -mtune=k8 -march=k8 -c -o cmp_ui.lo ../.././../gmp/gmp-5.1.1/mpq/cmp_ui.c
mv -f .deps/gprof.Tpo .deps/gprof.Po
libtool: compile:  gcc-4.7 -std=gnu99 -DHAVE_CONFIG_H -I. -I../.././../gmp/gmp-5.1.1/mpq -I.. -D__GMP_WITHIN_GMP -I../.././../gmp/gmp-5.1.1 -O2 -pedantic -fomit-frame-pointer -m64 -mtune=k8 -march=k8 -c ../.././../gmp/gmp-5.1.1/mpq/cmp_si.c -o cmp_si.o
gcc-4.7 -DHAVE_CONFIG_H -I. -I../.././../binutils/binutils-2.23.1/ld  -I. -I../.././../binutils/binutils-2.23.1/ld -I../bfd -I../.././../binutils/binutils-2.23.1/ld/../bfd -I../.././../binutils/binutils-2.23.1/ld/../include  -g -O2 -DENABLE_PLUGINS -DLOCALEDIR="\"/home/sparksco/android/arm-linux-androideabi/share/locale\""  -W -Wall -Wstrict-prototypes -Wmissing-prototypes -Wshadow -Werror -g -O2 -MT ldlex-wrapper.o -MD -MP -MF .deps/ldlex-wrapper.Tpo -c -o ldlex-wrapper.o ../.././../binutils/binutils-2.23.1/ld/ldlex-wrapper.c -Wno-error
mv -f .deps/version.Tpo .deps/version.Po
gcc-4.7 -DHAVE_CONFIG_H -I. -I../.././../binutils/binutils-2.23.1/ld  -I. -I../.././../binutils/binutils-2.23.1/ld -I../bfd -I../.././../binutils/binutils-2.23.1/ld/../bfd -I../.././../binutils/binutils-2.23.1/ld/../include  -g -O2 -DENABLE_PLUGINS -DLOCALEDIR="\"/home/sparksco/android/arm-linux-androideabi/share/locale\""  -W -Wall -Wstrict-prototypes -Wmissing-prototypes -Wshadow -Werror -g -O2 -MT lexsup.o -MD -MP -MF .deps/lexsup.Tpo -c -o lexsup.o ../.././../binutils/binutils-2.23.1/ld/lexsup.c
libtool: compile:  gcc-4.7 -std=gnu99 -DHAVE_CONFIG_H -I. -I../.././../gmp/gmp-5.1.1/mpq -I.. -D__GMP_WITHIN_GMP -I../.././../gmp/gmp-5.1.1 -O2 -pedantic -fomit-frame-pointer -m64 -mtune=k8 -march=k8 -c ../.././../gmp/gmp-5.1.1/mpq/cmp_ui.c -o cmp_ui.o
gcc-4.7 -DHAVE_CONFIG_H -I. -I../.././../binutils/binutils-2.23.1/gas  -I. -I../.././../binutils/binutils-2.23.1/gas -I../bfd -I../.././../binutils/binutils-2.23.1/gas/config -I../.././../binutils/binutils-2.23.1/gas/../include -I../.././../binutils/binutils-2.23.1/gas/.. -I../.././../binutils/binutils-2.23.1/gas/../bfd -DLOCALEDIR="\"/home/sparksco/android/arm-linux-androideabi/share/locale\""  -W -Wall -Wstrict-prototypes -Wmissing-prototypes -Wshadow -Werror -g -O2 -MT dw2gencfi.o -MD -MP -MF .deps/dw2gencfi.Tpo -c -o dw2gencfi.o ../.././../binutils/binutils-2.23.1/gas/dw2gencfi.c
gcc-4.7 -DHAVE_CONFIG_H -I. -I../.././../binutils/binutils-2.23.1/gas  -I. -I../.././../binutils/binutils-2.23.1/gas -I../bfd -I../.././../binutils/binutils-2.23.1/gas/config -I../.././../binutils/binutils-2.23.1/gas/../include -I../.././../binutils/binutils-2.23.1/gas/.. -I../.././../binutils/binutils-2.23.1/gas/../bfd -DLOCALEDIR="\"/home/sparksco/android/arm-linux-androideabi/share/locale\""  -W -Wall -Wstrict-prototypes -Wmissing-prototypes -Wshadow -Werror -g -O2 -MT ecoff.o -MD -MP -MF .deps/ecoff.Tpo -c -o ecoff.o ../.././../binutils/binutils-2.23.1/gas/ecoff.c
mv -f .deps/corefile.Tpo .deps/corefile.Po
/bin/bash ../libtool --tag=CC   --mode=compile gcc-4.7 -std=gnu99 -DHAVE_CONFIG_H -I. -I../.././../gmp/gmp-5.1.1/mpq -I.. -D__GMP_WITHIN_GMP -I../.././../gmp/gmp-5.1.1    -O2 -pedantic -fomit-frame-pointer -m64 -mtune=k8 -march=k8 -c -o div.lo ../.././../gmp/gmp-5.1.1/mpq/div.c
gcc-4.7 -DHAVE_CONFIG_H -I. -I../.././../binutils/binutils-2.23.1/gprof  -DDEBUG -I../bfd -I../.././../binutils/binutils-2.23.1/gprof/../include -I../.././../binutils/binutils-2.23.1/gprof/../bfd  -I. -DLOCALEDIR="\"/home/sparksco/android/arm-linux-androideabi/share/locale\""  -W -Wall -Wstrict-prototypes -Wmissing-prototypes -Wshadow -Werror -g -O2 -MT hist.o -MD -MP -MF .deps/hist.Tpo -c -o hist.o ../.././../binutils/binutils-2.23.1/gprof/hist.c
libtool: compile:  gcc-4.7 -std=gnu99 -DHAVE_CONFIG_H -I. -I../.././../gmp/gmp-5.1.1/mpq -I.. -D__GMP_WITHIN_GMP -I../.././../gmp/gmp-5.1.1 -O2 -pedantic -fomit-frame-pointer -m64 -mtune=k8 -march=k8 -c ../.././../gmp/gmp-5.1.1/mpq/div.c -o div.o
In file included from ../.././../binutils/binutils-2.23.1/ld/ldlex-wrapper.c:6:0:
ldlex.c: In function ‘yy_scan_buffer’:
ldlex.c:3785:41: warning: declaration of ‘base’ shadows a global declaration [-Wshadow]
In file included from ldlex.l:33:0,
                 from ../.././../binutils/binutils-2.23.1/ld/ldlex-wrapper.c:6:
../.././../binutils/binutils-2.23.1/ld/ldlang.h:478:20: warning: shadowed declaration is here [-Wshadow]
mv -f .deps/ecoff.Tpo .deps/ecoff.Po
mv -f .deps/bucomm.Tpo .deps/bucomm.Po
/bin/bash ../libtool --tag=CC   --mode=compile gcc-4.7 -std=gnu99 -DHAVE_CONFIG_H -I. -I../.././../gmp/gmp-5.1.1/mpq -I.. -D__GMP_WITHIN_GMP -I../.././../gmp/gmp-5.1.1    -O2 -pedantic -fomit-frame-pointer -m64 -mtune=k8 -march=k8 -c -o equal.lo ../.././../gmp/gmp-5.1.1/mpq/equal.c
gcc-4.7 -DHAVE_CONFIG_H -I. -I../.././../binutils/binutils-2.23.1/binutils  -I. -I../.././../binutils/binutils-2.23.1/binutils -I../bfd -I../.././../binutils/binutils-2.23.1/binutils/../bfd -I../.././../binutils/binutils-2.23.1/binutils/../include -DLOCALEDIR="\"/home/sparksco/android/arm-linux-androideabi/share/locale\"" -Dbin_dummy_emulation=bin_vanilla_emulation  -W -Wall -Wstrict-prototypes -Wmissing-prototypes -Wshadow -Werror -g -O2 -MT filemode.o -MD -MP -MF .deps/filemode.Tpo -c -o filemode.o ../.././../binutils/binutils-2.23.1/binutils/filemode.c
gcc-4.7 -DHAVE_CONFIG_H -I. -I../.././../binutils/binutils-2.23.1/binutils  -I. -I../.././../binutils/binutils-2.23.1/binutils -I../bfd -I../.././../binutils/binutils-2.23.1/binutils/../bfd -I../.././../binutils/binutils-2.23.1/binutils/../include -DLOCALEDIR="\"/home/sparksco/android/arm-linux-androideabi/share/locale\"" -Dbin_dummy_emulation=bin_vanilla_emulation  -W -Wall -Wstrict-prototypes -Wmissing-prototypes -Wshadow -Werror -g -O2 -MT objdump.o -MD -MP -MF .deps/objdump.Tpo -c -o objdump.o -DOBJDUMP_PRIVATE_VECTORS="" ../.././../binutils/binutils-2.23.1/binutils/objdump.c
libtool: compile:  gcc-4.7 -std=gnu99 -DHAVE_CONFIG_H -I. -I../.././../gmp/gmp-5.1.1/mpq -I.. -D__GMP_WITHIN_GMP -I../.././../gmp/gmp-5.1.1 -O2 -pedantic -fomit-frame-pointer -m64 -mtune=k8 -march=k8 -c ../.././../gmp/gmp-5.1.1/mpq/equal.c -o equal.o
mv -f .deps/dwarf2dbg.Tpo .deps/dwarf2dbg.Po
gcc-4.7 -DHAVE_CONFIG_H -I. -I../.././../binutils/binutils-2.23.1/binutils  -I. -I../.././../binutils/binutils-2.23.1/binutils -I../bfd -I../.././../binutils/binutils-2.23.1/binutils/../bfd -I../.././../binutils/binutils-2.23.1/binutils/../include -DLOCALEDIR="\"/home/sparksco/android/arm-linux-androideabi/share/locale\"" -Dbin_dummy_emulation=bin_vanilla_emulation  -W -Wall -Wstrict-prototypes -Wmissing-prototypes -Wshadow -Werror -g -O2 -MT dwarf.o -MD -MP -MF .deps/dwarf.Tpo -c -o dwarf.o ../.././../binutils/binutils-2.23.1/binutils/dwarf.c
mv -f .deps/filemode.Tpo .deps/filemode.Po
/bin/bash ../libtool --tag=CC   --mode=compile gcc-4.7 -std=gnu99 -DHAVE_CONFIG_H -I. -I../.././../gmp/gmp-5.1.1/mpq -I.. -D__GMP_WITHIN_GMP -I../.././../gmp/gmp-5.1.1    -O2 -pedantic -fomit-frame-pointer -m64 -mtune=k8 -march=k8 -c -o get_d.lo ../.././../gmp/gmp-5.1.1/mpq/get_d.c
gcc-4.7 -DHAVE_CONFIG_H -I. -I../.././../binutils/binutils-2.23.1/ld  -I. -I../.././../binutils/binutils-2.23.1/ld -I../bfd -I../.././../binutils/binutils-2.23.1/ld/../bfd -I../.././../binutils/binutils-2.23.1/ld/../include  -g -O2 -DENABLE_PLUGINS -DLOCALEDIR="\"/home/sparksco/android/arm-linux-androideabi/share/locale\""  -W -Wall -Wstrict-prototypes -Wmissing-prototypes -Wshadow -Werror -g -O2 -MT ldlang.o -MD -MP -MF .deps/ldlang.Tpo -c -o ldlang.o ../.././../binutils/binutils-2.23.1/ld/ldlang.c
libtool: compile:  gcc-4.7 -std=gnu99 -DHAVE_CONFIG_H -I. -I../.././../gmp/gmp-5.1.1/mpq -I.. -D__GMP_WITHIN_GMP -I../.././../gmp/gmp-5.1.1 -O2 -pedantic -fomit-frame-pointer -m64 -mtune=k8 -march=k8 -c ../.././../gmp/gmp-5.1.1/mpq/get_d.c -o get_d.o
mv -f .deps/hist.Tpo .deps/hist.Po
gcc-4.7 -DHAVE_CONFIG_H -I. -I../.././../binutils/binutils-2.23.1/gprof  -DDEBUG -I../bfd -I../.././../binutils/binutils-2.23.1/gprof/../include -I../.././../binutils/binutils-2.23.1/gprof/../bfd  -I. -DLOCALEDIR="\"/home/sparksco/android/arm-linux-androideabi/share/locale\""  -W -Wall -Wstrict-prototypes -Wmissing-prototypes -Wshadow -Werror -g -O2 -MT source.o -MD -MP -MF .deps/source.Tpo -c -o source.o ../.././../binutils/binutils-2.23.1/gprof/source.c
mv -f .deps/ldgram.Tpo .deps/ldgram.Po
/bin/bash ../libtool --tag=CC   --mode=compile gcc-4.7 -std=gnu99 -DHAVE_CONFIG_H -I. -I../.././../gmp/gmp-5.1.1/mpq -I.. -D__GMP_WITHIN_GMP -I../.././../gmp/gmp-5.1.1    -O2 -pedantic -fomit-frame-pointer -m64 -mtune=k8 -march=k8 -c -o get_den.lo ../.././../gmp/gmp-5.1.1/mpq/get_den.c
mv -f .deps/dw2gencfi.Tpo .deps/dw2gencfi.Po
gcc-4.7 -DHAVE_CONFIG_H -I. -I../.././../binutils/binutils-2.23.1/gas  -I. -I../.././../binutils/binutils-2.23.1/gas -I../bfd -I../.././../binutils/binutils-2.23.1/gas/config -I../.././../binutils/binutils-2.23.1/gas/../include -I../.././../binutils/binutils-2.23.1/gas/.. -I../.././../binutils/binutils-2.23.1/gas/../bfd -DLOCALEDIR="\"/home/sparksco/android/arm-linux-androideabi/share/locale\""  -W -Wall -Wstrict-prototypes -Wmissing-prototypes -Wshadow -Werror -g -O2 -MT ehopt.o -MD -MP -MF .deps/ehopt.Tpo -c -o ehopt.o ../.././../binutils/binutils-2.23.1/gas/ehopt.c
gcc-4.7 -DHAVE_CONFIG_H -I. -I../.././../binutils/binutils-2.23.1/gas  -I. -I../.././../binutils/binutils-2.23.1/gas -I../bfd -I../.././../binutils/binutils-2.23.1/gas/config -I../.././../binutils/binutils-2.23.1/gas/../include -I../.././../binutils/binutils-2.23.1/gas/.. -I../.././../binutils/binutils-2.23.1/gas/../bfd -DLOCALEDIR="\"/home/sparksco/android/arm-linux-androideabi/share/locale\""  -W -Wall -Wstrict-prototypes -Wmissing-prototypes -Wshadow -Werror -g -O2 -MT expr.o -MD -MP -MF .deps/expr.Tpo -c -o expr.o ../.././../binutils/binutils-2.23.1/gas/expr.c
libtool: compile:  gcc-4.7 -std=gnu99 -DHAVE_CONFIG_H -I. -I../.././../gmp/gmp-5.1.1/mpq -I.. -D__GMP_WITHIN_GMP -I../.././../gmp/gmp-5.1.1 -O2 -pedantic -fomit-frame-pointer -m64 -mtune=k8 -march=k8 -c ../.././../gmp/gmp-5.1.1/mpq/get_den.c -o get_den.o
mv -f .deps/source.Tpo .deps/source.Po
/bin/bash ../libtool --tag=CC   --mode=compile gcc-4.7 -std=gnu99 -DHAVE_CONFIG_H -I. -I../.././../gmp/gmp-5.1.1/mpq -I.. -D__GMP_WITHIN_GMP -I../.././../gmp/gmp-5.1.1    -O2 -pedantic -fomit-frame-pointer -m64 -mtune=k8 -march=k8 -c -o get_num.lo ../.././../gmp/gmp-5.1.1/mpq/get_num.c
mv -f .deps/lexsup.Tpo .deps/lexsup.Po
gcc-4.7 -DHAVE_CONFIG_H -I. -I../.././../binutils/binutils-2.23.1/gprof  -DDEBUG -I../bfd -I../.././../binutils/binutils-2.23.1/gprof/../include -I../.././../binutils/binutils-2.23.1/gprof/../bfd  -I. -DLOCALEDIR="\"/home/sparksco/android/arm-linux-androideabi/share/locale\""  -W -Wall -Wstrict-prototypes -Wmissing-prototypes -Wshadow -Werror -g -O2 -MT search_list.o -MD -MP -MF .deps/search_list.Tpo -c -o search_list.o ../.././../binutils/binutils-2.23.1/gprof/search_list.c
gcc-4.7 -DHAVE_CONFIG_H -I. -I../.././../binutils/binutils-2.23.1/gprof  -DDEBUG -I../bfd -I../.././../binutils/binutils-2.23.1/gprof/../include -I../.././../binutils/binutils-2.23.1/gprof/../bfd  -I. -DLOCALEDIR="\"/home/sparksco/android/arm-linux-androideabi/share/locale\""  -W -Wall -Wstrict-prototypes -Wmissing-prototypes -Wshadow -Werror -g -O2 -MT symtab.o -MD -MP -MF .deps/symtab.Tpo -c -o symtab.o ../.././../binutils/binutils-2.23.1/gprof/symtab.c
mv -f .deps/ldlex-wrapper.Tpo .deps/ldlex-wrapper.Po
libtool: compile:  gcc-4.7 -std=gnu99 -DHAVE_CONFIG_H -I. -I../.././../gmp/gmp-5.1.1/mpq -I.. -D__GMP_WITHIN_GMP -I../.././../gmp/gmp-5.1.1 -O2 -pedantic -fomit-frame-pointer -m64 -mtune=k8 -march=k8 -c ../.././../gmp/gmp-5.1.1/mpq/get_num.c -o get_num.o
gcc-4.7 -DHAVE_CONFIG_H -I. -I../.././../binutils/binutils-2.23.1/gas  -I. -I../.././../binutils/binutils-2.23.1/gas -I../bfd -I../.././../binutils/binutils-2.23.1/gas/config -I../.././../binutils/binutils-2.23.1/gas/../include -I../.././../binutils/binutils-2.23.1/gas/.. -I../.././../binutils/binutils-2.23.1/gas/../bfd -DLOCALEDIR="\"/home/sparksco/android/arm-linux-androideabi/share/locale\""  -W -Wall -Wstrict-prototypes -Wmissing-prototypes -Wshadow -Werror -g -O2 -MT flonum-copy.o -MD -MP -MF .deps/flonum-copy.Tpo -c -o flonum-copy.o ../.././../binutils/binutils-2.23.1/gas/flonum-copy.c
/bin/bash ../libtool --tag=CC   --mode=compile gcc-4.7 -std=gnu99 -DHAVE_CONFIG_H -I. -I../.././../gmp/gmp-5.1.1/mpq -I.. -D__GMP_WITHIN_GMP -I../.././../gmp/gmp-5.1.1    -O2 -pedantic -fomit-frame-pointer -m64 -mtune=k8 -march=k8 -c -o get_str.lo ../.././../gmp/gmp-5.1.1/mpq/get_str.c
mv -f .deps/search_list.Tpo .deps/search_list.Po
gcc-4.7 -DHAVE_CONFIG_H -I. -I../.././../binutils/binutils-2.23.1/gas  -I. -I../.././../binutils/binutils-2.23.1/gas -I../bfd -I../.././../binutils/binutils-2.23.1/gas/config -I../.././../binutils/binutils-2.23.1/gas/../include -I../.././../binutils/binutils-2.23.1/gas/.. -I../.././../binutils/binutils-2.23.1/gas/../bfd -DLOCALEDIR="\"/home/sparksco/android/arm-linux-androideabi/share/locale\""  -W -Wall -Wstrict-prototypes -Wmissing-prototypes -Wshadow -Werror -g -O2 -MT flonum-konst.o -MD -MP -MF .deps/flonum-konst.Tpo -c -o flonum-konst.o ../.././../binutils/binutils-2.23.1/gas/flonum-konst.c
mv -f .deps/flonum-konst.Tpo .deps/flonum-konst.Po
libtool: compile:  gcc-4.7 -std=gnu99 -DHAVE_CONFIG_H -I. -I../.././../gmp/gmp-5.1.1/mpq -I.. -D__GMP_WITHIN_GMP -I../.././../gmp/gmp-5.1.1 -O2 -pedantic -fomit-frame-pointer -m64 -mtune=k8 -march=k8 -c ../.././../gmp/gmp-5.1.1/mpq/get_str.c -o get_str.o
mv -f .deps/ehopt.Tpo .deps/ehopt.Po
gcc-4.7 -DHAVE_CONFIG_H -I. -I../.././../binutils/binutils-2.23.1/gprof  -DDEBUG -I../bfd -I../.././../binutils/binutils-2.23.1/gprof/../include -I../.././../binutils/binutils-2.23.1/gprof/../bfd  -I. -DLOCALEDIR="\"/home/sparksco/android/arm-linux-androideabi/share/locale\""  -W -Wall -Wstrict-prototypes -Wmissing-prototypes -Wshadow -Werror -g -O2 -MT sym_ids.o -MD -MP -MF .deps/sym_ids.Tpo -c -o sym_ids.o ../.././../binutils/binutils-2.23.1/gprof/sym_ids.c
gcc-4.7 -DHAVE_CONFIG_H -I. -I../.././../binutils/binutils-2.23.1/gas  -I. -I../.././../binutils/binutils-2.23.1/gas -I../bfd -I../.././../binutils/binutils-2.23.1/gas/config -I../.././../binutils/binutils-2.23.1/gas/../include -I../.././../binutils/binutils-2.23.1/gas/.. -I../.././../binutils/binutils-2.23.1/gas/../bfd -DLOCALEDIR="\"/home/sparksco/android/arm-linux-androideabi/share/locale\""  -W -Wall -Wstrict-prototypes -Wmissing-prototypes -Wshadow -Werror -g -O2 -MT flonum-mult.o -MD -MP -MF .deps/flonum-mult.Tpo -c -o flonum-mult.o ../.././../binutils/binutils-2.23.1/gas/flonum-mult.c
mv -f .deps/symtab.Tpo .deps/symtab.Po
gcc-4.7 -DHAVE_CONFIG_H -I. -I../.././../binutils/binutils-2.23.1/binutils  -I. -I../.././../binutils/binutils-2.23.1/binutils -I../bfd -I../.././../binutils/binutils-2.23.1/binutils/../bfd -I../.././../binutils/binutils-2.23.1/binutils/../include -DLOCALEDIR="\"/home/sparksco/android/arm-linux-androideabi/share/locale\"" -Dbin_dummy_emulation=bin_vanilla_emulation  -W -Wall -Wstrict-prototypes -Wmissing-prototypes -Wshadow -Werror -g -O2 -MT prdbg.o -MD -MP -MF .deps/prdbg.Tpo -c -o prdbg.o ../.././../binutils/binutils-2.23.1/binutils/prdbg.c
mv -f .deps/flonum-copy.Tpo .deps/flonum-copy.Po
/bin/bash ../libtool --tag=CC   --mode=compile gcc-4.7 -std=gnu99 -DHAVE_CONFIG_H -I. -I../.././../gmp/gmp-5.1.1/mpq -I.. -D__GMP_WITHIN_GMP -I../.././../gmp/gmp-5.1.1    -O2 -pedantic -fomit-frame-pointer -m64 -mtune=k8 -march=k8 -c -o init.lo ../.././../gmp/gmp-5.1.1/mpq/init.c
gcc-4.7 -DHAVE_CONFIG_H -I. -I../.././../binutils/binutils-2.23.1/gprof  -DDEBUG -I../bfd -I../.././../binutils/binutils-2.23.1/gprof/../include -I../.././../binutils/binutils-2.23.1/gprof/../bfd  -I. -DLOCALEDIR="\"/home/sparksco/android/arm-linux-androideabi/share/locale\""  -W -Wall -Wstrict-prototypes -Wmissing-prototypes -Wshadow -Werror -g -O2 -MT utils.o -MD -MP -MF .deps/utils.Tpo -c -o utils.o ../.././../binutils/binutils-2.23.1/gprof/utils.c
libtool: compile:  gcc-4.7 -std=gnu99 -DHAVE_CONFIG_H -I. -I../.././../gmp/gmp-5.1.1/mpq -I.. -D__GMP_WITHIN_GMP -I../.././../gmp/gmp-5.1.1 -O2 -pedantic -fomit-frame-pointer -m64 -mtune=k8 -march=k8 -c ../.././../gmp/gmp-5.1.1/mpq/init.c -o init.o
mv -f .deps/flonum-mult.Tpo .deps/flonum-mult.Po
gcc-4.7 -DHAVE_CONFIG_H -I. -I../.././../binutils/binutils-2.23.1/gprof  -DDEBUG -I../bfd -I../.././../binutils/binutils-2.23.1/gprof/../include -I../.././../binutils/binutils-2.23.1/gprof/../bfd  -I. -DLOCALEDIR="\"/home/sparksco/android/arm-linux-androideabi/share/locale\""  -W -Wall -Wstrict-prototypes -Wmissing-prototypes -Wshadow -Werror -g -O2 -MT i386.o -MD -MP -MF .deps/i386.Tpo -c -o i386.o ../.././../binutils/binutils-2.23.1/gprof/i386.c
/bin/bash ../libtool --tag=CC   --mode=compile gcc-4.7 -std=gnu99 -DHAVE_CONFIG_H -I. -I../.././../gmp/gmp-5.1.1/mpq -I.. -D__GMP_WITHIN_GMP -I../.././../gmp/gmp-5.1.1    -O2 -pedantic -fomit-frame-pointer -m64 -mtune=k8 -march=k8 -c -o inits.lo ../.././../gmp/gmp-5.1.1/mpq/inits.c
mv -f .deps/utils.Tpo .deps/utils.Po
libtool: compile:  gcc-4.7 -std=gnu99 -DHAVE_CONFIG_H -I. -I../.././../gmp/gmp-5.1.1/mpq -I.. -D__GMP_WITHIN_GMP -I../.././../gmp/gmp-5.1.1 -O2 -pedantic -fomit-frame-pointer -m64 -mtune=k8 -march=k8 -c ../.././../gmp/gmp-5.1.1/mpq/inits.c -o inits.o
gcc-4.7 -DHAVE_CONFIG_H -I. -I../.././../binutils/binutils-2.23.1/gas  -I. -I../.././../binutils/binutils-2.23.1/gas -I../bfd -I../.././../binutils/binutils-2.23.1/gas/config -I../.././../binutils/binutils-2.23.1/gas/../include -I../.././../binutils/binutils-2.23.1/gas/.. -I../.././../binutils/binutils-2.23.1/gas/../bfd -DLOCALEDIR="\"/home/sparksco/android/arm-linux-androideabi/share/locale\""  -W -Wall -Wstrict-prototypes -Wmissing-prototypes -Wshadow -Werror -g -O2 -MT frags.o -MD -MP -MF .deps/frags.Tpo -c -o frags.o ../.././../binutils/binutils-2.23.1/gas/frags.c
mv -f .deps/sym_ids.Tpo .deps/sym_ids.Po
gcc-4.7 -DHAVE_CONFIG_H -I. -I../.././../binutils/binutils-2.23.1/gprof  -DDEBUG -I../bfd -I../.././../binutils/binutils-2.23.1/gprof/../include -I../.././../binutils/binutils-2.23.1/gprof/../bfd  -I. -DLOCALEDIR="\"/home/sparksco/android/arm-linux-androideabi/share/locale\""  -W -Wall -Wstrict-prototypes -Wmissing-prototypes -Wshadow -Werror -g -O2 -MT alpha.o -MD -MP -MF .deps/alpha.Tpo -c -o alpha.o ../.././../binutils/binutils-2.23.1/gprof/alpha.c
mv -f .deps/i386.Tpo .deps/i386.Po
mv -f .deps/expr.Tpo .deps/expr.Po
gcc-4.7 -DHAVE_CONFIG_H -I. -I../.././../binutils/binutils-2.23.1/gas  -I. -I../.././../binutils/binutils-2.23.1/gas -I../bfd -I../.././../binutils/binutils-2.23.1/gas/config -I../.././../binutils/binutils-2.23.1/gas/../include -I../.././../binutils/binutils-2.23.1/gas/.. -I../.././../binutils/binutils-2.23.1/gas/../bfd -DLOCALEDIR="\"/home/sparksco/android/arm-linux-androideabi/share/locale\""  -W -Wall -Wstrict-prototypes -Wmissing-prototypes -Wshadow -Werror -g -O2 -MT hash.o -MD -MP -MF .deps/hash.Tpo -c -o hash.o ../.././../binutils/binutils-2.23.1/gas/hash.c
gcc-4.7 -DHAVE_CONFIG_H -I. -I../.././../binutils/binutils-2.23.1/gprof  -DDEBUG -I../bfd -I../.././../binutils/binutils-2.23.1/gprof/../include -I../.././../binutils/binutils-2.23.1/gprof/../bfd  -I. -DLOCALEDIR="\"/home/sparksco/android/arm-linux-androideabi/share/locale\""  -W -Wall -Wstrict-prototypes -Wmissing-prototypes -Wshadow -Werror -g -O2 -MT vax.o -MD -MP -MF .deps/vax.Tpo -c -o vax.o ../.././../binutils/binutils-2.23.1/gprof/vax.c
/bin/bash ../libtool --tag=CC   --mode=compile gcc-4.7 -std=gnu99 -DHAVE_CONFIG_H -I. -I../.././../gmp/gmp-5.1.1/mpq -I.. -D__GMP_WITHIN_GMP -I../.././../gmp/gmp-5.1.1    -O2 -pedantic -fomit-frame-pointer -m64 -mtune=k8 -march=k8 -c -o inp_str.lo ../.././../gmp/gmp-5.1.1/mpq/inp_str.c
mv -f .deps/alpha.Tpo .deps/alpha.Po
gcc-4.7 -DHAVE_CONFIG_H -I. -I../.././../binutils/binutils-2.23.1/gprof  -DDEBUG -I../bfd -I../.././../binutils/binutils-2.23.1/gprof/../include -I../.././../binutils/binutils-2.23.1/gprof/../bfd  -I. -DLOCALEDIR="\"/home/sparksco/android/arm-linux-androideabi/share/locale\""  -W -Wall -Wstrict-prototypes -Wmissing-prototypes -Wshadow -Werror -g -O2 -MT tahoe.o -MD -MP -MF .deps/tahoe.Tpo -c -o tahoe.o ../.././../binutils/binutils-2.23.1/gprof/tahoe.c
libtool: compile:  gcc-4.7 -std=gnu99 -DHAVE_CONFIG_H -I. -I../.././../gmp/gmp-5.1.1/mpq -I.. -D__GMP_WITHIN_GMP -I../.././../gmp/gmp-5.1.1 -O2 -pedantic -fomit-frame-pointer -m64 -mtune=k8 -march=k8 -c ../.././../gmp/gmp-5.1.1/mpq/inp_str.c -o inp_str.o
mv -f .deps/vax.Tpo .deps/vax.Po
gcc-4.7 -DHAVE_CONFIG_H -I. -I../.././../binutils/binutils-2.23.1/gprof  -DDEBUG -I../bfd -I../.././../binutils/binutils-2.23.1/gprof/../include -I../.././../binutils/binutils-2.23.1/gprof/../bfd  -I. -DLOCALEDIR="\"/home/sparksco/android/arm-linux-androideabi/share/locale\""  -W -Wall -Wstrict-prototypes -Wmissing-prototypes -Wshadow -Werror -g -O2 -MT sparc.o -MD -MP -MF .deps/sparc.Tpo -c -o sparc.o ../.././../binutils/binutils-2.23.1/gprof/sparc.c
mv -f .deps/frags.Tpo .deps/frags.Po
mv -f .deps/hash.Tpo .deps/hash.Po
gcc-4.7 -DHAVE_CONFIG_H -I. -I../.././../binutils/binutils-2.23.1/gas  -I. -I../.././../binutils/binutils-2.23.1/gas -I../bfd -I../.././../binutils/binutils-2.23.1/gas/config -I../.././../binutils/binutils-2.23.1/gas/../include -I../.././../binutils/binutils-2.23.1/gas/.. -I../.././../binutils/binutils-2.23.1/gas/../bfd -DLOCALEDIR="\"/home/sparksco/android/arm-linux-androideabi/share/locale\""  -W -Wall -Wstrict-prototypes -Wmissing-prototypes -Wshadow -Werror -g -O2 -MT input-file.o -MD -MP -MF .deps/input-file.Tpo -c -o input-file.o ../.././../binutils/binutils-2.23.1/gas/input-file.c
gcc-4.7 -DHAVE_CONFIG_H -I. -I../.././../binutils/binutils-2.23.1/gas  -I. -I../.././../binutils/binutils-2.23.1/gas -I../bfd -I../.././../binutils/binutils-2.23.1/gas/config -I../.././../binutils/binutils-2.23.1/gas/../include -I../.././../binutils/binutils-2.23.1/gas/.. -I../.././../binutils/binutils-2.23.1/gas/../bfd -DLOCALEDIR="\"/home/sparksco/android/arm-linux-androideabi/share/locale\""  -W -Wall -Wstrict-prototypes -Wmissing-prototypes -Wshadow -Werror -g -O2 -MT input-scrub.o -MD -MP -MF .deps/input-scrub.Tpo -c -o input-scrub.o ../.././../binutils/binutils-2.23.1/gas/input-scrub.c
mv -f .deps/tahoe.Tpo .deps/tahoe.Po
gcc-4.7 -DHAVE_CONFIG_H -I. -I../.././../binutils/binutils-2.23.1/gprof  -DDEBUG -I../bfd -I../.././../binutils/binutils-2.23.1/gprof/../include -I../.././../binutils/binutils-2.23.1/gprof/../bfd  -I. -DLOCALEDIR="\"/home/sparksco/android/arm-linux-androideabi/share/locale\""  -W -Wall -Wstrict-prototypes -Wmissing-prototypes -Wshadow -Werror -g -O2 -MT mips.o -MD -MP -MF .deps/mips.Tpo -c -o mips.o ../.././../binutils/binutils-2.23.1/gprof/mips.c
/bin/bash ../libtool --tag=CC   --mode=compile gcc-4.7 -std=gnu99 -DHAVE_CONFIG_H -I. -I../.././../gmp/gmp-5.1.1/mpq -I.. -D__GMP_WITHIN_GMP -I../.././../gmp/gmp-5.1.1    -O2 -pedantic -fomit-frame-pointer -m64 -mtune=k8 -march=k8 -c -o inv.lo ../.././../gmp/gmp-5.1.1/mpq/inv.c
libtool: compile:  gcc-4.7 -std=gnu99 -DHAVE_CONFIG_H -I. -I../.././../gmp/gmp-5.1.1/mpq -I.. -D__GMP_WITHIN_GMP -I../.././../gmp/gmp-5.1.1 -O2 -pedantic -fomit-frame-pointer -m64 -mtune=k8 -march=k8 -c ../.././../gmp/gmp-5.1.1/mpq/inv.c -o inv.o
mv -f .deps/sparc.Tpo .deps/sparc.Po
gcc-4.7 -DHAVE_CONFIG_H -I. -I../.././../binutils/binutils-2.23.1/gas  -I. -I../.././../binutils/binutils-2.23.1/gas -I../bfd -I../.././../binutils/binutils-2.23.1/gas/config -I../.././../binutils/binutils-2.23.1/gas/../include -I../.././../binutils/binutils-2.23.1/gas/.. -I../.././../binutils/binutils-2.23.1/gas/../bfd -DLOCALEDIR="\"/home/sparksco/android/arm-linux-androideabi/share/locale\""  -W -Wall -Wstrict-prototypes -Wmissing-prototypes -Wshadow -Werror -g -O2 -MT listing.o -MD -MP -MF .deps/listing.Tpo -c -o listing.o ../.././../binutils/binutils-2.23.1/gas/listing.c
mv -f .deps/input-file.Tpo .deps/input-file.Po
gcc-4.7 -DHAVE_CONFIG_H -I. -I../.././../binutils/binutils-2.23.1/ld  -I. -I../.././../binutils/binutils-2.23.1/ld -I../bfd -I../.././../binutils/binutils-2.23.1/ld/../bfd -I../.././../binutils/binutils-2.23.1/ld/../include  -g -O2 -DENABLE_PLUGINS -DLOCALEDIR="\"/home/sparksco/android/arm-linux-androideabi/share/locale\""  -W -Wall -Wstrict-prototypes -Wmissing-prototypes -Wshadow -Werror -g -O2 -MT mri.o -MD -MP -MF .deps/mri.Tpo -c -o mri.o ../.././../binutils/binutils-2.23.1/ld/mri.c
mv -f .deps/input-scrub.Tpo .deps/input-scrub.Po
gcc-4.7 -DHAVE_CONFIG_H -I. -I../.././../binutils/binutils-2.23.1/gprof  -DDEBUG -I../bfd -I../.././../binutils/binutils-2.23.1/gprof/../include -I../.././../binutils/binutils-2.23.1/gprof/../bfd  -I. -DLOCALEDIR="\"/home/sparksco/android/arm-linux-androideabi/share/locale\""  -W -Wall -Wstrict-prototypes -Wmissing-prototypes -Wshadow -Werror -g -O2 -MT flat_bl.o -MD -MP -MF .deps/flat_bl.Tpo -c -o flat_bl.o ../.././../binutils/binutils-2.23.1/gprof/flat_bl.c
mv -f .deps/mips.Tpo .deps/mips.Po
gcc-4.7 -DHAVE_CONFIG_H -I. -I../.././../binutils/binutils-2.23.1/gprof  -DDEBUG -I../bfd -I../.././../binutils/binutils-2.23.1/gprof/../include -I../.././../binutils/binutils-2.23.1/gprof/../bfd  -I. -DLOCALEDIR="\"/home/sparksco/android/arm-linux-androideabi/share/locale\""  -W -Wall -Wstrict-prototypes -Wmissing-prototypes -Wshadow -Werror -g -O2 -MT bsd_callg_bl.o -MD -MP -MF .deps/bsd_callg_bl.Tpo -c -o bsd_callg_bl.o ../.././../binutils/binutils-2.23.1/gprof/bsd_callg_bl.c
/bin/bash ../libtool --tag=CC   --mode=compile gcc-4.7 -std=gnu99 -DHAVE_CONFIG_H -I. -I../.././../gmp/gmp-5.1.1/mpq -I.. -D__GMP_WITHIN_GMP -I../.././../gmp/gmp-5.1.1    -O2 -pedantic -fomit-frame-pointer -m64 -mtune=k8 -march=k8 -c -o md_2exp.lo ../.././../gmp/gmp-5.1.1/mpq/md_2exp.c
mv -f .deps/flat_bl.Tpo .deps/flat_bl.Po
gcc-4.7 -DHAVE_CONFIG_H -I. -I../.././../binutils/binutils-2.23.1/ld  -I. -I../.././../binutils/binutils-2.23.1/ld -I../bfd -I../.././../binutils/binutils-2.23.1/ld/../bfd -I../.././../binutils/binutils-2.23.1/ld/../include  -g -O2 -DENABLE_PLUGINS -DLOCALEDIR="\"/home/sparksco/android/arm-linux-androideabi/share/locale\""  -W -Wall -Wstrict-prototypes -Wmissing-prototypes -Wshadow -Werror -g -O2 -MT ldctor.o -MD -MP -MF .deps/ldctor.Tpo -c -o ldctor.o ../.././../binutils/binutils-2.23.1/ld/ldctor.c
mv -f .deps/objdump.Tpo .deps/objdump.Po
gcc-4.7 -DHAVE_CONFIG_H -I. -I../.././../binutils/binutils-2.23.1/ld  -I. -I../.././../binutils/binutils-2.23.1/ld -I../bfd -I../.././../binutils/binutils-2.23.1/ld/../bfd -I../.././../binutils/binutils-2.23.1/ld/../include  -g -O2 -DENABLE_PLUGINS -DLOCALEDIR="\"/home/sparksco/android/arm-linux-androideabi/share/locale\""  -W -Wall -Wstrict-prototypes -Wmissing-prototypes -Wshadow -Werror -g -O2 -MT ldmain.o -MD -MP -MF .deps/ldmain.Tpo -c -o ldmain.o \
	  -DDEFAULT_EMULATION='"armelf_linux_eabi"' \
	  -DBINDIR='"/home/sparksco/android/arm-linux-androideabi/bin"' -DTOOLBINDIR='"/home/sparksco/android/arm-linux-androideabi/arm-linux-androideabi/bin"' \
	  -DTARGET='"arm-unknown-linux-androideabi"' -DTARGET_SYSTEM_ROOT=\"\" \
	  ../.././../binutils/binutils-2.23.1/ld/ldmain.c
libtool: compile:  gcc-4.7 -std=gnu99 -DHAVE_CONFIG_H -I. -I../.././../gmp/gmp-5.1.1/mpq -I.. -D__GMP_WITHIN_GMP -I../.././../gmp/gmp-5.1.1 -O2 -pedantic -fomit-frame-pointer -m64 -mtune=k8 -march=k8 -c ../.././../gmp/gmp-5.1.1/mpq/md_2exp.c -o md_2exp.o
mv -f .deps/bsd_callg_bl.Tpo .deps/bsd_callg_bl.Po
gcc-4.7 -DHAVE_CONFIG_H -I. -I../.././../binutils/binutils-2.23.1/gprof  -DDEBUG -I../bfd -I../.././../binutils/binutils-2.23.1/gprof/../include -I../.././../binutils/binutils-2.23.1/gprof/../bfd  -I. -DLOCALEDIR="\"/home/sparksco/android/arm-linux-androideabi/share/locale\""  -W -Wall -Wstrict-prototypes -Wmissing-prototypes -Wshadow -Werror -g -O2 -MT fsf_callg_bl.o -MD -MP -MF .deps/fsf_callg_bl.Tpo -c -o fsf_callg_bl.o ../.././../binutils/binutils-2.23.1/gprof/fsf_callg_bl.c
mv -f .deps/prdbg.Tpo .deps/prdbg.Po
/bin/bash ../libtool --tag=CC   --mode=compile gcc-4.7 -std=gnu99 -DHAVE_CONFIG_H -I. -I../.././../gmp/gmp-5.1.1/mpq -I.. -D__GMP_WITHIN_GMP -I../.././../gmp/gmp-5.1.1    -O2 -pedantic -fomit-frame-pointer -m64 -mtune=k8 -march=k8 -c -o mul.lo ../.././../gmp/gmp-5.1.1/mpq/mul.c
/bin/bash ../libtool --tag=CC   --mode=compile gcc-4.7 -std=gnu99 -DHAVE_CONFIG_H -I. -I../.././../gmp/gmp-5.1.1/mpq -I.. -D__GMP_WITHIN_GMP -I../.././../gmp/gmp-5.1.1    -O2 -pedantic -fomit-frame-pointer -m64 -mtune=k8 -march=k8 -c -o neg.lo ../.././../gmp/gmp-5.1.1/mpq/neg.c
mv -f .deps/mri.Tpo .deps/mri.Po
mv -f .deps/fsf_callg_bl.Tpo .deps/fsf_callg_bl.Po
gcc-4.7 -DHAVE_CONFIG_H -I. -I../.././../binutils/binutils-2.23.1/gas  -I. -I../.././../binutils/binutils-2.23.1/gas -I../bfd -I../.././../binutils/binutils-2.23.1/gas/config -I../.././../binutils/binutils-2.23.1/gas/../include -I../.././../binutils/binutils-2.23.1/gas/.. -I../.././../binutils/binutils-2.23.1/gas/../bfd -DLOCALEDIR="\"/home/sparksco/android/arm-linux-androideabi/share/locale\""  -W -Wall -Wstrict-prototypes -Wmissing-prototypes -Wshadow -Werror -g -O2 -MT literal.o -MD -MP -MF .deps/literal.Tpo -c -o literal.o ../.././../binutils/binutils-2.23.1/gas/literal.c
/bin/bash ./libtool --tag=CC   --mode=link gcc-4.7 -W -Wall -Wstrict-prototypes -Wmissing-prototypes -Wshadow -Werror -g -O2   -o gprof basic_blocks.o call_graph.o cg_arcs.o cg_dfn.o cg_print.o corefile.o gmon_io.o gprof.o hertz.o hist.o source.o search_list.o symtab.o sym_ids.o utils.o i386.o alpha.o vax.o tahoe.o sparc.o mips.o flat_bl.o bsd_callg_bl.o fsf_callg_bl.o ../bfd/libbfd.la ../libiberty/libiberty.a  -lm 
libtool: compile:  gcc-4.7 -std=gnu99 -DHAVE_CONFIG_H -I. -I../.././../gmp/gmp-5.1.1/mpq -I.. -D__GMP_WITHIN_GMP -I../.././../gmp/gmp-5.1.1 -O2 -pedantic -fomit-frame-pointer -m64 -mtune=k8 -march=k8 -c ../.././../gmp/gmp-5.1.1/mpq/mul.c -o mul.o
libtool: compile:  gcc-4.7 -std=gnu99 -DHAVE_CONFIG_H -I. -I../.././../gmp/gmp-5.1.1/mpq -I.. -D__GMP_WITHIN_GMP -I../.././../gmp/gmp-5.1.1 -O2 -pedantic -fomit-frame-pointer -m64 -mtune=k8 -march=k8 -c ../.././../gmp/gmp-5.1.1/mpq/neg.c -o neg.o
mv -f .deps/ldctor.Tpo .deps/ldctor.Po
gcc-4.7 -DHAVE_CONFIG_H -I. -I../.././../binutils/binutils-2.23.1/gas  -I. -I../.././../binutils/binutils-2.23.1/gas -I../bfd -I../.././../binutils/binutils-2.23.1/gas/config -I../.././../binutils/binutils-2.23.1/gas/../include -I../.././../binutils/binutils-2.23.1/gas/.. -I../.././../binutils/binutils-2.23.1/gas/../bfd -DLOCALEDIR="\"/home/sparksco/android/arm-linux-androideabi/share/locale\""  -W -Wall -Wstrict-prototypes -Wmissing-prototypes -Wshadow -Werror -g -O2 -MT macro.o -MD -MP -MF .deps/macro.Tpo -c -o macro.o ../.././../binutils/binutils-2.23.1/gas/macro.c
gcc-4.7 -DHAVE_CONFIG_H -I. -I../.././../binutils/binutils-2.23.1/ld  -I. -I../.././../binutils/binutils-2.23.1/ld -I../bfd -I../.././../binutils/binutils-2.23.1/ld/../bfd -I../.././../binutils/binutils-2.23.1/ld/../include  -g -O2 -DENABLE_PLUGINS -DLOCALEDIR="\"/home/sparksco/android/arm-linux-androideabi/share/locale\""  -W -Wall -Wstrict-prototypes -Wmissing-prototypes -Wshadow -Werror -g -O2 -MT ldwrite.o -MD -MP -MF .deps/ldwrite.Tpo -c -o ldwrite.o ../.././../binutils/binutils-2.23.1/ld/ldwrite.c
mv -f .deps/literal.Tpo .deps/literal.Po
/bin/bash ../libtool --tag=CC   --mode=compile gcc-4.7 -std=gnu99 -DHAVE_CONFIG_H -I. -I../.././../gmp/gmp-5.1.1/mpq -I.. -D__GMP_WITHIN_GMP -I../.././../gmp/gmp-5.1.1    -O2 -pedantic -fomit-frame-pointer -m64 -mtune=k8 -march=k8 -c -o out_str.lo ../.././../gmp/gmp-5.1.1/mpq/out_str.c
gcc-4.7 -DHAVE_CONFIG_H -I. -I../.././../binutils/binutils-2.23.1/gas  -I. -I../.././../binutils/binutils-2.23.1/gas -I../bfd -I../.././../binutils/binutils-2.23.1/gas/config -I../.././../binutils/binutils-2.23.1/gas/../include -I../.././../binutils/binutils-2.23.1/gas/.. -I../.././../binutils/binutils-2.23.1/gas/../bfd -DLOCALEDIR="\"/home/sparksco/android/arm-linux-androideabi/share/locale\""  -W -Wall -Wstrict-prototypes -Wmissing-prototypes -Wshadow -Werror -g -O2 -MT messages.o -MD -MP -MF .deps/messages.Tpo -c -o messages.o ../.././../binutils/binutils-2.23.1/gas/messages.c
libtool: compile:  gcc-4.7 -std=gnu99 -DHAVE_CONFIG_H -I. -I../.././../gmp/gmp-5.1.1/mpq -I.. -D__GMP_WITHIN_GMP -I../.././../gmp/gmp-5.1.1 -O2 -pedantic -fomit-frame-pointer -m64 -mtune=k8 -march=k8 -c ../.././../gmp/gmp-5.1.1/mpq/out_str.c -o out_str.o
config.status: executing libtool commands
/bin/bash ../libtool --tag=CC   --mode=compile gcc-4.7 -std=gnu99 -DHAVE_CONFIG_H -I. -I../.././../gmp/gmp-5.1.1/mpq -I.. -D__GMP_WITHIN_GMP -I../.././../gmp/gmp-5.1.1    -O2 -pedantic -fomit-frame-pointer -m64 -mtune=k8 -march=k8 -c -o set.lo ../.././../gmp/gmp-5.1.1/mpq/set.c
libtool: link: gcc-4.7 -W -Wall -Wstrict-prototypes -Wmissing-prototypes -Wshadow -Werror -g -O2 -o gprof basic_blocks.o call_graph.o cg_arcs.o cg_dfn.o cg_print.o corefile.o gmon_io.o gprof.o hertz.o hist.o source.o search_list.o symtab.o sym_ids.o utils.o i386.o alpha.o vax.o tahoe.o sparc.o mips.o flat_bl.o bsd_callg_bl.o fsf_callg_bl.o  ../bfd/.libs/libbfd.a -lz ../libiberty/libiberty.a -lm
config.status: executing default-1 commands
libtool: compile:  gcc-4.7 -std=gnu99 -DHAVE_CONFIG_H -I. -I../.././../gmp/gmp-5.1.1/mpq -I.. -D__GMP_WITHIN_GMP -I../.././../gmp/gmp-5.1.1 -O2 -pedantic -fomit-frame-pointer -m64 -mtune=k8 -march=k8 -c ../.././../gmp/gmp-5.1.1/mpq/set.c -o set.o
config.status: executing bfd_stdint.h commands
/bin/bash ../libtool --tag=CC   --mode=compile gcc-4.7 -std=gnu99 -DHAVE_CONFIG_H -I. -I../.././../gmp/gmp-5.1.1/mpq -I.. -D__GMP_WITHIN_GMP -I../.././../gmp/gmp-5.1.1    -O2 -pedantic -fomit-frame-pointer -m64 -mtune=k8 -march=k8 -c -o set_den.lo ../.././../gmp/gmp-5.1.1/mpq/set_den.c
mv -f .deps/listing.Tpo .deps/listing.Po
config.status: executing default commands
mv -f .deps/ldwrite.Tpo .deps/ldwrite.Po
gcc-4.7 -DHAVE_CONFIG_H -I. -I../.././../binutils/binutils-2.23.1/binutils  -I. -I../.././../binutils/binutils-2.23.1/binutils -I../bfd -I../.././../binutils/binutils-2.23.1/binutils/../bfd -I../.././../binutils/binutils-2.23.1/binutils/../include -DLOCALEDIR="\"/home/sparksco/android/arm-linux-androideabi/share/locale\"" -Dbin_dummy_emulation=bin_vanilla_emulation  -W -Wall -Wstrict-prototypes -Wmissing-prototypes -Wshadow -Werror -g -O2 -MT rddbg.o -MD -MP -MF .deps/rddbg.Tpo -c -o rddbg.o ../.././../binutils/binutils-2.23.1/binutils/rddbg.c
mv -f .deps/messages.Tpo .deps/messages.Po
/bin/bash ../libtool --tag=CC   --mode=compile gcc-4.7 -std=gnu99 -DHAVE_CONFIG_H -I. -I../.././../gmp/gmp-5.1.1/mpq -I.. -D__GMP_WITHIN_GMP -I../.././../gmp/gmp-5.1.1    -O2 -pedantic -fomit-frame-pointer -m64 -mtune=k8 -march=k8 -c -o set_num.lo ../.././../gmp/gmp-5.1.1/mpq/set_num.c
mv -f .deps/ldmain.Tpo .deps/ldmain.Po
gcc-4.7 -DHAVE_CONFIG_H -I. -I../.././../binutils/binutils-2.23.1/ld  -I. -I../.././../binutils/binutils-2.23.1/ld -I../bfd -I../.././../binutils/binutils-2.23.1/ld/../bfd -I../.././../binutils/binutils-2.23.1/ld/../include  -g -O2 -DENABLE_PLUGINS -DLOCALEDIR="\"/home/sparksco/android/arm-linux-androideabi/share/locale\""  -W -Wall -Wstrict-prototypes -Wmissing-prototypes -Wshadow -Werror -g -O2 -MT ldexp.o -MD -MP -MF .deps/ldexp.Tpo -c -o ldexp.o ../.././../binutils/binutils-2.23.1/ld/ldexp.c
gcc-4.7 -DHAVE_CONFIG_H -I. -I../.././../binutils/binutils-2.23.1/ld  -I. -I../.././../binutils/binutils-2.23.1/ld -I../bfd -I../.././../binutils/binutils-2.23.1/ld/../bfd -I../.././../binutils/binutils-2.23.1/ld/../include  -g -O2 -DENABLE_PLUGINS -DLOCALEDIR="\"/home/sparksco/android/arm-linux-androideabi/share/locale\""  -W -Wall -Wstrict-prototypes -Wmissing-prototypes -Wshadow -Werror -g -O2 -MT ldemul.o -MD -MP -MF .deps/ldemul.Tpo -c -o ldemul.o ../.././../binutils/binutils-2.23.1/ld/ldemul.c
libtool: compile:  gcc-4.7 -std=gnu99 -DHAVE_CONFIG_H -I. -I../.././../gmp/gmp-5.1.1/mpq -I.. -D__GMP_WITHIN_GMP -I../.././../gmp/gmp-5.1.1 -O2 -pedantic -fomit-frame-pointer -m64 -mtune=k8 -march=k8 -c ../.././../gmp/gmp-5.1.1/mpq/set_den.c -o set_den.o
libtool: compile:  gcc-4.7 -std=gnu99 -DHAVE_CONFIG_H -I. -I../.././../gmp/gmp-5.1.1/mpq -I.. -D__GMP_WITHIN_GMP -I../.././../gmp/gmp-5.1.1 -O2 -pedantic -fomit-frame-pointer -m64 -mtune=k8 -march=k8 -c ../.././../gmp/gmp-5.1.1/mpq/set_num.c -o set_num.o
make[5]: Leaving directory `/home/sparksco/android/toolchain/aosp/build/binutils-2.23.1/gprof'
make[4]: Leaving directory `/home/sparksco/android/toolchain/aosp/build/binutils-2.23.1/gprof'
make[3]: Leaving directory `/home/sparksco/android/toolchain/aosp/build/binutils-2.23.1/gprof'
gcc-4.7 -DHAVE_CONFIG_H -I. -I../.././../binutils/binutils-2.23.1/ld  -I. -I../.././../binutils/binutils-2.23.1/ld -I../bfd -I../.././../binutils/binutils-2.23.1/ld/../bfd -I../.././../binutils/binutils-2.23.1/ld/../include  -g -O2 -DENABLE_PLUGINS -DLOCALEDIR="\"/home/sparksco/android/arm-linux-androideabi/share/locale\""  -W -Wall -Wstrict-prototypes -Wmissing-prototypes -Wshadow -Werror -g -O2 -MT ldver.o -MD -MP -MF .deps/ldver.Tpo -c -o ldver.o ../.././../binutils/binutils-2.23.1/ld/ldver.c
gcc-4.7 -DHAVE_CONFIG_H -I. -I../.././../binutils/binutils-2.23.1/ld  -I. -I../.././../binutils/binutils-2.23.1/ld -I../bfd -I../.././../binutils/binutils-2.23.1/ld/../bfd -I../.././../binutils/binutils-2.23.1/ld/../include  -g -O2 -DENABLE_PLUGINS -DLOCALEDIR="\"/home/sparksco/android/arm-linux-androideabi/share/locale\""  -W -Wall -Wstrict-prototypes -Wmissing-prototypes -Wshadow -Werror -g -O2 -MT ldmisc.o -MD -MP -MF .deps/ldmisc.Tpo -c -o ldmisc.o ../.././../binutils/binutils-2.23.1/ld/ldmisc.c
/bin/bash ../libtool --tag=CC   --mode=compile gcc-4.7 -std=gnu99 -DHAVE_CONFIG_H -I. -I../.././../gmp/gmp-5.1.1/mpq -I.. -D__GMP_WITHIN_GMP -I../.././../gmp/gmp-5.1.1    -O2 -pedantic -fomit-frame-pointer -m64 -mtune=k8 -march=k8 -c -o set_si.lo ../.././../gmp/gmp-5.1.1/mpq/set_si.c
libtool: compile:  gcc-4.7 -std=gnu99 -DHAVE_CONFIG_H -I. -I../.././../gmp/gmp-5.1.1/mpq -I.. -D__GMP_WITHIN_GMP -I../.././../gmp/gmp-5.1.1 -O2 -pedantic -fomit-frame-pointer -m64 -mtune=k8 -march=k8 -c ../.././../gmp/gmp-5.1.1/mpq/set_si.c -o set_si.o
mv -f .deps/ldver.Tpo .deps/ldver.Po
gcc-4.7 -DHAVE_CONFIG_H -I. -I../.././../binutils/binutils-2.23.1/ld  -I. -I../.././../binutils/binutils-2.23.1/ld -I../bfd -I../.././../binutils/binutils-2.23.1/ld/../bfd -I../.././../binutils/binutils-2.23.1/ld/../include  -g -O2 -DENABLE_PLUGINS -DLOCALEDIR="\"/home/sparksco/android/arm-linux-androideabi/share/locale\""  -W -Wall -Wstrict-prototypes -Wmissing-prototypes -Wshadow -Werror -g -O2 -MT ldfile.o -MD -MP -MF .deps/ldfile.Tpo -c -o ldfile.o \
	-DSCRIPTDIR='"/home/sparksco/android/arm-linux-androideabi/arm-linux-androideabi/lib"' -DBINDIR='"/home/sparksco/android/arm-linux-androideabi/bin"' -DTOOLBINDIR='"/home/sparksco/android/arm-linux-androideabi/arm-linux-androideabi/bin"' \
	 ../.././../binutils/binutils-2.23.1/ld/ldfile.c
mv -f .deps/rddbg.Tpo .deps/rddbg.Po
gcc-4.7 -DHAVE_CONFIG_H -I. -I../.././../binutils/binutils-2.23.1/binutils  -I. -I../.././../binutils/binutils-2.23.1/binutils -I../bfd -I../.././../binutils/binutils-2.23.1/binutils/../bfd -I../.././../binutils/binutils-2.23.1/binutils/../include -DLOCALEDIR="\"/home/sparksco/android/arm-linux-androideabi/share/locale\"" -Dbin_dummy_emulation=bin_vanilla_emulation  -W -Wall -Wstrict-prototypes -Wmissing-prototypes -Wshadow -Werror -g -O2 -MT debug.o -MD -MP -MF .deps/debug.Tpo -c -o debug.o ../.././../binutils/binutils-2.23.1/binutils/debug.c
mv -f .deps/ldemul.Tpo .deps/ldemul.Po
/bin/bash ../libtool --tag=CC   --mode=compile gcc-4.7 -std=gnu99 -DHAVE_CONFIG_H -I. -I../.././../gmp/gmp-5.1.1/mpq -I.. -D__GMP_WITHIN_GMP -I../.././../gmp/gmp-5.1.1    -O2 -pedantic -fomit-frame-pointer -m64 -mtune=k8 -march=k8 -c -o set_str.lo ../.././../gmp/gmp-5.1.1/mpq/set_str.c
gcc-4.7 -DHAVE_CONFIG_H -I. -I../.././../binutils/binutils-2.23.1/binutils  -I. -I../.././../binutils/binutils-2.23.1/binutils -I../bfd -I../.././../binutils/binutils-2.23.1/binutils/../bfd -I../.././../binutils/binutils-2.23.1/binutils/../include -DLOCALEDIR="\"/home/sparksco/android/arm-linux-androideabi/share/locale\"" -Dbin_dummy_emulation=bin_vanilla_emulation  -W -Wall -Wstrict-prototypes -Wmissing-prototypes -Wshadow -Werror -g -O2 -MT stabs.o -MD -MP -MF .deps/stabs.Tpo -c -o stabs.o ../.././../binutils/binutils-2.23.1/binutils/stabs.c
libtool: compile:  gcc-4.7 -std=gnu99 -DHAVE_CONFIG_H -I. -I../.././../gmp/gmp-5.1.1/mpq -I.. -D__GMP_WITHIN_GMP -I../.././../gmp/gmp-5.1.1 -O2 -pedantic -fomit-frame-pointer -m64 -mtune=k8 -march=k8 -c ../.././../gmp/gmp-5.1.1/mpq/set_str.c -o set_str.o
make[3]: Entering directory `/home/sparksco/android/toolchain/aosp/build/gdb-7.5.1/bfd'
creating bfdver.h
rm -f elf32-target.h
sed -e s/NN/32/g < ../.././../gdb/gdb-7.5.1/bfd/elfxx-target.h > elf32-target.new
mv -f .deps/macro.Tpo .deps/macro.Po
/bin/bash ../libtool --tag=CC   --mode=compile gcc-4.7 -std=gnu99 -DHAVE_CONFIG_H -I. -I../.././../gmp/gmp-5.1.1/mpq -I.. -D__GMP_WITHIN_GMP -I../.././../gmp/gmp-5.1.1    -O2 -pedantic -fomit-frame-pointer -m64 -mtune=k8 -march=k8 -c -o set_ui.lo ../.././../gmp/gmp-5.1.1/mpq/set_ui.c
mv -f elf32-target.new elf32-target.h
gcc-4.7 -DHAVE_CONFIG_H -I. -I../.././../binutils/binutils-2.23.1/gas  -I. -I../.././../binutils/binutils-2.23.1/gas -I../bfd -I../.././../binutils/binutils-2.23.1/gas/config -I../.././../binutils/binutils-2.23.1/gas/../include -I../.././../binutils/binutils-2.23.1/gas/.. -I../.././../binutils/binutils-2.23.1/gas/../bfd -DLOCALEDIR="\"/home/sparksco/android/arm-linux-androideabi/share/locale\""  -W -Wall -Wstrict-prototypes -Wmissing-prototypes -Wshadow -Werror -g -O2 -MT output-file.o -MD -MP -MF .deps/output-file.Tpo -c -o output-file.o ../.././../binutils/binutils-2.23.1/gas/output-file.c
rm -f elf64-target.h
sed -e s/NN/64/g < ../.././../gdb/gdb-7.5.1/bfd/elfxx-target.h > elf64-target.new
libtool: compile:  gcc-4.7 -std=gnu99 -DHAVE_CONFIG_H -I. -I../.././../gmp/gmp-5.1.1/mpq -I.. -D__GMP_WITHIN_GMP -I../.././../gmp/gmp-5.1.1 -O2 -pedantic -fomit-frame-pointer -m64 -mtune=k8 -march=k8 -c ../.././../gmp/gmp-5.1.1/mpq/set_ui.c -o set_ui.o
mv -f elf64-target.new elf64-target.h
rm -f targmatch.h
mv -f .deps/ldmisc.Tpo .deps/ldmisc.Po
sed -f ../.././../gdb/gdb-7.5.1/bfd/targmatch.sed < ../.././../gdb/gdb-7.5.1/bfd/config.bfd > targmatch.new
/bin/bash ../libtool --tag=CC   --mode=compile gcc-4.7 -std=gnu99 -DHAVE_CONFIG_H -I. -I../.././../gmp/gmp-5.1.1/mpq -I.. -D__GMP_WITHIN_GMP -I../.././../gmp/gmp-5.1.1    -O2 -pedantic -fomit-frame-pointer -m64 -mtune=k8 -march=k8 -c -o set_z.lo ../.././../gmp/gmp-5.1.1/mpq/set_z.c
mv -f .deps/ldfile.Tpo .deps/ldfile.Po
/bin/bash ../libtool --tag=CC   --mode=compile gcc-4.7 -std=gnu99 -DHAVE_CONFIG_H -I. -I../.././../gmp/gmp-5.1.1/mpq -I.. -D__GMP_WITHIN_GMP -I../.././../gmp/gmp-5.1.1    -O2 -pedantic -fomit-frame-pointer -m64 -mtune=k8 -march=k8 -c -o set_d.lo ../.././../gmp/gmp-5.1.1/mpq/set_d.c
libtool: compile:  gcc-4.7 -std=gnu99 -DHAVE_CONFIG_H -I. -I../.././../gmp/gmp-5.1.1/mpq -I.. -D__GMP_WITHIN_GMP -I../.././../gmp/gmp-5.1.1 -O2 -pedantic -fomit-frame-pointer -m64 -mtune=k8 -march=k8 -c ../.././../gmp/gmp-5.1.1/mpq/set_z.c -o set_z.o
gcc-4.7 -DHAVE_CONFIG_H -I. -I../.././../binutils/binutils-2.23.1/ld  -I. -I../.././../binutils/binutils-2.23.1/ld -I../bfd -I../.././../binutils/binutils-2.23.1/ld/../bfd -I../.././../binutils/binutils-2.23.1/ld/../include  -g -O2 -DENABLE_PLUGINS -DLOCALEDIR="\"/home/sparksco/android/arm-linux-androideabi/share/locale\""  -W -Wall -Wstrict-prototypes -Wmissing-prototypes -Wshadow -Werror -g -O2 -MT ldcref.o -MD -MP -MF .deps/ldcref.Tpo -c -o ldcref.o ../.././../binutils/binutils-2.23.1/ld/ldcref.c
mv -f targmatch.new targmatch.h
mv -f .deps/output-file.Tpo .deps/output-file.Po
libtool: compile:  gcc-4.7 -std=gnu99 -DHAVE_CONFIG_H -I. -I../.././../gmp/gmp-5.1.1/mpq -I.. -D__GMP_WITHIN_GMP -I../.././../gmp/gmp-5.1.1 -O2 -pedantic -fomit-frame-pointer -m64 -mtune=k8 -march=k8 -c ../.././../gmp/gmp-5.1.1/mpq/set_d.c -o set_d.o
gcc-4.7 -DHAVE_CONFIG_H -I. -I../.././../binutils/binutils-2.23.1/gas  -I. -I../.././../binutils/binutils-2.23.1/gas -I../bfd -I../.././../binutils/binutils-2.23.1/gas/config -I../.././../binutils/binutils-2.23.1/gas/../include -I../.././../binutils/binutils-2.23.1/gas/.. -I../.././../binutils/binutils-2.23.1/gas/../bfd -DLOCALEDIR="\"/home/sparksco/android/arm-linux-androideabi/share/locale\""  -W -Wall -Wstrict-prototypes -Wmissing-prototypes -Wshadow -Werror -g -O2 -MT read.o -MD -MP -MF .deps/read.Tpo -c -o read.o ../.././../binutils/binutils-2.23.1/gas/read.c
mv -f .deps/dwarf.Tpo .deps/dwarf.Po
mv -f .deps/ldexp.Tpo .deps/ldexp.Po
gcc-4.7 -DHAVE_CONFIG_H -I. -I../.././../binutils/binutils-2.23.1/ld  -I. -I../.././../binutils/binutils-2.23.1/ld -I../bfd -I../.././../binutils/binutils-2.23.1/ld/../bfd -I../.././../binutils/binutils-2.23.1/ld/../include  -g -O2 -DENABLE_PLUGINS -DLOCALEDIR="\"/home/sparksco/android/arm-linux-androideabi/share/locale\""  -W -Wall -Wstrict-prototypes -Wmissing-prototypes -Wshadow -Werror -g -O2 -MT plugin.o -MD -MP -MF .deps/plugin.Tpo -c -o plugin.o ../.././../binutils/binutils-2.23.1/ld/plugin.c
gcc-4.7 -DHAVE_CONFIG_H -I. -I../.././../binutils/binutils-2.23.1/binutils  -I. -I../.././../binutils/binutils-2.23.1/binutils -I../bfd -I../.././../binutils/binutils-2.23.1/binutils/../bfd -I../.././../binutils/binutils-2.23.1/binutils/../include -DLOCALEDIR="\"/home/sparksco/android/arm-linux-androideabi/share/locale\"" -Dbin_dummy_emulation=bin_vanilla_emulation  -W -Wall -Wstrict-prototypes -Wmissing-prototypes -Wshadow -Werror -g -O2 -MT ieee.o -MD -MP -MF .deps/ieee.Tpo -c -o ieee.o ../.././../binutils/binutils-2.23.1/binutils/ieee.c
/bin/bash ../libtool --tag=CC   --mode=compile gcc-4.7 -std=gnu99 -DHAVE_CONFIG_H -I. -I../.././../gmp/gmp-5.1.1/mpq -I.. -D__GMP_WITHIN_GMP -I../.././../gmp/gmp-5.1.1    -O2 -pedantic -fomit-frame-pointer -m64 -mtune=k8 -march=k8 -c -o set_f.lo ../.././../gmp/gmp-5.1.1/mpq/set_f.c
Making info in doc
make[4]: Entering directory `/home/sparksco/android/toolchain/aosp/build/gdb-7.5.1/bfd/doc'
make[4]: Nothing to be done for `info'.
make[4]: Leaving directory `/home/sparksco/android/toolchain/aosp/build/gdb-7.5.1/bfd/doc'
Making info in po
libtool: compile:  gcc-4.7 -std=gnu99 -DHAVE_CONFIG_H -I. -I../.././../gmp/gmp-5.1.1/mpq -I.. -D__GMP_WITHIN_GMP -I../.././../gmp/gmp-5.1.1 -O2 -pedantic -fomit-frame-pointer -m64 -mtune=k8 -march=k8 -c ../.././../gmp/gmp-5.1.1/mpq/set_f.c -o set_f.o
make[4]: Entering directory `/home/sparksco/android/toolchain/aosp/build/gdb-7.5.1/bfd/po'
( if test 'x../../.././../gdb/gdb-7.5.1/bfd/po' != 'x.'; then \
	    posrcprefix='../../.././../gdb/gdb-7.5.1/bfd/'; \
	  else \
	    posrcprefix="../"; \
	  fi; \
	  rm -f SRC-POTFILES-t SRC-POTFILES \
	    && (sed -e '/^#/d' \
	            -e '/^[ 	]*$/d' \
		    -e "s@.*@	$posrcprefix& \\\\@" < ../../.././../gdb/gdb-7.5.1/bfd/po/SRC-POTFILES.in \
		| sed -e '$s/\\$//') > SRC-POTFILES-t \
	    && chmod a-w SRC-POTFILES-t \
	    && mv SRC-POTFILES-t SRC-POTFILES )
gcc-4.7 -DHAVE_CONFIG_H -I. -I../.././../binutils/binutils-2.23.1/gas  -I. -I../.././../binutils/binutils-2.23.1/gas -I../bfd -I../.././../binutils/binutils-2.23.1/gas/config -I../.././../binutils/binutils-2.23.1/gas/../include -I../.././../binutils/binutils-2.23.1/gas/.. -I../.././../binutils/binutils-2.23.1/gas/../bfd -DLOCALEDIR="\"/home/sparksco/android/arm-linux-androideabi/share/locale\""  -W -Wall -Wstrict-prototypes -Wmissing-prototypes -Wshadow -Werror -g -O2 -MT remap.o -MD -MP -MF .deps/remap.Tpo -c -o remap.o ../.././../binutils/binutils-2.23.1/gas/remap.c
( rm -f BLD-POTFILES-t BLD-POTFILES \
	    && (sed -e '/^#/d' \
	            -e '/^[ 	]*$/d' \
		    -e "s@.*@	../& \\\\@" < ../../.././../gdb/gdb-7.5.1/bfd/po/BLD-POTFILES.in \
		| sed -e '$s/\\$//') > BLD-POTFILES-t \
	    && chmod a-w BLD-POTFILES-t \
	    && mv BLD-POTFILES-t BLD-POTFILES )
/bin/bash ../libtool --tag=CC   --mode=compile gcc-4.7 -std=gnu99 -DHAVE_CONFIG_H -I. -I../.././../gmp/gmp-5.1.1/mpq -I.. -D__GMP_WITHIN_GMP -I../.././../gmp/gmp-5.1.1    -O2 -pedantic -fomit-frame-pointer -m64 -mtune=k8 -march=k8 -c -o swap.lo ../.././../gmp/gmp-5.1.1/mpq/swap.c
cd .. \
	  && CONFIG_FILES=po/Makefile.in:po/Make-in \
	     CONFIG_HEADERS= /bin/bash ./config.status
mv -f .deps/remap.Tpo .deps/remap.Po
libtool: compile:  gcc-4.7 -std=gnu99 -DHAVE_CONFIG_H -I. -I../.././../gmp/gmp-5.1.1/mpq -I.. -D__GMP_WITHIN_GMP -I../.././../gmp/gmp-5.1.1 -O2 -pedantic -fomit-frame-pointer -m64 -mtune=k8 -march=k8 -c ../.././../gmp/gmp-5.1.1/mpq/swap.c -o swap.o
mv -f .deps/ldcref.Tpo .deps/ldcref.Po
mv -f .deps/ldlang.Tpo .deps/ldlang.Po
cp ../.././../binutils/binutils-2.23.1/ld/emultempl/astring.sed stringify.sed
gcc-4.7 -DHAVE_CONFIG_H -I. -I../.././../binutils/binutils-2.23.1/gas  -I. -I../.././../binutils/binutils-2.23.1/gas -I../bfd -I../.././../binutils/binutils-2.23.1/gas/config -I../.././../binutils/binutils-2.23.1/gas/../include -I../.././../binutils/binutils-2.23.1/gas/.. -I../.././../binutils/binutils-2.23.1/gas/../bfd -DLOCALEDIR="\"/home/sparksco/android/arm-linux-androideabi/share/locale\""  -W -Wall -Wstrict-prototypes -Wmissing-prototypes -Wshadow -Werror -g -O2 -MT sb.o -MD -MP -MF .deps/sb.Tpo -c -o sb.o ../.././../binutils/binutils-2.23.1/gas/sb.c
gcc-4.7 -DHAVE_CONFIG_H -I. -I../.././../binutils/binutils-2.23.1/binutils  -I. -I../.././../binutils/binutils-2.23.1/binutils -I../bfd -I../.././../binutils/binutils-2.23.1/binutils/../bfd -I../.././../binutils/binutils-2.23.1/binutils/../include -DLOCALEDIR="\"/home/sparksco/android/arm-linux-androideabi/share/locale\"" -Dbin_dummy_emulation=bin_vanilla_emulation  -W -Wall -Wstrict-prototypes -Wmissing-prototypes -Wshadow -Werror -g -O2 -MT rdcoff.o -MD -MP -MF .deps/rdcoff.Tpo -c -o rdcoff.o ../.././../binutils/binutils-2.23.1/binutils/rdcoff.c
gcc-4.7 -DHAVE_CONFIG_H -I. -I../.././../binutils/binutils-2.23.1/gas  -I. -I../.././../binutils/binutils-2.23.1/gas -I../bfd -I../.././../binutils/binutils-2.23.1/gas/config -I../.././../binutils/binutils-2.23.1/gas/../include -I../.././../binutils/binutils-2.23.1/gas/.. -I../.././../binutils/binutils-2.23.1/gas/../bfd -DLOCALEDIR="\"/home/sparksco/android/arm-linux-androideabi/share/locale\""  -W -Wall -Wstrict-prototypes -Wmissing-prototypes -Wshadow -Werror -g -O2 -MT stabs.o -MD -MP -MF .deps/stabs.Tpo -c -o stabs.o ../.././../binutils/binutils-2.23.1/gas/stabs.c
/bin/bash ../libtool --tag=CC   --mode=link gcc-4.7 -std=gnu99  -O2 -pedantic -fomit-frame-pointer -m64 -mtune=k8 -march=k8   -o libmpq.la  abs.lo aors.lo canonicalize.lo clear.lo clears.lo cmp.lo cmp_si.lo cmp_ui.lo div.lo equal.lo get_d.lo get_den.lo get_num.lo get_str.lo init.lo inits.lo inp_str.lo inv.lo md_2exp.lo mul.lo neg.lo out_str.lo set.lo set_den.lo set_num.lo set_si.lo set_str.lo set_ui.lo set_z.lo set_d.lo set_f.lo swap.lo  
mv -f .deps/sb.Tpo .deps/sb.Po
mv -f .deps/plugin.Tpo .deps/plugin.Po
gcc-4.7 -DHAVE_CONFIG_H -I. -I../.././../binutils/binutils-2.23.1/binutils  -I. -I../.././../binutils/binutils-2.23.1/binutils -I../bfd -I../.././../binutils/binutils-2.23.1/binutils/../bfd -I../.././../binutils/binutils-2.23.1/binutils/../include -DLOCALEDIR="\"/home/sparksco/android/arm-linux-androideabi/share/locale\"" -Dbin_dummy_emulation=bin_vanilla_emulation  -W -Wall -Wstrict-prototypes -Wmissing-prototypes -Wshadow -Werror -g -O2 -MT elfcomm.o -MD -MP -MF .deps/elfcomm.Tpo -c -o elfcomm.o ../.././../binutils/binutils-2.23.1/binutils/elfcomm.c
/bin/bash ./libtool --tag=CC   --mode=link gcc-4.7 -g -O2 -g -O2 -no-undefined -rpath /nowhere  -o libldtestplug.la  libldtestplug_la-testplug.lo  -lz -ldl 
mv -f .deps/stabs.Tpo .deps/stabs.Po
gcc-4.7 -DHAVE_CONFIG_H -I. -I../.././../binutils/binutils-2.23.1/binutils  -I. -I../.././../binutils/binutils-2.23.1/binutils -I../bfd -I../.././../binutils/binutils-2.23.1/binutils/../bfd -I../.././../binutils/binutils-2.23.1/binutils/../include -DLOCALEDIR="\"/home/sparksco/android/arm-linux-androideabi/share/locale\"" -Dbin_dummy_emulation=bin_vanilla_emulation  -W -Wall -Wstrict-prototypes -Wmissing-prototypes -Wshadow -Werror -g -O2 -MT arparse.o -MD -MP -MF .deps/arparse.Tpo -c -o arparse.o `test -f arparse.c || echo ../.././../binutils/binutils-2.23.1/binutils/`arparse.c -Wno-error
libtool: link: ar cq .libs/libmpq.a  abs.o aors.o canonicalize.o clear.o clears.o cmp.o cmp_si.o cmp_ui.o div.o equal.o get_d.o get_den.o get_num.o get_str.o init.o inits.o inp_str.o inv.o md_2exp.o mul.o neg.o out_str.o set.o set_den.o set_num.o set_si.o set_str.o set_ui.o set_z.o set_d.o set_f.o swap.o
libtool: link: ranlib .libs/libmpq.a
mv -f .deps/rdcoff.Tpo .deps/rdcoff.Po
libtool: link: ( cd ".libs" && rm -f "libmpq.la" && ln -s "../libmpq.la" "libmpq.la" )
LIB_PATH='' /bin/bash ../.././../binutils/binutils-2.23.1/ld/genscripts.sh "../.././../binutils/binutils-2.23.1/ld" "/home/sparksco/android/arm-linux-androideabi/lib" "/home/sparksco/android/arm-linux-androideabi" "/home/sparksco/android/arm-linux-androideabi" x86_64-pc-linux-gnu arm-unknown-linux-androideabi arm-linux-androideabi "armelf_linux_eabi armelfb_linux_eabi" "/usr/local/lib /lib /usr/lib" no no armelf_linux_eabi ""
make[3]: Leaving directory `/home/sparksco/android/toolchain/aosp/build/gmp-5.1.1/mpq'
Making all in mpf
libtool: link: ar rc .libs/libldtestplug.a  libldtestplug_la-testplug.o
libtool: link: ranlib .libs/libldtestplug.a
make[3]: Entering directory `/home/sparksco/android/toolchain/aosp/build/gmp-5.1.1/mpf'
/bin/bash ../libtool --tag=CC   --mode=compile gcc-4.7 -std=gnu99 -DHAVE_CONFIG_H -I. -I../.././../gmp/gmp-5.1.1/mpf -I.. -D__GMP_WITHIN_GMP -I../.././../gmp/gmp-5.1.1    -O2 -pedantic -fomit-frame-pointer -m64 -mtune=k8 -march=k8 -c -o init.lo ../.././../gmp/gmp-5.1.1/mpf/init.c
libtool: link: ( cd ".libs" && rm -f "libldtestplug.la" && ln -s "../libldtestplug.la" "libldtestplug.la" )
mv -f .deps/debug.Tpo .deps/debug.Po
gcc-4.7 -DHAVE_CONFIG_H -I. -I../.././../binutils/binutils-2.23.1/gas  -I. -I../.././../binutils/binutils-2.23.1/gas -I../bfd -I../.././../binutils/binutils-2.23.1/gas/config -I../.././../binutils/binutils-2.23.1/gas/../include -I../.././../binutils/binutils-2.23.1/gas/.. -I../.././../binutils/binutils-2.23.1/gas/../bfd -DLOCALEDIR="\"/home/sparksco/android/arm-linux-androideabi/share/locale\""  -W -Wall -Wstrict-prototypes -Wmissing-prototypes -Wshadow -Werror -g -O2 -MT subsegs.o -MD -MP -MF .deps/subsegs.Tpo -c -o subsegs.o ../.././../binutils/binutils-2.23.1/gas/subsegs.c
libtool: compile:  gcc-4.7 -std=gnu99 -DHAVE_CONFIG_H -I. -I../.././../gmp/gmp-5.1.1/mpf -I.. -D__GMP_WITHIN_GMP -I../.././../gmp/gmp-5.1.1 -O2 -pedantic -fomit-frame-pointer -m64 -mtune=k8 -march=k8 -c ../.././../gmp/gmp-5.1.1/mpf/init.c -o init.o
gcc-4.7 -DHAVE_CONFIG_H -I. -I../.././../binutils/binutils-2.23.1/gas  -I. -I../.././../binutils/binutils-2.23.1/gas -I../bfd -I../.././../binutils/binutils-2.23.1/gas/config -I../.././../binutils/binutils-2.23.1/gas/../include -I../.././../binutils/binutils-2.23.1/gas/.. -I../.././../binutils/binutils-2.23.1/gas/../bfd -DLOCALEDIR="\"/home/sparksco/android/arm-linux-androideabi/share/locale\""  -W -Wall -Wstrict-prototypes -Wmissing-prototypes -Wshadow -Werror -g -O2 -MT symbols.o -MD -MP -MF .deps/symbols.Tpo -c -o symbols.o ../.././../binutils/binutils-2.23.1/gas/symbols.c
/bin/bash ../libtool --tag=CC   --mode=compile gcc-4.7 -std=gnu99 -DHAVE_CONFIG_H -I. -I../.././../gmp/gmp-5.1.1/mpf -I.. -D__GMP_WITHIN_GMP -I../.././../gmp/gmp-5.1.1    -O2 -pedantic -fomit-frame-pointer -m64 -mtune=k8 -march=k8 -c -o init2.lo ../.././../gmp/gmp-5.1.1/mpf/init2.c
mv -f .deps/arparse.Tpo .deps/arparse.Po
gcc-4.7 -DHAVE_CONFIG_H -I. -I../.././../binutils/binutils-2.23.1/gas  -I. -I../.././../binutils/binutils-2.23.1/gas -I../bfd -I../.././../binutils/binutils-2.23.1/gas/config -I../.././../binutils/binutils-2.23.1/gas/../include -I../.././../binutils/binutils-2.23.1/gas/.. -I../.././../binutils/binutils-2.23.1/gas/../bfd -DLOCALEDIR="\"/home/sparksco/android/arm-linux-androideabi/share/locale\""  -W -Wall -Wstrict-prototypes -Wmissing-prototypes -Wshadow -Werror -g -O2 -MT write.o -MD -MP -MF .deps/write.Tpo -c -o write.o ../.././../binutils/binutils-2.23.1/gas/write.c
mv -f .deps/elfcomm.Tpo .deps/elfcomm.Po
config.status: creating po/Makefile.in
LIB_PATH='' /bin/bash ../.././../binutils/binutils-2.23.1/ld/genscripts.sh "../.././../binutils/binutils-2.23.1/ld" "/home/sparksco/android/arm-linux-androideabi/lib" "/home/sparksco/android/arm-linux-androideabi" "/home/sparksco/android/arm-linux-androideabi" x86_64-pc-linux-gnu arm-unknown-linux-androideabi arm-linux-androideabi "armelf_linux_eabi armelfb_linux_eabi" "/usr/local/lib /lib /usr/lib" no no armelfb_linux_eabi ""
libtool: compile:  gcc-4.7 -std=gnu99 -DHAVE_CONFIG_H -I. -I../.././../gmp/gmp-5.1.1/mpf -I.. -D__GMP_WITHIN_GMP -I../.././../gmp/gmp-5.1.1 -O2 -pedantic -fomit-frame-pointer -m64 -mtune=k8 -march=k8 -c ../.././../gmp/gmp-5.1.1/mpf/init2.c -o init2.o
/bin/bash ../libtool --tag=CC   --mode=compile gcc-4.7 -std=gnu99 -DHAVE_CONFIG_H -I. -I../.././../gmp/gmp-5.1.1/mpf -I.. -D__GMP_WITHIN_GMP -I../.././../gmp/gmp-5.1.1    -O2 -pedantic -fomit-frame-pointer -m64 -mtune=k8 -march=k8 -c -o inits.lo ../.././../gmp/gmp-5.1.1/mpf/inits.c
config.status: executing depfiles commands
libtool: compile:  gcc-4.7 -std=gnu99 -DHAVE_CONFIG_H -I. -I../.././../gmp/gmp-5.1.1/mpf -I.. -D__GMP_WITHIN_GMP -I../.././../gmp/gmp-5.1.1 -O2 -pedantic -fomit-frame-pointer -m64 -mtune=k8 -march=k8 -c ../.././../gmp/gmp-5.1.1/mpf/inits.c -o inits.o
config.status: executing libtool commands
mv -f .deps/subsegs.Tpo .deps/subsegs.Po
gcc-4.7 -DHAVE_CONFIG_H -I. -I../.././../binutils/binutils-2.23.1/gas  -I. -I../.././../binutils/binutils-2.23.1/gas -I../bfd -I../.././../binutils/binutils-2.23.1/gas/config -I../.././../binutils/binutils-2.23.1/gas/../include -I../.././../binutils/binutils-2.23.1/gas/.. -I../.././../binutils/binutils-2.23.1/gas/../bfd -DLOCALEDIR="\"/home/sparksco/android/arm-linux-androideabi/share/locale\""  -W -Wall -Wstrict-prototypes -Wmissing-prototypes -Wshadow -Werror -g -O2 -MT tc-arm.o -MD -MP -MF .deps/tc-arm.Tpo -c -o tc-arm.o `test -f 'config/tc-arm.c' || echo '../.././../binutils/binutils-2.23.1/gas/'`config/tc-arm.c
/bin/bash ../libtool --tag=CC   --mode=compile gcc-4.7 -std=gnu99 -DHAVE_CONFIG_H -I. -I../.././../gmp/gmp-5.1.1/mpf -I.. -D__GMP_WITHIN_GMP -I../.././../gmp/gmp-5.1.1    -O2 -pedantic -fomit-frame-pointer -m64 -mtune=k8 -march=k8 -c -o set.lo ../.././../gmp/gmp-5.1.1/mpf/set.c
config.status: executing default-1 commands
config.status: executing bfd_stdint.h commands
libtool: compile:  gcc-4.7 -std=gnu99 -DHAVE_CONFIG_H -I. -I../.././../gmp/gmp-5.1.1/mpf -I.. -D__GMP_WITHIN_GMP -I../.././../gmp/gmp-5.1.1 -O2 -pedantic -fomit-frame-pointer -m64 -mtune=k8 -march=k8 -c ../.././../gmp/gmp-5.1.1/mpf/set.c -o set.o
config.status: executing default commands
make[4]: Leaving directory `/home/sparksco/android/toolchain/aosp/build/gdb-7.5.1/bfd/po'
make[4]: Entering directory `/home/sparksco/android/toolchain/aosp/build/gdb-7.5.1/bfd/po'
make[4]: Nothing to be done for `info'.
make[4]: Leaving directory `/home/sparksco/android/toolchain/aosp/build/gdb-7.5.1/bfd/po'
/bin/bash ../libtool --tag=CC   --mode=compile gcc-4.7 -std=gnu99 -DHAVE_CONFIG_H -I. -I../.././../gmp/gmp-5.1.1/mpf -I.. -D__GMP_WITHIN_GMP -I../.././../gmp/gmp-5.1.1    -O2 -pedantic -fomit-frame-pointer -m64 -mtune=k8 -march=k8 -c -o set_ui.lo ../.././../gmp/gmp-5.1.1/mpf/set_ui.c
libtool: compile:  gcc-4.7 -std=gnu99 -DHAVE_CONFIG_H -I. -I../.././../gmp/gmp-5.1.1/mpf -I.. -D__GMP_WITHIN_GMP -I../.././../gmp/gmp-5.1.1 -O2 -pedantic -fomit-frame-pointer -m64 -mtune=k8 -march=k8 -c ../.././../gmp/gmp-5.1.1/mpf/set_ui.c -o set_ui.o
make[4]: Entering directory `/home/sparksco/android/toolchain/aosp/build/gdb-7.5.1/bfd'
make[4]: Nothing to be done for `info-am'.
make[4]: Leaving directory `/home/sparksco/android/toolchain/aosp/build/gdb-7.5.1/bfd'
make  all-recursive
make[4]: Entering directory `/home/sparksco/android/toolchain/aosp/build/gdb-7.5.1/bfd'
/bin/bash ../libtool --tag=CC   --mode=compile gcc-4.7 -std=gnu99 -DHAVE_CONFIG_H -I. -I../.././../gmp/gmp-5.1.1/mpf -I.. -D__GMP_WITHIN_GMP -I../.././../gmp/gmp-5.1.1    -O2 -pedantic -fomit-frame-pointer -m64 -mtune=k8 -march=k8 -c -o set_si.lo ../.././../gmp/gmp-5.1.1/mpf/set_si.c
Making all in doc
make[5]: Entering directory `/home/sparksco/android/toolchain/aosp/build/gdb-7.5.1/bfd/doc'
make[5]: Nothing to be done for `all'.
make[5]: Leaving directory `/home/sparksco/android/toolchain/aosp/build/gdb-7.5.1/bfd/doc'
Making all in po
make[5]: Entering directory `/home/sparksco/android/toolchain/aosp/build/gdb-7.5.1/bfd/po'
make[5]: Nothing to be done for `all'.
make[5]: Leaving directory `/home/sparksco/android/toolchain/aosp/build/gdb-7.5.1/bfd/po'
libtool: compile:  gcc-4.7 -std=gnu99 -DHAVE_CONFIG_H -I. -I../.././../gmp/gmp-5.1.1/mpf -I.. -D__GMP_WITHIN_GMP -I../.././../gmp/gmp-5.1.1 -O2 -pedantic -fomit-frame-pointer -m64 -mtune=k8 -march=k8 -c ../.././../gmp/gmp-5.1.1/mpf/set_si.c -o set_si.o
make[5]: Entering directory `/home/sparksco/android/toolchain/aosp/build/gdb-7.5.1/bfd'
rm -f bfd-tmp.h
cp bfd-in3.h bfd-tmp.h
/bin/bash ../.././../gdb/gdb-7.5.1/bfd/../move-if-change bfd-tmp.h bfd.h
rm -f bfd-tmp.h
touch stmp-bfd-h
/bin/bash ../libtool --tag=CC   --mode=compile gcc-4.7 -std=gnu99 -DHAVE_CONFIG_H -I. -I../.././../gmp/gmp-5.1.1/mpf -I.. -D__GMP_WITHIN_GMP -I../.././../gmp/gmp-5.1.1    -O2 -pedantic -fomit-frame-pointer -m64 -mtune=k8 -march=k8 -c -o set_str.lo ../.././../gmp/gmp-5.1.1/mpf/set_str.c
rm -f tofiles
f=""; \
	for i in elf32-arm.lo elf32.lo elf-nacl.lo elf-vxworks.lo elf.lo elflink.lo elf-attrs.lo elf-strtab.lo elf-eh-frame.lo dwarf1.lo elf32-gen.lo cpu-arm.lo  archive64.lo ; do \
	  case " $f " in \
	    *" $i "*) ;; \
	    *) f="$f $i" ;; \
	  esac ; \
	done ; \
	echo $f > tofiles
libtool: compile:  gcc-4.7 -std=gnu99 -DHAVE_CONFIG_H -I. -I../.././../gmp/gmp-5.1.1/mpf -I.. -D__GMP_WITHIN_GMP -I../.././../gmp/gmp-5.1.1 -O2 -pedantic -fomit-frame-pointer -m64 -mtune=k8 -march=k8 -c ../.././../gmp/gmp-5.1.1/mpf/set_str.c -o set_str.o
/bin/bash ../.././../gdb/gdb-7.5.1/bfd/../move-if-change tofiles ofiles
touch stamp-ofiles
/bin/bash ./libtool --tag=CC   --mode=compile gcc-4.7 -DHAVE_CONFIG_H -I. -I../.././../gdb/gdb-7.5.1/bfd -I. -I../.././../gdb/gdb-7.5.1/bfd -I../.././../gdb/gdb-7.5.1/bfd/../include  -DHAVE_bfd_elf32_littlearm_vec -DHAVE_bfd_elf32_bigarm_vec -DHAVE_bfd_elf32_little_generic_vec -DHAVE_bfd_elf32_big_generic_vec  -DBINDIR='"/home/sparksco/android/arm-linux-androideabi/bin"'  -W -Wall -Wstrict-prototypes -Wmissing-prototypes -Wshadow -Werror -g -O2 -MT archive.lo -MD -MP -MF .deps/archive.Tpo -c -o archive.lo ../.././../gdb/gdb-7.5.1/bfd/archive.c
mv -f .deps/stabs.Tpo .deps/stabs.Po
/bin/bash ./libtool --tag=CC   --mode=compile gcc-4.7 -DHAVE_CONFIG_H -I. -I../.././../gdb/gdb-7.5.1/bfd -I. -I../.././../gdb/gdb-7.5.1/bfd -I../.././../gdb/gdb-7.5.1/bfd/../include  -DHAVE_bfd_elf32_littlearm_vec -DHAVE_bfd_elf32_bigarm_vec -DHAVE_bfd_elf32_little_generic_vec -DHAVE_bfd_elf32_big_generic_vec  -DBINDIR='"/home/sparksco/android/arm-linux-androideabi/bin"'  -W -Wall -Wstrict-prototypes -Wmissing-prototypes -Wshadow -Werror -g -O2 -MT archures.lo -MD -MP -MF .deps/archures.Tpo -c -o archures.lo -DDEFAULT_VECTOR=bfd_elf32_littlearm_vec -DSELECT_VECS='&bfd_elf32_littlearm_vec,&bfd_elf32_bigarm_vec,&bfd_elf32_little_generic_vec,&bfd_elf32_big_generic_vec' -DSELECT_ARCHITECTURES='&bfd_arm_arch' ../.././../gdb/gdb-7.5.1/bfd/archures.c
libtool: compile:  gcc-4.7 -DHAVE_CONFIG_H -I. -I../.././../gdb/gdb-7.5.1/bfd -I. -I../.././../gdb/gdb-7.5.1/bfd -I../.././../gdb/gdb-7.5.1/bfd/../include -DHAVE_bfd_elf32_littlearm_vec -DHAVE_bfd_elf32_bigarm_vec -DHAVE_bfd_elf32_little_generic_vec -DHAVE_bfd_elf32_big_generic_vec -DBINDIR=\"/home/sparksco/android/arm-linux-androideabi/bin\" -W -Wall -Wstrict-prototypes -Wmissing-prototypes -Wshadow -Werror -g -O2 -MT archive.lo -MD -MP -MF .deps/archive.Tpo -c ../.././../gdb/gdb-7.5.1/bfd/archive.c -o archive.o
libtool: compile:  gcc-4.7 -DHAVE_CONFIG_H -I. -I../.././../gdb/gdb-7.5.1/bfd -I. -I../.././../gdb/gdb-7.5.1/bfd -I../.././../gdb/gdb-7.5.1/bfd/../include -DHAVE_bfd_elf32_littlearm_vec -DHAVE_bfd_elf32_bigarm_vec -DHAVE_bfd_elf32_little_generic_vec -DHAVE_bfd_elf32_big_generic_vec -DBINDIR=\"/home/sparksco/android/arm-linux-androideabi/bin\" -W -Wall -Wstrict-prototypes -Wmissing-prototypes -Wshadow -Werror -g -O2 -MT archures.lo -MD -MP -MF .deps/archures.Tpo -c -DDEFAULT_VECTOR=bfd_elf32_littlearm_vec "-DSELECT_VECS=&bfd_elf32_littlearm_vec,&bfd_elf32_bigarm_vec,&bfd_elf32_little_generic_vec,&bfd_elf32_big_generic_vec" "-DSELECT_ARCHITECTURES=&bfd_arm_arch" ../.././../gdb/gdb-7.5.1/bfd/archures.c -o archures.o
/bin/bash ../libtool --tag=CC   --mode=compile gcc-4.7 -std=gnu99 -DHAVE_CONFIG_H -I. -I../.././../gmp/gmp-5.1.1/mpf -I.. -D__GMP_WITHIN_GMP -I../.././../gmp/gmp-5.1.1    -O2 -pedantic -fomit-frame-pointer -m64 -mtune=k8 -march=k8 -c -o set_d.lo ../.././../gmp/gmp-5.1.1/mpf/set_d.c
libtool: compile:  gcc-4.7 -std=gnu99 -DHAVE_CONFIG_H -I. -I../.././../gmp/gmp-5.1.1/mpf -I.. -D__GMP_WITHIN_GMP -I../.././../gmp/gmp-5.1.1 -O2 -pedantic -fomit-frame-pointer -m64 -mtune=k8 -march=k8 -c ../.././../gmp/gmp-5.1.1/mpf/set_d.c -o set_d.o
/bin/bash ../libtool --tag=CC   --mode=compile gcc-4.7 -std=gnu99 -DHAVE_CONFIG_H -I. -I../.././../gmp/gmp-5.1.1/mpf -I.. -D__GMP_WITHIN_GMP -I../.././../gmp/gmp-5.1.1    -O2 -pedantic -fomit-frame-pointer -m64 -mtune=k8 -march=k8 -c -o set_z.lo ../.././../gmp/gmp-5.1.1/mpf/set_z.c
mv -f .deps/write.Tpo .deps/write.Po
/bin/bash ../libtool --tag=CC   --mode=compile gcc-4.7 -std=gnu99 -DHAVE_CONFIG_H -I. -I../.././../gmp/gmp-5.1.1/mpf -I.. -D__GMP_WITHIN_GMP -I../.././../gmp/gmp-5.1.1    -O2 -pedantic -fomit-frame-pointer -m64 -mtune=k8 -march=k8 -c -o set_q.lo ../.././../gmp/gmp-5.1.1/mpf/set_q.c
libtool: compile:  gcc-4.7 -std=gnu99 -DHAVE_CONFIG_H -I. -I../.././../gmp/gmp-5.1.1/mpf -I.. -D__GMP_WITHIN_GMP -I../.././../gmp/gmp-5.1.1 -O2 -pedantic -fomit-frame-pointer -m64 -mtune=k8 -march=k8 -c ../.././../gmp/gmp-5.1.1/mpf/set_z.c -o set_z.o
libtool: compile:  gcc-4.7 -std=gnu99 -DHAVE_CONFIG_H -I. -I../.././../gmp/gmp-5.1.1/mpf -I.. -D__GMP_WITHIN_GMP -I../.././../gmp/gmp-5.1.1 -O2 -pedantic -fomit-frame-pointer -m64 -mtune=k8 -march=k8 -c ../.././../gmp/gmp-5.1.1/mpf/set_q.c -o set_q.o
gcc-4.7 -DHAVE_CONFIG_H -I. -I../.././../binutils/binutils-2.23.1/binutils  -I. -I../.././../binutils/binutils-2.23.1/binutils -I../bfd -I../.././../binutils/binutils-2.23.1/binutils/../bfd -I../.././../binutils/binutils-2.23.1/binutils/../include -DLOCALEDIR="\"/home/sparksco/android/arm-linux-androideabi/share/locale\"" -Dbin_dummy_emulation=bin_vanilla_emulation  -W -Wall -Wstrict-prototypes -Wmissing-prototypes -Wshadow -Werror -g -O2 -MT arlex.o -MD -MP -MF .deps/arlex.Tpo -c -o arlex.o `test -f arlex.c || echo ../.././../binutils/binutils-2.23.1/binutils/`arlex.c -Wno-error
mv -f .deps/archures.Tpo .deps/archures.Plo
gcc-4.7 -DHAVE_CONFIG_H -I. -I../.././../binutils/binutils-2.23.1/binutils  -I. -I../.././../binutils/binutils-2.23.1/binutils -I../bfd -I../.././../binutils/binutils-2.23.1/binutils/../bfd -I../.././../binutils/binutils-2.23.1/binutils/../include -DLOCALEDIR="\"/home/sparksco/android/arm-linux-androideabi/share/locale\"" -Dbin_dummy_emulation=bin_vanilla_emulation  -W -Wall -Wstrict-prototypes -Wmissing-prototypes -Wshadow -Werror -g -O2 -MT ar.o -MD -MP -MF .deps/ar.Tpo -c -o ar.o ../.././../binutils/binutils-2.23.1/binutils/ar.c
gcc-4.7 -DHAVE_CONFIG_H -I. -I../.././../binutils/binutils-2.23.1/ld  -I. -I../.././../binutils/binutils-2.23.1/ld -I../bfd -I../.././../binutils/binutils-2.23.1/ld/../bfd -I../.././../binutils/binutils-2.23.1/ld/../include  -g -O2 -DENABLE_PLUGINS -DLOCALEDIR="\"/home/sparksco/android/arm-linux-androideabi/share/locale\""  -W -Wall -Wstrict-prototypes -Wmissing-prototypes -Wshadow -Werror -g -O2 -MT earmelf_linux_eabi.o -MD -MP -MF .deps/earmelf_linux_eabi.Tpo -c -o earmelf_linux_eabi.o earmelf_linux_eabi.c
mv -f .deps/read.Tpo .deps/read.Po
gcc-4.7 -DHAVE_CONFIG_H -I. -I../.././../binutils/binutils-2.23.1/gas  -I. -I../.././../binutils/binutils-2.23.1/gas -I../bfd -I../.././../binutils/binutils-2.23.1/gas/config -I../.././../binutils/binutils-2.23.1/gas/../include -I../.././../binutils/binutils-2.23.1/gas/.. -I../.././../binutils/binutils-2.23.1/gas/../bfd -DLOCALEDIR="\"/home/sparksco/android/arm-linux-androideabi/share/locale\""  -W -Wall -Wstrict-prototypes -Wmissing-prototypes -Wshadow -Werror -g -O2 -MT obj-elf.o -MD -MP -MF .deps/obj-elf.Tpo -c -o obj-elf.o `test -f 'config/obj-elf.c' || echo '../.././../binutils/binutils-2.23.1/gas/'`config/obj-elf.c
/bin/bash ../libtool --tag=CC   --mode=compile gcc-4.7 -std=gnu99 -DHAVE_CONFIG_H -I. -I../.././../gmp/gmp-5.1.1/mpf -I.. -D__GMP_WITHIN_GMP -I../.././../gmp/gmp-5.1.1    -O2 -pedantic -fomit-frame-pointer -m64 -mtune=k8 -march=k8 -c -o iset.lo ../.././../gmp/gmp-5.1.1/mpf/iset.c
libtool: compile:  gcc-4.7 -std=gnu99 -DHAVE_CONFIG_H -I. -I../.././../gmp/gmp-5.1.1/mpf -I.. -D__GMP_WITHIN_GMP -I../.././../gmp/gmp-5.1.1 -O2 -pedantic -fomit-frame-pointer -m64 -mtune=k8 -march=k8 -c ../.././../gmp/gmp-5.1.1/mpf/iset.c -o iset.o
/bin/bash ../libtool --tag=CC   --mode=compile gcc-4.7 -std=gnu99 -DHAVE_CONFIG_H -I. -I../.././../gmp/gmp-5.1.1/mpf -I.. -D__GMP_WITHIN_GMP -I../.././../gmp/gmp-5.1.1    -O2 -pedantic -fomit-frame-pointer -m64 -mtune=k8 -march=k8 -c -o iset_ui.lo ../.././../gmp/gmp-5.1.1/mpf/iset_ui.c
mv -f .deps/symbols.Tpo .deps/symbols.Po
gcc-4.7 -DHAVE_CONFIG_H -I. -I../.././../binutils/binutils-2.23.1/gas  -I. -I../.././../binutils/binutils-2.23.1/gas -I../bfd -I../.././../binutils/binutils-2.23.1/gas/config -I../.././../binutils/binutils-2.23.1/gas/../include -I../.././../binutils/binutils-2.23.1/gas/.. -I../.././../binutils/binutils-2.23.1/gas/../bfd -DLOCALEDIR="\"/home/sparksco/android/arm-linux-androideabi/share/locale\""  -W -Wall -Wstrict-prototypes -Wmissing-prototypes -Wshadow -Werror -g -O2 -MT atof-ieee.o -MD -MP -MF .deps/atof-ieee.Tpo -c -o atof-ieee.o `test -f 'config/atof-ieee.c' || echo '../.././../binutils/binutils-2.23.1/gas/'`config/atof-ieee.c
libtool: compile:  gcc-4.7 -std=gnu99 -DHAVE_CONFIG_H -I. -I../.././../gmp/gmp-5.1.1/mpf -I.. -D__GMP_WITHIN_GMP -I../.././../gmp/gmp-5.1.1 -O2 -pedantic -fomit-frame-pointer -m64 -mtune=k8 -march=k8 -c ../.././../gmp/gmp-5.1.1/mpf/iset_ui.c -o iset_ui.o
/bin/bash ./libtool --tag=CC   --mode=compile gcc-4.7 -DHAVE_CONFIG_H -I. -I../.././../gdb/gdb-7.5.1/bfd -I. -I../.././../gdb/gdb-7.5.1/bfd -I../.././../gdb/gdb-7.5.1/bfd/../include  -DHAVE_bfd_elf32_littlearm_vec -DHAVE_bfd_elf32_bigarm_vec -DHAVE_bfd_elf32_little_generic_vec -DHAVE_bfd_elf32_big_generic_vec  -DBINDIR='"/home/sparksco/android/arm-linux-androideabi/bin"'  -W -Wall -Wstrict-prototypes -Wmissing-prototypes -Wshadow -Werror -g -O2 -MT bfd.lo -MD -MP -MF .deps/bfd.Tpo -c -o bfd.lo ../.././../gdb/gdb-7.5.1/bfd/bfd.c
/bin/bash ../libtool --tag=CC   --mode=compile gcc-4.7 -std=gnu99 -DHAVE_CONFIG_H -I. -I../.././../gmp/gmp-5.1.1/mpf -I.. -D__GMP_WITHIN_GMP -I../.././../gmp/gmp-5.1.1    -O2 -pedantic -fomit-frame-pointer -m64 -mtune=k8 -march=k8 -c -o iset_si.lo ../.././../gmp/gmp-5.1.1/mpf/iset_si.c
libtool: compile:  gcc-4.7 -DHAVE_CONFIG_H -I. -I../.././../gdb/gdb-7.5.1/bfd -I. -I../.././../gdb/gdb-7.5.1/bfd -I../.././../gdb/gdb-7.5.1/bfd/../include -DHAVE_bfd_elf32_littlearm_vec -DHAVE_bfd_elf32_bigarm_vec -DHAVE_bfd_elf32_little_generic_vec -DHAVE_bfd_elf32_big_generic_vec -DBINDIR=\"/home/sparksco/android/arm-linux-androideabi/bin\" -W -Wall -Wstrict-prototypes -Wmissing-prototypes -Wshadow -Werror -g -O2 -MT bfd.lo -MD -MP -MF .deps/bfd.Tpo -c ../.././../gdb/gdb-7.5.1/bfd/bfd.c -o bfd.o
mv -f .deps/arlex.Tpo .deps/arlex.Po
libtool: compile:  gcc-4.7 -std=gnu99 -DHAVE_CONFIG_H -I. -I../.././../gmp/gmp-5.1.1/mpf -I.. -D__GMP_WITHIN_GMP -I../.././../gmp/gmp-5.1.1 -O2 -pedantic -fomit-frame-pointer -m64 -mtune=k8 -march=k8 -c ../.././../gmp/gmp-5.1.1/mpf/iset_si.c -o iset_si.o
/bin/bash ./libtool --tag=CC   --mode=compile gcc-4.7 -DHAVE_CONFIG_H -I. -I../.././../gdb/gdb-7.5.1/bfd -I. -I../.././../gdb/gdb-7.5.1/bfd -I../.././../gdb/gdb-7.5.1/bfd/../include  -DHAVE_bfd_elf32_littlearm_vec -DHAVE_bfd_elf32_bigarm_vec -DHAVE_bfd_elf32_little_generic_vec -DHAVE_bfd_elf32_big_generic_vec  -DBINDIR='"/home/sparksco/android/arm-linux-androideabi/bin"'  -W -Wall -Wstrict-prototypes -Wmissing-prototypes -Wshadow -Werror -g -O2 -MT bfdio.lo -MD -MP -MF .deps/bfdio.Tpo -c -o bfdio.lo ../.././../gdb/gdb-7.5.1/bfd/bfdio.c
mv -f .deps/ar.Tpo .deps/ar.Po
/bin/bash ../libtool --tag=CC   --mode=compile gcc-4.7 -std=gnu99 -DHAVE_CONFIG_H -I. -I../.././../gmp/gmp-5.1.1/mpf -I.. -D__GMP_WITHIN_GMP -I../.././../gmp/gmp-5.1.1    -O2 -pedantic -fomit-frame-pointer -m64 -mtune=k8 -march=k8 -c -o iset_str.lo ../.././../gmp/gmp-5.1.1/mpf/iset_str.c
libtool: compile:  gcc-4.7 -std=gnu99 -DHAVE_CONFIG_H -I. -I../.././../gmp/gmp-5.1.1/mpf -I.. -D__GMP_WITHIN_GMP -I../.././../gmp/gmp-5.1.1 -O2 -pedantic -fomit-frame-pointer -m64 -mtune=k8 -march=k8 -c ../.././../gmp/gmp-5.1.1/mpf/iset_str.c -o iset_str.o
/bin/bash ./libtool --tag=CC   --mode=compile gcc-4.7 -DHAVE_CONFIG_H -I. -I../.././../gdb/gdb-7.5.1/bfd -I. -I../.././../gdb/gdb-7.5.1/bfd -I../.././../gdb/gdb-7.5.1/bfd/../include  -DHAVE_bfd_elf32_littlearm_vec -DHAVE_bfd_elf32_bigarm_vec -DHAVE_bfd_elf32_little_generic_vec -DHAVE_bfd_elf32_big_generic_vec  -DBINDIR='"/home/sparksco/android/arm-linux-androideabi/bin"'  -W -Wall -Wstrict-prototypes -Wmissing-prototypes -Wshadow -Werror -g -O2 -MT bfdwin.lo -MD -MP -MF .deps/bfdwin.Tpo -c -o bfdwin.lo ../.././../gdb/gdb-7.5.1/bfd/bfdwin.c
libtool: compile:  gcc-4.7 -DHAVE_CONFIG_H -I. -I../.././../gdb/gdb-7.5.1/bfd -I. -I../.././../gdb/gdb-7.5.1/bfd -I../.././../gdb/gdb-7.5.1/bfd/../include -DHAVE_bfd_elf32_littlearm_vec -DHAVE_bfd_elf32_bigarm_vec -DHAVE_bfd_elf32_little_generic_vec -DHAVE_bfd_elf32_big_generic_vec -DBINDIR=\"/home/sparksco/android/arm-linux-androideabi/bin\" -W -Wall -Wstrict-prototypes -Wmissing-prototypes -Wshadow -Werror -g -O2 -MT bfdio.lo -MD -MP -MF .deps/bfdio.Tpo -c ../.././../gdb/gdb-7.5.1/bfd/bfdio.c -o bfdio.o
/bin/bash ../libtool --tag=CC   --mode=compile gcc-4.7 -std=gnu99 -DHAVE_CONFIG_H -I. -I../.././../gmp/gmp-5.1.1/mpf -I.. -D__GMP_WITHIN_GMP -I../.././../gmp/gmp-5.1.1    -O2 -pedantic -fomit-frame-pointer -m64 -mtune=k8 -march=k8 -c -o iset_d.lo ../.././../gmp/gmp-5.1.1/mpf/iset_d.c
libtool: compile:  gcc-4.7 -DHAVE_CONFIG_H -I. -I../.././../gdb/gdb-7.5.1/bfd -I. -I../.././../gdb/gdb-7.5.1/bfd -I../.././../gdb/gdb-7.5.1/bfd/../include -DHAVE_bfd_elf32_littlearm_vec -DHAVE_bfd_elf32_bigarm_vec -DHAVE_bfd_elf32_little_generic_vec -DHAVE_bfd_elf32_big_generic_vec -DBINDIR=\"/home/sparksco/android/arm-linux-androideabi/bin\" -W -Wall -Wstrict-prototypes -Wmissing-prototypes -Wshadow -Werror -g -O2 -MT bfdwin.lo -MD -MP -MF .deps/bfdwin.Tpo -c ../.././../gdb/gdb-7.5.1/bfd/bfdwin.c -o bfdwin.o
mv -f .deps/atof-ieee.Tpo .deps/atof-ieee.Po
/bin/bash ../libtool --tag=CC   --mode=compile gcc-4.7 -std=gnu99 -DHAVE_CONFIG_H -I. -I../.././../gmp/gmp-5.1.1/mpf -I.. -D__GMP_WITHIN_GMP -I../.././../gmp/gmp-5.1.1    -O2 -pedantic -fomit-frame-pointer -m64 -mtune=k8 -march=k8 -c -o clear.lo ../.././../gmp/gmp-5.1.1/mpf/clear.c
libtool: compile:  gcc-4.7 -std=gnu99 -DHAVE_CONFIG_H -I. -I../.././../gmp/gmp-5.1.1/mpf -I.. -D__GMP_WITHIN_GMP -I../.././../gmp/gmp-5.1.1 -O2 -pedantic -fomit-frame-pointer -m64 -mtune=k8 -march=k8 -c ../.././../gmp/gmp-5.1.1/mpf/iset_d.c -o iset_d.o
mv -f .deps/archive.Tpo .deps/archive.Plo
gcc-4.7 -DHAVE_CONFIG_H -I. -I../.././../binutils/binutils-2.23.1/ld  -I. -I../.././../binutils/binutils-2.23.1/ld -I../bfd -I../.././../binutils/binutils-2.23.1/ld/../bfd -I../.././../binutils/binutils-2.23.1/ld/../include  -g -O2 -DENABLE_PLUGINS -DLOCALEDIR="\"/home/sparksco/android/arm-linux-androideabi/share/locale\""  -W -Wall -Wstrict-prototypes -Wmissing-prototypes -Wshadow -Werror -g -O2 -MT earmelfb_linux_eabi.o -MD -MP -MF .deps/earmelfb_linux_eabi.Tpo -c -o earmelfb_linux_eabi.o earmelfb_linux_eabi.c
libtool: compile:  gcc-4.7 -std=gnu99 -DHAVE_CONFIG_H -I. -I../.././../gmp/gmp-5.1.1/mpf -I.. -D__GMP_WITHIN_GMP -I../.././../gmp/gmp-5.1.1 -O2 -pedantic -fomit-frame-pointer -m64 -mtune=k8 -march=k8 -c ../.././../gmp/gmp-5.1.1/mpf/clear.c -o clear.o
/bin/bash ../libtool --tag=CC   --mode=compile gcc-4.7 -std=gnu99 -DHAVE_CONFIG_H -I. -I../.././../gmp/gmp-5.1.1/mpf -I.. -D__GMP_WITHIN_GMP -I../.././../gmp/gmp-5.1.1    -O2 -pedantic -fomit-frame-pointer -m64 -mtune=k8 -march=k8 -c -o clears.lo ../.././../gmp/gmp-5.1.1/mpf/clears.c
mv -f .deps/bfdwin.Tpo .deps/bfdwin.Plo
/bin/bash ./libtool --tag=CC   --mode=compile gcc-4.7 -DHAVE_CONFIG_H -I. -I../.././../gdb/gdb-7.5.1/bfd -I. -I../.././../gdb/gdb-7.5.1/bfd -I../.././../gdb/gdb-7.5.1/bfd/../include  -DHAVE_bfd_elf32_littlearm_vec -DHAVE_bfd_elf32_bigarm_vec -DHAVE_bfd_elf32_little_generic_vec -DHAVE_bfd_elf32_big_generic_vec  -DBINDIR='"/home/sparksco/android/arm-linux-androideabi/bin"'  -W -Wall -Wstrict-prototypes -Wmissing-prototypes -Wshadow -Werror -g -O2 -MT cache.lo -MD -MP -MF .deps/cache.Tpo -c -o cache.lo ../.././../gdb/gdb-7.5.1/bfd/cache.c
mv -f .deps/bfdio.Tpo .deps/bfdio.Plo
/bin/bash ../libtool --tag=CC   --mode=compile gcc-4.7 -std=gnu99 -DHAVE_CONFIG_H -I. -I../.././../gmp/gmp-5.1.1/mpf -I.. -D__GMP_WITHIN_GMP -I../.././../gmp/gmp-5.1.1    -O2 -pedantic -fomit-frame-pointer -m64 -mtune=k8 -march=k8 -c -o get_str.lo ../.././../gmp/gmp-5.1.1/mpf/get_str.c
/bin/bash ../libtool --tag=CC   --mode=compile gcc-4.7 -std=gnu99 -DHAVE_CONFIG_H -I. -I../.././../gmp/gmp-5.1.1/mpf -I.. -D__GMP_WITHIN_GMP -I../.././../gmp/gmp-5.1.1    -O2 -pedantic -fomit-frame-pointer -m64 -mtune=k8 -march=k8 -c -o dump.lo ../.././../gmp/gmp-5.1.1/mpf/dump.c
libtool: compile:  gcc-4.7 -std=gnu99 -DHAVE_CONFIG_H -I. -I../.././../gmp/gmp-5.1.1/mpf -I.. -D__GMP_WITHIN_GMP -I../.././../gmp/gmp-5.1.1 -O2 -pedantic -fomit-frame-pointer -m64 -mtune=k8 -march=k8 -c ../.././../gmp/gmp-5.1.1/mpf/clears.c -o clears.o
libtool: compile:  gcc-4.7 -std=gnu99 -DHAVE_CONFIG_H -I. -I../.././../gmp/gmp-5.1.1/mpf -I.. -D__GMP_WITHIN_GMP -I../.././../gmp/gmp-5.1.1 -O2 -pedantic -fomit-frame-pointer -m64 -mtune=k8 -march=k8 -c ../.././../gmp/gmp-5.1.1/mpf/dump.c -o dump.o
mv -f .deps/obj-elf.Tpo .deps/obj-elf.Po
libtool: compile:  gcc-4.7 -DHAVE_CONFIG_H -I. -I../.././../gdb/gdb-7.5.1/bfd -I. -I../.././../gdb/gdb-7.5.1/bfd -I../.././../gdb/gdb-7.5.1/bfd/../include -DHAVE_bfd_elf32_littlearm_vec -DHAVE_bfd_elf32_bigarm_vec -DHAVE_bfd_elf32_little_generic_vec -DHAVE_bfd_elf32_big_generic_vec -DBINDIR=\"/home/sparksco/android/arm-linux-androideabi/bin\" -W -Wall -Wstrict-prototypes -Wmissing-prototypes -Wshadow -Werror -g -O2 -MT cache.lo -MD -MP -MF .deps/cache.Tpo -c ../.././../gdb/gdb-7.5.1/bfd/cache.c -o cache.o
/bin/bash ../libtool --tag=CC   --mode=compile gcc-4.7 -std=gnu99 -DHAVE_CONFIG_H -I. -I../.././../gmp/gmp-5.1.1/mpf -I.. -D__GMP_WITHIN_GMP -I../.././../gmp/gmp-5.1.1    -O2 -pedantic -fomit-frame-pointer -m64 -mtune=k8 -march=k8 -c -o size.lo ../.././../gmp/gmp-5.1.1/mpf/size.c
libtool: compile:  gcc-4.7 -std=gnu99 -DHAVE_CONFIG_H -I. -I../.././../gmp/gmp-5.1.1/mpf -I.. -D__GMP_WITHIN_GMP -I../.././../gmp/gmp-5.1.1 -O2 -pedantic -fomit-frame-pointer -m64 -mtune=k8 -march=k8 -c ../.././../gmp/gmp-5.1.1/mpf/get_str.c -o get_str.o
mv -f .deps/bfd.Tpo .deps/bfd.Plo
/bin/bash ./libtool --tag=CC   --mode=compile gcc-4.7 -DHAVE_CONFIG_H -I. -I../.././../gdb/gdb-7.5.1/bfd -I. -I../.././../gdb/gdb-7.5.1/bfd -I../.././../gdb/gdb-7.5.1/bfd/../include  -DHAVE_bfd_elf32_littlearm_vec -DHAVE_bfd_elf32_bigarm_vec -DHAVE_bfd_elf32_little_generic_vec -DHAVE_bfd_elf32_big_generic_vec  -DBINDIR='"/home/sparksco/android/arm-linux-androideabi/bin"'  -W -Wall -Wstrict-prototypes -Wmissing-prototypes -Wshadow -Werror -g -O2 -MT coffgen.lo -MD -MP -MF .deps/coffgen.Tpo -c -o coffgen.lo ../.././../gdb/gdb-7.5.1/bfd/coffgen.c
/bin/bash ../libtool --tag=CC   --mode=compile gcc-4.7 -std=gnu99 -DHAVE_CONFIG_H -I. -I../.././../gmp/gmp-5.1.1/mpf -I.. -D__GMP_WITHIN_GMP -I../.././../gmp/gmp-5.1.1    -O2 -pedantic -fomit-frame-pointer -m64 -mtune=k8 -march=k8 -c -o eq.lo ../.././../gmp/gmp-5.1.1/mpf/eq.c
libtool: compile:  gcc-4.7 -std=gnu99 -DHAVE_CONFIG_H -I. -I../.././../gmp/gmp-5.1.1/mpf -I.. -D__GMP_WITHIN_GMP -I../.././../gmp/gmp-5.1.1 -O2 -pedantic -fomit-frame-pointer -m64 -mtune=k8 -march=k8 -c ../.././../gmp/gmp-5.1.1/mpf/size.c -o size.o
mv -f .deps/ieee.Tpo .deps/ieee.Po
/bin/bash ./libtool --tag=CC   --mode=compile gcc-4.7 -DHAVE_CONFIG_H -I. -I../.././../gdb/gdb-7.5.1/bfd -I. -I../.././../gdb/gdb-7.5.1/bfd -I../.././../gdb/gdb-7.5.1/bfd/../include  -DHAVE_bfd_elf32_littlearm_vec -DHAVE_bfd_elf32_bigarm_vec -DHAVE_bfd_elf32_little_generic_vec -DHAVE_bfd_elf32_big_generic_vec  -DBINDIR='"/home/sparksco/android/arm-linux-androideabi/bin"'  -W -Wall -Wstrict-prototypes -Wmissing-prototypes -Wshadow -Werror -g -O2 -MT corefile.lo -MD -MP -MF .deps/corefile.Tpo -c -o corefile.lo ../.././../gdb/gdb-7.5.1/bfd/corefile.c
gcc-4.7 -DHAVE_CONFIG_H -I. -I../.././../binutils/binutils-2.23.1/binutils  -I. -I../.././../binutils/binutils-2.23.1/binutils -I../bfd -I../.././../binutils/binutils-2.23.1/binutils/../bfd -I../.././../binutils/binutils-2.23.1/binutils/../include -DLOCALEDIR="\"/home/sparksco/android/arm-linux-androideabi/share/locale\"" -Dbin_dummy_emulation=bin_vanilla_emulation  -W -Wall -Wstrict-prototypes -Wmissing-prototypes -Wshadow -Werror -g -O2 -MT not-ranlib.o -MD -MP -MF .deps/not-ranlib.Tpo -c -o not-ranlib.o ../.././../binutils/binutils-2.23.1/binutils/not-ranlib.c
libtool: compile:  gcc-4.7 -DHAVE_CONFIG_H -I. -I../.././../gdb/gdb-7.5.1/bfd -I. -I../.././../gdb/gdb-7.5.1/bfd -I../.././../gdb/gdb-7.5.1/bfd/../include -DHAVE_bfd_elf32_littlearm_vec -DHAVE_bfd_elf32_bigarm_vec -DHAVE_bfd_elf32_little_generic_vec -DHAVE_bfd_elf32_big_generic_vec -DBINDIR=\"/home/sparksco/android/arm-linux-androideabi/bin\" -W -Wall -Wstrict-prototypes -Wmissing-prototypes -Wshadow -Werror -g -O2 -MT coffgen.lo -MD -MP -MF .deps/coffgen.Tpo -c ../.././../gdb/gdb-7.5.1/bfd/coffgen.c -o coffgen.o
libtool: compile:  gcc-4.7 -std=gnu99 -DHAVE_CONFIG_H -I. -I../.././../gmp/gmp-5.1.1/mpf -I.. -D__GMP_WITHIN_GMP -I../.././../gmp/gmp-5.1.1 -O2 -pedantic -fomit-frame-pointer -m64 -mtune=k8 -march=k8 -c ../.././../gmp/gmp-5.1.1/mpf/eq.c -o eq.o
mv -f .deps/not-ranlib.Tpo .deps/not-ranlib.Po
/bin/bash ./libtool --tag=CC   --mode=compile gcc-4.7 -DHAVE_CONFIG_H -I. -I../.././../gdb/gdb-7.5.1/bfd -I. -I../.././../gdb/gdb-7.5.1/bfd -I../.././../gdb/gdb-7.5.1/bfd/../include  -DHAVE_bfd_elf32_littlearm_vec -DHAVE_bfd_elf32_bigarm_vec -DHAVE_bfd_elf32_little_generic_vec -DHAVE_bfd_elf32_big_generic_vec  -DBINDIR='"/home/sparksco/android/arm-linux-androideabi/bin"'  -W -Wall -Wstrict-prototypes -Wmissing-prototypes -Wshadow -Werror -g -O2 -MT format.lo -MD -MP -MF .deps/format.Tpo -c -o format.lo ../.././../gdb/gdb-7.5.1/bfd/format.c
gcc-4.7 -DHAVE_CONFIG_H -I. -I../.././../binutils/binutils-2.23.1/binutils  -I. -I../.././../binutils/binutils-2.23.1/binutils -I../bfd -I../.././../binutils/binutils-2.23.1/binutils/../bfd -I../.././../binutils/binutils-2.23.1/binutils/../include -DLOCALEDIR="\"/home/sparksco/android/arm-linux-androideabi/share/locale\"" -Dbin_dummy_emulation=bin_vanilla_emulation  -W -Wall -Wstrict-prototypes -Wmissing-prototypes -Wshadow -Werror -g -O2 -MT arsup.o -MD -MP -MF .deps/arsup.Tpo -c -o arsup.o ../.././../binutils/binutils-2.23.1/binutils/arsup.c
libtool: compile:  gcc-4.7 -DHAVE_CONFIG_H -I. -I../.././../gdb/gdb-7.5.1/bfd -I. -I../.././../gdb/gdb-7.5.1/bfd -I../.././../gdb/gdb-7.5.1/bfd/../include -DHAVE_bfd_elf32_littlearm_vec -DHAVE_bfd_elf32_bigarm_vec -DHAVE_bfd_elf32_little_generic_vec -DHAVE_bfd_elf32_big_generic_vec -DBINDIR=\"/home/sparksco/android/arm-linux-androideabi/bin\" -W -Wall -Wstrict-prototypes -Wmissing-prototypes -Wshadow -Werror -g -O2 -MT corefile.lo -MD -MP -MF .deps/corefile.Tpo -c ../.././../gdb/gdb-7.5.1/bfd/corefile.c -o corefile.o
mv -f .deps/earmelf_linux_eabi.Tpo .deps/earmelf_linux_eabi.Po
/bin/bash ./libtool --tag=CC   --mode=compile gcc-4.7 -DHAVE_CONFIG_H -I. -I../.././../gdb/gdb-7.5.1/bfd -I. -I../.././../gdb/gdb-7.5.1/bfd -I../.././../gdb/gdb-7.5.1/bfd/../include  -DHAVE_bfd_elf32_littlearm_vec -DHAVE_bfd_elf32_bigarm_vec -DHAVE_bfd_elf32_little_generic_vec -DHAVE_bfd_elf32_big_generic_vec  -DBINDIR='"/home/sparksco/android/arm-linux-androideabi/bin"'  -W -Wall -Wstrict-prototypes -Wmissing-prototypes -Wshadow -Werror -g -O2 -MT init.lo -MD -MP -MF .deps/init.Tpo -c -o init.lo ../.././../gdb/gdb-7.5.1/bfd/init.c
libtool: compile:  gcc-4.7 -DHAVE_CONFIG_H -I. -I../.././../gdb/gdb-7.5.1/bfd -I. -I../.././../gdb/gdb-7.5.1/bfd -I../.././../gdb/gdb-7.5.1/bfd/../include -DHAVE_bfd_elf32_littlearm_vec -DHAVE_bfd_elf32_bigarm_vec -DHAVE_bfd_elf32_little_generic_vec -DHAVE_bfd_elf32_big_generic_vec -DBINDIR=\"/home/sparksco/android/arm-linux-androideabi/bin\" -W -Wall -Wstrict-prototypes -Wmissing-prototypes -Wshadow -Werror -g -O2 -MT format.lo -MD -MP -MF .deps/format.Tpo -c ../.././../gdb/gdb-7.5.1/bfd/format.c -o format.o
/bin/bash ./libtool --tag=CC   --mode=compile gcc-4.7 -DHAVE_CONFIG_H -I. -I../.././../gdb/gdb-7.5.1/bfd -I. -I../.././../gdb/gdb-7.5.1/bfd -I../.././../gdb/gdb-7.5.1/bfd/../include  -DHAVE_bfd_elf32_littlearm_vec -DHAVE_bfd_elf32_bigarm_vec -DHAVE_bfd_elf32_little_generic_vec -DHAVE_bfd_elf32_big_generic_vec  -DBINDIR='"/home/sparksco/android/arm-linux-androideabi/bin"'  -W -Wall -Wstrict-prototypes -Wmissing-prototypes -Wshadow -Werror -g -O2 -MT libbfd.lo -MD -MP -MF .deps/libbfd.Tpo -c -o libbfd.lo ../.././../gdb/gdb-7.5.1/bfd/libbfd.c
libtool: compile:  gcc-4.7 -DHAVE_CONFIG_H -I. -I../.././../gdb/gdb-7.5.1/bfd -I. -I../.././../gdb/gdb-7.5.1/bfd -I../.././../gdb/gdb-7.5.1/bfd/../include -DHAVE_bfd_elf32_littlearm_vec -DHAVE_bfd_elf32_bigarm_vec -DHAVE_bfd_elf32_little_generic_vec -DHAVE_bfd_elf32_big_generic_vec -DBINDIR=\"/home/sparksco/android/arm-linux-androideabi/bin\" -W -Wall -Wstrict-prototypes -Wmissing-prototypes -Wshadow -Werror -g -O2 -MT init.lo -MD -MP -MF .deps/init.Tpo -c ../.././../gdb/gdb-7.5.1/bfd/init.c -o init.o
/bin/bash ../libtool --tag=CC   --mode=compile gcc-4.7 -std=gnu99 -DHAVE_CONFIG_H -I. -I../.././../gmp/gmp-5.1.1/mpf -I.. -D__GMP_WITHIN_GMP -I../.././../gmp/gmp-5.1.1    -O2 -pedantic -fomit-frame-pointer -m64 -mtune=k8 -march=k8 -c -o reldiff.lo ../.././../gmp/gmp-5.1.1/mpf/reldiff.c
mv -f .deps/cache.Tpo .deps/cache.Plo
/bin/bash ../libtool --tag=CC   --mode=compile gcc-4.7 -std=gnu99 -DHAVE_CONFIG_H -I. -I../.././../gmp/gmp-5.1.1/mpf -I.. -D__GMP_WITHIN_GMP -I../.././../gmp/gmp-5.1.1    -O2 -pedantic -fomit-frame-pointer -m64 -mtune=k8 -march=k8 -c -o sqrt.lo ../.././../gmp/gmp-5.1.1/mpf/sqrt.c
libtool: compile:  gcc-4.7 -DHAVE_CONFIG_H -I. -I../.././../gdb/gdb-7.5.1/bfd -I. -I../.././../gdb/gdb-7.5.1/bfd -I../.././../gdb/gdb-7.5.1/bfd/../include -DHAVE_bfd_elf32_littlearm_vec -DHAVE_bfd_elf32_bigarm_vec -DHAVE_bfd_elf32_little_generic_vec -DHAVE_bfd_elf32_big_generic_vec -DBINDIR=\"/home/sparksco/android/arm-linux-androideabi/bin\" -W -Wall -Wstrict-prototypes -Wmissing-prototypes -Wshadow -Werror -g -O2 -MT libbfd.lo -MD -MP -MF .deps/libbfd.Tpo -c ../.././../gdb/gdb-7.5.1/bfd/libbfd.c -o libbfd.o
mv -f .deps/corefile.Tpo .deps/corefile.Plo
libtool: compile:  gcc-4.7 -std=gnu99 -DHAVE_CONFIG_H -I. -I../.././../gmp/gmp-5.1.1/mpf -I.. -D__GMP_WITHIN_GMP -I../.././../gmp/gmp-5.1.1 -O2 -pedantic -fomit-frame-pointer -m64 -mtune=k8 -march=k8 -c ../.././../gmp/gmp-5.1.1/mpf/reldiff.c -o reldiff.o
gcc-4.7 -DHAVE_CONFIG_H -I. -I../.././../binutils/binutils-2.23.1/binutils  -I. -I../.././../binutils/binutils-2.23.1/binutils -I../bfd -I../.././../binutils/binutils-2.23.1/binutils/../bfd -I../.././../binutils/binutils-2.23.1/binutils/../include -DLOCALEDIR="\"/home/sparksco/android/arm-linux-androideabi/share/locale\"" -Dbin_dummy_emulation=bin_vanilla_emulation  -W -Wall -Wstrict-prototypes -Wmissing-prototypes -Wshadow -Werror -g -O2 -MT rename.o -MD -MP -MF .deps/rename.Tpo -c -o rename.o ../.././../binutils/binutils-2.23.1/binutils/rename.c
libtool: compile:  gcc-4.7 -std=gnu99 -DHAVE_CONFIG_H -I. -I../.././../gmp/gmp-5.1.1/mpf -I.. -D__GMP_WITHIN_GMP -I../.././../gmp/gmp-5.1.1 -O2 -pedantic -fomit-frame-pointer -m64 -mtune=k8 -march=k8 -c ../.././../gmp/gmp-5.1.1/mpf/sqrt.c -o sqrt.o
mv -f .deps/init.Tpo .deps/init.Plo
gcc-4.7 -DHAVE_CONFIG_H -I. -I../.././../binutils/binutils-2.23.1/binutils  -I. -I../.././../binutils/binutils-2.23.1/binutils -I../bfd -I../.././../binutils/binutils-2.23.1/binutils/../bfd -I../.././../binutils/binutils-2.23.1/binutils/../include -DLOCALEDIR="\"/home/sparksco/android/arm-linux-androideabi/share/locale\"" -Dbin_dummy_emulation=bin_vanilla_emulation  -W -Wall -Wstrict-prototypes -Wmissing-prototypes -Wshadow -Werror -g -O2 -MT binemul.o -MD -MP -MF .deps/binemul.Tpo -c -o binemul.o ../.././../binutils/binutils-2.23.1/binutils/binemul.c
gcc-4.7 -DHAVE_CONFIG_H -I. -I../.././../binutils/binutils-2.23.1/binutils  -I. -I../.././../binutils/binutils-2.23.1/binutils -I../bfd -I../.././../binutils/binutils-2.23.1/binutils/../bfd -I../.././../binutils/binutils-2.23.1/binutils/../include -DLOCALEDIR="\"/home/sparksco/android/arm-linux-androideabi/share/locale\"" -Dbin_dummy_emulation=bin_vanilla_emulation  -W -Wall -Wstrict-prototypes -Wmissing-prototypes -Wshadow -Werror -g -O2 -MT emul_vanilla.o -MD -MP -MF .deps/emul_vanilla.Tpo -c -o emul_vanilla.o ../.././../binutils/binutils-2.23.1/binutils/emul_vanilla.c
/bin/bash ../libtool --tag=CC   --mode=compile gcc-4.7 -std=gnu99 -DHAVE_CONFIG_H -I. -I../.././../gmp/gmp-5.1.1/mpf -I.. -D__GMP_WITHIN_GMP -I../.././../gmp/gmp-5.1.1    -O2 -pedantic -fomit-frame-pointer -m64 -mtune=k8 -march=k8 -c -o random2.lo ../.././../gmp/gmp-5.1.1/mpf/random2.c
mv -f .deps/format.Tpo .deps/format.Plo
/bin/bash ../libtool --tag=CC   --mode=compile gcc-4.7 -std=gnu99 -DHAVE_CONFIG_H -I. -I../.././../gmp/gmp-5.1.1/mpf -I.. -D__GMP_WITHIN_GMP -I../.././../gmp/gmp-5.1.1    -O2 -pedantic -fomit-frame-pointer -m64 -mtune=k8 -march=k8 -c -o inp_str.lo ../.././../gmp/gmp-5.1.1/mpf/inp_str.c
mv -f .deps/arsup.Tpo .deps/arsup.Po
libtool: compile:  gcc-4.7 -std=gnu99 -DHAVE_CONFIG_H -I. -I../.././../gmp/gmp-5.1.1/mpf -I.. -D__GMP_WITHIN_GMP -I../.././../gmp/gmp-5.1.1 -O2 -pedantic -fomit-frame-pointer -m64 -mtune=k8 -march=k8 -c ../.././../gmp/gmp-5.1.1/mpf/random2.c -o random2.o
/bin/bash ./libtool --tag=CC   --mode=compile gcc-4.7 -DHAVE_CONFIG_H -I. -I../.././../gdb/gdb-7.5.1/bfd -I. -I../.././../gdb/gdb-7.5.1/bfd -I../.././../gdb/gdb-7.5.1/bfd/../include  -DHAVE_bfd_elf32_littlearm_vec -DHAVE_bfd_elf32_bigarm_vec -DHAVE_bfd_elf32_little_generic_vec -DHAVE_bfd_elf32_big_generic_vec  -DBINDIR='"/home/sparksco/android/arm-linux-androideabi/bin"'  -W -Wall -Wstrict-prototypes -Wmissing-prototypes -Wshadow -Werror -g -O2 -MT opncls.lo -MD -MP -MF .deps/opncls.Tpo -c -o opncls.lo ../.././../gdb/gdb-7.5.1/bfd/opncls.c
mv -f .deps/rename.Tpo .deps/rename.Po
gcc-4.7 -DHAVE_CONFIG_H -I. -I../.././../binutils/binutils-2.23.1/binutils  -I. -I../.././../binutils/binutils-2.23.1/binutils -I../bfd -I../.././../binutils/binutils-2.23.1/binutils/../bfd -I../.././../binutils/binutils-2.23.1/binutils/../include -DLOCALEDIR="\"/home/sparksco/android/arm-linux-androideabi/share/locale\"" -Dbin_dummy_emulation=bin_vanilla_emulation  -W -Wall -Wstrict-prototypes -Wmissing-prototypes -Wshadow -Werror -g -O2 -MT strings.o -MD -MP -MF .deps/strings.Tpo -c -o strings.o ../.././../binutils/binutils-2.23.1/binutils/strings.c
mv -f .deps/emul_vanilla.Tpo .deps/emul_vanilla.Po
gcc-4.7 -DHAVE_CONFIG_H -I. -I../.././../binutils/binutils-2.23.1/binutils  -I. -I../.././../binutils/binutils-2.23.1/binutils -I../bfd -I../.././../binutils/binutils-2.23.1/binutils/../bfd -I../.././../binutils/binutils-2.23.1/binutils/../include -DLOCALEDIR="\"/home/sparksco/android/arm-linux-androideabi/share/locale\"" -Dbin_dummy_emulation=bin_vanilla_emulation  -W -Wall -Wstrict-prototypes -Wmissing-prototypes -Wshadow -Werror -g -O2 -MT is-ranlib.o -MD -MP -MF .deps/is-ranlib.Tpo -c -o is-ranlib.o ../.././../binutils/binutils-2.23.1/binutils/is-ranlib.c
libtool: compile:  gcc-4.7 -std=gnu99 -DHAVE_CONFIG_H -I. -I../.././../gmp/gmp-5.1.1/mpf -I.. -D__GMP_WITHIN_GMP -I../.././../gmp/gmp-5.1.1 -O2 -pedantic -fomit-frame-pointer -m64 -mtune=k8 -march=k8 -c ../.././../gmp/gmp-5.1.1/mpf/inp_str.c -o inp_str.o
mv -f .deps/binemul.Tpo .deps/binemul.Po
/bin/bash ./libtool --tag=CC   --mode=compile gcc-4.7 -DHAVE_CONFIG_H -I. -I../.././../gdb/gdb-7.5.1/bfd -I. -I../.././../gdb/gdb-7.5.1/bfd -I../.././../gdb/gdb-7.5.1/bfd/../include  -DHAVE_bfd_elf32_littlearm_vec -DHAVE_bfd_elf32_bigarm_vec -DHAVE_bfd_elf32_little_generic_vec -DHAVE_bfd_elf32_big_generic_vec  -DBINDIR='"/home/sparksco/android/arm-linux-androideabi/bin"'  -W -Wall -Wstrict-prototypes -Wmissing-prototypes -Wshadow -Werror -g -O2 -MT reloc.lo -MD -MP -MF .deps/reloc.Tpo -c -o reloc.lo ../.././../gdb/gdb-7.5.1/bfd/reloc.c
/bin/bash ./libtool --tag=CC   --mode=compile gcc-4.7 -DHAVE_CONFIG_H -I. -I../.././../gdb/gdb-7.5.1/bfd -I. -I../.././../gdb/gdb-7.5.1/bfd -I../.././../gdb/gdb-7.5.1/bfd/../include  -DHAVE_bfd_elf32_littlearm_vec -DHAVE_bfd_elf32_bigarm_vec -DHAVE_bfd_elf32_little_generic_vec -DHAVE_bfd_elf32_big_generic_vec  -DBINDIR='"/home/sparksco/android/arm-linux-androideabi/bin"'  -W -Wall -Wstrict-prototypes -Wmissing-prototypes -Wshadow -Werror -g -O2 -MT section.lo -MD -MP -MF .deps/section.Tpo -c -o section.lo ../.././../gdb/gdb-7.5.1/bfd/section.c
mv -f .deps/is-ranlib.Tpo .deps/is-ranlib.Po
gcc-4.7 -DHAVE_CONFIG_H -I. -I../.././../binutils/binutils-2.23.1/binutils  -I. -I../.././../binutils/binutils-2.23.1/binutils -I../bfd -I../.././../binutils/binutils-2.23.1/binutils/../bfd -I../.././../binutils/binutils-2.23.1/binutils/../include -DLOCALEDIR="\"/home/sparksco/android/arm-linux-androideabi/share/locale\"" -Dbin_dummy_emulation=bin_vanilla_emulation  -W -Wall -Wstrict-prototypes -Wmissing-prototypes -Wshadow -Werror -g -O2 -MT objcopy.o -MD -MP -MF .deps/objcopy.Tpo -c -o objcopy.o ../.././../binutils/binutils-2.23.1/binutils/objcopy.c
libtool: compile:  gcc-4.7 -DHAVE_CONFIG_H -I. -I../.././../gdb/gdb-7.5.1/bfd -I. -I../.././../gdb/gdb-7.5.1/bfd -I../.././../gdb/gdb-7.5.1/bfd/../include -DHAVE_bfd_elf32_littlearm_vec -DHAVE_bfd_elf32_bigarm_vec -DHAVE_bfd_elf32_little_generic_vec -DHAVE_bfd_elf32_big_generic_vec -DBINDIR=\"/home/sparksco/android/arm-linux-androideabi/bin\" -W -Wall -Wstrict-prototypes -Wmissing-prototypes -Wshadow -Werror -g -O2 -MT opncls.lo -MD -MP -MF .deps/opncls.Tpo -c ../.././../gdb/gdb-7.5.1/bfd/opncls.c -o opncls.o
libtool: compile:  gcc-4.7 -DHAVE_CONFIG_H -I. -I../.././../gdb/gdb-7.5.1/bfd -I. -I../.././../gdb/gdb-7.5.1/bfd -I../.././../gdb/gdb-7.5.1/bfd/../include -DHAVE_bfd_elf32_littlearm_vec -DHAVE_bfd_elf32_bigarm_vec -DHAVE_bfd_elf32_little_generic_vec -DHAVE_bfd_elf32_big_generic_vec -DBINDIR=\"/home/sparksco/android/arm-linux-androideabi/bin\" -W -Wall -Wstrict-prototypes -Wmissing-prototypes -Wshadow -Werror -g -O2 -MT reloc.lo -MD -MP -MF .deps/reloc.Tpo -c ../.././../gdb/gdb-7.5.1/bfd/reloc.c -o reloc.o
libtool: compile:  gcc-4.7 -DHAVE_CONFIG_H -I. -I../.././../gdb/gdb-7.5.1/bfd -I. -I../.././../gdb/gdb-7.5.1/bfd -I../.././../gdb/gdb-7.5.1/bfd/../include -DHAVE_bfd_elf32_littlearm_vec -DHAVE_bfd_elf32_bigarm_vec -DHAVE_bfd_elf32_little_generic_vec -DHAVE_bfd_elf32_big_generic_vec -DBINDIR=\"/home/sparksco/android/arm-linux-androideabi/bin\" -W -Wall -Wstrict-prototypes -Wmissing-prototypes -Wshadow -Werror -g -O2 -MT section.lo -MD -MP -MF .deps/section.Tpo -c ../.././../gdb/gdb-7.5.1/bfd/section.c -o section.o
mv -f .deps/libbfd.Tpo .deps/libbfd.Plo
/bin/bash ../libtool --tag=CC   --mode=compile gcc-4.7 -std=gnu99 -DHAVE_CONFIG_H -I. -I../.././../gmp/gmp-5.1.1/mpf -I.. -D__GMP_WITHIN_GMP -I../.././../gmp/gmp-5.1.1    -O2 -pedantic -fomit-frame-pointer -m64 -mtune=k8 -march=k8 -c -o out_str.lo ../.././../gmp/gmp-5.1.1/mpf/out_str.c
/bin/bash ./libtool --tag=CC   --mode=compile gcc-4.7 -DHAVE_CONFIG_H -I. -I../.././../gdb/gdb-7.5.1/bfd -I. -I../.././../gdb/gdb-7.5.1/bfd -I../.././../gdb/gdb-7.5.1/bfd/../include  -DHAVE_bfd_elf32_littlearm_vec -DHAVE_bfd_elf32_bigarm_vec -DHAVE_bfd_elf32_little_generic_vec -DHAVE_bfd_elf32_big_generic_vec  -DBINDIR='"/home/sparksco/android/arm-linux-androideabi/bin"'  -W -Wall -Wstrict-prototypes -Wmissing-prototypes -Wshadow -Werror -g -O2 -MT syms.lo -MD -MP -MF .deps/syms.Tpo -c -o syms.lo ../.././../gdb/gdb-7.5.1/bfd/syms.c
mv -f .deps/earmelfb_linux_eabi.Tpo .deps/earmelfb_linux_eabi.Po
libtool: compile:  gcc-4.7 -std=gnu99 -DHAVE_CONFIG_H -I. -I../.././../gmp/gmp-5.1.1/mpf -I.. -D__GMP_WITHIN_GMP -I../.././../gmp/gmp-5.1.1 -O2 -pedantic -fomit-frame-pointer -m64 -mtune=k8 -march=k8 -c ../.././../gmp/gmp-5.1.1/mpf/out_str.c -o out_str.o
libtool: compile:  gcc-4.7 -DHAVE_CONFIG_H -I. -I../.././../gdb/gdb-7.5.1/bfd -I. -I../.././../gdb/gdb-7.5.1/bfd -I../.././../gdb/gdb-7.5.1/bfd/../include -DHAVE_bfd_elf32_littlearm_vec -DHAVE_bfd_elf32_bigarm_vec -DHAVE_bfd_elf32_little_generic_vec -DHAVE_bfd_elf32_big_generic_vec -DBINDIR=\"/home/sparksco/android/arm-linux-androideabi/bin\" -W -Wall -Wstrict-prototypes -Wmissing-prototypes -Wshadow -Werror -g -O2 -MT syms.lo -MD -MP -MF .deps/syms.Tpo -c ../.././../gdb/gdb-7.5.1/bfd/syms.c -o syms.o
mv -f .deps/strings.Tpo .deps/strings.Po
/bin/bash ../libtool --tag=CC   --mode=compile gcc-4.7 -std=gnu99 -DHAVE_CONFIG_H -I. -I../.././../gmp/gmp-5.1.1/mpf -I.. -D__GMP_WITHIN_GMP -I../.././../gmp/gmp-5.1.1    -O2 -pedantic -fomit-frame-pointer -m64 -mtune=k8 -march=k8 -c -o add.lo ../.././../gmp/gmp-5.1.1/mpf/add.c
/bin/bash ./libtool --tag=CC   --mode=link gcc-4.7 -W -Wall -Wstrict-prototypes -Wmissing-prototypes -Wshadow -Werror -g -O2   -o ld-new ldgram.o ldlex-wrapper.o lexsup.o ldlang.o mri.o ldctor.o ldmain.o ldwrite.o ldexp.o ldemul.o ldver.o ldmisc.o ldfile.o ldcref.o plugin.o earmelf_linux_eabi.o earmelfb_linux_eabi.o  ../bfd/libbfd.la ../libiberty/libiberty.a  -lz -ldl 
libtool: compile:  gcc-4.7 -std=gnu99 -DHAVE_CONFIG_H -I. -I../.././../gmp/gmp-5.1.1/mpf -I.. -D__GMP_WITHIN_GMP -I../.././../gmp/gmp-5.1.1 -O2 -pedantic -fomit-frame-pointer -m64 -mtune=k8 -march=k8 -c ../.././../gmp/gmp-5.1.1/mpf/add.c -o add.o
/bin/bash ./libtool --tag=CC   --mode=compile gcc-4.7 -DHAVE_CONFIG_H -I. -I../.././../gdb/gdb-7.5.1/bfd -I. -I../.././../gdb/gdb-7.5.1/bfd -I../.././../gdb/gdb-7.5.1/bfd/../include  -DHAVE_bfd_elf32_littlearm_vec -DHAVE_bfd_elf32_bigarm_vec -DHAVE_bfd_elf32_little_generic_vec -DHAVE_bfd_elf32_big_generic_vec  -DBINDIR='"/home/sparksco/android/arm-linux-androideabi/bin"'  -W -Wall -Wstrict-prototypes -Wmissing-prototypes -Wshadow -Werror -g -O2 -MT targets.lo -MD -MP -MF .deps/targets.Tpo -c -o targets.lo -DDEFAULT_VECTOR=bfd_elf32_littlearm_vec -DSELECT_VECS='&bfd_elf32_littlearm_vec,&bfd_elf32_bigarm_vec,&bfd_elf32_little_generic_vec,&bfd_elf32_big_generic_vec' -DSELECT_ARCHITECTURES='&bfd_arm_arch' ../.././../gdb/gdb-7.5.1/bfd/targets.c
mv -f .deps/section.Tpo .deps/section.Plo
gcc-4.7 -DHAVE_CONFIG_H -I. -I../.././../binutils/binutils-2.23.1/binutils  -I. -I../.././../binutils/binutils-2.23.1/binutils -I../bfd -I../.././../binutils/binutils-2.23.1/binutils/../bfd -I../.././../binutils/binutils-2.23.1/binutils/../include -DLOCALEDIR="\"/home/sparksco/android/arm-linux-androideabi/share/locale\"" -Dbin_dummy_emulation=bin_vanilla_emulation  -W -Wall -Wstrict-prototypes -Wmissing-prototypes -Wshadow -Werror -g -O2 -MT not-strip.o -MD -MP -MF .deps/not-strip.Tpo -c -o not-strip.o ../.././../binutils/binutils-2.23.1/binutils/not-strip.c
libtool: compile:  gcc-4.7 -DHAVE_CONFIG_H -I. -I../.././../gdb/gdb-7.5.1/bfd -I. -I../.././../gdb/gdb-7.5.1/bfd -I../.././../gdb/gdb-7.5.1/bfd/../include -DHAVE_bfd_elf32_littlearm_vec -DHAVE_bfd_elf32_bigarm_vec -DHAVE_bfd_elf32_little_generic_vec -DHAVE_bfd_elf32_big_generic_vec -DBINDIR=\"/home/sparksco/android/arm-linux-androideabi/bin\" -W -Wall -Wstrict-prototypes -Wmissing-prototypes -Wshadow -Werror -g -O2 -MT targets.lo -MD -MP -MF .deps/targets.Tpo -c -DDEFAULT_VECTOR=bfd_elf32_littlearm_vec "-DSELECT_VECS=&bfd_elf32_littlearm_vec,&bfd_elf32_bigarm_vec,&bfd_elf32_little_generic_vec,&bfd_elf32_big_generic_vec" "-DSELECT_ARCHITECTURES=&bfd_arm_arch" ../.././../gdb/gdb-7.5.1/bfd/targets.c -o targets.o
/bin/bash ../libtool --tag=CC   --mode=compile gcc-4.7 -std=gnu99 -DHAVE_CONFIG_H -I. -I../.././../gmp/gmp-5.1.1/mpf -I.. -D__GMP_WITHIN_GMP -I../.././../gmp/gmp-5.1.1    -O2 -pedantic -fomit-frame-pointer -m64 -mtune=k8 -march=k8 -c -o add_ui.lo ../.././../gmp/gmp-5.1.1/mpf/add_ui.c
mv -f .deps/not-strip.Tpo .deps/not-strip.Po
gcc-4.7 -DHAVE_CONFIG_H -I. -I../.././../binutils/binutils-2.23.1/binutils  -I. -I../.././../binutils/binutils-2.23.1/binutils -I../bfd -I../.././../binutils/binutils-2.23.1/binutils/../bfd -I../.././../binutils/binutils-2.23.1/binutils/../include -DLOCALEDIR="\"/home/sparksco/android/arm-linux-androideabi/share/locale\"" -Dbin_dummy_emulation=bin_vanilla_emulation  -W -Wall -Wstrict-prototypes -Wmissing-prototypes -Wshadow -Werror -g -O2 -MT wrstabs.o -MD -MP -MF .deps/wrstabs.Tpo -c -o wrstabs.o ../.././../binutils/binutils-2.23.1/binutils/wrstabs.c
libtool: compile:  gcc-4.7 -std=gnu99 -DHAVE_CONFIG_H -I. -I../.././../gmp/gmp-5.1.1/mpf -I.. -D__GMP_WITHIN_GMP -I../.././../gmp/gmp-5.1.1 -O2 -pedantic -fomit-frame-pointer -m64 -mtune=k8 -march=k8 -c ../.././../gmp/gmp-5.1.1/mpf/add_ui.c -o add_ui.o
mv -f .deps/opncls.Tpo .deps/opncls.Plo
libtool: link: gcc-4.7 -W -Wall -Wstrict-prototypes -Wmissing-prototypes -Wshadow -Werror -g -O2 -o ld-new ldgram.o ldlex-wrapper.o lexsup.o ldlang.o mri.o ldctor.o ldmain.o ldwrite.o ldexp.o ldemul.o ldver.o ldmisc.o ldfile.o ldcref.o plugin.o earmelf_linux_eabi.o earmelfb_linux_eabi.o  ../bfd/.libs/libbfd.a ../libiberty/libiberty.a -lz -ldl
/bin/bash ../libtool --tag=CC   --mode=compile gcc-4.7 -std=gnu99 -DHAVE_CONFIG_H -I. -I../.././../gmp/gmp-5.1.1/mpf -I.. -D__GMP_WITHIN_GMP -I../.././../gmp/gmp-5.1.1    -O2 -pedantic -fomit-frame-pointer -m64 -mtune=k8 -march=k8 -c -o sub.lo ../.././../gmp/gmp-5.1.1/mpf/sub.c
mv -f .deps/reloc.Tpo .deps/reloc.Plo
/bin/bash ../libtool --tag=CC   --mode=compile gcc-4.7 -std=gnu99 -DHAVE_CONFIG_H -I. -I../.././../gmp/gmp-5.1.1/mpf -I.. -D__GMP_WITHIN_GMP -I../.././../gmp/gmp-5.1.1    -O2 -pedantic -fomit-frame-pointer -m64 -mtune=k8 -march=k8 -c -o sub_ui.lo ../.././../gmp/gmp-5.1.1/mpf/sub_ui.c
libtool: compile:  gcc-4.7 -std=gnu99 -DHAVE_CONFIG_H -I. -I../.././../gmp/gmp-5.1.1/mpf -I.. -D__GMP_WITHIN_GMP -I../.././../gmp/gmp-5.1.1 -O2 -pedantic -fomit-frame-pointer -m64 -mtune=k8 -march=k8 -c ../.././../gmp/gmp-5.1.1/mpf/sub.c -o sub.o
mv -f .deps/coffgen.Tpo .deps/coffgen.Plo
/bin/bash ../libtool --tag=CC   --mode=compile gcc-4.7 -std=gnu99 -DHAVE_CONFIG_H -I. -I../.././../gmp/gmp-5.1.1/mpf -I.. -D__GMP_WITHIN_GMP -I../.././../gmp/gmp-5.1.1    -O2 -pedantic -fomit-frame-pointer -m64 -mtune=k8 -march=k8 -c -o ui_sub.lo ../.././../gmp/gmp-5.1.1/mpf/ui_sub.c
gcc-4.7 -DHAVE_CONFIG_H -I. -I../.././../binutils/binutils-2.23.1/binutils  -I. -I../.././../binutils/binutils-2.23.1/binutils -I../bfd -I../.././../binutils/binutils-2.23.1/binutils/../bfd -I../.././../binutils/binutils-2.23.1/binutils/../include -DLOCALEDIR="\"/home/sparksco/android/arm-linux-androideabi/share/locale\"" -Dbin_dummy_emulation=bin_vanilla_emulation  -W -Wall -Wstrict-prototypes -Wmissing-prototypes -Wshadow -Werror -g -O2 -MT addr2line.o -MD -MP -MF .deps/addr2line.Tpo -c -o addr2line.o ../.././../binutils/binutils-2.23.1/binutils/addr2line.c
libtool: compile:  gcc-4.7 -std=gnu99 -DHAVE_CONFIG_H -I. -I../.././../gmp/gmp-5.1.1/mpf -I.. -D__GMP_WITHIN_GMP -I../.././../gmp/gmp-5.1.1 -O2 -pedantic -fomit-frame-pointer -m64 -mtune=k8 -march=k8 -c ../.././../gmp/gmp-5.1.1/mpf/sub_ui.c -o sub_ui.o
libtool: compile:  gcc-4.7 -std=gnu99 -DHAVE_CONFIG_H -I. -I../.././../gmp/gmp-5.1.1/mpf -I.. -D__GMP_WITHIN_GMP -I../.././../gmp/gmp-5.1.1 -O2 -pedantic -fomit-frame-pointer -m64 -mtune=k8 -march=k8 -c ../.././../gmp/gmp-5.1.1/mpf/ui_sub.c -o ui_sub.o
mv -f .deps/targets.Tpo .deps/targets.Plo
/bin/bash ../libtool --tag=CC   --mode=compile gcc-4.7 -std=gnu99 -DHAVE_CONFIG_H -I. -I../.././../gmp/gmp-5.1.1/mpf -I.. -D__GMP_WITHIN_GMP -I../.././../gmp/gmp-5.1.1    -O2 -pedantic -fomit-frame-pointer -m64 -mtune=k8 -march=k8 -c -o mul.lo ../.././../gmp/gmp-5.1.1/mpf/mul.c
libtool: compile:  gcc-4.7 -std=gnu99 -DHAVE_CONFIG_H -I. -I../.././../gmp/gmp-5.1.1/mpf -I.. -D__GMP_WITHIN_GMP -I../.././../gmp/gmp-5.1.1 -O2 -pedantic -fomit-frame-pointer -m64 -mtune=k8 -march=k8 -c ../.././../gmp/gmp-5.1.1/mpf/mul.c -o mul.o
make[5]: Leaving directory `/home/sparksco/android/toolchain/aosp/build/binutils-2.23.1/ld'
make[4]: Leaving directory `/home/sparksco/android/toolchain/aosp/build/binutils-2.23.1/ld'
make[3]: Leaving directory `/home/sparksco/android/toolchain/aosp/build/binutils-2.23.1/ld'
gcc-4.7 -DHAVE_CONFIG_H -I. -I../.././../binutils/binutils-2.23.1/binutils  -I. -I../.././../binutils/binutils-2.23.1/binutils -I../bfd -I../.././../binutils/binutils-2.23.1/binutils/../bfd -I../.././../binutils/binutils-2.23.1/binutils/../include -DLOCALEDIR="\"/home/sparksco/android/arm-linux-androideabi/share/locale\"" -Dbin_dummy_emulation=bin_vanilla_emulation  -W -Wall -Wstrict-prototypes -Wmissing-prototypes -Wshadow -Werror -g -O2 -MT readelf.o -MD -MP -MF .deps/readelf.Tpo -c -o readelf.o ../.././../binutils/binutils-2.23.1/binutils/readelf.c
/bin/bash ../libtool --tag=CC   --mode=compile gcc-4.7 -std=gnu99 -DHAVE_CONFIG_H -I. -I../.././../gmp/gmp-5.1.1/mpf -I.. -D__GMP_WITHIN_GMP -I../.././../gmp/gmp-5.1.1    -O2 -pedantic -fomit-frame-pointer -m64 -mtune=k8 -march=k8 -c -o mul_ui.lo ../.././../gmp/gmp-5.1.1/mpf/mul_ui.c
mv -f .deps/syms.Tpo .deps/syms.Plo
libtool: compile:  gcc-4.7 -std=gnu99 -DHAVE_CONFIG_H -I. -I../.././../gmp/gmp-5.1.1/mpf -I.. -D__GMP_WITHIN_GMP -I../.././../gmp/gmp-5.1.1 -O2 -pedantic -fomit-frame-pointer -m64 -mtune=k8 -march=k8 -c ../.././../gmp/gmp-5.1.1/mpf/mul_ui.c -o mul_ui.o
/bin/bash ./libtool --tag=CC   --mode=compile gcc-4.7 -DHAVE_CONFIG_H -I. -I../.././../gdb/gdb-7.5.1/bfd -I. -I../.././../gdb/gdb-7.5.1/bfd -I../.././../gdb/gdb-7.5.1/bfd/../include  -DHAVE_bfd_elf32_littlearm_vec -DHAVE_bfd_elf32_bigarm_vec -DHAVE_bfd_elf32_little_generic_vec -DHAVE_bfd_elf32_big_generic_vec  -DBINDIR='"/home/sparksco/android/arm-linux-androideabi/bin"'  -W -Wall -Wstrict-prototypes -Wmissing-prototypes -Wshadow -Werror -g -O2 -MT hash.lo -MD -MP -MF .deps/hash.Tpo -c -o hash.lo ../.././../gdb/gdb-7.5.1/bfd/hash.c
/bin/bash ../libtool --tag=CC   --mode=compile gcc-4.7 -std=gnu99 -DHAVE_CONFIG_H -I. -I../.././../gmp/gmp-5.1.1/mpf -I.. -D__GMP_WITHIN_GMP -I../.././../gmp/gmp-5.1.1    -O2 -pedantic -fomit-frame-pointer -m64 -mtune=k8 -march=k8 -c -o div.lo ../.././../gmp/gmp-5.1.1/mpf/div.c
gcc-4.7 -DHAVE_CONFIG_H -I. -I../.././../binutils/binutils-2.23.1/binutils  -I. -I../.././../binutils/binutils-2.23.1/binutils -I../bfd -I../.././../binutils/binutils-2.23.1/binutils/../bfd -I../.././../binutils/binutils-2.23.1/binutils/../include -DLOCALEDIR="\"/home/sparksco/android/arm-linux-androideabi/share/locale\"" -Dbin_dummy_emulation=bin_vanilla_emulation  -W -Wall -Wstrict-prototypes -Wmissing-prototypes -Wshadow -Werror -g -O2 -MT unwind-ia64.o -MD -MP -MF .deps/unwind-ia64.Tpo -c -o unwind-ia64.o ../.././../binutils/binutils-2.23.1/binutils/unwind-ia64.c
libtool: compile:  gcc-4.7 -std=gnu99 -DHAVE_CONFIG_H -I. -I../.././../gmp/gmp-5.1.1/mpf -I.. -D__GMP_WITHIN_GMP -I../.././../gmp/gmp-5.1.1 -O2 -pedantic -fomit-frame-pointer -m64 -mtune=k8 -march=k8 -c ../.././../gmp/gmp-5.1.1/mpf/div.c -o div.o
gcc-4.7 -DHAVE_CONFIG_H -I. -I../.././../binutils/binutils-2.23.1/binutils  -I. -I../.././../binutils/binutils-2.23.1/binutils -I../bfd -I../.././../binutils/binutils-2.23.1/binutils/../bfd -I../.././../binutils/binutils-2.23.1/binutils/../include -DLOCALEDIR="\"/home/sparksco/android/arm-linux-androideabi/share/locale\"" -Dbin_dummy_emulation=bin_vanilla_emulation  -W -Wall -Wstrict-prototypes -Wmissing-prototypes -Wshadow -Werror -g -O2 -MT elfedit.o -MD -MP -MF .deps/elfedit.Tpo -c -o elfedit.o ../.././../binutils/binutils-2.23.1/binutils/elfedit.c
gcc-4.7 -DHAVE_CONFIG_H -I. -I../.././../binutils/binutils-2.23.1/binutils  -I. -I../.././../binutils/binutils-2.23.1/binutils -I../bfd -I../.././../binutils/binutils-2.23.1/binutils/../bfd -I../.././../binutils/binutils-2.23.1/binutils/../include -DLOCALEDIR="\"/home/sparksco/android/arm-linux-androideabi/share/locale\"" -Dbin_dummy_emulation=bin_vanilla_emulation  -W -Wall -Wstrict-prototypes -Wmissing-prototypes -Wshadow -Werror -g -O2 -MT nm.o -MD -MP -MF .deps/nm.Tpo -c -o nm.o ../.././../binutils/binutils-2.23.1/binutils/nm.c
libtool: compile:  gcc-4.7 -DHAVE_CONFIG_H -I. -I../.././../gdb/gdb-7.5.1/bfd -I. -I../.././../gdb/gdb-7.5.1/bfd -I../.././../gdb/gdb-7.5.1/bfd/../include -DHAVE_bfd_elf32_littlearm_vec -DHAVE_bfd_elf32_bigarm_vec -DHAVE_bfd_elf32_little_generic_vec -DHAVE_bfd_elf32_big_generic_vec -DBINDIR=\"/home/sparksco/android/arm-linux-androideabi/bin\" -W -Wall -Wstrict-prototypes -Wmissing-prototypes -Wshadow -Werror -g -O2 -MT hash.lo -MD -MP -MF .deps/hash.Tpo -c ../.././../gdb/gdb-7.5.1/bfd/hash.c -o hash.o
mv -f .deps/addr2line.Tpo .deps/addr2line.Po
/bin/bash ./libtool --tag=CC   --mode=compile gcc-4.7 -DHAVE_CONFIG_H -I. -I../.././../gdb/gdb-7.5.1/bfd -I. -I../.././../gdb/gdb-7.5.1/bfd -I../.././../gdb/gdb-7.5.1/bfd/../include  -DHAVE_bfd_elf32_littlearm_vec -DHAVE_bfd_elf32_bigarm_vec -DHAVE_bfd_elf32_little_generic_vec -DHAVE_bfd_elf32_big_generic_vec  -DBINDIR='"/home/sparksco/android/arm-linux-androideabi/bin"'  -W -Wall -Wstrict-prototypes -Wmissing-prototypes -Wshadow -Werror -g -O2 -MT linker.lo -MD -MP -MF .deps/linker.Tpo -c -o linker.lo ../.././../gdb/gdb-7.5.1/bfd/linker.c
/bin/bash ../libtool --tag=CC   --mode=compile gcc-4.7 -std=gnu99 -DHAVE_CONFIG_H -I. -I../.././../gmp/gmp-5.1.1/mpf -I.. -D__GMP_WITHIN_GMP -I../.././../gmp/gmp-5.1.1    -O2 -pedantic -fomit-frame-pointer -m64 -mtune=k8 -march=k8 -c -o div_ui.lo ../.././../gmp/gmp-5.1.1/mpf/div_ui.c
libtool: compile:  gcc-4.7 -DHAVE_CONFIG_H -I. -I../.././../gdb/gdb-7.5.1/bfd -I. -I../.././../gdb/gdb-7.5.1/bfd -I../.././../gdb/gdb-7.5.1/bfd/../include -DHAVE_bfd_elf32_littlearm_vec -DHAVE_bfd_elf32_bigarm_vec -DHAVE_bfd_elf32_little_generic_vec -DHAVE_bfd_elf32_big_generic_vec -DBINDIR=\"/home/sparksco/android/arm-linux-androideabi/bin\" -W -Wall -Wstrict-prototypes -Wmissing-prototypes -Wshadow -Werror -g -O2 -MT linker.lo -MD -MP -MF .deps/linker.Tpo -c ../.././../gdb/gdb-7.5.1/bfd/linker.c -o linker.o
libtool: compile:  gcc-4.7 -std=gnu99 -DHAVE_CONFIG_H -I. -I../.././../gmp/gmp-5.1.1/mpf -I.. -D__GMP_WITHIN_GMP -I../.././../gmp/gmp-5.1.1 -O2 -pedantic -fomit-frame-pointer -m64 -mtune=k8 -march=k8 -c ../.././../gmp/gmp-5.1.1/mpf/div_ui.c -o div_ui.o
mv -f .deps/elfedit.Tpo .deps/elfedit.Po
/bin/bash ./libtool --tag=CC   --mode=compile gcc-4.7 -DHAVE_CONFIG_H -I. -I../.././../gdb/gdb-7.5.1/bfd -I. -I../.././../gdb/gdb-7.5.1/bfd -I../.././../gdb/gdb-7.5.1/bfd/../include  -DHAVE_bfd_elf32_littlearm_vec -DHAVE_bfd_elf32_bigarm_vec -DHAVE_bfd_elf32_little_generic_vec -DHAVE_bfd_elf32_big_generic_vec  -DBINDIR='"/home/sparksco/android/arm-linux-androideabi/bin"'  -W -Wall -Wstrict-prototypes -Wmissing-prototypes -Wshadow -Werror -g -O2 -MT srec.lo -MD -MP -MF .deps/srec.Tpo -c -o srec.lo ../.././../gdb/gdb-7.5.1/bfd/srec.c
mv -f .deps/hash.Tpo .deps/hash.Plo
/bin/bash ../libtool --tag=CC   --mode=compile gcc-4.7 -std=gnu99 -DHAVE_CONFIG_H -I. -I../.././../gmp/gmp-5.1.1/mpf -I.. -D__GMP_WITHIN_GMP -I../.././../gmp/gmp-5.1.1    -O2 -pedantic -fomit-frame-pointer -m64 -mtune=k8 -march=k8 -c -o cmp.lo ../.././../gmp/gmp-5.1.1/mpf/cmp.c
gcc-4.7 -DHAVE_CONFIG_H -I. -I../.././../binutils/binutils-2.23.1/binutils  -I. -I../.././../binutils/binutils-2.23.1/binutils -I../bfd -I../.././../binutils/binutils-2.23.1/binutils/../bfd -I../.././../binutils/binutils-2.23.1/binutils/../include -DLOCALEDIR="\"/home/sparksco/android/arm-linux-androideabi/share/locale\"" -Dbin_dummy_emulation=bin_vanilla_emulation  -W -Wall -Wstrict-prototypes -Wmissing-prototypes -Wshadow -Werror -g -O2 -MT is-strip.o -MD -MP -MF .deps/is-strip.Tpo -c -o is-strip.o ../.././../binutils/binutils-2.23.1/binutils/is-strip.c
libtool: compile:  gcc-4.7 -std=gnu99 -DHAVE_CONFIG_H -I. -I../.././../gmp/gmp-5.1.1/mpf -I.. -D__GMP_WITHIN_GMP -I../.././../gmp/gmp-5.1.1 -O2 -pedantic -fomit-frame-pointer -m64 -mtune=k8 -march=k8 -c ../.././../gmp/gmp-5.1.1/mpf/cmp.c -o cmp.o
mv -f .deps/unwind-ia64.Tpo .deps/unwind-ia64.Po
libtool: compile:  gcc-4.7 -DHAVE_CONFIG_H -I. -I../.././../gdb/gdb-7.5.1/bfd -I. -I../.././../gdb/gdb-7.5.1/bfd -I../.././../gdb/gdb-7.5.1/bfd/../include -DHAVE_bfd_elf32_littlearm_vec -DHAVE_bfd_elf32_bigarm_vec -DHAVE_bfd_elf32_little_generic_vec -DHAVE_bfd_elf32_big_generic_vec -DBINDIR=\"/home/sparksco/android/arm-linux-androideabi/bin\" -W -Wall -Wstrict-prototypes -Wmissing-prototypes -Wshadow -Werror -g -O2 -MT srec.lo -MD -MP -MF .deps/srec.Tpo -c ../.././../gdb/gdb-7.5.1/bfd/srec.c -o srec.o
mv -f .deps/is-strip.Tpo .deps/is-strip.Po
/bin/bash ./libtool --tag=CC   --mode=compile gcc-4.7 -DHAVE_CONFIG_H -I. -I../.././../gdb/gdb-7.5.1/bfd -I. -I../.././../gdb/gdb-7.5.1/bfd -I../.././../gdb/gdb-7.5.1/bfd/../include  -DHAVE_bfd_elf32_littlearm_vec -DHAVE_bfd_elf32_bigarm_vec -DHAVE_bfd_elf32_little_generic_vec -DHAVE_bfd_elf32_big_generic_vec  -DBINDIR='"/home/sparksco/android/arm-linux-androideabi/bin"'  -W -Wall -Wstrict-prototypes -Wmissing-prototypes -Wshadow -Werror -g -O2 -MT binary.lo -MD -MP -MF .deps/binary.Tpo -c -o binary.lo ../.././../gdb/gdb-7.5.1/bfd/binary.c
/bin/bash ../libtool --tag=CC   --mode=compile gcc-4.7 -std=gnu99 -DHAVE_CONFIG_H -I. -I../.././../gmp/gmp-5.1.1/mpf -I.. -D__GMP_WITHIN_GMP -I../.././../gmp/gmp-5.1.1    -O2 -pedantic -fomit-frame-pointer -m64 -mtune=k8 -march=k8 -c -o cmp_d.lo ../.././../gmp/gmp-5.1.1/mpf/cmp_d.c
mv -f .deps/wrstabs.Tpo .deps/wrstabs.Po
libtool: compile:  gcc-4.7 -std=gnu99 -DHAVE_CONFIG_H -I. -I../.././../gmp/gmp-5.1.1/mpf -I.. -D__GMP_WITHIN_GMP -I../.././../gmp/gmp-5.1.1 -O2 -pedantic -fomit-frame-pointer -m64 -mtune=k8 -march=k8 -c ../.././../gmp/gmp-5.1.1/mpf/cmp_d.c -o cmp_d.o
/bin/bash ../libtool --tag=CC   --mode=compile gcc-4.7 -std=gnu99 -DHAVE_CONFIG_H -I. -I../.././../gmp/gmp-5.1.1/mpf -I.. -D__GMP_WITHIN_GMP -I../.././../gmp/gmp-5.1.1    -O2 -pedantic -fomit-frame-pointer -m64 -mtune=k8 -march=k8 -c -o cmp_si.lo ../.././../gmp/gmp-5.1.1/mpf/cmp_si.c
/bin/bash ./libtool --tag=CC   --mode=compile gcc-4.7 -DHAVE_CONFIG_H -I. -I../.././../gdb/gdb-7.5.1/bfd -I. -I../.././../gdb/gdb-7.5.1/bfd -I../.././../gdb/gdb-7.5.1/bfd/../include  -DHAVE_bfd_elf32_littlearm_vec -DHAVE_bfd_elf32_bigarm_vec -DHAVE_bfd_elf32_little_generic_vec -DHAVE_bfd_elf32_big_generic_vec  -DBINDIR='"/home/sparksco/android/arm-linux-androideabi/bin"'  -W -Wall -Wstrict-prototypes -Wmissing-prototypes -Wshadow -Werror -g -O2 -MT tekhex.lo -MD -MP -MF .deps/tekhex.Tpo -c -o tekhex.lo ../.././../gdb/gdb-7.5.1/bfd/tekhex.c
libtool: compile:  gcc-4.7 -DHAVE_CONFIG_H -I. -I../.././../gdb/gdb-7.5.1/bfd -I. -I../.././../gdb/gdb-7.5.1/bfd -I../.././../gdb/gdb-7.5.1/bfd/../include -DHAVE_bfd_elf32_littlearm_vec -DHAVE_bfd_elf32_bigarm_vec -DHAVE_bfd_elf32_little_generic_vec -DHAVE_bfd_elf32_big_generic_vec -DBINDIR=\"/home/sparksco/android/arm-linux-androideabi/bin\" -W -Wall -Wstrict-prototypes -Wmissing-prototypes -Wshadow -Werror -g -O2 -MT binary.lo -MD -MP -MF .deps/binary.Tpo -c ../.././../gdb/gdb-7.5.1/bfd/binary.c -o binary.o
libtool: compile:  gcc-4.7 -std=gnu99 -DHAVE_CONFIG_H -I. -I../.././../gmp/gmp-5.1.1/mpf -I.. -D__GMP_WITHIN_GMP -I../.././../gmp/gmp-5.1.1 -O2 -pedantic -fomit-frame-pointer -m64 -mtune=k8 -march=k8 -c ../.././../gmp/gmp-5.1.1/mpf/cmp_si.c -o cmp_si.o
/bin/bash ../libtool --tag=CC   --mode=compile gcc-4.7 -std=gnu99 -DHAVE_CONFIG_H -I. -I../.././../gmp/gmp-5.1.1/mpf -I.. -D__GMP_WITHIN_GMP -I../.././../gmp/gmp-5.1.1    -O2 -pedantic -fomit-frame-pointer -m64 -mtune=k8 -march=k8 -c -o cmp_ui.lo ../.././../gmp/gmp-5.1.1/mpf/cmp_ui.c
mv -f .deps/objcopy.Tpo .deps/objcopy.Po
libtool: compile:  gcc-4.7 -DHAVE_CONFIG_H -I. -I../.././../gdb/gdb-7.5.1/bfd -I. -I../.././../gdb/gdb-7.5.1/bfd -I../.././../gdb/gdb-7.5.1/bfd/../include -DHAVE_bfd_elf32_littlearm_vec -DHAVE_bfd_elf32_bigarm_vec -DHAVE_bfd_elf32_little_generic_vec -DHAVE_bfd_elf32_big_generic_vec -DBINDIR=\"/home/sparksco/android/arm-linux-androideabi/bin\" -W -Wall -Wstrict-prototypes -Wmissing-prototypes -Wshadow -Werror -g -O2 -MT tekhex.lo -MD -MP -MF .deps/tekhex.Tpo -c ../.././../gdb/gdb-7.5.1/bfd/tekhex.c -o tekhex.o
gcc-4.7 -DHAVE_CONFIG_H -I. -I../.././../binutils/binutils-2.23.1/binutils  -I. -I../.././../binutils/binutils-2.23.1/binutils -I../bfd -I../.././../binutils/binutils-2.23.1/binutils/../bfd -I../.././../binutils/binutils-2.23.1/binutils/../include -DLOCALEDIR="\"/home/sparksco/android/arm-linux-androideabi/share/locale\"" -Dbin_dummy_emulation=bin_vanilla_emulation  -W -Wall -Wstrict-prototypes -Wmissing-prototypes -Wshadow -Werror -g -O2 -MT cxxfilt.o -MD -MP -MF .deps/cxxfilt.Tpo -c -o cxxfilt.o ../.././../binutils/binutils-2.23.1/binutils/cxxfilt.c
/bin/bash ./libtool --tag=CC   --mode=compile gcc-4.7 -DHAVE_CONFIG_H -I. -I../.././../gdb/gdb-7.5.1/bfd -I. -I../.././../gdb/gdb-7.5.1/bfd -I../.././../gdb/gdb-7.5.1/bfd/../include  -DHAVE_bfd_elf32_littlearm_vec -DHAVE_bfd_elf32_bigarm_vec -DHAVE_bfd_elf32_little_generic_vec -DHAVE_bfd_elf32_big_generic_vec  -DBINDIR='"/home/sparksco/android/arm-linux-androideabi/bin"'  -W -Wall -Wstrict-prototypes -Wmissing-prototypes -Wshadow -Werror -g -O2 -MT ihex.lo -MD -MP -MF .deps/ihex.Tpo -c -o ihex.lo ../.././../gdb/gdb-7.5.1/bfd/ihex.c
libtool: compile:  gcc-4.7 -std=gnu99 -DHAVE_CONFIG_H -I. -I../.././../gmp/gmp-5.1.1/mpf -I.. -D__GMP_WITHIN_GMP -I../.././../gmp/gmp-5.1.1 -O2 -pedantic -fomit-frame-pointer -m64 -mtune=k8 -march=k8 -c ../.././../gmp/gmp-5.1.1/mpf/cmp_ui.c -o cmp_ui.o
mv -f .deps/nm.Tpo .deps/nm.Po
/bin/bash ./libtool --tag=CC   --mode=link gcc-4.7 -W -Wall -Wstrict-prototypes -Wmissing-prototypes -Wshadow -Werror -g -O2   -o size size.o bucomm.o version.o filemode.o ../bfd/libbfd.la ../libiberty/libiberty.a  -lz 
mv -f .deps/binary.Tpo .deps/binary.Plo
/bin/bash ./libtool --tag=CC   --mode=compile gcc-4.7 -DHAVE_CONFIG_H -I. -I../.././../gdb/gdb-7.5.1/bfd -I. -I../.././../gdb/gdb-7.5.1/bfd -I../.././../gdb/gdb-7.5.1/bfd/../include  -DHAVE_bfd_elf32_littlearm_vec -DHAVE_bfd_elf32_bigarm_vec -DHAVE_bfd_elf32_little_generic_vec -DHAVE_bfd_elf32_big_generic_vec  -DBINDIR='"/home/sparksco/android/arm-linux-androideabi/bin"'  -W -Wall -Wstrict-prototypes -Wmissing-prototypes -Wshadow -Werror -g -O2 -MT stabs.lo -MD -MP -MF .deps/stabs.Tpo -c -o stabs.lo ../.././../gdb/gdb-7.5.1/bfd/stabs.c
libtool: compile:  gcc-4.7 -DHAVE_CONFIG_H -I. -I../.././../gdb/gdb-7.5.1/bfd -I. -I../.././../gdb/gdb-7.5.1/bfd -I../.././../gdb/gdb-7.5.1/bfd/../include -DHAVE_bfd_elf32_littlearm_vec -DHAVE_bfd_elf32_bigarm_vec -DHAVE_bfd_elf32_little_generic_vec -DHAVE_bfd_elf32_big_generic_vec -DBINDIR=\"/home/sparksco/android/arm-linux-androideabi/bin\" -W -Wall -Wstrict-prototypes -Wmissing-prototypes -Wshadow -Werror -g -O2 -MT ihex.lo -MD -MP -MF .deps/ihex.Tpo -c ../.././../gdb/gdb-7.5.1/bfd/ihex.c -o ihex.o
/bin/bash ../libtool --tag=CC   --mode=compile gcc-4.7 -std=gnu99 -DHAVE_CONFIG_H -I. -I../.././../gmp/gmp-5.1.1/mpf -I.. -D__GMP_WITHIN_GMP -I../.././../gmp/gmp-5.1.1    -O2 -pedantic -fomit-frame-pointer -m64 -mtune=k8 -march=k8 -c -o mul_2exp.lo ../.././../gmp/gmp-5.1.1/mpf/mul_2exp.c
mv -f .deps/cxxfilt.Tpo .deps/cxxfilt.Po
libtool: compile:  gcc-4.7 -DHAVE_CONFIG_H -I. -I../.././../gdb/gdb-7.5.1/bfd -I. -I../.././../gdb/gdb-7.5.1/bfd -I../.././../gdb/gdb-7.5.1/bfd/../include -DHAVE_bfd_elf32_littlearm_vec -DHAVE_bfd_elf32_bigarm_vec -DHAVE_bfd_elf32_little_generic_vec -DHAVE_bfd_elf32_big_generic_vec -DBINDIR=\"/home/sparksco/android/arm-linux-androideabi/bin\" -W -Wall -Wstrict-prototypes -Wmissing-prototypes -Wshadow -Werror -g -O2 -MT stabs.lo -MD -MP -MF .deps/stabs.Tpo -c ../.././../gdb/gdb-7.5.1/bfd/stabs.c -o stabs.o
/bin/bash ./libtool --tag=CC   --mode=compile gcc-4.7 -DHAVE_CONFIG_H -I. -I../.././../gdb/gdb-7.5.1/bfd -I. -I../.././../gdb/gdb-7.5.1/bfd -I../.././../gdb/gdb-7.5.1/bfd/../include  -DHAVE_bfd_elf32_littlearm_vec -DHAVE_bfd_elf32_bigarm_vec -DHAVE_bfd_elf32_little_generic_vec -DHAVE_bfd_elf32_big_generic_vec  -DBINDIR='"/home/sparksco/android/arm-linux-androideabi/bin"'  -W -Wall -Wstrict-prototypes -Wmissing-prototypes -Wshadow -Werror -g -O2 -MT stab-syms.lo -MD -MP -MF .deps/stab-syms.Tpo -c -o stab-syms.lo ../.././../gdb/gdb-7.5.1/bfd/stab-syms.c
libtool: compile:  gcc-4.7 -std=gnu99 -DHAVE_CONFIG_H -I. -I../.././../gmp/gmp-5.1.1/mpf -I.. -D__GMP_WITHIN_GMP -I../.././../gmp/gmp-5.1.1 -O2 -pedantic -fomit-frame-pointer -m64 -mtune=k8 -march=k8 -c ../.././../gmp/gmp-5.1.1/mpf/mul_2exp.c -o mul_2exp.o
libtool: compile:  gcc-4.7 -DHAVE_CONFIG_H -I. -I../.././../gdb/gdb-7.5.1/bfd -I. -I../.././../gdb/gdb-7.5.1/bfd -I../.././../gdb/gdb-7.5.1/bfd/../include -DHAVE_bfd_elf32_littlearm_vec -DHAVE_bfd_elf32_bigarm_vec -DHAVE_bfd_elf32_little_generic_vec -DHAVE_bfd_elf32_big_generic_vec -DBINDIR=\"/home/sparksco/android/arm-linux-androideabi/bin\" -W -Wall -Wstrict-prototypes -Wmissing-prototypes -Wshadow -Werror -g -O2 -MT stab-syms.lo -MD -MP -MF .deps/stab-syms.Tpo -c ../.././../gdb/gdb-7.5.1/bfd/stab-syms.c -o stab-syms.o
mv -f .deps/srec.Tpo .deps/srec.Plo
/bin/bash ./libtool --tag=CC   --mode=link gcc-4.7 -W -Wall -Wstrict-prototypes -Wmissing-prototypes -Wshadow -Werror -g -O2   -o objdump objdump.o dwarf.o prdbg.o rddbg.o debug.o stabs.o ieee.o rdcoff.o bucomm.o version.o filemode.o elfcomm.o  ../opcodes/libopcodes.la ../bfd/libbfd.la ../libiberty/libiberty.a  -lz 
/bin/bash ../libtool --tag=CC   --mode=compile gcc-4.7 -std=gnu99 -DHAVE_CONFIG_H -I. -I../.././../gmp/gmp-5.1.1/mpf -I.. -D__GMP_WITHIN_GMP -I../.././../gmp/gmp-5.1.1    -O2 -pedantic -fomit-frame-pointer -m64 -mtune=k8 -march=k8 -c -o div_2exp.lo ../.././../gmp/gmp-5.1.1/mpf/div_2exp.c
mv -f .deps/stab-syms.Tpo .deps/stab-syms.Plo
/bin/bash ./libtool --tag=CC   --mode=compile gcc-4.7 -DHAVE_CONFIG_H -I. -I../.././../gdb/gdb-7.5.1/bfd -I. -I../.././../gdb/gdb-7.5.1/bfd -I../.././../gdb/gdb-7.5.1/bfd/../include  -DHAVE_bfd_elf32_littlearm_vec -DHAVE_bfd_elf32_bigarm_vec -DHAVE_bfd_elf32_little_generic_vec -DHAVE_bfd_elf32_big_generic_vec  -DBINDIR='"/home/sparksco/android/arm-linux-androideabi/bin"'  -W -Wall -Wstrict-prototypes -Wmissing-prototypes -Wshadow -Werror -g -O2 -MT merge.lo -MD -MP -MF .deps/merge.Tpo -c -o merge.lo ../.././../gdb/gdb-7.5.1/bfd/merge.c
libtool: compile:  gcc-4.7 -std=gnu99 -DHAVE_CONFIG_H -I. -I../.././../gmp/gmp-5.1.1/mpf -I.. -D__GMP_WITHIN_GMP -I../.././../gmp/gmp-5.1.1 -O2 -pedantic -fomit-frame-pointer -m64 -mtune=k8 -march=k8 -c ../.././../gmp/gmp-5.1.1/mpf/div_2exp.c -o div_2exp.o
mv -f .deps/tekhex.Tpo .deps/tekhex.Plo
libtool: link: gcc-4.7 -W -Wall -Wstrict-prototypes -Wmissing-prototypes -Wshadow -Werror -g -O2 -o size size.o bucomm.o version.o filemode.o  ../bfd/.libs/libbfd.a ../libiberty/libiberty.a -lz
/bin/bash ./libtool --tag=CC   --mode=link gcc-4.7 -W -Wall -Wstrict-prototypes -Wmissing-prototypes -Wshadow -Werror -g -O2   -o ar arparse.o arlex.o ar.o not-ranlib.o arsup.o rename.o binemul.o emul_vanilla.o bucomm.o version.o filemode.o ../bfd/libbfd.la ../libiberty/libiberty.a -lfl  -lz 
libtool: compile:  gcc-4.7 -DHAVE_CONFIG_H -I. -I../.././../gdb/gdb-7.5.1/bfd -I. -I../.././../gdb/gdb-7.5.1/bfd -I../.././../gdb/gdb-7.5.1/bfd/../include -DHAVE_bfd_elf32_littlearm_vec -DHAVE_bfd_elf32_bigarm_vec -DHAVE_bfd_elf32_little_generic_vec -DHAVE_bfd_elf32_big_generic_vec -DBINDIR=\"/home/sparksco/android/arm-linux-androideabi/bin\" -W -Wall -Wstrict-prototypes -Wmissing-prototypes -Wshadow -Werror -g -O2 -MT merge.lo -MD -MP -MF .deps/merge.Tpo -c ../.././../gdb/gdb-7.5.1/bfd/merge.c -o merge.o
/bin/bash ../libtool --tag=CC   --mode=compile gcc-4.7 -std=gnu99 -DHAVE_CONFIG_H -I. -I../.././../gmp/gmp-5.1.1/mpf -I.. -D__GMP_WITHIN_GMP -I../.././../gmp/gmp-5.1.1    -O2 -pedantic -fomit-frame-pointer -m64 -mtune=k8 -march=k8 -c -o abs.lo ../.././../gmp/gmp-5.1.1/mpf/abs.c
mv -f .deps/stabs.Tpo .deps/stabs.Plo
mv -f .deps/linker.Tpo .deps/linker.Plo
/bin/bash ./libtool --tag=CC   --mode=compile gcc-4.7 -DHAVE_CONFIG_H -I. -I../.././../gdb/gdb-7.5.1/bfd -I. -I../.././../gdb/gdb-7.5.1/bfd -I../.././../gdb/gdb-7.5.1/bfd/../include  -DHAVE_bfd_elf32_littlearm_vec -DHAVE_bfd_elf32_bigarm_vec -DHAVE_bfd_elf32_little_generic_vec -DHAVE_bfd_elf32_big_generic_vec  -DBINDIR='"/home/sparksco/android/arm-linux-androideabi/bin"'  -W -Wall -Wstrict-prototypes -Wmissing-prototypes -Wshadow -Werror -g -O2 -MT dwarf2.lo -MD -MP -MF .deps/dwarf2.Tpo -c -o dwarf2.lo -DDEBUGDIR=\"/home/sparksco/android/arm-linux-androideabi/lib/debug\" ../.././../gdb/gdb-7.5.1/bfd/dwarf2.c
/bin/bash ./libtool --tag=CC   --mode=compile gcc-4.7 -DHAVE_CONFIG_H -I. -I../.././../gdb/gdb-7.5.1/bfd -I. -I../.././../gdb/gdb-7.5.1/bfd -I../.././../gdb/gdb-7.5.1/bfd/../include  -DHAVE_bfd_elf32_littlearm_vec -DHAVE_bfd_elf32_bigarm_vec -DHAVE_bfd_elf32_little_generic_vec -DHAVE_bfd_elf32_big_generic_vec  -DBINDIR='"/home/sparksco/android/arm-linux-androideabi/bin"'  -W -Wall -Wstrict-prototypes -Wmissing-prototypes -Wshadow -Werror -g -O2 -MT simple.lo -MD -MP -MF .deps/simple.Tpo -c -o simple.lo ../.././../gdb/gdb-7.5.1/bfd/simple.c
libtool: link: gcc-4.7 -W -Wall -Wstrict-prototypes -Wmissing-prototypes -Wshadow -Werror -g -O2 -o objdump objdump.o dwarf.o prdbg.o rddbg.o debug.o stabs.o ieee.o rdcoff.o bucomm.o version.o filemode.o elfcomm.o  ../opcodes/.libs/libopcodes.a ../bfd/.libs/libbfd.a ../libiberty/libiberty.a -lz
libtool: compile:  gcc-4.7 -std=gnu99 -DHAVE_CONFIG_H -I. -I../.././../gmp/gmp-5.1.1/mpf -I.. -D__GMP_WITHIN_GMP -I../.././../gmp/gmp-5.1.1 -O2 -pedantic -fomit-frame-pointer -m64 -mtune=k8 -march=k8 -c ../.././../gmp/gmp-5.1.1/mpf/abs.c -o abs.o
mv -f .deps/ihex.Tpo .deps/ihex.Plo
/bin/bash ./libtool --tag=CC   --mode=compile gcc-4.7 -DHAVE_CONFIG_H -I. -I../.././../gdb/gdb-7.5.1/bfd -I. -I../.././../gdb/gdb-7.5.1/bfd -I../.././../gdb/gdb-7.5.1/bfd/../include  -DHAVE_bfd_elf32_littlearm_vec -DHAVE_bfd_elf32_bigarm_vec -DHAVE_bfd_elf32_little_generic_vec -DHAVE_bfd_elf32_big_generic_vec  -DBINDIR='"/home/sparksco/android/arm-linux-androideabi/bin"'  -W -Wall -Wstrict-prototypes -Wmissing-prototypes -Wshadow -Werror -g -O2 -MT compress.lo -MD -MP -MF .deps/compress.Tpo -c -o compress.lo ../.././../gdb/gdb-7.5.1/bfd/compress.c
libtool: compile:  gcc-4.7 -DHAVE_CONFIG_H -I. -I../.././../gdb/gdb-7.5.1/bfd -I. -I../.././../gdb/gdb-7.5.1/bfd -I../.././../gdb/gdb-7.5.1/bfd/../include -DHAVE_bfd_elf32_littlearm_vec -DHAVE_bfd_elf32_bigarm_vec -DHAVE_bfd_elf32_little_generic_vec -DHAVE_bfd_elf32_big_generic_vec -DBINDIR=\"/home/sparksco/android/arm-linux-androideabi/bin\" -W -Wall -Wstrict-prototypes -Wmissing-prototypes -Wshadow -Werror -g -O2 -MT dwarf2.lo -MD -MP -MF .deps/dwarf2.Tpo -c -DDEBUGDIR=\"/home/sparksco/android/arm-linux-androideabi/lib/debug\" ../.././../gdb/gdb-7.5.1/bfd/dwarf2.c -o dwarf2.o
/bin/bash ./libtool --tag=CC   --mode=link gcc-4.7 -W -Wall -Wstrict-prototypes -Wmissing-prototypes -Wshadow -Werror -g -O2   -o strings strings.o bucomm.o version.o filemode.o ../bfd/libbfd.la ../libiberty/libiberty.a  -lz 
libtool: compile:  gcc-4.7 -DHAVE_CONFIG_H -I. -I../.././../gdb/gdb-7.5.1/bfd -I. -I../.././../gdb/gdb-7.5.1/bfd -I../.././../gdb/gdb-7.5.1/bfd/../include -DHAVE_bfd_elf32_littlearm_vec -DHAVE_bfd_elf32_bigarm_vec -DHAVE_bfd_elf32_little_generic_vec -DHAVE_bfd_elf32_big_generic_vec -DBINDIR=\"/home/sparksco/android/arm-linux-androideabi/bin\" -W -Wall -Wstrict-prototypes -Wmissing-prototypes -Wshadow -Werror -g -O2 -MT simple.lo -MD -MP -MF .deps/simple.Tpo -c ../.././../gdb/gdb-7.5.1/bfd/simple.c -o simple.o
/bin/bash ../libtool --tag=CC   --mode=compile gcc-4.7 -std=gnu99 -DHAVE_CONFIG_H -I. -I../.././../gmp/gmp-5.1.1/mpf -I.. -D__GMP_WITHIN_GMP -I../.././../gmp/gmp-5.1.1    -O2 -pedantic -fomit-frame-pointer -m64 -mtune=k8 -march=k8 -c -o neg.lo ../.././../gmp/gmp-5.1.1/mpf/neg.c
libtool: link: gcc-4.7 -W -Wall -Wstrict-prototypes -Wmissing-prototypes -Wshadow -Werror -g -O2 -o ar arparse.o arlex.o ar.o not-ranlib.o arsup.o rename.o binemul.o emul_vanilla.o bucomm.o version.o filemode.o  ../bfd/.libs/libbfd.a ../libiberty/libiberty.a -lfl -lz
libtool: compile:  gcc-4.7 -std=gnu99 -DHAVE_CONFIG_H -I. -I../.././../gmp/gmp-5.1.1/mpf -I.. -D__GMP_WITHIN_GMP -I../.././../gmp/gmp-5.1.1 -O2 -pedantic -fomit-frame-pointer -m64 -mtune=k8 -march=k8 -c ../.././../gmp/gmp-5.1.1/mpf/neg.c -o neg.o
libtool: compile:  gcc-4.7 -DHAVE_CONFIG_H -I. -I../.././../gdb/gdb-7.5.1/bfd -I. -I../.././../gdb/gdb-7.5.1/bfd -I../.././../gdb/gdb-7.5.1/bfd/../include -DHAVE_bfd_elf32_littlearm_vec -DHAVE_bfd_elf32_bigarm_vec -DHAVE_bfd_elf32_little_generic_vec -DHAVE_bfd_elf32_big_generic_vec -DBINDIR=\"/home/sparksco/android/arm-linux-androideabi/bin\" -W -Wall -Wstrict-prototypes -Wmissing-prototypes -Wshadow -Werror -g -O2 -MT compress.lo -MD -MP -MF .deps/compress.Tpo -c ../.././../gdb/gdb-7.5.1/bfd/compress.c -o compress.o
/bin/bash ../libtool --tag=CC   --mode=compile gcc-4.7 -std=gnu99 -DHAVE_CONFIG_H -I. -I../.././../gmp/gmp-5.1.1/mpf -I.. -D__GMP_WITHIN_GMP -I../.././../gmp/gmp-5.1.1    -O2 -pedantic -fomit-frame-pointer -m64 -mtune=k8 -march=k8 -c -o get_d.lo ../.././../gmp/gmp-5.1.1/mpf/get_d.c
/bin/bash ./libtool --tag=CC   --mode=compile gcc-4.7 -DHAVE_CONFIG_H -I. -I../.././../gdb/gdb-7.5.1/bfd -I. -I../.././../gdb/gdb-7.5.1/bfd -I../.././../gdb/gdb-7.5.1/bfd/../include  -DHAVE_bfd_elf32_littlearm_vec -DHAVE_bfd_elf32_bigarm_vec -DHAVE_bfd_elf32_little_generic_vec -DHAVE_bfd_elf32_big_generic_vec  -DBINDIR='"/home/sparksco/android/arm-linux-androideabi/bin"'  -W -Wall -Wstrict-prototypes -Wmissing-prototypes -Wshadow -Werror -g -O2 -MT verilog.lo -MD -MP -MF .deps/verilog.Tpo -c -o verilog.lo ../.././../gdb/gdb-7.5.1/bfd/verilog.c
mv -f .deps/simple.Tpo .deps/simple.Plo
/bin/bash ../libtool --tag=CC   --mode=compile gcc-4.7 -std=gnu99 -DHAVE_CONFIG_H -I. -I../.././../gmp/gmp-5.1.1/mpf -I.. -D__GMP_WITHIN_GMP -I../.././../gmp/gmp-5.1.1    -O2 -pedantic -fomit-frame-pointer -m64 -mtune=k8 -march=k8 -c -o get_d_2exp.lo ../.././../gmp/gmp-5.1.1/mpf/get_d_2exp.c
libtool: link: gcc-4.7 -W -Wall -Wstrict-prototypes -Wmissing-prototypes -Wshadow -Werror -g -O2 -o strings strings.o bucomm.o version.o filemode.o  ../bfd/.libs/libbfd.a ../libiberty/libiberty.a -lz
libtool: compile:  gcc-4.7 -DHAVE_CONFIG_H -I. -I../.././../gdb/gdb-7.5.1/bfd -I. -I../.././../gdb/gdb-7.5.1/bfd -I../.././../gdb/gdb-7.5.1/bfd/../include -DHAVE_bfd_elf32_littlearm_vec -DHAVE_bfd_elf32_bigarm_vec -DHAVE_bfd_elf32_little_generic_vec -DHAVE_bfd_elf32_big_generic_vec -DBINDIR=\"/home/sparksco/android/arm-linux-androideabi/bin\" -W -Wall -Wstrict-prototypes -Wmissing-prototypes -Wshadow -Werror -g -O2 -MT verilog.lo -MD -MP -MF .deps/verilog.Tpo -c ../.././../gdb/gdb-7.5.1/bfd/verilog.c -o verilog.o
libtool: compile:  gcc-4.7 -std=gnu99 -DHAVE_CONFIG_H -I. -I../.././../gmp/gmp-5.1.1/mpf -I.. -D__GMP_WITHIN_GMP -I../.././../gmp/gmp-5.1.1 -O2 -pedantic -fomit-frame-pointer -m64 -mtune=k8 -march=k8 -c ../.././../gmp/gmp-5.1.1/mpf/get_d.c -o get_d.o
libtool: compile:  gcc-4.7 -std=gnu99 -DHAVE_CONFIG_H -I. -I../.././../gmp/gmp-5.1.1/mpf -I.. -D__GMP_WITHIN_GMP -I../.././../gmp/gmp-5.1.1 -O2 -pedantic -fomit-frame-pointer -m64 -mtune=k8 -march=k8 -c ../.././../gmp/gmp-5.1.1/mpf/get_d_2exp.c -o get_d_2exp.o
/bin/bash ../libtool --tag=CC   --mode=compile gcc-4.7 -std=gnu99 -DHAVE_CONFIG_H -I. -I../.././../gmp/gmp-5.1.1/mpf -I.. -D__GMP_WITHIN_GMP -I../.././../gmp/gmp-5.1.1    -O2 -pedantic -fomit-frame-pointer -m64 -mtune=k8 -march=k8 -c -o set_dfl_prec.lo ../.././../gmp/gmp-5.1.1/mpf/set_dfl_prec.c
mv -f .deps/compress.Tpo .deps/compress.Plo
/bin/bash ./libtool --tag=CC   --mode=compile gcc-4.7 -DHAVE_CONFIG_H -I. -I../.././../gdb/gdb-7.5.1/bfd -I. -I../.././../gdb/gdb-7.5.1/bfd -I../.././../gdb/gdb-7.5.1/bfd/../include  -DHAVE_bfd_elf32_littlearm_vec -DHAVE_bfd_elf32_bigarm_vec -DHAVE_bfd_elf32_little_generic_vec -DHAVE_bfd_elf32_big_generic_vec  -DBINDIR='"/home/sparksco/android/arm-linux-androideabi/bin"'  -W -Wall -Wstrict-prototypes -Wmissing-prototypes -Wshadow -Werror -g -O2 -MT elf32-arm.lo -MD -MP -MF .deps/elf32-arm.Tpo -c -o elf32-arm.lo ../.././../gdb/gdb-7.5.1/bfd/elf32-arm.c
/bin/bash ../libtool --tag=CC   --mode=compile gcc-4.7 -std=gnu99 -DHAVE_CONFIG_H -I. -I../.././../gmp/gmp-5.1.1/mpf -I.. -D__GMP_WITHIN_GMP -I../.././../gmp/gmp-5.1.1    -O2 -pedantic -fomit-frame-pointer -m64 -mtune=k8 -march=k8 -c -o set_prc.lo ../.././../gmp/gmp-5.1.1/mpf/set_prc.c
/bin/bash ./libtool --tag=CC   --mode=compile gcc-4.7 -DHAVE_CONFIG_H -I. -I../.././../gdb/gdb-7.5.1/bfd -I. -I../.././../gdb/gdb-7.5.1/bfd -I../.././../gdb/gdb-7.5.1/bfd/../include  -DHAVE_bfd_elf32_littlearm_vec -DHAVE_bfd_elf32_bigarm_vec -DHAVE_bfd_elf32_little_generic_vec -DHAVE_bfd_elf32_big_generic_vec  -DBINDIR='"/home/sparksco/android/arm-linux-androideabi/bin"'  -W -Wall -Wstrict-prototypes -Wmissing-prototypes -Wshadow -Werror -g -O2 -MT elf32.lo -MD -MP -MF .deps/elf32.Tpo -c -o elf32.lo ../.././../gdb/gdb-7.5.1/bfd/elf32.c
mv -f .deps/merge.Tpo .deps/merge.Plo
/bin/bash ./libtool --tag=CC   --mode=compile gcc-4.7 -DHAVE_CONFIG_H -I. -I../.././../gdb/gdb-7.5.1/bfd -I. -I../.././../gdb/gdb-7.5.1/bfd -I../.././../gdb/gdb-7.5.1/bfd/../include  -DHAVE_bfd_elf32_littlearm_vec -DHAVE_bfd_elf32_bigarm_vec -DHAVE_bfd_elf32_little_generic_vec -DHAVE_bfd_elf32_big_generic_vec  -DBINDIR='"/home/sparksco/android/arm-linux-androideabi/bin"'  -W -Wall -Wstrict-prototypes -Wmissing-prototypes -Wshadow -Werror -g -O2 -MT elf-nacl.lo -MD -MP -MF .deps/elf-nacl.Tpo -c -o elf-nacl.lo ../.././../gdb/gdb-7.5.1/bfd/elf-nacl.c
libtool: compile:  gcc-4.7 -std=gnu99 -DHAVE_CONFIG_H -I. -I../.././../gmp/gmp-5.1.1/mpf -I.. -D__GMP_WITHIN_GMP -I../.././../gmp/gmp-5.1.1 -O2 -pedantic -fomit-frame-pointer -m64 -mtune=k8 -march=k8 -c ../.././../gmp/gmp-5.1.1/mpf/set_dfl_prec.c -o set_dfl_prec.o
libtool: compile:  gcc-4.7 -std=gnu99 -DHAVE_CONFIG_H -I. -I../.././../gmp/gmp-5.1.1/mpf -I.. -D__GMP_WITHIN_GMP -I../.././../gmp/gmp-5.1.1 -O2 -pedantic -fomit-frame-pointer -m64 -mtune=k8 -march=k8 -c ../.././../gmp/gmp-5.1.1/mpf/set_prc.c -o set_prc.o
libtool: compile:  gcc-4.7 -DHAVE_CONFIG_H -I. -I../.././../gdb/gdb-7.5.1/bfd -I. -I../.././../gdb/gdb-7.5.1/bfd -I../.././../gdb/gdb-7.5.1/bfd/../include -DHAVE_bfd_elf32_littlearm_vec -DHAVE_bfd_elf32_bigarm_vec -DHAVE_bfd_elf32_little_generic_vec -DHAVE_bfd_elf32_big_generic_vec -DBINDIR=\"/home/sparksco/android/arm-linux-androideabi/bin\" -W -Wall -Wstrict-prototypes -Wmissing-prototypes -Wshadow -Werror -g -O2 -MT elf32-arm.lo -MD -MP -MF .deps/elf32-arm.Tpo -c ../.././../gdb/gdb-7.5.1/bfd/elf32-arm.c -o elf32-arm.o
/bin/bash ./libtool --tag=CC   --mode=link gcc-4.7 -W -Wall -Wstrict-prototypes -Wmissing-prototypes -Wshadow -Werror -g -O2   -o ranlib ar.o is-ranlib.o arparse.o arlex.o arsup.o rename.o binemul.o emul_vanilla.o bucomm.o version.o filemode.o ../bfd/libbfd.la ../libiberty/libiberty.a -lfl  -lz 
mv -f .deps/verilog.Tpo .deps/verilog.Plo
libtool: compile:  gcc-4.7 -DHAVE_CONFIG_H -I. -I../.././../gdb/gdb-7.5.1/bfd -I. -I../.././../gdb/gdb-7.5.1/bfd -I../.././../gdb/gdb-7.5.1/bfd/../include -DHAVE_bfd_elf32_littlearm_vec -DHAVE_bfd_elf32_bigarm_vec -DHAVE_bfd_elf32_little_generic_vec -DHAVE_bfd_elf32_big_generic_vec -DBINDIR=\"/home/sparksco/android/arm-linux-androideabi/bin\" -W -Wall -Wstrict-prototypes -Wmissing-prototypes -Wshadow -Werror -g -O2 -MT elf-nacl.lo -MD -MP -MF .deps/elf-nacl.Tpo -c ../.././../gdb/gdb-7.5.1/bfd/elf-nacl.c -o elf-nacl.o
/bin/bash ./libtool --tag=CC   --mode=compile gcc-4.7 -DHAVE_CONFIG_H -I. -I../.././../gdb/gdb-7.5.1/bfd -I. -I../.././../gdb/gdb-7.5.1/bfd -I../.././../gdb/gdb-7.5.1/bfd/../include  -DHAVE_bfd_elf32_littlearm_vec -DHAVE_bfd_elf32_bigarm_vec -DHAVE_bfd_elf32_little_generic_vec -DHAVE_bfd_elf32_big_generic_vec  -DBINDIR='"/home/sparksco/android/arm-linux-androideabi/bin"'  -W -Wall -Wstrict-prototypes -Wmissing-prototypes -Wshadow -Werror -g -O2 -MT elf-vxworks.lo -MD -MP -MF .deps/elf-vxworks.Tpo -c -o elf-vxworks.lo ../.././../gdb/gdb-7.5.1/bfd/elf-vxworks.c
libtool: compile:  gcc-4.7 -DHAVE_CONFIG_H -I. -I../.././../gdb/gdb-7.5.1/bfd -I. -I../.././../gdb/gdb-7.5.1/bfd -I../.././../gdb/gdb-7.5.1/bfd/../include -DHAVE_bfd_elf32_littlearm_vec -DHAVE_bfd_elf32_bigarm_vec -DHAVE_bfd_elf32_little_generic_vec -DHAVE_bfd_elf32_big_generic_vec -DBINDIR=\"/home/sparksco/android/arm-linux-androideabi/bin\" -W -Wall -Wstrict-prototypes -Wmissing-prototypes -Wshadow -Werror -g -O2 -MT elf32.lo -MD -MP -MF .deps/elf32.Tpo -c ../.././../gdb/gdb-7.5.1/bfd/elf32.c -o elf32.o
/bin/bash ../libtool --tag=CC   --mode=compile gcc-4.7 -std=gnu99 -DHAVE_CONFIG_H -I. -I../.././../gmp/gmp-5.1.1/mpf -I.. -D__GMP_WITHIN_GMP -I../.././../gmp/gmp-5.1.1    -O2 -pedantic -fomit-frame-pointer -m64 -mtune=k8 -march=k8 -c -o set_prc_raw.lo ../.././../gmp/gmp-5.1.1/mpf/set_prc_raw.c
/bin/bash ../libtool --tag=CC   --mode=compile gcc-4.7 -std=gnu99 -DHAVE_CONFIG_H -I. -I../.././../gmp/gmp-5.1.1/mpf -I.. -D__GMP_WITHIN_GMP -I../.././../gmp/gmp-5.1.1    -O2 -pedantic -fomit-frame-pointer -m64 -mtune=k8 -march=k8 -c -o get_dfl_prec.lo ../.././../gmp/gmp-5.1.1/mpf/get_dfl_prec.c
libtool: compile:  gcc-4.7 -std=gnu99 -DHAVE_CONFIG_H -I. -I../.././../gmp/gmp-5.1.1/mpf -I.. -D__GMP_WITHIN_GMP -I../.././../gmp/gmp-5.1.1 -O2 -pedantic -fomit-frame-pointer -m64 -mtune=k8 -march=k8 -c ../.././../gmp/gmp-5.1.1/mpf/set_prc_raw.c -o set_prc_raw.o
libtool: compile:  gcc-4.7 -std=gnu99 -DHAVE_CONFIG_H -I. -I../.././../gmp/gmp-5.1.1/mpf -I.. -D__GMP_WITHIN_GMP -I../.././../gmp/gmp-5.1.1 -O2 -pedantic -fomit-frame-pointer -m64 -mtune=k8 -march=k8 -c ../.././../gmp/gmp-5.1.1/mpf/get_dfl_prec.c -o get_dfl_prec.o
libtool: compile:  gcc-4.7 -DHAVE_CONFIG_H -I. -I../.././../gdb/gdb-7.5.1/bfd -I. -I../.././../gdb/gdb-7.5.1/bfd -I../.././../gdb/gdb-7.5.1/bfd/../include -DHAVE_bfd_elf32_littlearm_vec -DHAVE_bfd_elf32_bigarm_vec -DHAVE_bfd_elf32_little_generic_vec -DHAVE_bfd_elf32_big_generic_vec -DBINDIR=\"/home/sparksco/android/arm-linux-androideabi/bin\" -W -Wall -Wstrict-prototypes -Wmissing-prototypes -Wshadow -Werror -g -O2 -MT elf-vxworks.lo -MD -MP -MF .deps/elf-vxworks.Tpo -c ../.././../gdb/gdb-7.5.1/bfd/elf-vxworks.c -o elf-vxworks.o
/bin/bash ./libtool --tag=CC   --mode=link gcc-4.7 -W -Wall -Wstrict-prototypes -Wmissing-prototypes -Wshadow -Werror -g -O2   -o objcopy objcopy.o not-strip.o rename.o rddbg.o debug.o stabs.o ieee.o rdcoff.o wrstabs.o bucomm.o version.o filemode.o ../bfd/libbfd.la ../libiberty/libiberty.a  -lz 
/bin/bash ../libtool --tag=CC   --mode=compile gcc-4.7 -std=gnu99 -DHAVE_CONFIG_H -I. -I../.././../gmp/gmp-5.1.1/mpf -I.. -D__GMP_WITHIN_GMP -I../.././../gmp/gmp-5.1.1    -O2 -pedantic -fomit-frame-pointer -m64 -mtune=k8 -march=k8 -c -o get_prc.lo ../.././../gmp/gmp-5.1.1/mpf/get_prc.c
libtool: compile:  gcc-4.7 -std=gnu99 -DHAVE_CONFIG_H -I. -I../.././../gmp/gmp-5.1.1/mpf -I.. -D__GMP_WITHIN_GMP -I../.././../gmp/gmp-5.1.1 -O2 -pedantic -fomit-frame-pointer -m64 -mtune=k8 -march=k8 -c ../.././../gmp/gmp-5.1.1/mpf/get_prc.c -o get_prc.o
mv -f .deps/elf-nacl.Tpo .deps/elf-nacl.Plo
/bin/bash ../libtool --tag=CC   --mode=compile gcc-4.7 -std=gnu99 -DHAVE_CONFIG_H -I. -I../.././../gmp/gmp-5.1.1/mpf -I.. -D__GMP_WITHIN_GMP -I../.././../gmp/gmp-5.1.1    -O2 -pedantic -fomit-frame-pointer -m64 -mtune=k8 -march=k8 -c -o ui_div.lo ../.././../gmp/gmp-5.1.1/mpf/ui_div.c
libtool: link: gcc-4.7 -W -Wall -Wstrict-prototypes -Wmissing-prototypes -Wshadow -Werror -g -O2 -o ranlib ar.o is-ranlib.o arparse.o arlex.o arsup.o rename.o binemul.o emul_vanilla.o bucomm.o version.o filemode.o  ../bfd/.libs/libbfd.a ../libiberty/libiberty.a -lfl -lz
/bin/bash ../libtool --tag=CC   --mode=compile gcc-4.7 -std=gnu99 -DHAVE_CONFIG_H -I. -I../.././../gmp/gmp-5.1.1/mpf -I.. -D__GMP_WITHIN_GMP -I../.././../gmp/gmp-5.1.1    -O2 -pedantic -fomit-frame-pointer -m64 -mtune=k8 -march=k8 -c -o sqrt_ui.lo ../.././../gmp/gmp-5.1.1/mpf/sqrt_ui.c
libtool: compile:  gcc-4.7 -std=gnu99 -DHAVE_CONFIG_H -I. -I../.././../gmp/gmp-5.1.1/mpf -I.. -D__GMP_WITHIN_GMP -I../.././../gmp/gmp-5.1.1 -O2 -pedantic -fomit-frame-pointer -m64 -mtune=k8 -march=k8 -c ../.././../gmp/gmp-5.1.1/mpf/ui_div.c -o ui_div.o
libtool: compile:  gcc-4.7 -std=gnu99 -DHAVE_CONFIG_H -I. -I../.././../gmp/gmp-5.1.1/mpf -I.. -D__GMP_WITHIN_GMP -I../.././../gmp/gmp-5.1.1 -O2 -pedantic -fomit-frame-pointer -m64 -mtune=k8 -march=k8 -c ../.././../gmp/gmp-5.1.1/mpf/sqrt_ui.c -o sqrt_ui.o
libtool: link: gcc-4.7 -W -Wall -Wstrict-prototypes -Wmissing-prototypes -Wshadow -Werror -g -O2 -o objcopy objcopy.o not-strip.o rename.o rddbg.o debug.o stabs.o ieee.o rdcoff.o wrstabs.o bucomm.o version.o filemode.o  ../bfd/.libs/libbfd.a ../libiberty/libiberty.a -lz
/bin/bash ./libtool --tag=CC   --mode=compile gcc-4.7 -DHAVE_CONFIG_H -I. -I../.././../gdb/gdb-7.5.1/bfd -I. -I../.././../gdb/gdb-7.5.1/bfd -I../.././../gdb/gdb-7.5.1/bfd/../include  -DHAVE_bfd_elf32_littlearm_vec -DHAVE_bfd_elf32_bigarm_vec -DHAVE_bfd_elf32_little_generic_vec -DHAVE_bfd_elf32_big_generic_vec  -DBINDIR='"/home/sparksco/android/arm-linux-androideabi/bin"'  -W -Wall -Wstrict-prototypes -Wmissing-prototypes -Wshadow -Werror -g -O2 -MT elf.lo -MD -MP -MF .deps/elf.Tpo -c -o elf.lo ../.././../gdb/gdb-7.5.1/bfd/elf.c
mv -f .deps/elf-vxworks.Tpo .deps/elf-vxworks.Plo
/bin/bash ../libtool --tag=CC   --mode=compile gcc-4.7 -std=gnu99 -DHAVE_CONFIG_H -I. -I../.././../gmp/gmp-5.1.1/mpf -I.. -D__GMP_WITHIN_GMP -I../.././../gmp/gmp-5.1.1    -O2 -pedantic -fomit-frame-pointer -m64 -mtune=k8 -march=k8 -c -o pow_ui.lo ../.././../gmp/gmp-5.1.1/mpf/pow_ui.c
/bin/bash ../libtool --tag=CC   --mode=compile gcc-4.7 -std=gnu99 -DHAVE_CONFIG_H -I. -I../.././../gmp/gmp-5.1.1/mpf -I.. -D__GMP_WITHIN_GMP -I../.././../gmp/gmp-5.1.1    -O2 -pedantic -fomit-frame-pointer -m64 -mtune=k8 -march=k8 -c -o urandomb.lo ../.././../gmp/gmp-5.1.1/mpf/urandomb.c
/bin/bash ./libtool --tag=CC   --mode=link gcc-4.7 -W -Wall -Wstrict-prototypes -Wmissing-prototypes -Wshadow -Werror -g -O2   -o addr2line addr2line.o bucomm.o version.o filemode.o ../bfd/libbfd.la ../libiberty/libiberty.a  -lz 
libtool: compile:  gcc-4.7 -std=gnu99 -DHAVE_CONFIG_H -I. -I../.././../gmp/gmp-5.1.1/mpf -I.. -D__GMP_WITHIN_GMP -I../.././../gmp/gmp-5.1.1 -O2 -pedantic -fomit-frame-pointer -m64 -mtune=k8 -march=k8 -c ../.././../gmp/gmp-5.1.1/mpf/pow_ui.c -o pow_ui.o
libtool: compile:  gcc-4.7 -DHAVE_CONFIG_H -I. -I../.././../gdb/gdb-7.5.1/bfd -I. -I../.././../gdb/gdb-7.5.1/bfd -I../.././../gdb/gdb-7.5.1/bfd/../include -DHAVE_bfd_elf32_littlearm_vec -DHAVE_bfd_elf32_bigarm_vec -DHAVE_bfd_elf32_little_generic_vec -DHAVE_bfd_elf32_big_generic_vec -DBINDIR=\"/home/sparksco/android/arm-linux-androideabi/bin\" -W -Wall -Wstrict-prototypes -Wmissing-prototypes -Wshadow -Werror -g -O2 -MT elf.lo -MD -MP -MF .deps/elf.Tpo -c ../.././../gdb/gdb-7.5.1/bfd/elf.c -o elf.o
libtool: compile:  gcc-4.7 -std=gnu99 -DHAVE_CONFIG_H -I. -I../.././../gmp/gmp-5.1.1/mpf -I.. -D__GMP_WITHIN_GMP -I../.././../gmp/gmp-5.1.1 -O2 -pedantic -fomit-frame-pointer -m64 -mtune=k8 -march=k8 -c ../.././../gmp/gmp-5.1.1/mpf/urandomb.c -o urandomb.o
/bin/bash ./libtool --tag=CC   --mode=link gcc-4.7 -W -Wall -Wstrict-prototypes -Wmissing-prototypes -Wshadow -Werror -g -O2   -o elfedit elfedit.o version.o elfcomm.o  ../libiberty/libiberty.a -lz 
/bin/bash ../libtool --tag=CC   --mode=compile gcc-4.7 -std=gnu99 -DHAVE_CONFIG_H -I. -I../.././../gmp/gmp-5.1.1/mpf -I.. -D__GMP_WITHIN_GMP -I../.././../gmp/gmp-5.1.1    -O2 -pedantic -fomit-frame-pointer -m64 -mtune=k8 -march=k8 -c -o swap.lo ../.././../gmp/gmp-5.1.1/mpf/swap.c
/bin/bash ./libtool --tag=CC   --mode=link gcc-4.7 -W -Wall -Wstrict-prototypes -Wmissing-prototypes -Wshadow -Werror -g -O2   -o nm-new nm.o bucomm.o version.o filemode.o ../bfd/libbfd.la ../libiberty/libiberty.a  -lz 
libtool: compile:  gcc-4.7 -std=gnu99 -DHAVE_CONFIG_H -I. -I../.././../gmp/gmp-5.1.1/mpf -I.. -D__GMP_WITHIN_GMP -I../.././../gmp/gmp-5.1.1 -O2 -pedantic -fomit-frame-pointer -m64 -mtune=k8 -march=k8 -c ../.././../gmp/gmp-5.1.1/mpf/swap.c -o swap.o
libtool: link: gcc-4.7 -W -Wall -Wstrict-prototypes -Wmissing-prototypes -Wshadow -Werror -g -O2 -o addr2line addr2line.o bucomm.o version.o filemode.o  ../bfd/.libs/libbfd.a ../libiberty/libiberty.a -lz
libtool: link: gcc-4.7 -W -Wall -Wstrict-prototypes -Wmissing-prototypes -Wshadow -Werror -g -O2 -o elfedit elfedit.o version.o elfcomm.o  ../libiberty/libiberty.a -lz
/bin/bash ../libtool --tag=CC   --mode=compile gcc-4.7 -std=gnu99 -DHAVE_CONFIG_H -I. -I../.././../gmp/gmp-5.1.1/mpf -I.. -D__GMP_WITHIN_GMP -I../.././../gmp/gmp-5.1.1    -O2 -pedantic -fomit-frame-pointer -m64 -mtune=k8 -march=k8 -c -o get_si.lo ../.././../gmp/gmp-5.1.1/mpf/get_si.c
/bin/bash ./libtool --tag=CC   --mode=link gcc-4.7 -W -Wall -Wstrict-prototypes -Wmissing-prototypes -Wshadow -Werror -g -O2   -o strip-new objcopy.o is-strip.o rename.o rddbg.o debug.o stabs.o ieee.o rdcoff.o wrstabs.o bucomm.o version.o filemode.o ../bfd/libbfd.la ../libiberty/libiberty.a  -lz 
mv -f .deps/dwarf2.Tpo .deps/dwarf2.Plo
/bin/bash ./libtool --tag=CC   --mode=link gcc-4.7 -W -Wall -Wstrict-prototypes -Wmissing-prototypes -Wshadow -Werror -g -O2   -o cxxfilt cxxfilt.o bucomm.o version.o filemode.o ../bfd/libbfd.la ../libiberty/libiberty.a  -lz 
libtool: compile:  gcc-4.7 -std=gnu99 -DHAVE_CONFIG_H -I. -I../.././../gmp/gmp-5.1.1/mpf -I.. -D__GMP_WITHIN_GMP -I../.././../gmp/gmp-5.1.1 -O2 -pedantic -fomit-frame-pointer -m64 -mtune=k8 -march=k8 -c ../.././../gmp/gmp-5.1.1/mpf/get_si.c -o get_si.o
mv -f .deps/elf32.Tpo .deps/elf32.Plo
libtool: link: gcc-4.7 -W -Wall -Wstrict-prototypes -Wmissing-prototypes -Wshadow -Werror -g -O2 -o nm-new nm.o bucomm.o version.o filemode.o  ../bfd/.libs/libbfd.a ../libiberty/libiberty.a -lz
/bin/bash ./libtool --tag=CC   --mode=compile gcc-4.7 -DHAVE_CONFIG_H -I. -I../.././../gdb/gdb-7.5.1/bfd -I. -I../.././../gdb/gdb-7.5.1/bfd -I../.././../gdb/gdb-7.5.1/bfd/../include  -DHAVE_bfd_elf32_littlearm_vec -DHAVE_bfd_elf32_bigarm_vec -DHAVE_bfd_elf32_little_generic_vec -DHAVE_bfd_elf32_big_generic_vec  -DBINDIR='"/home/sparksco/android/arm-linux-androideabi/bin"'  -W -Wall -Wstrict-prototypes -Wmissing-prototypes -Wshadow -Werror -g -O2 -MT elflink.lo -MD -MP -MF .deps/elflink.Tpo -c -o elflink.lo ../.././../gdb/gdb-7.5.1/bfd/elflink.c
/bin/bash ./libtool --tag=CC   --mode=compile gcc-4.7 -DHAVE_CONFIG_H -I. -I../.././../gdb/gdb-7.5.1/bfd -I. -I../.././../gdb/gdb-7.5.1/bfd -I../.././../gdb/gdb-7.5.1/bfd/../include  -DHAVE_bfd_elf32_littlearm_vec -DHAVE_bfd_elf32_bigarm_vec -DHAVE_bfd_elf32_little_generic_vec -DHAVE_bfd_elf32_big_generic_vec  -DBINDIR='"/home/sparksco/android/arm-linux-androideabi/bin"'  -W -Wall -Wstrict-prototypes -Wmissing-prototypes -Wshadow -Werror -g -O2 -MT elf-attrs.lo -MD -MP -MF .deps/elf-attrs.Tpo -c -o elf-attrs.lo ../.././../gdb/gdb-7.5.1/bfd/elf-attrs.c
/bin/bash ../libtool --tag=CC   --mode=compile gcc-4.7 -std=gnu99 -DHAVE_CONFIG_H -I. -I../.././../gmp/gmp-5.1.1/mpf -I.. -D__GMP_WITHIN_GMP -I../.././../gmp/gmp-5.1.1    -O2 -pedantic -fomit-frame-pointer -m64 -mtune=k8 -march=k8 -c -o get_ui.lo ../.././../gmp/gmp-5.1.1/mpf/get_ui.c
libtool: compile:  gcc-4.7 -std=gnu99 -DHAVE_CONFIG_H -I. -I../.././../gmp/gmp-5.1.1/mpf -I.. -D__GMP_WITHIN_GMP -I../.././../gmp/gmp-5.1.1 -O2 -pedantic -fomit-frame-pointer -m64 -mtune=k8 -march=k8 -c ../.././../gmp/gmp-5.1.1/mpf/get_ui.c -o get_ui.o
libtool: compile:  gcc-4.7 -DHAVE_CONFIG_H -I. -I../.././../gdb/gdb-7.5.1/bfd -I. -I../.././../gdb/gdb-7.5.1/bfd -I../.././../gdb/gdb-7.5.1/bfd/../include -DHAVE_bfd_elf32_littlearm_vec -DHAVE_bfd_elf32_bigarm_vec -DHAVE_bfd_elf32_little_generic_vec -DHAVE_bfd_elf32_big_generic_vec -DBINDIR=\"/home/sparksco/android/arm-linux-androideabi/bin\" -W -Wall -Wstrict-prototypes -Wmissing-prototypes -Wshadow -Werror -g -O2 -MT elf-attrs.lo -MD -MP -MF .deps/elf-attrs.Tpo -c ../.././../gdb/gdb-7.5.1/bfd/elf-attrs.c -o elf-attrs.o
libtool: compile:  gcc-4.7 -DHAVE_CONFIG_H -I. -I../.././../gdb/gdb-7.5.1/bfd -I. -I../.././../gdb/gdb-7.5.1/bfd -I../.././../gdb/gdb-7.5.1/bfd/../include -DHAVE_bfd_elf32_littlearm_vec -DHAVE_bfd_elf32_bigarm_vec -DHAVE_bfd_elf32_little_generic_vec -DHAVE_bfd_elf32_big_generic_vec -DBINDIR=\"/home/sparksco/android/arm-linux-androideabi/bin\" -W -Wall -Wstrict-prototypes -Wmissing-prototypes -Wshadow -Werror -g -O2 -MT elflink.lo -MD -MP -MF .deps/elflink.Tpo -c ../.././../gdb/gdb-7.5.1/bfd/elflink.c -o elflink.o
libtool: link: gcc-4.7 -W -Wall -Wstrict-prototypes -Wmissing-prototypes -Wshadow -Werror -g -O2 -o strip-new objcopy.o is-strip.o rename.o rddbg.o debug.o stabs.o ieee.o rdcoff.o wrstabs.o bucomm.o version.o filemode.o  ../bfd/.libs/libbfd.a ../libiberty/libiberty.a -lz
/bin/bash ../libtool --tag=CC   --mode=compile gcc-4.7 -std=gnu99 -DHAVE_CONFIG_H -I. -I../.././../gmp/gmp-5.1.1/mpf -I.. -D__GMP_WITHIN_GMP -I../.././../gmp/gmp-5.1.1    -O2 -pedantic -fomit-frame-pointer -m64 -mtune=k8 -march=k8 -c -o int_p.lo ../.././../gmp/gmp-5.1.1/mpf/int_p.c
/bin/bash ../libtool --tag=CC   --mode=compile gcc-4.7 -std=gnu99 -DHAVE_CONFIG_H -I. -I../.././../gmp/gmp-5.1.1/mpf -I.. -D__GMP_WITHIN_GMP -I../.././../gmp/gmp-5.1.1    -O2 -pedantic -fomit-frame-pointer -m64 -mtune=k8 -march=k8 -c -o ceilfloor.lo ../.././../gmp/gmp-5.1.1/mpf/ceilfloor.c
libtool: link: gcc-4.7 -W -Wall -Wstrict-prototypes -Wmissing-prototypes -Wshadow -Werror -g -O2 -o cxxfilt cxxfilt.o bucomm.o version.o filemode.o  ../bfd/.libs/libbfd.a ../libiberty/libiberty.a -lz
libtool: compile:  gcc-4.7 -std=gnu99 -DHAVE_CONFIG_H -I. -I../.././../gmp/gmp-5.1.1/mpf -I.. -D__GMP_WITHIN_GMP -I../.././../gmp/gmp-5.1.1 -O2 -pedantic -fomit-frame-pointer -m64 -mtune=k8 -march=k8 -c ../.././../gmp/gmp-5.1.1/mpf/int_p.c -o int_p.o
libtool: compile:  gcc-4.7 -std=gnu99 -DHAVE_CONFIG_H -I. -I../.././../gmp/gmp-5.1.1/mpf -I.. -D__GMP_WITHIN_GMP -I../.././../gmp/gmp-5.1.1 -O2 -pedantic -fomit-frame-pointer -m64 -mtune=k8 -march=k8 -c ../.././../gmp/gmp-5.1.1/mpf/ceilfloor.c -o ceilfloor.o
/bin/bash ../libtool --tag=CC   --mode=compile gcc-4.7 -std=gnu99 -DHAVE_CONFIG_H -I. -I../.././../gmp/gmp-5.1.1/mpf -I.. -D__GMP_WITHIN_GMP -I../.././../gmp/gmp-5.1.1    -O2 -pedantic -fomit-frame-pointer -m64 -mtune=k8 -march=k8 -c -o trunc.lo ../.././../gmp/gmp-5.1.1/mpf/trunc.c
/bin/bash ../libtool --tag=CC   --mode=compile gcc-4.7 -std=gnu99 -DHAVE_CONFIG_H -I. -I../.././../gmp/gmp-5.1.1/mpf -I.. -D__GMP_WITHIN_GMP -I../.././../gmp/gmp-5.1.1    -O2 -pedantic -fomit-frame-pointer -m64 -mtune=k8 -march=k8 -c -o fits_sint.lo ../.././../gmp/gmp-5.1.1/mpf/fits_sint.c
/bin/bash ../libtool --tag=CC   --mode=compile gcc-4.7 -std=gnu99 -DHAVE_CONFIG_H -I. -I../.././../gmp/gmp-5.1.1/mpf -I.. -D__GMP_WITHIN_GMP -I../.././../gmp/gmp-5.1.1    -O2 -pedantic -fomit-frame-pointer -m64 -mtune=k8 -march=k8 -c -o fits_slong.lo ../.././../gmp/gmp-5.1.1/mpf/fits_slong.c
libtool: compile:  gcc-4.7 -std=gnu99 -DHAVE_CONFIG_H -I. -I../.././../gmp/gmp-5.1.1/mpf -I.. -D__GMP_WITHIN_GMP -I../.././../gmp/gmp-5.1.1 -O2 -pedantic -fomit-frame-pointer -m64 -mtune=k8 -march=k8 -c ../.././../gmp/gmp-5.1.1/mpf/trunc.c -o trunc.o
/bin/bash ../libtool --tag=CC   --mode=compile gcc-4.7 -std=gnu99 -DHAVE_CONFIG_H -I. -I../.././../gmp/gmp-5.1.1/mpf -I.. -D__GMP_WITHIN_GMP -I../.././../gmp/gmp-5.1.1    -O2 -pedantic -fomit-frame-pointer -m64 -mtune=k8 -march=k8 -c -o fits_sshort.lo ../.././../gmp/gmp-5.1.1/mpf/fits_sshort.c
libtool: compile:  gcc-4.7 -std=gnu99 -DHAVE_CONFIG_H -I. -I../.././../gmp/gmp-5.1.1/mpf -I.. -D__GMP_WITHIN_GMP -I../.././../gmp/gmp-5.1.1 -O2 -pedantic -fomit-frame-pointer -m64 -mtune=k8 -march=k8 -c ../.././../gmp/gmp-5.1.1/mpf/fits_sint.c -o fits_sint.o
libtool: compile:  gcc-4.7 -std=gnu99 -DHAVE_CONFIG_H -I. -I../.././../gmp/gmp-5.1.1/mpf -I.. -D__GMP_WITHIN_GMP -I../.././../gmp/gmp-5.1.1 -O2 -pedantic -fomit-frame-pointer -m64 -mtune=k8 -march=k8 -c ../.././../gmp/gmp-5.1.1/mpf/fits_sshort.c -o fits_sshort.o
libtool: compile:  gcc-4.7 -std=gnu99 -DHAVE_CONFIG_H -I. -I../.././../gmp/gmp-5.1.1/mpf -I.. -D__GMP_WITHIN_GMP -I../.././../gmp/gmp-5.1.1 -O2 -pedantic -fomit-frame-pointer -m64 -mtune=k8 -march=k8 -c ../.././../gmp/gmp-5.1.1/mpf/fits_slong.c -o fits_slong.o
/bin/bash ../libtool --tag=CC   --mode=compile gcc-4.7 -std=gnu99 -DHAVE_CONFIG_H -I. -I../.././../gmp/gmp-5.1.1/mpf -I.. -D__GMP_WITHIN_GMP -I../.././../gmp/gmp-5.1.1    -O2 -pedantic -fomit-frame-pointer -m64 -mtune=k8 -march=k8 -c -o fits_uint.lo ../.././../gmp/gmp-5.1.1/mpf/fits_uint.c
/bin/bash ../libtool --tag=CC   --mode=compile gcc-4.7 -std=gnu99 -DHAVE_CONFIG_H -I. -I../.././../gmp/gmp-5.1.1/mpf -I.. -D__GMP_WITHIN_GMP -I../.././../gmp/gmp-5.1.1    -O2 -pedantic -fomit-frame-pointer -m64 -mtune=k8 -march=k8 -c -o fits_ulong.lo ../.././../gmp/gmp-5.1.1/mpf/fits_ulong.c
libtool: compile:  gcc-4.7 -std=gnu99 -DHAVE_CONFIG_H -I. -I../.././../gmp/gmp-5.1.1/mpf -I.. -D__GMP_WITHIN_GMP -I../.././../gmp/gmp-5.1.1 -O2 -pedantic -fomit-frame-pointer -m64 -mtune=k8 -march=k8 -c ../.././../gmp/gmp-5.1.1/mpf/fits_uint.c -o fits_uint.o
mv -f .deps/elf-attrs.Tpo .deps/elf-attrs.Plo
/bin/bash ../libtool --tag=CC   --mode=compile gcc-4.7 -std=gnu99 -DHAVE_CONFIG_H -I. -I../.././../gmp/gmp-5.1.1/mpf -I.. -D__GMP_WITHIN_GMP -I../.././../gmp/gmp-5.1.1    -O2 -pedantic -fomit-frame-pointer -m64 -mtune=k8 -march=k8 -c -o fits_ushort.lo ../.././../gmp/gmp-5.1.1/mpf/fits_ushort.c
/bin/bash ./libtool --tag=CC   --mode=compile gcc-4.7 -DHAVE_CONFIG_H -I. -I../.././../gdb/gdb-7.5.1/bfd -I. -I../.././../gdb/gdb-7.5.1/bfd -I../.././../gdb/gdb-7.5.1/bfd/../include  -DHAVE_bfd_elf32_littlearm_vec -DHAVE_bfd_elf32_bigarm_vec -DHAVE_bfd_elf32_little_generic_vec -DHAVE_bfd_elf32_big_generic_vec  -DBINDIR='"/home/sparksco/android/arm-linux-androideabi/bin"'  -W -Wall -Wstrict-prototypes -Wmissing-prototypes -Wshadow -Werror -g -O2 -MT elf-strtab.lo -MD -MP -MF .deps/elf-strtab.Tpo -c -o elf-strtab.lo ../.././../gdb/gdb-7.5.1/bfd/elf-strtab.c
libtool: compile:  gcc-4.7 -std=gnu99 -DHAVE_CONFIG_H -I. -I../.././../gmp/gmp-5.1.1/mpf -I.. -D__GMP_WITHIN_GMP -I../.././../gmp/gmp-5.1.1 -O2 -pedantic -fomit-frame-pointer -m64 -mtune=k8 -march=k8 -c ../.././../gmp/gmp-5.1.1/mpf/fits_ulong.c -o fits_ulong.o
/bin/bash ./libtool --tag=CC   --mode=compile gcc-4.7 -DHAVE_CONFIG_H -I. -I../.././../gdb/gdb-7.5.1/bfd -I. -I../.././../gdb/gdb-7.5.1/bfd -I../.././../gdb/gdb-7.5.1/bfd/../include  -DHAVE_bfd_elf32_littlearm_vec -DHAVE_bfd_elf32_bigarm_vec -DHAVE_bfd_elf32_little_generic_vec -DHAVE_bfd_elf32_big_generic_vec  -DBINDIR='"/home/sparksco/android/arm-linux-androideabi/bin"'  -W -Wall -Wstrict-prototypes -Wmissing-prototypes -Wshadow -Werror -g -O2 -MT elf-eh-frame.lo -MD -MP -MF .deps/elf-eh-frame.Tpo -c -o elf-eh-frame.lo ../.././../gdb/gdb-7.5.1/bfd/elf-eh-frame.c
libtool: compile:  gcc-4.7 -std=gnu99 -DHAVE_CONFIG_H -I. -I../.././../gmp/gmp-5.1.1/mpf -I.. -D__GMP_WITHIN_GMP -I../.././../gmp/gmp-5.1.1 -O2 -pedantic -fomit-frame-pointer -m64 -mtune=k8 -march=k8 -c ../.././../gmp/gmp-5.1.1/mpf/fits_ushort.c -o fits_ushort.o
/bin/bash ./libtool --tag=CC   --mode=compile gcc-4.7 -DHAVE_CONFIG_H -I. -I../.././../gdb/gdb-7.5.1/bfd -I. -I../.././../gdb/gdb-7.5.1/bfd -I../.././../gdb/gdb-7.5.1/bfd/../include  -DHAVE_bfd_elf32_littlearm_vec -DHAVE_bfd_elf32_bigarm_vec -DHAVE_bfd_elf32_little_generic_vec -DHAVE_bfd_elf32_big_generic_vec  -DBINDIR='"/home/sparksco/android/arm-linux-androideabi/bin"'  -W -Wall -Wstrict-prototypes -Wmissing-prototypes -Wshadow -Werror -g -O2 -MT dwarf1.lo -MD -MP -MF .deps/dwarf1.Tpo -c -o dwarf1.lo ../.././../gdb/gdb-7.5.1/bfd/dwarf1.c
libtool: compile:  gcc-4.7 -DHAVE_CONFIG_H -I. -I../.././../gdb/gdb-7.5.1/bfd -I. -I../.././../gdb/gdb-7.5.1/bfd -I../.././../gdb/gdb-7.5.1/bfd/../include -DHAVE_bfd_elf32_littlearm_vec -DHAVE_bfd_elf32_bigarm_vec -DHAVE_bfd_elf32_little_generic_vec -DHAVE_bfd_elf32_big_generic_vec -DBINDIR=\"/home/sparksco/android/arm-linux-androideabi/bin\" -W -Wall -Wstrict-prototypes -Wmissing-prototypes -Wshadow -Werror -g -O2 -MT elf-strtab.lo -MD -MP -MF .deps/elf-strtab.Tpo -c ../.././../gdb/gdb-7.5.1/bfd/elf-strtab.c -o elf-strtab.o
/bin/bash ./libtool --tag=CC   --mode=compile gcc-4.7 -DHAVE_CONFIG_H -I. -I../.././../gdb/gdb-7.5.1/bfd -I. -I../.././../gdb/gdb-7.5.1/bfd -I../.././../gdb/gdb-7.5.1/bfd/../include  -DHAVE_bfd_elf32_littlearm_vec -DHAVE_bfd_elf32_bigarm_vec -DHAVE_bfd_elf32_little_generic_vec -DHAVE_bfd_elf32_big_generic_vec  -DBINDIR='"/home/sparksco/android/arm-linux-androideabi/bin"'  -W -Wall -Wstrict-prototypes -Wmissing-prototypes -Wshadow -Werror -g -O2 -MT elf32-gen.lo -MD -MP -MF .deps/elf32-gen.Tpo -c -o elf32-gen.lo ../.././../gdb/gdb-7.5.1/bfd/elf32-gen.c
/bin/bash ../libtool --tag=CC   --mode=link gcc-4.7 -std=gnu99  -O2 -pedantic -fomit-frame-pointer -m64 -mtune=k8 -march=k8   -o libmpf.la  init.lo init2.lo inits.lo set.lo set_ui.lo set_si.lo set_str.lo set_d.lo set_z.lo set_q.lo iset.lo iset_ui.lo iset_si.lo iset_str.lo iset_d.lo clear.lo clears.lo get_str.lo dump.lo size.lo eq.lo reldiff.lo sqrt.lo random2.lo inp_str.lo out_str.lo add.lo add_ui.lo sub.lo sub_ui.lo ui_sub.lo mul.lo mul_ui.lo div.lo div_ui.lo cmp.lo cmp_d.lo cmp_si.lo cmp_ui.lo mul_2exp.lo div_2exp.lo abs.lo neg.lo get_d.lo get_d_2exp.lo set_dfl_prec.lo set_prc.lo set_prc_raw.lo get_dfl_prec.lo get_prc.lo ui_div.lo sqrt_ui.lo pow_ui.lo urandomb.lo swap.lo get_si.lo get_ui.lo int_p.lo ceilfloor.lo trunc.lo fits_sint.lo fits_slong.lo fits_sshort.lo fits_uint.lo fits_ulong.lo fits_ushort.lo  
libtool: compile:  gcc-4.7 -DHAVE_CONFIG_H -I. -I../.././../gdb/gdb-7.5.1/bfd -I. -I../.././../gdb/gdb-7.5.1/bfd -I../.././../gdb/gdb-7.5.1/bfd/../include -DHAVE_bfd_elf32_littlearm_vec -DHAVE_bfd_elf32_bigarm_vec -DHAVE_bfd_elf32_little_generic_vec -DHAVE_bfd_elf32_big_generic_vec -DBINDIR=\"/home/sparksco/android/arm-linux-androideabi/bin\" -W -Wall -Wstrict-prototypes -Wmissing-prototypes -Wshadow -Werror -g -O2 -MT elf-eh-frame.lo -MD -MP -MF .deps/elf-eh-frame.Tpo -c ../.././../gdb/gdb-7.5.1/bfd/elf-eh-frame.c -o elf-eh-frame.o
libtool: compile:  gcc-4.7 -DHAVE_CONFIG_H -I. -I../.././../gdb/gdb-7.5.1/bfd -I. -I../.././../gdb/gdb-7.5.1/bfd -I../.././../gdb/gdb-7.5.1/bfd/../include -DHAVE_bfd_elf32_littlearm_vec -DHAVE_bfd_elf32_bigarm_vec -DHAVE_bfd_elf32_little_generic_vec -DHAVE_bfd_elf32_big_generic_vec -DBINDIR=\"/home/sparksco/android/arm-linux-androideabi/bin\" -W -Wall -Wstrict-prototypes -Wmissing-prototypes -Wshadow -Werror -g -O2 -MT dwarf1.lo -MD -MP -MF .deps/dwarf1.Tpo -c ../.././../gdb/gdb-7.5.1/bfd/dwarf1.c -o dwarf1.o
libtool: compile:  gcc-4.7 -DHAVE_CONFIG_H -I. -I../.././../gdb/gdb-7.5.1/bfd -I. -I../.././../gdb/gdb-7.5.1/bfd -I../.././../gdb/gdb-7.5.1/bfd/../include -DHAVE_bfd_elf32_littlearm_vec -DHAVE_bfd_elf32_bigarm_vec -DHAVE_bfd_elf32_little_generic_vec -DHAVE_bfd_elf32_big_generic_vec -DBINDIR=\"/home/sparksco/android/arm-linux-androideabi/bin\" -W -Wall -Wstrict-prototypes -Wmissing-prototypes -Wshadow -Werror -g -O2 -MT elf32-gen.lo -MD -MP -MF .deps/elf32-gen.Tpo -c ../.././../gdb/gdb-7.5.1/bfd/elf32-gen.c -o elf32-gen.o
mv -f .deps/elf-strtab.Tpo .deps/elf-strtab.Plo
/bin/bash ./libtool --tag=CC   --mode=compile gcc-4.7 -DHAVE_CONFIG_H -I. -I../.././../gdb/gdb-7.5.1/bfd -I. -I../.././../gdb/gdb-7.5.1/bfd -I../.././../gdb/gdb-7.5.1/bfd/../include  -DHAVE_bfd_elf32_littlearm_vec -DHAVE_bfd_elf32_bigarm_vec -DHAVE_bfd_elf32_little_generic_vec -DHAVE_bfd_elf32_big_generic_vec  -DBINDIR='"/home/sparksco/android/arm-linux-androideabi/bin"'  -W -Wall -Wstrict-prototypes -Wmissing-prototypes -Wshadow -Werror -g -O2 -MT cpu-arm.lo -MD -MP -MF .deps/cpu-arm.Tpo -c -o cpu-arm.lo ../.././../gdb/gdb-7.5.1/bfd/cpu-arm.c
mv -f .deps/elf32-gen.Tpo .deps/elf32-gen.Plo
/bin/bash ./libtool --tag=CC   --mode=compile gcc-4.7 -DHAVE_CONFIG_H -I. -I../.././../gdb/gdb-7.5.1/bfd -I. -I../.././../gdb/gdb-7.5.1/bfd -I../.././../gdb/gdb-7.5.1/bfd/../include  -DHAVE_bfd_elf32_littlearm_vec -DHAVE_bfd_elf32_bigarm_vec -DHAVE_bfd_elf32_little_generic_vec -DHAVE_bfd_elf32_big_generic_vec  -DBINDIR='"/home/sparksco/android/arm-linux-androideabi/bin"'  -W -Wall -Wstrict-prototypes -Wmissing-prototypes -Wshadow -Werror -g -O2 -MT archive64.lo -MD -MP -MF .deps/archive64.Tpo -c -o archive64.lo ../.././../gdb/gdb-7.5.1/bfd/archive64.c
libtool: link: ar cq .libs/libmpf.a  init.o init2.o inits.o set.o set_ui.o set_si.o set_str.o set_d.o set_z.o set_q.o iset.o iset_ui.o iset_si.o iset_str.o iset_d.o clear.o clears.o get_str.o dump.o size.o eq.o reldiff.o sqrt.o random2.o inp_str.o out_str.o add.o add_ui.o sub.o sub_ui.o ui_sub.o mul.o mul_ui.o div.o div_ui.o cmp.o cmp_d.o cmp_si.o cmp_ui.o mul_2exp.o div_2exp.o abs.o neg.o get_d.o get_d_2exp.o set_dfl_prec.o set_prc.o set_prc_raw.o get_dfl_prec.o get_prc.o ui_div.o sqrt_ui.o pow_ui.o urandomb.o swap.o get_si.o get_ui.o int_p.o ceilfloor.o trunc.o fits_sint.o fits_slong.o fits_sshort.o fits_uint.o fits_ulong.o fits_ushort.o
libtool: link: ranlib .libs/libmpf.a
libtool: compile:  gcc-4.7 -DHAVE_CONFIG_H -I. -I../.././../gdb/gdb-7.5.1/bfd -I. -I../.././../gdb/gdb-7.5.1/bfd -I../.././../gdb/gdb-7.5.1/bfd/../include -DHAVE_bfd_elf32_littlearm_vec -DHAVE_bfd_elf32_bigarm_vec -DHAVE_bfd_elf32_little_generic_vec -DHAVE_bfd_elf32_big_generic_vec -DBINDIR=\"/home/sparksco/android/arm-linux-androideabi/bin\" -W -Wall -Wstrict-prototypes -Wmissing-prototypes -Wshadow -Werror -g -O2 -MT cpu-arm.lo -MD -MP -MF .deps/cpu-arm.Tpo -c ../.././../gdb/gdb-7.5.1/bfd/cpu-arm.c -o cpu-arm.o
mv -f .deps/dwarf1.Tpo .deps/dwarf1.Plo
libtool: compile:  gcc-4.7 -DHAVE_CONFIG_H -I. -I../.././../gdb/gdb-7.5.1/bfd -I. -I../.././../gdb/gdb-7.5.1/bfd -I../.././../gdb/gdb-7.5.1/bfd/../include -DHAVE_bfd_elf32_littlearm_vec -DHAVE_bfd_elf32_bigarm_vec -DHAVE_bfd_elf32_little_generic_vec -DHAVE_bfd_elf32_big_generic_vec -DBINDIR=\"/home/sparksco/android/arm-linux-androideabi/bin\" -W -Wall -Wstrict-prototypes -Wmissing-prototypes -Wshadow -Werror -g -O2 -MT archive64.lo -MD -MP -MF .deps/archive64.Tpo -c ../.././../gdb/gdb-7.5.1/bfd/archive64.c -o archive64.o
libtool: link: ( cd ".libs" && rm -f "libmpf.la" && ln -s "../libmpf.la" "libmpf.la" )
make[3]: Leaving directory `/home/sparksco/android/toolchain/aosp/build/gmp-5.1.1/mpf'
Making all in printf
make[3]: Entering directory `/home/sparksco/android/toolchain/aosp/build/gmp-5.1.1/printf'
/bin/bash ../libtool --tag=CC   --mode=compile gcc-4.7 -std=gnu99 -DHAVE_CONFIG_H -I. -I../.././../gmp/gmp-5.1.1/printf -I.. -D__GMP_WITHIN_GMP -I../.././../gmp/gmp-5.1.1    -O2 -pedantic -fomit-frame-pointer -m64 -mtune=k8 -march=k8 -c -o asprintf.lo ../.././../gmp/gmp-5.1.1/printf/asprintf.c
/bin/bash ../libtool --tag=CC   --mode=compile gcc-4.7 -std=gnu99 -DHAVE_CONFIG_H -I. -I../.././../gmp/gmp-5.1.1/printf -I.. -D__GMP_WITHIN_GMP -I../.././../gmp/gmp-5.1.1    -O2 -pedantic -fomit-frame-pointer -m64 -mtune=k8 -march=k8 -c -o asprntffuns.lo ../.././../gmp/gmp-5.1.1/printf/asprntffuns.c
libtool: compile:  gcc-4.7 -std=gnu99 -DHAVE_CONFIG_H -I. -I../.././../gmp/gmp-5.1.1/printf -I.. -D__GMP_WITHIN_GMP -I../.././../gmp/gmp-5.1.1 -O2 -pedantic -fomit-frame-pointer -m64 -mtune=k8 -march=k8 -c ../.././../gmp/gmp-5.1.1/printf/asprntffuns.c -o asprntffuns.o
libtool: compile:  gcc-4.7 -std=gnu99 -DHAVE_CONFIG_H -I. -I../.././../gmp/gmp-5.1.1/printf -I.. -D__GMP_WITHIN_GMP -I../.././../gmp/gmp-5.1.1 -O2 -pedantic -fomit-frame-pointer -m64 -mtune=k8 -march=k8 -c ../.././../gmp/gmp-5.1.1/printf/asprintf.c -o asprintf.o
mv -f .deps/cpu-arm.Tpo .deps/cpu-arm.Plo
/bin/bash ../libtool --tag=CC   --mode=compile gcc-4.7 -std=gnu99 -DHAVE_CONFIG_H -I. -I../.././../gmp/gmp-5.1.1/printf -I.. -D__GMP_WITHIN_GMP -I../.././../gmp/gmp-5.1.1    -O2 -pedantic -fomit-frame-pointer -m64 -mtune=k8 -march=k8 -c -o doprnt.lo ../.././../gmp/gmp-5.1.1/printf/doprnt.c
mv -f .deps/archive64.Tpo .deps/archive64.Plo
/bin/bash ../libtool --tag=CC   --mode=compile gcc-4.7 -std=gnu99 -DHAVE_CONFIG_H -I. -I../.././../gmp/gmp-5.1.1/printf -I.. -D__GMP_WITHIN_GMP -I../.././../gmp/gmp-5.1.1    -O2 -pedantic -fomit-frame-pointer -m64 -mtune=k8 -march=k8 -c -o doprntf.lo ../.././../gmp/gmp-5.1.1/printf/doprntf.c
libtool: compile:  gcc-4.7 -std=gnu99 -DHAVE_CONFIG_H -I. -I../.././../gmp/gmp-5.1.1/printf -I.. -D__GMP_WITHIN_GMP -I../.././../gmp/gmp-5.1.1 -O2 -pedantic -fomit-frame-pointer -m64 -mtune=k8 -march=k8 -c ../.././../gmp/gmp-5.1.1/printf/doprnt.c -o doprnt.o
/bin/bash ../libtool --tag=CC   --mode=compile gcc-4.7 -std=gnu99 -DHAVE_CONFIG_H -I. -I../.././../gmp/gmp-5.1.1/printf -I.. -D__GMP_WITHIN_GMP -I../.././../gmp/gmp-5.1.1    -O2 -pedantic -fomit-frame-pointer -m64 -mtune=k8 -march=k8 -c -o doprnti.lo ../.././../gmp/gmp-5.1.1/printf/doprnti.c
libtool: compile:  gcc-4.7 -std=gnu99 -DHAVE_CONFIG_H -I. -I../.././../gmp/gmp-5.1.1/printf -I.. -D__GMP_WITHIN_GMP -I../.././../gmp/gmp-5.1.1 -O2 -pedantic -fomit-frame-pointer -m64 -mtune=k8 -march=k8 -c ../.././../gmp/gmp-5.1.1/printf/doprntf.c -o doprntf.o
libtool: compile:  gcc-4.7 -std=gnu99 -DHAVE_CONFIG_H -I. -I../.././../gmp/gmp-5.1.1/printf -I.. -D__GMP_WITHIN_GMP -I../.././../gmp/gmp-5.1.1 -O2 -pedantic -fomit-frame-pointer -m64 -mtune=k8 -march=k8 -c ../.././../gmp/gmp-5.1.1/printf/doprnti.c -o doprnti.o
/bin/bash ../libtool --tag=CC   --mode=compile gcc-4.7 -std=gnu99 -DHAVE_CONFIG_H -I. -I../.././../gmp/gmp-5.1.1/printf -I.. -D__GMP_WITHIN_GMP -I../.././../gmp/gmp-5.1.1    -O2 -pedantic -fomit-frame-pointer -m64 -mtune=k8 -march=k8 -c -o fprintf.lo ../.././../gmp/gmp-5.1.1/printf/fprintf.c
libtool: compile:  gcc-4.7 -std=gnu99 -DHAVE_CONFIG_H -I. -I../.././../gmp/gmp-5.1.1/printf -I.. -D__GMP_WITHIN_GMP -I../.././../gmp/gmp-5.1.1 -O2 -pedantic -fomit-frame-pointer -m64 -mtune=k8 -march=k8 -c ../.././../gmp/gmp-5.1.1/printf/fprintf.c -o fprintf.o
/bin/bash ../libtool --tag=CC   --mode=compile gcc-4.7 -std=gnu99 -DHAVE_CONFIG_H -I. -I../.././../gmp/gmp-5.1.1/printf -I.. -D__GMP_WITHIN_GMP -I../.././../gmp/gmp-5.1.1    -O2 -pedantic -fomit-frame-pointer -m64 -mtune=k8 -march=k8 -c -o obprintf.lo ../.././../gmp/gmp-5.1.1/printf/obprintf.c
/bin/bash ../libtool --tag=CC   --mode=compile gcc-4.7 -std=gnu99 -DHAVE_CONFIG_H -I. -I../.././../gmp/gmp-5.1.1/printf -I.. -D__GMP_WITHIN_GMP -I../.././../gmp/gmp-5.1.1    -O2 -pedantic -fomit-frame-pointer -m64 -mtune=k8 -march=k8 -c -o obvprintf.lo ../.././../gmp/gmp-5.1.1/printf/obvprintf.c
libtool: compile:  gcc-4.7 -std=gnu99 -DHAVE_CONFIG_H -I. -I../.././../gmp/gmp-5.1.1/printf -I.. -D__GMP_WITHIN_GMP -I../.././../gmp/gmp-5.1.1 -O2 -pedantic -fomit-frame-pointer -m64 -mtune=k8 -march=k8 -c ../.././../gmp/gmp-5.1.1/printf/obprintf.c -o obprintf.o
/bin/bash ../libtool --tag=CC   --mode=compile gcc-4.7 -std=gnu99 -DHAVE_CONFIG_H -I. -I../.././../gmp/gmp-5.1.1/printf -I.. -D__GMP_WITHIN_GMP -I../.././../gmp/gmp-5.1.1    -O2 -pedantic -fomit-frame-pointer -m64 -mtune=k8 -march=k8 -c -o obprntffuns.lo ../.././../gmp/gmp-5.1.1/printf/obprntffuns.c
/bin/bash ../libtool --tag=CC   --mode=compile gcc-4.7 -std=gnu99 -DHAVE_CONFIG_H -I. -I../.././../gmp/gmp-5.1.1/printf -I.. -D__GMP_WITHIN_GMP -I../.././../gmp/gmp-5.1.1    -O2 -pedantic -fomit-frame-pointer -m64 -mtune=k8 -march=k8 -c -o printf.lo ../.././../gmp/gmp-5.1.1/printf/printf.c
libtool: compile:  gcc-4.7 -std=gnu99 -DHAVE_CONFIG_H -I. -I../.././../gmp/gmp-5.1.1/printf -I.. -D__GMP_WITHIN_GMP -I../.././../gmp/gmp-5.1.1 -O2 -pedantic -fomit-frame-pointer -m64 -mtune=k8 -march=k8 -c ../.././../gmp/gmp-5.1.1/printf/obvprintf.c -o obvprintf.o
libtool: compile:  gcc-4.7 -std=gnu99 -DHAVE_CONFIG_H -I. -I../.././../gmp/gmp-5.1.1/printf -I.. -D__GMP_WITHIN_GMP -I../.././../gmp/gmp-5.1.1 -O2 -pedantic -fomit-frame-pointer -m64 -mtune=k8 -march=k8 -c ../.././../gmp/gmp-5.1.1/printf/obprntffuns.c -o obprntffuns.o
/bin/bash ../libtool --tag=CC   --mode=compile gcc-4.7 -std=gnu99 -DHAVE_CONFIG_H -I. -I../.././../gmp/gmp-5.1.1/printf -I.. -D__GMP_WITHIN_GMP -I../.././../gmp/gmp-5.1.1    -O2 -pedantic -fomit-frame-pointer -m64 -mtune=k8 -march=k8 -c -o printffuns.lo ../.././../gmp/gmp-5.1.1/printf/printffuns.c
libtool: compile:  gcc-4.7 -std=gnu99 -DHAVE_CONFIG_H -I. -I../.././../gmp/gmp-5.1.1/printf -I.. -D__GMP_WITHIN_GMP -I../.././../gmp/gmp-5.1.1 -O2 -pedantic -fomit-frame-pointer -m64 -mtune=k8 -march=k8 -c ../.././../gmp/gmp-5.1.1/printf/printf.c -o printf.o
libtool: compile:  gcc-4.7 -std=gnu99 -DHAVE_CONFIG_H -I. -I../.././../gmp/gmp-5.1.1/printf -I.. -D__GMP_WITHIN_GMP -I../.././../gmp/gmp-5.1.1 -O2 -pedantic -fomit-frame-pointer -m64 -mtune=k8 -march=k8 -c ../.././../gmp/gmp-5.1.1/printf/printffuns.c -o printffuns.o
/bin/bash ../libtool --tag=CC   --mode=compile gcc-4.7 -std=gnu99 -DHAVE_CONFIG_H -I. -I../.././../gmp/gmp-5.1.1/printf -I.. -D__GMP_WITHIN_GMP -I../.././../gmp/gmp-5.1.1    -O2 -pedantic -fomit-frame-pointer -m64 -mtune=k8 -march=k8 -c -o snprintf.lo ../.././../gmp/gmp-5.1.1/printf/snprintf.c
/bin/bash ../libtool --tag=CC   --mode=compile gcc-4.7 -std=gnu99 -DHAVE_CONFIG_H -I. -I../.././../gmp/gmp-5.1.1/printf -I.. -D__GMP_WITHIN_GMP -I../.././../gmp/gmp-5.1.1    -O2 -pedantic -fomit-frame-pointer -m64 -mtune=k8 -march=k8 -c -o snprntffuns.lo ../.././../gmp/gmp-5.1.1/printf/snprntffuns.c
/bin/bash ../libtool --tag=CC   --mode=compile gcc-4.7 -std=gnu99 -DHAVE_CONFIG_H -I. -I../.././../gmp/gmp-5.1.1/printf -I.. -D__GMP_WITHIN_GMP -I../.././../gmp/gmp-5.1.1    -O2 -pedantic -fomit-frame-pointer -m64 -mtune=k8 -march=k8 -c -o sprintf.lo ../.././../gmp/gmp-5.1.1/printf/sprintf.c
libtool: compile:  gcc-4.7 -std=gnu99 -DHAVE_CONFIG_H -I. -I../.././../gmp/gmp-5.1.1/printf -I.. -D__GMP_WITHIN_GMP -I../.././../gmp/gmp-5.1.1 -O2 -pedantic -fomit-frame-pointer -m64 -mtune=k8 -march=k8 -c ../.././../gmp/gmp-5.1.1/printf/snprntffuns.c -o snprntffuns.o
libtool: compile:  gcc-4.7 -std=gnu99 -DHAVE_CONFIG_H -I. -I../.././../gmp/gmp-5.1.1/printf -I.. -D__GMP_WITHIN_GMP -I../.././../gmp/gmp-5.1.1 -O2 -pedantic -fomit-frame-pointer -m64 -mtune=k8 -march=k8 -c ../.././../gmp/gmp-5.1.1/printf/snprintf.c -o snprintf.o
libtool: compile:  gcc-4.7 -std=gnu99 -DHAVE_CONFIG_H -I. -I../.././../gmp/gmp-5.1.1/printf -I.. -D__GMP_WITHIN_GMP -I../.././../gmp/gmp-5.1.1 -O2 -pedantic -fomit-frame-pointer -m64 -mtune=k8 -march=k8 -c ../.././../gmp/gmp-5.1.1/printf/sprintf.c -o sprintf.o
/bin/bash ../libtool --tag=CC   --mode=compile gcc-4.7 -std=gnu99 -DHAVE_CONFIG_H -I. -I../.././../gmp/gmp-5.1.1/printf -I.. -D__GMP_WITHIN_GMP -I../.././../gmp/gmp-5.1.1    -O2 -pedantic -fomit-frame-pointer -m64 -mtune=k8 -march=k8 -c -o sprintffuns.lo ../.././../gmp/gmp-5.1.1/printf/sprintffuns.c
mv -f .deps/elf-eh-frame.Tpo .deps/elf-eh-frame.Plo
/bin/bash ../libtool --tag=CC   --mode=compile gcc-4.7 -std=gnu99 -DHAVE_CONFIG_H -I. -I../.././../gmp/gmp-5.1.1/printf -I.. -D__GMP_WITHIN_GMP -I../.././../gmp/gmp-5.1.1    -O2 -pedantic -fomit-frame-pointer -m64 -mtune=k8 -march=k8 -c -o vasprintf.lo ../.././../gmp/gmp-5.1.1/printf/vasprintf.c
/bin/bash ../libtool --tag=CC   --mode=compile gcc-4.7 -std=gnu99 -DHAVE_CONFIG_H -I. -I../.././../gmp/gmp-5.1.1/printf -I.. -D__GMP_WITHIN_GMP -I../.././../gmp/gmp-5.1.1    -O2 -pedantic -fomit-frame-pointer -m64 -mtune=k8 -march=k8 -c -o vfprintf.lo ../.././../gmp/gmp-5.1.1/printf/vfprintf.c
libtool: compile:  gcc-4.7 -std=gnu99 -DHAVE_CONFIG_H -I. -I../.././../gmp/gmp-5.1.1/printf -I.. -D__GMP_WITHIN_GMP -I../.././../gmp/gmp-5.1.1 -O2 -pedantic -fomit-frame-pointer -m64 -mtune=k8 -march=k8 -c ../.././../gmp/gmp-5.1.1/printf/sprintffuns.c -o sprintffuns.o
libtool: compile:  gcc-4.7 -std=gnu99 -DHAVE_CONFIG_H -I. -I../.././../gmp/gmp-5.1.1/printf -I.. -D__GMP_WITHIN_GMP -I../.././../gmp/gmp-5.1.1 -O2 -pedantic -fomit-frame-pointer -m64 -mtune=k8 -march=k8 -c ../.././../gmp/gmp-5.1.1/printf/vfprintf.c -o vfprintf.o
/bin/bash ../libtool --tag=CC   --mode=compile gcc-4.7 -std=gnu99 -DHAVE_CONFIG_H -I. -I../.././../gmp/gmp-5.1.1/printf -I.. -D__GMP_WITHIN_GMP -I../.././../gmp/gmp-5.1.1    -O2 -pedantic -fomit-frame-pointer -m64 -mtune=k8 -march=k8 -c -o vprintf.lo ../.././../gmp/gmp-5.1.1/printf/vprintf.c
libtool: compile:  gcc-4.7 -std=gnu99 -DHAVE_CONFIG_H -I. -I../.././../gmp/gmp-5.1.1/printf -I.. -D__GMP_WITHIN_GMP -I../.././../gmp/gmp-5.1.1 -O2 -pedantic -fomit-frame-pointer -m64 -mtune=k8 -march=k8 -c ../.././../gmp/gmp-5.1.1/printf/vasprintf.c -o vasprintf.o
libtool: compile:  gcc-4.7 -std=gnu99 -DHAVE_CONFIG_H -I. -I../.././../gmp/gmp-5.1.1/printf -I.. -D__GMP_WITHIN_GMP -I../.././../gmp/gmp-5.1.1 -O2 -pedantic -fomit-frame-pointer -m64 -mtune=k8 -march=k8 -c ../.././../gmp/gmp-5.1.1/printf/vprintf.c -o vprintf.o
/bin/bash ../libtool --tag=CC   --mode=compile gcc-4.7 -std=gnu99 -DHAVE_CONFIG_H -I. -I../.././../gmp/gmp-5.1.1/printf -I.. -D__GMP_WITHIN_GMP -I../.././../gmp/gmp-5.1.1    -O2 -pedantic -fomit-frame-pointer -m64 -mtune=k8 -march=k8 -c -o vsnprintf.lo ../.././../gmp/gmp-5.1.1/printf/vsnprintf.c
/bin/bash ../libtool --tag=CC   --mode=compile gcc-4.7 -std=gnu99 -DHAVE_CONFIG_H -I. -I../.././../gmp/gmp-5.1.1/printf -I.. -D__GMP_WITHIN_GMP -I../.././../gmp/gmp-5.1.1    -O2 -pedantic -fomit-frame-pointer -m64 -mtune=k8 -march=k8 -c -o vsprintf.lo ../.././../gmp/gmp-5.1.1/printf/vsprintf.c
libtool: compile:  gcc-4.7 -std=gnu99 -DHAVE_CONFIG_H -I. -I../.././../gmp/gmp-5.1.1/printf -I.. -D__GMP_WITHIN_GMP -I../.././../gmp/gmp-5.1.1 -O2 -pedantic -fomit-frame-pointer -m64 -mtune=k8 -march=k8 -c ../.././../gmp/gmp-5.1.1/printf/vsnprintf.c -o vsnprintf.o
/bin/bash ../libtool --tag=CC   --mode=compile gcc-4.7 -std=gnu99 -DHAVE_CONFIG_H -I. -I../.././../gmp/gmp-5.1.1/printf -I.. -D__GMP_WITHIN_GMP -I../.././../gmp/gmp-5.1.1    -O2 -pedantic -fomit-frame-pointer -m64 -mtune=k8 -march=k8 -c -o repl-vsnprintf.lo ../.././../gmp/gmp-5.1.1/printf/repl-vsnprintf.c
libtool: compile:  gcc-4.7 -std=gnu99 -DHAVE_CONFIG_H -I. -I../.././../gmp/gmp-5.1.1/printf -I.. -D__GMP_WITHIN_GMP -I../.././../gmp/gmp-5.1.1 -O2 -pedantic -fomit-frame-pointer -m64 -mtune=k8 -march=k8 -c ../.././../gmp/gmp-5.1.1/printf/vsprintf.c -o vsprintf.o
libtool: compile:  gcc-4.7 -std=gnu99 -DHAVE_CONFIG_H -I. -I../.././../gmp/gmp-5.1.1/printf -I.. -D__GMP_WITHIN_GMP -I../.././../gmp/gmp-5.1.1 -O2 -pedantic -fomit-frame-pointer -m64 -mtune=k8 -march=k8 -c ../.././../gmp/gmp-5.1.1/printf/repl-vsnprintf.c -o repl-vsnprintf.o
../.././../gmp/gmp-5.1.1/printf/repl-vsnprintf.c:389:0: warning: ISO C forbids an empty translation unit [-pedantic]
/bin/bash ../libtool --tag=CC   --mode=link gcc-4.7 -std=gnu99  -O2 -pedantic -fomit-frame-pointer -m64 -mtune=k8 -march=k8   -o libprintf.la  asprintf.lo asprntffuns.lo doprnt.lo doprntf.lo doprnti.lo fprintf.lo obprintf.lo obvprintf.lo obprntffuns.lo printf.lo printffuns.lo snprintf.lo snprntffuns.lo sprintf.lo sprintffuns.lo vasprintf.lo vfprintf.lo vprintf.lo vsnprintf.lo vsprintf.lo repl-vsnprintf.lo  
libtool: link: ar cq .libs/libprintf.a  asprintf.o asprntffuns.o doprnt.o doprntf.o doprnti.o fprintf.o obprintf.o obvprintf.o obprntffuns.o printf.o printffuns.o snprintf.o snprntffuns.o sprintf.o sprintffuns.o vasprintf.o vfprintf.o vprintf.o vsnprintf.o vsprintf.o repl-vsnprintf.o
libtool: link: ranlib .libs/libprintf.a
libtool: link: ( cd ".libs" && rm -f "libprintf.la" && ln -s "../libprintf.la" "libprintf.la" )
make[3]: Leaving directory `/home/sparksco/android/toolchain/aosp/build/gmp-5.1.1/printf'
Making all in scanf
make[3]: Entering directory `/home/sparksco/android/toolchain/aosp/build/gmp-5.1.1/scanf'
/bin/bash ../libtool --tag=CC   --mode=compile gcc-4.7 -std=gnu99 -DHAVE_CONFIG_H -I. -I../.././../gmp/gmp-5.1.1/scanf -I.. -D__GMP_WITHIN_GMP -I../.././../gmp/gmp-5.1.1    -O2 -pedantic -fomit-frame-pointer -m64 -mtune=k8 -march=k8 -c -o doscan.lo ../.././../gmp/gmp-5.1.1/scanf/doscan.c
/bin/bash ../libtool --tag=CC   --mode=compile gcc-4.7 -std=gnu99 -DHAVE_CONFIG_H -I. -I../.././../gmp/gmp-5.1.1/scanf -I.. -D__GMP_WITHIN_GMP -I../.././../gmp/gmp-5.1.1    -O2 -pedantic -fomit-frame-pointer -m64 -mtune=k8 -march=k8 -c -o fscanf.lo ../.././../gmp/gmp-5.1.1/scanf/fscanf.c
/bin/bash ../libtool --tag=CC   --mode=compile gcc-4.7 -std=gnu99 -DHAVE_CONFIG_H -I. -I../.././../gmp/gmp-5.1.1/scanf -I.. -D__GMP_WITHIN_GMP -I../.././../gmp/gmp-5.1.1    -O2 -pedantic -fomit-frame-pointer -m64 -mtune=k8 -march=k8 -c -o fscanffuns.lo ../.././../gmp/gmp-5.1.1/scanf/fscanffuns.c
/bin/bash ../libtool --tag=CC   --mode=compile gcc-4.7 -std=gnu99 -DHAVE_CONFIG_H -I. -I../.././../gmp/gmp-5.1.1/scanf -I.. -D__GMP_WITHIN_GMP -I../.././../gmp/gmp-5.1.1    -O2 -pedantic -fomit-frame-pointer -m64 -mtune=k8 -march=k8 -c -o scanf.lo ../.././../gmp/gmp-5.1.1/scanf/scanf.c
/bin/bash ../libtool --tag=CC   --mode=compile gcc-4.7 -std=gnu99 -DHAVE_CONFIG_H -I. -I../.././../gmp/gmp-5.1.1/scanf -I.. -D__GMP_WITHIN_GMP -I../.././../gmp/gmp-5.1.1    -O2 -pedantic -fomit-frame-pointer -m64 -mtune=k8 -march=k8 -c -o sscanf.lo ../.././../gmp/gmp-5.1.1/scanf/sscanf.c
libtool: compile:  gcc-4.7 -std=gnu99 -DHAVE_CONFIG_H -I. -I../.././../gmp/gmp-5.1.1/scanf -I.. -D__GMP_WITHIN_GMP -I../.././../gmp/gmp-5.1.1 -O2 -pedantic -fomit-frame-pointer -m64 -mtune=k8 -march=k8 -c ../.././../gmp/gmp-5.1.1/scanf/fscanf.c -o fscanf.o
libtool: compile:  gcc-4.7 -std=gnu99 -DHAVE_CONFIG_H -I. -I../.././../gmp/gmp-5.1.1/scanf -I.. -D__GMP_WITHIN_GMP -I../.././../gmp/gmp-5.1.1 -O2 -pedantic -fomit-frame-pointer -m64 -mtune=k8 -march=k8 -c ../.././../gmp/gmp-5.1.1/scanf/doscan.c -o doscan.o
libtool: compile:  gcc-4.7 -std=gnu99 -DHAVE_CONFIG_H -I. -I../.././../gmp/gmp-5.1.1/scanf -I.. -D__GMP_WITHIN_GMP -I../.././../gmp/gmp-5.1.1 -O2 -pedantic -fomit-frame-pointer -m64 -mtune=k8 -march=k8 -c ../.././../gmp/gmp-5.1.1/scanf/fscanffuns.c -o fscanffuns.o
libtool: compile:  gcc-4.7 -std=gnu99 -DHAVE_CONFIG_H -I. -I../.././../gmp/gmp-5.1.1/scanf -I.. -D__GMP_WITHIN_GMP -I../.././../gmp/gmp-5.1.1 -O2 -pedantic -fomit-frame-pointer -m64 -mtune=k8 -march=k8 -c ../.././../gmp/gmp-5.1.1/scanf/sscanf.c -o sscanf.o
libtool: compile:  gcc-4.7 -std=gnu99 -DHAVE_CONFIG_H -I. -I../.././../gmp/gmp-5.1.1/scanf -I.. -D__GMP_WITHIN_GMP -I../.././../gmp/gmp-5.1.1 -O2 -pedantic -fomit-frame-pointer -m64 -mtune=k8 -march=k8 -c ../.././../gmp/gmp-5.1.1/scanf/scanf.c -o scanf.o
/bin/bash ../libtool --tag=CC   --mode=compile gcc-4.7 -std=gnu99 -DHAVE_CONFIG_H -I. -I../.././../gmp/gmp-5.1.1/scanf -I.. -D__GMP_WITHIN_GMP -I../.././../gmp/gmp-5.1.1    -O2 -pedantic -fomit-frame-pointer -m64 -mtune=k8 -march=k8 -c -o sscanffuns.lo ../.././../gmp/gmp-5.1.1/scanf/sscanffuns.c
/bin/bash ../libtool --tag=CC   --mode=compile gcc-4.7 -std=gnu99 -DHAVE_CONFIG_H -I. -I../.././../gmp/gmp-5.1.1/scanf -I.. -D__GMP_WITHIN_GMP -I../.././../gmp/gmp-5.1.1    -O2 -pedantic -fomit-frame-pointer -m64 -mtune=k8 -march=k8 -c -o vfscanf.lo ../.././../gmp/gmp-5.1.1/scanf/vfscanf.c
/bin/bash ../libtool --tag=CC   --mode=compile gcc-4.7 -std=gnu99 -DHAVE_CONFIG_H -I. -I../.././../gmp/gmp-5.1.1/scanf -I.. -D__GMP_WITHIN_GMP -I../.././../gmp/gmp-5.1.1    -O2 -pedantic -fomit-frame-pointer -m64 -mtune=k8 -march=k8 -c -o vscanf.lo ../.././../gmp/gmp-5.1.1/scanf/vscanf.c
libtool: compile:  gcc-4.7 -std=gnu99 -DHAVE_CONFIG_H -I. -I../.././../gmp/gmp-5.1.1/scanf -I.. -D__GMP_WITHIN_GMP -I../.././../gmp/gmp-5.1.1 -O2 -pedantic -fomit-frame-pointer -m64 -mtune=k8 -march=k8 -c ../.././../gmp/gmp-5.1.1/scanf/sscanffuns.c -o sscanffuns.o
/bin/bash ../libtool --tag=CC   --mode=compile gcc-4.7 -std=gnu99 -DHAVE_CONFIG_H -I. -I../.././../gmp/gmp-5.1.1/scanf -I.. -D__GMP_WITHIN_GMP -I../.././../gmp/gmp-5.1.1    -O2 -pedantic -fomit-frame-pointer -m64 -mtune=k8 -march=k8 -c -o vsscanf.lo ../.././../gmp/gmp-5.1.1/scanf/vsscanf.c
libtool: compile:  gcc-4.7 -std=gnu99 -DHAVE_CONFIG_H -I. -I../.././../gmp/gmp-5.1.1/scanf -I.. -D__GMP_WITHIN_GMP -I../.././../gmp/gmp-5.1.1 -O2 -pedantic -fomit-frame-pointer -m64 -mtune=k8 -march=k8 -c ../.././../gmp/gmp-5.1.1/scanf/vfscanf.c -o vfscanf.o
libtool: compile:  gcc-4.7 -std=gnu99 -DHAVE_CONFIG_H -I. -I../.././../gmp/gmp-5.1.1/scanf -I.. -D__GMP_WITHIN_GMP -I../.././../gmp/gmp-5.1.1 -O2 -pedantic -fomit-frame-pointer -m64 -mtune=k8 -march=k8 -c ../.././../gmp/gmp-5.1.1/scanf/vsscanf.c -o vsscanf.o
libtool: compile:  gcc-4.7 -std=gnu99 -DHAVE_CONFIG_H -I. -I../.././../gmp/gmp-5.1.1/scanf -I.. -D__GMP_WITHIN_GMP -I../.././../gmp/gmp-5.1.1 -O2 -pedantic -fomit-frame-pointer -m64 -mtune=k8 -march=k8 -c ../.././../gmp/gmp-5.1.1/scanf/vscanf.c -o vscanf.o
/bin/bash ../libtool --tag=CC   --mode=link gcc-4.7 -std=gnu99  -O2 -pedantic -fomit-frame-pointer -m64 -mtune=k8 -march=k8   -o libscanf.la  doscan.lo fscanf.lo fscanffuns.lo scanf.lo sscanf.lo sscanffuns.lo vfscanf.lo vscanf.lo vsscanf.lo  
mv -f .deps/tc-arm.Tpo .deps/tc-arm.Po
/bin/bash ./libtool --tag=CC   --mode=link gcc-4.7 -W -Wall -Wstrict-prototypes -Wmissing-prototypes -Wshadow -Werror -g -O2   -o as-new app.o as.o atof-generic.o compress-debug.o cond.o depend.o dwarf2dbg.o dw2gencfi.o ecoff.o ehopt.o expr.o flonum-copy.o flonum-konst.o flonum-mult.o frags.o hash.o input-file.o input-scrub.o listing.o literal.o macro.o messages.o output-file.o read.o remap.o sb.o stabs.o subsegs.o symbols.o write.o tc-arm.o obj-elf.o atof-ieee.o  ../opcodes/libopcodes.la ../bfd/libbfd.la ../libiberty/libiberty.a   -lz 
libtool: link: ar cq .libs/libscanf.a  doscan.o fscanf.o fscanffuns.o scanf.o sscanf.o sscanffuns.o vfscanf.o vscanf.o vsscanf.o
libtool: link: ranlib .libs/libscanf.a
libtool: link: ( cd ".libs" && rm -f "libscanf.la" && ln -s "../libscanf.la" "libscanf.la" )
make[3]: Leaving directory `/home/sparksco/android/toolchain/aosp/build/gmp-5.1.1/scanf'
Making all in rand
make[3]: Entering directory `/home/sparksco/android/toolchain/aosp/build/gmp-5.1.1/rand'
/bin/bash ../libtool --tag=CC   --mode=compile gcc-4.7 -std=gnu99 -DHAVE_CONFIG_H -I. -I../.././../gmp/gmp-5.1.1/rand -I.. -D__GMP_WITHIN_GMP -I../.././../gmp/gmp-5.1.1    -O2 -pedantic -fomit-frame-pointer -m64 -mtune=k8 -march=k8 -c -o rand.lo ../.././../gmp/gmp-5.1.1/rand/rand.c
/bin/bash ../libtool --tag=CC   --mode=compile gcc-4.7 -std=gnu99 -DHAVE_CONFIG_H -I. -I../.././../gmp/gmp-5.1.1/rand -I.. -D__GMP_WITHIN_GMP -I../.././../gmp/gmp-5.1.1    -O2 -pedantic -fomit-frame-pointer -m64 -mtune=k8 -march=k8 -c -o randclr.lo ../.././../gmp/gmp-5.1.1/rand/randclr.c
/bin/bash ../libtool --tag=CC   --mode=compile gcc-4.7 -std=gnu99 -DHAVE_CONFIG_H -I. -I../.././../gmp/gmp-5.1.1/rand -I.. -D__GMP_WITHIN_GMP -I../.././../gmp/gmp-5.1.1    -O2 -pedantic -fomit-frame-pointer -m64 -mtune=k8 -march=k8 -c -o randdef.lo ../.././../gmp/gmp-5.1.1/rand/randdef.c
/bin/bash ../libtool --tag=CC   --mode=compile gcc-4.7 -std=gnu99 -DHAVE_CONFIG_H -I. -I../.././../gmp/gmp-5.1.1/rand -I.. -D__GMP_WITHIN_GMP -I../.././../gmp/gmp-5.1.1    -O2 -pedantic -fomit-frame-pointer -m64 -mtune=k8 -march=k8 -c -o randiset.lo ../.././../gmp/gmp-5.1.1/rand/randiset.c
/bin/bash ../libtool --tag=CC   --mode=compile gcc-4.7 -std=gnu99 -DHAVE_CONFIG_H -I. -I../.././../gmp/gmp-5.1.1/rand -I.. -D__GMP_WITHIN_GMP -I../.././../gmp/gmp-5.1.1    -O2 -pedantic -fomit-frame-pointer -m64 -mtune=k8 -march=k8 -c -o randlc2s.lo ../.././../gmp/gmp-5.1.1/rand/randlc2s.c
libtool: compile:  gcc-4.7 -std=gnu99 -DHAVE_CONFIG_H -I. -I../.././../gmp/gmp-5.1.1/rand -I.. -D__GMP_WITHIN_GMP -I../.././../gmp/gmp-5.1.1 -O2 -pedantic -fomit-frame-pointer -m64 -mtune=k8 -march=k8 -c ../.././../gmp/gmp-5.1.1/rand/randdef.c -o randdef.o
libtool: compile:  gcc-4.7 -std=gnu99 -DHAVE_CONFIG_H -I. -I../.././../gmp/gmp-5.1.1/rand -I.. -D__GMP_WITHIN_GMP -I../.././../gmp/gmp-5.1.1 -O2 -pedantic -fomit-frame-pointer -m64 -mtune=k8 -march=k8 -c ../.././../gmp/gmp-5.1.1/rand/rand.c -o rand.o
libtool: compile:  gcc-4.7 -std=gnu99 -DHAVE_CONFIG_H -I. -I../.././../gmp/gmp-5.1.1/rand -I.. -D__GMP_WITHIN_GMP -I../.././../gmp/gmp-5.1.1 -O2 -pedantic -fomit-frame-pointer -m64 -mtune=k8 -march=k8 -c ../.././../gmp/gmp-5.1.1/rand/randclr.c -o randclr.o
libtool: compile:  gcc-4.7 -std=gnu99 -DHAVE_CONFIG_H -I. -I../.././../gmp/gmp-5.1.1/rand -I.. -D__GMP_WITHIN_GMP -I../.././../gmp/gmp-5.1.1 -O2 -pedantic -fomit-frame-pointer -m64 -mtune=k8 -march=k8 -c ../.././../gmp/gmp-5.1.1/rand/randiset.c -o randiset.o
libtool: compile:  gcc-4.7 -std=gnu99 -DHAVE_CONFIG_H -I. -I../.././../gmp/gmp-5.1.1/rand -I.. -D__GMP_WITHIN_GMP -I../.././../gmp/gmp-5.1.1 -O2 -pedantic -fomit-frame-pointer -m64 -mtune=k8 -march=k8 -c ../.././../gmp/gmp-5.1.1/rand/randlc2s.c -o randlc2s.o
/bin/bash ../libtool --tag=CC   --mode=compile gcc-4.7 -std=gnu99 -DHAVE_CONFIG_H -I. -I../.././../gmp/gmp-5.1.1/rand -I.. -D__GMP_WITHIN_GMP -I../.././../gmp/gmp-5.1.1    -O2 -pedantic -fomit-frame-pointer -m64 -mtune=k8 -march=k8 -c -o randlc2x.lo ../.././../gmp/gmp-5.1.1/rand/randlc2x.c
/bin/bash ../libtool --tag=CC   --mode=compile gcc-4.7 -std=gnu99 -DHAVE_CONFIG_H -I. -I../.././../gmp/gmp-5.1.1/rand -I.. -D__GMP_WITHIN_GMP -I../.././../gmp/gmp-5.1.1    -O2 -pedantic -fomit-frame-pointer -m64 -mtune=k8 -march=k8 -c -o randmt.lo ../.././../gmp/gmp-5.1.1/rand/randmt.c
/bin/bash ../libtool --tag=CC   --mode=compile gcc-4.7 -std=gnu99 -DHAVE_CONFIG_H -I. -I../.././../gmp/gmp-5.1.1/rand -I.. -D__GMP_WITHIN_GMP -I../.././../gmp/gmp-5.1.1    -O2 -pedantic -fomit-frame-pointer -m64 -mtune=k8 -march=k8 -c -o randmts.lo ../.././../gmp/gmp-5.1.1/rand/randmts.c
/bin/bash ../libtool --tag=CC   --mode=compile gcc-4.7 -std=gnu99 -DHAVE_CONFIG_H -I. -I../.././../gmp/gmp-5.1.1/rand -I.. -D__GMP_WITHIN_GMP -I../.././../gmp/gmp-5.1.1    -O2 -pedantic -fomit-frame-pointer -m64 -mtune=k8 -march=k8 -c -o rands.lo ../.././../gmp/gmp-5.1.1/rand/rands.c
libtool: compile:  gcc-4.7 -std=gnu99 -DHAVE_CONFIG_H -I. -I../.././../gmp/gmp-5.1.1/rand -I.. -D__GMP_WITHIN_GMP -I../.././../gmp/gmp-5.1.1 -O2 -pedantic -fomit-frame-pointer -m64 -mtune=k8 -march=k8 -c ../.././../gmp/gmp-5.1.1/rand/randmt.c -o randmt.o
libtool: compile:  gcc-4.7 -std=gnu99 -DHAVE_CONFIG_H -I. -I../.././../gmp/gmp-5.1.1/rand -I.. -D__GMP_WITHIN_GMP -I../.././../gmp/gmp-5.1.1 -O2 -pedantic -fomit-frame-pointer -m64 -mtune=k8 -march=k8 -c ../.././../gmp/gmp-5.1.1/rand/randmts.c -o randmts.o
libtool: compile:  gcc-4.7 -std=gnu99 -DHAVE_CONFIG_H -I. -I../.././../gmp/gmp-5.1.1/rand -I.. -D__GMP_WITHIN_GMP -I../.././../gmp/gmp-5.1.1 -O2 -pedantic -fomit-frame-pointer -m64 -mtune=k8 -march=k8 -c ../.././../gmp/gmp-5.1.1/rand/rands.c -o rands.o
/bin/bash ../libtool --tag=CC   --mode=compile gcc-4.7 -std=gnu99 -DHAVE_CONFIG_H -I. -I../.././../gmp/gmp-5.1.1/rand -I.. -D__GMP_WITHIN_GMP -I../.././../gmp/gmp-5.1.1    -O2 -pedantic -fomit-frame-pointer -m64 -mtune=k8 -march=k8 -c -o randsd.lo ../.././../gmp/gmp-5.1.1/rand/randsd.c
libtool: compile:  gcc-4.7 -std=gnu99 -DHAVE_CONFIG_H -I. -I../.././../gmp/gmp-5.1.1/rand -I.. -D__GMP_WITHIN_GMP -I../.././../gmp/gmp-5.1.1 -O2 -pedantic -fomit-frame-pointer -m64 -mtune=k8 -march=k8 -c ../.././../gmp/gmp-5.1.1/rand/randlc2x.c -o randlc2x.o
libtool: link: gcc-4.7 -W -Wall -Wstrict-prototypes -Wmissing-prototypes -Wshadow -Werror -g -O2 -o as-new app.o as.o atof-generic.o compress-debug.o cond.o depend.o dwarf2dbg.o dw2gencfi.o ecoff.o ehopt.o expr.o flonum-copy.o flonum-konst.o flonum-mult.o frags.o hash.o input-file.o input-scrub.o listing.o literal.o macro.o messages.o output-file.o read.o remap.o sb.o stabs.o subsegs.o symbols.o write.o tc-arm.o obj-elf.o atof-ieee.o  ../opcodes/.libs/libopcodes.a ../bfd/.libs/libbfd.a ../libiberty/libiberty.a -lz
/bin/bash ../libtool --tag=CC   --mode=compile gcc-4.7 -std=gnu99 -DHAVE_CONFIG_H -I. -I../.././../gmp/gmp-5.1.1/rand -I.. -D__GMP_WITHIN_GMP -I../.././../gmp/gmp-5.1.1    -O2 -pedantic -fomit-frame-pointer -m64 -mtune=k8 -march=k8 -c -o randsdui.lo ../.././../gmp/gmp-5.1.1/rand/randsdui.c
/bin/bash ../libtool --tag=CC   --mode=compile gcc-4.7 -std=gnu99 -DHAVE_CONFIG_H -I. -I../.././../gmp/gmp-5.1.1/rand -I.. -D__GMP_WITHIN_GMP -I../.././../gmp/gmp-5.1.1    -O2 -pedantic -fomit-frame-pointer -m64 -mtune=k8 -march=k8 -c -o randbui.lo ../.././../gmp/gmp-5.1.1/rand/randbui.c
libtool: compile:  gcc-4.7 -std=gnu99 -DHAVE_CONFIG_H -I. -I../.././../gmp/gmp-5.1.1/rand -I.. -D__GMP_WITHIN_GMP -I../.././../gmp/gmp-5.1.1 -O2 -pedantic -fomit-frame-pointer -m64 -mtune=k8 -march=k8 -c ../.././../gmp/gmp-5.1.1/rand/randsd.c -o randsd.o
/bin/bash ../libtool --tag=CC   --mode=compile gcc-4.7 -std=gnu99 -DHAVE_CONFIG_H -I. -I../.././../gmp/gmp-5.1.1/rand -I.. -D__GMP_WITHIN_GMP -I../.././../gmp/gmp-5.1.1    -O2 -pedantic -fomit-frame-pointer -m64 -mtune=k8 -march=k8 -c -o randmui.lo ../.././../gmp/gmp-5.1.1/rand/randmui.c
libtool: compile:  gcc-4.7 -std=gnu99 -DHAVE_CONFIG_H -I. -I../.././../gmp/gmp-5.1.1/rand -I.. -D__GMP_WITHIN_GMP -I../.././../gmp/gmp-5.1.1 -O2 -pedantic -fomit-frame-pointer -m64 -mtune=k8 -march=k8 -c ../.././../gmp/gmp-5.1.1/rand/randsdui.c -o randsdui.o
libtool: compile:  gcc-4.7 -std=gnu99 -DHAVE_CONFIG_H -I. -I../.././../gmp/gmp-5.1.1/rand -I.. -D__GMP_WITHIN_GMP -I../.././../gmp/gmp-5.1.1 -O2 -pedantic -fomit-frame-pointer -m64 -mtune=k8 -march=k8 -c ../.././../gmp/gmp-5.1.1/rand/randmui.c -o randmui.o
libtool: compile:  gcc-4.7 -std=gnu99 -DHAVE_CONFIG_H -I. -I../.././../gmp/gmp-5.1.1/rand -I.. -D__GMP_WITHIN_GMP -I../.././../gmp/gmp-5.1.1 -O2 -pedantic -fomit-frame-pointer -m64 -mtune=k8 -march=k8 -c ../.././../gmp/gmp-5.1.1/rand/randbui.c -o randbui.o
/bin/bash ../libtool --tag=CC   --mode=link gcc-4.7 -std=gnu99  -O2 -pedantic -fomit-frame-pointer -m64 -mtune=k8 -march=k8   -o librandom.la  rand.lo randclr.lo randdef.lo randiset.lo randlc2s.lo randlc2x.lo randmt.lo randmts.lo rands.lo randsd.lo randsdui.lo randbui.lo randmui.lo  
make[5]: Leaving directory `/home/sparksco/android/toolchain/aosp/build/binutils-2.23.1/gas'
make[4]: Leaving directory `/home/sparksco/android/toolchain/aosp/build/binutils-2.23.1/gas'
make[3]: Leaving directory `/home/sparksco/android/toolchain/aosp/build/binutils-2.23.1/gas'
mv -f .deps/readelf.Tpo .deps/readelf.Po
/bin/bash ./libtool --tag=CC   --mode=link gcc-4.7 -W -Wall -Wstrict-prototypes -Wmissing-prototypes -Wshadow -Werror -g -O2   -o readelf readelf.o version.o unwind-ia64.o dwarf.o elfcomm.o  ../libiberty/libiberty.a -lz 
libtool: link: ar cq .libs/librandom.a  rand.o randclr.o randdef.o randiset.o randlc2s.o randlc2x.o randmt.o randmts.o rands.o randsd.o randsdui.o randbui.o randmui.o
libtool: link: ranlib .libs/librandom.a
libtool: link: ( cd ".libs" && rm -f "librandom.la" && ln -s "../librandom.la" "librandom.la" )
make[3]: Leaving directory `/home/sparksco/android/toolchain/aosp/build/gmp-5.1.1/rand'
Making all in cxx
make[3]: Entering directory `/home/sparksco/android/toolchain/aosp/build/gmp-5.1.1/cxx'
make[3]: Nothing to be done for `all'.
make[3]: Leaving directory `/home/sparksco/android/toolchain/aosp/build/gmp-5.1.1/cxx'
Making all in demos
make[3]: Entering directory `/home/sparksco/android/toolchain/aosp/build/gmp-5.1.1/demos'
Making all in calc
make[4]: Entering directory `/home/sparksco/android/toolchain/aosp/build/gmp-5.1.1/demos/calc'
make  all-am
make[5]: Entering directory `/home/sparksco/android/toolchain/aosp/build/gmp-5.1.1/demos/calc'
make[5]: Nothing to be done for `all-am'.
make[5]: Leaving directory `/home/sparksco/android/toolchain/aosp/build/gmp-5.1.1/demos/calc'
make[4]: Leaving directory `/home/sparksco/android/toolchain/aosp/build/gmp-5.1.1/demos/calc'
Making all in expr
make[4]: Entering directory `/home/sparksco/android/toolchain/aosp/build/gmp-5.1.1/demos/expr'
make[4]: Nothing to be done for `all'.
make[4]: Leaving directory `/home/sparksco/android/toolchain/aosp/build/gmp-5.1.1/demos/expr'
make[4]: Entering directory `/home/sparksco/android/toolchain/aosp/build/gmp-5.1.1/demos'
make[4]: Nothing to be done for `all-am'.
make[4]: Leaving directory `/home/sparksco/android/toolchain/aosp/build/gmp-5.1.1/demos'
make[3]: Leaving directory `/home/sparksco/android/toolchain/aosp/build/gmp-5.1.1/demos'
Making all in tune
make[3]: Entering directory `/home/sparksco/android/toolchain/aosp/build/gmp-5.1.1/tune'
make[3]: Nothing to be done for `all'.
make[3]: Leaving directory `/home/sparksco/android/toolchain/aosp/build/gmp-5.1.1/tune'
Making all in doc
make[3]: Entering directory `/home/sparksco/android/toolchain/aosp/build/gmp-5.1.1/doc'
make[3]: Nothing to be done for `all'.
make[3]: Leaving directory `/home/sparksco/android/toolchain/aosp/build/gmp-5.1.1/doc'
libtool: link: gcc-4.7 -W -Wall -Wstrict-prototypes -Wmissing-prototypes -Wshadow -Werror -g -O2 -o readelf readelf.o version.o unwind-ia64.o dwarf.o elfcomm.o  ../libiberty/libiberty.a -lz
make[3]: Entering directory `/home/sparksco/android/toolchain/aosp/build/gmp-5.1.1'
/bin/bash ./libtool --tag=CC   --mode=compile gcc-4.7 -std=gnu99 -DHAVE_CONFIG_H -I. -I.././../gmp/gmp-5.1.1 -D__GMP_WITHIN_GMP    -O2 -pedantic -fomit-frame-pointer -m64 -mtune=k8 -march=k8 -c -o assert.lo .././../gmp/gmp-5.1.1/assert.c
/bin/bash ./libtool --tag=CC   --mode=compile gcc-4.7 -std=gnu99 -DHAVE_CONFIG_H -I. -I.././../gmp/gmp-5.1.1 -D__GMP_WITHIN_GMP    -O2 -pedantic -fomit-frame-pointer -m64 -mtune=k8 -march=k8 -c -o compat.lo .././../gmp/gmp-5.1.1/compat.c
/bin/bash ./libtool --tag=CC   --mode=compile gcc-4.7 -std=gnu99 -DHAVE_CONFIG_H -I. -I.././../gmp/gmp-5.1.1 -D__GMP_WITHIN_GMP    -O2 -pedantic -fomit-frame-pointer -m64 -mtune=k8 -march=k8 -c -o errno.lo .././../gmp/gmp-5.1.1/errno.c
/bin/bash ./libtool --tag=CC   --mode=compile gcc-4.7 -std=gnu99 -DHAVE_CONFIG_H -I. -I.././../gmp/gmp-5.1.1 -D__GMP_WITHIN_GMP    -O2 -pedantic -fomit-frame-pointer -m64 -mtune=k8 -march=k8 -c -o extract-dbl.lo .././../gmp/gmp-5.1.1/extract-dbl.c
/bin/bash ./libtool --tag=CC   --mode=compile gcc-4.7 -std=gnu99 -DHAVE_CONFIG_H -I. -I.././../gmp/gmp-5.1.1 -D__GMP_WITHIN_GMP    -O2 -pedantic -fomit-frame-pointer -m64 -mtune=k8 -march=k8 -c -o invalid.lo .././../gmp/gmp-5.1.1/invalid.c
/bin/bash ./libtool --tag=CC   --mode=compile gcc-4.7 -std=gnu99 -DHAVE_CONFIG_H -I. -I.././../gmp/gmp-5.1.1 -D__GMP_WITHIN_GMP    -O2 -pedantic -fomit-frame-pointer -m64 -mtune=k8 -march=k8 -c -o memory.lo .././../gmp/gmp-5.1.1/memory.c
libtool: compile:  gcc-4.7 -std=gnu99 -DHAVE_CONFIG_H -I. -I.././../gmp/gmp-5.1.1 -D__GMP_WITHIN_GMP -O2 -pedantic -fomit-frame-pointer -m64 -mtune=k8 -march=k8 -c .././../gmp/gmp-5.1.1/assert.c -o assert.o
libtool: compile:  gcc-4.7 -std=gnu99 -DHAVE_CONFIG_H -I. -I.././../gmp/gmp-5.1.1 -D__GMP_WITHIN_GMP -O2 -pedantic -fomit-frame-pointer -m64 -mtune=k8 -march=k8 -c .././../gmp/gmp-5.1.1/invalid.c -o invalid.o
libtool: compile:  gcc-4.7 -std=gnu99 -DHAVE_CONFIG_H -I. -I.././../gmp/gmp-5.1.1 -D__GMP_WITHIN_GMP -O2 -pedantic -fomit-frame-pointer -m64 -mtune=k8 -march=k8 -c .././../gmp/gmp-5.1.1/extract-dbl.c -o extract-dbl.o
libtool: compile:  gcc-4.7 -std=gnu99 -DHAVE_CONFIG_H -I. -I.././../gmp/gmp-5.1.1 -D__GMP_WITHIN_GMP -O2 -pedantic -fomit-frame-pointer -m64 -mtune=k8 -march=k8 -c .././../gmp/gmp-5.1.1/errno.c -o errno.o
libtool: compile:  gcc-4.7 -std=gnu99 -DHAVE_CONFIG_H -I. -I.././../gmp/gmp-5.1.1 -D__GMP_WITHIN_GMP -O2 -pedantic -fomit-frame-pointer -m64 -mtune=k8 -march=k8 -c .././../gmp/gmp-5.1.1/compat.c -o compat.o
make[5]: Leaving directory `/home/sparksco/android/toolchain/aosp/build/binutils-2.23.1/binutils'
make[4]: Leaving directory `/home/sparksco/android/toolchain/aosp/build/binutils-2.23.1/binutils'
make[3]: Leaving directory `/home/sparksco/android/toolchain/aosp/build/binutils-2.23.1/binutils'
make[2]: Leaving directory `/home/sparksco/android/toolchain/aosp/build/binutils-2.23.1'
make[1]: Leaving directory `/home/sparksco/android/toolchain/aosp/build/binutils-2.23.1'
/bin/bash ./libtool --tag=CC   --mode=compile gcc-4.7 -std=gnu99 -DHAVE_CONFIG_H -I. -I.././../gmp/gmp-5.1.1 -D__GMP_WITHIN_GMP    -O2 -pedantic -fomit-frame-pointer -m64 -mtune=k8 -march=k8 -c -o mp_bpl.lo .././../gmp/gmp-5.1.1/mp_bpl.c
libtool: compile:  gcc-4.7 -std=gnu99 -DHAVE_CONFIG_H -I. -I.././../gmp/gmp-5.1.1 -D__GMP_WITHIN_GMP -O2 -pedantic -fomit-frame-pointer -m64 -mtune=k8 -march=k8 -c .././../gmp/gmp-5.1.1/memory.c -o memory.o
/bin/bash ./libtool --tag=CC   --mode=compile gcc-4.7 -std=gnu99 -DHAVE_CONFIG_H -I. -I.././../gmp/gmp-5.1.1 -D__GMP_WITHIN_GMP    -O2 -pedantic -fomit-frame-pointer -m64 -mtune=k8 -march=k8 -c -o mp_clz_tab.lo .././../gmp/gmp-5.1.1/mp_clz_tab.c
/bin/bash ./libtool --tag=CC   --mode=compile gcc-4.7 -std=gnu99 -DHAVE_CONFIG_H -I. -I.././../gmp/gmp-5.1.1 -D__GMP_WITHIN_GMP    -O2 -pedantic -fomit-frame-pointer -m64 -mtune=k8 -march=k8 -c -o mp_dv_tab.lo .././../gmp/gmp-5.1.1/mp_dv_tab.c
/bin/bash ./libtool --tag=CC   --mode=compile gcc-4.7 -std=gnu99 -DHAVE_CONFIG_H -I. -I.././../gmp/gmp-5.1.1 -D__GMP_WITHIN_GMP    -O2 -pedantic -fomit-frame-pointer -m64 -mtune=k8 -march=k8 -c -o mp_minv_tab.lo .././../gmp/gmp-5.1.1/mp_minv_tab.c
/bin/bash ./libtool --tag=CC   --mode=compile gcc-4.7 -std=gnu99 -DHAVE_CONFIG_H -I. -I.././../gmp/gmp-5.1.1 -D__GMP_WITHIN_GMP    -O2 -pedantic -fomit-frame-pointer -m64 -mtune=k8 -march=k8 -c -o mp_get_fns.lo .././../gmp/gmp-5.1.1/mp_get_fns.c
/bin/bash ./libtool --tag=CC   --mode=compile gcc-4.7 -std=gnu99 -DHAVE_CONFIG_H -I. -I.././../gmp/gmp-5.1.1 -D__GMP_WITHIN_GMP    -O2 -pedantic -fomit-frame-pointer -m64 -mtune=k8 -march=k8 -c -o mp_set_fns.lo .././../gmp/gmp-5.1.1/mp_set_fns.c
libtool: compile:  gcc-4.7 -std=gnu99 -DHAVE_CONFIG_H -I. -I.././../gmp/gmp-5.1.1 -D__GMP_WITHIN_GMP -O2 -pedantic -fomit-frame-pointer -m64 -mtune=k8 -march=k8 -c .././../gmp/gmp-5.1.1/mp_bpl.c -o mp_bpl.o
libtool: compile:  gcc-4.7 -std=gnu99 -DHAVE_CONFIG_H -I. -I.././../gmp/gmp-5.1.1 -D__GMP_WITHIN_GMP -O2 -pedantic -fomit-frame-pointer -m64 -mtune=k8 -march=k8 -c .././../gmp/gmp-5.1.1/mp_clz_tab.c -o mp_clz_tab.o
libtool: compile:  gcc-4.7 -std=gnu99 -DHAVE_CONFIG_H -I. -I.././../gmp/gmp-5.1.1 -D__GMP_WITHIN_GMP -O2 -pedantic -fomit-frame-pointer -m64 -mtune=k8 -march=k8 -c .././../gmp/gmp-5.1.1/mp_get_fns.c -o mp_get_fns.o
libtool: compile:  gcc-4.7 -std=gnu99 -DHAVE_CONFIG_H -I. -I.././../gmp/gmp-5.1.1 -D__GMP_WITHIN_GMP -O2 -pedantic -fomit-frame-pointer -m64 -mtune=k8 -march=k8 -c .././../gmp/gmp-5.1.1/mp_dv_tab.c -o mp_dv_tab.o
/bin/bash ./libtool --tag=CC   --mode=compile gcc-4.7 -std=gnu99 -DHAVE_CONFIG_H -I. -I.././../gmp/gmp-5.1.1 -D__GMP_WITHIN_GMP    -O2 -pedantic -fomit-frame-pointer -m64 -mtune=k8 -march=k8 -c -o version.lo .././../gmp/gmp-5.1.1/version.c
libtool: compile:  gcc-4.7 -std=gnu99 -DHAVE_CONFIG_H -I. -I.././../gmp/gmp-5.1.1 -D__GMP_WITHIN_GMP -O2 -pedantic -fomit-frame-pointer -m64 -mtune=k8 -march=k8 -c .././../gmp/gmp-5.1.1/mp_set_fns.c -o mp_set_fns.o
libtool: compile:  gcc-4.7 -std=gnu99 -DHAVE_CONFIG_H -I. -I.././../gmp/gmp-5.1.1 -D__GMP_WITHIN_GMP -O2 -pedantic -fomit-frame-pointer -m64 -mtune=k8 -march=k8 -c .././../gmp/gmp-5.1.1/mp_minv_tab.c -o mp_minv_tab.o
/bin/bash ./libtool --tag=CC   --mode=compile gcc-4.7 -std=gnu99 -DHAVE_CONFIG_H -I. -I.././../gmp/gmp-5.1.1 -D__GMP_WITHIN_GMP    -O2 -pedantic -fomit-frame-pointer -m64 -mtune=k8 -march=k8 -c -o nextprime.lo .././../gmp/gmp-5.1.1/nextprime.c
/bin/bash ./libtool --tag=CC   --mode=compile gcc-4.7 -std=gnu99 -DHAVE_CONFIG_H -I. -I.././../gmp/gmp-5.1.1 -D__GMP_WITHIN_GMP    -O2 -pedantic -fomit-frame-pointer -m64 -mtune=k8 -march=k8 -c -o primesieve.lo .././../gmp/gmp-5.1.1/primesieve.c
libtool: compile:  gcc-4.7 -std=gnu99 -DHAVE_CONFIG_H -I. -I.././../gmp/gmp-5.1.1 -D__GMP_WITHIN_GMP -O2 -pedantic -fomit-frame-pointer -m64 -mtune=k8 -march=k8 -c .././../gmp/gmp-5.1.1/version.c -o version.o
/bin/bash ./libtool --tag=CC   --mode=compile gcc-4.7 -std=gnu99 -DHAVE_CONFIG_H -I. -I.././../gmp/gmp-5.1.1 -D__GMP_WITHIN_GMP    -O2 -pedantic -fomit-frame-pointer -m64 -mtune=k8 -march=k8 -c -o tal-reent.lo .././../gmp/gmp-5.1.1/tal-reent.c
libtool: compile:  gcc-4.7 -std=gnu99 -DHAVE_CONFIG_H -I. -I.././../gmp/gmp-5.1.1 -D__GMP_WITHIN_GMP -O2 -pedantic -fomit-frame-pointer -m64 -mtune=k8 -march=k8 -c .././../gmp/gmp-5.1.1/nextprime.c -o nextprime.o
libtool: compile:  gcc-4.7 -std=gnu99 -DHAVE_CONFIG_H -I. -I.././../gmp/gmp-5.1.1 -D__GMP_WITHIN_GMP -O2 -pedantic -fomit-frame-pointer -m64 -mtune=k8 -march=k8 -c .././../gmp/gmp-5.1.1/primesieve.c -o primesieve.o
libtool: compile:  gcc-4.7 -std=gnu99 -DHAVE_CONFIG_H -I. -I.././../gmp/gmp-5.1.1 -D__GMP_WITHIN_GMP -O2 -pedantic -fomit-frame-pointer -m64 -mtune=k8 -march=k8 -c .././../gmp/gmp-5.1.1/tal-reent.c -o tal-reent.o
mv -f .deps/elf.Tpo .deps/elf.Plo
mv -f .deps/elf32-arm.Tpo .deps/elf32-arm.Plo
/bin/bash ./libtool --tag=CC   --mode=link gcc-4.7 -std=gnu99  -O2 -pedantic -fomit-frame-pointer -m64 -mtune=k8 -march=k8   -version-info 11:1:1  -o libgmp.la -rpath /home/sparksco/android/toolchain/aosp/build/temp-install/lib assert.lo compat.lo errno.lo extract-dbl.lo invalid.lo memory.lo mp_bpl.lo mp_clz_tab.lo mp_dv_tab.lo mp_minv_tab.lo mp_get_fns.lo mp_set_fns.lo version.lo nextprime.lo primesieve.lo tal-reent.lo mpf/init.lo mpf/init2.lo mpf/inits.lo mpf/set.lo mpf/set_ui.lo mpf/set_si.lo mpf/set_str.lo mpf/set_d.lo mpf/set_z.lo mpf/iset.lo mpf/iset_ui.lo mpf/iset_si.lo mpf/iset_str.lo mpf/iset_d.lo mpf/clear.lo mpf/clears.lo mpf/get_str.lo mpf/dump.lo mpf/size.lo mpf/eq.lo mpf/reldiff.lo mpf/sqrt.lo mpf/random2.lo mpf/inp_str.lo mpf/out_str.lo mpf/add.lo mpf/add_ui.lo mpf/sub.lo mpf/sub_ui.lo mpf/ui_sub.lo mpf/mul.lo mpf/mul_ui.lo mpf/div.lo mpf/div_ui.lo mpf/cmp.lo mpf/cmp_d.lo mpf/cmp_ui.lo mpf/cmp_si.lo mpf/mul_2exp.lo mpf/div_2exp.lo mpf/abs.lo mpf/neg.lo mpf/set_q.lo mpf/get_d.lo mpf/get_d_2exp.lo mpf/set_dfl_prec.lo mpf/set_prc.lo mpf/set_prc_raw.lo mpf/get_dfl_prec.lo mpf/get_prc.lo mpf/ui_div.lo mpf/sqrt_ui.lo mpf/ceilfloor.lo mpf/trunc.lo mpf/pow_ui.lo mpf/urandomb.lo mpf/swap.lo mpf/fits_sint.lo mpf/fits_slong.lo mpf/fits_sshort.lo mpf/fits_uint.lo mpf/fits_ulong.lo mpf/fits_ushort.lo mpf/get_si.lo mpf/get_ui.lo mpf/int_p.lo mpz/abs.lo mpz/add.lo mpz/add_ui.lo mpz/aorsmul.lo mpz/aorsmul_i.lo mpz/and.lo mpz/array_init.lo mpz/bin_ui.lo mpz/bin_uiui.lo mpz/cdiv_q.lo mpz/cdiv_q_ui.lo mpz/cdiv_qr.lo mpz/cdiv_qr_ui.lo mpz/cdiv_r.lo mpz/cdiv_r_ui.lo mpz/cdiv_ui.lo mpz/cfdiv_q_2exp.lo mpz/cfdiv_r_2exp.lo mpz/clear.lo mpz/clears.lo mpz/clrbit.lo mpz/cmp.lo mpz/cmp_d.lo mpz/cmp_si.lo mpz/cmp_ui.lo mpz/cmpabs.lo mpz/cmpabs_d.lo mpz/cmpabs_ui.lo mpz/com.lo mpz/combit.lo mpz/cong.lo mpz/cong_2exp.lo mpz/cong_ui.lo mpz/divexact.lo mpz/divegcd.lo mpz/dive_ui.lo mpz/divis.lo mpz/divis_ui.lo mpz/divis_2exp.lo mpz/dump.lo mpz/export.lo mpz/mfac_uiui.lo mpz/2fac_ui.lo mpz/fac_ui.lo mpz/oddfac_1.lo mpz/prodlimbs.lo mpz/fdiv_q_ui.lo mpz/fdiv_qr.lo mpz/fdiv_qr_ui.lo mpz/fdiv_r.lo mpz/fdiv_r_ui.lo mpz/fdiv_q.lo mpz/fdiv_ui.lo mpz/fib_ui.lo mpz/fib2_ui.lo mpz/fits_sint.lo mpz/fits_slong.lo mpz/fits_sshort.lo mpz/fits_uint.lo mpz/fits_ulong.lo mpz/fits_ushort.lo mpz/gcd.lo mpz/gcd_ui.lo mpz/gcdext.lo mpz/get_d.lo mpz/get_d_2exp.lo mpz/get_si.lo mpz/get_str.lo mpz/get_ui.lo mpz/getlimbn.lo mpz/hamdist.lo mpz/import.lo mpz/init.lo mpz/init2.lo mpz/inits.lo mpz/inp_raw.lo mpz/inp_str.lo mpz/invert.lo mpz/ior.lo mpz/iset.lo mpz/iset_d.lo mpz/iset_si.lo mpz/iset_str.lo mpz/iset_ui.lo mpz/jacobi.lo mpz/kronsz.lo mpz/kronuz.lo mpz/kronzs.lo mpz/kronzu.lo mpz/lcm.lo mpz/lcm_ui.lo mpz/lucnum_ui.lo mpz/lucnum2_ui.lo mpz/millerrabin.lo mpz/mod.lo mpz/mul.lo mpz/mul_2exp.lo mpz/mul_si.lo mpz/mul_ui.lo mpz/n_pow_ui.lo mpz/neg.lo mpz/nextprime.lo mpz/out_raw.lo mpz/out_str.lo mpz/perfpow.lo mpz/perfsqr.lo mpz/popcount.lo mpz/pow_ui.lo mpz/powm.lo mpz/powm_sec.lo mpz/powm_ui.lo mpz/primorial_ui.lo mpz/pprime_p.lo mpz/random.lo mpz/random2.lo mpz/realloc.lo mpz/realloc2.lo mpz/remove.lo mpz/root.lo mpz/rootrem.lo mpz/rrandomb.lo mpz/scan0.lo mpz/scan1.lo mpz/set.lo mpz/set_d.lo mpz/set_f.lo mpz/set_q.lo mpz/set_si.lo mpz/set_str.lo mpz/set_ui.lo mpz/setbit.lo mpz/size.lo mpz/sizeinbase.lo mpz/sqrt.lo mpz/sqrtrem.lo mpz/sub.lo mpz/sub_ui.lo mpz/swap.lo mpz/tdiv_ui.lo mpz/tdiv_q.lo mpz/tdiv_q_2exp.lo mpz/tdiv_q_ui.lo mpz/tdiv_qr.lo mpz/tdiv_qr_ui.lo mpz/tdiv_r.lo mpz/tdiv_r_2exp.lo mpz/tdiv_r_ui.lo mpz/tstbit.lo mpz/ui_pow_ui.lo mpz/ui_sub.lo mpz/urandomb.lo mpz/urandomm.lo mpz/xor.lo mpq/abs.lo mpq/aors.lo mpq/canonicalize.lo mpq/clear.lo mpq/clears.lo mpq/cmp.lo mpq/cmp_si.lo mpq/cmp_ui.lo mpq/div.lo mpq/get_d.lo mpq/get_den.lo mpq/get_num.lo mpq/get_str.lo mpq/init.lo mpq/inits.lo mpq/inp_str.lo mpq/inv.lo mpq/md_2exp.lo mpq/mul.lo mpq/neg.lo mpq/out_str.lo mpq/set.lo mpq/set_den.lo mpq/set_num.lo mpq/set_si.lo mpq/set_str.lo mpq/set_ui.lo mpq/equal.lo mpq/set_z.lo mpq/set_d.lo mpq/set_f.lo mpq/swap.lo mpn/fib_table.lo mpn/mp_bases.lo  mpn/invert_limb_table.lo mpn/add.lo mpn/add_1.lo mpn/add_n.lo mpn/sub.lo mpn/sub_1.lo mpn/sub_n.lo mpn/addcnd_n.lo mpn/subcnd_n.lo mpn/neg.lo mpn/com.lo mpn/mul_1.lo mpn/addmul_1.lo mpn/submul_1.lo mpn/add_err1_n.lo mpn/add_err2_n.lo mpn/add_err3_n.lo mpn/sub_err1_n.lo mpn/sub_err2_n.lo mpn/sub_err3_n.lo mpn/lshift.lo mpn/rshift.lo mpn/dive_1.lo mpn/diveby3.lo mpn/divis.lo mpn/divrem.lo mpn/divrem_1.lo mpn/divrem_2.lo mpn/fib2_ui.lo mpn/mod_1.lo mpn/mod_34lsub1.lo mpn/mode1o.lo mpn/pre_mod_1.lo mpn/dump.lo mpn/mod_1_1.lo mpn/mod_1_2.lo mpn/mod_1_3.lo mpn/mod_1_4.lo mpn/lshiftc.lo mpn/mul.lo mpn/mul_fft.lo mpn/mul_n.lo mpn/sqr.lo mpn/mul_basecase.lo mpn/sqr_basecase.lo mpn/nussbaumer_mul.lo mpn/mulmid_basecase.lo mpn/toom42_mulmid.lo mpn/mulmid_n.lo mpn/mulmid.lo mpn/random.lo mpn/random2.lo mpn/pow_1.lo mpn/rootrem.lo mpn/sqrtrem.lo mpn/get_str.lo mpn/set_str.lo mpn/scan0.lo mpn/scan1.lo mpn/popcount.lo mpn/hamdist.lo mpn/cmp.lo mpn/perfsqr.lo mpn/perfpow.lo mpn/gcd_1.lo mpn/gcd.lo mpn/gcdext_1.lo mpn/gcdext.lo mpn/gcd_subdiv_step.lo mpn/gcdext_lehmer.lo mpn/div_q.lo mpn/tdiv_qr.lo mpn/jacbase.lo mpn/jacobi_2.lo mpn/jacobi.lo mpn/get_d.lo mpn/matrix22_mul.lo mpn/matrix22_mul1_inverse_vector.lo mpn/hgcd_matrix.lo mpn/hgcd2.lo mpn/hgcd_step.lo mpn/hgcd_reduce.lo mpn/hgcd.lo mpn/hgcd_appr.lo mpn/hgcd2_jacobi.lo mpn/hgcd_jacobi.lo mpn/mullo_n.lo mpn/mullo_basecase.lo mpn/toom22_mul.lo mpn/toom32_mul.lo mpn/toom42_mul.lo mpn/toom52_mul.lo mpn/toom62_mul.lo mpn/toom33_mul.lo mpn/toom43_mul.lo mpn/toom53_mul.lo mpn/toom54_mul.lo mpn/toom63_mul.lo mpn/toom44_mul.lo mpn/toom6h_mul.lo mpn/toom6_sqr.lo mpn/toom8h_mul.lo mpn/toom8_sqr.lo mpn/toom_couple_handling.lo mpn/toom2_sqr.lo mpn/toom3_sqr.lo mpn/toom4_sqr.lo mpn/toom_eval_dgr3_pm1.lo mpn/toom_eval_dgr3_pm2.lo mpn/toom_eval_pm1.lo mpn/toom_eval_pm2.lo mpn/toom_eval_pm2exp.lo mpn/toom_eval_pm2rexp.lo mpn/toom_interpolate_5pts.lo mpn/toom_interpolate_6pts.lo mpn/toom_interpolate_7pts.lo mpn/toom_interpolate_8pts.lo mpn/toom_interpolate_12pts.lo mpn/toom_interpolate_16pts.lo mpn/invertappr.lo mpn/invert.lo mpn/binvert.lo mpn/mulmod_bnm1.lo mpn/sqrmod_bnm1.lo mpn/div_qr_2.lo mpn/div_qr_2n_pi1.lo mpn/div_qr_2u_pi1.lo mpn/sbpi1_div_q.lo mpn/sbpi1_div_qr.lo mpn/sbpi1_divappr_q.lo mpn/dcpi1_div_q.lo mpn/dcpi1_div_qr.lo mpn/dcpi1_divappr_q.lo mpn/mu_div_qr.lo mpn/mu_divappr_q.lo mpn/mu_div_q.lo mpn/bdiv_q_1.lo mpn/sbpi1_bdiv_q.lo mpn/sbpi1_bdiv_qr.lo mpn/dcpi1_bdiv_q.lo mpn/dcpi1_bdiv_qr.lo mpn/mu_bdiv_q.lo mpn/mu_bdiv_qr.lo mpn/bdiv_q.lo mpn/bdiv_qr.lo mpn/broot.lo mpn/brootinv.lo mpn/bsqrt.lo mpn/bsqrtinv.lo mpn/divexact.lo mpn/bdiv_dbm1c.lo mpn/redc_1.lo mpn/redc_2.lo mpn/redc_n.lo mpn/powm.lo mpn/powlo.lo mpn/powm_sec.lo mpn/sb_div_qr_sec.lo mpn/sb_div_r_sec.lo mpn/sbpi1_div_qr_sec.lo mpn/sbpi1_div_r_sec.lo mpn/trialdiv.lo mpn/remove.lo mpn/and_n.lo mpn/andn_n.lo mpn/nand_n.lo mpn/ior_n.lo mpn/iorn_n.lo mpn/nior_n.lo mpn/xor_n.lo mpn/xnor_n.lo mpn/copyi.lo mpn/copyd.lo mpn/zero.lo mpn/tabselect.lo mpn/comb_tables.lo mpn/invert_limb.lo mpn/mul_2.lo mpn/addmul_2.lo mpn/addlsh1_n.lo mpn/sublsh1_n.lo mpn/rsblsh1_n.lo mpn/rsh1add_n.lo mpn/rsh1sub_n.lo mpn/addlsh2_n.lo mpn/rsblsh2_n.lo mpn/addlsh_n.lo mpn/rsblsh_n.lo mpn/add_n_sub_n.lo mpn/addaddmul_1msb0.lo printf/asprintf.lo printf/asprntffuns.lo printf/doprnt.lo printf/doprntf.lo printf/doprnti.lo printf/fprintf.lo printf/obprintf.lo printf/obvprintf.lo printf/obprntffuns.lo printf/printf.lo printf/printffuns.lo printf/snprintf.lo printf/snprntffuns.lo printf/sprintf.lo printf/sprintffuns.lo printf/vasprintf.lo printf/vfprintf.lo printf/vprintf.lo printf/vsnprintf.lo printf/vsprintf.lo printf/repl-vsnprintf.lo  scanf/doscan.lo scanf/fscanf.lo scanf/fscanffuns.lo scanf/scanf.lo scanf/sscanf.lo scanf/sscanffuns.lo scanf/vfscanf.lo scanf/vscanf.lo scanf/vsscanf.lo rand/rand.lo rand/randclr.lo rand/randdef.lo rand/randiset.lo rand/randlc2s.lo rand/randlc2x.lo rand/randmt.lo rand/randmts.lo rand/rands.lo rand/randsd.lo rand/randsdui.lo rand/randbui.lo rand/randmui.lo 
copying selected object files to avoid basename conflicts...
libtool: link: ln mpz/abs.o .libs/libgmp.lax/lt1-abs.o || cp mpz/abs.o .libs/libgmp.lax/lt1-abs.o
libtool: link: ln mpz/add.o .libs/libgmp.lax/lt2-add.o || cp mpz/add.o .libs/libgmp.lax/lt2-add.o
libtool: link: ln mpz/add_ui.o .libs/libgmp.lax/lt3-add_ui.o || cp mpz/add_ui.o .libs/libgmp.lax/lt3-add_ui.o
libtool: link: ln mpz/clear.o .libs/libgmp.lax/lt4-clear.o || cp mpz/clear.o .libs/libgmp.lax/lt4-clear.o
libtool: link: ln mpz/clears.o .libs/libgmp.lax/lt5-clears.o || cp mpz/clears.o .libs/libgmp.lax/lt5-clears.o
libtool: link: ln mpz/cmp.o .libs/libgmp.lax/lt6-cmp.o || cp mpz/cmp.o .libs/libgmp.lax/lt6-cmp.o
libtool: link: ln mpz/cmp_d.o .libs/libgmp.lax/lt7-cmp_d.o || cp mpz/cmp_d.o .libs/libgmp.lax/lt7-cmp_d.o
libtool: link: ln mpz/cmp_si.o .libs/libgmp.lax/lt8-cmp_si.o || cp mpz/cmp_si.o .libs/libgmp.lax/lt8-cmp_si.o
libtool: link: ln mpz/cmp_ui.o .libs/libgmp.lax/lt9-cmp_ui.o || cp mpz/cmp_ui.o .libs/libgmp.lax/lt9-cmp_ui.o
libtool: link: ln mpz/dump.o .libs/libgmp.lax/lt10-dump.o || cp mpz/dump.o .libs/libgmp.lax/lt10-dump.o
libtool: link: ln mpz/fits_sint.o .libs/libgmp.lax/lt11-fits_sint.o || cp mpz/fits_sint.o .libs/libgmp.lax/lt11-fits_sint.o
libtool: link: ln mpz/fits_slong.o .libs/libgmp.lax/lt12-fits_slong.o || cp mpz/fits_slong.o .libs/libgmp.lax/lt12-fits_slong.o
libtool: link: ln mpz/fits_sshort.o .libs/libgmp.lax/lt13-fits_sshort.o || cp mpz/fits_sshort.o .libs/libgmp.lax/lt13-fits_sshort.o
libtool: link: ln mpz/fits_uint.o .libs/libgmp.lax/lt14-fits_uint.o || cp mpz/fits_uint.o .libs/libgmp.lax/lt14-fits_uint.o
libtool: link: ln mpz/fits_ulong.o .libs/libgmp.lax/lt15-fits_ulong.o || cp mpz/fits_ulong.o .libs/libgmp.lax/lt15-fits_ulong.o
libtool: link: ln mpz/fits_ushort.o .libs/libgmp.lax/lt16-fits_ushort.o || cp mpz/fits_ushort.o .libs/libgmp.lax/lt16-fits_ushort.o
libtool: link: ln mpz/get_d.o .libs/libgmp.lax/lt17-get_d.o || cp mpz/get_d.o .libs/libgmp.lax/lt17-get_d.o
libtool: link: ln mpz/get_d_2exp.o .libs/libgmp.lax/lt18-get_d_2exp.o || cp mpz/get_d_2exp.o .libs/libgmp.lax/lt18-get_d_2exp.o
libtool: link: ln mpz/get_si.o .libs/libgmp.lax/lt19-get_si.o || cp mpz/get_si.o .libs/libgmp.lax/lt19-get_si.o
libtool: link: ln mpz/get_str.o .libs/libgmp.lax/lt20-get_str.o || cp mpz/get_str.o .libs/libgmp.lax/lt20-get_str.o
libtool: link: ln mpz/get_ui.o .libs/libgmp.lax/lt21-get_ui.o || cp mpz/get_ui.o .libs/libgmp.lax/lt21-get_ui.o
libtool: link: ln mpz/init.o .libs/libgmp.lax/lt22-init.o || cp mpz/init.o .libs/libgmp.lax/lt22-init.o
libtool: link: ln mpz/init2.o .libs/libgmp.lax/lt23-init2.o || cp mpz/init2.o .libs/libgmp.lax/lt23-init2.o
libtool: link: ln mpz/inits.o .libs/libgmp.lax/lt24-inits.o || cp mpz/inits.o .libs/libgmp.lax/lt24-inits.o
libtool: link: ln mpz/inp_str.o .libs/libgmp.lax/lt25-inp_str.o || cp mpz/inp_str.o .libs/libgmp.lax/lt25-inp_str.o
libtool: link: ln mpz/iset.o .libs/libgmp.lax/lt26-iset.o || cp mpz/iset.o .libs/libgmp.lax/lt26-iset.o
libtool: link: ln mpz/iset_d.o .libs/libgmp.lax/lt27-iset_d.o || cp mpz/iset_d.o .libs/libgmp.lax/lt27-iset_d.o
libtool: link: ln mpz/iset_si.o .libs/libgmp.lax/lt28-iset_si.o || cp mpz/iset_si.o .libs/libgmp.lax/lt28-iset_si.o
libtool: link: ln mpz/iset_str.o .libs/libgmp.lax/lt29-iset_str.o || cp mpz/iset_str.o .libs/libgmp.lax/lt29-iset_str.o
libtool: link: ln mpz/iset_ui.o .libs/libgmp.lax/lt30-iset_ui.o || cp mpz/iset_ui.o .libs/libgmp.lax/lt30-iset_ui.o
libtool: link: ln mpz/mul.o .libs/libgmp.lax/lt31-mul.o || cp mpz/mul.o .libs/libgmp.lax/lt31-mul.o
libtool: link: ln mpz/mul_2exp.o .libs/libgmp.lax/lt32-mul_2exp.o || cp mpz/mul_2exp.o .libs/libgmp.lax/lt32-mul_2exp.o
libtool: link: ln mpz/mul_ui.o .libs/libgmp.lax/lt33-mul_ui.o || cp mpz/mul_ui.o .libs/libgmp.lax/lt33-mul_ui.o
libtool: link: ln mpz/neg.o .libs/libgmp.lax/lt34-neg.o || cp mpz/neg.o .libs/libgmp.lax/lt34-neg.o
libtool: link: ln mpz/nextprime.o .libs/libgmp.lax/lt35-nextprime.o || cp mpz/nextprime.o .libs/libgmp.lax/lt35-nextprime.o
libtool: link: ln mpz/out_str.o .libs/libgmp.lax/lt36-out_str.o || cp mpz/out_str.o .libs/libgmp.lax/lt36-out_str.o
libtool: link: ln mpz/pow_ui.o .libs/libgmp.lax/lt37-pow_ui.o || cp mpz/pow_ui.o .libs/libgmp.lax/lt37-pow_ui.o
libtool: link: ln mpz/random2.o .libs/libgmp.lax/lt38-random2.o || cp mpz/random2.o .libs/libgmp.lax/lt38-random2.o
libtool: link: ln mpz/set.o .libs/libgmp.lax/lt39-set.o || cp mpz/set.o .libs/libgmp.lax/lt39-set.o
libtool: link: ln mpz/set_d.o .libs/libgmp.lax/lt40-set_d.o || cp mpz/set_d.o .libs/libgmp.lax/lt40-set_d.o
libtool: link: ln mpz/set_q.o .libs/libgmp.lax/lt41-set_q.o || cp mpz/set_q.o .libs/libgmp.lax/lt41-set_q.o
libtool: link: ln mpz/set_si.o .libs/libgmp.lax/lt42-set_si.o || cp mpz/set_si.o .libs/libgmp.lax/lt42-set_si.o
libtool: link: ln mpz/set_str.o .libs/libgmp.lax/lt43-set_str.o || cp mpz/set_str.o .libs/libgmp.lax/lt43-set_str.o
libtool: link: ln mpz/set_ui.o .libs/libgmp.lax/lt44-set_ui.o || cp mpz/set_ui.o .libs/libgmp.lax/lt44-set_ui.o
libtool: link: ln mpz/size.o .libs/libgmp.lax/lt45-size.o || cp mpz/size.o .libs/libgmp.lax/lt45-size.o
libtool: link: ln mpz/sqrt.o .libs/libgmp.lax/lt46-sqrt.o || cp mpz/sqrt.o .libs/libgmp.lax/lt46-sqrt.o
libtool: link: ln mpz/sub.o .libs/libgmp.lax/lt47-sub.o || cp mpz/sub.o .libs/libgmp.lax/lt47-sub.o
libtool: link: ln mpz/sub_ui.o .libs/libgmp.lax/lt48-sub_ui.o || cp mpz/sub_ui.o .libs/libgmp.lax/lt48-sub_ui.o
libtool: link: ln mpz/swap.o .libs/libgmp.lax/lt49-swap.o || cp mpz/swap.o .libs/libgmp.lax/lt49-swap.o
libtool: link: ln mpz/ui_sub.o .libs/libgmp.lax/lt50-ui_sub.o || cp mpz/ui_sub.o .libs/libgmp.lax/lt50-ui_sub.o
libtool: link: ln mpz/urandomb.o .libs/libgmp.lax/lt51-urandomb.o || cp mpz/urandomb.o .libs/libgmp.lax/lt51-urandomb.o
libtool: link: ln mpq/abs.o .libs/libgmp.lax/lt52-abs.o || cp mpq/abs.o .libs/libgmp.lax/lt52-abs.o
libtool: link: ln mpq/clear.o .libs/libgmp.lax/lt53-clear.o || cp mpq/clear.o .libs/libgmp.lax/lt53-clear.o
libtool: link: ln mpq/clears.o .libs/libgmp.lax/lt54-clears.o || cp mpq/clears.o .libs/libgmp.lax/lt54-clears.o
libtool: link: ln mpq/cmp.o .libs/libgmp.lax/lt55-cmp.o || cp mpq/cmp.o .libs/libgmp.lax/lt55-cmp.o
libtool: link: ln mpq/cmp_si.o .libs/libgmp.lax/lt56-cmp_si.o || cp mpq/cmp_si.o .libs/libgmp.lax/lt56-cmp_si.o
libtool: link: ln mpq/cmp_ui.o .libs/libgmp.lax/lt57-cmp_ui.o || cp mpq/cmp_ui.o .libs/libgmp.lax/lt57-cmp_ui.o
libtool: link: ln mpq/div.o .libs/libgmp.lax/lt58-div.o || cp mpq/div.o .libs/libgmp.lax/lt58-div.o
libtool: link: ln mpq/get_d.o .libs/libgmp.lax/lt59-get_d.o || cp mpq/get_d.o .libs/libgmp.lax/lt59-get_d.o
libtool: link: ln mpq/get_str.o .libs/libgmp.lax/lt60-get_str.o || cp mpq/get_str.o .libs/libgmp.lax/lt60-get_str.o
libtool: link: ln mpq/init.o .libs/libgmp.lax/lt61-init.o || cp mpq/init.o .libs/libgmp.lax/lt61-init.o
libtool: link: ln mpq/inits.o .libs/libgmp.lax/lt62-inits.o || cp mpq/inits.o .libs/libgmp.lax/lt62-inits.o
libtool: link: ln mpq/inp_str.o .libs/libgmp.lax/lt63-inp_str.o || cp mpq/inp_str.o .libs/libgmp.lax/lt63-inp_str.o
libtool: link: ln mpq/mul.o .libs/libgmp.lax/lt64-mul.o || cp mpq/mul.o .libs/libgmp.lax/lt64-mul.o
libtool: link: ln mpq/neg.o .libs/libgmp.lax/lt65-neg.o || cp mpq/neg.o .libs/libgmp.lax/lt65-neg.o
libtool: link: ln mpq/out_str.o .libs/libgmp.lax/lt66-out_str.o || cp mpq/out_str.o .libs/libgmp.lax/lt66-out_str.o
libtool: link: ln mpq/set.o .libs/libgmp.lax/lt67-set.o || cp mpq/set.o .libs/libgmp.lax/lt67-set.o
libtool: link: ln mpq/set_si.o .libs/libgmp.lax/lt68-set_si.o || cp mpq/set_si.o .libs/libgmp.lax/lt68-set_si.o
libtool: link: ln mpq/set_str.o .libs/libgmp.lax/lt69-set_str.o || cp mpq/set_str.o .libs/libgmp.lax/lt69-set_str.o
libtool: link: ln mpq/set_ui.o .libs/libgmp.lax/lt70-set_ui.o || cp mpq/set_ui.o .libs/libgmp.lax/lt70-set_ui.o
libtool: link: ln mpq/set_z.o .libs/libgmp.lax/lt71-set_z.o || cp mpq/set_z.o .libs/libgmp.lax/lt71-set_z.o
libtool: link: ln mpq/set_d.o .libs/libgmp.lax/lt72-set_d.o || cp mpq/set_d.o .libs/libgmp.lax/lt72-set_d.o
libtool: link: ln mpq/set_f.o .libs/libgmp.lax/lt73-set_f.o || cp mpq/set_f.o .libs/libgmp.lax/lt73-set_f.o
libtool: link: ln mpq/swap.o .libs/libgmp.lax/lt74-swap.o || cp mpq/swap.o .libs/libgmp.lax/lt74-swap.o
libtool: link: ln mpn/add.o .libs/libgmp.lax/lt75-add.o || cp mpn/add.o .libs/libgmp.lax/lt75-add.o
libtool: link: ln mpn/sub.o .libs/libgmp.lax/lt76-sub.o || cp mpn/sub.o .libs/libgmp.lax/lt76-sub.o
libtool: link: ln mpn/neg.o .libs/libgmp.lax/lt77-neg.o || cp mpn/neg.o .libs/libgmp.lax/lt77-neg.o
libtool: link: ln mpn/com.o .libs/libgmp.lax/lt78-com.o || cp mpn/com.o .libs/libgmp.lax/lt78-com.o
libtool: link: ln mpn/divis.o .libs/libgmp.lax/lt79-divis.o || cp mpn/divis.o .libs/libgmp.lax/lt79-divis.o
mv -f .deps/elflink.Tpo .deps/elflink.Plo
libtool: link: ln mpn/fib2_ui.o .libs/libgmp.lax/lt80-fib2_ui.o || cp mpn/fib2_ui.o .libs/libgmp.lax/lt80-fib2_ui.o
/bin/bash ./libtool --tag=CC   --mode=link gcc-4.7 -W -Wall -Wstrict-prototypes -Wmissing-prototypes -Wshadow -Werror -g -O2 -rpath /home/sparksco/android/arm-linux-androideabi/x86_64-linux-gnu/arm-linux-android/lib -release `cat libtool-soversion`   -o libbfd.la  archive.lo archures.lo bfd.lo bfdio.lo bfdwin.lo cache.lo coffgen.lo corefile.lo format.lo init.lo libbfd.lo opncls.lo reloc.lo section.lo syms.lo targets.lo hash.lo linker.lo srec.lo binary.lo tekhex.lo ihex.lo stabs.lo stab-syms.lo merge.lo dwarf2.lo simple.lo compress.lo verilog.lo `cat ofiles`   -lz 
libtool: link: ln mpn/dump.o .libs/libgmp.lax/lt81-dump.o || cp mpn/dump.o .libs/libgmp.lax/lt81-dump.o
libtool: link: ln mpn/mul.o .libs/libgmp.lax/lt82-mul.o || cp mpn/mul.o .libs/libgmp.lax/lt82-mul.o
libtool: link: ln mpn/random.o .libs/libgmp.lax/lt83-random.o || cp mpn/random.o .libs/libgmp.lax/lt83-random.o
libtool: link: ln mpn/random2.o .libs/libgmp.lax/lt84-random2.o || cp mpn/random2.o .libs/libgmp.lax/lt84-random2.o
libtool: link: ln mpn/rootrem.o .libs/libgmp.lax/lt85-rootrem.o || cp mpn/rootrem.o .libs/libgmp.lax/lt85-rootrem.o
libtool: link: ln mpn/sqrtrem.o .libs/libgmp.lax/lt86-sqrtrem.o || cp mpn/sqrtrem.o .libs/libgmp.lax/lt86-sqrtrem.o
libtool: link: ln mpn/get_str.o .libs/libgmp.lax/lt87-get_str.o || cp mpn/get_str.o .libs/libgmp.lax/lt87-get_str.o
libtool: link: ln mpn/set_str.o .libs/libgmp.lax/lt88-set_str.o || cp mpn/set_str.o .libs/libgmp.lax/lt88-set_str.o
libtool: link: ln mpn/scan0.o .libs/libgmp.lax/lt89-scan0.o || cp mpn/scan0.o .libs/libgmp.lax/lt89-scan0.o
libtool: link: ln mpn/scan1.o .libs/libgmp.lax/lt90-scan1.o || cp mpn/scan1.o .libs/libgmp.lax/lt90-scan1.o
libtool: link: ln mpn/popcount.o .libs/libgmp.lax/lt91-popcount.o || cp mpn/popcount.o .libs/libgmp.lax/lt91-popcount.o
libtool: link: ln mpn/hamdist.o .libs/libgmp.lax/lt92-hamdist.o || cp mpn/hamdist.o .libs/libgmp.lax/lt92-hamdist.o
libtool: link: ln mpn/cmp.o .libs/libgmp.lax/lt93-cmp.o || cp mpn/cmp.o .libs/libgmp.lax/lt93-cmp.o
libtool: link: ln mpn/perfsqr.o .libs/libgmp.lax/lt94-perfsqr.o || cp mpn/perfsqr.o .libs/libgmp.lax/lt94-perfsqr.o
libtool: link: ln mpn/perfpow.o .libs/libgmp.lax/lt95-perfpow.o || cp mpn/perfpow.o .libs/libgmp.lax/lt95-perfpow.o
libtool: link: ln mpn/gcd.o .libs/libgmp.lax/lt96-gcd.o || cp mpn/gcd.o .libs/libgmp.lax/lt96-gcd.o
libtool: link: ln mpn/gcdext.o .libs/libgmp.lax/lt97-gcdext.o || cp mpn/gcdext.o .libs/libgmp.lax/lt97-gcdext.o
libtool: link: ln mpn/tdiv_qr.o .libs/libgmp.lax/lt98-tdiv_qr.o || cp mpn/tdiv_qr.o .libs/libgmp.lax/lt98-tdiv_qr.o
libtool: link: ln mpn/jacobi.o .libs/libgmp.lax/lt99-jacobi.o || cp mpn/jacobi.o .libs/libgmp.lax/lt99-jacobi.o
libtool: link: ln mpn/get_d.o .libs/libgmp.lax/lt100-get_d.o || cp mpn/get_d.o .libs/libgmp.lax/lt100-get_d.o
libtool: link: ar rc .libs/libbfd.a  archive.o archures.o bfd.o bfdio.o bfdwin.o cache.o coffgen.o corefile.o format.o init.o libbfd.o opncls.o reloc.o section.o syms.o targets.o hash.o linker.o srec.o binary.o tekhex.o ihex.o stabs.o stab-syms.o merge.o dwarf2.o simple.o compress.o verilog.o elf32-arm.o elf32.o elf-nacl.o elf-vxworks.o elf.o elflink.o elf-attrs.o elf-strtab.o elf-eh-frame.o dwarf1.o elf32-gen.o cpu-arm.o archive64.o
libtool: link: ln mpn/invert.o .libs/libgmp.lax/lt101-invert.o || cp mpn/invert.o .libs/libgmp.lax/lt101-invert.o
libtool: link: ranlib .libs/libbfd.a
libtool: link: ln mpn/divexact.o .libs/libgmp.lax/lt102-divexact.o || cp mpn/divexact.o .libs/libgmp.lax/lt102-divexact.o
libtool: link: ln mpn/powm.o .libs/libgmp.lax/lt103-powm.o || cp mpn/powm.o .libs/libgmp.lax/lt103-powm.o
libtool: link: ln mpn/powm_sec.o .libs/libgmp.lax/lt104-powm_sec.o || cp mpn/powm_sec.o .libs/libgmp.lax/lt104-powm_sec.o
libtool: link: ln mpn/remove.o .libs/libgmp.lax/lt105-remove.o || cp mpn/remove.o .libs/libgmp.lax/lt105-remove.o
libtool: link: ( cd ".libs" && rm -f "libbfd.la" && ln -s "../libbfd.la" "libbfd.la" )
libtooldir=`/bin/bash ./libtool --config | sed -n -e 's/^objdir=//p'`; \
	if [ -f $libtooldir/libbfd.a ]; then \
	  cp $libtooldir/libbfd.a libbfd.tmp; \
	  ranlib libbfd.tmp; \
	  /bin/bash ../.././../gdb/gdb-7.5.1/bfd/../move-if-change libbfd.tmp libbfd.a; \
	else true; fi
libtool: link: ar cq .libs/libgmp.a assert.o compat.o errno.o extract-dbl.o invalid.o memory.o mp_bpl.o mp_clz_tab.o mp_dv_tab.o mp_minv_tab.o mp_get_fns.o mp_set_fns.o version.o nextprime.o primesieve.o tal-reent.o mpf/init.o mpf/init2.o mpf/inits.o mpf/set.o mpf/set_ui.o mpf/set_si.o mpf/set_str.o mpf/set_d.o mpf/set_z.o mpf/iset.o mpf/iset_ui.o mpf/iset_si.o mpf/iset_str.o mpf/iset_d.o mpf/clear.o mpf/clears.o mpf/get_str.o mpf/dump.o mpf/size.o mpf/eq.o mpf/reldiff.o mpf/sqrt.o mpf/random2.o mpf/inp_str.o mpf/out_str.o mpf/add.o mpf/add_ui.o mpf/sub.o mpf/sub_ui.o mpf/ui_sub.o mpf/mul.o mpf/mul_ui.o mpf/div.o mpf/div_ui.o mpf/cmp.o mpf/cmp_d.o mpf/cmp_ui.o mpf/cmp_si.o mpf/mul_2exp.o mpf/div_2exp.o mpf/abs.o mpf/neg.o mpf/set_q.o mpf/get_d.o mpf/get_d_2exp.o mpf/set_dfl_prec.o mpf/set_prc.o mpf/set_prc_raw.o mpf/get_dfl_prec.o mpf/get_prc.o mpf/ui_div.o mpf/sqrt_ui.o mpf/ceilfloor.o mpf/trunc.o mpf/pow_ui.o mpf/urandomb.o mpf/swap.o mpf/fits_sint.o mpf/fits_slong.o mpf/fits_sshort.o mpf/fits_uint.o mpf/fits_ulong.o mpf/fits_ushort.o mpf/get_si.o mpf/get_ui.o mpf/int_p.o .libs/libgmp.lax/lt1-abs.o .libs/libgmp.lax/lt2-add.o .libs/libgmp.lax/lt3-add_ui.o mpz/aorsmul.o mpz/aorsmul_i.o mpz/and.o mpz/array_init.o mpz/bin_ui.o mpz/bin_uiui.o mpz/cdiv_q.o mpz/cdiv_q_ui.o mpz/cdiv_qr.o mpz/cdiv_qr_ui.o mpz/cdiv_r.o mpz/cdiv_r_ui.o mpz/cdiv_ui.o mpz/cfdiv_q_2exp.o mpz/cfdiv_r_2exp.o .libs/libgmp.lax/lt4-clear.o .libs/libgmp.lax/lt5-clears.o mpz/clrbit.o .libs/libgmp.lax/lt6-cmp.o .libs/libgmp.lax/lt7-cmp_d.o .libs/libgmp.lax/lt8-cmp_si.o .libs/libgmp.lax/lt9-cmp_ui.o mpz/cmpabs.o mpz/cmpabs_d.o mpz/cmpabs_ui.o mpz/com.o mpz/combit.o mpz/cong.o mpz/cong_2exp.o mpz/cong_ui.o mpz/divexact.o mpz/divegcd.o mpz/dive_ui.o mpz/divis.o mpz/divis_ui.o mpz/divis_2exp.o .libs/libgmp.lax/lt10-dump.o mpz/export.o mpz/mfac_uiui.o mpz/2fac_ui.o mpz/fac_ui.o mpz/oddfac_1.o mpz/prodlimbs.o mpz/fdiv_q_ui.o mpz/fdiv_qr.o mpz/fdiv_qr_ui.o mpz/fdiv_r.o mpz/fdiv_r_ui.o mpz/fdiv_q.o mpz/fdiv_ui.o mpz/fib_ui.o mpz/fib2_ui.o .libs/libgmp.lax/lt11-fits_sint.o .libs/libgmp.lax/lt12-fits_slong.o .libs/libgmp.lax/lt13-fits_sshort.o .libs/libgmp.lax/lt14-fits_uint.o .libs/libgmp.lax/lt15-fits_ulong.o .libs/libgmp.lax/lt16-fits_ushort.o mpz/gcd.o mpz/gcd_ui.o mpz/gcdext.o .libs/libgmp.lax/lt17-get_d.o .libs/libgmp.lax/lt18-get_d_2exp.o .libs/libgmp.lax/lt19-get_si.o .libs/libgmp.lax/lt20-get_str.o .libs/libgmp.lax/lt21-get_ui.o mpz/getlimbn.o mpz/hamdist.o mpz/import.o .libs/libgmp.lax/lt22-init.o .libs/libgmp.lax/lt23-init2.o .libs/libgmp.lax/lt24-inits.o mpz/inp_raw.o .libs/libgmp.lax/lt25-inp_str.o mpz/invert.o mpz/ior.o .libs/libgmp.lax/lt26-iset.o .libs/libgmp.lax/lt27-iset_d.o .libs/libgmp.lax/lt28-iset_si.o .libs/libgmp.lax/lt29-iset_str.o .libs/libgmp.lax/lt30-iset_ui.o mpz/jacobi.o mpz/kronsz.o mpz/kronuz.o mpz/kronzs.o mpz/kronzu.o mpz/lcm.o mpz/lcm_ui.o mpz/lucnum_ui.o mpz/lucnum2_ui.o mpz/millerrabin.o mpz/mod.o .libs/libgmp.lax/lt31-mul.o .libs/libgmp.lax/lt32-mul_2exp.o mpz/mul_si.o .libs/libgmp.lax/lt33-mul_ui.o mpz/n_pow_ui.o .libs/libgmp.lax/lt34-neg.o .libs/libgmp.lax/lt35-nextprime.o mpz/out_raw.o .libs/libgmp.lax/lt36-out_str.o mpz/perfpow.o mpz/perfsqr.o mpz/popcount.o .libs/libgmp.lax/lt37-pow_ui.o mpz/powm.o mpz/powm_sec.o mpz/powm_ui.o mpz/primorial_ui.o mpz/pprime_p.o mpz/random.o .libs/libgmp.lax/lt38-random2.o mpz/realloc.o mpz/realloc2.o mpz/remove.o mpz/root.o mpz/rootrem.o mpz/rrandomb.o mpz/scan0.o mpz/scan1.o .libs/libgmp.lax/lt39-set.o .libs/libgmp.lax/lt40-set_d.o mpz/set_f.o .libs/libgmp.lax/lt41-set_q.o .libs/libgmp.lax/lt42-set_si.o .libs/libgmp.lax/lt43-set_str.o .libs/libgmp.lax/lt44-set_ui.o mpz/setbit.o .libs/libgmp.lax/lt45-size.o mpz/sizeinbase.o .libs/libgmp.lax/lt46-sqrt.o mpz/sqrtrem.o .libs/libgmp.lax/lt47-sub.o .libs/libgmp.lax/lt48-sub_ui.o .libs/libgmp.lax/lt49-swap.o mpz/tdiv_ui.o mpz/tdiv_q.o mpz/tdiv_q_2exp.o mpz/tdiv_q_ui.o mpz/tdiv_qr.o mpz/tdiv_qr_ui.o mpz/tdiv_r.o mpz/tdiv_r_2exp.o mpz/tdiv_r_ui.o mpz/tstbit.o mpz/ui_pow_ui.o .libs/libgmp.lax/lt50-ui_sub.o .libs/libgmp.lax/lt51-urandomb.o mpz/urandomm.o mpz/xor.o .libs/libgmp.lax/lt52-abs.o mpq/aors.o mpq/canonicalize.o .libs/libgmp.lax/lt53-clear.o .libs/libgmp.lax/lt54-clears.o .libs/libgmp.lax/lt55-cmp.o .libs/libgmp.lax/lt56-cmp_si.o .libs/libgmp.lax/lt57-cmp_ui.o .libs/libgmp.lax/lt58-div.o .libs/libgmp.lax/lt59-get_d.o mpq/get_den.o mpq/get_num.o .libs/libgmp.lax/lt60-get_str.o .libs/libgmp.lax/lt61-init.o .libs/libgmp.lax/lt62-inits.o .libs/libgmp.lax/lt63-inp_str.o mpq/inv.o mpq/md_2exp.o .libs/libgmp.lax/lt64-mul.o .libs/libgmp.lax/lt65-neg.o .libs/libgmp.lax/lt66-out_str.o .libs/libgmp.lax/lt67-set.o mpq/set_den.o mpq/set_num.o .libs/libgmp.lax/lt68-set_si.o .libs/libgmp.lax/lt69-set_str.o .libs/libgmp.lax/lt70-set_ui.o mpq/equal.o .libs/libgmp.lax/lt71-set_z.o .libs/libgmp.lax/lt72-set_d.o .libs/libgmp.lax/lt73-set_f.o .libs/libgmp.lax/lt74-swap.o mpn/fib_table.o mpn/mp_bases.o mpn/invert_limb_table.o .libs/libgmp.lax/lt75-add.o mpn/add_1.o mpn/add_n.o .libs/libgmp.lax/lt76-sub.o mpn/sub_1.o mpn/sub_n.o mpn/addcnd_n.o mpn/subcnd_n.o .libs/libgmp.lax/lt77-neg.o .libs/libgmp.lax/lt78-com.o mpn/mul_1.o mpn/addmul_1.o mpn/submul_1.o mpn/add_err1_n.o mpn/add_err2_n.o mpn/add_err3_n.o mpn/sub_err1_n.o mpn/sub_err2_n.o mpn/sub_err3_n.o mpn/lshift.o mpn/rshift.o mpn/dive_1.o mpn/diveby3.o .libs/libgmp.lax/lt79-divis.o mpn/divrem.o mpn/divrem_1.o mpn/divrem_2.o .libs/libgmp.lax/lt80-fib2_ui.o mpn/mod_1.o mpn/mod_34lsub1.o mpn/mode1o.o mpn/pre_mod_1.o .libs/libgmp.lax/lt81-dump.o mpn/mod_1_1.o mpn/mod_1_2.o mpn/mod_1_3.o mpn/mod_1_4.o mpn/lshiftc.o .libs/libgmp.lax/lt82-mul.o mpn/mul_fft.o mpn/mul_n.o mpn/sqr.o mpn/mul_basecase.o mpn/sqr_basecase.o mpn/nussbaumer_mul.o mpn/mulmid_basecase.o mpn/toom42_mulmid.o mpn/mulmid_n.o mpn/mulmid.o .libs/libgmp.lax/lt83-random.o .libs/libgmp.lax/lt84-random2.o mpn/pow_1.o .libs/libgmp.lax/lt85-rootrem.o .libs/libgmp.lax/lt86-sqrtrem.o .libs/libgmp.lax/lt87-get_str.o .libs/libgmp.lax/lt88-set_str.o .libs/libgmp.lax/lt89-scan0.o .libs/libgmp.lax/lt90-scan1.o .libs/libgmp.lax/lt91-popcount.o .libs/libgmp.lax/lt92-hamdist.o .libs/libgmp.lax/lt93-cmp.o .libs/libgmp.lax/lt94-perfsqr.o .libs/libgmp.lax/lt95-perfpow.o mpn/gcd_1.o .libs/libgmp.lax/lt96-gcd.o mpn/gcdext_1.o .libs/libgmp.lax/lt97-gcdext.o mpn/gcd_subdiv_step.o mpn/gcdext_lehmer.o mpn/div_q.o .libs/libgmp.lax/lt98-tdiv_qr.o mpn/jacbase.o mpn/jacobi_2.o .libs/libgmp.lax/lt99-jacobi.o .libs/libgmp.lax/lt100-get_d.o mpn/matrix22_mul.o mpn/matrix22_mul1_inverse_vector.o mpn/hgcd_matrix.o mpn/hgcd2.o mpn/hgcd_step.o mpn/hgcd_reduce.o mpn/hgcd.o mpn/hgcd_appr.o mpn/hgcd2_jacobi.o mpn/hgcd_jacobi.o mpn/mullo_n.o mpn/mullo_basecase.o mpn/toom22_mul.o mpn/toom32_mul.o mpn/toom42_mul.o mpn/toom52_mul.o mpn/toom62_mul.o mpn/toom33_mul.o mpn/toom43_mul.o mpn/toom53_mul.o mpn/toom54_mul.o mpn/toom63_mul.o mpn/toom44_mul.o mpn/toom6h_mul.o mpn/toom6_sqr.o mpn/toom8h_mul.o mpn/toom8_sqr.o mpn/toom_couple_handling.o mpn/toom2_sqr.o mpn/toom3_sqr.o mpn/toom4_sqr.o mpn/toom_eval_dgr3_pm1.o mpn/toom_eval_dgr3_pm2.o mpn/toom_eval_pm1.o mpn/toom_eval_pm2.o mpn/toom_eval_pm2exp.o mpn/toom_eval_pm2rexp.o mpn/toom_interpolate_5pts.o mpn/toom_interpolate_6pts.o mpn/toom_interpolate_7pts.o mpn/toom_interpolate_8pts.o mpn/toom_interpolate_12pts.o mpn/toom_interpolate_16pts.o mpn/invertappr.o .libs/libgmp.lax/lt101-invert.o mpn/binvert.o mpn/mulmod_bnm1.o mpn/sqrmod_bnm1.o mpn/div_qr_2.o mpn/div_qr_2n_pi1.o mpn/div_qr_2u_pi1.o mpn/sbpi1_div_q.o mpn/sbpi1_div_qr.o mpn/sbpi1_divappr_q.o mpn/dcpi1_div_q.o mpn/dcpi1_div_qr.o mpn/dcpi1_divappr_q.o mpn/mu_div_qr.o mpn/mu_divappr_q.o mpn/mu_div_q.o mpn/bdiv_q_1.o mpn/sbpi1_bdiv_q.o mpn/sbpi1_bdiv_qr.o mpn/dcpi1_bdiv_q.o mpn/dcpi1_bdiv_qr.o mpn/mu_bdiv_q.o mpn/mu_bdiv_qr.o mpn/bdiv_q.o mpn/bdiv_qr.o mpn/broot.o mpn/brootinv.o mpn/bsqrt.o mpn/bsqrtinv.o .libs/libgmp.lax/lt102-divexact.o mpn/bdiv_dbm1c.o mpn/redc_1.o mpn/redc_2.o mpn/redc_n.o .libs/libgmp.lax/lt103-powm.o mpn/powlo.o .libs/libgmp.lax/lt104-powm_sec.o mpn/sb_div_qr_sec.o mpn/sb_div_r_sec.o mpn/sbpi1_div_qr_sec.o mpn/sbpi1_div_r_sec.o mpn/trialdiv.o .libs/libgmp.lax/lt105-remove.o mpn/and_n.o mpn/andn_n.o mpn/nand_n.o mpn/ior_n.o mpn/iorn_n.o mpn/nior_n.o mpn/xor_n.o mpn/xnor_n.o mpn/copyi.o mpn/copyd.o mpn/zero.o mpn/tabselect.o mpn/comb_tables.o mpn/invert_limb.o mpn/mul_2.o mpn/addmul_2.o mpn/addlsh1_n.o mpn/sublsh1_n.o mpn/rsblsh1_n.o mpn/rsh1add_n.o mpn/rsh1sub_n.o mpn/addlsh2_n.o mpn/rsblsh2_n.o mpn/addlsh_n.o mpn/rsblsh_n.o mpn/add_n_sub_n.o mpn/addaddmul_1msb0.o printf/asprintf.o printf/asprntffuns.o printf/doprnt.o printf/doprntf.o printf/doprnti.o printf/fprintf.o printf/obprintf.o printf/obvprintf.o printf/obprntffuns.o printf/printf.o printf/printffuns.o printf/snprintf.o printf/snprntffuns.o printf/sprintf.o printf/sprintffuns.o printf/vasprintf.o printf/vfprintf.o printf/vprintf.o printf/vsnprintf.o printf/vsprintf.o printf/repl-vsnprintf.o scanf/doscan.o scanf/fscanf.o scanf/fscanffuns.o scanf/scanf.o scanf/sscanf.o scanf/sscanffuns.o scanf/vfscanf.o scanf/vscanf.o scanf/vsscanf.o rand/rand.o rand/randclr.o rand/randdef.o rand/randiset.o rand/randlc2s.o rand/randlc2x.o rand/randmt.o rand/randmts.o rand/rands.o rand/randsd.o rand/randsdui.o rand/randbui.o rand/randmui.o
touch stamp-lib
make[5]: Leaving directory `/home/sparksco/android/toolchain/aosp/build/gdb-7.5.1/bfd'
make[4]: Leaving directory `/home/sparksco/android/toolchain/aosp/build/gdb-7.5.1/bfd'
make[3]: Leaving directory `/home/sparksco/android/toolchain/aosp/build/gdb-7.5.1/bfd'
mkdir -p -- ./gdb
Configuring in ./gdb
libtool: link: ranlib .libs/libgmp.a
make[3]: Entering directory `/home/sparksco/android/toolchain/aosp/build/gdb-7.5.1/opcodes'
make  all-recursive
libtool: link: rm -fr .libs/libgmp.lax
make[4]: Entering directory `/home/sparksco/android/toolchain/aosp/build/gdb-7.5.1/opcodes'
Making all in .
libtool: link: ( cd ".libs" && rm -f "libgmp.la" && ln -s "../libgmp.la" "libgmp.la" )
make[3]: Leaving directory `/home/sparksco/android/toolchain/aosp/build/gmp-5.1.1'
make[2]: Leaving directory `/home/sparksco/android/toolchain/aosp/build/gmp-5.1.1'
make[1]: Leaving directory `/home/sparksco/android/toolchain/aosp/build/gmp-5.1.1'
make -C gmp-5.1.1 install -j1 && touch stmp-install-host-gmp
make[1]: Entering directory `/home/sparksco/android/toolchain/aosp/build/gmp-5.1.1'
make[1]: warning: -jN forced in submake: disabling jobserver mode.
make  install-recursive
make[5]: Entering directory `/home/sparksco/android/toolchain/aosp/build/gdb-7.5.1/opcodes'
/bin/bash ./libtool --tag=CC   --mode=compile gcc-4.7 -DHAVE_CONFIG_H -I. -I../.././../gdb/gdb-7.5.1/opcodes  -I. -I../.././../gdb/gdb-7.5.1/opcodes -I../bfd -I../.././../gdb/gdb-7.5.1/opcodes/../include -I../.././../gdb/gdb-7.5.1/opcodes/../bfd    -W -Wall -Wstrict-prototypes -Wmissing-prototypes -Wshadow -Werror -g -O2 -MT dis-buf.lo -MD -MP -MF .deps/dis-buf.Tpo -c -o dis-buf.lo ../.././../gdb/gdb-7.5.1/opcodes/dis-buf.c
/bin/bash ./libtool --tag=CC   --mode=compile gcc-4.7 -DHAVE_CONFIG_H -I. -I../.././../gdb/gdb-7.5.1/opcodes  -I. -I../.././../gdb/gdb-7.5.1/opcodes -I../bfd -I../.././../gdb/gdb-7.5.1/opcodes/../include -I../.././../gdb/gdb-7.5.1/opcodes/../bfd    -W -Wall -Wstrict-prototypes -Wmissing-prototypes -Wshadow -Werror -g -O2 -MT disassemble.lo -MD -MP -MF .deps/disassemble.Tpo -c -o disassemble.lo  -DARCH_arm ../.././../gdb/gdb-7.5.1/opcodes/disassemble.c
/bin/bash ./libtool --tag=CC   --mode=compile gcc-4.7 -DHAVE_CONFIG_H -I. -I../.././../gdb/gdb-7.5.1/opcodes  -I. -I../.././../gdb/gdb-7.5.1/opcodes -I../bfd -I../.././../gdb/gdb-7.5.1/opcodes/../include -I../.././../gdb/gdb-7.5.1/opcodes/../bfd    -W -Wall -Wstrict-prototypes -Wmissing-prototypes -Wshadow -Werror -g -O2 -MT dis-init.lo -MD -MP -MF .deps/dis-init.Tpo -c -o dis-init.lo ../.././../gdb/gdb-7.5.1/opcodes/dis-init.c
/bin/bash ./libtool --tag=CC   --mode=compile gcc-4.7 -DHAVE_CONFIG_H -I. -I../.././../gdb/gdb-7.5.1/opcodes  -I. -I../.././../gdb/gdb-7.5.1/opcodes -I../bfd -I../.././../gdb/gdb-7.5.1/opcodes/../include -I../.././../gdb/gdb-7.5.1/opcodes/../bfd    -W -Wall -Wstrict-prototypes -Wmissing-prototypes -Wshadow -Werror -g -O2 -MT arm-dis.lo -MD -MP -MF .deps/arm-dis.Tpo -c -o arm-dis.lo ../.././../gdb/gdb-7.5.1/opcodes/arm-dis.c
make[2]: Entering directory `/home/sparksco/android/toolchain/aosp/build/gmp-5.1.1'
Making install in tests
make[3]: Entering directory `/home/sparksco/android/toolchain/aosp/build/gmp-5.1.1/tests'
Making install in .
make[4]: Entering directory `/home/sparksco/android/toolchain/aosp/build/gmp-5.1.1/tests'
make[5]: Entering directory `/home/sparksco/android/toolchain/aosp/build/gmp-5.1.1/tests'
make[5]: Nothing to be done for `install-exec-am'.
make[5]: Nothing to be done for `install-data-am'.
make[5]: Leaving directory `/home/sparksco/android/toolchain/aosp/build/gmp-5.1.1/tests'
make[4]: Leaving directory `/home/sparksco/android/toolchain/aosp/build/gmp-5.1.1/tests'
Making install in devel
make[4]: Entering directory `/home/sparksco/android/toolchain/aosp/build/gmp-5.1.1/tests/devel'
libtool: compile:  gcc-4.7 -DHAVE_CONFIG_H -I. -I../.././../gdb/gdb-7.5.1/opcodes -I. -I../.././../gdb/gdb-7.5.1/opcodes -I../bfd -I../.././../gdb/gdb-7.5.1/opcodes/../include -I../.././../gdb/gdb-7.5.1/opcodes/../bfd -W -Wall -Wstrict-prototypes -Wmissing-prototypes -Wshadow -Werror -g -O2 -MT disassemble.lo -MD -MP -MF .deps/disassemble.Tpo -c -DARCH_arm ../.././../gdb/gdb-7.5.1/opcodes/disassemble.c -o disassemble.o
libtool: compile:  gcc-4.7 -DHAVE_CONFIG_H -I. -I../.././../gdb/gdb-7.5.1/opcodes -I. -I../.././../gdb/gdb-7.5.1/opcodes -I../bfd -I../.././../gdb/gdb-7.5.1/opcodes/../include -I../.././../gdb/gdb-7.5.1/opcodes/../bfd -W -Wall -Wstrict-prototypes -Wmissing-prototypes -Wshadow -Werror -g -O2 -MT arm-dis.lo -MD -MP -MF .deps/arm-dis.Tpo -c ../.././../gdb/gdb-7.5.1/opcodes/arm-dis.c -o arm-dis.o
make[5]: Entering directory `/home/sparksco/android/toolchain/aosp/build/gmp-5.1.1/tests/devel'
make[5]: Nothing to be done for `install-exec-am'.
make[5]: Nothing to be done for `install-data-am'.
make[5]: Leaving directory `/home/sparksco/android/toolchain/aosp/build/gmp-5.1.1/tests/devel'
make[4]: Leaving directory `/home/sparksco/android/toolchain/aosp/build/gmp-5.1.1/tests/devel'
Making install in mpn
make[4]: Entering directory `/home/sparksco/android/toolchain/aosp/build/gmp-5.1.1/tests/mpn'
libtool: compile:  gcc-4.7 -DHAVE_CONFIG_H -I. -I../.././../gdb/gdb-7.5.1/opcodes -I. -I../.././../gdb/gdb-7.5.1/opcodes -I../bfd -I../.././../gdb/gdb-7.5.1/opcodes/../include -I../.././../gdb/gdb-7.5.1/opcodes/../bfd -W -Wall -Wstrict-prototypes -Wmissing-prototypes -Wshadow -Werror -g -O2 -MT dis-init.lo -MD -MP -MF .deps/dis-init.Tpo -c ../.././../gdb/gdb-7.5.1/opcodes/dis-init.c -o dis-init.o
make[5]: Entering directory `/home/sparksco/android/toolchain/aosp/build/gmp-5.1.1/tests/mpn'
make[5]: Nothing to be done for `install-exec-am'.
make[5]: Nothing to be done for `install-data-am'.
make[5]: Leaving directory `/home/sparksco/android/toolchain/aosp/build/gmp-5.1.1/tests/mpn'
make[4]: Leaving directory `/home/sparksco/android/toolchain/aosp/build/gmp-5.1.1/tests/mpn'
Making install in mpz
libtool: compile:  gcc-4.7 -DHAVE_CONFIG_H -I. -I../.././../gdb/gdb-7.5.1/opcodes -I. -I../.././../gdb/gdb-7.5.1/opcodes -I../bfd -I../.././../gdb/gdb-7.5.1/opcodes/../include -I../.././../gdb/gdb-7.5.1/opcodes/../bfd -W -Wall -Wstrict-prototypes -Wmissing-prototypes -Wshadow -Werror -g -O2 -MT dis-buf.lo -MD -MP -MF .deps/dis-buf.Tpo -c ../.././../gdb/gdb-7.5.1/opcodes/dis-buf.c -o dis-buf.o
make[4]: Entering directory `/home/sparksco/android/toolchain/aosp/build/gmp-5.1.1/tests/mpz'
make[5]: Entering directory `/home/sparksco/android/toolchain/aosp/build/gmp-5.1.1/tests/mpz'
make[5]: Nothing to be done for `install-exec-am'.
make[5]: Nothing to be done for `install-data-am'.
make[5]: Leaving directory `/home/sparksco/android/toolchain/aosp/build/gmp-5.1.1/tests/mpz'
make[4]: Leaving directory `/home/sparksco/android/toolchain/aosp/build/gmp-5.1.1/tests/mpz'
Making install in mpq
make[4]: Entering directory `/home/sparksco/android/toolchain/aosp/build/gmp-5.1.1/tests/mpq'
make[5]: Entering directory `/home/sparksco/android/toolchain/aosp/build/gmp-5.1.1/tests/mpq'
make[5]: Nothing to be done for `install-exec-am'.
make[5]: Nothing to be done for `install-data-am'.
make[5]: Leaving directory `/home/sparksco/android/toolchain/aosp/build/gmp-5.1.1/tests/mpq'
make[4]: Leaving directory `/home/sparksco/android/toolchain/aosp/build/gmp-5.1.1/tests/mpq'
Making install in mpf
make[4]: Entering directory `/home/sparksco/android/toolchain/aosp/build/gmp-5.1.1/tests/mpf'
make[5]: Entering directory `/home/sparksco/android/toolchain/aosp/build/gmp-5.1.1/tests/mpf'
make[5]: Nothing to be done for `install-exec-am'.
make[5]: Nothing to be done for `install-data-am'.
make[5]: Leaving directory `/home/sparksco/android/toolchain/aosp/build/gmp-5.1.1/tests/mpf'
make[4]: Leaving directory `/home/sparksco/android/toolchain/aosp/build/gmp-5.1.1/tests/mpf'
Making install in rand
make[4]: Entering directory `/home/sparksco/android/toolchain/aosp/build/gmp-5.1.1/tests/rand'
make[5]: Entering directory `/home/sparksco/android/toolchain/aosp/build/gmp-5.1.1/tests/rand'
make[5]: Nothing to be done for `install-exec-am'.
make[5]: Nothing to be done for `install-data-am'.
make[5]: Leaving directory `/home/sparksco/android/toolchain/aosp/build/gmp-5.1.1/tests/rand'
make[4]: Leaving directory `/home/sparksco/android/toolchain/aosp/build/gmp-5.1.1/tests/rand'
Making install in misc
make[4]: Entering directory `/home/sparksco/android/toolchain/aosp/build/gmp-5.1.1/tests/misc'
make[5]: Entering directory `/home/sparksco/android/toolchain/aosp/build/gmp-5.1.1/tests/misc'
make[5]: Nothing to be done for `install-exec-am'.
make[5]: Nothing to be done for `install-data-am'.
make[5]: Leaving directory `/home/sparksco/android/toolchain/aosp/build/gmp-5.1.1/tests/misc'
make[4]: Leaving directory `/home/sparksco/android/toolchain/aosp/build/gmp-5.1.1/tests/misc'
Making install in cxx
make[4]: Entering directory `/home/sparksco/android/toolchain/aosp/build/gmp-5.1.1/tests/cxx'
make[5]: Entering directory `/home/sparksco/android/toolchain/aosp/build/gmp-5.1.1/tests/cxx'
make[5]: Nothing to be done for `install-exec-am'.
make[5]: Nothing to be done for `install-data-am'.
make[5]: Leaving directory `/home/sparksco/android/toolchain/aosp/build/gmp-5.1.1/tests/cxx'
make[4]: Leaving directory `/home/sparksco/android/toolchain/aosp/build/gmp-5.1.1/tests/cxx'
make[3]: Leaving directory `/home/sparksco/android/toolchain/aosp/build/gmp-5.1.1/tests'
Making install in mpn
mv -f .deps/disassemble.Tpo .deps/disassemble.Plo
make[3]: Entering directory `/home/sparksco/android/toolchain/aosp/build/gmp-5.1.1/mpn'
make[4]: Entering directory `/home/sparksco/android/toolchain/aosp/build/gmp-5.1.1/mpn'
make[4]: Nothing to be done for `install-exec-am'.
make[4]: Nothing to be done for `install-data-am'.
make[4]: Leaving directory `/home/sparksco/android/toolchain/aosp/build/gmp-5.1.1/mpn'
make[3]: Leaving directory `/home/sparksco/android/toolchain/aosp/build/gmp-5.1.1/mpn'
Making install in mpz
mv -f .deps/dis-init.Tpo .deps/dis-init.Plo
make[3]: Entering directory `/home/sparksco/android/toolchain/aosp/build/gmp-5.1.1/mpz'
make[4]: Entering directory `/home/sparksco/android/toolchain/aosp/build/gmp-5.1.1/mpz'
make[4]: Nothing to be done for `install-exec-am'.
make[4]: Nothing to be done for `install-data-am'.
make[4]: Leaving directory `/home/sparksco/android/toolchain/aosp/build/gmp-5.1.1/mpz'
make[3]: Leaving directory `/home/sparksco/android/toolchain/aosp/build/gmp-5.1.1/mpz'
mv -f .deps/dis-buf.Tpo .deps/dis-buf.Plo
Making install in mpq
make[3]: Entering directory `/home/sparksco/android/toolchain/aosp/build/gmp-5.1.1/mpq'
make[4]: Entering directory `/home/sparksco/android/toolchain/aosp/build/gmp-5.1.1/mpq'
make[4]: Nothing to be done for `install-exec-am'.
make[4]: Nothing to be done for `install-data-am'.
make[4]: Leaving directory `/home/sparksco/android/toolchain/aosp/build/gmp-5.1.1/mpq'
make[3]: Leaving directory `/home/sparksco/android/toolchain/aosp/build/gmp-5.1.1/mpq'
Making install in mpf
configure: creating cache ./config.cache
make[3]: Entering directory `/home/sparksco/android/toolchain/aosp/build/gmp-5.1.1/mpf'
checking whether to enable maintainer-specific portions of Makefiles... no
checking for x86_64-linux-gnu-gcc... gcc-4.7
make[4]: Entering directory `/home/sparksco/android/toolchain/aosp/build/gmp-5.1.1/mpf'
make[4]: Nothing to be done for `install-exec-am'.
make[4]: Nothing to be done for `install-data-am'.
make[4]: Leaving directory `/home/sparksco/android/toolchain/aosp/build/gmp-5.1.1/mpf'
make[3]: Leaving directory `/home/sparksco/android/toolchain/aosp/build/gmp-5.1.1/mpf'
Making install in printf
make[3]: Entering directory `/home/sparksco/android/toolchain/aosp/build/gmp-5.1.1/printf'
make[4]: Entering directory `/home/sparksco/android/toolchain/aosp/build/gmp-5.1.1/printf'
make[4]: Nothing to be done for `install-exec-am'.
make[4]: Nothing to be done for `install-data-am'.
make[4]: Leaving directory `/home/sparksco/android/toolchain/aosp/build/gmp-5.1.1/printf'
make[3]: Leaving directory `/home/sparksco/android/toolchain/aosp/build/gmp-5.1.1/printf'
Making install in scanf
make[3]: Entering directory `/home/sparksco/android/toolchain/aosp/build/gmp-5.1.1/scanf'
make[4]: Entering directory `/home/sparksco/android/toolchain/aosp/build/gmp-5.1.1/scanf'
make[4]: Nothing to be done for `install-exec-am'.
make[4]: Nothing to be done for `install-data-am'.
make[4]: Leaving directory `/home/sparksco/android/toolchain/aosp/build/gmp-5.1.1/scanf'
make[3]: Leaving directory `/home/sparksco/android/toolchain/aosp/build/gmp-5.1.1/scanf'
Making install in rand
make[3]: Entering directory `/home/sparksco/android/toolchain/aosp/build/gmp-5.1.1/rand'
checking for C compiler default output file name... make[4]: Entering directory `/home/sparksco/android/toolchain/aosp/build/gmp-5.1.1/rand'
make[4]: Nothing to be done for `install-exec-am'.
make[4]: Nothing to be done for `install-data-am'.
make[4]: Leaving directory `/home/sparksco/android/toolchain/aosp/build/gmp-5.1.1/rand'
make[3]: Leaving directory `/home/sparksco/android/toolchain/aosp/build/gmp-5.1.1/rand'
Making install in cxx
make[3]: Entering directory `/home/sparksco/android/toolchain/aosp/build/gmp-5.1.1/cxx'
make[4]: Entering directory `/home/sparksco/android/toolchain/aosp/build/gmp-5.1.1/cxx'
make[4]: Nothing to be done for `install-exec-am'.
make[4]: Nothing to be done for `install-data-am'.
make[4]: Leaving directory `/home/sparksco/android/toolchain/aosp/build/gmp-5.1.1/cxx'
make[3]: Leaving directory `/home/sparksco/android/toolchain/aosp/build/gmp-5.1.1/cxx'
Making install in demos
make[3]: Entering directory `/home/sparksco/android/toolchain/aosp/build/gmp-5.1.1/demos'
Making install in calc
make[4]: Entering directory `/home/sparksco/android/toolchain/aosp/build/gmp-5.1.1/demos/calc'
make  install-am
make[5]: Entering directory `/home/sparksco/android/toolchain/aosp/build/gmp-5.1.1/demos/calc'
make[6]: Entering directory `/home/sparksco/android/toolchain/aosp/build/gmp-5.1.1/demos/calc'
make[6]: Nothing to be done for `install-exec-am'.
make[6]: Nothing to be done for `install-data-am'.
make[6]: Leaving directory `/home/sparksco/android/toolchain/aosp/build/gmp-5.1.1/demos/calc'
make[5]: Leaving directory `/home/sparksco/android/toolchain/aosp/build/gmp-5.1.1/demos/calc'
make[4]: Leaving directory `/home/sparksco/android/toolchain/aosp/build/gmp-5.1.1/demos/calc'
Making install in expr
make[4]: Entering directory `/home/sparksco/android/toolchain/aosp/build/gmp-5.1.1/demos/expr'
make[5]: Entering directory `/home/sparksco/android/toolchain/aosp/build/gmp-5.1.1/demos/expr'
make[5]: Nothing to be done for `install-exec-am'.
make[5]: Nothing to be done for `install-data-am'.
make[5]: Leaving directory `/home/sparksco/android/toolchain/aosp/build/gmp-5.1.1/demos/expr'
make[4]: Leaving directory `/home/sparksco/android/toolchain/aosp/build/gmp-5.1.1/demos/expr'
make[4]: Entering directory `/home/sparksco/android/toolchain/aosp/build/gmp-5.1.1/demos'
a.out
checking whether the C compiler works... make[5]: Entering directory `/home/sparksco/android/toolchain/aosp/build/gmp-5.1.1/demos'
make[5]: Nothing to be done for `install-exec-am'.
make[5]: Nothing to be done for `install-data-am'.
make[5]: Leaving directory `/home/sparksco/android/toolchain/aosp/build/gmp-5.1.1/demos'
make[4]: Leaving directory `/home/sparksco/android/toolchain/aosp/build/gmp-5.1.1/demos'
yes
make[3]: Leaving directory `/home/sparksco/android/toolchain/aosp/build/gmp-5.1.1/demos'
Making install in tune
checking whether we are cross compiling... no
checking for suffix of executables... make[3]: Entering directory `/home/sparksco/android/toolchain/aosp/build/gmp-5.1.1/tune'
make[4]: Entering directory `/home/sparksco/android/toolchain/aosp/build/gmp-5.1.1/tune'
make[4]: Nothing to be done for `install-exec-am'.
make[4]: Nothing to be done for `install-data-am'.
make[4]: Leaving directory `/home/sparksco/android/toolchain/aosp/build/gmp-5.1.1/tune'
make[3]: Leaving directory `/home/sparksco/android/toolchain/aosp/build/gmp-5.1.1/tune'
Making install in doc
make[3]: Entering directory `/home/sparksco/android/toolchain/aosp/build/gmp-5.1.1/doc'
make[4]: Entering directory `/home/sparksco/android/toolchain/aosp/build/gmp-5.1.1/doc'
make[4]: Nothing to be done for `install-exec-am'.
 /bin/mkdir -p '/home/sparksco/android/toolchain/aosp/build/temp-install/share/info'
 /usr/bin/install -c -m 644 ../.././../gmp/gmp-5.1.1/doc/gmp.info ../.././../gmp/gmp-5.1.1/doc/gmp.info-1 ../.././../gmp/gmp-5.1.1/doc/gmp.info-2 '/home/sparksco/android/toolchain/aosp/build/temp-install/share/info'
 install-info --info-dir='/home/sparksco/android/toolchain/aosp/build/temp-install/share/info' '/home/sparksco/android/toolchain/aosp/build/temp-install/share/info/gmp.info'
This is not dpkg install-info anymore, but GNU install-info
See the man page for ginstall-info for command line arguments

checking for suffix of object files... make[4]: Leaving directory `/home/sparksco/android/toolchain/aosp/build/gmp-5.1.1/doc'
make[3]: Leaving directory `/home/sparksco/android/toolchain/aosp/build/gmp-5.1.1/doc'
make[3]: Entering directory `/home/sparksco/android/toolchain/aosp/build/gmp-5.1.1'
o
checking whether we are using the GNU C compiler... make[4]: Entering directory `/home/sparksco/android/toolchain/aosp/build/gmp-5.1.1'
yes
checking whether gcc-4.7 accepts -g...  /bin/mkdir -p '/home/sparksco/android/toolchain/aosp/build/temp-install/lib'
 /bin/bash ./libtool   --mode=install /usr/bin/install -c   libgmp.la '/home/sparksco/android/toolchain/aosp/build/temp-install/lib'
yes
checking for gcc-4.7 option to accept ISO C89... libtool: install: /usr/bin/install -c .libs/libgmp.lai /home/sparksco/android/toolchain/aosp/build/temp-install/lib/libgmp.la
libtool: install: /usr/bin/install -c .libs/libgmp.a /home/sparksco/android/toolchain/aosp/build/temp-install/lib/libgmp.a
libtool: install: chmod 644 /home/sparksco/android/toolchain/aosp/build/temp-install/lib/libgmp.a
libtool: install: ranlib /home/sparksco/android/toolchain/aosp/build/temp-install/lib/libgmp.a
none needed
checking how to run the C preprocessor... libtool: finish: PATH="/home/sparksco/bin:/usr/local/sbin:/usr/local/bin:/usr/sbin:/usr/bin:/sbin:/bin:/usr/games:/usr/local/games:/home/sparksco/bin:/home/sparksco/android/sdk:/home/sparksco/android/sdk/tools:/home/sparksco/android/sdk/platform-tools:/usr/lib/jvm/jdk1.7.0/bin:/sbin" ldconfig -n /home/sparksco/android/toolchain/aosp/build/temp-install/lib
----------------------------------------------------------------------
Libraries have been installed in:
   /home/sparksco/android/toolchain/aosp/build/temp-install/lib

If you ever happen to want to link against installed libraries
in a given directory, LIBDIR, you must either use libtool, and
specify the full pathname of the library, or use the `-LLIBDIR'
flag during linking and do at least one of the following:
   - add LIBDIR to the `LD_LIBRARY_PATH' environment variable
     during execution
   - add LIBDIR to the `LD_RUN_PATH' environment variable
     during linking
   - use the `-Wl,-rpath -Wl,LIBDIR' linker flag
   - have your system administrator add LIBDIR to `/etc/ld.so.conf'

See any operating system documentation about shared libraries for
more information, such as the ld(1) and ld.so(8) manual pages.
----------------------------------------------------------------------
 /bin/mkdir -p '/home/sparksco/android/toolchain/aosp/build/temp-install/include'
 /usr/bin/install -c -m 644 gmp.h '/home/sparksco/android/toolchain/aosp/build/temp-install/include'
gcc-4.7 -E
make  install-data-hook
make[5]: Entering directory `/home/sparksco/android/toolchain/aosp/build/gmp-5.1.1'

+-------------------------------------------------------------+
| CAUTION:                                                    |
|                                                             |
| If you have not already run "make check", then we strongly  |
| recommend you do so.                                        |
|                                                             |
| GMP has been carefully tested by its authors, but compilers |
| are all too often released with serious bugs.  GMP tends to |
checking for grep that handles long lines and -e... | explore interesting corners in compilers and has hit bugs   |
| on quite a few occasions.                                   |
/bin/grep
checking for egrep... |                                                             |
/bin/grep -E
checking for ANSI C header files... +-------------------------------------------------------------+

make[5]: Leaving directory `/home/sparksco/android/toolchain/aosp/build/gmp-5.1.1'
make[4]: Leaving directory `/home/sparksco/android/toolchain/aosp/build/gmp-5.1.1'
make[3]: Leaving directory `/home/sparksco/android/toolchain/aosp/build/gmp-5.1.1'
make[2]: Leaving directory `/home/sparksco/android/toolchain/aosp/build/gmp-5.1.1'
make[1]: Leaving directory `/home/sparksco/android/toolchain/aosp/build/gmp-5.1.1'
([ -d mpfr-3.1.1 ] || \
	  mkdir mpfr-3.1.1) && \
	( \
	 cd mpfr-3.1.1 ; \
	 .././../mpfr/mpfr-3.1.1/configure \
	  '--prefix=/home/sparksco/android/arm-linux-androideabi' '--with-gcc-version=195953' '--with-binutils-version=2.23.1' '--with-gmp-version=5.1.1' '--with-mpfr-version=3.1.1' '--with-gdb-version=7.5.1' '--with-mpc-version=current' '--disable-docs' '--disable-nls' --program-transform-name='s&^&arm-linux-androideabi-&' --prefix=/home/sparksco/android/toolchain/aosp/build/temp-install --disable-shared --host=x86_64-linux-gnu --build=x86_64-linux-gnu --with-gmp=/home/sparksco/android/toolchain/aosp/build/temp-install) && \
	touch stmp-config-host-mpfr
yes
checking for sys/types.h... configure: WARNING: unrecognized options: --with-gcc-version, --with-binutils-version, --with-gmp-version, --with-mpfr-version, --with-gdb-version, --with-mpc-version, --disable-docs, --disable-nls
yes
checking for sys/stat.h... yes
checking for a BSD-compatible install... checking for stdlib.h... /usr/bin/install -c
checking whether build environment is sane... yes
checking for string.h... yes
checking for memory.h... yes
checking for strings.h... yes
checking for inttypes.h... yes
checking for stdint.h... yes
checking for unistd.h... mv -f .deps/arm-dis.Tpo .deps/arm-dis.Plo
yes
/bin/bash ./libtool --tag=CC   --mode=link gcc-4.7 -W -Wall -Wstrict-prototypes -Wmissing-prototypes -Wshadow -Werror -g -O2 -rpath /home/sparksco/android/arm-linux-androideabi/x86_64-linux-gnu/arm-linux-android/lib -release `cat ../bfd/libtool-soversion`   -o libopcodes.la  dis-buf.lo disassemble.lo dis-init.lo arm-dis.lo  
checking minix/config.h usability... libtool: link: ar rc .libs/libopcodes.a  dis-buf.o disassemble.o dis-init.o arm-dis.o
libtool: link: ranlib .libs/libopcodes.a
libtool: link: ( cd ".libs" && rm -f "libopcodes.la" && ln -s "../libopcodes.la" "libopcodes.la" )
no
checking minix/config.h presence... libtooldir=`/bin/bash ./libtool --config | sed -n -e 's/^objdir=//p'`; \
	if [ -f $libtooldir/libopcodes.a ]; then \
	  cp $libtooldir/libopcodes.a libopcodes.tmp; \
	  ranlib libopcodes.tmp; \
	  /bin/bash ../.././../gdb/gdb-7.5.1/opcodes/../move-if-change libopcodes.tmp libopcodes.a; \
	else true; fi
no
checking for minix/config.h... no
checking whether it is safe to define __EXTENSIONS__... touch stamp-lib
make[5]: Leaving directory `/home/sparksco/android/toolchain/aosp/build/gdb-7.5.1/opcodes'
Making all in po
make[5]: Entering directory `/home/sparksco/android/toolchain/aosp/build/gdb-7.5.1/opcodes/po'
make[5]: Nothing to be done for `all'.
make[5]: Leaving directory `/home/sparksco/android/toolchain/aosp/build/gdb-7.5.1/opcodes/po'
make[4]: Leaving directory `/home/sparksco/android/toolchain/aosp/build/gdb-7.5.1/opcodes'
make[3]: Leaving directory `/home/sparksco/android/toolchain/aosp/build/gdb-7.5.1/opcodes'
yes
checking build system type... x86_64-pc-linux-gnu
checking host system type... x86_64-pc-linux-gnu
checking target system type... arm-unknown-linux-android
checking for special C compiler options needed for large files... no
checking for _FILE_OFFSET_BITS value needed for large files... no
checking for gcc-4.7 option to accept ANSI C... none needed
checking dependency style of gcc-4.7... yes
checking for a thread-safe mkdir -p... /bin/mkdir -p
checking for gawk... gawk
checking whether make sets $(MAKE)... yes
checking whether to enable maintainer-specific portions of Makefiles... yes
checking build system type... gcc3
checking for make... make
checking whether make sets $(MAKE)... x86_64-pc-linux-gnu
checking host system type... yes
=== configuring in build-gnulib (/home/sparksco/android/toolchain/aosp/build/gdb-7.5.1/gdb/build-gnulib)
configure: running /bin/bash ../../.././../gdb/gdb-7.5.1/gdb/gnulib/configure --disable-option-checking '--prefix=/home/sparksco/android/arm-linux-androideabi'  '--with-system-zlib' '--with-gcc-version=195953' '--with-binutils-version=2.23.1' '--with-gmp-version=5.1.1' '--with-mpfr-version=3.1.1' '--with-gdb-version=7.5.1' '--with-mpc-version=current' '--disable-docs' '--disable-nls' '--with-expat' '--with-libexpat-prefix=/home/sparksco/android/toolchain/aosp/build/temp-install' '--with-python=no' '--program-transform-name=s&^&arm-linux-androideabi-&' '--build=x86_64-linux-gnu' '--host=x86_64-linux-gnu' '--target=arm-linux-android' 'build_alias=x86_64-linux-gnu' 'host_alias=x86_64-linux-gnu' 'target_alias=arm-linux-android' 'CC=gcc-4.7' 'CFLAGS=-g -O2' 'LDFLAGS= ' 'MAKEINFO=makeinfo --split-size=5000000' 'YACC=bison -y' --cache-file=./config.cache --srcdir=../../.././../gdb/gdb-7.5.1/gdb/gnulib
x86_64-pc-linux-gnu
checking for grep that handles long lines and -e... /bin/grep
checking for egrep... /bin/grep -E
checking for a sed that does not truncate output... /bin/sed
checking for x86_64-linux-gnu-gcc... gcc-4.7
checking whether the C compiler works... yes
checking for C compiler default output file name... a.out
checking for suffix of executables... 
checking whether we are cross compiling... no
checking for suffix of object files... o
checking whether we are using the GNU C compiler... yes
checking whether gcc-4.7 accepts -g... configure: creating cache ./config.cache
checking whether to enable maintainer-specific portions of Makefiles... no
checking for x86_64-linux-gnu-gcc... gcc-4.7
yes
checking for gcc-4.7 option to accept ISO C89... checking for C compiler default output file name... none needed
checking for style of include used by make... GNU
checking dependency style of gcc-4.7... a.out
checking whether the C compiler works... yes
checking whether we are cross compiling... no
checking for suffix of executables... gcc3
checking how to run the C preprocessor... gcc-4.7 -E

checking for suffix of object files... checking for ICC... o
checking whether we are using the GNU C compiler... no
checking whether gcc-4.7 and cc understand -c and -o together... yes
checking whether gcc-4.7 accepts -g... yes
checking for gcc-4.7 option to accept ISO C89... none needed
checking build system type... yes
checking for an ANSI C-conforming const... x86_64-pc-linux-gnu
checking host system type... yes
checking for working volatile... x86_64-pc-linux-gnu
checking how to run the C preprocessor... yes
checking for main in -lm... gcc-4.7 -E
checking for grep that handles long lines and -e... /bin/grep
checking for egrep... yes
checking whether time.h and sys/time.h may both be included... /bin/grep -E
checking for ANSI C header files... yes
checking for ANSI C header files... yes
checking for sys/types.h... yes
checking for sys/types.h... yes
checking for sys/stat.h... yes
checking for sys/stat.h... yes
checking for stdlib.h... yes
checking for stdlib.h... yes
checking for string.h... yes
checking for string.h... yes
checking for memory.h... yes
checking for memory.h... yes
checking for strings.h... yes
checking for strings.h... yes
checking for inttypes.h... yes
checking for inttypes.h... yes
checking for stdint.h... yes
checking for stdint.h... yes
checking for unistd.h... yes
checking for unistd.h... yes
checking minix/config.h usability... yes
checking for size_t... no
checking minix/config.h presence... no
checking for minix/config.h... no
checking whether it is safe to define __EXTENSIONS__... yes
checking limits.h usability... yes
checking for Minix Amsterdam compiler... yes
checking limits.h presence... no
checking for x86_64-linux-gnu-gcc... (cached) gcc-4.7
yes
checking for limits.h... yes
checking float.h usability... checking whether we are using the GNU C compiler... (cached) yes
checking whether gcc-4.7 accepts -g... (cached) yes
checking for gcc-4.7 option to accept ISO C89... (cached) none needed
checking target system type... yes
checking float.h presence... arm-unknown-linux-android
checking for working alloca.h... yes
checking for float.h... yes
checking for string.h... (cached) yes
checking locale.h usability... yes
checking for alloca... yes
checking locale.h presence... yes
checking for locale.h... yes
checking wchar.h usability... yes
checking for mbstate_t... yes
checking wchar.h presence... yes
checking for wchar.h... yes
checking stdarg.h usability... yes
checking for btowc... yes
checking stdarg.h presence... yes
checking for stdarg.h... yes
checking sys/time.h usability... yes
checking for isblank... yes
checking sys/time.h presence... yes
checking for sys/time.h... yes
checking sys/fpu.h usability... yes
checking for iswctype... yes
checking for mbsrtowcs... no
checking sys/fpu.h presence... no
checking for sys/fpu.h... no
checking for working alloca.h... yes
checking for mempcpy... yes
checking for alloca... yes
checking for wmemchr... yes
checking for stdint.h... (cached) yes
checking for SIZE_MAX... yes
checking how to copy va_list... yes
checking for wmemcpy... va_copy
checking for memmove... yes
checking for wmempcpy... yes
checking for memset... yes
checking for symlink... yes
checking for setlocale... yes
checking for mbsinit... yes
checking for strtol... yes
checking for mbrtowc... yes
checking for gettimeofday... yes
checking for mprotect... yes
checking for long long int... yes
checking for iswcntrl... yes
checking for intmax_t... yes
checking wctype.h usability... yes
checking wctype.h presence... yes
checking for wctype.h... yes
yes
checking for working INTMAX_MAX... checking wchar.h usability... yes
checking for union fpc_csr... yes
checking wchar.h presence... no
yes
checking for fesetround... checking for wchar.h... yes
checking for stdint.h... (cached) yes
checking for inttypes.h... (cached) yes
checking for unistd.h... (cached) yes
checking sys/mman.h usability... yes
checking for gcc float-conversion bug... yes
checking sys/mman.h presence... no
checking for denormalized numbers... yes
checking for sys/mman.h... yes
checking features.h usability... yes
checking if the FP division by 0 fails... yes
checking features.h presence... yes
checking for features.h... yes
checking for unsigned long long int... no
checking if NAN == NAN... yes
checking for long long int... no
checking if charset has consecutive values... yes
checking whether the preprocessor supports include_next... yes
checking for math/round... yes
checking whether system header files limit the line length... no
yes
checking for math/trunc... checking whether stdint.h conforms to C99... yes
checking for math/floor... yes
checking for math/ceil... yes
checking whether imaxabs is declared without a macro... yes
checking whether imaxdiv is declared without a macro... yes
checking for math/rint... yes
checking whether strtoimax is declared without a macro... yes
checking whether strtoumax is declared without a macro... yes
checking for long double... yes
checking for inttypes.h... (cached) yes
checking whether the inttypes.h PRIxNN macros are broken... no
checking for nl_langinfo and CODESET... yes
checking format of `long double' floating point... yes
checking for working fcntl.h... IEEE extended, little endian
checking for TLS support... yes
checking for gmp.h... yes
checking how to print strings... printf
checking for a sed that does not truncate output... (cached) /bin/sed
checking for fgrep... /bin/grep -F
checking for ld used by gcc-4.7... /usr/bin/ld
checking if the linker (/usr/bin/ld) is GNU ld... yes
checking for BSD- or MS-compatible name lister (nm)... /usr/bin/nm -B
checking the name lister (/usr/bin/nm -B) interface... BSD nm
checking whether ln -s works... yes
checking the maximum length of command line arguments... 3458764513820540925
checking whether the shell understands some XSI constructs... yes
checking whether the shell understands "+="... yes
checking how to convert x86_64-pc-linux-gnu file names to x86_64-pc-linux-gnu format... func_convert_file_noop
checking how to convert x86_64-pc-linux-gnu file names to toolchain format... func_convert_file_noop
checking for /usr/bin/ld option to reload object files... -r
checking for x86_64-linux-gnu-objdump... objdump
checking how to recognize dependent libraries... pass_all
checking for x86_64-linux-gnu-dlltool... dlltool
checking how to associate runtime and link libraries... printf %s\n
checking for x86_64-linux-gnu-ar... no
checking for ar... ar
checking for archiver @FILE support... @
checking for x86_64-linux-gnu-strip... no
checking for strip... strip
checking for x86_64-linux-gnu-ranlib... no
checking for ranlib... ranlib
checking command to parse /usr/bin/nm -B output from gcc-4.7 object... ok
checking for sysroot... no
checking for x86_64-linux-gnu-mt... no
checking for mt... mt
checking if mt is a manifest tool... no
checking for dlfcn.h... yes
checking for objdir... .libs
checking if gcc-4.7 supports -fno-rtti -fno-exceptions... no
checking for gcc-4.7 option to produce PIC... -fPIC -DPIC
checking if gcc-4.7 PIC flag -fPIC -DPIC works... yes
checking if gcc-4.7 static flag -static works... yes
checking if gcc-4.7 supports -c -o file.o... yes
checking if gcc-4.7 supports -c -o file.o... (cached) yes
checking whether the gcc-4.7 linker (/usr/bin/ld -m elf_x86_64) supports shared libraries... yes
checking dynamic linker characteristics... yes
checking whether getc_unlocked is declared... GNU/Linux ld.so
checking how to hardcode library paths into programs... immediate
checking whether stripping libraries is possible... yes
checking if libtool supports shared libraries... yes
checking whether to build shared libraries... no
checking whether to build static libraries... yes
checking whether gcc __attribute__ ((mode (XX))) works... yes
yes
checking for recent GMP... checking whether we are using the GNU C Library >= 2.1 or uClibc... yes
checking for a traditional japanese locale... yes
checking for __gmpz_init in -lgmp... yes
checking if gmp.h version and libgmp version are the same... none
checking for a transitional chinese locale... (5.1.1/5.1.1) yes
checking if gmp_printf supports "%jd"... none
checking for a french Unicode locale... yes
checking if gmp_printf supports "%hhd"... none
checking for a traditional french locale... yes
checking if gmp_printf supports "%lld"... none
checking for mmap... yes
checking if gmp_printf supports "%Lf"... yes
checking for MAP_ANONYMOUS... yes
checking whether memchr works... yes
checking if gmp_printf supports "%td"... yes
checking whether memmem is declared... yes
yes
checking for memmem... checking for __gmpn_rootrem... yes
checking whether memmem works... yes
checking for __gmpn_sbpi1_divappr_q... yes
checking for stdbool.h that conforms to C99... yes
yes
checking for _Bool... configure: creating ./config.status
yes
checking for wchar_t... yes
checking for C/C++ restrict keyword... __restrict
checking whether ffsl is declared without a macro... yes
checking whether ffsll is declared without a macro... yes
checking whether memmem is declared without a macro... yes
checking whether mempcpy is declared without a macro... yes
checking whether memrchr is declared without a macro... yes
checking whether rawmemchr is declared without a macro... yes
checking whether stpcpy is declared without a macro... yes
checking whether stpncpy is declared without a macro... yes
checking whether strchrnul is declared without a macro... yes
checking whether strdup is declared without a macro... yes
checking whether strncat is declared without a macro... yes
checking whether strndup is declared without a macro... config.status: creating Makefile
config.status: creating doc/Makefile
yes
checking whether strnlen is declared without a macro... config.status: creating src/Makefile
yes
config.status: creating tests/Makefile
checking whether strpbrk is declared without a macro... config.status: creating tune/Makefile
yes
checking whether strsep is declared without a macro... config.status: creating src/mparam.h
config.status: executing depfiles commands
yes
checking whether strcasestr is declared without a macro... yes
checking whether strtok_r is declared without a macro... yes
checking whether strerror_r is declared without a macro... yes
checking whether strsignal is declared without a macro... yes
checking whether strverscmp is declared without a macro... yes
checking whether <wchar.h> uses 'inline' correctly... yes
checking for wint_t... yes
checking for inline... inline
checking for alloca as a compiler built-in... yes
checking for working GNU fnmatch... yes
checking whether INT32_MAX < INTMAX_MAX... yes
checking whether INT64_MAX == LONG_MAX... yes
checking whether UINT32_MAX < UINTMAX_MAX... yes
checking whether UINT64_MAX == ULONG_MAX... yes
checking whether mbrtowc handles incomplete characters... guessing yes
checking whether mbrtowc works as well as mbtowc... guessing yes
checking whether mbrtowc handles a NULL pwc argument... guessing yes
checking whether mbrtowc handles a NULL string argument... guessing yes
checking whether mbrtowc has a correct return value... guessing yes
checking whether mbrtowc returns 0 when parsing a NUL character... guessing yes
checking whether mbrtowc handles incomplete characters... (cached) guessing yes
checking whether mbrtowc works as well as mbtowc... (cached) guessing yes
checking whether mbrtowc handles incomplete characters... (cached) guessing yes
checking whether mbrtowc works as well as mbtowc... (cached) guessing yes
checking whether mbsrtowcs works... guessing yes
checking whether memmem works in linear time... yes
checking for memmem... (cached) yes
checking whether memmem works... (cached) yes
checking whether NULL can be used in arbitrary expressions... yes
checking whether btowc is declared without a macro... yes
checking whether wctob is declared without a macro... yes
checking whether mbsinit is declared without a macro... yes
checking whether mbrtowc is declared without a macro... yes
checking whether mbrlen is declared without a macro... yes
config.status: executing libtool commands
checking whether mbsrtowcs is declared without a macro... yes
checking whether mbsnrtowcs is declared without a macro... yes
checking whether wcrtomb is declared without a macro... yes
checking whether wcsrtombs is declared without a macro... configure: WARNING: unrecognized options: --with-gcc-version, --with-binutils-version, --with-gmp-version, --with-mpfr-version, --with-gdb-version, --with-mpc-version, --disable-docs, --disable-nls
yes
checking whether wcsnrtombs is declared without a macro... ( \
	 make -C mpfr-3.1.1) && touch stmp-build-host-mpfr
make[1]: Entering directory `/home/sparksco/android/toolchain/aosp/build/mpfr-3.1.1'
Making all in doc
yes
make[2]: Entering directory `/home/sparksco/android/toolchain/aosp/build/mpfr-3.1.1/doc'
make[2]: Nothing to be done for `all'.
make[2]: Leaving directory `/home/sparksco/android/toolchain/aosp/build/mpfr-3.1.1/doc'
Making all in src
checking whether wcwidth is declared without a macro... make[2]: Entering directory `/home/sparksco/android/toolchain/aosp/build/mpfr-3.1.1/src'
make  all-am
make[3]: Entering directory `/home/sparksco/android/toolchain/aosp/build/mpfr-3.1.1/src'
/bin/bash ../libtool --tag=CC   --mode=compile gcc-4.7 -DTIME_WITH_SYS_TIME=1 -DHAVE_INTTYPES_H=1 -DHAVE_STDINT_H=1 -DHAVE_LOCALE_H=1 -DHAVE_WCHAR_H=1 -DHAVE_STDARG=1 -DHAVE_SYS_TIME_H=1 -DHAVE_ALLOCA_H=1 -DHAVE_STDINT_H=1 -DHAVE_VA_COPY=1 -DHAVE_SETLOCALE=1 -DHAVE_GETTIMEOFDAY=1 -DHAVE_LONG_LONG=1 -DHAVE_INTMAX_T=1 -DMPFR_HAVE_INTMAX_MAX=1 -DMPFR_HAVE_FESETROUND=1 -DHAVE_DENORMS=1 -DHAVE_ROUND=1 -DHAVE_TRUNC=1 -DHAVE_FLOOR=1 -DHAVE_CEIL=1 -DHAVE_NEARBYINT=1 -DHAVE_LDOUBLE_IEEE_EXT_LITTLE=1 -DMPFR_USE_THREAD_SAFE=1 -DLT_OBJDIR=\".libs/\" -DHAVE_ATTRIBUTE_MODE=1 -DHAVE___GMPN_ROOTREM=1 -DHAVE___GMPN_SBPI1_DIVAPPR_Q=1 -I. -I../.././../mpfr/mpfr-3.1.1/src   -I/home/sparksco/android/toolchain/aosp/build/temp-install/include  -Wall -Wmissing-prototypes -Wpointer-arith -g -O2 -MT exceptions.lo -MD -MP -MF .deps/exceptions.Tpo -c -o exceptions.lo ../.././../mpfr/mpfr-3.1.1/src/exceptions.c
/bin/bash ../libtool --tag=CC   --mode=compile gcc-4.7 -DTIME_WITH_SYS_TIME=1 -DHAVE_INTTYPES_H=1 -DHAVE_STDINT_H=1 -DHAVE_LOCALE_H=1 -DHAVE_WCHAR_H=1 -DHAVE_STDARG=1 -DHAVE_SYS_TIME_H=1 -DHAVE_ALLOCA_H=1 -DHAVE_STDINT_H=1 -DHAVE_VA_COPY=1 -DHAVE_SETLOCALE=1 -DHAVE_GETTIMEOFDAY=1 -DHAVE_LONG_LONG=1 -DHAVE_INTMAX_T=1 -DMPFR_HAVE_INTMAX_MAX=1 -DMPFR_HAVE_FESETROUND=1 -DHAVE_DENORMS=1 -DHAVE_ROUND=1 -DHAVE_TRUNC=1 -DHAVE_FLOOR=1 -DHAVE_CEIL=1 -DHAVE_NEARBYINT=1 -DHAVE_LDOUBLE_IEEE_EXT_LITTLE=1 -DMPFR_USE_THREAD_SAFE=1 -DLT_OBJDIR=\".libs/\" -DHAVE_ATTRIBUTE_MODE=1 -DHAVE___GMPN_ROOTREM=1 -DHAVE___GMPN_SBPI1_DIVAPPR_Q=1 -I. -I../.././../mpfr/mpfr-3.1.1/src   -I/home/sparksco/android/toolchain/aosp/build/temp-install/include  -Wall -Wmissing-prototypes -Wpointer-arith -g -O2 -MT extract.lo -MD -MP -MF .deps/extract.Tpo -c -o extract.lo ../.././../mpfr/mpfr-3.1.1/src/extract.c
/bin/bash ../libtool --tag=CC   --mode=compile gcc-4.7 -DTIME_WITH_SYS_TIME=1 -DHAVE_INTTYPES_H=1 -DHAVE_STDINT_H=1 -DHAVE_LOCALE_H=1 -DHAVE_WCHAR_H=1 -DHAVE_STDARG=1 -DHAVE_SYS_TIME_H=1 -DHAVE_ALLOCA_H=1 -DHAVE_STDINT_H=1 -DHAVE_VA_COPY=1 -DHAVE_SETLOCALE=1 -DHAVE_GETTIMEOFDAY=1 -DHAVE_LONG_LONG=1 -DHAVE_INTMAX_T=1 -DMPFR_HAVE_INTMAX_MAX=1 -DMPFR_HAVE_FESETROUND=1 -DHAVE_DENORMS=1 -DHAVE_ROUND=1 -DHAVE_TRUNC=1 -DHAVE_FLOOR=1 -DHAVE_CEIL=1 -DHAVE_NEARBYINT=1 -DHAVE_LDOUBLE_IEEE_EXT_LITTLE=1 -DMPFR_USE_THREAD_SAFE=1 -DLT_OBJDIR=\".libs/\" -DHAVE_ATTRIBUTE_MODE=1 -DHAVE___GMPN_ROOTREM=1 -DHAVE___GMPN_SBPI1_DIVAPPR_Q=1 -I. -I../.././../mpfr/mpfr-3.1.1/src   -I/home/sparksco/android/toolchain/aosp/build/temp-install/include  -Wall -Wmissing-prototypes -Wpointer-arith -g -O2 -MT uceil_exp2.lo -MD -MP -MF .deps/uceil_exp2.Tpo -c -o uceil_exp2.lo ../.././../mpfr/mpfr-3.1.1/src/uceil_exp2.c
/bin/bash ../libtool --tag=CC   --mode=compile gcc-4.7 -DTIME_WITH_SYS_TIME=1 -DHAVE_INTTYPES_H=1 -DHAVE_STDINT_H=1 -DHAVE_LOCALE_H=1 -DHAVE_WCHAR_H=1 -DHAVE_STDARG=1 -DHAVE_SYS_TIME_H=1 -DHAVE_ALLOCA_H=1 -DHAVE_STDINT_H=1 -DHAVE_VA_COPY=1 -DHAVE_SETLOCALE=1 -DHAVE_GETTIMEOFDAY=1 -DHAVE_LONG_LONG=1 -DHAVE_INTMAX_T=1 -DMPFR_HAVE_INTMAX_MAX=1 -DMPFR_HAVE_FESETROUND=1 -DHAVE_DENORMS=1 -DHAVE_ROUND=1 -DHAVE_TRUNC=1 -DHAVE_FLOOR=1 -DHAVE_CEIL=1 -DHAVE_NEARBYINT=1 -DHAVE_LDOUBLE_IEEE_EXT_LITTLE=1 -DMPFR_USE_THREAD_SAFE=1 -DLT_OBJDIR=\".libs/\" -DHAVE_ATTRIBUTE_MODE=1 -DHAVE___GMPN_ROOTREM=1 -DHAVE___GMPN_SBPI1_DIVAPPR_Q=1 -I. -I../.././../mpfr/mpfr-3.1.1/src   -I/home/sparksco/android/toolchain/aosp/build/temp-install/include  -Wall -Wmissing-prototypes -Wpointer-arith -g -O2 -MT uceil_log2.lo -MD -MP -MF .deps/uceil_log2.Tpo -c -o uceil_log2.lo ../.././../mpfr/mpfr-3.1.1/src/uceil_log2.c
/bin/bash ../libtool --tag=CC   --mode=compile gcc-4.7 -DTIME_WITH_SYS_TIME=1 -DHAVE_INTTYPES_H=1 -DHAVE_STDINT_H=1 -DHAVE_LOCALE_H=1 -DHAVE_WCHAR_H=1 -DHAVE_STDARG=1 -DHAVE_SYS_TIME_H=1 -DHAVE_ALLOCA_H=1 -DHAVE_STDINT_H=1 -DHAVE_VA_COPY=1 -DHAVE_SETLOCALE=1 -DHAVE_GETTIMEOFDAY=1 -DHAVE_LONG_LONG=1 -DHAVE_INTMAX_T=1 -DMPFR_HAVE_INTMAX_MAX=1 -DMPFR_HAVE_FESETROUND=1 -DHAVE_DENORMS=1 -DHAVE_ROUND=1 -DHAVE_TRUNC=1 -DHAVE_FLOOR=1 -DHAVE_CEIL=1 -DHAVE_NEARBYINT=1 -DHAVE_LDOUBLE_IEEE_EXT_LITTLE=1 -DMPFR_USE_THREAD_SAFE=1 -DLT_OBJDIR=\".libs/\" -DHAVE_ATTRIBUTE_MODE=1 -DHAVE___GMPN_ROOTREM=1 -DHAVE___GMPN_SBPI1_DIVAPPR_Q=1 -I. -I../.././../mpfr/mpfr-3.1.1/src   -I/home/sparksco/android/toolchain/aosp/build/temp-install/include  -Wall -Wmissing-prototypes -Wpointer-arith -g -O2 -MT ufloor_log2.lo -MD -MP -MF .deps/ufloor_log2.Tpo -c -o ufloor_log2.lo ../.././../mpfr/mpfr-3.1.1/src/ufloor_log2.c
/bin/bash ../libtool --tag=CC   --mode=compile gcc-4.7 -DTIME_WITH_SYS_TIME=1 -DHAVE_INTTYPES_H=1 -DHAVE_STDINT_H=1 -DHAVE_LOCALE_H=1 -DHAVE_WCHAR_H=1 -DHAVE_STDARG=1 -DHAVE_SYS_TIME_H=1 -DHAVE_ALLOCA_H=1 -DHAVE_STDINT_H=1 -DHAVE_VA_COPY=1 -DHAVE_SETLOCALE=1 -DHAVE_GETTIMEOFDAY=1 -DHAVE_LONG_LONG=1 -DHAVE_INTMAX_T=1 -DMPFR_HAVE_INTMAX_MAX=1 -DMPFR_HAVE_FESETROUND=1 -DHAVE_DENORMS=1 -DHAVE_ROUND=1 -DHAVE_TRUNC=1 -DHAVE_FLOOR=1 -DHAVE_CEIL=1 -DHAVE_NEARBYINT=1 -DHAVE_LDOUBLE_IEEE_EXT_LITTLE=1 -DMPFR_USE_THREAD_SAFE=1 -DLT_OBJDIR=\".libs/\" -DHAVE_ATTRIBUTE_MODE=1 -DHAVE___GMPN_ROOTREM=1 -DHAVE___GMPN_SBPI1_DIVAPPR_Q=1 -I. -I../.././../mpfr/mpfr-3.1.1/src   -I/home/sparksco/android/toolchain/aosp/build/temp-install/include  -Wall -Wmissing-prototypes -Wpointer-arith -g -O2 -MT add.lo -MD -MP -MF .deps/add.Tpo -c -o add.lo ../.././../mpfr/mpfr-3.1.1/src/add.c
/bin/bash ../libtool --tag=CC   --mode=compile gcc-4.7 -DTIME_WITH_SYS_TIME=1 -DHAVE_INTTYPES_H=1 -DHAVE_STDINT_H=1 -DHAVE_LOCALE_H=1 -DHAVE_WCHAR_H=1 -DHAVE_STDARG=1 -DHAVE_SYS_TIME_H=1 -DHAVE_ALLOCA_H=1 -DHAVE_STDINT_H=1 -DHAVE_VA_COPY=1 -DHAVE_SETLOCALE=1 -DHAVE_GETTIMEOFDAY=1 -DHAVE_LONG_LONG=1 -DHAVE_INTMAX_T=1 -DMPFR_HAVE_INTMAX_MAX=1 -DMPFR_HAVE_FESETROUND=1 -DHAVE_DENORMS=1 -DHAVE_ROUND=1 -DHAVE_TRUNC=1 -DHAVE_FLOOR=1 -DHAVE_CEIL=1 -DHAVE_NEARBYINT=1 -DHAVE_LDOUBLE_IEEE_EXT_LITTLE=1 -DMPFR_USE_THREAD_SAFE=1 -DLT_OBJDIR=\".libs/\" -DHAVE_ATTRIBUTE_MODE=1 -DHAVE___GMPN_ROOTREM=1 -DHAVE___GMPN_SBPI1_DIVAPPR_Q=1 -I. -I../.././../mpfr/mpfr-3.1.1/src   -I/home/sparksco/android/toolchain/aosp/build/temp-install/include  -Wall -Wmissing-prototypes -Wpointer-arith -g -O2 -MT add1.lo -MD -MP -MF .deps/add1.Tpo -c -o add1.lo ../.././../mpfr/mpfr-3.1.1/src/add1.c
/bin/bash ../libtool --tag=CC   --mode=compile gcc-4.7 -DTIME_WITH_SYS_TIME=1 -DHAVE_INTTYPES_H=1 -DHAVE_STDINT_H=1 -DHAVE_LOCALE_H=1 -DHAVE_WCHAR_H=1 -DHAVE_STDARG=1 -DHAVE_SYS_TIME_H=1 -DHAVE_ALLOCA_H=1 -DHAVE_STDINT_H=1 -DHAVE_VA_COPY=1 -DHAVE_SETLOCALE=1 -DHAVE_GETTIMEOFDAY=1 -DHAVE_LONG_LONG=1 -DHAVE_INTMAX_T=1 -DMPFR_HAVE_INTMAX_MAX=1 -DMPFR_HAVE_FESETROUND=1 -DHAVE_DENORMS=1 -DHAVE_ROUND=1 -DHAVE_TRUNC=1 -DHAVE_FLOOR=1 -DHAVE_CEIL=1 -DHAVE_NEARBYINT=1 -DHAVE_LDOUBLE_IEEE_EXT_LITTLE=1 -DMPFR_USE_THREAD_SAFE=1 -DLT_OBJDIR=\".libs/\" -DHAVE_ATTRIBUTE_MODE=1 -DHAVE___GMPN_ROOTREM=1 -DHAVE___GMPN_SBPI1_DIVAPPR_Q=1 -I. -I../.././../mpfr/mpfr-3.1.1/src   -I/home/sparksco/android/toolchain/aosp/build/temp-install/include  -Wall -Wmissing-prototypes -Wpointer-arith -g -O2 -MT add_ui.lo -MD -MP -MF .deps/add_ui.Tpo -c -o add_ui.lo ../.././../mpfr/mpfr-3.1.1/src/add_ui.c
/bin/bash ../libtool --tag=CC   --mode=compile gcc-4.7 -DTIME_WITH_SYS_TIME=1 -DHAVE_INTTYPES_H=1 -DHAVE_STDINT_H=1 -DHAVE_LOCALE_H=1 -DHAVE_WCHAR_H=1 -DHAVE_STDARG=1 -DHAVE_SYS_TIME_H=1 -DHAVE_ALLOCA_H=1 -DHAVE_STDINT_H=1 -DHAVE_VA_COPY=1 -DHAVE_SETLOCALE=1 -DHAVE_GETTIMEOFDAY=1 -DHAVE_LONG_LONG=1 -DHAVE_INTMAX_T=1 -DMPFR_HAVE_INTMAX_MAX=1 -DMPFR_HAVE_FESETROUND=1 -DHAVE_DENORMS=1 -DHAVE_ROUND=1 -DHAVE_TRUNC=1 -DHAVE_FLOOR=1 -DHAVE_CEIL=1 -DHAVE_NEARBYINT=1 -DHAVE_LDOUBLE_IEEE_EXT_LITTLE=1 -DMPFR_USE_THREAD_SAFE=1 -DLT_OBJDIR=\".libs/\" -DHAVE_ATTRIBUTE_MODE=1 -DHAVE___GMPN_ROOTREM=1 -DHAVE___GMPN_SBPI1_DIVAPPR_Q=1 -I. -I../.././../mpfr/mpfr-3.1.1/src   -I/home/sparksco/android/toolchain/aosp/build/temp-install/include  -Wall -Wmissing-prototypes -Wpointer-arith -g -O2 -MT agm.lo -MD -MP -MF .deps/agm.Tpo -c -o agm.lo ../.././../mpfr/mpfr-3.1.1/src/agm.c
yes
checking whether wmemchr is declared without a macro... libtool: compile:  gcc-4.7 -DTIME_WITH_SYS_TIME=1 -DHAVE_INTTYPES_H=1 -DHAVE_STDINT_H=1 -DHAVE_LOCALE_H=1 -DHAVE_WCHAR_H=1 -DHAVE_STDARG=1 -DHAVE_SYS_TIME_H=1 -DHAVE_ALLOCA_H=1 -DHAVE_STDINT_H=1 -DHAVE_VA_COPY=1 -DHAVE_SETLOCALE=1 -DHAVE_GETTIMEOFDAY=1 -DHAVE_LONG_LONG=1 -DHAVE_INTMAX_T=1 -DMPFR_HAVE_INTMAX_MAX=1 -DMPFR_HAVE_FESETROUND=1 -DHAVE_DENORMS=1 -DHAVE_ROUND=1 -DHAVE_TRUNC=1 -DHAVE_FLOOR=1 -DHAVE_CEIL=1 -DHAVE_NEARBYINT=1 -DHAVE_LDOUBLE_IEEE_EXT_LITTLE=1 -DMPFR_USE_THREAD_SAFE=1 -DLT_OBJDIR=\".libs/\" -DHAVE_ATTRIBUTE_MODE=1 -DHAVE___GMPN_ROOTREM=1 -DHAVE___GMPN_SBPI1_DIVAPPR_Q=1 -I. -I../.././../mpfr/mpfr-3.1.1/src -I/home/sparksco/android/toolchain/aosp/build/temp-install/include -Wall -Wmissing-prototypes -Wpointer-arith -g -O2 -MT ufloor_log2.lo -MD -MP -MF .deps/ufloor_log2.Tpo -c ../.././../mpfr/mpfr-3.1.1/src/ufloor_log2.c -o ufloor_log2.o
libtool: compile:  gcc-4.7 -DTIME_WITH_SYS_TIME=1 -DHAVE_INTTYPES_H=1 -DHAVE_STDINT_H=1 -DHAVE_LOCALE_H=1 -DHAVE_WCHAR_H=1 -DHAVE_STDARG=1 -DHAVE_SYS_TIME_H=1 -DHAVE_ALLOCA_H=1 -DHAVE_STDINT_H=1 -DHAVE_VA_COPY=1 -DHAVE_SETLOCALE=1 -DHAVE_GETTIMEOFDAY=1 -DHAVE_LONG_LONG=1 -DHAVE_INTMAX_T=1 -DMPFR_HAVE_INTMAX_MAX=1 -DMPFR_HAVE_FESETROUND=1 -DHAVE_DENORMS=1 -DHAVE_ROUND=1 -DHAVE_TRUNC=1 -DHAVE_FLOOR=1 -DHAVE_CEIL=1 -DHAVE_NEARBYINT=1 -DHAVE_LDOUBLE_IEEE_EXT_LITTLE=1 -DMPFR_USE_THREAD_SAFE=1 -DLT_OBJDIR=\".libs/\" -DHAVE_ATTRIBUTE_MODE=1 -DHAVE___GMPN_ROOTREM=1 -DHAVE___GMPN_SBPI1_DIVAPPR_Q=1 -I. -I../.././../mpfr/mpfr-3.1.1/src -I/home/sparksco/android/toolchain/aosp/build/temp-install/include -Wall -Wmissing-prototypes -Wpointer-arith -g -O2 -MT extract.lo -MD -MP -MF .deps/extract.Tpo -c ../.././../mpfr/mpfr-3.1.1/src/extract.c -o extract.o
libtool: compile:  gcc-4.7 -DTIME_WITH_SYS_TIME=1 -DHAVE_INTTYPES_H=1 -DHAVE_STDINT_H=1 -DHAVE_LOCALE_H=1 -DHAVE_WCHAR_H=1 -DHAVE_STDARG=1 -DHAVE_SYS_TIME_H=1 -DHAVE_ALLOCA_H=1 -DHAVE_STDINT_H=1 -DHAVE_VA_COPY=1 -DHAVE_SETLOCALE=1 -DHAVE_GETTIMEOFDAY=1 -DHAVE_LONG_LONG=1 -DHAVE_INTMAX_T=1 -DMPFR_HAVE_INTMAX_MAX=1 -DMPFR_HAVE_FESETROUND=1 -DHAVE_DENORMS=1 -DHAVE_ROUND=1 -DHAVE_TRUNC=1 -DHAVE_FLOOR=1 -DHAVE_CEIL=1 -DHAVE_NEARBYINT=1 -DHAVE_LDOUBLE_IEEE_EXT_LITTLE=1 -DMPFR_USE_THREAD_SAFE=1 -DLT_OBJDIR=\".libs/\" -DHAVE_ATTRIBUTE_MODE=1 -DHAVE___GMPN_ROOTREM=1 -DHAVE___GMPN_SBPI1_DIVAPPR_Q=1 -I. -I../.././../mpfr/mpfr-3.1.1/src -I/home/sparksco/android/toolchain/aosp/build/temp-install/include -Wall -Wmissing-prototypes -Wpointer-arith -g -O2 -MT exceptions.lo -MD -MP -MF .deps/exceptions.Tpo -c ../.././../mpfr/mpfr-3.1.1/src/exceptions.c -o exceptions.o
libtool: compile:  gcc-4.7 -DTIME_WITH_SYS_TIME=1 -DHAVE_INTTYPES_H=1 -DHAVE_STDINT_H=1 -DHAVE_LOCALE_H=1 -DHAVE_WCHAR_H=1 -DHAVE_STDARG=1 -DHAVE_SYS_TIME_H=1 -DHAVE_ALLOCA_H=1 -DHAVE_STDINT_H=1 -DHAVE_VA_COPY=1 -DHAVE_SETLOCALE=1 -DHAVE_GETTIMEOFDAY=1 -DHAVE_LONG_LONG=1 -DHAVE_INTMAX_T=1 -DMPFR_HAVE_INTMAX_MAX=1 -DMPFR_HAVE_FESETROUND=1 -DHAVE_DENORMS=1 -DHAVE_ROUND=1 -DHAVE_TRUNC=1 -DHAVE_FLOOR=1 -DHAVE_CEIL=1 -DHAVE_NEARBYINT=1 -DHAVE_LDOUBLE_IEEE_EXT_LITTLE=1 -DMPFR_USE_THREAD_SAFE=1 -DLT_OBJDIR=\".libs/\" -DHAVE_ATTRIBUTE_MODE=1 -DHAVE___GMPN_ROOTREM=1 -DHAVE___GMPN_SBPI1_DIVAPPR_Q=1 -I. -I../.././../mpfr/mpfr-3.1.1/src -I/home/sparksco/android/toolchain/aosp/build/temp-install/include -Wall -Wmissing-prototypes -Wpointer-arith -g -O2 -MT add1.lo -MD -MP -MF .deps/add1.Tpo -c ../.././../mpfr/mpfr-3.1.1/src/add1.c -o add1.o
libtool: compile:  gcc-4.7 -DTIME_WITH_SYS_TIME=1 -DHAVE_INTTYPES_H=1 -DHAVE_STDINT_H=1 -DHAVE_LOCALE_H=1 -DHAVE_WCHAR_H=1 -DHAVE_STDARG=1 -DHAVE_SYS_TIME_H=1 -DHAVE_ALLOCA_H=1 -DHAVE_STDINT_H=1 -DHAVE_VA_COPY=1 -DHAVE_SETLOCALE=1 -DHAVE_GETTIMEOFDAY=1 -DHAVE_LONG_LONG=1 -DHAVE_INTMAX_T=1 -DMPFR_HAVE_INTMAX_MAX=1 -DMPFR_HAVE_FESETROUND=1 -DHAVE_DENORMS=1 -DHAVE_ROUND=1 -DHAVE_TRUNC=1 -DHAVE_FLOOR=1 -DHAVE_CEIL=1 -DHAVE_NEARBYINT=1 -DHAVE_LDOUBLE_IEEE_EXT_LITTLE=1 -DMPFR_USE_THREAD_SAFE=1 -DLT_OBJDIR=\".libs/\" -DHAVE_ATTRIBUTE_MODE=1 -DHAVE___GMPN_ROOTREM=1 -DHAVE___GMPN_SBPI1_DIVAPPR_Q=1 -I. -I../.././../mpfr/mpfr-3.1.1/src -I/home/sparksco/android/toolchain/aosp/build/temp-install/include -Wall -Wmissing-prototypes -Wpointer-arith -g -O2 -MT uceil_log2.lo -MD -MP -MF .deps/uceil_log2.Tpo -c ../.././../mpfr/mpfr-3.1.1/src/uceil_log2.c -o uceil_log2.o
libtool: compile:  gcc-4.7 -DTIME_WITH_SYS_TIME=1 -DHAVE_INTTYPES_H=1 -DHAVE_STDINT_H=1 -DHAVE_LOCALE_H=1 -DHAVE_WCHAR_H=1 -DHAVE_STDARG=1 -DHAVE_SYS_TIME_H=1 -DHAVE_ALLOCA_H=1 -DHAVE_STDINT_H=1 -DHAVE_VA_COPY=1 -DHAVE_SETLOCALE=1 -DHAVE_GETTIMEOFDAY=1 -DHAVE_LONG_LONG=1 -DHAVE_INTMAX_T=1 -DMPFR_HAVE_INTMAX_MAX=1 -DMPFR_HAVE_FESETROUND=1 -DHAVE_DENORMS=1 -DHAVE_ROUND=1 -DHAVE_TRUNC=1 -DHAVE_FLOOR=1 -DHAVE_CEIL=1 -DHAVE_NEARBYINT=1 -DHAVE_LDOUBLE_IEEE_EXT_LITTLE=1 -DMPFR_USE_THREAD_SAFE=1 -DLT_OBJDIR=\".libs/\" -DHAVE_ATTRIBUTE_MODE=1 -DHAVE___GMPN_ROOTREM=1 -DHAVE___GMPN_SBPI1_DIVAPPR_Q=1 -I. -I../.././../mpfr/mpfr-3.1.1/src -I/home/sparksco/android/toolchain/aosp/build/temp-install/include -Wall -Wmissing-prototypes -Wpointer-arith -g -O2 -MT agm.lo -MD -MP -MF .deps/agm.Tpo -c ../.././../mpfr/mpfr-3.1.1/src/agm.c -o agm.o
libtool: compile:  gcc-4.7 -DTIME_WITH_SYS_TIME=1 -DHAVE_INTTYPES_H=1 -DHAVE_STDINT_H=1 -DHAVE_LOCALE_H=1 -DHAVE_WCHAR_H=1 -DHAVE_STDARG=1 -DHAVE_SYS_TIME_H=1 -DHAVE_ALLOCA_H=1 -DHAVE_STDINT_H=1 -DHAVE_VA_COPY=1 -DHAVE_SETLOCALE=1 -DHAVE_GETTIMEOFDAY=1 -DHAVE_LONG_LONG=1 -DHAVE_INTMAX_T=1 -DMPFR_HAVE_INTMAX_MAX=1 -DMPFR_HAVE_FESETROUND=1 -DHAVE_DENORMS=1 -DHAVE_ROUND=1 -DHAVE_TRUNC=1 -DHAVE_FLOOR=1 -DHAVE_CEIL=1 -DHAVE_NEARBYINT=1 -DHAVE_LDOUBLE_IEEE_EXT_LITTLE=1 -DMPFR_USE_THREAD_SAFE=1 -DLT_OBJDIR=\".libs/\" -DHAVE_ATTRIBUTE_MODE=1 -DHAVE___GMPN_ROOTREM=1 -DHAVE___GMPN_SBPI1_DIVAPPR_Q=1 -I. -I../.././../mpfr/mpfr-3.1.1/src -I/home/sparksco/android/toolchain/aosp/build/temp-install/include -Wall -Wmissing-prototypes -Wpointer-arith -g -O2 -MT uceil_exp2.lo -MD -MP -MF .deps/uceil_exp2.Tpo -c ../.././../mpfr/mpfr-3.1.1/src/uceil_exp2.c -o uceil_exp2.o
libtool: compile:  gcc-4.7 -DTIME_WITH_SYS_TIME=1 -DHAVE_INTTYPES_H=1 -DHAVE_STDINT_H=1 -DHAVE_LOCALE_H=1 -DHAVE_WCHAR_H=1 -DHAVE_STDARG=1 -DHAVE_SYS_TIME_H=1 -DHAVE_ALLOCA_H=1 -DHAVE_STDINT_H=1 -DHAVE_VA_COPY=1 -DHAVE_SETLOCALE=1 -DHAVE_GETTIMEOFDAY=1 -DHAVE_LONG_LONG=1 -DHAVE_INTMAX_T=1 -DMPFR_HAVE_INTMAX_MAX=1 -DMPFR_HAVE_FESETROUND=1 -DHAVE_DENORMS=1 -DHAVE_ROUND=1 -DHAVE_TRUNC=1 -DHAVE_FLOOR=1 -DHAVE_CEIL=1 -DHAVE_NEARBYINT=1 -DHAVE_LDOUBLE_IEEE_EXT_LITTLE=1 -DMPFR_USE_THREAD_SAFE=1 -DLT_OBJDIR=\".libs/\" -DHAVE_ATTRIBUTE_MODE=1 -DHAVE___GMPN_ROOTREM=1 -DHAVE___GMPN_SBPI1_DIVAPPR_Q=1 -I. -I../.././../mpfr/mpfr-3.1.1/src -I/home/sparksco/android/toolchain/aosp/build/temp-install/include -Wall -Wmissing-prototypes -Wpointer-arith -g -O2 -MT add.lo -MD -MP -MF .deps/add.Tpo -c ../.././../mpfr/mpfr-3.1.1/src/add.c -o add.o
libtool: compile:  gcc-4.7 -DTIME_WITH_SYS_TIME=1 -DHAVE_INTTYPES_H=1 -DHAVE_STDINT_H=1 -DHAVE_LOCALE_H=1 -DHAVE_WCHAR_H=1 -DHAVE_STDARG=1 -DHAVE_SYS_TIME_H=1 -DHAVE_ALLOCA_H=1 -DHAVE_STDINT_H=1 -DHAVE_VA_COPY=1 -DHAVE_SETLOCALE=1 -DHAVE_GETTIMEOFDAY=1 -DHAVE_LONG_LONG=1 -DHAVE_INTMAX_T=1 -DMPFR_HAVE_INTMAX_MAX=1 -DMPFR_HAVE_FESETROUND=1 -DHAVE_DENORMS=1 -DHAVE_ROUND=1 -DHAVE_TRUNC=1 -DHAVE_FLOOR=1 -DHAVE_CEIL=1 -DHAVE_NEARBYINT=1 -DHAVE_LDOUBLE_IEEE_EXT_LITTLE=1 -DMPFR_USE_THREAD_SAFE=1 -DLT_OBJDIR=\".libs/\" -DHAVE_ATTRIBUTE_MODE=1 -DHAVE___GMPN_ROOTREM=1 -DHAVE___GMPN_SBPI1_DIVAPPR_Q=1 -I. -I../.././../mpfr/mpfr-3.1.1/src -I/home/sparksco/android/toolchain/aosp/build/temp-install/include -Wall -Wmissing-prototypes -Wpointer-arith -g -O2 -MT add_ui.lo -MD -MP -MF .deps/add_ui.Tpo -c ../.././../mpfr/mpfr-3.1.1/src/add_ui.c -o add_ui.o
yes
checking whether wmemcmp is declared without a macro... mv -f .deps/ufloor_log2.Tpo .deps/ufloor_log2.Plo
/bin/bash ../libtool --tag=CC   --mode=compile gcc-4.7 -DTIME_WITH_SYS_TIME=1 -DHAVE_INTTYPES_H=1 -DHAVE_STDINT_H=1 -DHAVE_LOCALE_H=1 -DHAVE_WCHAR_H=1 -DHAVE_STDARG=1 -DHAVE_SYS_TIME_H=1 -DHAVE_ALLOCA_H=1 -DHAVE_STDINT_H=1 -DHAVE_VA_COPY=1 -DHAVE_SETLOCALE=1 -DHAVE_GETTIMEOFDAY=1 -DHAVE_LONG_LONG=1 -DHAVE_INTMAX_T=1 -DMPFR_HAVE_INTMAX_MAX=1 -DMPFR_HAVE_FESETROUND=1 -DHAVE_DENORMS=1 -DHAVE_ROUND=1 -DHAVE_TRUNC=1 -DHAVE_FLOOR=1 -DHAVE_CEIL=1 -DHAVE_NEARBYINT=1 -DHAVE_LDOUBLE_IEEE_EXT_LITTLE=1 -DMPFR_USE_THREAD_SAFE=1 -DLT_OBJDIR=\".libs/\" -DHAVE_ATTRIBUTE_MODE=1 -DHAVE___GMPN_ROOTREM=1 -DHAVE___GMPN_SBPI1_DIVAPPR_Q=1 -I. -I../.././../mpfr/mpfr-3.1.1/src   -I/home/sparksco/android/toolchain/aosp/build/temp-install/include  -Wall -Wmissing-prototypes -Wpointer-arith -g -O2 -MT clear.lo -MD -MP -MF .deps/clear.Tpo -c -o clear.lo ../.././../mpfr/mpfr-3.1.1/src/clear.c
mv -f .deps/uceil_exp2.Tpo .deps/uceil_exp2.Plo
mv -f .deps/extract.Tpo .deps/extract.Plo
/bin/bash ../libtool --tag=CC   --mode=compile gcc-4.7 -DTIME_WITH_SYS_TIME=1 -DHAVE_INTTYPES_H=1 -DHAVE_STDINT_H=1 -DHAVE_LOCALE_H=1 -DHAVE_WCHAR_H=1 -DHAVE_STDARG=1 -DHAVE_SYS_TIME_H=1 -DHAVE_ALLOCA_H=1 -DHAVE_STDINT_H=1 -DHAVE_VA_COPY=1 -DHAVE_SETLOCALE=1 -DHAVE_GETTIMEOFDAY=1 -DHAVE_LONG_LONG=1 -DHAVE_INTMAX_T=1 -DMPFR_HAVE_INTMAX_MAX=1 -DMPFR_HAVE_FESETROUND=1 -DHAVE_DENORMS=1 -DHAVE_ROUND=1 -DHAVE_TRUNC=1 -DHAVE_FLOOR=1 -DHAVE_CEIL=1 -DHAVE_NEARBYINT=1 -DHAVE_LDOUBLE_IEEE_EXT_LITTLE=1 -DMPFR_USE_THREAD_SAFE=1 -DLT_OBJDIR=\".libs/\" -DHAVE_ATTRIBUTE_MODE=1 -DHAVE___GMPN_ROOTREM=1 -DHAVE___GMPN_SBPI1_DIVAPPR_Q=1 -I. -I../.././../mpfr/mpfr-3.1.1/src   -I/home/sparksco/android/toolchain/aosp/build/temp-install/include  -Wall -Wmissing-prototypes -Wpointer-arith -g -O2 -MT cmp.lo -MD -MP -MF .deps/cmp.Tpo -c -o cmp.lo ../.././../mpfr/mpfr-3.1.1/src/cmp.c
/bin/bash ../libtool --tag=CC   --mode=compile gcc-4.7 -DTIME_WITH_SYS_TIME=1 -DHAVE_INTTYPES_H=1 -DHAVE_STDINT_H=1 -DHAVE_LOCALE_H=1 -DHAVE_WCHAR_H=1 -DHAVE_STDARG=1 -DHAVE_SYS_TIME_H=1 -DHAVE_ALLOCA_H=1 -DHAVE_STDINT_H=1 -DHAVE_VA_COPY=1 -DHAVE_SETLOCALE=1 -DHAVE_GETTIMEOFDAY=1 -DHAVE_LONG_LONG=1 -DHAVE_INTMAX_T=1 -DMPFR_HAVE_INTMAX_MAX=1 -DMPFR_HAVE_FESETROUND=1 -DHAVE_DENORMS=1 -DHAVE_ROUND=1 -DHAVE_TRUNC=1 -DHAVE_FLOOR=1 -DHAVE_CEIL=1 -DHAVE_NEARBYINT=1 -DHAVE_LDOUBLE_IEEE_EXT_LITTLE=1 -DMPFR_USE_THREAD_SAFE=1 -DLT_OBJDIR=\".libs/\" -DHAVE_ATTRIBUTE_MODE=1 -DHAVE___GMPN_ROOTREM=1 -DHAVE___GMPN_SBPI1_DIVAPPR_Q=1 -I. -I../.././../mpfr/mpfr-3.1.1/src   -I/home/sparksco/android/toolchain/aosp/build/temp-install/include  -Wall -Wmissing-prototypes -Wpointer-arith -g -O2 -MT cmp_abs.lo -MD -MP -MF .deps/cmp_abs.Tpo -c -o cmp_abs.lo ../.././../mpfr/mpfr-3.1.1/src/cmp_abs.c
mv -f .deps/uceil_log2.Tpo .deps/uceil_log2.Plo
mv -f .deps/add_ui.Tpo .deps/add_ui.Plo
/bin/bash ../libtool --tag=CC   --mode=compile gcc-4.7 -DTIME_WITH_SYS_TIME=1 -DHAVE_INTTYPES_H=1 -DHAVE_STDINT_H=1 -DHAVE_LOCALE_H=1 -DHAVE_WCHAR_H=1 -DHAVE_STDARG=1 -DHAVE_SYS_TIME_H=1 -DHAVE_ALLOCA_H=1 -DHAVE_STDINT_H=1 -DHAVE_VA_COPY=1 -DHAVE_SETLOCALE=1 -DHAVE_GETTIMEOFDAY=1 -DHAVE_LONG_LONG=1 -DHAVE_INTMAX_T=1 -DMPFR_HAVE_INTMAX_MAX=1 -DMPFR_HAVE_FESETROUND=1 -DHAVE_DENORMS=1 -DHAVE_ROUND=1 -DHAVE_TRUNC=1 -DHAVE_FLOOR=1 -DHAVE_CEIL=1 -DHAVE_NEARBYINT=1 -DHAVE_LDOUBLE_IEEE_EXT_LITTLE=1 -DMPFR_USE_THREAD_SAFE=1 -DLT_OBJDIR=\".libs/\" -DHAVE_ATTRIBUTE_MODE=1 -DHAVE___GMPN_ROOTREM=1 -DHAVE___GMPN_SBPI1_DIVAPPR_Q=1 -I. -I../.././../mpfr/mpfr-3.1.1/src   -I/home/sparksco/android/toolchain/aosp/build/temp-install/include  -Wall -Wmissing-prototypes -Wpointer-arith -g -O2 -MT cmp_si.lo -MD -MP -MF .deps/cmp_si.Tpo -c -o cmp_si.lo ../.././../mpfr/mpfr-3.1.1/src/cmp_si.c
/bin/bash ../libtool --tag=CC   --mode=compile gcc-4.7 -DTIME_WITH_SYS_TIME=1 -DHAVE_INTTYPES_H=1 -DHAVE_STDINT_H=1 -DHAVE_LOCALE_H=1 -DHAVE_WCHAR_H=1 -DHAVE_STDARG=1 -DHAVE_SYS_TIME_H=1 -DHAVE_ALLOCA_H=1 -DHAVE_STDINT_H=1 -DHAVE_VA_COPY=1 -DHAVE_SETLOCALE=1 -DHAVE_GETTIMEOFDAY=1 -DHAVE_LONG_LONG=1 -DHAVE_INTMAX_T=1 -DMPFR_HAVE_INTMAX_MAX=1 -DMPFR_HAVE_FESETROUND=1 -DHAVE_DENORMS=1 -DHAVE_ROUND=1 -DHAVE_TRUNC=1 -DHAVE_FLOOR=1 -DHAVE_CEIL=1 -DHAVE_NEARBYINT=1 -DHAVE_LDOUBLE_IEEE_EXT_LITTLE=1 -DMPFR_USE_THREAD_SAFE=1 -DLT_OBJDIR=\".libs/\" -DHAVE_ATTRIBUTE_MODE=1 -DHAVE___GMPN_ROOTREM=1 -DHAVE___GMPN_SBPI1_DIVAPPR_Q=1 -I. -I../.././../mpfr/mpfr-3.1.1/src   -I/home/sparksco/android/toolchain/aosp/build/temp-install/include  -Wall -Wmissing-prototypes -Wpointer-arith -g -O2 -MT cmp_ui.lo -MD -MP -MF .deps/cmp_ui.Tpo -c -o cmp_ui.lo ../.././../mpfr/mpfr-3.1.1/src/cmp_ui.c
mv -f .deps/add.Tpo .deps/add.Plo
/bin/bash ../libtool --tag=CC   --mode=compile gcc-4.7 -DTIME_WITH_SYS_TIME=1 -DHAVE_INTTYPES_H=1 -DHAVE_STDINT_H=1 -DHAVE_LOCALE_H=1 -DHAVE_WCHAR_H=1 -DHAVE_STDARG=1 -DHAVE_SYS_TIME_H=1 -DHAVE_ALLOCA_H=1 -DHAVE_STDINT_H=1 -DHAVE_VA_COPY=1 -DHAVE_SETLOCALE=1 -DHAVE_GETTIMEOFDAY=1 -DHAVE_LONG_LONG=1 -DHAVE_INTMAX_T=1 -DMPFR_HAVE_INTMAX_MAX=1 -DMPFR_HAVE_FESETROUND=1 -DHAVE_DENORMS=1 -DHAVE_ROUND=1 -DHAVE_TRUNC=1 -DHAVE_FLOOR=1 -DHAVE_CEIL=1 -DHAVE_NEARBYINT=1 -DHAVE_LDOUBLE_IEEE_EXT_LITTLE=1 -DMPFR_USE_THREAD_SAFE=1 -DLT_OBJDIR=\".libs/\" -DHAVE_ATTRIBUTE_MODE=1 -DHAVE___GMPN_ROOTREM=1 -DHAVE___GMPN_SBPI1_DIVAPPR_Q=1 -I. -I../.././../mpfr/mpfr-3.1.1/src   -I/home/sparksco/android/toolchain/aosp/build/temp-install/include  -Wall -Wmissing-prototypes -Wpointer-arith -g -O2 -MT comparisons.lo -MD -MP -MF .deps/comparisons.Tpo -c -o comparisons.lo ../.././../mpfr/mpfr-3.1.1/src/comparisons.c
libtool: compile:  gcc-4.7 -DTIME_WITH_SYS_TIME=1 -DHAVE_INTTYPES_H=1 -DHAVE_STDINT_H=1 -DHAVE_LOCALE_H=1 -DHAVE_WCHAR_H=1 -DHAVE_STDARG=1 -DHAVE_SYS_TIME_H=1 -DHAVE_ALLOCA_H=1 -DHAVE_STDINT_H=1 -DHAVE_VA_COPY=1 -DHAVE_SETLOCALE=1 -DHAVE_GETTIMEOFDAY=1 -DHAVE_LONG_LONG=1 -DHAVE_INTMAX_T=1 -DMPFR_HAVE_INTMAX_MAX=1 -DMPFR_HAVE_FESETROUND=1 -DHAVE_DENORMS=1 -DHAVE_ROUND=1 -DHAVE_TRUNC=1 -DHAVE_FLOOR=1 -DHAVE_CEIL=1 -DHAVE_NEARBYINT=1 -DHAVE_LDOUBLE_IEEE_EXT_LITTLE=1 -DMPFR_USE_THREAD_SAFE=1 -DLT_OBJDIR=\".libs/\" -DHAVE_ATTRIBUTE_MODE=1 -DHAVE___GMPN_ROOTREM=1 -DHAVE___GMPN_SBPI1_DIVAPPR_Q=1 -I. -I../.././../mpfr/mpfr-3.1.1/src -I/home/sparksco/android/toolchain/aosp/build/temp-install/include -Wall -Wmissing-prototypes -Wpointer-arith -g -O2 -MT cmp.lo -MD -MP -MF .deps/cmp.Tpo -c ../.././../mpfr/mpfr-3.1.1/src/cmp.c -o cmp.o
yes
libtool: compile:  gcc-4.7 -DTIME_WITH_SYS_TIME=1 -DHAVE_INTTYPES_H=1 -DHAVE_STDINT_H=1 -DHAVE_LOCALE_H=1 -DHAVE_WCHAR_H=1 -DHAVE_STDARG=1 -DHAVE_SYS_TIME_H=1 -DHAVE_ALLOCA_H=1 -DHAVE_STDINT_H=1 -DHAVE_VA_COPY=1 -DHAVE_SETLOCALE=1 -DHAVE_GETTIMEOFDAY=1 -DHAVE_LONG_LONG=1 -DHAVE_INTMAX_T=1 -DMPFR_HAVE_INTMAX_MAX=1 -DMPFR_HAVE_FESETROUND=1 -DHAVE_DENORMS=1 -DHAVE_ROUND=1 -DHAVE_TRUNC=1 -DHAVE_FLOOR=1 -DHAVE_CEIL=1 -DHAVE_NEARBYINT=1 -DHAVE_LDOUBLE_IEEE_EXT_LITTLE=1 -DMPFR_USE_THREAD_SAFE=1 -DLT_OBJDIR=\".libs/\" -DHAVE_ATTRIBUTE_MODE=1 -DHAVE___GMPN_ROOTREM=1 -DHAVE___GMPN_SBPI1_DIVAPPR_Q=1 -I. -I../.././../mpfr/mpfr-3.1.1/src -I/home/sparksco/android/toolchain/aosp/build/temp-install/include -Wall -Wmissing-prototypes -Wpointer-arith -g -O2 -MT cmp_abs.lo -MD -MP -MF .deps/cmp_abs.Tpo -c ../.././../mpfr/mpfr-3.1.1/src/cmp_abs.c -o cmp_abs.o
libtool: compile:  gcc-4.7 -DTIME_WITH_SYS_TIME=1 -DHAVE_INTTYPES_H=1 -DHAVE_STDINT_H=1 -DHAVE_LOCALE_H=1 -DHAVE_WCHAR_H=1 -DHAVE_STDARG=1 -DHAVE_SYS_TIME_H=1 -DHAVE_ALLOCA_H=1 -DHAVE_STDINT_H=1 -DHAVE_VA_COPY=1 -DHAVE_SETLOCALE=1 -DHAVE_GETTIMEOFDAY=1 -DHAVE_LONG_LONG=1 -DHAVE_INTMAX_T=1 -DMPFR_HAVE_INTMAX_MAX=1 -DMPFR_HAVE_FESETROUND=1 -DHAVE_DENORMS=1 -DHAVE_ROUND=1 -DHAVE_TRUNC=1 -DHAVE_FLOOR=1 -DHAVE_CEIL=1 -DHAVE_NEARBYINT=1 -DHAVE_LDOUBLE_IEEE_EXT_LITTLE=1 -DMPFR_USE_THREAD_SAFE=1 -DLT_OBJDIR=\".libs/\" -DHAVE_ATTRIBUTE_MODE=1 -DHAVE___GMPN_ROOTREM=1 -DHAVE___GMPN_SBPI1_DIVAPPR_Q=1 -I. -I../.././../mpfr/mpfr-3.1.1/src -I/home/sparksco/android/toolchain/aosp/build/temp-install/include -Wall -Wmissing-prototypes -Wpointer-arith -g -O2 -MT clear.lo -MD -MP -MF .deps/clear.Tpo -c ../.././../mpfr/mpfr-3.1.1/src/clear.c -o clear.o
mv -f .deps/exceptions.Tpo .deps/exceptions.Plo
libtool: compile:  gcc-4.7 -DTIME_WITH_SYS_TIME=1 -DHAVE_INTTYPES_H=1 -DHAVE_STDINT_H=1 -DHAVE_LOCALE_H=1 -DHAVE_WCHAR_H=1 -DHAVE_STDARG=1 -DHAVE_SYS_TIME_H=1 -DHAVE_ALLOCA_H=1 -DHAVE_STDINT_H=1 -DHAVE_VA_COPY=1 -DHAVE_SETLOCALE=1 -DHAVE_GETTIMEOFDAY=1 -DHAVE_LONG_LONG=1 -DHAVE_INTMAX_T=1 -DMPFR_HAVE_INTMAX_MAX=1 -DMPFR_HAVE_FESETROUND=1 -DHAVE_DENORMS=1 -DHAVE_ROUND=1 -DHAVE_TRUNC=1 -DHAVE_FLOOR=1 -DHAVE_CEIL=1 -DHAVE_NEARBYINT=1 -DHAVE_LDOUBLE_IEEE_EXT_LITTLE=1 -DMPFR_USE_THREAD_SAFE=1 -DLT_OBJDIR=\".libs/\" -DHAVE_ATTRIBUTE_MODE=1 -DHAVE___GMPN_ROOTREM=1 -DHAVE___GMPN_SBPI1_DIVAPPR_Q=1 -I. -I../.././../mpfr/mpfr-3.1.1/src -I/home/sparksco/android/toolchain/aosp/build/temp-install/include -Wall -Wmissing-prototypes -Wpointer-arith -g -O2 -MT cmp_ui.lo -MD -MP -MF .deps/cmp_ui.Tpo -c ../.././../mpfr/mpfr-3.1.1/src/cmp_ui.c -o cmp_ui.o
checking whether wmemcpy is declared without a macro... libtool: compile:  gcc-4.7 -DTIME_WITH_SYS_TIME=1 -DHAVE_INTTYPES_H=1 -DHAVE_STDINT_H=1 -DHAVE_LOCALE_H=1 -DHAVE_WCHAR_H=1 -DHAVE_STDARG=1 -DHAVE_SYS_TIME_H=1 -DHAVE_ALLOCA_H=1 -DHAVE_STDINT_H=1 -DHAVE_VA_COPY=1 -DHAVE_SETLOCALE=1 -DHAVE_GETTIMEOFDAY=1 -DHAVE_LONG_LONG=1 -DHAVE_INTMAX_T=1 -DMPFR_HAVE_INTMAX_MAX=1 -DMPFR_HAVE_FESETROUND=1 -DHAVE_DENORMS=1 -DHAVE_ROUND=1 -DHAVE_TRUNC=1 -DHAVE_FLOOR=1 -DHAVE_CEIL=1 -DHAVE_NEARBYINT=1 -DHAVE_LDOUBLE_IEEE_EXT_LITTLE=1 -DMPFR_USE_THREAD_SAFE=1 -DLT_OBJDIR=\".libs/\" -DHAVE_ATTRIBUTE_MODE=1 -DHAVE___GMPN_ROOTREM=1 -DHAVE___GMPN_SBPI1_DIVAPPR_Q=1 -I. -I../.././../mpfr/mpfr-3.1.1/src -I/home/sparksco/android/toolchain/aosp/build/temp-install/include -Wall -Wmissing-prototypes -Wpointer-arith -g -O2 -MT cmp_si.lo -MD -MP -MF .deps/cmp_si.Tpo -c ../.././../mpfr/mpfr-3.1.1/src/cmp_si.c -o cmp_si.o
/bin/bash ../libtool --tag=CC   --mode=compile gcc-4.7 -DTIME_WITH_SYS_TIME=1 -DHAVE_INTTYPES_H=1 -DHAVE_STDINT_H=1 -DHAVE_LOCALE_H=1 -DHAVE_WCHAR_H=1 -DHAVE_STDARG=1 -DHAVE_SYS_TIME_H=1 -DHAVE_ALLOCA_H=1 -DHAVE_STDINT_H=1 -DHAVE_VA_COPY=1 -DHAVE_SETLOCALE=1 -DHAVE_GETTIMEOFDAY=1 -DHAVE_LONG_LONG=1 -DHAVE_INTMAX_T=1 -DMPFR_HAVE_INTMAX_MAX=1 -DMPFR_HAVE_FESETROUND=1 -DHAVE_DENORMS=1 -DHAVE_ROUND=1 -DHAVE_TRUNC=1 -DHAVE_FLOOR=1 -DHAVE_CEIL=1 -DHAVE_NEARBYINT=1 -DHAVE_LDOUBLE_IEEE_EXT_LITTLE=1 -DMPFR_USE_THREAD_SAFE=1 -DLT_OBJDIR=\".libs/\" -DHAVE_ATTRIBUTE_MODE=1 -DHAVE___GMPN_ROOTREM=1 -DHAVE___GMPN_SBPI1_DIVAPPR_Q=1 -I. -I../.././../mpfr/mpfr-3.1.1/src   -I/home/sparksco/android/toolchain/aosp/build/temp-install/include  -Wall -Wmissing-prototypes -Wpointer-arith -g -O2 -MT div_2exp.lo -MD -MP -MF .deps/div_2exp.Tpo -c -o div_2exp.lo ../.././../mpfr/mpfr-3.1.1/src/div_2exp.c
libtool: compile:  gcc-4.7 -DTIME_WITH_SYS_TIME=1 -DHAVE_INTTYPES_H=1 -DHAVE_STDINT_H=1 -DHAVE_LOCALE_H=1 -DHAVE_WCHAR_H=1 -DHAVE_STDARG=1 -DHAVE_SYS_TIME_H=1 -DHAVE_ALLOCA_H=1 -DHAVE_STDINT_H=1 -DHAVE_VA_COPY=1 -DHAVE_SETLOCALE=1 -DHAVE_GETTIMEOFDAY=1 -DHAVE_LONG_LONG=1 -DHAVE_INTMAX_T=1 -DMPFR_HAVE_INTMAX_MAX=1 -DMPFR_HAVE_FESETROUND=1 -DHAVE_DENORMS=1 -DHAVE_ROUND=1 -DHAVE_TRUNC=1 -DHAVE_FLOOR=1 -DHAVE_CEIL=1 -DHAVE_NEARBYINT=1 -DHAVE_LDOUBLE_IEEE_EXT_LITTLE=1 -DMPFR_USE_THREAD_SAFE=1 -DLT_OBJDIR=\".libs/\" -DHAVE_ATTRIBUTE_MODE=1 -DHAVE___GMPN_ROOTREM=1 -DHAVE___GMPN_SBPI1_DIVAPPR_Q=1 -I. -I../.././../mpfr/mpfr-3.1.1/src -I/home/sparksco/android/toolchain/aosp/build/temp-install/include -Wall -Wmissing-prototypes -Wpointer-arith -g -O2 -MT comparisons.lo -MD -MP -MF .deps/comparisons.Tpo -c ../.././../mpfr/mpfr-3.1.1/src/comparisons.c -o comparisons.o
mv -f .deps/clear.Tpo .deps/clear.Plo
yes
/bin/bash ../libtool --tag=CC   --mode=compile gcc-4.7 -DTIME_WITH_SYS_TIME=1 -DHAVE_INTTYPES_H=1 -DHAVE_STDINT_H=1 -DHAVE_LOCALE_H=1 -DHAVE_WCHAR_H=1 -DHAVE_STDARG=1 -DHAVE_SYS_TIME_H=1 -DHAVE_ALLOCA_H=1 -DHAVE_STDINT_H=1 -DHAVE_VA_COPY=1 -DHAVE_SETLOCALE=1 -DHAVE_GETTIMEOFDAY=1 -DHAVE_LONG_LONG=1 -DHAVE_INTMAX_T=1 -DMPFR_HAVE_INTMAX_MAX=1 -DMPFR_HAVE_FESETROUND=1 -DHAVE_DENORMS=1 -DHAVE_ROUND=1 -DHAVE_TRUNC=1 -DHAVE_FLOOR=1 -DHAVE_CEIL=1 -DHAVE_NEARBYINT=1 -DHAVE_LDOUBLE_IEEE_EXT_LITTLE=1 -DMPFR_USE_THREAD_SAFE=1 -DLT_OBJDIR=\".libs/\" -DHAVE_ATTRIBUTE_MODE=1 -DHAVE___GMPN_ROOTREM=1 -DHAVE___GMPN_SBPI1_DIVAPPR_Q=1 -I. -I../.././../mpfr/mpfr-3.1.1/src   -I/home/sparksco/android/toolchain/aosp/build/temp-install/include  -Wall -Wmissing-prototypes -Wpointer-arith -g -O2 -MT div_2si.lo -MD -MP -MF .deps/div_2si.Tpo -c -o div_2si.lo ../.././../mpfr/mpfr-3.1.1/src/div_2si.c
libtool: compile:  gcc-4.7 -DTIME_WITH_SYS_TIME=1 -DHAVE_INTTYPES_H=1 -DHAVE_STDINT_H=1 -DHAVE_LOCALE_H=1 -DHAVE_WCHAR_H=1 -DHAVE_STDARG=1 -DHAVE_SYS_TIME_H=1 -DHAVE_ALLOCA_H=1 -DHAVE_STDINT_H=1 -DHAVE_VA_COPY=1 -DHAVE_SETLOCALE=1 -DHAVE_GETTIMEOFDAY=1 -DHAVE_LONG_LONG=1 -DHAVE_INTMAX_T=1 -DMPFR_HAVE_INTMAX_MAX=1 -DMPFR_HAVE_FESETROUND=1 -DHAVE_DENORMS=1 -DHAVE_ROUND=1 -DHAVE_TRUNC=1 -DHAVE_FLOOR=1 -DHAVE_CEIL=1 -DHAVE_NEARBYINT=1 -DHAVE_LDOUBLE_IEEE_EXT_LITTLE=1 -DMPFR_USE_THREAD_SAFE=1 -DLT_OBJDIR=\".libs/\" -DHAVE_ATTRIBUTE_MODE=1 -DHAVE___GMPN_ROOTREM=1 -DHAVE___GMPN_SBPI1_DIVAPPR_Q=1 -I. -I../.././../mpfr/mpfr-3.1.1/src -I/home/sparksco/android/toolchain/aosp/build/temp-install/include -Wall -Wmissing-prototypes -Wpointer-arith -g -O2 -MT div_2exp.lo -MD -MP -MF .deps/div_2exp.Tpo -c ../.././../mpfr/mpfr-3.1.1/src/div_2exp.c -o div_2exp.o
checking whether wmemmove is declared without a macro... mv -f .deps/cmp_si.Tpo .deps/cmp_si.Plo
mv -f .deps/agm.Tpo .deps/agm.Plo
mv -f .deps/cmp.Tpo .deps/cmp.Plo
mv -f .deps/cmp_abs.Tpo .deps/cmp_abs.Plo
/bin/bash ../libtool --tag=CC   --mode=compile gcc-4.7 -DTIME_WITH_SYS_TIME=1 -DHAVE_INTTYPES_H=1 -DHAVE_STDINT_H=1 -DHAVE_LOCALE_H=1 -DHAVE_WCHAR_H=1 -DHAVE_STDARG=1 -DHAVE_SYS_TIME_H=1 -DHAVE_ALLOCA_H=1 -DHAVE_STDINT_H=1 -DHAVE_VA_COPY=1 -DHAVE_SETLOCALE=1 -DHAVE_GETTIMEOFDAY=1 -DHAVE_LONG_LONG=1 -DHAVE_INTMAX_T=1 -DMPFR_HAVE_INTMAX_MAX=1 -DMPFR_HAVE_FESETROUND=1 -DHAVE_DENORMS=1 -DHAVE_ROUND=1 -DHAVE_TRUNC=1 -DHAVE_FLOOR=1 -DHAVE_CEIL=1 -DHAVE_NEARBYINT=1 -DHAVE_LDOUBLE_IEEE_EXT_LITTLE=1 -DMPFR_USE_THREAD_SAFE=1 -DLT_OBJDIR=\".libs/\" -DHAVE_ATTRIBUTE_MODE=1 -DHAVE___GMPN_ROOTREM=1 -DHAVE___GMPN_SBPI1_DIVAPPR_Q=1 -I. -I../.././../mpfr/mpfr-3.1.1/src   -I/home/sparksco/android/toolchain/aosp/build/temp-install/include  -Wall -Wmissing-prototypes -Wpointer-arith -g -O2 -MT div_2ui.lo -MD -MP -MF .deps/div_2ui.Tpo -c -o div_2ui.lo ../.././../mpfr/mpfr-3.1.1/src/div_2ui.c
/bin/bash ../libtool --tag=CC   --mode=compile gcc-4.7 -DTIME_WITH_SYS_TIME=1 -DHAVE_INTTYPES_H=1 -DHAVE_STDINT_H=1 -DHAVE_LOCALE_H=1 -DHAVE_WCHAR_H=1 -DHAVE_STDARG=1 -DHAVE_SYS_TIME_H=1 -DHAVE_ALLOCA_H=1 -DHAVE_STDINT_H=1 -DHAVE_VA_COPY=1 -DHAVE_SETLOCALE=1 -DHAVE_GETTIMEOFDAY=1 -DHAVE_LONG_LONG=1 -DHAVE_INTMAX_T=1 -DMPFR_HAVE_INTMAX_MAX=1 -DMPFR_HAVE_FESETROUND=1 -DHAVE_DENORMS=1 -DHAVE_ROUND=1 -DHAVE_TRUNC=1 -DHAVE_FLOOR=1 -DHAVE_CEIL=1 -DHAVE_NEARBYINT=1 -DHAVE_LDOUBLE_IEEE_EXT_LITTLE=1 -DMPFR_USE_THREAD_SAFE=1 -DLT_OBJDIR=\".libs/\" -DHAVE_ATTRIBUTE_MODE=1 -DHAVE___GMPN_ROOTREM=1 -DHAVE___GMPN_SBPI1_DIVAPPR_Q=1 -I. -I../.././../mpfr/mpfr-3.1.1/src   -I/home/sparksco/android/toolchain/aosp/build/temp-install/include  -Wall -Wmissing-prototypes -Wpointer-arith -g -O2 -MT div.lo -MD -MP -MF .deps/div.Tpo -c -o div.lo ../.././../mpfr/mpfr-3.1.1/src/div.c
/bin/bash ../libtool --tag=CC   --mode=compile gcc-4.7 -DTIME_WITH_SYS_TIME=1 -DHAVE_INTTYPES_H=1 -DHAVE_STDINT_H=1 -DHAVE_LOCALE_H=1 -DHAVE_WCHAR_H=1 -DHAVE_STDARG=1 -DHAVE_SYS_TIME_H=1 -DHAVE_ALLOCA_H=1 -DHAVE_STDINT_H=1 -DHAVE_VA_COPY=1 -DHAVE_SETLOCALE=1 -DHAVE_GETTIMEOFDAY=1 -DHAVE_LONG_LONG=1 -DHAVE_INTMAX_T=1 -DMPFR_HAVE_INTMAX_MAX=1 -DMPFR_HAVE_FESETROUND=1 -DHAVE_DENORMS=1 -DHAVE_ROUND=1 -DHAVE_TRUNC=1 -DHAVE_FLOOR=1 -DHAVE_CEIL=1 -DHAVE_NEARBYINT=1 -DHAVE_LDOUBLE_IEEE_EXT_LITTLE=1 -DMPFR_USE_THREAD_SAFE=1 -DLT_OBJDIR=\".libs/\" -DHAVE_ATTRIBUTE_MODE=1 -DHAVE___GMPN_ROOTREM=1 -DHAVE___GMPN_SBPI1_DIVAPPR_Q=1 -I. -I../.././../mpfr/mpfr-3.1.1/src   -I/home/sparksco/android/toolchain/aosp/build/temp-install/include  -Wall -Wmissing-prototypes -Wpointer-arith -g -O2 -MT div_ui.lo -MD -MP -MF .deps/div_ui.Tpo -c -o div_ui.lo ../.././../mpfr/mpfr-3.1.1/src/div_ui.c
/bin/bash ../libtool --tag=CC   --mode=compile gcc-4.7 -DTIME_WITH_SYS_TIME=1 -DHAVE_INTTYPES_H=1 -DHAVE_STDINT_H=1 -DHAVE_LOCALE_H=1 -DHAVE_WCHAR_H=1 -DHAVE_STDARG=1 -DHAVE_SYS_TIME_H=1 -DHAVE_ALLOCA_H=1 -DHAVE_STDINT_H=1 -DHAVE_VA_COPY=1 -DHAVE_SETLOCALE=1 -DHAVE_GETTIMEOFDAY=1 -DHAVE_LONG_LONG=1 -DHAVE_INTMAX_T=1 -DMPFR_HAVE_INTMAX_MAX=1 -DMPFR_HAVE_FESETROUND=1 -DHAVE_DENORMS=1 -DHAVE_ROUND=1 -DHAVE_TRUNC=1 -DHAVE_FLOOR=1 -DHAVE_CEIL=1 -DHAVE_NEARBYINT=1 -DHAVE_LDOUBLE_IEEE_EXT_LITTLE=1 -DMPFR_USE_THREAD_SAFE=1 -DLT_OBJDIR=\".libs/\" -DHAVE_ATTRIBUTE_MODE=1 -DHAVE___GMPN_ROOTREM=1 -DHAVE___GMPN_SBPI1_DIVAPPR_Q=1 -I. -I../.././../mpfr/mpfr-3.1.1/src   -I/home/sparksco/android/toolchain/aosp/build/temp-install/include  -Wall -Wmissing-prototypes -Wpointer-arith -g -O2 -MT dump.lo -MD -MP -MF .deps/dump.Tpo -c -o dump.lo ../.././../mpfr/mpfr-3.1.1/src/dump.c
mv -f .deps/cmp_ui.Tpo .deps/cmp_ui.Plo
/bin/bash ../libtool --tag=CC   --mode=compile gcc-4.7 -DTIME_WITH_SYS_TIME=1 -DHAVE_INTTYPES_H=1 -DHAVE_STDINT_H=1 -DHAVE_LOCALE_H=1 -DHAVE_WCHAR_H=1 -DHAVE_STDARG=1 -DHAVE_SYS_TIME_H=1 -DHAVE_ALLOCA_H=1 -DHAVE_STDINT_H=1 -DHAVE_VA_COPY=1 -DHAVE_SETLOCALE=1 -DHAVE_GETTIMEOFDAY=1 -DHAVE_LONG_LONG=1 -DHAVE_INTMAX_T=1 -DMPFR_HAVE_INTMAX_MAX=1 -DMPFR_HAVE_FESETROUND=1 -DHAVE_DENORMS=1 -DHAVE_ROUND=1 -DHAVE_TRUNC=1 -DHAVE_FLOOR=1 -DHAVE_CEIL=1 -DHAVE_NEARBYINT=1 -DHAVE_LDOUBLE_IEEE_EXT_LITTLE=1 -DMPFR_USE_THREAD_SAFE=1 -DLT_OBJDIR=\".libs/\" -DHAVE_ATTRIBUTE_MODE=1 -DHAVE___GMPN_ROOTREM=1 -DHAVE___GMPN_SBPI1_DIVAPPR_Q=1 -I. -I../.././../mpfr/mpfr-3.1.1/src   -I/home/sparksco/android/toolchain/aosp/build/temp-install/include  -Wall -Wmissing-prototypes -Wpointer-arith -g -O2 -MT eq.lo -MD -MP -MF .deps/eq.Tpo -c -o eq.lo ../.././../mpfr/mpfr-3.1.1/src/eq.c
libtool: compile:  gcc-4.7 -DTIME_WITH_SYS_TIME=1 -DHAVE_INTTYPES_H=1 -DHAVE_STDINT_H=1 -DHAVE_LOCALE_H=1 -DHAVE_WCHAR_H=1 -DHAVE_STDARG=1 -DHAVE_SYS_TIME_H=1 -DHAVE_ALLOCA_H=1 -DHAVE_STDINT_H=1 -DHAVE_VA_COPY=1 -DHAVE_SETLOCALE=1 -DHAVE_GETTIMEOFDAY=1 -DHAVE_LONG_LONG=1 -DHAVE_INTMAX_T=1 -DMPFR_HAVE_INTMAX_MAX=1 -DMPFR_HAVE_FESETROUND=1 -DHAVE_DENORMS=1 -DHAVE_ROUND=1 -DHAVE_TRUNC=1 -DHAVE_FLOOR=1 -DHAVE_CEIL=1 -DHAVE_NEARBYINT=1 -DHAVE_LDOUBLE_IEEE_EXT_LITTLE=1 -DMPFR_USE_THREAD_SAFE=1 -DLT_OBJDIR=\".libs/\" -DHAVE_ATTRIBUTE_MODE=1 -DHAVE___GMPN_ROOTREM=1 -DHAVE___GMPN_SBPI1_DIVAPPR_Q=1 -I. -I../.././../mpfr/mpfr-3.1.1/src -I/home/sparksco/android/toolchain/aosp/build/temp-install/include -Wall -Wmissing-prototypes -Wpointer-arith -g -O2 -MT div_2si.lo -MD -MP -MF .deps/div_2si.Tpo -c ../.././../mpfr/mpfr-3.1.1/src/div_2si.c -o div_2si.o
mv -f .deps/comparisons.Tpo .deps/comparisons.Plo
yes
libtool: compile:  gcc-4.7 -DTIME_WITH_SYS_TIME=1 -DHAVE_INTTYPES_H=1 -DHAVE_STDINT_H=1 -DHAVE_LOCALE_H=1 -DHAVE_WCHAR_H=1 -DHAVE_STDARG=1 -DHAVE_SYS_TIME_H=1 -DHAVE_ALLOCA_H=1 -DHAVE_STDINT_H=1 -DHAVE_VA_COPY=1 -DHAVE_SETLOCALE=1 -DHAVE_GETTIMEOFDAY=1 -DHAVE_LONG_LONG=1 -DHAVE_INTMAX_T=1 -DMPFR_HAVE_INTMAX_MAX=1 -DMPFR_HAVE_FESETROUND=1 -DHAVE_DENORMS=1 -DHAVE_ROUND=1 -DHAVE_TRUNC=1 -DHAVE_FLOOR=1 -DHAVE_CEIL=1 -DHAVE_NEARBYINT=1 -DHAVE_LDOUBLE_IEEE_EXT_LITTLE=1 -DMPFR_USE_THREAD_SAFE=1 -DLT_OBJDIR=\".libs/\" -DHAVE_ATTRIBUTE_MODE=1 -DHAVE___GMPN_ROOTREM=1 -DHAVE___GMPN_SBPI1_DIVAPPR_Q=1 -I. -I../.././../mpfr/mpfr-3.1.1/src -I/home/sparksco/android/toolchain/aosp/build/temp-install/include -Wall -Wmissing-prototypes -Wpointer-arith -g -O2 -MT div.lo -MD -MP -MF .deps/div.Tpo -c ../.././../mpfr/mpfr-3.1.1/src/div.c -o div.o
libtool: compile:  gcc-4.7 -DTIME_WITH_SYS_TIME=1 -DHAVE_INTTYPES_H=1 -DHAVE_STDINT_H=1 -DHAVE_LOCALE_H=1 -DHAVE_WCHAR_H=1 -DHAVE_STDARG=1 -DHAVE_SYS_TIME_H=1 -DHAVE_ALLOCA_H=1 -DHAVE_STDINT_H=1 -DHAVE_VA_COPY=1 -DHAVE_SETLOCALE=1 -DHAVE_GETTIMEOFDAY=1 -DHAVE_LONG_LONG=1 -DHAVE_INTMAX_T=1 -DMPFR_HAVE_INTMAX_MAX=1 -DMPFR_HAVE_FESETROUND=1 -DHAVE_DENORMS=1 -DHAVE_ROUND=1 -DHAVE_TRUNC=1 -DHAVE_FLOOR=1 -DHAVE_CEIL=1 -DHAVE_NEARBYINT=1 -DHAVE_LDOUBLE_IEEE_EXT_LITTLE=1 -DMPFR_USE_THREAD_SAFE=1 -DLT_OBJDIR=\".libs/\" -DHAVE_ATTRIBUTE_MODE=1 -DHAVE___GMPN_ROOTREM=1 -DHAVE___GMPN_SBPI1_DIVAPPR_Q=1 -I. -I../.././../mpfr/mpfr-3.1.1/src -I/home/sparksco/android/toolchain/aosp/build/temp-install/include -Wall -Wmissing-prototypes -Wpointer-arith -g -O2 -MT div_ui.lo -MD -MP -MF .deps/div_ui.Tpo -c ../.././../mpfr/mpfr-3.1.1/src/div_ui.c -o div_ui.o
/bin/bash ../libtool --tag=CC   --mode=compile gcc-4.7 -DTIME_WITH_SYS_TIME=1 -DHAVE_INTTYPES_H=1 -DHAVE_STDINT_H=1 -DHAVE_LOCALE_H=1 -DHAVE_WCHAR_H=1 -DHAVE_STDARG=1 -DHAVE_SYS_TIME_H=1 -DHAVE_ALLOCA_H=1 -DHAVE_STDINT_H=1 -DHAVE_VA_COPY=1 -DHAVE_SETLOCALE=1 -DHAVE_GETTIMEOFDAY=1 -DHAVE_LONG_LONG=1 -DHAVE_INTMAX_T=1 -DMPFR_HAVE_INTMAX_MAX=1 -DMPFR_HAVE_FESETROUND=1 -DHAVE_DENORMS=1 -DHAVE_ROUND=1 -DHAVE_TRUNC=1 -DHAVE_FLOOR=1 -DHAVE_CEIL=1 -DHAVE_NEARBYINT=1 -DHAVE_LDOUBLE_IEEE_EXT_LITTLE=1 -DMPFR_USE_THREAD_SAFE=1 -DLT_OBJDIR=\".libs/\" -DHAVE_ATTRIBUTE_MODE=1 -DHAVE___GMPN_ROOTREM=1 -DHAVE___GMPN_SBPI1_DIVAPPR_Q=1 -I. -I../.././../mpfr/mpfr-3.1.1/src   -I/home/sparksco/android/toolchain/aosp/build/temp-install/include  -Wall -Wmissing-prototypes -Wpointer-arith -g -O2 -MT exp10.lo -MD -MP -MF .deps/exp10.Tpo -c -o exp10.lo ../.././../mpfr/mpfr-3.1.1/src/exp10.c
mv -f .deps/add1.Tpo .deps/add1.Plo
libtool: compile:  gcc-4.7 -DTIME_WITH_SYS_TIME=1 -DHAVE_INTTYPES_H=1 -DHAVE_STDINT_H=1 -DHAVE_LOCALE_H=1 -DHAVE_WCHAR_H=1 -DHAVE_STDARG=1 -DHAVE_SYS_TIME_H=1 -DHAVE_ALLOCA_H=1 -DHAVE_STDINT_H=1 -DHAVE_VA_COPY=1 -DHAVE_SETLOCALE=1 -DHAVE_GETTIMEOFDAY=1 -DHAVE_LONG_LONG=1 -DHAVE_INTMAX_T=1 -DMPFR_HAVE_INTMAX_MAX=1 -DMPFR_HAVE_FESETROUND=1 -DHAVE_DENORMS=1 -DHAVE_ROUND=1 -DHAVE_TRUNC=1 -DHAVE_FLOOR=1 -DHAVE_CEIL=1 -DHAVE_NEARBYINT=1 -DHAVE_LDOUBLE_IEEE_EXT_LITTLE=1 -DMPFR_USE_THREAD_SAFE=1 -DLT_OBJDIR=\".libs/\" -DHAVE_ATTRIBUTE_MODE=1 -DHAVE___GMPN_ROOTREM=1 -DHAVE___GMPN_SBPI1_DIVAPPR_Q=1 -I. -I../.././../mpfr/mpfr-3.1.1/src -I/home/sparksco/android/toolchain/aosp/build/temp-install/include -Wall -Wmissing-prototypes -Wpointer-arith -g -O2 -MT dump.lo -MD -MP -MF .deps/dump.Tpo -c ../.././../mpfr/mpfr-3.1.1/src/dump.c -o dump.o
libtool: compile:  gcc-4.7 -DTIME_WITH_SYS_TIME=1 -DHAVE_INTTYPES_H=1 -DHAVE_STDINT_H=1 -DHAVE_LOCALE_H=1 -DHAVE_WCHAR_H=1 -DHAVE_STDARG=1 -DHAVE_SYS_TIME_H=1 -DHAVE_ALLOCA_H=1 -DHAVE_STDINT_H=1 -DHAVE_VA_COPY=1 -DHAVE_SETLOCALE=1 -DHAVE_GETTIMEOFDAY=1 -DHAVE_LONG_LONG=1 -DHAVE_INTMAX_T=1 -DMPFR_HAVE_INTMAX_MAX=1 -DMPFR_HAVE_FESETROUND=1 -DHAVE_DENORMS=1 -DHAVE_ROUND=1 -DHAVE_TRUNC=1 -DHAVE_FLOOR=1 -DHAVE_CEIL=1 -DHAVE_NEARBYINT=1 -DHAVE_LDOUBLE_IEEE_EXT_LITTLE=1 -DMPFR_USE_THREAD_SAFE=1 -DLT_OBJDIR=\".libs/\" -DHAVE_ATTRIBUTE_MODE=1 -DHAVE___GMPN_ROOTREM=1 -DHAVE___GMPN_SBPI1_DIVAPPR_Q=1 -I. -I../.././../mpfr/mpfr-3.1.1/src -I/home/sparksco/android/toolchain/aosp/build/temp-install/include -Wall -Wmissing-prototypes -Wpointer-arith -g -O2 -MT div_2ui.lo -MD -MP -MF .deps/div_2ui.Tpo -c ../.././../mpfr/mpfr-3.1.1/src/div_2ui.c -o div_2ui.o
libtool: compile:  gcc-4.7 -DTIME_WITH_SYS_TIME=1 -DHAVE_INTTYPES_H=1 -DHAVE_STDINT_H=1 -DHAVE_LOCALE_H=1 -DHAVE_WCHAR_H=1 -DHAVE_STDARG=1 -DHAVE_SYS_TIME_H=1 -DHAVE_ALLOCA_H=1 -DHAVE_STDINT_H=1 -DHAVE_VA_COPY=1 -DHAVE_SETLOCALE=1 -DHAVE_GETTIMEOFDAY=1 -DHAVE_LONG_LONG=1 -DHAVE_INTMAX_T=1 -DMPFR_HAVE_INTMAX_MAX=1 -DMPFR_HAVE_FESETROUND=1 -DHAVE_DENORMS=1 -DHAVE_ROUND=1 -DHAVE_TRUNC=1 -DHAVE_FLOOR=1 -DHAVE_CEIL=1 -DHAVE_NEARBYINT=1 -DHAVE_LDOUBLE_IEEE_EXT_LITTLE=1 -DMPFR_USE_THREAD_SAFE=1 -DLT_OBJDIR=\".libs/\" -DHAVE_ATTRIBUTE_MODE=1 -DHAVE___GMPN_ROOTREM=1 -DHAVE___GMPN_SBPI1_DIVAPPR_Q=1 -I. -I../.././../mpfr/mpfr-3.1.1/src -I/home/sparksco/android/toolchain/aosp/build/temp-install/include -Wall -Wmissing-prototypes -Wpointer-arith -g -O2 -MT eq.lo -MD -MP -MF .deps/eq.Tpo -c ../.././../mpfr/mpfr-3.1.1/src/eq.c -o eq.o
/bin/bash ../libtool --tag=CC   --mode=compile gcc-4.7 -DTIME_WITH_SYS_TIME=1 -DHAVE_INTTYPES_H=1 -DHAVE_STDINT_H=1 -DHAVE_LOCALE_H=1 -DHAVE_WCHAR_H=1 -DHAVE_STDARG=1 -DHAVE_SYS_TIME_H=1 -DHAVE_ALLOCA_H=1 -DHAVE_STDINT_H=1 -DHAVE_VA_COPY=1 -DHAVE_SETLOCALE=1 -DHAVE_GETTIMEOFDAY=1 -DHAVE_LONG_LONG=1 -DHAVE_INTMAX_T=1 -DMPFR_HAVE_INTMAX_MAX=1 -DMPFR_HAVE_FESETROUND=1 -DHAVE_DENORMS=1 -DHAVE_ROUND=1 -DHAVE_TRUNC=1 -DHAVE_FLOOR=1 -DHAVE_CEIL=1 -DHAVE_NEARBYINT=1 -DHAVE_LDOUBLE_IEEE_EXT_LITTLE=1 -DMPFR_USE_THREAD_SAFE=1 -DLT_OBJDIR=\".libs/\" -DHAVE_ATTRIBUTE_MODE=1 -DHAVE___GMPN_ROOTREM=1 -DHAVE___GMPN_SBPI1_DIVAPPR_Q=1 -I. -I../.././../mpfr/mpfr-3.1.1/src   -I/home/sparksco/android/toolchain/aosp/build/temp-install/include  -Wall -Wmissing-prototypes -Wpointer-arith -g -O2 -MT exp2.lo -MD -MP -MF .deps/exp2.Tpo -c -o exp2.lo ../.././../mpfr/mpfr-3.1.1/src/exp2.c
checking whether wmemset is declared without a macro... mv -f .deps/div_2exp.Tpo .deps/div_2exp.Plo
/bin/bash ../libtool --tag=CC   --mode=compile gcc-4.7 -DTIME_WITH_SYS_TIME=1 -DHAVE_INTTYPES_H=1 -DHAVE_STDINT_H=1 -DHAVE_LOCALE_H=1 -DHAVE_WCHAR_H=1 -DHAVE_STDARG=1 -DHAVE_SYS_TIME_H=1 -DHAVE_ALLOCA_H=1 -DHAVE_STDINT_H=1 -DHAVE_VA_COPY=1 -DHAVE_SETLOCALE=1 -DHAVE_GETTIMEOFDAY=1 -DHAVE_LONG_LONG=1 -DHAVE_INTMAX_T=1 -DMPFR_HAVE_INTMAX_MAX=1 -DMPFR_HAVE_FESETROUND=1 -DHAVE_DENORMS=1 -DHAVE_ROUND=1 -DHAVE_TRUNC=1 -DHAVE_FLOOR=1 -DHAVE_CEIL=1 -DHAVE_NEARBYINT=1 -DHAVE_LDOUBLE_IEEE_EXT_LITTLE=1 -DMPFR_USE_THREAD_SAFE=1 -DLT_OBJDIR=\".libs/\" -DHAVE_ATTRIBUTE_MODE=1 -DHAVE___GMPN_ROOTREM=1 -DHAVE___GMPN_SBPI1_DIVAPPR_Q=1 -I. -I../.././../mpfr/mpfr-3.1.1/src   -I/home/sparksco/android/toolchain/aosp/build/temp-install/include  -Wall -Wmissing-prototypes -Wpointer-arith -g -O2 -MT exp3.lo -MD -MP -MF .deps/exp3.Tpo -c -o exp3.lo ../.././../mpfr/mpfr-3.1.1/src/exp3.c
yes
libtool: compile:  gcc-4.7 -DTIME_WITH_SYS_TIME=1 -DHAVE_INTTYPES_H=1 -DHAVE_STDINT_H=1 -DHAVE_LOCALE_H=1 -DHAVE_WCHAR_H=1 -DHAVE_STDARG=1 -DHAVE_SYS_TIME_H=1 -DHAVE_ALLOCA_H=1 -DHAVE_STDINT_H=1 -DHAVE_VA_COPY=1 -DHAVE_SETLOCALE=1 -DHAVE_GETTIMEOFDAY=1 -DHAVE_LONG_LONG=1 -DHAVE_INTMAX_T=1 -DMPFR_HAVE_INTMAX_MAX=1 -DMPFR_HAVE_FESETROUND=1 -DHAVE_DENORMS=1 -DHAVE_ROUND=1 -DHAVE_TRUNC=1 -DHAVE_FLOOR=1 -DHAVE_CEIL=1 -DHAVE_NEARBYINT=1 -DHAVE_LDOUBLE_IEEE_EXT_LITTLE=1 -DMPFR_USE_THREAD_SAFE=1 -DLT_OBJDIR=\".libs/\" -DHAVE_ATTRIBUTE_MODE=1 -DHAVE___GMPN_ROOTREM=1 -DHAVE___GMPN_SBPI1_DIVAPPR_Q=1 -I. -I../.././../mpfr/mpfr-3.1.1/src -I/home/sparksco/android/toolchain/aosp/build/temp-install/include -Wall -Wmissing-prototypes -Wpointer-arith -g -O2 -MT exp3.lo -MD -MP -MF .deps/exp3.Tpo -c ../.././../mpfr/mpfr-3.1.1/src/exp3.c -o exp3.o
mv -f .deps/dump.Tpo .deps/dump.Plo
libtool: compile:  gcc-4.7 -DTIME_WITH_SYS_TIME=1 -DHAVE_INTTYPES_H=1 -DHAVE_STDINT_H=1 -DHAVE_LOCALE_H=1 -DHAVE_WCHAR_H=1 -DHAVE_STDARG=1 -DHAVE_SYS_TIME_H=1 -DHAVE_ALLOCA_H=1 -DHAVE_STDINT_H=1 -DHAVE_VA_COPY=1 -DHAVE_SETLOCALE=1 -DHAVE_GETTIMEOFDAY=1 -DHAVE_LONG_LONG=1 -DHAVE_INTMAX_T=1 -DMPFR_HAVE_INTMAX_MAX=1 -DMPFR_HAVE_FESETROUND=1 -DHAVE_DENORMS=1 -DHAVE_ROUND=1 -DHAVE_TRUNC=1 -DHAVE_FLOOR=1 -DHAVE_CEIL=1 -DHAVE_NEARBYINT=1 -DHAVE_LDOUBLE_IEEE_EXT_LITTLE=1 -DMPFR_USE_THREAD_SAFE=1 -DLT_OBJDIR=\".libs/\" -DHAVE_ATTRIBUTE_MODE=1 -DHAVE___GMPN_ROOTREM=1 -DHAVE___GMPN_SBPI1_DIVAPPR_Q=1 -I. -I../.././../mpfr/mpfr-3.1.1/src -I/home/sparksco/android/toolchain/aosp/build/temp-install/include -Wall -Wmissing-prototypes -Wpointer-arith -g -O2 -MT exp10.lo -MD -MP -MF .deps/exp10.Tpo -c ../.././../mpfr/mpfr-3.1.1/src/exp10.c -o exp10.o
/bin/bash ../libtool --tag=CC   --mode=compile gcc-4.7 -DTIME_WITH_SYS_TIME=1 -DHAVE_INTTYPES_H=1 -DHAVE_STDINT_H=1 -DHAVE_LOCALE_H=1 -DHAVE_WCHAR_H=1 -DHAVE_STDARG=1 -DHAVE_SYS_TIME_H=1 -DHAVE_ALLOCA_H=1 -DHAVE_STDINT_H=1 -DHAVE_VA_COPY=1 -DHAVE_SETLOCALE=1 -DHAVE_GETTIMEOFDAY=1 -DHAVE_LONG_LONG=1 -DHAVE_INTMAX_T=1 -DMPFR_HAVE_INTMAX_MAX=1 -DMPFR_HAVE_FESETROUND=1 -DHAVE_DENORMS=1 -DHAVE_ROUND=1 -DHAVE_TRUNC=1 -DHAVE_FLOOR=1 -DHAVE_CEIL=1 -DHAVE_NEARBYINT=1 -DHAVE_LDOUBLE_IEEE_EXT_LITTLE=1 -DMPFR_USE_THREAD_SAFE=1 -DLT_OBJDIR=\".libs/\" -DHAVE_ATTRIBUTE_MODE=1 -DHAVE___GMPN_ROOTREM=1 -DHAVE___GMPN_SBPI1_DIVAPPR_Q=1 -I. -I../.././../mpfr/mpfr-3.1.1/src   -I/home/sparksco/android/toolchain/aosp/build/temp-install/include  -Wall -Wmissing-prototypes -Wpointer-arith -g -O2 -MT exp.lo -MD -MP -MF .deps/exp.Tpo -c -o exp.lo ../.././../mpfr/mpfr-3.1.1/src/exp.c
checking whether wcslen is declared without a macro... libtool: compile:  gcc-4.7 -DTIME_WITH_SYS_TIME=1 -DHAVE_INTTYPES_H=1 -DHAVE_STDINT_H=1 -DHAVE_LOCALE_H=1 -DHAVE_WCHAR_H=1 -DHAVE_STDARG=1 -DHAVE_SYS_TIME_H=1 -DHAVE_ALLOCA_H=1 -DHAVE_STDINT_H=1 -DHAVE_VA_COPY=1 -DHAVE_SETLOCALE=1 -DHAVE_GETTIMEOFDAY=1 -DHAVE_LONG_LONG=1 -DHAVE_INTMAX_T=1 -DMPFR_HAVE_INTMAX_MAX=1 -DMPFR_HAVE_FESETROUND=1 -DHAVE_DENORMS=1 -DHAVE_ROUND=1 -DHAVE_TRUNC=1 -DHAVE_FLOOR=1 -DHAVE_CEIL=1 -DHAVE_NEARBYINT=1 -DHAVE_LDOUBLE_IEEE_EXT_LITTLE=1 -DMPFR_USE_THREAD_SAFE=1 -DLT_OBJDIR=\".libs/\" -DHAVE_ATTRIBUTE_MODE=1 -DHAVE___GMPN_ROOTREM=1 -DHAVE___GMPN_SBPI1_DIVAPPR_Q=1 -I. -I../.././../mpfr/mpfr-3.1.1/src -I/home/sparksco/android/toolchain/aosp/build/temp-install/include -Wall -Wmissing-prototypes -Wpointer-arith -g -O2 -MT exp2.lo -MD -MP -MF .deps/exp2.Tpo -c ../.././../mpfr/mpfr-3.1.1/src/exp2.c -o exp2.o
mv -f .deps/eq.Tpo .deps/eq.Plo
/bin/bash ../libtool --tag=CC   --mode=compile gcc-4.7 -DTIME_WITH_SYS_TIME=1 -DHAVE_INTTYPES_H=1 -DHAVE_STDINT_H=1 -DHAVE_LOCALE_H=1 -DHAVE_WCHAR_H=1 -DHAVE_STDARG=1 -DHAVE_SYS_TIME_H=1 -DHAVE_ALLOCA_H=1 -DHAVE_STDINT_H=1 -DHAVE_VA_COPY=1 -DHAVE_SETLOCALE=1 -DHAVE_GETTIMEOFDAY=1 -DHAVE_LONG_LONG=1 -DHAVE_INTMAX_T=1 -DMPFR_HAVE_INTMAX_MAX=1 -DMPFR_HAVE_FESETROUND=1 -DHAVE_DENORMS=1 -DHAVE_ROUND=1 -DHAVE_TRUNC=1 -DHAVE_FLOOR=1 -DHAVE_CEIL=1 -DHAVE_NEARBYINT=1 -DHAVE_LDOUBLE_IEEE_EXT_LITTLE=1 -DMPFR_USE_THREAD_SAFE=1 -DLT_OBJDIR=\".libs/\" -DHAVE_ATTRIBUTE_MODE=1 -DHAVE___GMPN_ROOTREM=1 -DHAVE___GMPN_SBPI1_DIVAPPR_Q=1 -I. -I../.././../mpfr/mpfr-3.1.1/src   -I/home/sparksco/android/toolchain/aosp/build/temp-install/include  -Wall -Wmissing-prototypes -Wpointer-arith -g -O2 -MT frac.lo -MD -MP -MF .deps/frac.Tpo -c -o frac.lo ../.././../mpfr/mpfr-3.1.1/src/frac.c
mv -f .deps/div_2si.Tpo .deps/div_2si.Plo
yes
/bin/bash ../libtool --tag=CC   --mode=compile gcc-4.7 -DTIME_WITH_SYS_TIME=1 -DHAVE_INTTYPES_H=1 -DHAVE_STDINT_H=1 -DHAVE_LOCALE_H=1 -DHAVE_WCHAR_H=1 -DHAVE_STDARG=1 -DHAVE_SYS_TIME_H=1 -DHAVE_ALLOCA_H=1 -DHAVE_STDINT_H=1 -DHAVE_VA_COPY=1 -DHAVE_SETLOCALE=1 -DHAVE_GETTIMEOFDAY=1 -DHAVE_LONG_LONG=1 -DHAVE_INTMAX_T=1 -DMPFR_HAVE_INTMAX_MAX=1 -DMPFR_HAVE_FESETROUND=1 -DHAVE_DENORMS=1 -DHAVE_ROUND=1 -DHAVE_TRUNC=1 -DHAVE_FLOOR=1 -DHAVE_CEIL=1 -DHAVE_NEARBYINT=1 -DHAVE_LDOUBLE_IEEE_EXT_LITTLE=1 -DMPFR_USE_THREAD_SAFE=1 -DLT_OBJDIR=\".libs/\" -DHAVE_ATTRIBUTE_MODE=1 -DHAVE___GMPN_ROOTREM=1 -DHAVE___GMPN_SBPI1_DIVAPPR_Q=1 -I. -I../.././../mpfr/mpfr-3.1.1/src   -I/home/sparksco/android/toolchain/aosp/build/temp-install/include  -Wall -Wmissing-prototypes -Wpointer-arith -g -O2 -MT frexp.lo -MD -MP -MF .deps/frexp.Tpo -c -o frexp.lo ../.././../mpfr/mpfr-3.1.1/src/frexp.c
mv -f .deps/exp10.Tpo .deps/exp10.Plo
/bin/bash ../libtool --tag=CC   --mode=compile gcc-4.7 -DTIME_WITH_SYS_TIME=1 -DHAVE_INTTYPES_H=1 -DHAVE_STDINT_H=1 -DHAVE_LOCALE_H=1 -DHAVE_WCHAR_H=1 -DHAVE_STDARG=1 -DHAVE_SYS_TIME_H=1 -DHAVE_ALLOCA_H=1 -DHAVE_STDINT_H=1 -DHAVE_VA_COPY=1 -DHAVE_SETLOCALE=1 -DHAVE_GETTIMEOFDAY=1 -DHAVE_LONG_LONG=1 -DHAVE_INTMAX_T=1 -DMPFR_HAVE_INTMAX_MAX=1 -DMPFR_HAVE_FESETROUND=1 -DHAVE_DENORMS=1 -DHAVE_ROUND=1 -DHAVE_TRUNC=1 -DHAVE_FLOOR=1 -DHAVE_CEIL=1 -DHAVE_NEARBYINT=1 -DHAVE_LDOUBLE_IEEE_EXT_LITTLE=1 -DMPFR_USE_THREAD_SAFE=1 -DLT_OBJDIR=\".libs/\" -DHAVE_ATTRIBUTE_MODE=1 -DHAVE___GMPN_ROOTREM=1 -DHAVE___GMPN_SBPI1_DIVAPPR_Q=1 -I. -I../.././../mpfr/mpfr-3.1.1/src   -I/home/sparksco/android/toolchain/aosp/build/temp-install/include  -Wall -Wmissing-prototypes -Wpointer-arith -g -O2 -MT get_d.lo -MD -MP -MF .deps/get_d.Tpo -c -o get_d.lo ../.././../mpfr/mpfr-3.1.1/src/get_d.c
libtool: compile:  gcc-4.7 -DTIME_WITH_SYS_TIME=1 -DHAVE_INTTYPES_H=1 -DHAVE_STDINT_H=1 -DHAVE_LOCALE_H=1 -DHAVE_WCHAR_H=1 -DHAVE_STDARG=1 -DHAVE_SYS_TIME_H=1 -DHAVE_ALLOCA_H=1 -DHAVE_STDINT_H=1 -DHAVE_VA_COPY=1 -DHAVE_SETLOCALE=1 -DHAVE_GETTIMEOFDAY=1 -DHAVE_LONG_LONG=1 -DHAVE_INTMAX_T=1 -DMPFR_HAVE_INTMAX_MAX=1 -DMPFR_HAVE_FESETROUND=1 -DHAVE_DENORMS=1 -DHAVE_ROUND=1 -DHAVE_TRUNC=1 -DHAVE_FLOOR=1 -DHAVE_CEIL=1 -DHAVE_NEARBYINT=1 -DHAVE_LDOUBLE_IEEE_EXT_LITTLE=1 -DMPFR_USE_THREAD_SAFE=1 -DLT_OBJDIR=\".libs/\" -DHAVE_ATTRIBUTE_MODE=1 -DHAVE___GMPN_ROOTREM=1 -DHAVE___GMPN_SBPI1_DIVAPPR_Q=1 -I. -I../.././../mpfr/mpfr-3.1.1/src -I/home/sparksco/android/toolchain/aosp/build/temp-install/include -Wall -Wmissing-prototypes -Wpointer-arith -g -O2 -MT exp.lo -MD -MP -MF .deps/exp.Tpo -c ../.././../mpfr/mpfr-3.1.1/src/exp.c -o exp.o
checking whether wcsnlen is declared without a macro... mv -f .deps/div_2ui.Tpo .deps/div_2ui.Plo
/bin/bash ../libtool --tag=CC   --mode=compile gcc-4.7 -DTIME_WITH_SYS_TIME=1 -DHAVE_INTTYPES_H=1 -DHAVE_STDINT_H=1 -DHAVE_LOCALE_H=1 -DHAVE_WCHAR_H=1 -DHAVE_STDARG=1 -DHAVE_SYS_TIME_H=1 -DHAVE_ALLOCA_H=1 -DHAVE_STDINT_H=1 -DHAVE_VA_COPY=1 -DHAVE_SETLOCALE=1 -DHAVE_GETTIMEOFDAY=1 -DHAVE_LONG_LONG=1 -DHAVE_INTMAX_T=1 -DMPFR_HAVE_INTMAX_MAX=1 -DMPFR_HAVE_FESETROUND=1 -DHAVE_DENORMS=1 -DHAVE_ROUND=1 -DHAVE_TRUNC=1 -DHAVE_FLOOR=1 -DHAVE_CEIL=1 -DHAVE_NEARBYINT=1 -DHAVE_LDOUBLE_IEEE_EXT_LITTLE=1 -DMPFR_USE_THREAD_SAFE=1 -DLT_OBJDIR=\".libs/\" -DHAVE_ATTRIBUTE_MODE=1 -DHAVE___GMPN_ROOTREM=1 -DHAVE___GMPN_SBPI1_DIVAPPR_Q=1 -I. -I../.././../mpfr/mpfr-3.1.1/src   -I/home/sparksco/android/toolchain/aosp/build/temp-install/include  -Wall -Wmissing-prototypes -Wpointer-arith -g -O2 -MT get_exp.lo -MD -MP -MF .deps/get_exp.Tpo -c -o get_exp.lo ../.././../mpfr/mpfr-3.1.1/src/get_exp.c
libtool: compile:  gcc-4.7 -DTIME_WITH_SYS_TIME=1 -DHAVE_INTTYPES_H=1 -DHAVE_STDINT_H=1 -DHAVE_LOCALE_H=1 -DHAVE_WCHAR_H=1 -DHAVE_STDARG=1 -DHAVE_SYS_TIME_H=1 -DHAVE_ALLOCA_H=1 -DHAVE_STDINT_H=1 -DHAVE_VA_COPY=1 -DHAVE_SETLOCALE=1 -DHAVE_GETTIMEOFDAY=1 -DHAVE_LONG_LONG=1 -DHAVE_INTMAX_T=1 -DMPFR_HAVE_INTMAX_MAX=1 -DMPFR_HAVE_FESETROUND=1 -DHAVE_DENORMS=1 -DHAVE_ROUND=1 -DHAVE_TRUNC=1 -DHAVE_FLOOR=1 -DHAVE_CEIL=1 -DHAVE_NEARBYINT=1 -DHAVE_LDOUBLE_IEEE_EXT_LITTLE=1 -DMPFR_USE_THREAD_SAFE=1 -DLT_OBJDIR=\".libs/\" -DHAVE_ATTRIBUTE_MODE=1 -DHAVE___GMPN_ROOTREM=1 -DHAVE___GMPN_SBPI1_DIVAPPR_Q=1 -I. -I../.././../mpfr/mpfr-3.1.1/src -I/home/sparksco/android/toolchain/aosp/build/temp-install/include -Wall -Wmissing-prototypes -Wpointer-arith -g -O2 -MT frac.lo -MD -MP -MF .deps/frac.Tpo -c ../.././../mpfr/mpfr-3.1.1/src/frac.c -o frac.o
mv -f .deps/div_ui.Tpo .deps/div_ui.Plo
/bin/bash ../libtool --tag=CC   --mode=compile gcc-4.7 -DTIME_WITH_SYS_TIME=1 -DHAVE_INTTYPES_H=1 -DHAVE_STDINT_H=1 -DHAVE_LOCALE_H=1 -DHAVE_WCHAR_H=1 -DHAVE_STDARG=1 -DHAVE_SYS_TIME_H=1 -DHAVE_ALLOCA_H=1 -DHAVE_STDINT_H=1 -DHAVE_VA_COPY=1 -DHAVE_SETLOCALE=1 -DHAVE_GETTIMEOFDAY=1 -DHAVE_LONG_LONG=1 -DHAVE_INTMAX_T=1 -DMPFR_HAVE_INTMAX_MAX=1 -DMPFR_HAVE_FESETROUND=1 -DHAVE_DENORMS=1 -DHAVE_ROUND=1 -DHAVE_TRUNC=1 -DHAVE_FLOOR=1 -DHAVE_CEIL=1 -DHAVE_NEARBYINT=1 -DHAVE_LDOUBLE_IEEE_EXT_LITTLE=1 -DMPFR_USE_THREAD_SAFE=1 -DLT_OBJDIR=\".libs/\" -DHAVE_ATTRIBUTE_MODE=1 -DHAVE___GMPN_ROOTREM=1 -DHAVE___GMPN_SBPI1_DIVAPPR_Q=1 -I. -I../.././../mpfr/mpfr-3.1.1/src   -I/home/sparksco/android/toolchain/aosp/build/temp-install/include  -Wall -Wmissing-prototypes -Wpointer-arith -g -O2 -MT get_str.lo -MD -MP -MF .deps/get_str.Tpo -c -o get_str.lo ../.././../mpfr/mpfr-3.1.1/src/get_str.c
libtool: compile:  gcc-4.7 -DTIME_WITH_SYS_TIME=1 -DHAVE_INTTYPES_H=1 -DHAVE_STDINT_H=1 -DHAVE_LOCALE_H=1 -DHAVE_WCHAR_H=1 -DHAVE_STDARG=1 -DHAVE_SYS_TIME_H=1 -DHAVE_ALLOCA_H=1 -DHAVE_STDINT_H=1 -DHAVE_VA_COPY=1 -DHAVE_SETLOCALE=1 -DHAVE_GETTIMEOFDAY=1 -DHAVE_LONG_LONG=1 -DHAVE_INTMAX_T=1 -DMPFR_HAVE_INTMAX_MAX=1 -DMPFR_HAVE_FESETROUND=1 -DHAVE_DENORMS=1 -DHAVE_ROUND=1 -DHAVE_TRUNC=1 -DHAVE_FLOOR=1 -DHAVE_CEIL=1 -DHAVE_NEARBYINT=1 -DHAVE_LDOUBLE_IEEE_EXT_LITTLE=1 -DMPFR_USE_THREAD_SAFE=1 -DLT_OBJDIR=\".libs/\" -DHAVE_ATTRIBUTE_MODE=1 -DHAVE___GMPN_ROOTREM=1 -DHAVE___GMPN_SBPI1_DIVAPPR_Q=1 -I. -I../.././../mpfr/mpfr-3.1.1/src -I/home/sparksco/android/toolchain/aosp/build/temp-install/include -Wall -Wmissing-prototypes -Wpointer-arith -g -O2 -MT get_d.lo -MD -MP -MF .deps/get_d.Tpo -c ../.././../mpfr/mpfr-3.1.1/src/get_d.c -o get_d.o
libtool: compile:  gcc-4.7 -DTIME_WITH_SYS_TIME=1 -DHAVE_INTTYPES_H=1 -DHAVE_STDINT_H=1 -DHAVE_LOCALE_H=1 -DHAVE_WCHAR_H=1 -DHAVE_STDARG=1 -DHAVE_SYS_TIME_H=1 -DHAVE_ALLOCA_H=1 -DHAVE_STDINT_H=1 -DHAVE_VA_COPY=1 -DHAVE_SETLOCALE=1 -DHAVE_GETTIMEOFDAY=1 -DHAVE_LONG_LONG=1 -DHAVE_INTMAX_T=1 -DMPFR_HAVE_INTMAX_MAX=1 -DMPFR_HAVE_FESETROUND=1 -DHAVE_DENORMS=1 -DHAVE_ROUND=1 -DHAVE_TRUNC=1 -DHAVE_FLOOR=1 -DHAVE_CEIL=1 -DHAVE_NEARBYINT=1 -DHAVE_LDOUBLE_IEEE_EXT_LITTLE=1 -DMPFR_USE_THREAD_SAFE=1 -DLT_OBJDIR=\".libs/\" -DHAVE_ATTRIBUTE_MODE=1 -DHAVE___GMPN_ROOTREM=1 -DHAVE___GMPN_SBPI1_DIVAPPR_Q=1 -I. -I../.././../mpfr/mpfr-3.1.1/src -I/home/sparksco/android/toolchain/aosp/build/temp-install/include -Wall -Wmissing-prototypes -Wpointer-arith -g -O2 -MT frexp.lo -MD -MP -MF .deps/frexp.Tpo -c ../.././../mpfr/mpfr-3.1.1/src/frexp.c -o frexp.o
yes
checking whether wcscpy is declared without a macro... libtool: compile:  gcc-4.7 -DTIME_WITH_SYS_TIME=1 -DHAVE_INTTYPES_H=1 -DHAVE_STDINT_H=1 -DHAVE_LOCALE_H=1 -DHAVE_WCHAR_H=1 -DHAVE_STDARG=1 -DHAVE_SYS_TIME_H=1 -DHAVE_ALLOCA_H=1 -DHAVE_STDINT_H=1 -DHAVE_VA_COPY=1 -DHAVE_SETLOCALE=1 -DHAVE_GETTIMEOFDAY=1 -DHAVE_LONG_LONG=1 -DHAVE_INTMAX_T=1 -DMPFR_HAVE_INTMAX_MAX=1 -DMPFR_HAVE_FESETROUND=1 -DHAVE_DENORMS=1 -DHAVE_ROUND=1 -DHAVE_TRUNC=1 -DHAVE_FLOOR=1 -DHAVE_CEIL=1 -DHAVE_NEARBYINT=1 -DHAVE_LDOUBLE_IEEE_EXT_LITTLE=1 -DMPFR_USE_THREAD_SAFE=1 -DLT_OBJDIR=\".libs/\" -DHAVE_ATTRIBUTE_MODE=1 -DHAVE___GMPN_ROOTREM=1 -DHAVE___GMPN_SBPI1_DIVAPPR_Q=1 -I. -I../.././../mpfr/mpfr-3.1.1/src -I/home/sparksco/android/toolchain/aosp/build/temp-install/include -Wall -Wmissing-prototypes -Wpointer-arith -g -O2 -MT get_str.lo -MD -MP -MF .deps/get_str.Tpo -c ../.././../mpfr/mpfr-3.1.1/src/get_str.c -o get_str.o
mv -f .deps/exp2.Tpo .deps/exp2.Plo
/bin/bash ../libtool --tag=CC   --mode=compile gcc-4.7 -DTIME_WITH_SYS_TIME=1 -DHAVE_INTTYPES_H=1 -DHAVE_STDINT_H=1 -DHAVE_LOCALE_H=1 -DHAVE_WCHAR_H=1 -DHAVE_STDARG=1 -DHAVE_SYS_TIME_H=1 -DHAVE_ALLOCA_H=1 -DHAVE_STDINT_H=1 -DHAVE_VA_COPY=1 -DHAVE_SETLOCALE=1 -DHAVE_GETTIMEOFDAY=1 -DHAVE_LONG_LONG=1 -DHAVE_INTMAX_T=1 -DMPFR_HAVE_INTMAX_MAX=1 -DMPFR_HAVE_FESETROUND=1 -DHAVE_DENORMS=1 -DHAVE_ROUND=1 -DHAVE_TRUNC=1 -DHAVE_FLOOR=1 -DHAVE_CEIL=1 -DHAVE_NEARBYINT=1 -DHAVE_LDOUBLE_IEEE_EXT_LITTLE=1 -DMPFR_USE_THREAD_SAFE=1 -DLT_OBJDIR=\".libs/\" -DHAVE_ATTRIBUTE_MODE=1 -DHAVE___GMPN_ROOTREM=1 -DHAVE___GMPN_SBPI1_DIVAPPR_Q=1 -I. -I../.././../mpfr/mpfr-3.1.1/src   -I/home/sparksco/android/toolchain/aosp/build/temp-install/include  -Wall -Wmissing-prototypes -Wpointer-arith -g -O2 -MT init.lo -MD -MP -MF .deps/init.Tpo -c -o init.lo ../.././../mpfr/mpfr-3.1.1/src/init.c
mv -f .deps/frexp.Tpo .deps/frexp.Plo
mv -f .deps/exp.Tpo .deps/exp.Plo
yes
/bin/bash ../libtool --tag=CC   --mode=compile gcc-4.7 -DTIME_WITH_SYS_TIME=1 -DHAVE_INTTYPES_H=1 -DHAVE_STDINT_H=1 -DHAVE_LOCALE_H=1 -DHAVE_WCHAR_H=1 -DHAVE_STDARG=1 -DHAVE_SYS_TIME_H=1 -DHAVE_ALLOCA_H=1 -DHAVE_STDINT_H=1 -DHAVE_VA_COPY=1 -DHAVE_SETLOCALE=1 -DHAVE_GETTIMEOFDAY=1 -DHAVE_LONG_LONG=1 -DHAVE_INTMAX_T=1 -DMPFR_HAVE_INTMAX_MAX=1 -DMPFR_HAVE_FESETROUND=1 -DHAVE_DENORMS=1 -DHAVE_ROUND=1 -DHAVE_TRUNC=1 -DHAVE_FLOOR=1 -DHAVE_CEIL=1 -DHAVE_NEARBYINT=1 -DHAVE_LDOUBLE_IEEE_EXT_LITTLE=1 -DMPFR_USE_THREAD_SAFE=1 -DLT_OBJDIR=\".libs/\" -DHAVE_ATTRIBUTE_MODE=1 -DHAVE___GMPN_ROOTREM=1 -DHAVE___GMPN_SBPI1_DIVAPPR_Q=1 -I. -I../.././../mpfr/mpfr-3.1.1/src   -I/home/sparksco/android/toolchain/aosp/build/temp-install/include  -Wall -Wmissing-prototypes -Wpointer-arith -g -O2 -MT inp_str.lo -MD -MP -MF .deps/inp_str.Tpo -c -o inp_str.lo ../.././../mpfr/mpfr-3.1.1/src/inp_str.c
/bin/bash ../libtool --tag=CC   --mode=compile gcc-4.7 -DTIME_WITH_SYS_TIME=1 -DHAVE_INTTYPES_H=1 -DHAVE_STDINT_H=1 -DHAVE_LOCALE_H=1 -DHAVE_WCHAR_H=1 -DHAVE_STDARG=1 -DHAVE_SYS_TIME_H=1 -DHAVE_ALLOCA_H=1 -DHAVE_STDINT_H=1 -DHAVE_VA_COPY=1 -DHAVE_SETLOCALE=1 -DHAVE_GETTIMEOFDAY=1 -DHAVE_LONG_LONG=1 -DHAVE_INTMAX_T=1 -DMPFR_HAVE_INTMAX_MAX=1 -DMPFR_HAVE_FESETROUND=1 -DHAVE_DENORMS=1 -DHAVE_ROUND=1 -DHAVE_TRUNC=1 -DHAVE_FLOOR=1 -DHAVE_CEIL=1 -DHAVE_NEARBYINT=1 -DHAVE_LDOUBLE_IEEE_EXT_LITTLE=1 -DMPFR_USE_THREAD_SAFE=1 -DLT_OBJDIR=\".libs/\" -DHAVE_ATTRIBUTE_MODE=1 -DHAVE___GMPN_ROOTREM=1 -DHAVE___GMPN_SBPI1_DIVAPPR_Q=1 -I. -I../.././../mpfr/mpfr-3.1.1/src   -I/home/sparksco/android/toolchain/aosp/build/temp-install/include  -Wall -Wmissing-prototypes -Wpointer-arith -g -O2 -MT isinteger.lo -MD -MP -MF .deps/isinteger.Tpo -c -o isinteger.lo ../.././../mpfr/mpfr-3.1.1/src/isinteger.c
mv -f .deps/frac.Tpo .deps/frac.Plo
checking whether wcpcpy is declared without a macro... libtool: compile:  gcc-4.7 -DTIME_WITH_SYS_TIME=1 -DHAVE_INTTYPES_H=1 -DHAVE_STDINT_H=1 -DHAVE_LOCALE_H=1 -DHAVE_WCHAR_H=1 -DHAVE_STDARG=1 -DHAVE_SYS_TIME_H=1 -DHAVE_ALLOCA_H=1 -DHAVE_STDINT_H=1 -DHAVE_VA_COPY=1 -DHAVE_SETLOCALE=1 -DHAVE_GETTIMEOFDAY=1 -DHAVE_LONG_LONG=1 -DHAVE_INTMAX_T=1 -DMPFR_HAVE_INTMAX_MAX=1 -DMPFR_HAVE_FESETROUND=1 -DHAVE_DENORMS=1 -DHAVE_ROUND=1 -DHAVE_TRUNC=1 -DHAVE_FLOOR=1 -DHAVE_CEIL=1 -DHAVE_NEARBYINT=1 -DHAVE_LDOUBLE_IEEE_EXT_LITTLE=1 -DMPFR_USE_THREAD_SAFE=1 -DLT_OBJDIR=\".libs/\" -DHAVE_ATTRIBUTE_MODE=1 -DHAVE___GMPN_ROOTREM=1 -DHAVE___GMPN_SBPI1_DIVAPPR_Q=1 -I. -I../.././../mpfr/mpfr-3.1.1/src -I/home/sparksco/android/toolchain/aosp/build/temp-install/include -Wall -Wmissing-prototypes -Wpointer-arith -g -O2 -MT init.lo -MD -MP -MF .deps/init.Tpo -c ../.././../mpfr/mpfr-3.1.1/src/init.c -o init.o
/bin/bash ../libtool --tag=CC   --mode=compile gcc-4.7 -DTIME_WITH_SYS_TIME=1 -DHAVE_INTTYPES_H=1 -DHAVE_STDINT_H=1 -DHAVE_LOCALE_H=1 -DHAVE_WCHAR_H=1 -DHAVE_STDARG=1 -DHAVE_SYS_TIME_H=1 -DHAVE_ALLOCA_H=1 -DHAVE_STDINT_H=1 -DHAVE_VA_COPY=1 -DHAVE_SETLOCALE=1 -DHAVE_GETTIMEOFDAY=1 -DHAVE_LONG_LONG=1 -DHAVE_INTMAX_T=1 -DMPFR_HAVE_INTMAX_MAX=1 -DMPFR_HAVE_FESETROUND=1 -DHAVE_DENORMS=1 -DHAVE_ROUND=1 -DHAVE_TRUNC=1 -DHAVE_FLOOR=1 -DHAVE_CEIL=1 -DHAVE_NEARBYINT=1 -DHAVE_LDOUBLE_IEEE_EXT_LITTLE=1 -DMPFR_USE_THREAD_SAFE=1 -DLT_OBJDIR=\".libs/\" -DHAVE_ATTRIBUTE_MODE=1 -DHAVE___GMPN_ROOTREM=1 -DHAVE___GMPN_SBPI1_DIVAPPR_Q=1 -I. -I../.././../mpfr/mpfr-3.1.1/src   -I/home/sparksco/android/toolchain/aosp/build/temp-install/include  -Wall -Wmissing-prototypes -Wpointer-arith -g -O2 -MT isinf.lo -MD -MP -MF .deps/isinf.Tpo -c -o isinf.lo ../.././../mpfr/mpfr-3.1.1/src/isinf.c
libtool: compile:  gcc-4.7 -DTIME_WITH_SYS_TIME=1 -DHAVE_INTTYPES_H=1 -DHAVE_STDINT_H=1 -DHAVE_LOCALE_H=1 -DHAVE_WCHAR_H=1 -DHAVE_STDARG=1 -DHAVE_SYS_TIME_H=1 -DHAVE_ALLOCA_H=1 -DHAVE_STDINT_H=1 -DHAVE_VA_COPY=1 -DHAVE_SETLOCALE=1 -DHAVE_GETTIMEOFDAY=1 -DHAVE_LONG_LONG=1 -DHAVE_INTMAX_T=1 -DMPFR_HAVE_INTMAX_MAX=1 -DMPFR_HAVE_FESETROUND=1 -DHAVE_DENORMS=1 -DHAVE_ROUND=1 -DHAVE_TRUNC=1 -DHAVE_FLOOR=1 -DHAVE_CEIL=1 -DHAVE_NEARBYINT=1 -DHAVE_LDOUBLE_IEEE_EXT_LITTLE=1 -DMPFR_USE_THREAD_SAFE=1 -DLT_OBJDIR=\".libs/\" -DHAVE_ATTRIBUTE_MODE=1 -DHAVE___GMPN_ROOTREM=1 -DHAVE___GMPN_SBPI1_DIVAPPR_Q=1 -I. -I../.././../mpfr/mpfr-3.1.1/src -I/home/sparksco/android/toolchain/aosp/build/temp-install/include -Wall -Wmissing-prototypes -Wpointer-arith -g -O2 -MT inp_str.lo -MD -MP -MF .deps/inp_str.Tpo -c ../.././../mpfr/mpfr-3.1.1/src/inp_str.c -o inp_str.o
libtool: compile:  gcc-4.7 -DTIME_WITH_SYS_TIME=1 -DHAVE_INTTYPES_H=1 -DHAVE_STDINT_H=1 -DHAVE_LOCALE_H=1 -DHAVE_WCHAR_H=1 -DHAVE_STDARG=1 -DHAVE_SYS_TIME_H=1 -DHAVE_ALLOCA_H=1 -DHAVE_STDINT_H=1 -DHAVE_VA_COPY=1 -DHAVE_SETLOCALE=1 -DHAVE_GETTIMEOFDAY=1 -DHAVE_LONG_LONG=1 -DHAVE_INTMAX_T=1 -DMPFR_HAVE_INTMAX_MAX=1 -DMPFR_HAVE_FESETROUND=1 -DHAVE_DENORMS=1 -DHAVE_ROUND=1 -DHAVE_TRUNC=1 -DHAVE_FLOOR=1 -DHAVE_CEIL=1 -DHAVE_NEARBYINT=1 -DHAVE_LDOUBLE_IEEE_EXT_LITTLE=1 -DMPFR_USE_THREAD_SAFE=1 -DLT_OBJDIR=\".libs/\" -DHAVE_ATTRIBUTE_MODE=1 -DHAVE___GMPN_ROOTREM=1 -DHAVE___GMPN_SBPI1_DIVAPPR_Q=1 -I. -I../.././../mpfr/mpfr-3.1.1/src -I/home/sparksco/android/toolchain/aosp/build/temp-install/include -Wall -Wmissing-prototypes -Wpointer-arith -g -O2 -MT isinteger.lo -MD -MP -MF .deps/isinteger.Tpo -c ../.././../mpfr/mpfr-3.1.1/src/isinteger.c -o isinteger.o
mv -f .deps/get_d.Tpo .deps/get_d.Plo
/bin/bash ../libtool --tag=CC   --mode=compile gcc-4.7 -DTIME_WITH_SYS_TIME=1 -DHAVE_INTTYPES_H=1 -DHAVE_STDINT_H=1 -DHAVE_LOCALE_H=1 -DHAVE_WCHAR_H=1 -DHAVE_STDARG=1 -DHAVE_SYS_TIME_H=1 -DHAVE_ALLOCA_H=1 -DHAVE_STDINT_H=1 -DHAVE_VA_COPY=1 -DHAVE_SETLOCALE=1 -DHAVE_GETTIMEOFDAY=1 -DHAVE_LONG_LONG=1 -DHAVE_INTMAX_T=1 -DMPFR_HAVE_INTMAX_MAX=1 -DMPFR_HAVE_FESETROUND=1 -DHAVE_DENORMS=1 -DHAVE_ROUND=1 -DHAVE_TRUNC=1 -DHAVE_FLOOR=1 -DHAVE_CEIL=1 -DHAVE_NEARBYINT=1 -DHAVE_LDOUBLE_IEEE_EXT_LITTLE=1 -DMPFR_USE_THREAD_SAFE=1 -DLT_OBJDIR=\".libs/\" -DHAVE_ATTRIBUTE_MODE=1 -DHAVE___GMPN_ROOTREM=1 -DHAVE___GMPN_SBPI1_DIVAPPR_Q=1 -I. -I../.././../mpfr/mpfr-3.1.1/src   -I/home/sparksco/android/toolchain/aosp/build/temp-install/include  -Wall -Wmissing-prototypes -Wpointer-arith -g -O2 -MT isnan.lo -MD -MP -MF .deps/isnan.Tpo -c -o isnan.lo ../.././../mpfr/mpfr-3.1.1/src/isnan.c
yes
mv -f .deps/get_exp.Tpo .deps/get_exp.Plo
/bin/bash ../libtool --tag=CC   --mode=compile gcc-4.7 -DTIME_WITH_SYS_TIME=1 -DHAVE_INTTYPES_H=1 -DHAVE_STDINT_H=1 -DHAVE_LOCALE_H=1 -DHAVE_WCHAR_H=1 -DHAVE_STDARG=1 -DHAVE_SYS_TIME_H=1 -DHAVE_ALLOCA_H=1 -DHAVE_STDINT_H=1 -DHAVE_VA_COPY=1 -DHAVE_SETLOCALE=1 -DHAVE_GETTIMEOFDAY=1 -DHAVE_LONG_LONG=1 -DHAVE_INTMAX_T=1 -DMPFR_HAVE_INTMAX_MAX=1 -DMPFR_HAVE_FESETROUND=1 -DHAVE_DENORMS=1 -DHAVE_ROUND=1 -DHAVE_TRUNC=1 -DHAVE_FLOOR=1 -DHAVE_CEIL=1 -DHAVE_NEARBYINT=1 -DHAVE_LDOUBLE_IEEE_EXT_LITTLE=1 -DMPFR_USE_THREAD_SAFE=1 -DLT_OBJDIR=\".libs/\" -DHAVE_ATTRIBUTE_MODE=1 -DHAVE___GMPN_ROOTREM=1 -DHAVE___GMPN_SBPI1_DIVAPPR_Q=1 -I. -I../.././../mpfr/mpfr-3.1.1/src   -I/home/sparksco/android/toolchain/aosp/build/temp-install/include  -Wall -Wmissing-prototypes -Wpointer-arith -g -O2 -MT isnum.lo -MD -MP -MF .deps/isnum.Tpo -c -o isnum.lo ../.././../mpfr/mpfr-3.1.1/src/isnum.c
mv -f .deps/init.Tpo .deps/init.Plo
libtool: compile:  gcc-4.7 -DTIME_WITH_SYS_TIME=1 -DHAVE_INTTYPES_H=1 -DHAVE_STDINT_H=1 -DHAVE_LOCALE_H=1 -DHAVE_WCHAR_H=1 -DHAVE_STDARG=1 -DHAVE_SYS_TIME_H=1 -DHAVE_ALLOCA_H=1 -DHAVE_STDINT_H=1 -DHAVE_VA_COPY=1 -DHAVE_SETLOCALE=1 -DHAVE_GETTIMEOFDAY=1 -DHAVE_LONG_LONG=1 -DHAVE_INTMAX_T=1 -DMPFR_HAVE_INTMAX_MAX=1 -DMPFR_HAVE_FESETROUND=1 -DHAVE_DENORMS=1 -DHAVE_ROUND=1 -DHAVE_TRUNC=1 -DHAVE_FLOOR=1 -DHAVE_CEIL=1 -DHAVE_NEARBYINT=1 -DHAVE_LDOUBLE_IEEE_EXT_LITTLE=1 -DMPFR_USE_THREAD_SAFE=1 -DLT_OBJDIR=\".libs/\" -DHAVE_ATTRIBUTE_MODE=1 -DHAVE___GMPN_ROOTREM=1 -DHAVE___GMPN_SBPI1_DIVAPPR_Q=1 -I. -I../.././../mpfr/mpfr-3.1.1/src -I/home/sparksco/android/toolchain/aosp/build/temp-install/include -Wall -Wmissing-prototypes -Wpointer-arith -g -O2 -MT isinf.lo -MD -MP -MF .deps/isinf.Tpo -c ../.././../mpfr/mpfr-3.1.1/src/isinf.c -o isinf.o
mv -f .deps/exp3.Tpo .deps/exp3.Plo
/bin/bash ../libtool --tag=CC   --mode=compile gcc-4.7 -DTIME_WITH_SYS_TIME=1 -DHAVE_INTTYPES_H=1 -DHAVE_STDINT_H=1 -DHAVE_LOCALE_H=1 -DHAVE_WCHAR_H=1 -DHAVE_STDARG=1 -DHAVE_SYS_TIME_H=1 -DHAVE_ALLOCA_H=1 -DHAVE_STDINT_H=1 -DHAVE_VA_COPY=1 -DHAVE_SETLOCALE=1 -DHAVE_GETTIMEOFDAY=1 -DHAVE_LONG_LONG=1 -DHAVE_INTMAX_T=1 -DMPFR_HAVE_INTMAX_MAX=1 -DMPFR_HAVE_FESETROUND=1 -DHAVE_DENORMS=1 -DHAVE_ROUND=1 -DHAVE_TRUNC=1 -DHAVE_FLOOR=1 -DHAVE_CEIL=1 -DHAVE_NEARBYINT=1 -DHAVE_LDOUBLE_IEEE_EXT_LITTLE=1 -DMPFR_USE_THREAD_SAFE=1 -DLT_OBJDIR=\".libs/\" -DHAVE_ATTRIBUTE_MODE=1 -DHAVE___GMPN_ROOTREM=1 -DHAVE___GMPN_SBPI1_DIVAPPR_Q=1 -I. -I../.././../mpfr/mpfr-3.1.1/src   -I/home/sparksco/android/toolchain/aosp/build/temp-install/include  -Wall -Wmissing-prototypes -Wpointer-arith -g -O2 -MT const_log2.lo -MD -MP -MF .deps/const_log2.Tpo -c -o const_log2.lo ../.././../mpfr/mpfr-3.1.1/src/const_log2.c
/bin/bash ../libtool --tag=CC   --mode=compile gcc-4.7 -DTIME_WITH_SYS_TIME=1 -DHAVE_INTTYPES_H=1 -DHAVE_STDINT_H=1 -DHAVE_LOCALE_H=1 -DHAVE_WCHAR_H=1 -DHAVE_STDARG=1 -DHAVE_SYS_TIME_H=1 -DHAVE_ALLOCA_H=1 -DHAVE_STDINT_H=1 -DHAVE_VA_COPY=1 -DHAVE_SETLOCALE=1 -DHAVE_GETTIMEOFDAY=1 -DHAVE_LONG_LONG=1 -DHAVE_INTMAX_T=1 -DMPFR_HAVE_INTMAX_MAX=1 -DMPFR_HAVE_FESETROUND=1 -DHAVE_DENORMS=1 -DHAVE_ROUND=1 -DHAVE_TRUNC=1 -DHAVE_FLOOR=1 -DHAVE_CEIL=1 -DHAVE_NEARBYINT=1 -DHAVE_LDOUBLE_IEEE_EXT_LITTLE=1 -DMPFR_USE_THREAD_SAFE=1 -DLT_OBJDIR=\".libs/\" -DHAVE_ATTRIBUTE_MODE=1 -DHAVE___GMPN_ROOTREM=1 -DHAVE___GMPN_SBPI1_DIVAPPR_Q=1 -I. -I../.././../mpfr/mpfr-3.1.1/src   -I/home/sparksco/android/toolchain/aosp/build/temp-install/include  -Wall -Wmissing-prototypes -Wpointer-arith -g -O2 -MT log.lo -MD -MP -MF .deps/log.Tpo -c -o log.lo ../.././../mpfr/mpfr-3.1.1/src/log.c
checking whether wcsncpy is declared without a macro... mv -f .deps/isinteger.Tpo .deps/isinteger.Plo
mv -f .deps/div.Tpo .deps/div.Plo
/bin/bash ../libtool --tag=CC   --mode=compile gcc-4.7 -DTIME_WITH_SYS_TIME=1 -DHAVE_INTTYPES_H=1 -DHAVE_STDINT_H=1 -DHAVE_LOCALE_H=1 -DHAVE_WCHAR_H=1 -DHAVE_STDARG=1 -DHAVE_SYS_TIME_H=1 -DHAVE_ALLOCA_H=1 -DHAVE_STDINT_H=1 -DHAVE_VA_COPY=1 -DHAVE_SETLOCALE=1 -DHAVE_GETTIMEOFDAY=1 -DHAVE_LONG_LONG=1 -DHAVE_INTMAX_T=1 -DMPFR_HAVE_INTMAX_MAX=1 -DMPFR_HAVE_FESETROUND=1 -DHAVE_DENORMS=1 -DHAVE_ROUND=1 -DHAVE_TRUNC=1 -DHAVE_FLOOR=1 -DHAVE_CEIL=1 -DHAVE_NEARBYINT=1 -DHAVE_LDOUBLE_IEEE_EXT_LITTLE=1 -DMPFR_USE_THREAD_SAFE=1 -DLT_OBJDIR=\".libs/\" -DHAVE_ATTRIBUTE_MODE=1 -DHAVE___GMPN_ROOTREM=1 -DHAVE___GMPN_SBPI1_DIVAPPR_Q=1 -I. -I../.././../mpfr/mpfr-3.1.1/src   -I/home/sparksco/android/toolchain/aosp/build/temp-install/include  -Wall -Wmissing-prototypes -Wpointer-arith -g -O2 -MT modf.lo -MD -MP -MF .deps/modf.Tpo -c -o modf.lo ../.././../mpfr/mpfr-3.1.1/src/modf.c
/bin/bash ../libtool --tag=CC   --mode=compile gcc-4.7 -DTIME_WITH_SYS_TIME=1 -DHAVE_INTTYPES_H=1 -DHAVE_STDINT_H=1 -DHAVE_LOCALE_H=1 -DHAVE_WCHAR_H=1 -DHAVE_STDARG=1 -DHAVE_SYS_TIME_H=1 -DHAVE_ALLOCA_H=1 -DHAVE_STDINT_H=1 -DHAVE_VA_COPY=1 -DHAVE_SETLOCALE=1 -DHAVE_GETTIMEOFDAY=1 -DHAVE_LONG_LONG=1 -DHAVE_INTMAX_T=1 -DMPFR_HAVE_INTMAX_MAX=1 -DMPFR_HAVE_FESETROUND=1 -DHAVE_DENORMS=1 -DHAVE_ROUND=1 -DHAVE_TRUNC=1 -DHAVE_FLOOR=1 -DHAVE_CEIL=1 -DHAVE_NEARBYINT=1 -DHAVE_LDOUBLE_IEEE_EXT_LITTLE=1 -DMPFR_USE_THREAD_SAFE=1 -DLT_OBJDIR=\".libs/\" -DHAVE_ATTRIBUTE_MODE=1 -DHAVE___GMPN_ROOTREM=1 -DHAVE___GMPN_SBPI1_DIVAPPR_Q=1 -I. -I../.././../mpfr/mpfr-3.1.1/src   -I/home/sparksco/android/toolchain/aosp/build/temp-install/include  -Wall -Wmissing-prototypes -Wpointer-arith -g -O2 -MT mul_2exp.lo -MD -MP -MF .deps/mul_2exp.Tpo -c -o mul_2exp.lo ../.././../mpfr/mpfr-3.1.1/src/mul_2exp.c
mv -f .deps/inp_str.Tpo .deps/inp_str.Plo
libtool: compile:  gcc-4.7 -DTIME_WITH_SYS_TIME=1 -DHAVE_INTTYPES_H=1 -DHAVE_STDINT_H=1 -DHAVE_LOCALE_H=1 -DHAVE_WCHAR_H=1 -DHAVE_STDARG=1 -DHAVE_SYS_TIME_H=1 -DHAVE_ALLOCA_H=1 -DHAVE_STDINT_H=1 -DHAVE_VA_COPY=1 -DHAVE_SETLOCALE=1 -DHAVE_GETTIMEOFDAY=1 -DHAVE_LONG_LONG=1 -DHAVE_INTMAX_T=1 -DMPFR_HAVE_INTMAX_MAX=1 -DMPFR_HAVE_FESETROUND=1 -DHAVE_DENORMS=1 -DHAVE_ROUND=1 -DHAVE_TRUNC=1 -DHAVE_FLOOR=1 -DHAVE_CEIL=1 -DHAVE_NEARBYINT=1 -DHAVE_LDOUBLE_IEEE_EXT_LITTLE=1 -DMPFR_USE_THREAD_SAFE=1 -DLT_OBJDIR=\".libs/\" -DHAVE_ATTRIBUTE_MODE=1 -DHAVE___GMPN_ROOTREM=1 -DHAVE___GMPN_SBPI1_DIVAPPR_Q=1 -I. -I../.././../mpfr/mpfr-3.1.1/src -I/home/sparksco/android/toolchain/aosp/build/temp-install/include -Wall -Wmissing-prototypes -Wpointer-arith -g -O2 -MT isnan.lo -MD -MP -MF .deps/isnan.Tpo -c ../.././../mpfr/mpfr-3.1.1/src/isnan.c -o isnan.o
/bin/bash ../libtool --tag=CC   --mode=compile gcc-4.7 -DTIME_WITH_SYS_TIME=1 -DHAVE_INTTYPES_H=1 -DHAVE_STDINT_H=1 -DHAVE_LOCALE_H=1 -DHAVE_WCHAR_H=1 -DHAVE_STDARG=1 -DHAVE_SYS_TIME_H=1 -DHAVE_ALLOCA_H=1 -DHAVE_STDINT_H=1 -DHAVE_VA_COPY=1 -DHAVE_SETLOCALE=1 -DHAVE_GETTIMEOFDAY=1 -DHAVE_LONG_LONG=1 -DHAVE_INTMAX_T=1 -DMPFR_HAVE_INTMAX_MAX=1 -DMPFR_HAVE_FESETROUND=1 -DHAVE_DENORMS=1 -DHAVE_ROUND=1 -DHAVE_TRUNC=1 -DHAVE_FLOOR=1 -DHAVE_CEIL=1 -DHAVE_NEARBYINT=1 -DHAVE_LDOUBLE_IEEE_EXT_LITTLE=1 -DMPFR_USE_THREAD_SAFE=1 -DLT_OBJDIR=\".libs/\" -DHAVE_ATTRIBUTE_MODE=1 -DHAVE___GMPN_ROOTREM=1 -DHAVE___GMPN_SBPI1_DIVAPPR_Q=1 -I. -I../.././../mpfr/mpfr-3.1.1/src   -I/home/sparksco/android/toolchain/aosp/build/temp-install/include  -Wall -Wmissing-prototypes -Wpointer-arith -g -O2 -MT mul_2si.lo -MD -MP -MF .deps/mul_2si.Tpo -c -o mul_2si.lo ../.././../mpfr/mpfr-3.1.1/src/mul_2si.c
libtool: compile:  gcc-4.7 -DTIME_WITH_SYS_TIME=1 -DHAVE_INTTYPES_H=1 -DHAVE_STDINT_H=1 -DHAVE_LOCALE_H=1 -DHAVE_WCHAR_H=1 -DHAVE_STDARG=1 -DHAVE_SYS_TIME_H=1 -DHAVE_ALLOCA_H=1 -DHAVE_STDINT_H=1 -DHAVE_VA_COPY=1 -DHAVE_SETLOCALE=1 -DHAVE_GETTIMEOFDAY=1 -DHAVE_LONG_LONG=1 -DHAVE_INTMAX_T=1 -DMPFR_HAVE_INTMAX_MAX=1 -DMPFR_HAVE_FESETROUND=1 -DHAVE_DENORMS=1 -DHAVE_ROUND=1 -DHAVE_TRUNC=1 -DHAVE_FLOOR=1 -DHAVE_CEIL=1 -DHAVE_NEARBYINT=1 -DHAVE_LDOUBLE_IEEE_EXT_LITTLE=1 -DMPFR_USE_THREAD_SAFE=1 -DLT_OBJDIR=\".libs/\" -DHAVE_ATTRIBUTE_MODE=1 -DHAVE___GMPN_ROOTREM=1 -DHAVE___GMPN_SBPI1_DIVAPPR_Q=1 -I. -I../.././../mpfr/mpfr-3.1.1/src -I/home/sparksco/android/toolchain/aosp/build/temp-install/include -Wall -Wmissing-prototypes -Wpointer-arith -g -O2 -MT log.lo -MD -MP -MF .deps/log.Tpo -c ../.././../mpfr/mpfr-3.1.1/src/log.c -o log.o
libtool: compile:  gcc-4.7 -DTIME_WITH_SYS_TIME=1 -DHAVE_INTTYPES_H=1 -DHAVE_STDINT_H=1 -DHAVE_LOCALE_H=1 -DHAVE_WCHAR_H=1 -DHAVE_STDARG=1 -DHAVE_SYS_TIME_H=1 -DHAVE_ALLOCA_H=1 -DHAVE_STDINT_H=1 -DHAVE_VA_COPY=1 -DHAVE_SETLOCALE=1 -DHAVE_GETTIMEOFDAY=1 -DHAVE_LONG_LONG=1 -DHAVE_INTMAX_T=1 -DMPFR_HAVE_INTMAX_MAX=1 -DMPFR_HAVE_FESETROUND=1 -DHAVE_DENORMS=1 -DHAVE_ROUND=1 -DHAVE_TRUNC=1 -DHAVE_FLOOR=1 -DHAVE_CEIL=1 -DHAVE_NEARBYINT=1 -DHAVE_LDOUBLE_IEEE_EXT_LITTLE=1 -DMPFR_USE_THREAD_SAFE=1 -DLT_OBJDIR=\".libs/\" -DHAVE_ATTRIBUTE_MODE=1 -DHAVE___GMPN_ROOTREM=1 -DHAVE___GMPN_SBPI1_DIVAPPR_Q=1 -I. -I../.././../mpfr/mpfr-3.1.1/src -I/home/sparksco/android/toolchain/aosp/build/temp-install/include -Wall -Wmissing-prototypes -Wpointer-arith -g -O2 -MT isnum.lo -MD -MP -MF .deps/isnum.Tpo -c ../.././../mpfr/mpfr-3.1.1/src/isnum.c -o isnum.o
libtool: compile:  gcc-4.7 -DTIME_WITH_SYS_TIME=1 -DHAVE_INTTYPES_H=1 -DHAVE_STDINT_H=1 -DHAVE_LOCALE_H=1 -DHAVE_WCHAR_H=1 -DHAVE_STDARG=1 -DHAVE_SYS_TIME_H=1 -DHAVE_ALLOCA_H=1 -DHAVE_STDINT_H=1 -DHAVE_VA_COPY=1 -DHAVE_SETLOCALE=1 -DHAVE_GETTIMEOFDAY=1 -DHAVE_LONG_LONG=1 -DHAVE_INTMAX_T=1 -DMPFR_HAVE_INTMAX_MAX=1 -DMPFR_HAVE_FESETROUND=1 -DHAVE_DENORMS=1 -DHAVE_ROUND=1 -DHAVE_TRUNC=1 -DHAVE_FLOOR=1 -DHAVE_CEIL=1 -DHAVE_NEARBYINT=1 -DHAVE_LDOUBLE_IEEE_EXT_LITTLE=1 -DMPFR_USE_THREAD_SAFE=1 -DLT_OBJDIR=\".libs/\" -DHAVE_ATTRIBUTE_MODE=1 -DHAVE___GMPN_ROOTREM=1 -DHAVE___GMPN_SBPI1_DIVAPPR_Q=1 -I. -I../.././../mpfr/mpfr-3.1.1/src -I/home/sparksco/android/toolchain/aosp/build/temp-install/include -Wall -Wmissing-prototypes -Wpointer-arith -g -O2 -MT const_log2.lo -MD -MP -MF .deps/const_log2.Tpo -c ../.././../mpfr/mpfr-3.1.1/src/const_log2.c -o const_log2.o
libtool: compile:  gcc-4.7 -DTIME_WITH_SYS_TIME=1 -DHAVE_INTTYPES_H=1 -DHAVE_STDINT_H=1 -DHAVE_LOCALE_H=1 -DHAVE_WCHAR_H=1 -DHAVE_STDARG=1 -DHAVE_SYS_TIME_H=1 -DHAVE_ALLOCA_H=1 -DHAVE_STDINT_H=1 -DHAVE_VA_COPY=1 -DHAVE_SETLOCALE=1 -DHAVE_GETTIMEOFDAY=1 -DHAVE_LONG_LONG=1 -DHAVE_INTMAX_T=1 -DMPFR_HAVE_INTMAX_MAX=1 -DMPFR_HAVE_FESETROUND=1 -DHAVE_DENORMS=1 -DHAVE_ROUND=1 -DHAVE_TRUNC=1 -DHAVE_FLOOR=1 -DHAVE_CEIL=1 -DHAVE_NEARBYINT=1 -DHAVE_LDOUBLE_IEEE_EXT_LITTLE=1 -DMPFR_USE_THREAD_SAFE=1 -DLT_OBJDIR=\".libs/\" -DHAVE_ATTRIBUTE_MODE=1 -DHAVE___GMPN_ROOTREM=1 -DHAVE___GMPN_SBPI1_DIVAPPR_Q=1 -I. -I../.././../mpfr/mpfr-3.1.1/src -I/home/sparksco/android/toolchain/aosp/build/temp-install/include -Wall -Wmissing-prototypes -Wpointer-arith -g -O2 -MT mul_2exp.lo -MD -MP -MF .deps/mul_2exp.Tpo -c ../.././../mpfr/mpfr-3.1.1/src/mul_2exp.c -o mul_2exp.o
yes
libtool: compile:  gcc-4.7 -DTIME_WITH_SYS_TIME=1 -DHAVE_INTTYPES_H=1 -DHAVE_STDINT_H=1 -DHAVE_LOCALE_H=1 -DHAVE_WCHAR_H=1 -DHAVE_STDARG=1 -DHAVE_SYS_TIME_H=1 -DHAVE_ALLOCA_H=1 -DHAVE_STDINT_H=1 -DHAVE_VA_COPY=1 -DHAVE_SETLOCALE=1 -DHAVE_GETTIMEOFDAY=1 -DHAVE_LONG_LONG=1 -DHAVE_INTMAX_T=1 -DMPFR_HAVE_INTMAX_MAX=1 -DMPFR_HAVE_FESETROUND=1 -DHAVE_DENORMS=1 -DHAVE_ROUND=1 -DHAVE_TRUNC=1 -DHAVE_FLOOR=1 -DHAVE_CEIL=1 -DHAVE_NEARBYINT=1 -DHAVE_LDOUBLE_IEEE_EXT_LITTLE=1 -DMPFR_USE_THREAD_SAFE=1 -DLT_OBJDIR=\".libs/\" -DHAVE_ATTRIBUTE_MODE=1 -DHAVE___GMPN_ROOTREM=1 -DHAVE___GMPN_SBPI1_DIVAPPR_Q=1 -I. -I../.././../mpfr/mpfr-3.1.1/src -I/home/sparksco/android/toolchain/aosp/build/temp-install/include -Wall -Wmissing-prototypes -Wpointer-arith -g -O2 -MT mul_2si.lo -MD -MP -MF .deps/mul_2si.Tpo -c ../.././../mpfr/mpfr-3.1.1/src/mul_2si.c -o mul_2si.o
libtool: compile:  gcc-4.7 -DTIME_WITH_SYS_TIME=1 -DHAVE_INTTYPES_H=1 -DHAVE_STDINT_H=1 -DHAVE_LOCALE_H=1 -DHAVE_WCHAR_H=1 -DHAVE_STDARG=1 -DHAVE_SYS_TIME_H=1 -DHAVE_ALLOCA_H=1 -DHAVE_STDINT_H=1 -DHAVE_VA_COPY=1 -DHAVE_SETLOCALE=1 -DHAVE_GETTIMEOFDAY=1 -DHAVE_LONG_LONG=1 -DHAVE_INTMAX_T=1 -DMPFR_HAVE_INTMAX_MAX=1 -DMPFR_HAVE_FESETROUND=1 -DHAVE_DENORMS=1 -DHAVE_ROUND=1 -DHAVE_TRUNC=1 -DHAVE_FLOOR=1 -DHAVE_CEIL=1 -DHAVE_NEARBYINT=1 -DHAVE_LDOUBLE_IEEE_EXT_LITTLE=1 -DMPFR_USE_THREAD_SAFE=1 -DLT_OBJDIR=\".libs/\" -DHAVE_ATTRIBUTE_MODE=1 -DHAVE___GMPN_ROOTREM=1 -DHAVE___GMPN_SBPI1_DIVAPPR_Q=1 -I. -I../.././../mpfr/mpfr-3.1.1/src -I/home/sparksco/android/toolchain/aosp/build/temp-install/include -Wall -Wmissing-prototypes -Wpointer-arith -g -O2 -MT modf.lo -MD -MP -MF .deps/modf.Tpo -c ../.././../mpfr/mpfr-3.1.1/src/modf.c -o modf.o
mv -f .deps/isinf.Tpo .deps/isinf.Plo
checking whether wcpncpy is declared without a macro... mv -f .deps/isnan.Tpo .deps/isnan.Plo
/bin/bash ../libtool --tag=CC   --mode=compile gcc-4.7 -DTIME_WITH_SYS_TIME=1 -DHAVE_INTTYPES_H=1 -DHAVE_STDINT_H=1 -DHAVE_LOCALE_H=1 -DHAVE_WCHAR_H=1 -DHAVE_STDARG=1 -DHAVE_SYS_TIME_H=1 -DHAVE_ALLOCA_H=1 -DHAVE_STDINT_H=1 -DHAVE_VA_COPY=1 -DHAVE_SETLOCALE=1 -DHAVE_GETTIMEOFDAY=1 -DHAVE_LONG_LONG=1 -DHAVE_INTMAX_T=1 -DMPFR_HAVE_INTMAX_MAX=1 -DMPFR_HAVE_FESETROUND=1 -DHAVE_DENORMS=1 -DHAVE_ROUND=1 -DHAVE_TRUNC=1 -DHAVE_FLOOR=1 -DHAVE_CEIL=1 -DHAVE_NEARBYINT=1 -DHAVE_LDOUBLE_IEEE_EXT_LITTLE=1 -DMPFR_USE_THREAD_SAFE=1 -DLT_OBJDIR=\".libs/\" -DHAVE_ATTRIBUTE_MODE=1 -DHAVE___GMPN_ROOTREM=1 -DHAVE___GMPN_SBPI1_DIVAPPR_Q=1 -I. -I../.././../mpfr/mpfr-3.1.1/src   -I/home/sparksco/android/toolchain/aosp/build/temp-install/include  -Wall -Wmissing-prototypes -Wpointer-arith -g -O2 -MT mul_2ui.lo -MD -MP -MF .deps/mul_2ui.Tpo -c -o mul_2ui.lo ../.././../mpfr/mpfr-3.1.1/src/mul_2ui.c
/bin/bash ../libtool --tag=CC   --mode=compile gcc-4.7 -DTIME_WITH_SYS_TIME=1 -DHAVE_INTTYPES_H=1 -DHAVE_STDINT_H=1 -DHAVE_LOCALE_H=1 -DHAVE_WCHAR_H=1 -DHAVE_STDARG=1 -DHAVE_SYS_TIME_H=1 -DHAVE_ALLOCA_H=1 -DHAVE_STDINT_H=1 -DHAVE_VA_COPY=1 -DHAVE_SETLOCALE=1 -DHAVE_GETTIMEOFDAY=1 -DHAVE_LONG_LONG=1 -DHAVE_INTMAX_T=1 -DMPFR_HAVE_INTMAX_MAX=1 -DMPFR_HAVE_FESETROUND=1 -DHAVE_DENORMS=1 -DHAVE_ROUND=1 -DHAVE_TRUNC=1 -DHAVE_FLOOR=1 -DHAVE_CEIL=1 -DHAVE_NEARBYINT=1 -DHAVE_LDOUBLE_IEEE_EXT_LITTLE=1 -DMPFR_USE_THREAD_SAFE=1 -DLT_OBJDIR=\".libs/\" -DHAVE_ATTRIBUTE_MODE=1 -DHAVE___GMPN_ROOTREM=1 -DHAVE___GMPN_SBPI1_DIVAPPR_Q=1 -I. -I../.././../mpfr/mpfr-3.1.1/src   -I/home/sparksco/android/toolchain/aosp/build/temp-install/include  -Wall -Wmissing-prototypes -Wpointer-arith -g -O2 -MT mul.lo -MD -MP -MF .deps/mul.Tpo -c -o mul.lo ../.././../mpfr/mpfr-3.1.1/src/mul.c
mv -f .deps/mul_2exp.Tpo .deps/mul_2exp.Plo
yes
/bin/bash ../libtool --tag=CC   --mode=compile gcc-4.7 -DTIME_WITH_SYS_TIME=1 -DHAVE_INTTYPES_H=1 -DHAVE_STDINT_H=1 -DHAVE_LOCALE_H=1 -DHAVE_WCHAR_H=1 -DHAVE_STDARG=1 -DHAVE_SYS_TIME_H=1 -DHAVE_ALLOCA_H=1 -DHAVE_STDINT_H=1 -DHAVE_VA_COPY=1 -DHAVE_SETLOCALE=1 -DHAVE_GETTIMEOFDAY=1 -DHAVE_LONG_LONG=1 -DHAVE_INTMAX_T=1 -DMPFR_HAVE_INTMAX_MAX=1 -DMPFR_HAVE_FESETROUND=1 -DHAVE_DENORMS=1 -DHAVE_ROUND=1 -DHAVE_TRUNC=1 -DHAVE_FLOOR=1 -DHAVE_CEIL=1 -DHAVE_NEARBYINT=1 -DHAVE_LDOUBLE_IEEE_EXT_LITTLE=1 -DMPFR_USE_THREAD_SAFE=1 -DLT_OBJDIR=\".libs/\" -DHAVE_ATTRIBUTE_MODE=1 -DHAVE___GMPN_ROOTREM=1 -DHAVE___GMPN_SBPI1_DIVAPPR_Q=1 -I. -I../.././../mpfr/mpfr-3.1.1/src   -I/home/sparksco/android/toolchain/aosp/build/temp-install/include  -Wall -Wmissing-prototypes -Wpointer-arith -g -O2 -MT mul_ui.lo -MD -MP -MF .deps/mul_ui.Tpo -c -o mul_ui.lo ../.././../mpfr/mpfr-3.1.1/src/mul_ui.c
mv -f .deps/isnum.Tpo .deps/isnum.Plo
checking whether wcscat is declared without a macro... /bin/bash ../libtool --tag=CC   --mode=compile gcc-4.7 -DTIME_WITH_SYS_TIME=1 -DHAVE_INTTYPES_H=1 -DHAVE_STDINT_H=1 -DHAVE_LOCALE_H=1 -DHAVE_WCHAR_H=1 -DHAVE_STDARG=1 -DHAVE_SYS_TIME_H=1 -DHAVE_ALLOCA_H=1 -DHAVE_STDINT_H=1 -DHAVE_VA_COPY=1 -DHAVE_SETLOCALE=1 -DHAVE_GETTIMEOFDAY=1 -DHAVE_LONG_LONG=1 -DHAVE_INTMAX_T=1 -DMPFR_HAVE_INTMAX_MAX=1 -DMPFR_HAVE_FESETROUND=1 -DHAVE_DENORMS=1 -DHAVE_ROUND=1 -DHAVE_TRUNC=1 -DHAVE_FLOOR=1 -DHAVE_CEIL=1 -DHAVE_NEARBYINT=1 -DHAVE_LDOUBLE_IEEE_EXT_LITTLE=1 -DMPFR_USE_THREAD_SAFE=1 -DLT_OBJDIR=\".libs/\" -DHAVE_ATTRIBUTE_MODE=1 -DHAVE___GMPN_ROOTREM=1 -DHAVE___GMPN_SBPI1_DIVAPPR_Q=1 -I. -I../.././../mpfr/mpfr-3.1.1/src   -I/home/sparksco/android/toolchain/aosp/build/temp-install/include  -Wall -Wmissing-prototypes -Wpointer-arith -g -O2 -MT neg.lo -MD -MP -MF .deps/neg.Tpo -c -o neg.lo ../.././../mpfr/mpfr-3.1.1/src/neg.c
libtool: compile:  gcc-4.7 -DTIME_WITH_SYS_TIME=1 -DHAVE_INTTYPES_H=1 -DHAVE_STDINT_H=1 -DHAVE_LOCALE_H=1 -DHAVE_WCHAR_H=1 -DHAVE_STDARG=1 -DHAVE_SYS_TIME_H=1 -DHAVE_ALLOCA_H=1 -DHAVE_STDINT_H=1 -DHAVE_VA_COPY=1 -DHAVE_SETLOCALE=1 -DHAVE_GETTIMEOFDAY=1 -DHAVE_LONG_LONG=1 -DHAVE_INTMAX_T=1 -DMPFR_HAVE_INTMAX_MAX=1 -DMPFR_HAVE_FESETROUND=1 -DHAVE_DENORMS=1 -DHAVE_ROUND=1 -DHAVE_TRUNC=1 -DHAVE_FLOOR=1 -DHAVE_CEIL=1 -DHAVE_NEARBYINT=1 -DHAVE_LDOUBLE_IEEE_EXT_LITTLE=1 -DMPFR_USE_THREAD_SAFE=1 -DLT_OBJDIR=\".libs/\" -DHAVE_ATTRIBUTE_MODE=1 -DHAVE___GMPN_ROOTREM=1 -DHAVE___GMPN_SBPI1_DIVAPPR_Q=1 -I. -I../.././../mpfr/mpfr-3.1.1/src -I/home/sparksco/android/toolchain/aosp/build/temp-install/include -Wall -Wmissing-prototypes -Wpointer-arith -g -O2 -MT mul.lo -MD -MP -MF .deps/mul.Tpo -c ../.././../mpfr/mpfr-3.1.1/src/mul.c -o mul.o
libtool: compile:  gcc-4.7 -DTIME_WITH_SYS_TIME=1 -DHAVE_INTTYPES_H=1 -DHAVE_STDINT_H=1 -DHAVE_LOCALE_H=1 -DHAVE_WCHAR_H=1 -DHAVE_STDARG=1 -DHAVE_SYS_TIME_H=1 -DHAVE_ALLOCA_H=1 -DHAVE_STDINT_H=1 -DHAVE_VA_COPY=1 -DHAVE_SETLOCALE=1 -DHAVE_GETTIMEOFDAY=1 -DHAVE_LONG_LONG=1 -DHAVE_INTMAX_T=1 -DMPFR_HAVE_INTMAX_MAX=1 -DMPFR_HAVE_FESETROUND=1 -DHAVE_DENORMS=1 -DHAVE_ROUND=1 -DHAVE_TRUNC=1 -DHAVE_FLOOR=1 -DHAVE_CEIL=1 -DHAVE_NEARBYINT=1 -DHAVE_LDOUBLE_IEEE_EXT_LITTLE=1 -DMPFR_USE_THREAD_SAFE=1 -DLT_OBJDIR=\".libs/\" -DHAVE_ATTRIBUTE_MODE=1 -DHAVE___GMPN_ROOTREM=1 -DHAVE___GMPN_SBPI1_DIVAPPR_Q=1 -I. -I../.././../mpfr/mpfr-3.1.1/src -I/home/sparksco/android/toolchain/aosp/build/temp-install/include -Wall -Wmissing-prototypes -Wpointer-arith -g -O2 -MT mul_2ui.lo -MD -MP -MF .deps/mul_2ui.Tpo -c ../.././../mpfr/mpfr-3.1.1/src/mul_2ui.c -o mul_2ui.o
mv -f .deps/modf.Tpo .deps/modf.Plo
libtool: compile:  gcc-4.7 -DTIME_WITH_SYS_TIME=1 -DHAVE_INTTYPES_H=1 -DHAVE_STDINT_H=1 -DHAVE_LOCALE_H=1 -DHAVE_WCHAR_H=1 -DHAVE_STDARG=1 -DHAVE_SYS_TIME_H=1 -DHAVE_ALLOCA_H=1 -DHAVE_STDINT_H=1 -DHAVE_VA_COPY=1 -DHAVE_SETLOCALE=1 -DHAVE_GETTIMEOFDAY=1 -DHAVE_LONG_LONG=1 -DHAVE_INTMAX_T=1 -DMPFR_HAVE_INTMAX_MAX=1 -DMPFR_HAVE_FESETROUND=1 -DHAVE_DENORMS=1 -DHAVE_ROUND=1 -DHAVE_TRUNC=1 -DHAVE_FLOOR=1 -DHAVE_CEIL=1 -DHAVE_NEARBYINT=1 -DHAVE_LDOUBLE_IEEE_EXT_LITTLE=1 -DMPFR_USE_THREAD_SAFE=1 -DLT_OBJDIR=\".libs/\" -DHAVE_ATTRIBUTE_MODE=1 -DHAVE___GMPN_ROOTREM=1 -DHAVE___GMPN_SBPI1_DIVAPPR_Q=1 -I. -I../.././../mpfr/mpfr-3.1.1/src -I/home/sparksco/android/toolchain/aosp/build/temp-install/include -Wall -Wmissing-prototypes -Wpointer-arith -g -O2 -MT mul_ui.lo -MD -MP -MF .deps/mul_ui.Tpo -c ../.././../mpfr/mpfr-3.1.1/src/mul_ui.c -o mul_ui.o
mv -f .deps/log.Tpo .deps/log.Plo
/bin/bash ../libtool --tag=CC   --mode=compile gcc-4.7 -DTIME_WITH_SYS_TIME=1 -DHAVE_INTTYPES_H=1 -DHAVE_STDINT_H=1 -DHAVE_LOCALE_H=1 -DHAVE_WCHAR_H=1 -DHAVE_STDARG=1 -DHAVE_SYS_TIME_H=1 -DHAVE_ALLOCA_H=1 -DHAVE_STDINT_H=1 -DHAVE_VA_COPY=1 -DHAVE_SETLOCALE=1 -DHAVE_GETTIMEOFDAY=1 -DHAVE_LONG_LONG=1 -DHAVE_INTMAX_T=1 -DMPFR_HAVE_INTMAX_MAX=1 -DMPFR_HAVE_FESETROUND=1 -DHAVE_DENORMS=1 -DHAVE_ROUND=1 -DHAVE_TRUNC=1 -DHAVE_FLOOR=1 -DHAVE_CEIL=1 -DHAVE_NEARBYINT=1 -DHAVE_LDOUBLE_IEEE_EXT_LITTLE=1 -DMPFR_USE_THREAD_SAFE=1 -DLT_OBJDIR=\".libs/\" -DHAVE_ATTRIBUTE_MODE=1 -DHAVE___GMPN_ROOTREM=1 -DHAVE___GMPN_SBPI1_DIVAPPR_Q=1 -I. -I../.././../mpfr/mpfr-3.1.1/src   -I/home/sparksco/android/toolchain/aosp/build/temp-install/include  -Wall -Wmissing-prototypes -Wpointer-arith -g -O2 -MT next.lo -MD -MP -MF .deps/next.Tpo -c -o next.lo ../.././../mpfr/mpfr-3.1.1/src/next.c
/bin/bash ../libtool --tag=CC   --mode=compile gcc-4.7 -DTIME_WITH_SYS_TIME=1 -DHAVE_INTTYPES_H=1 -DHAVE_STDINT_H=1 -DHAVE_LOCALE_H=1 -DHAVE_WCHAR_H=1 -DHAVE_STDARG=1 -DHAVE_SYS_TIME_H=1 -DHAVE_ALLOCA_H=1 -DHAVE_STDINT_H=1 -DHAVE_VA_COPY=1 -DHAVE_SETLOCALE=1 -DHAVE_GETTIMEOFDAY=1 -DHAVE_LONG_LONG=1 -DHAVE_INTMAX_T=1 -DMPFR_HAVE_INTMAX_MAX=1 -DMPFR_HAVE_FESETROUND=1 -DHAVE_DENORMS=1 -DHAVE_ROUND=1 -DHAVE_TRUNC=1 -DHAVE_FLOOR=1 -DHAVE_CEIL=1 -DHAVE_NEARBYINT=1 -DHAVE_LDOUBLE_IEEE_EXT_LITTLE=1 -DMPFR_USE_THREAD_SAFE=1 -DLT_OBJDIR=\".libs/\" -DHAVE_ATTRIBUTE_MODE=1 -DHAVE___GMPN_ROOTREM=1 -DHAVE___GMPN_SBPI1_DIVAPPR_Q=1 -I. -I../.././../mpfr/mpfr-3.1.1/src   -I/home/sparksco/android/toolchain/aosp/build/temp-install/include  -Wall -Wmissing-prototypes -Wpointer-arith -g -O2 -MT out_str.lo -MD -MP -MF .deps/out_str.Tpo -c -o out_str.lo ../.././../mpfr/mpfr-3.1.1/src/out_str.c
mv -f .deps/get_str.Tpo .deps/get_str.Plo
libtool: compile:  gcc-4.7 -DTIME_WITH_SYS_TIME=1 -DHAVE_INTTYPES_H=1 -DHAVE_STDINT_H=1 -DHAVE_LOCALE_H=1 -DHAVE_WCHAR_H=1 -DHAVE_STDARG=1 -DHAVE_SYS_TIME_H=1 -DHAVE_ALLOCA_H=1 -DHAVE_STDINT_H=1 -DHAVE_VA_COPY=1 -DHAVE_SETLOCALE=1 -DHAVE_GETTIMEOFDAY=1 -DHAVE_LONG_LONG=1 -DHAVE_INTMAX_T=1 -DMPFR_HAVE_INTMAX_MAX=1 -DMPFR_HAVE_FESETROUND=1 -DHAVE_DENORMS=1 -DHAVE_ROUND=1 -DHAVE_TRUNC=1 -DHAVE_FLOOR=1 -DHAVE_CEIL=1 -DHAVE_NEARBYINT=1 -DHAVE_LDOUBLE_IEEE_EXT_LITTLE=1 -DMPFR_USE_THREAD_SAFE=1 -DLT_OBJDIR=\".libs/\" -DHAVE_ATTRIBUTE_MODE=1 -DHAVE___GMPN_ROOTREM=1 -DHAVE___GMPN_SBPI1_DIVAPPR_Q=1 -I. -I../.././../mpfr/mpfr-3.1.1/src -I/home/sparksco/android/toolchain/aosp/build/temp-install/include -Wall -Wmissing-prototypes -Wpointer-arith -g -O2 -MT neg.lo -MD -MP -MF .deps/neg.Tpo -c ../.././../mpfr/mpfr-3.1.1/src/neg.c -o neg.o
yes
/bin/bash ../libtool --tag=CC   --mode=compile gcc-4.7 -DTIME_WITH_SYS_TIME=1 -DHAVE_INTTYPES_H=1 -DHAVE_STDINT_H=1 -DHAVE_LOCALE_H=1 -DHAVE_WCHAR_H=1 -DHAVE_STDARG=1 -DHAVE_SYS_TIME_H=1 -DHAVE_ALLOCA_H=1 -DHAVE_STDINT_H=1 -DHAVE_VA_COPY=1 -DHAVE_SETLOCALE=1 -DHAVE_GETTIMEOFDAY=1 -DHAVE_LONG_LONG=1 -DHAVE_INTMAX_T=1 -DMPFR_HAVE_INTMAX_MAX=1 -DMPFR_HAVE_FESETROUND=1 -DHAVE_DENORMS=1 -DHAVE_ROUND=1 -DHAVE_TRUNC=1 -DHAVE_FLOOR=1 -DHAVE_CEIL=1 -DHAVE_NEARBYINT=1 -DHAVE_LDOUBLE_IEEE_EXT_LITTLE=1 -DMPFR_USE_THREAD_SAFE=1 -DLT_OBJDIR=\".libs/\" -DHAVE_ATTRIBUTE_MODE=1 -DHAVE___GMPN_ROOTREM=1 -DHAVE___GMPN_SBPI1_DIVAPPR_Q=1 -I. -I../.././../mpfr/mpfr-3.1.1/src   -I/home/sparksco/android/toolchain/aosp/build/temp-install/include  -Wall -Wmissing-prototypes -Wpointer-arith -g -O2 -MT printf.lo -MD -MP -MF .deps/printf.Tpo -c -o printf.lo ../.././../mpfr/mpfr-3.1.1/src/printf.c
checking whether wcsncat is declared without a macro... mv -f .deps/const_log2.Tpo .deps/const_log2.Plo
mv -f .deps/mul_2si.Tpo .deps/mul_2si.Plo
/bin/bash ../libtool --tag=CC   --mode=compile gcc-4.7 -DTIME_WITH_SYS_TIME=1 -DHAVE_INTTYPES_H=1 -DHAVE_STDINT_H=1 -DHAVE_LOCALE_H=1 -DHAVE_WCHAR_H=1 -DHAVE_STDARG=1 -DHAVE_SYS_TIME_H=1 -DHAVE_ALLOCA_H=1 -DHAVE_STDINT_H=1 -DHAVE_VA_COPY=1 -DHAVE_SETLOCALE=1 -DHAVE_GETTIMEOFDAY=1 -DHAVE_LONG_LONG=1 -DHAVE_INTMAX_T=1 -DMPFR_HAVE_INTMAX_MAX=1 -DMPFR_HAVE_FESETROUND=1 -DHAVE_DENORMS=1 -DHAVE_ROUND=1 -DHAVE_TRUNC=1 -DHAVE_FLOOR=1 -DHAVE_CEIL=1 -DHAVE_NEARBYINT=1 -DHAVE_LDOUBLE_IEEE_EXT_LITTLE=1 -DMPFR_USE_THREAD_SAFE=1 -DLT_OBJDIR=\".libs/\" -DHAVE_ATTRIBUTE_MODE=1 -DHAVE___GMPN_ROOTREM=1 -DHAVE___GMPN_SBPI1_DIVAPPR_Q=1 -I. -I../.././../mpfr/mpfr-3.1.1/src   -I/home/sparksco/android/toolchain/aosp/build/temp-install/include  -Wall -Wmissing-prototypes -Wpointer-arith -g -O2 -MT vasprintf.lo -MD -MP -MF .deps/vasprintf.Tpo -c -o vasprintf.lo ../.././../mpfr/mpfr-3.1.1/src/vasprintf.c
/bin/bash ../libtool --tag=CC   --mode=compile gcc-4.7 -DTIME_WITH_SYS_TIME=1 -DHAVE_INTTYPES_H=1 -DHAVE_STDINT_H=1 -DHAVE_LOCALE_H=1 -DHAVE_WCHAR_H=1 -DHAVE_STDARG=1 -DHAVE_SYS_TIME_H=1 -DHAVE_ALLOCA_H=1 -DHAVE_STDINT_H=1 -DHAVE_VA_COPY=1 -DHAVE_SETLOCALE=1 -DHAVE_GETTIMEOFDAY=1 -DHAVE_LONG_LONG=1 -DHAVE_INTMAX_T=1 -DMPFR_HAVE_INTMAX_MAX=1 -DMPFR_HAVE_FESETROUND=1 -DHAVE_DENORMS=1 -DHAVE_ROUND=1 -DHAVE_TRUNC=1 -DHAVE_FLOOR=1 -DHAVE_CEIL=1 -DHAVE_NEARBYINT=1 -DHAVE_LDOUBLE_IEEE_EXT_LITTLE=1 -DMPFR_USE_THREAD_SAFE=1 -DLT_OBJDIR=\".libs/\" -DHAVE_ATTRIBUTE_MODE=1 -DHAVE___GMPN_ROOTREM=1 -DHAVE___GMPN_SBPI1_DIVAPPR_Q=1 -I. -I../.././../mpfr/mpfr-3.1.1/src   -I/home/sparksco/android/toolchain/aosp/build/temp-install/include  -Wall -Wmissing-prototypes -Wpointer-arith -g -O2 -MT const_pi.lo -MD -MP -MF .deps/const_pi.Tpo -c -o const_pi.lo ../.././../mpfr/mpfr-3.1.1/src/const_pi.c
libtool: compile:  gcc-4.7 -DTIME_WITH_SYS_TIME=1 -DHAVE_INTTYPES_H=1 -DHAVE_STDINT_H=1 -DHAVE_LOCALE_H=1 -DHAVE_WCHAR_H=1 -DHAVE_STDARG=1 -DHAVE_SYS_TIME_H=1 -DHAVE_ALLOCA_H=1 -DHAVE_STDINT_H=1 -DHAVE_VA_COPY=1 -DHAVE_SETLOCALE=1 -DHAVE_GETTIMEOFDAY=1 -DHAVE_LONG_LONG=1 -DHAVE_INTMAX_T=1 -DMPFR_HAVE_INTMAX_MAX=1 -DMPFR_HAVE_FESETROUND=1 -DHAVE_DENORMS=1 -DHAVE_ROUND=1 -DHAVE_TRUNC=1 -DHAVE_FLOOR=1 -DHAVE_CEIL=1 -DHAVE_NEARBYINT=1 -DHAVE_LDOUBLE_IEEE_EXT_LITTLE=1 -DMPFR_USE_THREAD_SAFE=1 -DLT_OBJDIR=\".libs/\" -DHAVE_ATTRIBUTE_MODE=1 -DHAVE___GMPN_ROOTREM=1 -DHAVE___GMPN_SBPI1_DIVAPPR_Q=1 -I. -I../.././../mpfr/mpfr-3.1.1/src -I/home/sparksco/android/toolchain/aosp/build/temp-install/include -Wall -Wmissing-prototypes -Wpointer-arith -g -O2 -MT out_str.lo -MD -MP -MF .deps/out_str.Tpo -c ../.././../mpfr/mpfr-3.1.1/src/out_str.c -o out_str.o
libtool: compile:  gcc-4.7 -DTIME_WITH_SYS_TIME=1 -DHAVE_INTTYPES_H=1 -DHAVE_STDINT_H=1 -DHAVE_LOCALE_H=1 -DHAVE_WCHAR_H=1 -DHAVE_STDARG=1 -DHAVE_SYS_TIME_H=1 -DHAVE_ALLOCA_H=1 -DHAVE_STDINT_H=1 -DHAVE_VA_COPY=1 -DHAVE_SETLOCALE=1 -DHAVE_GETTIMEOFDAY=1 -DHAVE_LONG_LONG=1 -DHAVE_INTMAX_T=1 -DMPFR_HAVE_INTMAX_MAX=1 -DMPFR_HAVE_FESETROUND=1 -DHAVE_DENORMS=1 -DHAVE_ROUND=1 -DHAVE_TRUNC=1 -DHAVE_FLOOR=1 -DHAVE_CEIL=1 -DHAVE_NEARBYINT=1 -DHAVE_LDOUBLE_IEEE_EXT_LITTLE=1 -DMPFR_USE_THREAD_SAFE=1 -DLT_OBJDIR=\".libs/\" -DHAVE_ATTRIBUTE_MODE=1 -DHAVE___GMPN_ROOTREM=1 -DHAVE___GMPN_SBPI1_DIVAPPR_Q=1 -I. -I../.././../mpfr/mpfr-3.1.1/src -I/home/sparksco/android/toolchain/aosp/build/temp-install/include -Wall -Wmissing-prototypes -Wpointer-arith -g -O2 -MT next.lo -MD -MP -MF .deps/next.Tpo -c ../.././../mpfr/mpfr-3.1.1/src/next.c -o next.o
libtool: compile:  gcc-4.7 -DTIME_WITH_SYS_TIME=1 -DHAVE_INTTYPES_H=1 -DHAVE_STDINT_H=1 -DHAVE_LOCALE_H=1 -DHAVE_WCHAR_H=1 -DHAVE_STDARG=1 -DHAVE_SYS_TIME_H=1 -DHAVE_ALLOCA_H=1 -DHAVE_STDINT_H=1 -DHAVE_VA_COPY=1 -DHAVE_SETLOCALE=1 -DHAVE_GETTIMEOFDAY=1 -DHAVE_LONG_LONG=1 -DHAVE_INTMAX_T=1 -DMPFR_HAVE_INTMAX_MAX=1 -DMPFR_HAVE_FESETROUND=1 -DHAVE_DENORMS=1 -DHAVE_ROUND=1 -DHAVE_TRUNC=1 -DHAVE_FLOOR=1 -DHAVE_CEIL=1 -DHAVE_NEARBYINT=1 -DHAVE_LDOUBLE_IEEE_EXT_LITTLE=1 -DMPFR_USE_THREAD_SAFE=1 -DLT_OBJDIR=\".libs/\" -DHAVE_ATTRIBUTE_MODE=1 -DHAVE___GMPN_ROOTREM=1 -DHAVE___GMPN_SBPI1_DIVAPPR_Q=1 -I. -I../.././../mpfr/mpfr-3.1.1/src -I/home/sparksco/android/toolchain/aosp/build/temp-install/include -Wall -Wmissing-prototypes -Wpointer-arith -g -O2 -MT printf.lo -MD -MP -MF .deps/printf.Tpo -c ../.././../mpfr/mpfr-3.1.1/src/printf.c -o printf.o
libtool: compile:  gcc-4.7 -DTIME_WITH_SYS_TIME=1 -DHAVE_INTTYPES_H=1 -DHAVE_STDINT_H=1 -DHAVE_LOCALE_H=1 -DHAVE_WCHAR_H=1 -DHAVE_STDARG=1 -DHAVE_SYS_TIME_H=1 -DHAVE_ALLOCA_H=1 -DHAVE_STDINT_H=1 -DHAVE_VA_COPY=1 -DHAVE_SETLOCALE=1 -DHAVE_GETTIMEOFDAY=1 -DHAVE_LONG_LONG=1 -DHAVE_INTMAX_T=1 -DMPFR_HAVE_INTMAX_MAX=1 -DMPFR_HAVE_FESETROUND=1 -DHAVE_DENORMS=1 -DHAVE_ROUND=1 -DHAVE_TRUNC=1 -DHAVE_FLOOR=1 -DHAVE_CEIL=1 -DHAVE_NEARBYINT=1 -DHAVE_LDOUBLE_IEEE_EXT_LITTLE=1 -DMPFR_USE_THREAD_SAFE=1 -DLT_OBJDIR=\".libs/\" -DHAVE_ATTRIBUTE_MODE=1 -DHAVE___GMPN_ROOTREM=1 -DHAVE___GMPN_SBPI1_DIVAPPR_Q=1 -I. -I../.././../mpfr/mpfr-3.1.1/src -I/home/sparksco/android/toolchain/aosp/build/temp-install/include -Wall -Wmissing-prototypes -Wpointer-arith -g -O2 -MT const_pi.lo -MD -MP -MF .deps/const_pi.Tpo -c ../.././../mpfr/mpfr-3.1.1/src/const_pi.c -o const_pi.o
mv -f .deps/mul_2ui.Tpo .deps/mul_2ui.Plo
/bin/bash ../libtool --tag=CC   --mode=compile gcc-4.7 -DTIME_WITH_SYS_TIME=1 -DHAVE_INTTYPES_H=1 -DHAVE_STDINT_H=1 -DHAVE_LOCALE_H=1 -DHAVE_WCHAR_H=1 -DHAVE_STDARG=1 -DHAVE_SYS_TIME_H=1 -DHAVE_ALLOCA_H=1 -DHAVE_STDINT_H=1 -DHAVE_VA_COPY=1 -DHAVE_SETLOCALE=1 -DHAVE_GETTIMEOFDAY=1 -DHAVE_LONG_LONG=1 -DHAVE_INTMAX_T=1 -DMPFR_HAVE_INTMAX_MAX=1 -DMPFR_HAVE_FESETROUND=1 -DHAVE_DENORMS=1 -DHAVE_ROUND=1 -DHAVE_TRUNC=1 -DHAVE_FLOOR=1 -DHAVE_CEIL=1 -DHAVE_NEARBYINT=1 -DHAVE_LDOUBLE_IEEE_EXT_LITTLE=1 -DMPFR_USE_THREAD_SAFE=1 -DLT_OBJDIR=\".libs/\" -DHAVE_ATTRIBUTE_MODE=1 -DHAVE___GMPN_ROOTREM=1 -DHAVE___GMPN_SBPI1_DIVAPPR_Q=1 -I. -I../.././../mpfr/mpfr-3.1.1/src   -I/home/sparksco/android/toolchain/aosp/build/temp-install/include  -Wall -Wmissing-prototypes -Wpointer-arith -g -O2 -MT pow.lo -MD -MP -MF .deps/pow.Tpo -c -o pow.lo ../.././../mpfr/mpfr-3.1.1/src/pow.c
libtool: compile:  gcc-4.7 -DTIME_WITH_SYS_TIME=1 -DHAVE_INTTYPES_H=1 -DHAVE_STDINT_H=1 -DHAVE_LOCALE_H=1 -DHAVE_WCHAR_H=1 -DHAVE_STDARG=1 -DHAVE_SYS_TIME_H=1 -DHAVE_ALLOCA_H=1 -DHAVE_STDINT_H=1 -DHAVE_VA_COPY=1 -DHAVE_SETLOCALE=1 -DHAVE_GETTIMEOFDAY=1 -DHAVE_LONG_LONG=1 -DHAVE_INTMAX_T=1 -DMPFR_HAVE_INTMAX_MAX=1 -DMPFR_HAVE_FESETROUND=1 -DHAVE_DENORMS=1 -DHAVE_ROUND=1 -DHAVE_TRUNC=1 -DHAVE_FLOOR=1 -DHAVE_CEIL=1 -DHAVE_NEARBYINT=1 -DHAVE_LDOUBLE_IEEE_EXT_LITTLE=1 -DMPFR_USE_THREAD_SAFE=1 -DLT_OBJDIR=\".libs/\" -DHAVE_ATTRIBUTE_MODE=1 -DHAVE___GMPN_ROOTREM=1 -DHAVE___GMPN_SBPI1_DIVAPPR_Q=1 -I. -I../.././../mpfr/mpfr-3.1.1/src -I/home/sparksco/android/toolchain/aosp/build/temp-install/include -Wall -Wmissing-prototypes -Wpointer-arith -g -O2 -MT vasprintf.lo -MD -MP -MF .deps/vasprintf.Tpo -c ../.././../mpfr/mpfr-3.1.1/src/vasprintf.c -o vasprintf.o
yes
mv -f .deps/neg.Tpo .deps/neg.Plo
checking whether wcscmp is declared without a macro... /bin/bash ../libtool --tag=CC   --mode=compile gcc-4.7 -DTIME_WITH_SYS_TIME=1 -DHAVE_INTTYPES_H=1 -DHAVE_STDINT_H=1 -DHAVE_LOCALE_H=1 -DHAVE_WCHAR_H=1 -DHAVE_STDARG=1 -DHAVE_SYS_TIME_H=1 -DHAVE_ALLOCA_H=1 -DHAVE_STDINT_H=1 -DHAVE_VA_COPY=1 -DHAVE_SETLOCALE=1 -DHAVE_GETTIMEOFDAY=1 -DHAVE_LONG_LONG=1 -DHAVE_INTMAX_T=1 -DMPFR_HAVE_INTMAX_MAX=1 -DMPFR_HAVE_FESETROUND=1 -DHAVE_DENORMS=1 -DHAVE_ROUND=1 -DHAVE_TRUNC=1 -DHAVE_FLOOR=1 -DHAVE_CEIL=1 -DHAVE_NEARBYINT=1 -DHAVE_LDOUBLE_IEEE_EXT_LITTLE=1 -DMPFR_USE_THREAD_SAFE=1 -DLT_OBJDIR=\".libs/\" -DHAVE_ATTRIBUTE_MODE=1 -DHAVE___GMPN_ROOTREM=1 -DHAVE___GMPN_SBPI1_DIVAPPR_Q=1 -I. -I../.././../mpfr/mpfr-3.1.1/src   -I/home/sparksco/android/toolchain/aosp/build/temp-install/include  -Wall -Wmissing-prototypes -Wpointer-arith -g -O2 -MT pow_si.lo -MD -MP -MF .deps/pow_si.Tpo -c -o pow_si.lo ../.././../mpfr/mpfr-3.1.1/src/pow_si.c
mv -f .deps/out_str.Tpo .deps/out_str.Plo
libtool: compile:  gcc-4.7 -DTIME_WITH_SYS_TIME=1 -DHAVE_INTTYPES_H=1 -DHAVE_STDINT_H=1 -DHAVE_LOCALE_H=1 -DHAVE_WCHAR_H=1 -DHAVE_STDARG=1 -DHAVE_SYS_TIME_H=1 -DHAVE_ALLOCA_H=1 -DHAVE_STDINT_H=1 -DHAVE_VA_COPY=1 -DHAVE_SETLOCALE=1 -DHAVE_GETTIMEOFDAY=1 -DHAVE_LONG_LONG=1 -DHAVE_INTMAX_T=1 -DMPFR_HAVE_INTMAX_MAX=1 -DMPFR_HAVE_FESETROUND=1 -DHAVE_DENORMS=1 -DHAVE_ROUND=1 -DHAVE_TRUNC=1 -DHAVE_FLOOR=1 -DHAVE_CEIL=1 -DHAVE_NEARBYINT=1 -DHAVE_LDOUBLE_IEEE_EXT_LITTLE=1 -DMPFR_USE_THREAD_SAFE=1 -DLT_OBJDIR=\".libs/\" -DHAVE_ATTRIBUTE_MODE=1 -DHAVE___GMPN_ROOTREM=1 -DHAVE___GMPN_SBPI1_DIVAPPR_Q=1 -I. -I../.././../mpfr/mpfr-3.1.1/src -I/home/sparksco/android/toolchain/aosp/build/temp-install/include -Wall -Wmissing-prototypes -Wpointer-arith -g -O2 -MT pow.lo -MD -MP -MF .deps/pow.Tpo -c ../.././../mpfr/mpfr-3.1.1/src/pow.c -o pow.o
/bin/bash ../libtool --tag=CC   --mode=compile gcc-4.7 -DTIME_WITH_SYS_TIME=1 -DHAVE_INTTYPES_H=1 -DHAVE_STDINT_H=1 -DHAVE_LOCALE_H=1 -DHAVE_WCHAR_H=1 -DHAVE_STDARG=1 -DHAVE_SYS_TIME_H=1 -DHAVE_ALLOCA_H=1 -DHAVE_STDINT_H=1 -DHAVE_VA_COPY=1 -DHAVE_SETLOCALE=1 -DHAVE_GETTIMEOFDAY=1 -DHAVE_LONG_LONG=1 -DHAVE_INTMAX_T=1 -DMPFR_HAVE_INTMAX_MAX=1 -DMPFR_HAVE_FESETROUND=1 -DHAVE_DENORMS=1 -DHAVE_ROUND=1 -DHAVE_TRUNC=1 -DHAVE_FLOOR=1 -DHAVE_CEIL=1 -DHAVE_NEARBYINT=1 -DHAVE_LDOUBLE_IEEE_EXT_LITTLE=1 -DMPFR_USE_THREAD_SAFE=1 -DLT_OBJDIR=\".libs/\" -DHAVE_ATTRIBUTE_MODE=1 -DHAVE___GMPN_ROOTREM=1 -DHAVE___GMPN_SBPI1_DIVAPPR_Q=1 -I. -I../.././../mpfr/mpfr-3.1.1/src   -I/home/sparksco/android/toolchain/aosp/build/temp-install/include  -Wall -Wmissing-prototypes -Wpointer-arith -g -O2 -MT pow_ui.lo -MD -MP -MF .deps/pow_ui.Tpo -c -o pow_ui.lo ../.././../mpfr/mpfr-3.1.1/src/pow_ui.c
yes
mv -f .deps/next.Tpo .deps/next.Plo
/bin/bash ../libtool --tag=CC   --mode=compile gcc-4.7 -DTIME_WITH_SYS_TIME=1 -DHAVE_INTTYPES_H=1 -DHAVE_STDINT_H=1 -DHAVE_LOCALE_H=1 -DHAVE_WCHAR_H=1 -DHAVE_STDARG=1 -DHAVE_SYS_TIME_H=1 -DHAVE_ALLOCA_H=1 -DHAVE_STDINT_H=1 -DHAVE_VA_COPY=1 -DHAVE_SETLOCALE=1 -DHAVE_GETTIMEOFDAY=1 -DHAVE_LONG_LONG=1 -DHAVE_INTMAX_T=1 -DMPFR_HAVE_INTMAX_MAX=1 -DMPFR_HAVE_FESETROUND=1 -DHAVE_DENORMS=1 -DHAVE_ROUND=1 -DHAVE_TRUNC=1 -DHAVE_FLOOR=1 -DHAVE_CEIL=1 -DHAVE_NEARBYINT=1 -DHAVE_LDOUBLE_IEEE_EXT_LITTLE=1 -DMPFR_USE_THREAD_SAFE=1 -DLT_OBJDIR=\".libs/\" -DHAVE_ATTRIBUTE_MODE=1 -DHAVE___GMPN_ROOTREM=1 -DHAVE___GMPN_SBPI1_DIVAPPR_Q=1 -I. -I../.././../mpfr/mpfr-3.1.1/src   -I/home/sparksco/android/toolchain/aosp/build/temp-install/include  -Wall -Wmissing-prototypes -Wpointer-arith -g -O2 -MT print_raw.lo -MD -MP -MF .deps/print_raw.Tpo -c -o print_raw.lo ../.././../mpfr/mpfr-3.1.1/src/print_raw.c
checking whether wcsncmp is declared without a macro... mv -f .deps/mul_ui.Tpo .deps/mul_ui.Plo
mv -f .deps/const_pi.Tpo .deps/const_pi.Plo
/bin/bash ../libtool --tag=CC   --mode=compile gcc-4.7 -DTIME_WITH_SYS_TIME=1 -DHAVE_INTTYPES_H=1 -DHAVE_STDINT_H=1 -DHAVE_LOCALE_H=1 -DHAVE_WCHAR_H=1 -DHAVE_STDARG=1 -DHAVE_SYS_TIME_H=1 -DHAVE_ALLOCA_H=1 -DHAVE_STDINT_H=1 -DHAVE_VA_COPY=1 -DHAVE_SETLOCALE=1 -DHAVE_GETTIMEOFDAY=1 -DHAVE_LONG_LONG=1 -DHAVE_INTMAX_T=1 -DMPFR_HAVE_INTMAX_MAX=1 -DMPFR_HAVE_FESETROUND=1 -DHAVE_DENORMS=1 -DHAVE_ROUND=1 -DHAVE_TRUNC=1 -DHAVE_FLOOR=1 -DHAVE_CEIL=1 -DHAVE_NEARBYINT=1 -DHAVE_LDOUBLE_IEEE_EXT_LITTLE=1 -DMPFR_USE_THREAD_SAFE=1 -DLT_OBJDIR=\".libs/\" -DHAVE_ATTRIBUTE_MODE=1 -DHAVE___GMPN_ROOTREM=1 -DHAVE___GMPN_SBPI1_DIVAPPR_Q=1 -I. -I../.././../mpfr/mpfr-3.1.1/src   -I/home/sparksco/android/toolchain/aosp/build/temp-install/include  -Wall -Wmissing-prototypes -Wpointer-arith -g -O2 -MT print_rnd_mode.lo -MD -MP -MF .deps/print_rnd_mode.Tpo -c -o print_rnd_mode.lo ../.././../mpfr/mpfr-3.1.1/src/print_rnd_mode.c
libtool: compile:  gcc-4.7 -DTIME_WITH_SYS_TIME=1 -DHAVE_INTTYPES_H=1 -DHAVE_STDINT_H=1 -DHAVE_LOCALE_H=1 -DHAVE_WCHAR_H=1 -DHAVE_STDARG=1 -DHAVE_SYS_TIME_H=1 -DHAVE_ALLOCA_H=1 -DHAVE_STDINT_H=1 -DHAVE_VA_COPY=1 -DHAVE_SETLOCALE=1 -DHAVE_GETTIMEOFDAY=1 -DHAVE_LONG_LONG=1 -DHAVE_INTMAX_T=1 -DMPFR_HAVE_INTMAX_MAX=1 -DMPFR_HAVE_FESETROUND=1 -DHAVE_DENORMS=1 -DHAVE_ROUND=1 -DHAVE_TRUNC=1 -DHAVE_FLOOR=1 -DHAVE_CEIL=1 -DHAVE_NEARBYINT=1 -DHAVE_LDOUBLE_IEEE_EXT_LITTLE=1 -DMPFR_USE_THREAD_SAFE=1 -DLT_OBJDIR=\".libs/\" -DHAVE_ATTRIBUTE_MODE=1 -DHAVE___GMPN_ROOTREM=1 -DHAVE___GMPN_SBPI1_DIVAPPR_Q=1 -I. -I../.././../mpfr/mpfr-3.1.1/src -I/home/sparksco/android/toolchain/aosp/build/temp-install/include -Wall -Wmissing-prototypes -Wpointer-arith -g -O2 -MT pow_si.lo -MD -MP -MF .deps/pow_si.Tpo -c ../.././../mpfr/mpfr-3.1.1/src/pow_si.c -o pow_si.o
/bin/bash ../libtool --tag=CC   --mode=compile gcc-4.7 -DTIME_WITH_SYS_TIME=1 -DHAVE_INTTYPES_H=1 -DHAVE_STDINT_H=1 -DHAVE_LOCALE_H=1 -DHAVE_WCHAR_H=1 -DHAVE_STDARG=1 -DHAVE_SYS_TIME_H=1 -DHAVE_ALLOCA_H=1 -DHAVE_STDINT_H=1 -DHAVE_VA_COPY=1 -DHAVE_SETLOCALE=1 -DHAVE_GETTIMEOFDAY=1 -DHAVE_LONG_LONG=1 -DHAVE_INTMAX_T=1 -DMPFR_HAVE_INTMAX_MAX=1 -DMPFR_HAVE_FESETROUND=1 -DHAVE_DENORMS=1 -DHAVE_ROUND=1 -DHAVE_TRUNC=1 -DHAVE_FLOOR=1 -DHAVE_CEIL=1 -DHAVE_NEARBYINT=1 -DHAVE_LDOUBLE_IEEE_EXT_LITTLE=1 -DMPFR_USE_THREAD_SAFE=1 -DLT_OBJDIR=\".libs/\" -DHAVE_ATTRIBUTE_MODE=1 -DHAVE___GMPN_ROOTREM=1 -DHAVE___GMPN_SBPI1_DIVAPPR_Q=1 -I. -I../.././../mpfr/mpfr-3.1.1/src   -I/home/sparksco/android/toolchain/aosp/build/temp-install/include  -Wall -Wmissing-prototypes -Wpointer-arith -g -O2 -MT reldiff.lo -MD -MP -MF .deps/reldiff.Tpo -c -o reldiff.lo ../.././../mpfr/mpfr-3.1.1/src/reldiff.c
mv -f .deps/printf.Tpo .deps/printf.Plo
libtool: compile:  gcc-4.7 -DTIME_WITH_SYS_TIME=1 -DHAVE_INTTYPES_H=1 -DHAVE_STDINT_H=1 -DHAVE_LOCALE_H=1 -DHAVE_WCHAR_H=1 -DHAVE_STDARG=1 -DHAVE_SYS_TIME_H=1 -DHAVE_ALLOCA_H=1 -DHAVE_STDINT_H=1 -DHAVE_VA_COPY=1 -DHAVE_SETLOCALE=1 -DHAVE_GETTIMEOFDAY=1 -DHAVE_LONG_LONG=1 -DHAVE_INTMAX_T=1 -DMPFR_HAVE_INTMAX_MAX=1 -DMPFR_HAVE_FESETROUND=1 -DHAVE_DENORMS=1 -DHAVE_ROUND=1 -DHAVE_TRUNC=1 -DHAVE_FLOOR=1 -DHAVE_CEIL=1 -DHAVE_NEARBYINT=1 -DHAVE_LDOUBLE_IEEE_EXT_LITTLE=1 -DMPFR_USE_THREAD_SAFE=1 -DLT_OBJDIR=\".libs/\" -DHAVE_ATTRIBUTE_MODE=1 -DHAVE___GMPN_ROOTREM=1 -DHAVE___GMPN_SBPI1_DIVAPPR_Q=1 -I. -I../.././../mpfr/mpfr-3.1.1/src -I/home/sparksco/android/toolchain/aosp/build/temp-install/include -Wall -Wmissing-prototypes -Wpointer-arith -g -O2 -MT pow_ui.lo -MD -MP -MF .deps/pow_ui.Tpo -c ../.././../mpfr/mpfr-3.1.1/src/pow_ui.c -o pow_ui.o
/bin/bash ../libtool --tag=CC   --mode=compile gcc-4.7 -DTIME_WITH_SYS_TIME=1 -DHAVE_INTTYPES_H=1 -DHAVE_STDINT_H=1 -DHAVE_LOCALE_H=1 -DHAVE_WCHAR_H=1 -DHAVE_STDARG=1 -DHAVE_SYS_TIME_H=1 -DHAVE_ALLOCA_H=1 -DHAVE_STDINT_H=1 -DHAVE_VA_COPY=1 -DHAVE_SETLOCALE=1 -DHAVE_GETTIMEOFDAY=1 -DHAVE_LONG_LONG=1 -DHAVE_INTMAX_T=1 -DMPFR_HAVE_INTMAX_MAX=1 -DMPFR_HAVE_FESETROUND=1 -DHAVE_DENORMS=1 -DHAVE_ROUND=1 -DHAVE_TRUNC=1 -DHAVE_FLOOR=1 -DHAVE_CEIL=1 -DHAVE_NEARBYINT=1 -DHAVE_LDOUBLE_IEEE_EXT_LITTLE=1 -DMPFR_USE_THREAD_SAFE=1 -DLT_OBJDIR=\".libs/\" -DHAVE_ATTRIBUTE_MODE=1 -DHAVE___GMPN_ROOTREM=1 -DHAVE___GMPN_SBPI1_DIVAPPR_Q=1 -I. -I../.././../mpfr/mpfr-3.1.1/src   -I/home/sparksco/android/toolchain/aosp/build/temp-install/include  -Wall -Wmissing-prototypes -Wpointer-arith -g -O2 -MT round_prec.lo -MD -MP -MF .deps/round_prec.Tpo -c -o round_prec.lo ../.././../mpfr/mpfr-3.1.1/src/round_prec.c
libtool: compile:  gcc-4.7 -DTIME_WITH_SYS_TIME=1 -DHAVE_INTTYPES_H=1 -DHAVE_STDINT_H=1 -DHAVE_LOCALE_H=1 -DHAVE_WCHAR_H=1 -DHAVE_STDARG=1 -DHAVE_SYS_TIME_H=1 -DHAVE_ALLOCA_H=1 -DHAVE_STDINT_H=1 -DHAVE_VA_COPY=1 -DHAVE_SETLOCALE=1 -DHAVE_GETTIMEOFDAY=1 -DHAVE_LONG_LONG=1 -DHAVE_INTMAX_T=1 -DMPFR_HAVE_INTMAX_MAX=1 -DMPFR_HAVE_FESETROUND=1 -DHAVE_DENORMS=1 -DHAVE_ROUND=1 -DHAVE_TRUNC=1 -DHAVE_FLOOR=1 -DHAVE_CEIL=1 -DHAVE_NEARBYINT=1 -DHAVE_LDOUBLE_IEEE_EXT_LITTLE=1 -DMPFR_USE_THREAD_SAFE=1 -DLT_OBJDIR=\".libs/\" -DHAVE_ATTRIBUTE_MODE=1 -DHAVE___GMPN_ROOTREM=1 -DHAVE___GMPN_SBPI1_DIVAPPR_Q=1 -I. -I../.././../mpfr/mpfr-3.1.1/src -I/home/sparksco/android/toolchain/aosp/build/temp-install/include -Wall -Wmissing-prototypes -Wpointer-arith -g -O2 -MT reldiff.lo -MD -MP -MF .deps/reldiff.Tpo -c ../.././../mpfr/mpfr-3.1.1/src/reldiff.c -o reldiff.o
yes
mv -f .deps/mul.Tpo .deps/mul.Plo
checking whether wcscasecmp is declared without a macro... /bin/bash ../libtool --tag=CC   --mode=compile gcc-4.7 -DTIME_WITH_SYS_TIME=1 -DHAVE_INTTYPES_H=1 -DHAVE_STDINT_H=1 -DHAVE_LOCALE_H=1 -DHAVE_WCHAR_H=1 -DHAVE_STDARG=1 -DHAVE_SYS_TIME_H=1 -DHAVE_ALLOCA_H=1 -DHAVE_STDINT_H=1 -DHAVE_VA_COPY=1 -DHAVE_SETLOCALE=1 -DHAVE_GETTIMEOFDAY=1 -DHAVE_LONG_LONG=1 -DHAVE_INTMAX_T=1 -DMPFR_HAVE_INTMAX_MAX=1 -DMPFR_HAVE_FESETROUND=1 -DHAVE_DENORMS=1 -DHAVE_ROUND=1 -DHAVE_TRUNC=1 -DHAVE_FLOOR=1 -DHAVE_CEIL=1 -DHAVE_NEARBYINT=1 -DHAVE_LDOUBLE_IEEE_EXT_LITTLE=1 -DMPFR_USE_THREAD_SAFE=1 -DLT_OBJDIR=\".libs/\" -DHAVE_ATTRIBUTE_MODE=1 -DHAVE___GMPN_ROOTREM=1 -DHAVE___GMPN_SBPI1_DIVAPPR_Q=1 -I. -I../.././../mpfr/mpfr-3.1.1/src   -I/home/sparksco/android/toolchain/aosp/build/temp-install/include  -Wall -Wmissing-prototypes -Wpointer-arith -g -O2 -MT set.lo -MD -MP -MF .deps/set.Tpo -c -o set.lo ../.././../mpfr/mpfr-3.1.1/src/set.c
libtool: compile:  gcc-4.7 -DTIME_WITH_SYS_TIME=1 -DHAVE_INTTYPES_H=1 -DHAVE_STDINT_H=1 -DHAVE_LOCALE_H=1 -DHAVE_WCHAR_H=1 -DHAVE_STDARG=1 -DHAVE_SYS_TIME_H=1 -DHAVE_ALLOCA_H=1 -DHAVE_STDINT_H=1 -DHAVE_VA_COPY=1 -DHAVE_SETLOCALE=1 -DHAVE_GETTIMEOFDAY=1 -DHAVE_LONG_LONG=1 -DHAVE_INTMAX_T=1 -DMPFR_HAVE_INTMAX_MAX=1 -DMPFR_HAVE_FESETROUND=1 -DHAVE_DENORMS=1 -DHAVE_ROUND=1 -DHAVE_TRUNC=1 -DHAVE_FLOOR=1 -DHAVE_CEIL=1 -DHAVE_NEARBYINT=1 -DHAVE_LDOUBLE_IEEE_EXT_LITTLE=1 -DMPFR_USE_THREAD_SAFE=1 -DLT_OBJDIR=\".libs/\" -DHAVE_ATTRIBUTE_MODE=1 -DHAVE___GMPN_ROOTREM=1 -DHAVE___GMPN_SBPI1_DIVAPPR_Q=1 -I. -I../.././../mpfr/mpfr-3.1.1/src -I/home/sparksco/android/toolchain/aosp/build/temp-install/include -Wall -Wmissing-prototypes -Wpointer-arith -g -O2 -MT round_prec.lo -MD -MP -MF .deps/round_prec.Tpo -c ../.././../mpfr/mpfr-3.1.1/src/round_prec.c -o round_prec.o
libtool: compile:  gcc-4.7 -DTIME_WITH_SYS_TIME=1 -DHAVE_INTTYPES_H=1 -DHAVE_STDINT_H=1 -DHAVE_LOCALE_H=1 -DHAVE_WCHAR_H=1 -DHAVE_STDARG=1 -DHAVE_SYS_TIME_H=1 -DHAVE_ALLOCA_H=1 -DHAVE_STDINT_H=1 -DHAVE_VA_COPY=1 -DHAVE_SETLOCALE=1 -DHAVE_GETTIMEOFDAY=1 -DHAVE_LONG_LONG=1 -DHAVE_INTMAX_T=1 -DMPFR_HAVE_INTMAX_MAX=1 -DMPFR_HAVE_FESETROUND=1 -DHAVE_DENORMS=1 -DHAVE_ROUND=1 -DHAVE_TRUNC=1 -DHAVE_FLOOR=1 -DHAVE_CEIL=1 -DHAVE_NEARBYINT=1 -DHAVE_LDOUBLE_IEEE_EXT_LITTLE=1 -DMPFR_USE_THREAD_SAFE=1 -DLT_OBJDIR=\".libs/\" -DHAVE_ATTRIBUTE_MODE=1 -DHAVE___GMPN_ROOTREM=1 -DHAVE___GMPN_SBPI1_DIVAPPR_Q=1 -I. -I../.././../mpfr/mpfr-3.1.1/src -I/home/sparksco/android/toolchain/aosp/build/temp-install/include -Wall -Wmissing-prototypes -Wpointer-arith -g -O2 -MT print_rnd_mode.lo -MD -MP -MF .deps/print_rnd_mode.Tpo -c ../.././../mpfr/mpfr-3.1.1/src/print_rnd_mode.c -o print_rnd_mode.o
libtool: compile:  gcc-4.7 -DTIME_WITH_SYS_TIME=1 -DHAVE_INTTYPES_H=1 -DHAVE_STDINT_H=1 -DHAVE_LOCALE_H=1 -DHAVE_WCHAR_H=1 -DHAVE_STDARG=1 -DHAVE_SYS_TIME_H=1 -DHAVE_ALLOCA_H=1 -DHAVE_STDINT_H=1 -DHAVE_VA_COPY=1 -DHAVE_SETLOCALE=1 -DHAVE_GETTIMEOFDAY=1 -DHAVE_LONG_LONG=1 -DHAVE_INTMAX_T=1 -DMPFR_HAVE_INTMAX_MAX=1 -DMPFR_HAVE_FESETROUND=1 -DHAVE_DENORMS=1 -DHAVE_ROUND=1 -DHAVE_TRUNC=1 -DHAVE_FLOOR=1 -DHAVE_CEIL=1 -DHAVE_NEARBYINT=1 -DHAVE_LDOUBLE_IEEE_EXT_LITTLE=1 -DMPFR_USE_THREAD_SAFE=1 -DLT_OBJDIR=\".libs/\" -DHAVE_ATTRIBUTE_MODE=1 -DHAVE___GMPN_ROOTREM=1 -DHAVE___GMPN_SBPI1_DIVAPPR_Q=1 -I. -I../.././../mpfr/mpfr-3.1.1/src -I/home/sparksco/android/toolchain/aosp/build/temp-install/include -Wall -Wmissing-prototypes -Wpointer-arith -g -O2 -MT print_raw.lo -MD -MP -MF .deps/print_raw.Tpo -c ../.././../mpfr/mpfr-3.1.1/src/print_raw.c -o print_raw.o
libtool: compile:  gcc-4.7 -DTIME_WITH_SYS_TIME=1 -DHAVE_INTTYPES_H=1 -DHAVE_STDINT_H=1 -DHAVE_LOCALE_H=1 -DHAVE_WCHAR_H=1 -DHAVE_STDARG=1 -DHAVE_SYS_TIME_H=1 -DHAVE_ALLOCA_H=1 -DHAVE_STDINT_H=1 -DHAVE_VA_COPY=1 -DHAVE_SETLOCALE=1 -DHAVE_GETTIMEOFDAY=1 -DHAVE_LONG_LONG=1 -DHAVE_INTMAX_T=1 -DMPFR_HAVE_INTMAX_MAX=1 -DMPFR_HAVE_FESETROUND=1 -DHAVE_DENORMS=1 -DHAVE_ROUND=1 -DHAVE_TRUNC=1 -DHAVE_FLOOR=1 -DHAVE_CEIL=1 -DHAVE_NEARBYINT=1 -DHAVE_LDOUBLE_IEEE_EXT_LITTLE=1 -DMPFR_USE_THREAD_SAFE=1 -DLT_OBJDIR=\".libs/\" -DHAVE_ATTRIBUTE_MODE=1 -DHAVE___GMPN_ROOTREM=1 -DHAVE___GMPN_SBPI1_DIVAPPR_Q=1 -I. -I../.././../mpfr/mpfr-3.1.1/src -I/home/sparksco/android/toolchain/aosp/build/temp-install/include -Wall -Wmissing-prototypes -Wpointer-arith -g -O2 -MT set.lo -MD -MP -MF .deps/set.Tpo -c ../.././../mpfr/mpfr-3.1.1/src/set.c -o set.o
yes
checking whether wcsncasecmp is declared without a macro... mv -f .deps/pow_si.Tpo .deps/pow_si.Plo
/bin/bash ../libtool --tag=CC   --mode=compile gcc-4.7 -DTIME_WITH_SYS_TIME=1 -DHAVE_INTTYPES_H=1 -DHAVE_STDINT_H=1 -DHAVE_LOCALE_H=1 -DHAVE_WCHAR_H=1 -DHAVE_STDARG=1 -DHAVE_SYS_TIME_H=1 -DHAVE_ALLOCA_H=1 -DHAVE_STDINT_H=1 -DHAVE_VA_COPY=1 -DHAVE_SETLOCALE=1 -DHAVE_GETTIMEOFDAY=1 -DHAVE_LONG_LONG=1 -DHAVE_INTMAX_T=1 -DMPFR_HAVE_INTMAX_MAX=1 -DMPFR_HAVE_FESETROUND=1 -DHAVE_DENORMS=1 -DHAVE_ROUND=1 -DHAVE_TRUNC=1 -DHAVE_FLOOR=1 -DHAVE_CEIL=1 -DHAVE_NEARBYINT=1 -DHAVE_LDOUBLE_IEEE_EXT_LITTLE=1 -DMPFR_USE_THREAD_SAFE=1 -DLT_OBJDIR=\".libs/\" -DHAVE_ATTRIBUTE_MODE=1 -DHAVE___GMPN_ROOTREM=1 -DHAVE___GMPN_SBPI1_DIVAPPR_Q=1 -I. -I../.././../mpfr/mpfr-3.1.1/src   -I/home/sparksco/android/toolchain/aosp/build/temp-install/include  -Wall -Wmissing-prototypes -Wpointer-arith -g -O2 -MT setmax.lo -MD -MP -MF .deps/setmax.Tpo -c -o setmax.lo ../.././../mpfr/mpfr-3.1.1/src/setmax.c
mv -f .deps/pow_ui.Tpo .deps/pow_ui.Plo
/bin/bash ../libtool --tag=CC   --mode=compile gcc-4.7 -DTIME_WITH_SYS_TIME=1 -DHAVE_INTTYPES_H=1 -DHAVE_STDINT_H=1 -DHAVE_LOCALE_H=1 -DHAVE_WCHAR_H=1 -DHAVE_STDARG=1 -DHAVE_SYS_TIME_H=1 -DHAVE_ALLOCA_H=1 -DHAVE_STDINT_H=1 -DHAVE_VA_COPY=1 -DHAVE_SETLOCALE=1 -DHAVE_GETTIMEOFDAY=1 -DHAVE_LONG_LONG=1 -DHAVE_INTMAX_T=1 -DMPFR_HAVE_INTMAX_MAX=1 -DMPFR_HAVE_FESETROUND=1 -DHAVE_DENORMS=1 -DHAVE_ROUND=1 -DHAVE_TRUNC=1 -DHAVE_FLOOR=1 -DHAVE_CEIL=1 -DHAVE_NEARBYINT=1 -DHAVE_LDOUBLE_IEEE_EXT_LITTLE=1 -DMPFR_USE_THREAD_SAFE=1 -DLT_OBJDIR=\".libs/\" -DHAVE_ATTRIBUTE_MODE=1 -DHAVE___GMPN_ROOTREM=1 -DHAVE___GMPN_SBPI1_DIVAPPR_Q=1 -I. -I../.././../mpfr/mpfr-3.1.1/src   -I/home/sparksco/android/toolchain/aosp/build/temp-install/include  -Wall -Wmissing-prototypes -Wpointer-arith -g -O2 -MT setmin.lo -MD -MP -MF .deps/setmin.Tpo -c -o setmin.lo ../.././../mpfr/mpfr-3.1.1/src/setmin.c
mv -f .deps/print_rnd_mode.Tpo .deps/print_rnd_mode.Plo
/bin/bash ../libtool --tag=CC   --mode=compile gcc-4.7 -DTIME_WITH_SYS_TIME=1 -DHAVE_INTTYPES_H=1 -DHAVE_STDINT_H=1 -DHAVE_LOCALE_H=1 -DHAVE_WCHAR_H=1 -DHAVE_STDARG=1 -DHAVE_SYS_TIME_H=1 -DHAVE_ALLOCA_H=1 -DHAVE_STDINT_H=1 -DHAVE_VA_COPY=1 -DHAVE_SETLOCALE=1 -DHAVE_GETTIMEOFDAY=1 -DHAVE_LONG_LONG=1 -DHAVE_INTMAX_T=1 -DMPFR_HAVE_INTMAX_MAX=1 -DMPFR_HAVE_FESETROUND=1 -DHAVE_DENORMS=1 -DHAVE_ROUND=1 -DHAVE_TRUNC=1 -DHAVE_FLOOR=1 -DHAVE_CEIL=1 -DHAVE_NEARBYINT=1 -DHAVE_LDOUBLE_IEEE_EXT_LITTLE=1 -DMPFR_USE_THREAD_SAFE=1 -DLT_OBJDIR=\".libs/\" -DHAVE_ATTRIBUTE_MODE=1 -DHAVE___GMPN_ROOTREM=1 -DHAVE___GMPN_SBPI1_DIVAPPR_Q=1 -I. -I../.././../mpfr/mpfr-3.1.1/src   -I/home/sparksco/android/toolchain/aosp/build/temp-install/include  -Wall -Wmissing-prototypes -Wpointer-arith -g -O2 -MT set_d.lo -MD -MP -MF .deps/set_d.Tpo -c -o set_d.lo ../.././../mpfr/mpfr-3.1.1/src/set_d.c
mv -f .deps/reldiff.Tpo .deps/reldiff.Plo
libtool: compile:  gcc-4.7 -DTIME_WITH_SYS_TIME=1 -DHAVE_INTTYPES_H=1 -DHAVE_STDINT_H=1 -DHAVE_LOCALE_H=1 -DHAVE_WCHAR_H=1 -DHAVE_STDARG=1 -DHAVE_SYS_TIME_H=1 -DHAVE_ALLOCA_H=1 -DHAVE_STDINT_H=1 -DHAVE_VA_COPY=1 -DHAVE_SETLOCALE=1 -DHAVE_GETTIMEOFDAY=1 -DHAVE_LONG_LONG=1 -DHAVE_INTMAX_T=1 -DMPFR_HAVE_INTMAX_MAX=1 -DMPFR_HAVE_FESETROUND=1 -DHAVE_DENORMS=1 -DHAVE_ROUND=1 -DHAVE_TRUNC=1 -DHAVE_FLOOR=1 -DHAVE_CEIL=1 -DHAVE_NEARBYINT=1 -DHAVE_LDOUBLE_IEEE_EXT_LITTLE=1 -DMPFR_USE_THREAD_SAFE=1 -DLT_OBJDIR=\".libs/\" -DHAVE_ATTRIBUTE_MODE=1 -DHAVE___GMPN_ROOTREM=1 -DHAVE___GMPN_SBPI1_DIVAPPR_Q=1 -I. -I../.././../mpfr/mpfr-3.1.1/src -I/home/sparksco/android/toolchain/aosp/build/temp-install/include -Wall -Wmissing-prototypes -Wpointer-arith -g -O2 -MT setmax.lo -MD -MP -MF .deps/setmax.Tpo -c ../.././../mpfr/mpfr-3.1.1/src/setmax.c -o setmax.o
/bin/bash ../libtool --tag=CC   --mode=compile gcc-4.7 -DTIME_WITH_SYS_TIME=1 -DHAVE_INTTYPES_H=1 -DHAVE_STDINT_H=1 -DHAVE_LOCALE_H=1 -DHAVE_WCHAR_H=1 -DHAVE_STDARG=1 -DHAVE_SYS_TIME_H=1 -DHAVE_ALLOCA_H=1 -DHAVE_STDINT_H=1 -DHAVE_VA_COPY=1 -DHAVE_SETLOCALE=1 -DHAVE_GETTIMEOFDAY=1 -DHAVE_LONG_LONG=1 -DHAVE_INTMAX_T=1 -DMPFR_HAVE_INTMAX_MAX=1 -DMPFR_HAVE_FESETROUND=1 -DHAVE_DENORMS=1 -DHAVE_ROUND=1 -DHAVE_TRUNC=1 -DHAVE_FLOOR=1 -DHAVE_CEIL=1 -DHAVE_NEARBYINT=1 -DHAVE_LDOUBLE_IEEE_EXT_LITTLE=1 -DMPFR_USE_THREAD_SAFE=1 -DLT_OBJDIR=\".libs/\" -DHAVE_ATTRIBUTE_MODE=1 -DHAVE___GMPN_ROOTREM=1 -DHAVE___GMPN_SBPI1_DIVAPPR_Q=1 -I. -I../.././../mpfr/mpfr-3.1.1/src   -I/home/sparksco/android/toolchain/aosp/build/temp-install/include  -Wall -Wmissing-prototypes -Wpointer-arith -g -O2 -MT set_dfl_prec.lo -MD -MP -MF .deps/set_dfl_prec.Tpo -c -o set_dfl_prec.lo ../.././../mpfr/mpfr-3.1.1/src/set_dfl_prec.c
yes
mv -f .deps/print_raw.Tpo .deps/print_raw.Plo
checking whether wcscoll is declared without a macro... /bin/bash ../libtool --tag=CC   --mode=compile gcc-4.7 -DTIME_WITH_SYS_TIME=1 -DHAVE_INTTYPES_H=1 -DHAVE_STDINT_H=1 -DHAVE_LOCALE_H=1 -DHAVE_WCHAR_H=1 -DHAVE_STDARG=1 -DHAVE_SYS_TIME_H=1 -DHAVE_ALLOCA_H=1 -DHAVE_STDINT_H=1 -DHAVE_VA_COPY=1 -DHAVE_SETLOCALE=1 -DHAVE_GETTIMEOFDAY=1 -DHAVE_LONG_LONG=1 -DHAVE_INTMAX_T=1 -DMPFR_HAVE_INTMAX_MAX=1 -DMPFR_HAVE_FESETROUND=1 -DHAVE_DENORMS=1 -DHAVE_ROUND=1 -DHAVE_TRUNC=1 -DHAVE_FLOOR=1 -DHAVE_CEIL=1 -DHAVE_NEARBYINT=1 -DHAVE_LDOUBLE_IEEE_EXT_LITTLE=1 -DMPFR_USE_THREAD_SAFE=1 -DLT_OBJDIR=\".libs/\" -DHAVE_ATTRIBUTE_MODE=1 -DHAVE___GMPN_ROOTREM=1 -DHAVE___GMPN_SBPI1_DIVAPPR_Q=1 -I. -I../.././../mpfr/mpfr-3.1.1/src   -I/home/sparksco/android/toolchain/aosp/build/temp-install/include  -Wall -Wmissing-prototypes -Wpointer-arith -g -O2 -MT set_exp.lo -MD -MP -MF .deps/set_exp.Tpo -c -o set_exp.lo ../.././../mpfr/mpfr-3.1.1/src/set_exp.c
mv -f .deps/pow.Tpo .deps/pow.Plo
/bin/bash ../libtool --tag=CC   --mode=compile gcc-4.7 -DTIME_WITH_SYS_TIME=1 -DHAVE_INTTYPES_H=1 -DHAVE_STDINT_H=1 -DHAVE_LOCALE_H=1 -DHAVE_WCHAR_H=1 -DHAVE_STDARG=1 -DHAVE_SYS_TIME_H=1 -DHAVE_ALLOCA_H=1 -DHAVE_STDINT_H=1 -DHAVE_VA_COPY=1 -DHAVE_SETLOCALE=1 -DHAVE_GETTIMEOFDAY=1 -DHAVE_LONG_LONG=1 -DHAVE_INTMAX_T=1 -DMPFR_HAVE_INTMAX_MAX=1 -DMPFR_HAVE_FESETROUND=1 -DHAVE_DENORMS=1 -DHAVE_ROUND=1 -DHAVE_TRUNC=1 -DHAVE_FLOOR=1 -DHAVE_CEIL=1 -DHAVE_NEARBYINT=1 -DHAVE_LDOUBLE_IEEE_EXT_LITTLE=1 -DMPFR_USE_THREAD_SAFE=1 -DLT_OBJDIR=\".libs/\" -DHAVE_ATTRIBUTE_MODE=1 -DHAVE___GMPN_ROOTREM=1 -DHAVE___GMPN_SBPI1_DIVAPPR_Q=1 -I. -I../.././../mpfr/mpfr-3.1.1/src   -I/home/sparksco/android/toolchain/aosp/build/temp-install/include  -Wall -Wmissing-prototypes -Wpointer-arith -g -O2 -MT set_rnd.lo -MD -MP -MF .deps/set_rnd.Tpo -c -o set_rnd.lo ../.././../mpfr/mpfr-3.1.1/src/set_rnd.c
libtool: compile:  gcc-4.7 -DTIME_WITH_SYS_TIME=1 -DHAVE_INTTYPES_H=1 -DHAVE_STDINT_H=1 -DHAVE_LOCALE_H=1 -DHAVE_WCHAR_H=1 -DHAVE_STDARG=1 -DHAVE_SYS_TIME_H=1 -DHAVE_ALLOCA_H=1 -DHAVE_STDINT_H=1 -DHAVE_VA_COPY=1 -DHAVE_SETLOCALE=1 -DHAVE_GETTIMEOFDAY=1 -DHAVE_LONG_LONG=1 -DHAVE_INTMAX_T=1 -DMPFR_HAVE_INTMAX_MAX=1 -DMPFR_HAVE_FESETROUND=1 -DHAVE_DENORMS=1 -DHAVE_ROUND=1 -DHAVE_TRUNC=1 -DHAVE_FLOOR=1 -DHAVE_CEIL=1 -DHAVE_NEARBYINT=1 -DHAVE_LDOUBLE_IEEE_EXT_LITTLE=1 -DMPFR_USE_THREAD_SAFE=1 -DLT_OBJDIR=\".libs/\" -DHAVE_ATTRIBUTE_MODE=1 -DHAVE___GMPN_ROOTREM=1 -DHAVE___GMPN_SBPI1_DIVAPPR_Q=1 -I. -I../.././../mpfr/mpfr-3.1.1/src -I/home/sparksco/android/toolchain/aosp/build/temp-install/include -Wall -Wmissing-prototypes -Wpointer-arith -g -O2 -MT setmin.lo -MD -MP -MF .deps/setmin.Tpo -c ../.././../mpfr/mpfr-3.1.1/src/setmin.c -o setmin.o
libtool: compile:  gcc-4.7 -DTIME_WITH_SYS_TIME=1 -DHAVE_INTTYPES_H=1 -DHAVE_STDINT_H=1 -DHAVE_LOCALE_H=1 -DHAVE_WCHAR_H=1 -DHAVE_STDARG=1 -DHAVE_SYS_TIME_H=1 -DHAVE_ALLOCA_H=1 -DHAVE_STDINT_H=1 -DHAVE_VA_COPY=1 -DHAVE_SETLOCALE=1 -DHAVE_GETTIMEOFDAY=1 -DHAVE_LONG_LONG=1 -DHAVE_INTMAX_T=1 -DMPFR_HAVE_INTMAX_MAX=1 -DMPFR_HAVE_FESETROUND=1 -DHAVE_DENORMS=1 -DHAVE_ROUND=1 -DHAVE_TRUNC=1 -DHAVE_FLOOR=1 -DHAVE_CEIL=1 -DHAVE_NEARBYINT=1 -DHAVE_LDOUBLE_IEEE_EXT_LITTLE=1 -DMPFR_USE_THREAD_SAFE=1 -DLT_OBJDIR=\".libs/\" -DHAVE_ATTRIBUTE_MODE=1 -DHAVE___GMPN_ROOTREM=1 -DHAVE___GMPN_SBPI1_DIVAPPR_Q=1 -I. -I../.././../mpfr/mpfr-3.1.1/src -I/home/sparksco/android/toolchain/aosp/build/temp-install/include -Wall -Wmissing-prototypes -Wpointer-arith -g -O2 -MT set_d.lo -MD -MP -MF .deps/set_d.Tpo -c ../.././../mpfr/mpfr-3.1.1/src/set_d.c -o set_d.o
libtool: compile:  gcc-4.7 -DTIME_WITH_SYS_TIME=1 -DHAVE_INTTYPES_H=1 -DHAVE_STDINT_H=1 -DHAVE_LOCALE_H=1 -DHAVE_WCHAR_H=1 -DHAVE_STDARG=1 -DHAVE_SYS_TIME_H=1 -DHAVE_ALLOCA_H=1 -DHAVE_STDINT_H=1 -DHAVE_VA_COPY=1 -DHAVE_SETLOCALE=1 -DHAVE_GETTIMEOFDAY=1 -DHAVE_LONG_LONG=1 -DHAVE_INTMAX_T=1 -DMPFR_HAVE_INTMAX_MAX=1 -DMPFR_HAVE_FESETROUND=1 -DHAVE_DENORMS=1 -DHAVE_ROUND=1 -DHAVE_TRUNC=1 -DHAVE_FLOOR=1 -DHAVE_CEIL=1 -DHAVE_NEARBYINT=1 -DHAVE_LDOUBLE_IEEE_EXT_LITTLE=1 -DMPFR_USE_THREAD_SAFE=1 -DLT_OBJDIR=\".libs/\" -DHAVE_ATTRIBUTE_MODE=1 -DHAVE___GMPN_ROOTREM=1 -DHAVE___GMPN_SBPI1_DIVAPPR_Q=1 -I. -I../.././../mpfr/mpfr-3.1.1/src -I/home/sparksco/android/toolchain/aosp/build/temp-install/include -Wall -Wmissing-prototypes -Wpointer-arith -g -O2 -MT set_dfl_prec.lo -MD -MP -MF .deps/set_dfl_prec.Tpo -c ../.././../mpfr/mpfr-3.1.1/src/set_dfl_prec.c -o set_dfl_prec.o
mv -f .deps/set.Tpo .deps/set.Plo
mv -f .deps/setmax.Tpo .deps/setmax.Plo
/bin/bash ../libtool --tag=CC   --mode=compile gcc-4.7 -DTIME_WITH_SYS_TIME=1 -DHAVE_INTTYPES_H=1 -DHAVE_STDINT_H=1 -DHAVE_LOCALE_H=1 -DHAVE_WCHAR_H=1 -DHAVE_STDARG=1 -DHAVE_SYS_TIME_H=1 -DHAVE_ALLOCA_H=1 -DHAVE_STDINT_H=1 -DHAVE_VA_COPY=1 -DHAVE_SETLOCALE=1 -DHAVE_GETTIMEOFDAY=1 -DHAVE_LONG_LONG=1 -DHAVE_INTMAX_T=1 -DMPFR_HAVE_INTMAX_MAX=1 -DMPFR_HAVE_FESETROUND=1 -DHAVE_DENORMS=1 -DHAVE_ROUND=1 -DHAVE_TRUNC=1 -DHAVE_FLOOR=1 -DHAVE_CEIL=1 -DHAVE_NEARBYINT=1 -DHAVE_LDOUBLE_IEEE_EXT_LITTLE=1 -DMPFR_USE_THREAD_SAFE=1 -DLT_OBJDIR=\".libs/\" -DHAVE_ATTRIBUTE_MODE=1 -DHAVE___GMPN_ROOTREM=1 -DHAVE___GMPN_SBPI1_DIVAPPR_Q=1 -I. -I../.././../mpfr/mpfr-3.1.1/src   -I/home/sparksco/android/toolchain/aosp/build/temp-install/include  -Wall -Wmissing-prototypes -Wpointer-arith -g -O2 -MT set_f.lo -MD -MP -MF .deps/set_f.Tpo -c -o set_f.lo ../.././../mpfr/mpfr-3.1.1/src/set_f.c
/bin/bash ../libtool --tag=CC   --mode=compile gcc-4.7 -DTIME_WITH_SYS_TIME=1 -DHAVE_INTTYPES_H=1 -DHAVE_STDINT_H=1 -DHAVE_LOCALE_H=1 -DHAVE_WCHAR_H=1 -DHAVE_STDARG=1 -DHAVE_SYS_TIME_H=1 -DHAVE_ALLOCA_H=1 -DHAVE_STDINT_H=1 -DHAVE_VA_COPY=1 -DHAVE_SETLOCALE=1 -DHAVE_GETTIMEOFDAY=1 -DHAVE_LONG_LONG=1 -DHAVE_INTMAX_T=1 -DMPFR_HAVE_INTMAX_MAX=1 -DMPFR_HAVE_FESETROUND=1 -DHAVE_DENORMS=1 -DHAVE_ROUND=1 -DHAVE_TRUNC=1 -DHAVE_FLOOR=1 -DHAVE_CEIL=1 -DHAVE_NEARBYINT=1 -DHAVE_LDOUBLE_IEEE_EXT_LITTLE=1 -DMPFR_USE_THREAD_SAFE=1 -DLT_OBJDIR=\".libs/\" -DHAVE_ATTRIBUTE_MODE=1 -DHAVE___GMPN_ROOTREM=1 -DHAVE___GMPN_SBPI1_DIVAPPR_Q=1 -I. -I../.././../mpfr/mpfr-3.1.1/src   -I/home/sparksco/android/toolchain/aosp/build/temp-install/include  -Wall -Wmissing-prototypes -Wpointer-arith -g -O2 -MT set_prc_raw.lo -MD -MP -MF .deps/set_prc_raw.Tpo -c -o set_prc_raw.lo ../.././../mpfr/mpfr-3.1.1/src/set_prc_raw.c
yes
libtool: compile:  gcc-4.7 -DTIME_WITH_SYS_TIME=1 -DHAVE_INTTYPES_H=1 -DHAVE_STDINT_H=1 -DHAVE_LOCALE_H=1 -DHAVE_WCHAR_H=1 -DHAVE_STDARG=1 -DHAVE_SYS_TIME_H=1 -DHAVE_ALLOCA_H=1 -DHAVE_STDINT_H=1 -DHAVE_VA_COPY=1 -DHAVE_SETLOCALE=1 -DHAVE_GETTIMEOFDAY=1 -DHAVE_LONG_LONG=1 -DHAVE_INTMAX_T=1 -DMPFR_HAVE_INTMAX_MAX=1 -DMPFR_HAVE_FESETROUND=1 -DHAVE_DENORMS=1 -DHAVE_ROUND=1 -DHAVE_TRUNC=1 -DHAVE_FLOOR=1 -DHAVE_CEIL=1 -DHAVE_NEARBYINT=1 -DHAVE_LDOUBLE_IEEE_EXT_LITTLE=1 -DMPFR_USE_THREAD_SAFE=1 -DLT_OBJDIR=\".libs/\" -DHAVE_ATTRIBUTE_MODE=1 -DHAVE___GMPN_ROOTREM=1 -DHAVE___GMPN_SBPI1_DIVAPPR_Q=1 -I. -I../.././../mpfr/mpfr-3.1.1/src -I/home/sparksco/android/toolchain/aosp/build/temp-install/include -Wall -Wmissing-prototypes -Wpointer-arith -g -O2 -MT set_exp.lo -MD -MP -MF .deps/set_exp.Tpo -c ../.././../mpfr/mpfr-3.1.1/src/set_exp.c -o set_exp.o
mv -f .deps/setmin.Tpo .deps/setmin.Plo
/bin/bash ../libtool --tag=CC   --mode=compile gcc-4.7 -DTIME_WITH_SYS_TIME=1 -DHAVE_INTTYPES_H=1 -DHAVE_STDINT_H=1 -DHAVE_LOCALE_H=1 -DHAVE_WCHAR_H=1 -DHAVE_STDARG=1 -DHAVE_SYS_TIME_H=1 -DHAVE_ALLOCA_H=1 -DHAVE_STDINT_H=1 -DHAVE_VA_COPY=1 -DHAVE_SETLOCALE=1 -DHAVE_GETTIMEOFDAY=1 -DHAVE_LONG_LONG=1 -DHAVE_INTMAX_T=1 -DMPFR_HAVE_INTMAX_MAX=1 -DMPFR_HAVE_FESETROUND=1 -DHAVE_DENORMS=1 -DHAVE_ROUND=1 -DHAVE_TRUNC=1 -DHAVE_FLOOR=1 -DHAVE_CEIL=1 -DHAVE_NEARBYINT=1 -DHAVE_LDOUBLE_IEEE_EXT_LITTLE=1 -DMPFR_USE_THREAD_SAFE=1 -DLT_OBJDIR=\".libs/\" -DHAVE_ATTRIBUTE_MODE=1 -DHAVE___GMPN_ROOTREM=1 -DHAVE___GMPN_SBPI1_DIVAPPR_Q=1 -I. -I../.././../mpfr/mpfr-3.1.1/src   -I/home/sparksco/android/toolchain/aosp/build/temp-install/include  -Wall -Wmissing-prototypes -Wpointer-arith -g -O2 -MT set_prec.lo -MD -MP -MF .deps/set_prec.Tpo -c -o set_prec.lo ../.././../mpfr/mpfr-3.1.1/src/set_prec.c
checking whether wcsxfrm is declared without a macro... mv -f .deps/set_dfl_prec.Tpo .deps/set_dfl_prec.Plo
libtool: compile:  gcc-4.7 -DTIME_WITH_SYS_TIME=1 -DHAVE_INTTYPES_H=1 -DHAVE_STDINT_H=1 -DHAVE_LOCALE_H=1 -DHAVE_WCHAR_H=1 -DHAVE_STDARG=1 -DHAVE_SYS_TIME_H=1 -DHAVE_ALLOCA_H=1 -DHAVE_STDINT_H=1 -DHAVE_VA_COPY=1 -DHAVE_SETLOCALE=1 -DHAVE_GETTIMEOFDAY=1 -DHAVE_LONG_LONG=1 -DHAVE_INTMAX_T=1 -DMPFR_HAVE_INTMAX_MAX=1 -DMPFR_HAVE_FESETROUND=1 -DHAVE_DENORMS=1 -DHAVE_ROUND=1 -DHAVE_TRUNC=1 -DHAVE_FLOOR=1 -DHAVE_CEIL=1 -DHAVE_NEARBYINT=1 -DHAVE_LDOUBLE_IEEE_EXT_LITTLE=1 -DMPFR_USE_THREAD_SAFE=1 -DLT_OBJDIR=\".libs/\" -DHAVE_ATTRIBUTE_MODE=1 -DHAVE___GMPN_ROOTREM=1 -DHAVE___GMPN_SBPI1_DIVAPPR_Q=1 -I. -I../.././../mpfr/mpfr-3.1.1/src -I/home/sparksco/android/toolchain/aosp/build/temp-install/include -Wall -Wmissing-prototypes -Wpointer-arith -g -O2 -MT set_rnd.lo -MD -MP -MF .deps/set_rnd.Tpo -c ../.././../mpfr/mpfr-3.1.1/src/set_rnd.c -o set_rnd.o
/bin/bash ../libtool --tag=CC   --mode=compile gcc-4.7 -DTIME_WITH_SYS_TIME=1 -DHAVE_INTTYPES_H=1 -DHAVE_STDINT_H=1 -DHAVE_LOCALE_H=1 -DHAVE_WCHAR_H=1 -DHAVE_STDARG=1 -DHAVE_SYS_TIME_H=1 -DHAVE_ALLOCA_H=1 -DHAVE_STDINT_H=1 -DHAVE_VA_COPY=1 -DHAVE_SETLOCALE=1 -DHAVE_GETTIMEOFDAY=1 -DHAVE_LONG_LONG=1 -DHAVE_INTMAX_T=1 -DMPFR_HAVE_INTMAX_MAX=1 -DMPFR_HAVE_FESETROUND=1 -DHAVE_DENORMS=1 -DHAVE_ROUND=1 -DHAVE_TRUNC=1 -DHAVE_FLOOR=1 -DHAVE_CEIL=1 -DHAVE_NEARBYINT=1 -DHAVE_LDOUBLE_IEEE_EXT_LITTLE=1 -DMPFR_USE_THREAD_SAFE=1 -DLT_OBJDIR=\".libs/\" -DHAVE_ATTRIBUTE_MODE=1 -DHAVE___GMPN_ROOTREM=1 -DHAVE___GMPN_SBPI1_DIVAPPR_Q=1 -I. -I../.././../mpfr/mpfr-3.1.1/src   -I/home/sparksco/android/toolchain/aosp/build/temp-install/include  -Wall -Wmissing-prototypes -Wpointer-arith -g -O2 -MT set_q.lo -MD -MP -MF .deps/set_q.Tpo -c -o set_q.lo ../.././../mpfr/mpfr-3.1.1/src/set_q.c
libtool: compile:  gcc-4.7 -DTIME_WITH_SYS_TIME=1 -DHAVE_INTTYPES_H=1 -DHAVE_STDINT_H=1 -DHAVE_LOCALE_H=1 -DHAVE_WCHAR_H=1 -DHAVE_STDARG=1 -DHAVE_SYS_TIME_H=1 -DHAVE_ALLOCA_H=1 -DHAVE_STDINT_H=1 -DHAVE_VA_COPY=1 -DHAVE_SETLOCALE=1 -DHAVE_GETTIMEOFDAY=1 -DHAVE_LONG_LONG=1 -DHAVE_INTMAX_T=1 -DMPFR_HAVE_INTMAX_MAX=1 -DMPFR_HAVE_FESETROUND=1 -DHAVE_DENORMS=1 -DHAVE_ROUND=1 -DHAVE_TRUNC=1 -DHAVE_FLOOR=1 -DHAVE_CEIL=1 -DHAVE_NEARBYINT=1 -DHAVE_LDOUBLE_IEEE_EXT_LITTLE=1 -DMPFR_USE_THREAD_SAFE=1 -DLT_OBJDIR=\".libs/\" -DHAVE_ATTRIBUTE_MODE=1 -DHAVE___GMPN_ROOTREM=1 -DHAVE___GMPN_SBPI1_DIVAPPR_Q=1 -I. -I../.././../mpfr/mpfr-3.1.1/src -I/home/sparksco/android/toolchain/aosp/build/temp-install/include -Wall -Wmissing-prototypes -Wpointer-arith -g -O2 -MT set_f.lo -MD -MP -MF .deps/set_f.Tpo -c ../.././../mpfr/mpfr-3.1.1/src/set_f.c -o set_f.o
libtool: compile:  gcc-4.7 -DTIME_WITH_SYS_TIME=1 -DHAVE_INTTYPES_H=1 -DHAVE_STDINT_H=1 -DHAVE_LOCALE_H=1 -DHAVE_WCHAR_H=1 -DHAVE_STDARG=1 -DHAVE_SYS_TIME_H=1 -DHAVE_ALLOCA_H=1 -DHAVE_STDINT_H=1 -DHAVE_VA_COPY=1 -DHAVE_SETLOCALE=1 -DHAVE_GETTIMEOFDAY=1 -DHAVE_LONG_LONG=1 -DHAVE_INTMAX_T=1 -DMPFR_HAVE_INTMAX_MAX=1 -DMPFR_HAVE_FESETROUND=1 -DHAVE_DENORMS=1 -DHAVE_ROUND=1 -DHAVE_TRUNC=1 -DHAVE_FLOOR=1 -DHAVE_CEIL=1 -DHAVE_NEARBYINT=1 -DHAVE_LDOUBLE_IEEE_EXT_LITTLE=1 -DMPFR_USE_THREAD_SAFE=1 -DLT_OBJDIR=\".libs/\" -DHAVE_ATTRIBUTE_MODE=1 -DHAVE___GMPN_ROOTREM=1 -DHAVE___GMPN_SBPI1_DIVAPPR_Q=1 -I. -I../.././../mpfr/mpfr-3.1.1/src -I/home/sparksco/android/toolchain/aosp/build/temp-install/include -Wall -Wmissing-prototypes -Wpointer-arith -g -O2 -MT set_prc_raw.lo -MD -MP -MF .deps/set_prc_raw.Tpo -c ../.././../mpfr/mpfr-3.1.1/src/set_prc_raw.c -o selibtool: compile:  gcc-4.7 -DTIME_WITH_SYS_TIME=1 -DHAVE_INTTYPES_H=1 -DHAVE_STDINT_H=1 -DHAVE_LOCALE_H=1 -DHAVE_WCHAR_H=1 -DHAVE_STDARG=1 -DHAVE_SYS_TIME_H=1 -DHAVE_ALLOCA_H=1 -DHAVE_STDINT_H=1 -DHAVE_VA_COPY=1 -DHAVE_SETLOCALE=1 -DHAVE_GETTIMEOFDAY=1 -DHAVE_LONG_LONG=1 -DHAVE_INTMAX_T=1 -DMPFR_HAVE_INTMAX_MAX=1 -DMPFR_HAVE_FESETROUND=1 -DHAVE_DENORMS=1 -DHAVE_ROUND=1 -DHAVE_TRUNC=1 -DHAVE_FLOOR=1 -DHAVE_CEIL=1 -DHAVE_NEARBYINT=1 -DHAVE_LDOUBLE_IEEE_EXT_LITTLE=1 -DMPFR_USE_THREAD_SAFE=1 -DLT_OBJDIR=\".libs/\" -DHAVE_ATTRIBUTE_MODE=1 -DHAVE___GMPN_ROOTREM=1 -DHAVE___GMPN_SBPI1_DIVAPPR_Q=1 -I. -I../.././../mpfr/mpfr-3.1.1/src -I/home/sparksco/android/toolchain/aosp/build/temp-install/include -Wall -Wmissing-prototypes -Wpointer-arith -g -O2 -MT set_q.lo -MD -MP -MF .deps/set_q.Tpo -c ../.././../mpfr/mpfr-3.1.1/src/set_q.c -o set_q.o
yes
mv -f .deps/set_exp.Tpo .deps/set_exp.Plo
mv -f .deps/set_rnd.Tpo .deps/set_rnd.Plo
mv -f .deps/set_d.Tpo .deps/set_d.Plo
/bin/bash ../libtool --tag=CC   --mode=compile gcc-4.7 -DTIME_WITH_SYS_TIME=1 -DHAVE_INTTYPES_H=1 -DHAVE_STDINT_H=1 -DHAVE_LOCALE_H=1 -DHAVE_WCHAR_H=1 -DHAVE_STDARG=1 -DHAVE_SYS_TIME_H=1 -DHAVE_ALLOCA_H=1 -DHAVE_STDINT_H=1 -DHAVE_VA_COPY=1 -DHAVE_SETLOCALE=1 -DHAVE_GETTIMEOFDAY=1 -DHAVE_LONG_LONG=1 -DHAVE_INTMAX_T=1 -DMPFR_HAVE_INTMAX_MAX=1 -DMPFR_HAVE_FESETROUND=1 -DHAVE_DENORMS=1 -DHAVE_ROUND=1 -DHAVE_TRUNC=1 -DHAVE_FLOOR=1 -DHAVE_CEIL=1 -DHAVE_NEARBYINT=1 -DHAVE_LDOUBLE_IEEE_EXT_LITTLE=1 -DMPFR_USE_THREAD_SAFE=1 -DLT_OBJDIR=\".libs/\" -DHAVE_ATTRIBUTE_MODE=1 -DHAVE___GMPN_ROOTREM=1 -DHAVE___GMPN_SBPI1_DIVAPPR_Q=1 -I. -I../.././../mpfr/mpfr-3.1.1/src   -I/home/sparksco/android/toolchain/aosp/build/temp-install/include  -Wall -Wmissing-prototypes -Wpointer-arith -g -O2 -MT set_si.lo -MD -MP -MF .deps/set_si.Tpo -c -o set_si.lo ../.././../mpfr/mpfr-3.1.1/src/set_si.c
/bin/bash ../libtool --tag=CC   --mode=compile gcc-4.7 -DTIME_WITH_SYS_TIME=1 -DHAVE_INTTYPES_H=1 -DHAVE_STDINT_H=1 -DHAVE_LOCALE_H=1 -DHAVE_WCHAR_H=1 -DHAVE_STDARG=1 -DHAVE_SYS_TIME_H=1 -DHAVE_ALLOCA_H=1 -DHAVE_STDINT_H=1 -DHAVE_VA_COPY=1 -DHAVE_SETLOCALE=1 -DHAVE_GETTIMEOFDAY=1 -DHAVE_LONG_LONG=1 -DHAVE_INTMAX_T=1 -DMPFR_HAVE_INTMAX_MAX=1 -DMPFR_HAVE_FESETROUND=1 -DHAVE_DENORMS=1 -DHAVE_ROUND=1 -DHAVE_TRUNC=1 -DHAVE_FLOOR=1 -DHAVE_CEIL=1 -DHAVE_NEARBYINT=1 -DHAVE_LDOUBLE_IEEE_EXT_LITTLE=1 -DMPFR_USE_THREAD_SAFE=1 -DLT_OBJDIR=\".libs/\" -DHAVE_ATTRIBUTE_MODE=1 -DHAVE___GMPN_ROOTREM=1 -DHAVE___GMPN_SBPI1_DIVAPPR_Q=1 -I. -I../.././../mpfr/mpfr-3.1.1/src   -I/home/sparksco/android/toolchain/aosp/build/temp-install/include  -Wall -Wmissing-prototypes -Wpointer-arith -g -O2 -MT set_str.lo -MD -MP -MF .deps/set_str.Tpo -c -o set_str.lo ../.././../mpfr/mpfr-3.1.1/src/set_str.c
/bin/bash ../libtool --tag=CC   --mode=compile gcc-4.7 -DTIME_WITH_SYS_TIME=1 -DHAVE_INTTYPES_H=1 -DHAVE_STDINT_H=1 -DHAVE_LOCALE_H=1 -DHAVE_WCHAR_H=1 -DHAVE_STDARG=1 -DHAVE_SYS_TIME_H=1 -DHAVE_ALLOCA_H=1 -DHAVE_STDINT_H=1 -DHAVE_VA_COPY=1 -DHAVE_SETLOCALE=1 -DHAVE_GETTIMEOFDAY=1 -DHAVE_LONG_LONG=1 -DHAVE_INTMAX_T=1 -DMPFR_HAVE_INTMAX_MAX=1 -DMPFR_HAVE_FESETROUND=1 -DHAVE_DENORMS=1 -DHAVE_ROUND=1 -DHAVE_TRUNC=1 -DHAVE_FLOOR=1 -DHAVE_CEIL=1 -DHAVE_NEARBYINT=1 -DHAVE_LDOUBLE_IEEE_EXT_LITTLE=1 -DMPFR_USE_THREAD_SAFE=1 -DLT_OBJDIR=\".libs/\" -DHAVE_ATTRIBUTE_MODE=1 -DHAVE___GMPN_ROOTREM=1 -DHAVE___GMPN_SBPI1_DIVAPPR_Q=1 -I. -I../.././../mpfr/mpfr-3.1.1/src   -I/home/sparksco/android/toolchain/aosp/build/temp-install/include  -Wall -Wmissing-prototypes -Wpointer-arith -g -O2 -MT set_str_raw.lo -MD -MP -MF .deps/set_str_raw.Tpo -c -o set_str_raw.lo ../.././../mpfr/mpfr-3.1.1/src/set_str_raw.c
checking whether wcsdup is declared without a macro... mv -f .deps/set_prc_raw.Tpo .deps/set_prc_raw.Plo
mv -f .deps/set_prec.Tpo .deps/set_prec.Plo
/bin/bash ../libtool --tag=CC   --mode=compile gcc-4.7 -DTIME_WITH_SYS_TIME=1 -DHAVE_INTTYPES_H=1 -DHAVE_STDINT_H=1 -DHAVE_LOCALE_H=1 -DHAVE_WCHAR_H=1 -DHAVE_STDARG=1 -DHAVE_SYS_TIME_H=1 -DHAVE_ALLOCA_H=1 -DHAVE_STDINT_H=1 -DHAVE_VA_COPY=1 -DHAVE_SETLOCALE=1 -DHAVE_GETTIMEOFDAY=1 -DHAVE_LONG_LONG=1 -DHAVE_INTMAX_T=1 -DMPFR_HAVE_INTMAX_MAX=1 -DMPFR_HAVE_FESETROUND=1 -DHAVE_DENORMS=1 -DHAVE_ROUND=1 -DHAVE_TRUNC=1 -DHAVE_FLOOR=1 -DHAVE_CEIL=1 -DHAVE_NEARBYINT=1 -DHAVE_LDOUBLE_IEEE_EXT_LITTLE=1 -DMPFR_USE_THREAD_SAFE=1 -DLT_OBJDIR=\".libs/\" -DHAVE_ATTRIBUTE_MODE=1 -DHAVE___GMPN_ROOTREM=1 -DHAVE___GMPN_SBPI1_DIVAPPR_Q=1 -I. -I../.././../mpfr/mpfr-3.1.1/src   -I/home/sparksco/android/toolchain/aosp/build/temp-install/include  -Wall -Wmissing-prototypes -Wpointer-arith -g -O2 -MT set_ui.lo -MD -MP -MF .deps/set_ui.Tpo -c -o set_ui.lo ../.././../mpfr/mpfr-3.1.1/src/set_ui.c
/bin/bash ../libtool --tag=CC   --mode=compile gcc-4.7 -DTIME_WITH_SYS_TIME=1 -DHAVE_INTTYPES_H=1 -DHAVE_STDINT_H=1 -DHAVE_LOCALE_H=1 -DHAVE_WCHAR_H=1 -DHAVE_STDARG=1 -DHAVE_SYS_TIME_H=1 -DHAVE_ALLOCA_H=1 -DHAVE_STDINT_H=1 -DHAVE_VA_COPY=1 -DHAVE_SETLOCALE=1 -DHAVE_GETTIMEOFDAY=1 -DHAVE_LONG_LONG=1 -DHAVE_INTMAX_T=1 -DMPFR_HAVE_INTMAX_MAX=1 -DMPFR_HAVE_FESETROUND=1 -DHAVE_DENORMS=1 -DHAVE_ROUND=1 -DHAVE_TRUNC=1 -DHAVE_FLOOR=1 -DHAVE_CEIL=1 -DHAVE_NEARBYINT=1 -DHAVE_LDOUBLE_IEEE_EXT_LITTLE=1 -DMPFR_USE_THREAD_SAFE=1 -DLT_OBJDIR=\".libs/\" -DHAVE_ATTRIBUTE_MODE=1 -DHAVE___GMPN_ROOTREM=1 -DHAVE___GMPN_SBPI1_DIVAPPR_Q=1 -I. -I../.././../mpfr/mpfr-3.1.1/src   -I/home/sparksco/android/toolchain/aosp/build/temp-install/include  -Wall -Wmissing-prototypes -Wpointer-arith -g -O2 -MT set_z.lo -MD -MP -MF .deps/set_z.Tpo -c -o set_z.lo ../.././../mpfr/mpfr-3.1.1/src/set_z.c
mv -f .deps/set_f.Tpo .deps/set_f.Plo
libtool: compile:  gcc-4.7 -DTIME_WITH_SYS_TIME=1 -DHAVE_INTTYPES_H=1 -DHAVE_STDINT_H=1 -DHAVE_LOCALE_H=1 -DHAVE_WCHAR_H=1 -DHAVE_STDARG=1 -DHAVE_SYS_TIME_H=1 -DHAVE_ALLOCA_H=1 -DHAVE_STDINT_H=1 -DHAVE_VA_COPY=1 -DHAVE_SETLOCALE=1 -DHAVE_GETTIMEOFDAY=1 -DHAVE_LONG_LONG=1 -DHAVE_INTMAX_T=1 -DMPFR_HAVE_INTMAX_MAX=1 -DMPFR_HAVE_FESETROUND=1 -DHAVE_DENORMS=1 -DHAVE_ROUND=1 -DHAVE_TRUNC=1 -DHAVE_FLOOR=1 -DHAVE_CEIL=1 -DHAVE_NEARBYINT=1 -DHAVE_LDOUBLE_IEEE_EXT_LITTLE=1 -DMPFR_USE_THREAD_SAFE=1 -DLT_OBJDIR=\".libs/\" -DHAVE_ATTRIBUTE_MODE=1 -DHAVE___GMPN_ROOTREM=1 -DHAVE___GMPN_SBPI1_DIVAPPR_Q=1 -I. -I../.././../mpfr/mpfr-3.1.1/src -I/home/sparksco/android/toolchain/aosp/build/temp-install/include -Wall -Wmissing-prototypes -Wpointer-arith -g -O2 -MT set_str_raw.lo -MD -MP -MF .deps/set_str_raw.Tpo -c ../.././../mpfr/mpfr-3.1.1/src/set_str_raw.c -o set_str_raw.o
/bin/bash ../libtool --tag=CC   --mode=compile gcc-4.7 -DTIME_WITH_SYS_TIME=1 -DHAVE_INTTYPES_H=1 -DHAVE_STDINT_H=1 -DHAVE_LOCALE_H=1 -DHAVE_WCHAR_H=1 -DHAVE_STDARG=1 -DHAVE_SYS_TIME_H=1 -DHAVE_ALLOCA_H=1 -DHAVE_STDINT_H=1 -DHAVE_VA_COPY=1 -DHAVE_SETLOCALE=1 -DHAVE_GETTIMEOFDAY=1 -DHAVE_LONG_LONG=1 -DHAVE_INTMAX_T=1 -DMPFR_HAVE_INTMAX_MAX=1 -DMPFR_HAVE_FESETROUND=1 -DHAVE_DENORMS=1 -DHAVE_ROUND=1 -DHAVE_TRUNC=1 -DHAVE_FLOOR=1 -DHAVE_CEIL=1 -DHAVE_NEARBYINT=1 -DHAVE_LDOUBLE_IEEE_EXT_LITTLE=1 -DMPFR_USE_THREAD_SAFE=1 -DLT_OBJDIR=\".libs/\" -DHAVE_ATTRIBUTE_MODE=1 -DHAVE___GMPN_ROOTREM=1 -DHAVE___GMPN_SBPI1_DIVAPPR_Q=1 -I. -I../.././../mpfr/mpfr-3.1.1/src   -I/home/sparksco/android/toolchain/aosp/build/temp-install/include  -Wall -Wmissing-prototypes -Wpointer-arith -g -O2 -MT sqrt.lo -MD -MP -MF .deps/sqrt.Tpo -c -o sqrt.lo ../.././../mpfr/mpfr-3.1.1/src/sqrt.c
libtool: compile:  gcc-4.7 -DTIME_WITH_SYS_TIME=1 -DHAVE_INTTYPES_H=1 -DHAVE_STDINT_H=1 -DHAVE_LOCALE_H=1 -DHAVE_WCHAR_H=1 -DHAVE_STDARG=1 -DHAVE_SYS_TIME_H=1 -DHAVE_ALLOCA_H=1 -DHAVE_STDINT_H=1 -DHAVE_VA_COPY=1 -DHAVE_SETLOCALE=1 -DHAVE_GETTIMEOFDAY=1 -DHAVE_LONG_LONG=1 -DHAVE_INTMAX_T=1 -DMPFR_HAVE_INTMAX_MAX=1 -DMPFR_HAVE_FESETROUND=1 -DHAVE_DENORMS=1 -DHAVE_ROUND=1 -DHAVE_TRUNC=1 -DHAVE_FLOOR=1 -DHAVE_CEIL=1 -DHAVE_NEARBYINT=1 -DHAVE_LDOUBLE_IEEE_EXT_LITTLE=1 -DMPFR_USE_THREAD_SAFE=1 -DLT_OBJDIR=\".libs/\" -DHAVE_ATTRIBUTE_MODE=1 -DHAVE___GMPN_ROOTREM=1 -DHAVE___GMPN_SBPI1_DIVAPPR_Q=1 -I. -I../.././../mpfr/mpfr-3.1.1/src -I/home/sparksco/android/toolchain/aosp/build/temp-install/include -Wall -Wmissing-prototypes -Wpointer-arith -g -O2 -MT set_si.lo -MD -MP -MF .deps/set_si.Tpo -c ../.././../mpfr/mpfr-3.1.1/src/set_si.c -o set_si.o
libtool: compile:  gcc-4.7 -DTIME_WITH_SYS_TIME=1 -DHAVE_INTTYPES_H=1 -DHAVE_STDINT_H=1 -DHAVE_LOCALE_H=1 -DHAVE_WCHAR_H=1 -DHAVE_STDARG=1 -DHAVE_SYS_TIME_H=1 -DHAVE_ALLOCA_H=1 -DHAVE_STDINT_H=1 -DHAVE_VA_COPY=1 -DHAVE_SETLOCALE=1 -DHAVE_GETTIMEOFDAY=1 -DHAVE_LONG_LONG=1 -DHAVE_INTMAX_T=1 -DMPFR_HAVE_INTMAX_MAX=1 -DMPFR_HAVE_FESETROUND=1 -DHAVE_DENORMS=1 -DHAVE_ROUND=1 -DHAVE_TRUNC=1 -DHAVE_FLOOR=1 -DHAVE_CEIL=1 -DHAVE_NEARBYINT=1 -DHAVE_LDOUBLE_IEEE_EXT_LITTLE=1 -DMPFR_USE_THREAD_SAFE=1 -DLT_OBJDIR=\".libs/\" -DHAVE_ATTRIBUTE_MODE=1 -DHAVE___GMPN_ROOTREM=1 -DHAVE___GMPN_SBPI1_DIVAPPR_Q=1 -I. -I../.././../mpfr/mpfr-3.1.1/src -I/home/sparksco/android/toolchain/aosp/build/temp-install/include -Wall -Wmissing-prototypes -Wpointer-arith -g -O2 -MT set_str.lo -MD -MP -MF .deps/set_str.Tpo -c ../.././../mpfr/mpfr-3.1.1/src/set_str.c -o set_str.o
mv -f .deps/set_q.Tpo .deps/set_q.Plo
yes
/bin/bash ../libtool --tag=CC   --mode=compile gcc-4.7 -DTIME_WITH_SYS_TIME=1 -DHAVE_INTTYPES_H=1 -DHAVE_STDINT_H=1 -DHAVE_LOCALE_H=1 -DHAVE_WCHAR_H=1 -DHAVE_STDARG=1 -DHAVE_SYS_TIME_H=1 -DHAVE_ALLOCA_H=1 -DHAVE_STDINT_H=1 -DHAVE_VA_COPY=1 -DHAVE_SETLOCALE=1 -DHAVE_GETTIMEOFDAY=1 -DHAVE_LONG_LONG=1 -DHAVE_INTMAX_T=1 -DMPFR_HAVE_INTMAX_MAX=1 -DMPFR_HAVE_FESETROUND=1 -DHAVE_DENORMS=1 -DHAVE_ROUND=1 -DHAVE_TRUNC=1 -DHAVE_FLOOR=1 -DHAVE_CEIL=1 -DHAVE_NEARBYINT=1 -DHAVE_LDOUBLE_IEEE_EXT_LITTLE=1 -DMPFR_USE_THREAD_SAFE=1 -DLT_OBJDIR=\".libs/\" -DHAVE_ATTRIBUTE_MODE=1 -DHAVE___GMPN_ROOTREM=1 -DHAVE___GMPN_SBPI1_DIVAPPR_Q=1 -I. -I../.././../mpfr/mpfr-3.1.1/src   -I/home/sparksco/android/toolchain/aosp/build/temp-install/include  -Wall -Wmissing-prototypes -Wpointer-arith -g -O2 -MT sqrt_ui.lo -MD -MP -MF .deps/sqrt_ui.Tpo -c -o sqrt_ui.lo ../.././../mpfr/mpfr-3.1.1/src/sqrt_ui.c
libtool: compile:  gcc-4.7 -DTIME_WITH_SYS_TIME=1 -DHAVE_INTTYPES_H=1 -DHAVE_STDINT_H=1 -DHAVE_LOCALE_H=1 -DHAVE_WCHAR_H=1 -DHAVE_STDARG=1 -DHAVE_SYS_TIME_H=1 -DHAVE_ALLOCA_H=1 -DHAVE_STDINT_H=1 -DHAVE_VA_COPY=1 -DHAVE_SETLOCALE=1 -DHAVE_GETTIMEOFDAY=1 -DHAVE_LONG_LONG=1 -DHAVE_INTMAX_T=1 -DMPFR_HAVE_INTMAX_MAX=1 -DMPFR_HAVE_FESETROUND=1 -DHAVE_DENORMS=1 -DHAVE_ROUND=1 -DHAVE_TRUNC=1 -DHAVE_FLOOR=1 -DHAVE_CEIL=1 -DHAVE_NEARBYINT=1 -DHAVE_LDOUBLE_IEEE_EXT_LITTLE=1 -DMPFR_USE_THREAD_SAFE=1 -DLT_OBJDIR=\".libs/\" -DHAVE_ATTRIBUTE_MODE=1 -DHAVE___GMPN_ROOTREM=1 -DHAVE___GMPN_SBPI1_DIVAPPR_Q=1 -I. -I../.././../mpfr/mpfr-3.1.1/src -I/home/sparksco/android/toolchain/aosp/build/temp-install/include -Wall -Wmissing-prototypes -Wpointer-arith -g -O2 -MT set_ui.lo -MD -MP -MF .deps/set_ui.Tpo -c ../.././../mpfr/mpfr-3.1.1/src/set_ui.c -o set_ui.o
libtool: compile:  gcc-4.7 -DTIME_WITH_SYS_TIME=1 -DHAVE_INTTYPES_H=1 -DHAVE_STDINT_H=1 -DHAVE_LOCALE_H=1 -DHAVE_WCHAR_H=1 -DHAVE_STDARG=1 -DHAVE_SYS_TIME_H=1 -DHAVE_ALLOCA_H=1 -DHAVE_STDINT_H=1 -DHAVE_VA_COPY=1 -DHAVE_SETLOCALE=1 -DHAVE_GETTIMEOFDAY=1 -DHAVE_LONG_LONG=1 -DHAVE_INTMAX_T=1 -DMPFR_HAVE_INTMAX_MAX=1 -DMPFR_HAVE_FESETROUND=1 -DHAVE_DENORMS=1 -DHAVE_ROUND=1 -DHAVE_TRUNC=1 -DHAVE_FLOOR=1 -DHAVE_CEIL=1 -DHAVE_NEARBYINT=1 -DHAVE_LDOUBLE_IEEE_EXT_LITTLE=1 -DMPFR_USE_THREAD_SAFE=1 -DLT_OBJDIR=\".libs/\" -DHAVE_ATTRIBUTE_MODE=1 -DHAVE___GMPN_ROOTREM=1 -DHAVE___GMPN_SBPI1_DIVAPPR_Q=1 -I. -I../.././../mpfr/mpfr-3.1.1/src -I/home/sparksco/android/toolchain/aosp/build/temp-install/include -Wall -Wmissing-prototypes -Wpointer-arith -g -O2 -MT set_z.lo -MD -MP -MF .deps/set_z.Tpo -c ../.././../mpfr/mpfr-3.1.1/src/set_z.c -o set_z.o
mv -f .deps/round_prec.Tpo .deps/round_prec.Plo
libtool: compile:  gcc-4.7 -DTIME_WITH_SYS_TIME=1 -DHAVE_INTTYPES_H=1 -DHAVE_STDINT_H=1 -DHAVE_LOCALE_H=1 -DHAVE_WCHAR_H=1 -DHAVE_STDARG=1 -DHAVE_SYS_TIME_H=1 -DHAVE_ALLOCA_H=1 -DHAVE_STDINT_H=1 -DHAVE_VA_COPY=1 -DHAVE_SETLOCALE=1 -DHAVE_GETTIMEOFDAY=1 -DHAVE_LONG_LONG=1 -DHAVE_INTMAX_T=1 -DMPFR_HAVE_INTMAX_MAX=1 -DMPFR_HAVE_FESETROUND=1 -DHAVE_DENORMS=1 -DHAVE_ROUND=1 -DHAVE_TRUNC=1 -DHAVE_FLOOR=1 -DHAVE_CEIL=1 -DHAVE_NEARBYINT=1 -DHAVE_LDOUBLE_IEEE_EXT_LITTLE=1 -DMPFR_USE_THREAD_SAFE=1 -DLT_OBJDIR=\".libs/\" -DHAVE_ATTRIBUTE_MODE=1 -DHAVE___GMPN_ROOTREM=1 -DHAVE___GMPN_SBPI1_DIVAPPR_Q=1 -I. -I../.././../mpfr/mpfr-3.1.1/src -I/home/sparksco/android/toolchain/aosp/build/temp-install/include -Wall -Wmissing-prototypes -Wpointer-arith -g -O2 -MT sqrt.lo -MD -MP -MF .deps/sqrt.Tpo -c ../.././../mpfr/mpfr-3.1.1/src/sqrt.c -o sqrt.o
/bin/bash ../libtool --tag=CC   --mode=compile gcc-4.7 -DTIME_WITH_SYS_TIME=1 -DHAVE_INTTYPES_H=1 -DHAVE_STDINT_H=1 -DHAVE_LOCALE_H=1 -DHAVE_WCHAR_H=1 -DHAVE_STDARG=1 -DHAVE_SYS_TIME_H=1 -DHAVE_ALLOCA_H=1 -DHAVE_STDINT_H=1 -DHAVE_VA_COPY=1 -DHAVE_SETLOCALE=1 -DHAVE_GETTIMEOFDAY=1 -DHAVE_LONG_LONG=1 -DHAVE_INTMAX_T=1 -DMPFR_HAVE_INTMAX_MAX=1 -DMPFR_HAVE_FESETROUND=1 -DHAVE_DENORMS=1 -DHAVE_ROUND=1 -DHAVE_TRUNC=1 -DHAVE_FLOOR=1 -DHAVE_CEIL=1 -DHAVE_NEARBYINT=1 -DHAVE_LDOUBLE_IEEE_EXT_LITTLE=1 -DMPFR_USE_THREAD_SAFE=1 -DLT_OBJDIR=\".libs/\" -DHAVE_ATTRIBUTE_MODE=1 -DHAVE___GMPN_ROOTREM=1 -DHAVE___GMPN_SBPI1_DIVAPPR_Q=1 -I. -I../.././../mpfr/mpfr-3.1.1/src   -I/home/sparksco/android/toolchain/aosp/build/temp-install/include  -Wall -Wmissing-prototypes -Wpointer-arith -g -O2 -MT sub.lo -MD -MP -MF .deps/sub.Tpo -c -o sub.lo ../.././../mpfr/mpfr-3.1.1/src/sub.c
mv -f .deps/set_si.Tpo .deps/set_si.Plo
/bin/bash ../libtool --tag=CC   --mode=compile gcc-4.7 -DTIME_WITH_SYS_TIME=1 -DHAVE_INTTYPES_H=1 -DHAVE_STDINT_H=1 -DHAVE_LOCALE_H=1 -DHAVE_WCHAR_H=1 -DHAVE_STDARG=1 -DHAVE_SYS_TIME_H=1 -DHAVE_ALLOCA_H=1 -DHAVE_STDINT_H=1 -DHAVE_VA_COPY=1 -DHAVE_SETLOCALE=1 -DHAVE_GETTIMEOFDAY=1 -DHAVE_LONG_LONG=1 -DHAVE_INTMAX_T=1 -DMPFR_HAVE_INTMAX_MAX=1 -DMPFR_HAVE_FESETROUND=1 -DHAVE_DENORMS=1 -DHAVE_ROUND=1 -DHAVE_TRUNC=1 -DHAVE_FLOOR=1 -DHAVE_CEIL=1 -DHAVE_NEARBYINT=1 -DHAVE_LDOUBLE_IEEE_EXT_LITTLE=1 -DMPFR_USE_THREAD_SAFE=1 -DLT_OBJDIR=\".libs/\" -DHAVE_ATTRIBUTE_MODE=1 -DHAVE___GMPN_ROOTREM=1 -DHAVE___GMPN_SBPI1_DIVAPPR_Q=1 -I. -I../.././../mpfr/mpfr-3.1.1/src   -I/home/sparksco/android/toolchain/aosp/build/temp-install/include  -Wall -Wmissing-prototypes -Wpointer-arith -g -O2 -MT sub1.lo -MD -MP -MF .deps/sub1.Tpo -c -o sub1.lo ../.././../mpfr/mpfr-3.1.1/src/sub1.c
libtool: compile:  gcc-4.7 -DTIME_WITH_SYS_TIME=1 -DHAVE_INTTYPES_H=1 -DHAVE_STDINT_H=1 -DHAVE_LOCALE_H=1 -DHAVE_WCHAR_H=1 -DHAVE_STDARG=1 -DHAVE_SYS_TIME_H=1 -DHAVE_ALLOCA_H=1 -DHAVE_STDINT_H=1 -DHAVE_VA_COPY=1 -DHAVE_SETLOCALE=1 -DHAVE_GETTIMEOFDAY=1 -DHAVE_LONG_LONG=1 -DHAVE_INTMAX_T=1 -DMPFR_HAVE_INTMAX_MAX=1 -DMPFR_HAVE_FESETROUND=1 -DHAVE_DENORMS=1 -DHAVE_ROUND=1 -DHAVE_TRUNC=1 -DHAVE_FLOOR=1 -DHAVE_CEIL=1 -DHAVE_NEARBYINT=1 -DHAVE_LDOUBLE_IEEE_EXT_LITTLE=1 -DMPFR_USE_THREAD_SAFE=1 -DLT_OBJDIR=\".libs/\" -DHAVE_ATTRIBUTE_MODE=1 -DHAVE___GMPN_ROOTREM=1 -DHAVE___GMPN_SBPI1_DIVAPPR_Q=1 -I. -I../.././../mpfr/mpfr-3.1.1/src -I/home/sparksco/android/toolchain/aosp/build/temp-install/include -Wall -Wmissing-prototypes -Wpointer-arith -g -O2 -MT sqrt_ui.lo -MD -MP -MF .deps/sqrt_ui.Tpo -c ../.././../mpfr/mpfr-3.1.1/src/sqrt_ui.c -o sqrt_ui.o
mv -f .deps/set_str_raw.Tpo .deps/set_str_raw.Plo
checking whether wcschr is declared without a macro... /bin/bash ../libtool --tag=CC   --mode=compile gcc-4.7 -DTIME_WITH_SYS_TIME=1 -DHAVE_INTTYPES_H=1 -DHAVE_STDINT_H=1 -DHAVE_LOCALE_H=1 -DHAVE_WCHAR_H=1 -DHAVE_STDARG=1 -DHAVE_SYS_TIME_H=1 -DHAVE_ALLOCA_H=1 -DHAVE_STDINT_H=1 -DHAVE_VA_COPY=1 -DHAVE_SETLOCALE=1 -DHAVE_GETTIMEOFDAY=1 -DHAVE_LONG_LONG=1 -DHAVE_INTMAX_T=1 -DMPFR_HAVE_INTMAX_MAX=1 -DMPFR_HAVE_FESETROUND=1 -DHAVE_DENORMS=1 -DHAVE_ROUND=1 -DHAVE_TRUNC=1 -DHAVE_FLOOR=1 -DHAVE_CEIL=1 -DHAVE_NEARBYINT=1 -DHAVE_LDOUBLE_IEEE_EXT_LITTLE=1 -DMPFR_USE_THREAD_SAFE=1 -DLT_OBJDIR=\".libs/\" -DHAVE_ATTRIBUTE_MODE=1 -DHAVE___GMPN_ROOTREM=1 -DHAVE___GMPN_SBPI1_DIVAPPR_Q=1 -I. -I../.././../mpfr/mpfr-3.1.1/src   -I/home/sparksco/android/toolchain/aosp/build/temp-install/include  -Wall -Wmissing-prototypes -Wpointer-arith -g -O2 -MT sub_ui.lo -MD -MP -MF .deps/sub_ui.Tpo -c -o sub_ui.lo ../.././../mpfr/mpfr-3.1.1/src/sub_ui.c
mv -f .deps/set_ui.Tpo .deps/set_ui.Plo
mv -f .deps/set_str.Tpo .deps/set_str.Plo
mv -f .deps/set_z.Tpo .deps/set_z.Plo
/bin/bash ../libtool --tag=CC   --mode=compile gcc-4.7 -DTIME_WITH_SYS_TIME=1 -DHAVE_INTTYPES_H=1 -DHAVE_STDINT_H=1 -DHAVE_LOCALE_H=1 -DHAVE_WCHAR_H=1 -DHAVE_STDARG=1 -DHAVE_SYS_TIME_H=1 -DHAVE_ALLOCA_H=1 -DHAVE_STDINT_H=1 -DHAVE_VA_COPY=1 -DHAVE_SETLOCALE=1 -DHAVE_GETTIMEOFDAY=1 -DHAVE_LONG_LONG=1 -DHAVE_INTMAX_T=1 -DMPFR_HAVE_INTMAX_MAX=1 -DMPFR_HAVE_FESETROUND=1 -DHAVE_DENORMS=1 -DHAVE_ROUND=1 -DHAVE_TRUNC=1 -DHAVE_FLOOR=1 -DHAVE_CEIL=1 -DHAVE_NEARBYINT=1 -DHAVE_LDOUBLE_IEEE_EXT_LITTLE=1 -DMPFR_USE_THREAD_SAFE=1 -DLT_OBJDIR=\".libs/\" -DHAVE_ATTRIBUTE_MODE=1 -DHAVE___GMPN_ROOTREM=1 -DHAVE___GMPN_SBPI1_DIVAPPR_Q=1 -I. -I../.././../mpfr/mpfr-3.1.1/src   -I/home/sparksco/android/toolchain/aosp/build/temp-install/include  -Wall -Wmissing-prototypes -Wpointer-arith -g -O2 -MT rint.lo -MD -MP -MF .deps/rint.Tpo -c -o rint.lo ../.././../mpfr/mpfr-3.1.1/src/rint.c
/bin/bash ../libtool --tag=CC   --mode=compile gcc-4.7 -DTIME_WITH_SYS_TIME=1 -DHAVE_INTTYPES_H=1 -DHAVE_STDINT_H=1 -DHAVE_LOCALE_H=1 -DHAVE_WCHAR_H=1 -DHAVE_STDARG=1 -DHAVE_SYS_TIME_H=1 -DHAVE_ALLOCA_H=1 -DHAVE_STDINT_H=1 -DHAVE_VA_COPY=1 -DHAVE_SETLOCALE=1 -DHAVE_GETTIMEOFDAY=1 -DHAVE_LONG_LONG=1 -DHAVE_INTMAX_T=1 -DMPFR_HAVE_INTMAX_MAX=1 -DMPFR_HAVE_FESETROUND=1 -DHAVE_DENORMS=1 -DHAVE_ROUND=1 -DHAVE_TRUNC=1 -DHAVE_FLOOR=1 -DHAVE_CEIL=1 -DHAVE_NEARBYINT=1 -DHAVE_LDOUBLE_IEEE_EXT_LITTLE=1 -DMPFR_USE_THREAD_SAFE=1 -DLT_OBJDIR=\".libs/\" -DHAVE_ATTRIBUTE_MODE=1 -DHAVE___GMPN_ROOTREM=1 -DHAVE___GMPN_SBPI1_DIVAPPR_Q=1 -I. -I../.././../mpfr/mpfr-3.1.1/src   -I/home/sparksco/android/toolchain/aosp/build/temp-install/include  -Wall -Wmissing-prototypes -Wpointer-arith -g -O2 -MT ui_div.lo -MD -MP -MF .deps/ui_div.Tpo -c -o ui_div.lo ../.././../mpfr/mpfr-3.1.1/src/ui_div.c
/bin/bash ../libtool --tag=CC   --mode=compile gcc-4.7 -DTIME_WITH_SYS_TIME=1 -DHAVE_INTTYPES_H=1 -DHAVE_STDINT_H=1 -DHAVE_LOCALE_H=1 -DHAVE_WCHAR_H=1 -DHAVE_STDARG=1 -DHAVE_SYS_TIME_H=1 -DHAVE_ALLOCA_H=1 -DHAVE_STDINT_H=1 -DHAVE_VA_COPY=1 -DHAVE_SETLOCALE=1 -DHAVE_GETTIMEOFDAY=1 -DHAVE_LONG_LONG=1 -DHAVE_INTMAX_T=1 -DMPFR_HAVE_INTMAX_MAX=1 -DMPFR_HAVE_FESETROUND=1 -DHAVE_DENORMS=1 -DHAVE_ROUND=1 -DHAVE_TRUNC=1 -DHAVE_FLOOR=1 -DHAVE_CEIL=1 -DHAVE_NEARBYINT=1 -DHAVE_LDOUBLE_IEEE_EXT_LITTLE=1 -DMPFR_USE_THREAD_SAFE=1 -DLT_OBJDIR=\".libs/\" -DHAVE_ATTRIBUTE_MODE=1 -DHAVE___GMPN_ROOTREM=1 -DHAVE___GMPN_SBPI1_DIVAPPR_Q=1 -I. -I../.././../mpfr/mpfr-3.1.1/src   -I/home/sparksco/android/toolchain/aosp/build/temp-install/include  -Wall -Wmissing-prototypes -Wpointer-arith -g -O2 -MT ui_sub.lo -MD -MP -MF .deps/ui_sub.Tpo -c -o ui_sub.lo ../.././../mpfr/mpfr-3.1.1/src/ui_sub.c
libtool: compile:  gcc-4.7 -DTIME_WITH_SYS_TIME=1 -DHAVE_INTTYPES_H=1 -DHAVE_STDINT_H=1 -DHAVE_LOCALE_H=1 -DHAVE_WCHAR_H=1 -DHAVE_STDARG=1 -DHAVE_SYS_TIME_H=1 -DHAVE_ALLOCA_H=1 -DHAVE_STDINT_H=1 -DHAVE_VA_COPY=1 -DHAVE_SETLOCALE=1 -DHAVE_GETTIMEOFDAY=1 -DHAVE_LONG_LONG=1 -DHAVE_INTMAX_T=1 -DMPFR_HAVE_INTMAX_MAX=1 -DMPFR_HAVE_FESETROUND=1 -DHAVE_DENORMS=1 -DHAVE_ROUND=1 -DHAVE_TRUNC=1 -DHAVE_FLOOR=1 -DHAVE_CEIL=1 -DHAVE_NEARBYINT=1 -DHAVE_LDOUBLE_IEEE_EXT_LITTLE=1 -DMPFR_USE_THREAD_SAFE=1 -DLT_OBJDIR=\".libs/\" -DHAVE_ATTRIBUTE_MODE=1 -DHAVE___GMPN_ROOTREM=1 -DHAVE___GMPN_SBPI1_DIVAPPR_Q=1 -I. -I../.././../mpfr/mpfr-3.1.1/src -I/home/sparksco/android/toolchain/aosp/build/temp-install/include -Wall -Wmissing-prototypes -Wpointer-arith -g -O2 -MT sub.lo -MD -MP -MF .deps/sub.Tpo -c ../.././../mpfr/mpfr-3.1.1/src/sub.c -o sub.o
yes
libtool: compile:  gcc-4.7 -DTIME_WITH_SYS_TIME=1 -DHAVE_INTTYPES_H=1 -DHAVE_STDINT_H=1 -DHAVE_LOCALE_H=1 -DHAVE_WCHAR_H=1 -DHAVE_STDARG=1 -DHAVE_SYS_TIME_H=1 -DHAVE_ALLOCA_H=1 -DHAVE_STDINT_H=1 -DHAVE_VA_COPY=1 -DHAVE_SETLOCALE=1 -DHAVE_GETTIMEOFDAY=1 -DHAVE_LONG_LONG=1 -DHAVE_INTMAX_T=1 -DMPFR_HAVE_INTMAX_MAX=1 -DMPFR_HAVE_FESETROUND=1 -DHAVE_DENORMS=1 -DHAVE_ROUND=1 -DHAVE_TRUNC=1 -DHAVE_FLOOR=1 -DHAVE_CEIL=1 -DHAVE_NEARBYINT=1 -DHAVE_LDOUBLE_IEEE_EXT_LITTLE=1 -DMPFR_USE_THREAD_SAFE=1 -DLT_OBJDIR=\".libs/\" -DHAVE_ATTRIBUTE_MODE=1 -DHAVE___GMPN_ROOTREM=1 -DHAVE___GMPN_SBPI1_DIVAPPR_Q=1 -I. -I../.././../mpfr/mpfr-3.1.1/src -I/home/sparksco/android/toolchain/aosp/build/temp-install/include -Wall -Wmissing-prototypes -Wpointer-arith -g -O2 -MT sub1.lo -MD -MP -MF .deps/sub1.Tpo -c ../.././../mpfr/mpfr-3.1.1/src/sub1.c -o sub1.o
libtool: compile:  gcc-4.7 -DTIME_WITH_SYS_TIME=1 -DHAVE_INTTYPES_H=1 -DHAVE_STDINT_H=1 -DHAVE_LOCALE_H=1 -DHAVE_WCHAR_H=1 -DHAVE_STDARG=1 -DHAVE_SYS_TIME_H=1 -DHAVE_ALLOCA_H=1 -DHAVE_STDINT_H=1 -DHAVE_VA_COPY=1 -DHAVE_SETLOCALE=1 -DHAVE_GETTIMEOFDAY=1 -DHAVE_LONG_LONG=1 -DHAVE_INTMAX_T=1 -DMPFR_HAVE_INTMAX_MAX=1 -DMPFR_HAVE_FESETROUND=1 -DHAVE_DENORMS=1 -DHAVE_ROUND=1 -DHAVE_TRUNC=1 -DHAVE_FLOOR=1 -DHAVE_CEIL=1 -DHAVE_NEARBYINT=1 -DHAVE_LDOUBLE_IEEE_EXT_LITTLE=1 -DMPFR_USE_THREAD_SAFE=1 -DLT_OBJDIR=\".libs/\" -DHAVE_ATTRIBUTE_MODE=1 -DHAVE___GMPN_ROOTREM=1 -DHAVE___GMPN_SBPI1_DIVAPPR_Q=1 -I. -I../.././../mpfr/mpfr-3.1.1/src -I/home/sparksco/android/toolchain/aosp/build/temp-install/include -Wall -Wmissing-prototypes -Wpointer-arith -g -O2 -MT rint.lo -MD -MP -MF .deps/rint.Tpo -c ../.././../mpfr/mpfr-3.1.1/src/rint.c -o rint.o
checking whether wcsrchr is declared without a macro... libtool: compile:  gcc-4.7 -DTIME_WITH_SYS_TIME=1 -DHAVE_INTTYPES_H=1 -DHAVE_STDINT_H=1 -DHAVE_LOCALE_H=1 -DHAVE_WCHAR_H=1 -DHAVE_STDARG=1 -DHAVE_SYS_TIME_H=1 -DHAVE_ALLOCA_H=1 -DHAVE_STDINT_H=1 -DHAVE_VA_COPY=1 -DHAVE_SETLOCALE=1 -DHAVE_GETTIMEOFDAY=1 -DHAVE_LONG_LONG=1 -DHAVE_INTMAX_T=1 -DMPFR_HAVE_INTMAX_MAX=1 -DMPFR_HAVE_FESETROUND=1 -DHAVE_DENORMS=1 -DHAVE_ROUND=1 -DHAVE_TRUNC=1 -DHAVE_FLOOR=1 -DHAVE_CEIL=1 -DHAVE_NEARBYINT=1 -DHAVE_LDOUBLE_IEEE_EXT_LITTLE=1 -DMPFR_USE_THREAD_SAFE=1 -DLT_OBJDIR=\".libs/\" -DHAVE_ATTRIBUTE_MODE=1 -DHAVE___GMPN_ROOTREM=1 -DHAVE___GMPN_SBPI1_DIVAPPR_Q=1 -I. -I../.././../mpfr/mpfr-3.1.1/src -I/home/sparksco/android/toolchain/aosp/build/temp-install/include -Wall -Wmissing-prototypes -Wpointer-arith -g -O2 -MT ui_div.lo -MD -MP -MF .deps/ui_div.Tpo -c ../.././../mpfr/mpfr-3.1.1/src/ui_div.c -o ui_div.o
libtool: compile:  gcc-4.7 -DTIME_WITH_SYS_TIME=1 -DHAVE_INTTYPES_H=1 -DHAVE_STDINT_H=1 -DHAVE_LOCALE_H=1 -DHAVE_WCHAR_H=1 -DHAVE_STDARG=1 -DHAVE_SYS_TIME_H=1 -DHAVE_ALLOCA_H=1 -DHAVE_STDINT_H=1 -DHAVE_VA_COPY=1 -DHAVE_SETLOCALE=1 -DHAVE_GETTIMEOFDAY=1 -DHAVE_LONG_LONG=1 -DHAVE_INTMAX_T=1 -DMPFR_HAVE_INTMAX_MAX=1 -DMPFR_HAVE_FESETROUND=1 -DHAVE_DENORMS=1 -DHAVE_ROUND=1 -DHAVE_TRUNC=1 -DHAVE_FLOOR=1 -DHAVE_CEIL=1 -DHAVE_NEARBYINT=1 -DHAVE_LDOUBLE_IEEE_EXT_LITTLE=1 -DMPFR_USE_THREAD_SAFE=1 -DLT_OBJDIR=\".libs/\" -DHAVE_ATTRIBUTE_MODE=1 -DHAVE___GMPN_ROOTREM=1 -DHAVE___GMPN_SBPI1_DIVAPPR_Q=1 -I. -I../.././../mpfr/mpfr-3.1.1/src -I/home/sparksco/android/toolchain/aosp/build/temp-install/include -Wall -Wmissing-prototypes -Wpointer-arith -g -O2 -MT sub_ui.lo -MD -MP -MF .deps/sub_ui.Tpo -c ../.././../mpfr/mpfr-3.1.1/src/sub_ui.c -o sub_ui.o
mv -f .deps/sqrt_ui.Tpo .deps/sqrt_ui.Plo
/bin/bash ../libtool --tag=CC   --mode=compile gcc-4.7 -DTIME_WITH_SYS_TIME=1 -DHAVE_INTTYPES_H=1 -DHAVE_STDINT_H=1 -DHAVE_LOCALE_H=1 -DHAVE_WCHAR_H=1 -DHAVE_STDARG=1 -DHAVE_SYS_TIME_H=1 -DHAVE_ALLOCA_H=1 -DHAVE_STDINT_H=1 -DHAVE_VA_COPY=1 -DHAVE_SETLOCALE=1 -DHAVE_GETTIMEOFDAY=1 -DHAVE_LONG_LONG=1 -DHAVE_INTMAX_T=1 -DMPFR_HAVE_INTMAX_MAX=1 -DMPFR_HAVE_FESETROUND=1 -DHAVE_DENORMS=1 -DHAVE_ROUND=1 -DHAVE_TRUNC=1 -DHAVE_FLOOR=1 -DHAVE_CEIL=1 -DHAVE_NEARBYINT=1 -DHAVE_LDOUBLE_IEEE_EXT_LITTLE=1 -DMPFR_USE_THREAD_SAFE=1 -DLT_OBJDIR=\".libs/\" -DHAVE_ATTRIBUTE_MODE=1 -DHAVE___GMPN_ROOTREM=1 -DHAVE___GMPN_SBPI1_DIVAPPR_Q=1 -I. -I../.././../mpfr/mpfr-3.1.1/src   -I/home/sparksco/android/toolchain/aosp/build/temp-install/include  -Wall -Wmissing-prototypes -Wpointer-arith -g -O2 -MT urandom.lo -MD -MP -MF .deps/urandom.Tpo -c -o urandom.lo ../.././../mpfr/mpfr-3.1.1/src/urandom.c
libtool: compile:  gcc-4.7 -DTIME_WITH_SYS_TIME=1 -DHAVE_INTTYPES_H=1 -DHAVE_STDINT_H=1 -DHAVE_LOCALE_H=1 -DHAVE_WCHAR_H=1 -DHAVE_STDARG=1 -DHAVE_SYS_TIME_H=1 -DHAVE_ALLOCA_H=1 -DHAVE_STDINT_H=1 -DHAVE_VA_COPY=1 -DHAVE_SETLOCALE=1 -DHAVE_GETTIMEOFDAY=1 -DHAVE_LONG_LONG=1 -DHAVE_INTMAX_T=1 -DMPFR_HAVE_INTMAX_MAX=1 -DMPFR_HAVE_FESETROUND=1 -DHAVE_DENORMS=1 -DHAVE_ROUND=1 -DHAVE_TRUNC=1 -DHAVE_FLOOR=1 -DHAVE_CEIL=1 -DHAVE_NEARBYINT=1 -DHAVE_LDOUBLE_IEEE_EXT_LITTLE=1 -DMPFR_USE_THREAD_SAFE=1 -DLT_OBJDIR=\".libs/\" -DHAVE_ATTRIBUTE_MODE=1 -DHAVE___GMPN_ROOTREM=1 -DHAVE___GMPN_SBPI1_DIVAPPR_Q=1 -I. -I../.././../mpfr/mpfr-3.1.1/src -I/home/sparksco/android/toolchain/aosp/build/temp-install/include -Wall -Wmissing-prototypes -Wpointer-arith -g -O2 -MT ui_sub.lo -MD -MP -MF .deps/ui_sub.Tpo -c ../.././../mpfr/mpfr-3.1.1/src/ui_sub.c -o ui_sub.o
yes
checking whether wcscspn is declared without a macro... mv -f .deps/sub.Tpo .deps/sub.Plo
/bin/bash ../libtool --tag=CC   --mode=compile gcc-4.7 -DTIME_WITH_SYS_TIME=1 -DHAVE_INTTYPES_H=1 -DHAVE_STDINT_H=1 -DHAVE_LOCALE_H=1 -DHAVE_WCHAR_H=1 -DHAVE_STDARG=1 -DHAVE_SYS_TIME_H=1 -DHAVE_ALLOCA_H=1 -DHAVE_STDINT_H=1 -DHAVE_VA_COPY=1 -DHAVE_SETLOCALE=1 -DHAVE_GETTIMEOFDAY=1 -DHAVE_LONG_LONG=1 -DHAVE_INTMAX_T=1 -DMPFR_HAVE_INTMAX_MAX=1 -DMPFR_HAVE_FESETROUND=1 -DHAVE_DENORMS=1 -DHAVE_ROUND=1 -DHAVE_TRUNC=1 -DHAVE_FLOOR=1 -DHAVE_CEIL=1 -DHAVE_NEARBYINT=1 -DHAVE_LDOUBLE_IEEE_EXT_LITTLE=1 -DMPFR_USE_THREAD_SAFE=1 -DLT_OBJDIR=\".libs/\" -DHAVE_ATTRIBUTE_MODE=1 -DHAVE___GMPN_ROOTREM=1 -DHAVE___GMPN_SBPI1_DIVAPPR_Q=1 -I. -I../.././../mpfr/mpfr-3.1.1/src   -I/home/sparksco/android/toolchain/aosp/build/temp-install/include  -Wall -Wmissing-prototypes -Wpointer-arith -g -O2 -MT urandomb.lo -MD -MP -MF .deps/urandomb.Tpo -c -o urandomb.lo ../.././../mpfr/mpfr-3.1.1/src/urandomb.c
mv -f .deps/sqrt.Tpo .deps/sqrt.Plo
mv -f .deps/sub_ui.Tpo .deps/sub_ui.Plo
libtool: compile:  gcc-4.7 -DTIME_WITH_SYS_TIME=1 -DHAVE_INTTYPES_H=1 -DHAVE_STDINT_H=1 -DHAVE_LOCALE_H=1 -DHAVE_WCHAR_H=1 -DHAVE_STDARG=1 -DHAVE_SYS_TIME_H=1 -DHAVE_ALLOCA_H=1 -DHAVE_STDINT_H=1 -DHAVE_VA_COPY=1 -DHAVE_SETLOCALE=1 -DHAVE_GETTIMEOFDAY=1 -DHAVE_LONG_LONG=1 -DHAVE_INTMAX_T=1 -DMPFR_HAVE_INTMAX_MAX=1 -DMPFR_HAVE_FESETROUND=1 -DHAVE_DENORMS=1 -DHAVE_ROUND=1 -DHAVE_TRUNC=1 -DHAVE_FLOOR=1 -DHAVE_CEIL=1 -DHAVE_NEARBYINT=1 -DHAVE_LDOUBLE_IEEE_EXT_LITTLE=1 -DMPFR_USE_THREAD_SAFE=1 -DLT_OBJDIR=\".libs/\" -DHAVE_ATTRIBUTE_MODE=1 -DHAVE___GMPN_ROOTREM=1 -DHAVE___GMPN_SBPI1_DIVAPPR_Q=1 -I. -I../.././../mpfr/mpfr-3.1.1/src -I/home/sparksco/android/toolchain/aosp/build/temp-install/include -Wall -Wmissing-prototypes -Wpointer-arith -g -O2 -MT urandom.lo -MD -MP -MF .deps/urandom.Tpo -c ../.././../mpfr/mpfr-3.1.1/src/urandom.c -o urandom.o
mv -f .deps/ui_div.Tpo .deps/ui_div.Plo
/bin/bash ../libtool --tag=CC   --mode=compile gcc-4.7 -DTIME_WITH_SYS_TIME=1 -DHAVE_INTTYPES_H=1 -DHAVE_STDINT_H=1 -DHAVE_LOCALE_H=1 -DHAVE_WCHAR_H=1 -DHAVE_STDARG=1 -DHAVE_SYS_TIME_H=1 -DHAVE_ALLOCA_H=1 -DHAVE_STDINT_H=1 -DHAVE_VA_COPY=1 -DHAVE_SETLOCALE=1 -DHAVE_GETTIMEOFDAY=1 -DHAVE_LONG_LONG=1 -DHAVE_INTMAX_T=1 -DMPFR_HAVE_INTMAX_MAX=1 -DMPFR_HAVE_FESETROUND=1 -DHAVE_DENORMS=1 -DHAVE_ROUND=1 -DHAVE_TRUNC=1 -DHAVE_FLOOR=1 -DHAVE_CEIL=1 -DHAVE_NEARBYINT=1 -DHAVE_LDOUBLE_IEEE_EXT_LITTLE=1 -DMPFR_USE_THREAD_SAFE=1 -DLT_OBJDIR=\".libs/\" -DHAVE_ATTRIBUTE_MODE=1 -DHAVE___GMPN_ROOTREM=1 -DHAVE___GMPN_SBPI1_DIVAPPR_Q=1 -I. -I../.././../mpfr/mpfr-3.1.1/src   -I/home/sparksco/android/toolchain/aosp/build/temp-install/include  -Wall -Wmissing-prototypes -Wpointer-arith -g -O2 -MT get_z_exp.lo -MD -MP -MF .deps/get_z_exp.Tpo -c -o get_z_exp.lo ../.././../mpfr/mpfr-3.1.1/src/get_z_exp.c
/bin/bash ../libtool --tag=CC   --mode=compile gcc-4.7 -DTIME_WITH_SYS_TIME=1 -DHAVE_INTTYPES_H=1 -DHAVE_STDINT_H=1 -DHAVE_LOCALE_H=1 -DHAVE_WCHAR_H=1 -DHAVE_STDARG=1 -DHAVE_SYS_TIME_H=1 -DHAVE_ALLOCA_H=1 -DHAVE_STDINT_H=1 -DHAVE_VA_COPY=1 -DHAVE_SETLOCALE=1 -DHAVE_GETTIMEOFDAY=1 -DHAVE_LONG_LONG=1 -DHAVE_INTMAX_T=1 -DMPFR_HAVE_INTMAX_MAX=1 -DMPFR_HAVE_FESETROUND=1 -DHAVE_DENORMS=1 -DHAVE_ROUND=1 -DHAVE_TRUNC=1 -DHAVE_FLOOR=1 -DHAVE_CEIL=1 -DHAVE_NEARBYINT=1 -DHAVE_LDOUBLE_IEEE_EXT_LITTLE=1 -DMPFR_USE_THREAD_SAFE=1 -DLT_OBJDIR=\".libs/\" -DHAVE_ATTRIBUTE_MODE=1 -DHAVE___GMPN_ROOTREM=1 -DHAVE___GMPN_SBPI1_DIVAPPR_Q=1 -I. -I../.././../mpfr/mpfr-3.1.1/src   -I/home/sparksco/android/toolchain/aosp/build/temp-install/include  -Wall -Wmissing-prototypes -Wpointer-arith -g -O2 -MT swap.lo -MD -MP -MF .deps/swap.Tpo -c -o swap.lo ../.././../mpfr/mpfr-3.1.1/src/swap.c
libtool: compile:  gcc-4.7 -DTIME_WITH_SYS_TIME=1 -DHAVE_INTTYPES_H=1 -DHAVE_STDINT_H=1 -DHAVE_LOCALE_H=1 -DHAVE_WCHAR_H=1 -DHAVE_STDARG=1 -DHAVE_SYS_TIME_H=1 -DHAVE_ALLOCA_H=1 -DHAVE_STDINT_H=1 -DHAVE_VA_COPY=1 -DHAVE_SETLOCALE=1 -DHAVE_GETTIMEOFDAY=1 -DHAVE_LONG_LONG=1 -DHAVE_INTMAX_T=1 -DMPFR_HAVE_INTMAX_MAX=1 -DMPFR_HAVE_FESETROUND=1 -DHAVE_DENORMS=1 -DHAVE_ROUND=1 -DHAVE_TRUNC=1 -DHAVE_FLOOR=1 -DHAVE_CEIL=1 -DHAVE_NEARBYINT=1 -DHAVE_LDOUBLE_IEEE_EXT_LITTLE=1 -DMPFR_USE_THREAD_SAFE=1 -DLT_OBJDIR=\".libs/\" -DHAVE_ATTRIBUTE_MODE=1 -DHAVE___GMPN_ROOTREM=1 -DHAVE___GMPN_SBPI1_DIVAPPR_Q=1 -I. -I../.././../mpfr/mpfr-3.1.1/src -I/home/sparksco/android/toolchain/aosp/build/temp-install/include -Wall -Wmissing-prototypes -Wpointer-arith -g -O2 -MT urandomb.lo -MD -MP -MF .deps/urandomb.Tpo -c ../.././../mpfr/mpfr-3.1.1/src/urandomb.c -o urandomb.o
yes
/bin/bash ../libtool --tag=CC   --mode=compile gcc-4.7 -DTIME_WITH_SYS_TIME=1 -DHAVE_INTTYPES_H=1 -DHAVE_STDINT_H=1 -DHAVE_LOCALE_H=1 -DHAVE_WCHAR_H=1 -DHAVE_STDARG=1 -DHAVE_SYS_TIME_H=1 -DHAVE_ALLOCA_H=1 -DHAVE_STDINT_H=1 -DHAVE_VA_COPY=1 -DHAVE_SETLOCALE=1 -DHAVE_GETTIMEOFDAY=1 -DHAVE_LONG_LONG=1 -DHAVE_INTMAX_T=1 -DMPFR_HAVE_INTMAX_MAX=1 -DMPFR_HAVE_FESETROUND=1 -DHAVE_DENORMS=1 -DHAVE_ROUND=1 -DHAVE_TRUNC=1 -DHAVE_FLOOR=1 -DHAVE_CEIL=1 -DHAVE_NEARBYINT=1 -DHAVE_LDOUBLE_IEEE_EXT_LITTLE=1 -DMPFR_USE_THREAD_SAFE=1 -DLT_OBJDIR=\".libs/\" -DHAVE_ATTRIBUTE_MODE=1 -DHAVE___GMPN_ROOTREM=1 -DHAVE___GMPN_SBPI1_DIVAPPR_Q=1 -I. -I../.././../mpfr/mpfr-3.1.1/src   -I/home/sparksco/android/toolchain/aosp/build/temp-install/include  -Wall -Wmissing-prototypes -Wpointer-arith -g -O2 -MT factorial.lo -MD -MP -MF .deps/factorial.Tpo -c -o factorial.lo ../.././../mpfr/mpfr-3.1.1/src/factorial.c
mv -f .deps/ui_sub.Tpo .deps/ui_sub.Plo
/bin/bash ../libtool --tag=CC   --mode=compile gcc-4.7 -DTIME_WITH_SYS_TIME=1 -DHAVE_INTTYPES_H=1 -DHAVE_STDINT_H=1 -DHAVE_LOCALE_H=1 -DHAVE_WCHAR_H=1 -DHAVE_STDARG=1 -DHAVE_SYS_TIME_H=1 -DHAVE_ALLOCA_H=1 -DHAVE_STDINT_H=1 -DHAVE_VA_COPY=1 -DHAVE_SETLOCALE=1 -DHAVE_GETTIMEOFDAY=1 -DHAVE_LONG_LONG=1 -DHAVE_INTMAX_T=1 -DMPFR_HAVE_INTMAX_MAX=1 -DMPFR_HAVE_FESETROUND=1 -DHAVE_DENORMS=1 -DHAVE_ROUND=1 -DHAVE_TRUNC=1 -DHAVE_FLOOR=1 -DHAVE_CEIL=1 -DHAVE_NEARBYINT=1 -DHAVE_LDOUBLE_IEEE_EXT_LITTLE=1 -DMPFR_USE_THREAD_SAFE=1 -DLT_OBJDIR=\".libs/\" -DHAVE_ATTRIBUTE_MODE=1 -DHAVE___GMPN_ROOTREM=1 -DHAVE___GMPN_SBPI1_DIVAPPR_Q=1 -I. -I../.././../mpfr/mpfr-3.1.1/src   -I/home/sparksco/android/toolchain/aosp/build/temp-install/include  -Wall -Wmissing-prototypes -Wpointer-arith -g -O2 -MT cosh.lo -MD -MP -MF .deps/cosh.Tpo -c -o cosh.lo ../.././../mpfr/mpfr-3.1.1/src/cosh.c
checking whether wcsspn is declared without a macro... libtool: compile:  gcc-4.7 -DTIME_WITH_SYS_TIME=1 -DHAVE_INTTYPES_H=1 -DHAVE_STDINT_H=1 -DHAVE_LOCALE_H=1 -DHAVE_WCHAR_H=1 -DHAVE_STDARG=1 -DHAVE_SYS_TIME_H=1 -DHAVE_ALLOCA_H=1 -DHAVE_STDINT_H=1 -DHAVE_VA_COPY=1 -DHAVE_SETLOCALE=1 -DHAVE_GETTIMEOFDAY=1 -DHAVE_LONG_LONG=1 -DHAVE_INTMAX_T=1 -DMPFR_HAVE_INTMAX_MAX=1 -DMPFR_HAVE_FESETROUND=1 -DHAVE_DENORMS=1 -DHAVE_ROUND=1 -DHAVE_TRUNC=1 -DHAVE_FLOOR=1 -DHAVE_CEIL=1 -DHAVE_NEARBYINT=1 -DHAVE_LDOUBLE_IEEE_EXT_LITTLE=1 -DMPFR_USE_THREAD_SAFE=1 -DLT_OBJDIR=\".libs/\" -DHAVE_ATTRIBUTE_MODE=1 -DHAVE___GMPN_ROOTREM=1 -DHAVE___GMPN_SBPI1_DIVAPPR_Q=1 -I. -I../.././../mpfr/mpfr-3.1.1/src -I/home/sparksco/android/toolchain/aosp/build/temp-install/include -Wall -Wmissing-prototypes -Wpointer-arith -g -O2 -MT swap.lo -MD -MP -MF .deps/swap.Tpo -c ../.././../mpfr/mpfr-3.1.1/src/swap.c -o swap.o
libtool: compile:  gcc-4.7 -DTIME_WITH_SYS_TIME=1 -DHAVE_INTTYPES_H=1 -DHAVE_STDINT_H=1 -DHAVE_LOCALE_H=1 -DHAVE_WCHAR_H=1 -DHAVE_STDARG=1 -DHAVE_SYS_TIME_H=1 -DHAVE_ALLOCA_H=1 -DHAVE_STDINT_H=1 -DHAVE_VA_COPY=1 -DHAVE_SETLOCALE=1 -DHAVE_GETTIMEOFDAY=1 -DHAVE_LONG_LONG=1 -DHAVE_INTMAX_T=1 -DMPFR_HAVE_INTMAX_MAX=1 -DMPFR_HAVE_FESETROUND=1 -DHAVE_DENORMS=1 -DHAVE_ROUND=1 -DHAVE_TRUNC=1 -DHAVE_FLOOR=1 -DHAVE_CEIL=1 -DHAVE_NEARBYINT=1 -DHAVE_LDOUBLE_IEEE_EXT_LITTLE=1 -DMPFR_USE_THREAD_SAFE=1 -DLT_OBJDIR=\".libs/\" -DHAVE_ATTRIBUTE_MODE=1 -DHAVE___GMPN_ROOTREM=1 -DHAVE___GMPN_SBPI1_DIVAPPR_Q=1 -I. -I../.././../mpfr/mpfr-3.1.1/src -I/home/sparksco/android/toolchain/aosp/build/temp-install/include -Wall -Wmissing-prototypes -Wpointer-arith -g -O2 -MT get_z_exp.lo -MD -MP -MF .deps/get_z_exp.Tpo -c ../.././../mpfr/mpfr-3.1.1/src/get_z_exp.c -o get_z_exp.o
mv -f .deps/vasprintf.Tpo .deps/vasprintf.Plo
libtool: compile:  gcc-4.7 -DTIME_WITH_SYS_TIME=1 -DHAVE_INTTYPES_H=1 -DHAVE_STDINT_H=1 -DHAVE_LOCALE_H=1 -DHAVE_WCHAR_H=1 -DHAVE_STDARG=1 -DHAVE_SYS_TIME_H=1 -DHAVE_ALLOCA_H=1 -DHAVE_STDINT_H=1 -DHAVE_VA_COPY=1 -DHAVE_SETLOCALE=1 -DHAVE_GETTIMEOFDAY=1 -DHAVE_LONG_LONG=1 -DHAVE_INTMAX_T=1 -DMPFR_HAVE_INTMAX_MAX=1 -DMPFR_HAVE_FESETROUND=1 -DHAVE_DENORMS=1 -DHAVE_ROUND=1 -DHAVE_TRUNC=1 -DHAVE_FLOOR=1 -DHAVE_CEIL=1 -DHAVE_NEARBYINT=1 -DHAVE_LDOUBLE_IEEE_EXT_LITTLE=1 -DMPFR_USE_THREAD_SAFE=1 -DLT_OBJDIR=\".libs/\" -DHAVE_ATTRIBUTE_MODE=1 -DHAVE___GMPN_ROOTREM=1 -DHAVE___GMPN_SBPI1_DIVAPPR_Q=1 -I. -I../.././../mpfr/mpfr-3.1.1/src -I/home/sparksco/android/toolchain/aosp/build/temp-install/include -Wall -Wmissing-prototypes -Wpointer-arith -g -O2 -MT factorial.lo -MD -MP -MF .deps/factorial.Tpo -c ../.././../mpfr/mpfr-3.1.1/src/factorial.c -o factorial.o
/bin/bash ../libtool --tag=CC   --mode=compile gcc-4.7 -DTIME_WITH_SYS_TIME=1 -DHAVE_INTTYPES_H=1 -DHAVE_STDINT_H=1 -DHAVE_LOCALE_H=1 -DHAVE_WCHAR_H=1 -DHAVE_STDARG=1 -DHAVE_SYS_TIME_H=1 -DHAVE_ALLOCA_H=1 -DHAVE_STDINT_H=1 -DHAVE_VA_COPY=1 -DHAVE_SETLOCALE=1 -DHAVE_GETTIMEOFDAY=1 -DHAVE_LONG_LONG=1 -DHAVE_INTMAX_T=1 -DMPFR_HAVE_INTMAX_MAX=1 -DMPFR_HAVE_FESETROUND=1 -DHAVE_DENORMS=1 -DHAVE_ROUND=1 -DHAVE_TRUNC=1 -DHAVE_FLOOR=1 -DHAVE_CEIL=1 -DHAVE_NEARBYINT=1 -DHAVE_LDOUBLE_IEEE_EXT_LITTLE=1 -DMPFR_USE_THREAD_SAFE=1 -DLT_OBJDIR=\".libs/\" -DHAVE_ATTRIBUTE_MODE=1 -DHAVE___GMPN_ROOTREM=1 -DHAVE___GMPN_SBPI1_DIVAPPR_Q=1 -I. -I../.././../mpfr/mpfr-3.1.1/src   -I/home/sparksco/android/toolchain/aosp/build/temp-install/include  -Wall -Wmissing-prototypes -Wpointer-arith -g -O2 -MT sinh.lo -MD -MP -MF .deps/sinh.Tpo -c -o sinh.lo ../.././../mpfr/mpfr-3.1.1/src/sinh.c
libtool: compile:  gcc-4.7 -DTIME_WITH_SYS_TIME=1 -DHAVE_INTTYPES_H=1 -DHAVE_STDINT_H=1 -DHAVE_LOCALE_H=1 -DHAVE_WCHAR_H=1 -DHAVE_STDARG=1 -DHAVE_SYS_TIME_H=1 -DHAVE_ALLOCA_H=1 -DHAVE_STDINT_H=1 -DHAVE_VA_COPY=1 -DHAVE_SETLOCALE=1 -DHAVE_GETTIMEOFDAY=1 -DHAVE_LONG_LONG=1 -DHAVE_INTMAX_T=1 -DMPFR_HAVE_INTMAX_MAX=1 -DMPFR_HAVE_FESETROUND=1 -DHAVE_DENORMS=1 -DHAVE_ROUND=1 -DHAVE_TRUNC=1 -DHAVE_FLOOR=1 -DHAVE_CEIL=1 -DHAVE_NEARBYINT=1 -DHAVE_LDOUBLE_IEEE_EXT_LITTLE=1 -DMPFR_USE_THREAD_SAFE=1 -DLT_OBJDIR=\".libs/\" -DHAVE_ATTRIBUTE_MODE=1 -DHAVE___GMPN_ROOTREM=1 -DHAVE___GMPN_SBPI1_DIVAPPR_Q=1 -I. -I../.././../mpfr/mpfr-3.1.1/src -I/home/sparksco/android/toolchain/aosp/build/temp-install/include -Wall -Wmissing-prototypes -Wpointer-arith -g -O2 -MT cosh.lo -MD -MP -MF .deps/cosh.Tpo -c ../.././../mpfr/mpfr-3.1.1/src/cosh.c -o cosh.o
yes
mv -f .deps/urandom.Tpo .deps/urandom.Plo
/bin/bash ../libtool --tag=CC   --mode=compile gcc-4.7 -DTIME_WITH_SYS_TIME=1 -DHAVE_INTTYPES_H=1 -DHAVE_STDINT_H=1 -DHAVE_LOCALE_H=1 -DHAVE_WCHAR_H=1 -DHAVE_STDARG=1 -DHAVE_SYS_TIME_H=1 -DHAVE_ALLOCA_H=1 -DHAVE_STDINT_H=1 -DHAVE_VA_COPY=1 -DHAVE_SETLOCALE=1 -DHAVE_GETTIMEOFDAY=1 -DHAVE_LONG_LONG=1 -DHAVE_INTMAX_T=1 -DMPFR_HAVE_INTMAX_MAX=1 -DMPFR_HAVE_FESETROUND=1 -DHAVE_DENORMS=1 -DHAVE_ROUND=1 -DHAVE_TRUNC=1 -DHAVE_FLOOR=1 -DHAVE_CEIL=1 -DHAVE_NEARBYINT=1 -DHAVE_LDOUBLE_IEEE_EXT_LITTLE=1 -DMPFR_USE_THREAD_SAFE=1 -DLT_OBJDIR=\".libs/\" -DHAVE_ATTRIBUTE_MODE=1 -DHAVE___GMPN_ROOTREM=1 -DHAVE___GMPN_SBPI1_DIVAPPR_Q=1 -I. -I../.././../mpfr/mpfr-3.1.1/src   -I/home/sparksco/android/toolchain/aosp/build/temp-install/include  -Wall -Wmissing-prototypes -Wpointer-arith -g -O2 -MT tanh.lo -MD -MP -MF .deps/tanh.Tpo -c -o tanh.lo ../.././../mpfr/mpfr-3.1.1/src/tanh.c
libtool: compile:  gcc-4.7 -DTIME_WITH_SYS_TIME=1 -DHAVE_INTTYPES_H=1 -DHAVE_STDINT_H=1 -DHAVE_LOCALE_H=1 -DHAVE_WCHAR_H=1 -DHAVE_STDARG=1 -DHAVE_SYS_TIME_H=1 -DHAVE_ALLOCA_H=1 -DHAVE_STDINT_H=1 -DHAVE_VA_COPY=1 -DHAVE_SETLOCALE=1 -DHAVE_GETTIMEOFDAY=1 -DHAVE_LONG_LONG=1 -DHAVE_INTMAX_T=1 -DMPFR_HAVE_INTMAX_MAX=1 -DMPFR_HAVE_FESETROUND=1 -DHAVE_DENORMS=1 -DHAVE_ROUND=1 -DHAVE_TRUNC=1 -DHAVE_FLOOR=1 -DHAVE_CEIL=1 -DHAVE_NEARBYINT=1 -DHAVE_LDOUBLE_IEEE_EXT_LITTLE=1 -DMPFR_USE_THREAD_SAFE=1 -DLT_OBJDIR=\".libs/\" -DHAVE_ATTRIBUTE_MODE=1 -DHAVE___GMPN_ROOTREM=1 -DHAVE___GMPN_SBPI1_DIVAPPR_Q=1 -I. -I../.././../mpfr/mpfr-3.1.1/src -I/home/sparksco/android/toolchain/aosp/build/temp-install/include -Wall -Wmissing-prototypes -Wpointer-arith -g -O2 -MT sinh.lo -MD -MP -MF .deps/sinh.Tpo -c ../.././../mpfr/mpfr-3.1.1/src/sinh.c -o sinh.o
checking whether wcspbrk is declared without a macro... mv -f .deps/urandomb.Tpo .deps/urandomb.Plo
/bin/bash ../libtool --tag=CC   --mode=compile gcc-4.7 -DTIME_WITH_SYS_TIME=1 -DHAVE_INTTYPES_H=1 -DHAVE_STDINT_H=1 -DHAVE_LOCALE_H=1 -DHAVE_WCHAR_H=1 -DHAVE_STDARG=1 -DHAVE_SYS_TIME_H=1 -DHAVE_ALLOCA_H=1 -DHAVE_STDINT_H=1 -DHAVE_VA_COPY=1 -DHAVE_SETLOCALE=1 -DHAVE_GETTIMEOFDAY=1 -DHAVE_LONG_LONG=1 -DHAVE_INTMAX_T=1 -DMPFR_HAVE_INTMAX_MAX=1 -DMPFR_HAVE_FESETROUND=1 -DHAVE_DENORMS=1 -DHAVE_ROUND=1 -DHAVE_TRUNC=1 -DHAVE_FLOOR=1 -DHAVE_CEIL=1 -DHAVE_NEARBYINT=1 -DHAVE_LDOUBLE_IEEE_EXT_LITTLE=1 -DMPFR_USE_THREAD_SAFE=1 -DLT_OBJDIR=\".libs/\" -DHAVE_ATTRIBUTE_MODE=1 -DHAVE___GMPN_ROOTREM=1 -DHAVE___GMPN_SBPI1_DIVAPPR_Q=1 -I. -I../.././../mpfr/mpfr-3.1.1/src   -I/home/sparksco/android/toolchain/aosp/build/temp-install/include  -Wall -Wmissing-prototypes -Wpointer-arith -g -O2 -MT sinh_cosh.lo -MD -MP -MF .deps/sinh_cosh.Tpo -c -o sinh_cosh.lo ../.././../mpfr/mpfr-3.1.1/src/sinh_cosh.c
mv -f .deps/rint.Tpo .deps/rint.Plo
/bin/bash ../libtool --tag=CC   --mode=compile gcc-4.7 -DTIME_WITH_SYS_TIME=1 -DHAVE_INTTYPES_H=1 -DHAVE_STDINT_H=1 -DHAVE_LOCALE_H=1 -DHAVE_WCHAR_H=1 -DHAVE_STDARG=1 -DHAVE_SYS_TIME_H=1 -DHAVE_ALLOCA_H=1 -DHAVE_STDINT_H=1 -DHAVE_VA_COPY=1 -DHAVE_SETLOCALE=1 -DHAVE_GETTIMEOFDAY=1 -DHAVE_LONG_LONG=1 -DHAVE_INTMAX_T=1 -DMPFR_HAVE_INTMAX_MAX=1 -DMPFR_HAVE_FESETROUND=1 -DHAVE_DENORMS=1 -DHAVE_ROUND=1 -DHAVE_TRUNC=1 -DHAVE_FLOOR=1 -DHAVE_CEIL=1 -DHAVE_NEARBYINT=1 -DHAVE_LDOUBLE_IEEE_EXT_LITTLE=1 -DMPFR_USE_THREAD_SAFE=1 -DLT_OBJDIR=\".libs/\" -DHAVE_ATTRIBUTE_MODE=1 -DHAVE___GMPN_ROOTREM=1 -DHAVE___GMPN_SBPI1_DIVAPPR_Q=1 -I. -I../.././../mpfr/mpfr-3.1.1/src   -I/home/sparksco/android/toolchain/aosp/build/temp-install/include  -Wall -Wmissing-prototypes -Wpointer-arith -g -O2 -MT acosh.lo -MD -MP -MF .deps/acosh.Tpo -c -o acosh.lo ../.././../mpfr/mpfr-3.1.1/src/acosh.c
mv -f .deps/swap.Tpo .deps/swap.Plo
/bin/bash ../libtool --tag=CC   --mode=compile gcc-4.7 -DTIME_WITH_SYS_TIME=1 -DHAVE_INTTYPES_H=1 -DHAVE_STDINT_H=1 -DHAVE_LOCALE_H=1 -DHAVE_WCHAR_H=1 -DHAVE_STDARG=1 -DHAVE_SYS_TIME_H=1 -DHAVE_ALLOCA_H=1 -DHAVE_STDINT_H=1 -DHAVE_VA_COPY=1 -DHAVE_SETLOCALE=1 -DHAVE_GETTIMEOFDAY=1 -DHAVE_LONG_LONG=1 -DHAVE_INTMAX_T=1 -DMPFR_HAVE_INTMAX_MAX=1 -DMPFR_HAVE_FESETROUND=1 -DHAVE_DENORMS=1 -DHAVE_ROUND=1 -DHAVE_TRUNC=1 -DHAVE_FLOOR=1 -DHAVE_CEIL=1 -DHAVE_NEARBYINT=1 -DHAVE_LDOUBLE_IEEE_EXT_LITTLE=1 -DMPFR_USE_THREAD_SAFE=1 -DLT_OBJDIR=\".libs/\" -DHAVE_ATTRIBUTE_MODE=1 -DHAVE___GMPN_ROOTREM=1 -DHAVE___GMPN_SBPI1_DIVAPPR_Q=1 -I. -I../.././../mpfr/mpfr-3.1.1/src   -I/home/sparksco/android/toolchain/aosp/build/temp-install/include  -Wall -Wmissing-prototypes -Wpointer-arith -g -O2 -MT asinh.lo -MD -MP -MF .deps/asinh.Tpo -c -o asinh.lo ../.././../mpfr/mpfr-3.1.1/src/asinh.c
libtool: compile:  gcc-4.7 -DTIME_WITH_SYS_TIME=1 -DHAVE_INTTYPES_H=1 -DHAVE_STDINT_H=1 -DHAVE_LOCALE_H=1 -DHAVE_WCHAR_H=1 -DHAVE_STDARG=1 -DHAVE_SYS_TIME_H=1 -DHAVE_ALLOCA_H=1 -DHAVE_STDINT_H=1 -DHAVE_VA_COPY=1 -DHAVE_SETLOCALE=1 -DHAVE_GETTIMEOFDAY=1 -DHAVE_LONG_LONG=1 -DHAVE_INTMAX_T=1 -DMPFR_HAVE_INTMAX_MAX=1 -DMPFR_HAVE_FESETROUND=1 -DHAVE_DENORMS=1 -DHAVE_ROUND=1 -DHAVE_TRUNC=1 -DHAVE_FLOOR=1 -DHAVE_CEIL=1 -DHAVE_NEARBYINT=1 -DHAVE_LDOUBLE_IEEE_EXT_LITTLE=1 -DMPFR_USE_THREAD_SAFE=1 -DLT_OBJDIR=\".libs/\" -DHAVE_ATTRIBUTE_MODE=1 -DHAVE___GMPN_ROOTREM=1 -DHAVE___GMPN_SBPI1_DIVAPPR_Q=1 -I. -I../.././../mpfr/mpfr-3.1.1/src -I/home/sparksco/android/toolchain/aosp/build/temp-install/include -Wall -Wmissing-prototypes -Wpointer-arith -g -O2 -MT tanh.lo -MD -MP -MF .deps/tanh.Tpo -c ../.././../mpfr/mpfr-3.1.1/src/tanh.c -o tanh.o
mv -f .deps/get_z_exp.Tpo .deps/get_z_exp.Plo
/bin/bash ../libtool --tag=CC   --mode=compile gcc-4.7 -DTIME_WITH_SYS_TIME=1 -DHAVE_INTTYPES_H=1 -DHAVE_STDINT_H=1 -DHAVE_LOCALE_H=1 -DHAVE_WCHAR_H=1 -DHAVE_STDARG=1 -DHAVE_SYS_TIME_H=1 -DHAVE_ALLOCA_H=1 -DHAVE_STDINT_H=1 -DHAVE_VA_COPY=1 -DHAVE_SETLOCALE=1 -DHAVE_GETTIMEOFDAY=1 -DHAVE_LONG_LONG=1 -DHAVE_INTMAX_T=1 -DMPFR_HAVE_INTMAX_MAX=1 -DMPFR_HAVE_FESETROUND=1 -DHAVE_DENORMS=1 -DHAVE_ROUND=1 -DHAVE_TRUNC=1 -DHAVE_FLOOR=1 -DHAVE_CEIL=1 -DHAVE_NEARBYINT=1 -DHAVE_LDOUBLE_IEEE_EXT_LITTLE=1 -DMPFR_USE_THREAD_SAFE=1 -DLT_OBJDIR=\".libs/\" -DHAVE_ATTRIBUTE_MODE=1 -DHAVE___GMPN_ROOTREM=1 -DHAVE___GMPN_SBPI1_DIVAPPR_Q=1 -I. -I../.././../mpfr/mpfr-3.1.1/src   -I/home/sparksco/android/toolchain/aosp/build/temp-install/include  -Wall -Wmissing-prototypes -Wpointer-arith -g -O2 -MT atanh.lo -MD -MP -MF .deps/atanh.Tpo -c -o atanh.lo ../.././../mpfr/mpfr-3.1.1/src/atanh.c
libtool: compile:  gcc-4.7 -DTIME_WITH_SYS_TIME=1 -DHAVE_INTTYPES_H=1 -DHAVE_STDINT_H=1 -DHAVE_LOCALE_H=1 -DHAVE_WCHAR_H=1 -DHAVE_STDARG=1 -DHAVE_SYS_TIME_H=1 -DHAVE_ALLOCA_H=1 -DHAVE_STDINT_H=1 -DHAVE_VA_COPY=1 -DHAVE_SETLOCALE=1 -DHAVE_GETTIMEOFDAY=1 -DHAVE_LONG_LONG=1 -DHAVE_INTMAX_T=1 -DMPFR_HAVE_INTMAX_MAX=1 -DMPFR_HAVE_FESETROUND=1 -DHAVE_DENORMS=1 -DHAVE_ROUND=1 -DHAVE_TRUNC=1 -DHAVE_FLOOR=1 -DHAVE_CEIL=1 -DHAVE_NEARBYINT=1 -DHAVE_LDOUBLE_IEEE_EXT_LITTLE=1 -DMPFR_USE_THREAD_SAFE=1 -DLT_OBJDIR=\".libs/\" -DHAVE_ATTRIBUTE_MODE=1 -DHAVE___GMPN_ROOTREM=1 -DHAVE___GMPN_SBPI1_DIVAPPR_Q=1 -I. -I../.././../mpfr/mpfr-3.1.1/src -I/home/sparksco/android/toolchain/aosp/build/temp-install/include -Wall -Wmissing-prototypes -Wpointer-arith -g -O2 -MT acosh.lo -MD -MP -MF .deps/acosh.Tpo -c ../.././../mpfr/mpfr-3.1.1/src/acosh.c -o acosh.o
mv -f .deps/factorial.Tpo .deps/factorial.Plo
/bin/bash ../libtool --tag=CC   --mode=compile gcc-4.7 -DTIME_WITH_SYS_TIME=1 -DHAVE_INTTYPES_H=1 -DHAVE_STDINT_H=1 -DHAVE_LOCALE_H=1 -DHAVE_WCHAR_H=1 -DHAVE_STDARG=1 -DHAVE_SYS_TIME_H=1 -DHAVE_ALLOCA_H=1 -DHAVE_STDINT_H=1 -DHAVE_VA_COPY=1 -DHAVE_SETLOCALE=1 -DHAVE_GETTIMEOFDAY=1 -DHAVE_LONG_LONG=1 -DHAVE_INTMAX_T=1 -DMPFR_HAVE_INTMAX_MAX=1 -DMPFR_HAVE_FESETROUND=1 -DHAVE_DENORMS=1 -DHAVE_ROUND=1 -DHAVE_TRUNC=1 -DHAVE_FLOOR=1 -DHAVE_CEIL=1 -DHAVE_NEARBYINT=1 -DHAVE_LDOUBLE_IEEE_EXT_LITTLE=1 -DMPFR_USE_THREAD_SAFE=1 -DLT_OBJDIR=\".libs/\" -DHAVE_ATTRIBUTE_MODE=1 -DHAVE___GMPN_ROOTREM=1 -DHAVE___GMPN_SBPI1_DIVAPPR_Q=1 -I. -I../.././../mpfr/mpfr-3.1.1/src   -I/home/sparksco/android/toolchain/aosp/build/temp-install/include  -Wall -Wmissing-prototypes -Wpointer-arith -g -O2 -MT atan.lo -MD -MP -MF .deps/atan.Tpo -c -o atan.lo ../.././../mpfr/mpfr-3.1.1/src/atan.c
yes
libtool: compile:  gcc-4.7 -DTIME_WITH_SYS_TIME=1 -DHAVE_INTTYPES_H=1 -DHAVE_STDINT_H=1 -DHAVE_LOCALE_H=1 -DHAVE_WCHAR_H=1 -DHAVE_STDARG=1 -DHAVE_SYS_TIME_H=1 -DHAVE_ALLOCA_H=1 -DHAVE_STDINT_H=1 -DHAVE_VA_COPY=1 -DHAVE_SETLOCALE=1 -DHAVE_GETTIMEOFDAY=1 -DHAVE_LONG_LONG=1 -DHAVE_INTMAX_T=1 -DMPFR_HAVE_INTMAX_MAX=1 -DMPFR_HAVE_FESETROUND=1 -DHAVE_DENORMS=1 -DHAVE_ROUND=1 -DHAVE_TRUNC=1 -DHAVE_FLOOR=1 -DHAVE_CEIL=1 -DHAVE_NEARBYINT=1 -DHAVE_LDOUBLE_IEEE_EXT_LITTLE=1 -DMPFR_USE_THREAD_SAFE=1 -DLT_OBJDIR=\".libs/\" -DHAVE_ATTRIBUTE_MODE=1 -DHAVE___GMPN_ROOTREM=1 -DHAVE___GMPN_SBPI1_DIVAPPR_Q=1 -I. -I../.././../mpfr/mpfr-3.1.1/src -I/home/sparksco/android/toolchain/aosp/build/temp-install/include -Wall -Wmissing-prototypes -Wpointer-arith -g -O2 -MT sinh_cosh.lo -MD -MP -MF .deps/sinh_cosh.Tpo -c ../.././../mpfr/mpfr-3.1.1/src/sinh_cosh.c -o sinh_cosh.o
mv -f .deps/sub1.Tpo .deps/sub1.Plo
/bin/bash ../libtool --tag=CC   --mode=compile gcc-4.7 -DTIME_WITH_SYS_TIME=1 -DHAVE_INTTYPES_H=1 -DHAVE_STDINT_H=1 -DHAVE_LOCALE_H=1 -DHAVE_WCHAR_H=1 -DHAVE_STDARG=1 -DHAVE_SYS_TIME_H=1 -DHAVE_ALLOCA_H=1 -DHAVE_STDINT_H=1 -DHAVE_VA_COPY=1 -DHAVE_SETLOCALE=1 -DHAVE_GETTIMEOFDAY=1 -DHAVE_LONG_LONG=1 -DHAVE_INTMAX_T=1 -DMPFR_HAVE_INTMAX_MAX=1 -DMPFR_HAVE_FESETROUND=1 -DHAVE_DENORMS=1 -DHAVE_ROUND=1 -DHAVE_TRUNC=1 -DHAVE_FLOOR=1 -DHAVE_CEIL=1 -DHAVE_NEARBYINT=1 -DHAVE_LDOUBLE_IEEE_EXT_LITTLE=1 -DMPFR_USE_THREAD_SAFE=1 -DLT_OBJDIR=\".libs/\" -DHAVE_ATTRIBUTE_MODE=1 -DHAVE___GMPN_ROOTREM=1 -DHAVE___GMPN_SBPI1_DIVAPPR_Q=1 -I. -I../.././../mpfr/mpfr-3.1.1/src   -I/home/sparksco/android/toolchain/aosp/build/temp-install/include  -Wall -Wmissing-prototypes -Wpointer-arith -g -O2 -MT cmp2.lo -MD -MP -MF .deps/cmp2.Tpo -c -o cmp2.lo ../.././../mpfr/mpfr-3.1.1/src/cmp2.c
checking whether wcsstr is declared without a macro... libtool: compile:  gcc-4.7 -DTIME_WITH_SYS_TIME=1 -DHAVE_INTTYPES_H=1 -DHAVE_STDINT_H=1 -DHAVE_LOCALE_H=1 -DHAVE_WCHAR_H=1 -DHAVE_STDARG=1 -DHAVE_SYS_TIME_H=1 -DHAVE_ALLOCA_H=1 -DHAVE_STDINT_H=1 -DHAVE_VA_COPY=1 -DHAVE_SETLOCALE=1 -DHAVE_GETTIMEOFDAY=1 -DHAVE_LONG_LONG=1 -DHAVE_INTMAX_T=1 -DMPFR_HAVE_INTMAX_MAX=1 -DMPFR_HAVE_FESETROUND=1 -DHAVE_DENORMS=1 -DHAVE_ROUND=1 -DHAVE_TRUNC=1 -DHAVE_FLOOR=1 -DHAVE_CEIL=1 -DHAVE_NEARBYINT=1 -DHAVE_LDOUBLE_IEEE_EXT_LITTLE=1 -DMPFR_USE_THREAD_SAFE=1 -DLT_OBJDIR=\".libs/\" -DHAVE_ATTRIBUTE_MODE=1 -DHAVE___GMPN_ROOTREM=1 -DHAVE___GMPN_SBPI1_DIVAPPR_Q=1 -I. -I../.././../mpfr/mpfr-3.1.1/src -I/home/sparksco/android/toolchain/aosp/build/temp-install/include -Wall -Wmissing-prototypes -Wpointer-arith -g -O2 -MT atanh.lo -MD -MP -MF .deps/atanh.Tpo -c ../.././../mpfr/mpfr-3.1.1/src/atanh.c -o atanh.o
mv -f .deps/cosh.Tpo .deps/cosh.Plo
/bin/bash ../libtool --tag=CC   --mode=compile gcc-4.7 -DTIME_WITH_SYS_TIME=1 -DHAVE_INTTYPES_H=1 -DHAVE_STDINT_H=1 -DHAVE_LOCALE_H=1 -DHAVE_WCHAR_H=1 -DHAVE_STDARG=1 -DHAVE_SYS_TIME_H=1 -DHAVE_ALLOCA_H=1 -DHAVE_STDINT_H=1 -DHAVE_VA_COPY=1 -DHAVE_SETLOCALE=1 -DHAVE_GETTIMEOFDAY=1 -DHAVE_LONG_LONG=1 -DHAVE_INTMAX_T=1 -DMPFR_HAVE_INTMAX_MAX=1 -DMPFR_HAVE_FESETROUND=1 -DHAVE_DENORMS=1 -DHAVE_ROUND=1 -DHAVE_TRUNC=1 -DHAVE_FLOOR=1 -DHAVE_CEIL=1 -DHAVE_NEARBYINT=1 -DHAVE_LDOUBLE_IEEE_EXT_LITTLE=1 -DMPFR_USE_THREAD_SAFE=1 -DLT_OBJDIR=\".libs/\" -DHAVE_ATTRIBUTE_MODE=1 -DHAVE___GMPN_ROOTREM=1 -DHAVE___GMPN_SBPI1_DIVAPPR_Q=1 -I. -I../.././../mpfr/mpfr-3.1.1/src   -I/home/sparksco/android/toolchain/aosp/build/temp-install/include  -Wall -Wmissing-prototypes -Wpointer-arith -g -O2 -MT exp_2.lo -MD -MP -MF .deps/exp_2.Tpo -c -o exp_2.lo ../.././../mpfr/mpfr-3.1.1/src/exp_2.c
libtool: compile:  gcc-4.7 -DTIME_WITH_SYS_TIME=1 -DHAVE_INTTYPES_H=1 -DHAVE_STDINT_H=1 -DHAVE_LOCALE_H=1 -DHAVE_WCHAR_H=1 -DHAVE_STDARG=1 -DHAVE_SYS_TIME_H=1 -DHAVE_ALLOCA_H=1 -DHAVE_STDINT_H=1 -DHAVE_VA_COPY=1 -DHAVE_SETLOCALE=1 -DHAVE_GETTIMEOFDAY=1 -DHAVE_LONG_LONG=1 -DHAVE_INTMAX_T=1 -DMPFR_HAVE_INTMAX_MAX=1 -DMPFR_HAVE_FESETROUND=1 -DHAVE_DENORMS=1 -DHAVE_ROUND=1 -DHAVE_TRUNC=1 -DHAVE_FLOOR=1 -DHAVE_CEIL=1 -DHAVE_NEARBYINT=1 -DHAVE_LDOUBLE_IEEE_EXT_LITTLE=1 -DMPFR_USE_THREAD_SAFE=1 -DLT_OBJDIR=\".libs/\" -DHAVE_ATTRIBUTE_MODE=1 -DHAVE___GMPN_ROOTREM=1 -DHAVE___GMPN_SBPI1_DIVAPPR_Q=1 -I. -I../.././../mpfr/mpfr-3.1.1/src -I/home/sparksco/android/toolchain/aosp/build/temp-install/include -Wall -Wmissing-prototypes -Wpointer-arith -g -O2 -MT asinh.lo -MD -MP -MF .deps/asinh.Tpo -c ../.././../mpfr/mpfr-3.1.1/src/asinh.c -o asinh.o
libtool: compile:  gcc-4.7 -DTIME_WITH_SYS_TIME=1 -DHAVE_INTTYPES_H=1 -DHAVE_STDINT_H=1 -DHAVE_LOCALE_H=1 -DHAVE_WCHAR_H=1 -DHAVE_STDARG=1 -DHAVE_SYS_TIME_H=1 -DHAVE_ALLOCA_H=1 -DHAVE_STDINT_H=1 -DHAVE_VA_COPY=1 -DHAVE_SETLOCALE=1 -DHAVE_GETTIMEOFDAY=1 -DHAVE_LONG_LONG=1 -DHAVE_INTMAX_T=1 -DMPFR_HAVE_INTMAX_MAX=1 -DMPFR_HAVE_FESETROUND=1 -DHAVE_DENORMS=1 -DHAVE_ROUND=1 -DHAVE_TRUNC=1 -DHAVE_FLOOR=1 -DHAVE_CEIL=1 -DHAVE_NEARBYINT=1 -DHAVE_LDOUBLE_IEEE_EXT_LITTLE=1 -DMPFR_USE_THREAD_SAFE=1 -DLT_OBJDIR=\".libs/\" -DHAVE_ATTRIBUTE_MODE=1 -DHAVE___GMPN_ROOTREM=1 -DHAVE___GMPN_SBPI1_DIVAPPR_Q=1 -I. -I../.././../mpfr/mpfr-3.1.1/src -I/home/sparksco/android/toolchain/aosp/build/temp-install/include -Wall -Wmissing-prototypes -Wpointer-arith -g -O2 -MT atan.lo -MD -MP -MF .deps/atan.Tpo -c ../.././../mpfr/mpfr-3.1.1/src/atan.c -o atan.o
yes
libtool: compile:  gcc-4.7 -DTIME_WITH_SYS_TIME=1 -DHAVE_INTTYPES_H=1 -DHAVE_STDINT_H=1 -DHAVE_LOCALE_H=1 -DHAVE_WCHAR_H=1 -DHAVE_STDARG=1 -DHAVE_SYS_TIME_H=1 -DHAVE_ALLOCA_H=1 -DHAVE_STDINT_H=1 -DHAVE_VA_COPY=1 -DHAVE_SETLOCALE=1 -DHAVE_GETTIMEOFDAY=1 -DHAVE_LONG_LONG=1 -DHAVE_INTMAX_T=1 -DMPFR_HAVE_INTMAX_MAX=1 -DMPFR_HAVE_FESETROUND=1 -DHAVE_DENORMS=1 -DHAVE_ROUND=1 -DHAVE_TRUNC=1 -DHAVE_FLOOR=1 -DHAVE_CEIL=1 -DHAVE_NEARBYINT=1 -DHAVE_LDOUBLE_IEEE_EXT_LITTLE=1 -DMPFR_USE_THREAD_SAFE=1 -DLT_OBJDIR=\".libs/\" -DHAVE_ATTRIBUTE_MODE=1 -DHAVE___GMPN_ROOTREM=1 -DHAVE___GMPN_SBPI1_DIVAPPR_Q=1 -I. -I../.././../mpfr/mpfr-3.1.1/src -I/home/sparksco/android/toolchain/aosp/build/temp-install/include -Wall -Wmissing-prototypes -Wpointer-arith -g -O2 -MT cmp2.lo -MD -MP -MF .deps/cmp2.Tpo -c ../.././../mpfr/mpfr-3.1.1/src/cmp2.c -o cmp2.o
mv -f .deps/sinh.Tpo .deps/sinh.Plo
mv -f .deps/acosh.Tpo .deps/acosh.Plo
mv -f .deps/tanh.Tpo .deps/tanh.Plo
/bin/bash ../libtool --tag=CC   --mode=compile gcc-4.7 -DTIME_WITH_SYS_TIME=1 -DHAVE_INTTYPES_H=1 -DHAVE_STDINT_H=1 -DHAVE_LOCALE_H=1 -DHAVE_WCHAR_H=1 -DHAVE_STDARG=1 -DHAVE_SYS_TIME_H=1 -DHAVE_ALLOCA_H=1 -DHAVE_STDINT_H=1 -DHAVE_VA_COPY=1 -DHAVE_SETLOCALE=1 -DHAVE_GETTIMEOFDAY=1 -DHAVE_LONG_LONG=1 -DHAVE_INTMAX_T=1 -DMPFR_HAVE_INTMAX_MAX=1 -DMPFR_HAVE_FESETROUND=1 -DHAVE_DENORMS=1 -DHAVE_ROUND=1 -DHAVE_TRUNC=1 -DHAVE_FLOOR=1 -DHAVE_CEIL=1 -DHAVE_NEARBYINT=1 -DHAVE_LDOUBLE_IEEE_EXT_LITTLE=1 -DMPFR_USE_THREAD_SAFE=1 -DLT_OBJDIR=\".libs/\" -DHAVE_ATTRIBUTE_MODE=1 -DHAVE___GMPN_ROOTREM=1 -DHAVE___GMPN_SBPI1_DIVAPPR_Q=1 -I. -I../.././../mpfr/mpfr-3.1.1/src   -I/home/sparksco/android/toolchain/aosp/build/temp-install/include  -Wall -Wmissing-prototypes -Wpointer-arith -g -O2 -MT asin.lo -MD -MP -MF .deps/asin.Tpo -c -o asin.lo ../.././../mpfr/mpfr-3.1.1/src/asin.c
/bin/bash ../libtool --tag=CC   --mode=compile gcc-4.7 -DTIME_WITH_SYS_TIME=1 -DHAVE_INTTYPES_H=1 -DHAVE_STDINT_H=1 -DHAVE_LOCALE_H=1 -DHAVE_WCHAR_H=1 -DHAVE_STDARG=1 -DHAVE_SYS_TIME_H=1 -DHAVE_ALLOCA_H=1 -DHAVE_STDINT_H=1 -DHAVE_VA_COPY=1 -DHAVE_SETLOCALE=1 -DHAVE_GETTIMEOFDAY=1 -DHAVE_LONG_LONG=1 -DHAVE_INTMAX_T=1 -DMPFR_HAVE_INTMAX_MAX=1 -DMPFR_HAVE_FESETROUND=1 -DHAVE_DENORMS=1 -DHAVE_ROUND=1 -DHAVE_TRUNC=1 -DHAVE_FLOOR=1 -DHAVE_CEIL=1 -DHAVE_NEARBYINT=1 -DHAVE_LDOUBLE_IEEE_EXT_LITTLE=1 -DMPFR_USE_THREAD_SAFE=1 -DLT_OBJDIR=\".libs/\" -DHAVE_ATTRIBUTE_MODE=1 -DHAVE___GMPN_ROOTREM=1 -DHAVE___GMPN_SBPI1_DIVAPPR_Q=1 -I. -I../.././../mpfr/mpfr-3.1.1/src   -I/home/sparksco/android/toolchain/aosp/build/temp-install/include  -Wall -Wmissing-prototypes -Wpointer-arith -g -O2 -MT const_euler.lo -MD -MP -MF .deps/const_euler.Tpo -c -o const_euler.lo ../.././../mpfr/mpfr-3.1.1/src/const_euler.c
/bin/bash ../libtool --tag=CC   --mode=compile gcc-4.7 -DTIME_WITH_SYS_TIME=1 -DHAVE_INTTYPES_H=1 -DHAVE_STDINT_H=1 -DHAVE_LOCALE_H=1 -DHAVE_WCHAR_H=1 -DHAVE_STDARG=1 -DHAVE_SYS_TIME_H=1 -DHAVE_ALLOCA_H=1 -DHAVE_STDINT_H=1 -DHAVE_VA_COPY=1 -DHAVE_SETLOCALE=1 -DHAVE_GETTIMEOFDAY=1 -DHAVE_LONG_LONG=1 -DHAVE_INTMAX_T=1 -DMPFR_HAVE_INTMAX_MAX=1 -DMPFR_HAVE_FESETROUND=1 -DHAVE_DENORMS=1 -DHAVE_ROUND=1 -DHAVE_TRUNC=1 -DHAVE_FLOOR=1 -DHAVE_CEIL=1 -DHAVE_NEARBYINT=1 -DHAVE_LDOUBLE_IEEE_EXT_LITTLE=1 -DMPFR_USE_THREAD_SAFE=1 -DLT_OBJDIR=\".libs/\" -DHAVE_ATTRIBUTE_MODE=1 -DHAVE___GMPN_ROOTREM=1 -DHAVE___GMPN_SBPI1_DIVAPPR_Q=1 -I. -I../.././../mpfr/mpfr-3.1.1/src   -I/home/sparksco/android/toolchain/aosp/build/temp-install/include  -Wall -Wmissing-prototypes -Wpointer-arith -g -O2 -MT cos.lo -MD -MP -MF .deps/cos.Tpo -c -o cos.lo ../.././../mpfr/mpfr-3.1.1/src/cos.c
libtool: compile:  gcc-4.7 -DTIME_WITH_SYS_TIME=1 -DHAVE_INTTYPES_H=1 -DHAVE_STDINT_H=1 -DHAVE_LOCALE_H=1 -DHAVE_WCHAR_H=1 -DHAVE_STDARG=1 -DHAVE_SYS_TIME_H=1 -DHAVE_ALLOCA_H=1 -DHAVE_STDINT_H=1 -DHAVE_VA_COPY=1 -DHAVE_SETLOCALE=1 -DHAVE_GETTIMEOFDAY=1 -DHAVE_LONG_LONG=1 -DHAVE_INTMAX_T=1 -DMPFR_HAVE_INTMAX_MAX=1 -DMPFR_HAVE_FESETROUND=1 -DHAVE_DENORMS=1 -DHAVE_ROUND=1 -DHAVE_TRUNC=1 -DHAVE_FLOOR=1 -DHAVE_CEIL=1 -DHAVE_NEARBYINT=1 -DHAVE_LDOUBLE_IEEE_EXT_LITTLE=1 -DMPFR_USE_THREAD_SAFE=1 -DLT_OBJDIR=\".libs/\" -DHAVE_ATTRIBUTE_MODE=1 -DHAVE___GMPN_ROOTREM=1 -DHAVE___GMPN_SBPI1_DIVAPPR_Q=1 -I. -I../.././../mpfr/mpfr-3.1.1/src -I/home/sparksco/android/toolchain/aosp/build/temp-install/include -Wall -Wmissing-prototypes -Wpointer-arith -g -O2 -MT exp_2.lo -MD -MP -MF .deps/exp_2.Tpo -c ../.././../mpfr/mpfr-3.1.1/src/exp_2.c -o exp_2.o
checking whether wcstok is declared without a macro... mv -f .deps/atanh.Tpo .deps/atanh.Plo
/bin/bash ../libtool --tag=CC   --mode=compile gcc-4.7 -DTIME_WITH_SYS_TIME=1 -DHAVE_INTTYPES_H=1 -DHAVE_STDINT_H=1 -DHAVE_LOCALE_H=1 -DHAVE_WCHAR_H=1 -DHAVE_STDARG=1 -DHAVE_SYS_TIME_H=1 -DHAVE_ALLOCA_H=1 -DHAVE_STDINT_H=1 -DHAVE_VA_COPY=1 -DHAVE_SETLOCALE=1 -DHAVE_GETTIMEOFDAY=1 -DHAVE_LONG_LONG=1 -DHAVE_INTMAX_T=1 -DMPFR_HAVE_INTMAX_MAX=1 -DMPFR_HAVE_FESETROUND=1 -DHAVE_DENORMS=1 -DHAVE_ROUND=1 -DHAVE_TRUNC=1 -DHAVE_FLOOR=1 -DHAVE_CEIL=1 -DHAVE_NEARBYINT=1 -DHAVE_LDOUBLE_IEEE_EXT_LITTLE=1 -DMPFR_USE_THREAD_SAFE=1 -DLT_OBJDIR=\".libs/\" -DHAVE_ATTRIBUTE_MODE=1 -DHAVE___GMPN_ROOTREM=1 -DHAVE___GMPN_SBPI1_DIVAPPR_Q=1 -I. -I../.././../mpfr/mpfr-3.1.1/src   -I/home/sparksco/android/toolchain/aosp/build/temp-install/include  -Wall -Wmissing-prototypes -Wpointer-arith -g -O2 -MT sin.lo -MD -MP -MF .deps/sin.Tpo -c -o sin.lo ../.././../mpfr/mpfr-3.1.1/src/sin.c
libtool: compile:  gcc-4.7 -DTIME_WITH_SYS_TIME=1 -DHAVE_INTTYPES_H=1 -DHAVE_STDINT_H=1 -DHAVE_LOCALE_H=1 -DHAVE_WCHAR_H=1 -DHAVE_STDARG=1 -DHAVE_SYS_TIME_H=1 -DHAVE_ALLOCA_H=1 -DHAVE_STDINT_H=1 -DHAVE_VA_COPY=1 -DHAVE_SETLOCALE=1 -DHAVE_GETTIMEOFDAY=1 -DHAVE_LONG_LONG=1 -DHAVE_INTMAX_T=1 -DMPFR_HAVE_INTMAX_MAX=1 -DMPFR_HAVE_FESETROUND=1 -DHAVE_DENORMS=1 -DHAVE_ROUND=1 -DHAVE_TRUNC=1 -DHAVE_FLOOR=1 -DHAVE_CEIL=1 -DHAVE_NEARBYINT=1 -DHAVE_LDOUBLE_IEEE_EXT_LITTLE=1 -DMPFR_USE_THREAD_SAFE=1 -DLT_OBJDIR=\".libs/\" -DHAVE_ATTRIBUTE_MODE=1 -DHAVE___GMPN_ROOTREM=1 -DHAVE___GMPN_SBPI1_DIVAPPR_Q=1 -I. -I../.././../mpfr/mpfr-3.1.1/src -I/home/sparksco/android/toolchain/aosp/build/temp-install/include -Wall -Wmissing-prototypes -Wpointer-arith -g -O2 -MT asin.lo -MD -MP -MF .deps/asin.Tpo -c ../.././../mpfr/mpfr-3.1.1/src/asin.c -o asin.o
libtool: compile:  gcc-4.7 -DTIME_WITH_SYS_TIME=1 -DHAVE_INTTYPES_H=1 -DHAVE_STDINT_H=1 -DHAVE_LOCALE_H=1 -DHAVE_WCHAR_H=1 -DHAVE_STDARG=1 -DHAVE_SYS_TIME_H=1 -DHAVE_ALLOCA_H=1 -DHAVE_STDINT_H=1 -DHAVE_VA_COPY=1 -DHAVE_SETLOCALE=1 -DHAVE_GETTIMEOFDAY=1 -DHAVE_LONG_LONG=1 -DHAVE_INTMAX_T=1 -DMPFR_HAVE_INTMAX_MAX=1 -DMPFR_HAVE_FESETROUND=1 -DHAVE_DENORMS=1 -DHAVE_ROUND=1 -DHAVE_TRUNC=1 -DHAVE_FLOOR=1 -DHAVE_CEIL=1 -DHAVE_NEARBYINT=1 -DHAVE_LDOUBLE_IEEE_EXT_LITTLE=1 -DMPFR_USE_THREAD_SAFE=1 -DLT_OBJDIR=\".libs/\" -DHAVE_ATTRIBUTE_MODE=1 -DHAVE___GMPN_ROOTREM=1 -DHAVE___GMPN_SBPI1_DIVAPPR_Q=1 -I. -I../.././../mpfr/mpfr-3.1.1/src -I/home/sparksco/android/toolchain/aosp/build/temp-install/include -Wall -Wmissing-prototypes -Wpointer-arith -g -O2 -MT const_euler.lo -MD -MP -MF .deps/const_euler.Tpo -c ../.././../mpfr/mpfr-3.1.1/src/const_euler.c -o const_euler.o
mv -f .deps/asinh.Tpo .deps/asinh.Plo
/bin/bash ../libtool --tag=CC   --mode=compile gcc-4.7 -DTIME_WITH_SYS_TIME=1 -DHAVE_INTTYPES_H=1 -DHAVE_STDINT_H=1 -DHAVE_LOCALE_H=1 -DHAVE_WCHAR_H=1 -DHAVE_STDARG=1 -DHAVE_SYS_TIME_H=1 -DHAVE_ALLOCA_H=1 -DHAVE_STDINT_H=1 -DHAVE_VA_COPY=1 -DHAVE_SETLOCALE=1 -DHAVE_GETTIMEOFDAY=1 -DHAVE_LONG_LONG=1 -DHAVE_INTMAX_T=1 -DMPFR_HAVE_INTMAX_MAX=1 -DMPFR_HAVE_FESETROUND=1 -DHAVE_DENORMS=1 -DHAVE_ROUND=1 -DHAVE_TRUNC=1 -DHAVE_FLOOR=1 -DHAVE_CEIL=1 -DHAVE_NEARBYINT=1 -DHAVE_LDOUBLE_IEEE_EXT_LITTLE=1 -DMPFR_USE_THREAD_SAFE=1 -DLT_OBJDIR=\".libs/\" -DHAVE_ATTRIBUTE_MODE=1 -DHAVE___GMPN_ROOTREM=1 -DHAVE___GMPN_SBPI1_DIVAPPR_Q=1 -I. -I../.././../mpfr/mpfr-3.1.1/src   -I/home/sparksco/android/toolchain/aosp/build/temp-install/include  -Wall -Wmissing-prototypes -Wpointer-arith -g -O2 -MT tan.lo -MD -MP -MF .deps/tan.Tpo -c -o tan.lo ../.././../mpfr/mpfr-3.1.1/src/tan.c
mv -f .deps/sinh_cosh.Tpo .deps/sinh_cosh.Plo
/bin/bash ../libtool --tag=CC   --mode=compile gcc-4.7 -DTIME_WITH_SYS_TIME=1 -DHAVE_INTTYPES_H=1 -DHAVE_STDINT_H=1 -DHAVE_LOCALE_H=1 -DHAVE_WCHAR_H=1 -DHAVE_STDARG=1 -DHAVE_SYS_TIME_H=1 -DHAVE_ALLOCA_H=1 -DHAVE_STDINT_H=1 -DHAVE_VA_COPY=1 -DHAVE_SETLOCALE=1 -DHAVE_GETTIMEOFDAY=1 -DHAVE_LONG_LONG=1 -DHAVE_INTMAX_T=1 -DMPFR_HAVE_INTMAX_MAX=1 -DMPFR_HAVE_FESETROUND=1 -DHAVE_DENORMS=1 -DHAVE_ROUND=1 -DHAVE_TRUNC=1 -DHAVE_FLOOR=1 -DHAVE_CEIL=1 -DHAVE_NEARBYINT=1 -DHAVE_LDOUBLE_IEEE_EXT_LITTLE=1 -DMPFR_USE_THREAD_SAFE=1 -DLT_OBJDIR=\".libs/\" -DHAVE_ATTRIBUTE_MODE=1 -DHAVE___GMPN_ROOTREM=1 -DHAVE___GMPN_SBPI1_DIVAPPR_Q=1 -I. -I../.././../mpfr/mpfr-3.1.1/src   -I/home/sparksco/android/toolchain/aosp/build/temp-install/include  -Wall -Wmissing-prototypes -Wpointer-arith -g -O2 -MT fma.lo -MD -MP -MF .deps/fma.Tpo -c -o fma.lo ../.././../mpfr/mpfr-3.1.1/src/fma.c
libtool: compile:  gcc-4.7 -DTIME_WITH_SYS_TIME=1 -DHAVE_INTTYPES_H=1 -DHAVE_STDINT_H=1 -DHAVE_LOCALE_H=1 -DHAVE_WCHAR_H=1 -DHAVE_STDARG=1 -DHAVE_SYS_TIME_H=1 -DHAVE_ALLOCA_H=1 -DHAVE_STDINT_H=1 -DHAVE_VA_COPY=1 -DHAVE_SETLOCALE=1 -DHAVE_GETTIMEOFDAY=1 -DHAVE_LONG_LONG=1 -DHAVE_INTMAX_T=1 -DMPFR_HAVE_INTMAX_MAX=1 -DMPFR_HAVE_FESETROUND=1 -DHAVE_DENORMS=1 -DHAVE_ROUND=1 -DHAVE_TRUNC=1 -DHAVE_FLOOR=1 -DHAVE_CEIL=1 -DHAVE_NEARBYINT=1 -DHAVE_LDOUBLE_IEEE_EXT_LITTLE=1 -DMPFR_USE_THREAD_SAFE=1 -DLT_OBJDIR=\".libs/\" -DHAVE_ATTRIBUTE_MODE=1 -DHAVE___GMPN_ROOTREM=1 -DHAVE___GMPN_SBPI1_DIVAPPR_Q=1 -I. -I../.././../mpfr/mpfr-3.1.1/src -I/home/sparksco/android/toolchain/aosp/build/temp-install/include -Wall -Wmissing-prototypes -Wpointer-arith -g -O2 -MT cos.lo -MD -MP -MF .deps/cos.Tpo -c ../.././../mpfr/mpfr-3.1.1/src/cos.c -o cos.o
yes
libtool: compile:  gcc-4.7 -DTIME_WITH_SYS_TIME=1 -DHAVE_INTTYPES_H=1 -DHAVE_STDINT_H=1 -DHAVE_LOCALE_H=1 -DHAVE_WCHAR_H=1 -DHAVE_STDARG=1 -DHAVE_SYS_TIME_H=1 -DHAVE_ALLOCA_H=1 -DHAVE_STDINT_H=1 -DHAVE_VA_COPY=1 -DHAVE_SETLOCALE=1 -DHAVE_GETTIMEOFDAY=1 -DHAVE_LONG_LONG=1 -DHAVE_INTMAX_T=1 -DMPFR_HAVE_INTMAX_MAX=1 -DMPFR_HAVE_FESETROUND=1 -DHAVE_DENORMS=1 -DHAVE_ROUND=1 -DHAVE_TRUNC=1 -DHAVE_FLOOR=1 -DHAVE_CEIL=1 -DHAVE_NEARBYINT=1 -DHAVE_LDOUBLE_IEEE_EXT_LITTLE=1 -DMPFR_USE_THREAD_SAFE=1 -DLT_OBJDIR=\".libs/\" -DHAVE_ATTRIBUTE_MODE=1 -DHAVE___GMPN_ROOTREM=1 -DHAVE___GMPN_SBPI1_DIVAPPR_Q=1 -I. -I../.././../mpfr/mpfr-3.1.1/src -I/home/sparksco/android/toolchain/aosp/build/temp-install/include -Wall -Wmissing-prototypes -Wpointer-arith -g -O2 -MT sin.lo -MD -MP -MF .deps/sin.Tpo -c ../.././../mpfr/mpfr-3.1.1/src/sin.c -o sin.o
libtool: compile:  gcc-4.7 -DTIME_WITH_SYS_TIME=1 -DHAVE_INTTYPES_H=1 -DHAVE_STDINT_H=1 -DHAVE_LOCALE_H=1 -DHAVE_WCHAR_H=1 -DHAVE_STDARG=1 -DHAVE_SYS_TIME_H=1 -DHAVE_ALLOCA_H=1 -DHAVE_STDINT_H=1 -DHAVE_VA_COPY=1 -DHAVE_SETLOCALE=1 -DHAVE_GETTIMEOFDAY=1 -DHAVE_LONG_LONG=1 -DHAVE_INTMAX_T=1 -DMPFR_HAVE_INTMAX_MAX=1 -DMPFR_HAVE_FESETROUND=1 -DHAVE_DENORMS=1 -DHAVE_ROUND=1 -DHAVE_TRUNC=1 -DHAVE_FLOOR=1 -DHAVE_CEIL=1 -DHAVE_NEARBYINT=1 -DHAVE_LDOUBLE_IEEE_EXT_LITTLE=1 -DMPFR_USE_THREAD_SAFE=1 -DLT_OBJDIR=\".libs/\" -DHAVE_ATTRIBUTE_MODE=1 -DHAVE___GMPN_ROOTREM=1 -DHAVE___GMPN_SBPI1_DIVAPPR_Q=1 -I. -I../.././../mpfr/mpfr-3.1.1/src -I/home/sparksco/android/toolchain/aosp/build/temp-install/include -Wall -Wmissing-prototypes -Wpointer-arith -g -O2 -MT tan.lo -MD -MP -MF .deps/tan.Tpo -c ../.././../mpfr/mpfr-3.1.1/src/tan.c -o tan.o
libtool: compile:  gcc-4.7 -DTIME_WITH_SYS_TIME=1 -DHAVE_INTTYPES_H=1 -DHAVE_STDINT_H=1 -DHAVE_LOCALE_H=1 -DHAVE_WCHAR_H=1 -DHAVE_STDARG=1 -DHAVE_SYS_TIME_H=1 -DHAVE_ALLOCA_H=1 -DHAVE_STDINT_H=1 -DHAVE_VA_COPY=1 -DHAVE_SETLOCALE=1 -DHAVE_GETTIMEOFDAY=1 -DHAVE_LONG_LONG=1 -DHAVE_INTMAX_T=1 -DMPFR_HAVE_INTMAX_MAX=1 -DMPFR_HAVE_FESETROUND=1 -DHAVE_DENORMS=1 -DHAVE_ROUND=1 -DHAVE_TRUNC=1 -DHAVE_FLOOR=1 -DHAVE_CEIL=1 -DHAVE_NEARBYINT=1 -DHAVE_LDOUBLE_IEEE_EXT_LITTLE=1 -DMPFR_USE_THREAD_SAFE=1 -DLT_OBJDIR=\".libs/\" -DHAVE_ATTRIBUTE_MODE=1 -DHAVE___GMPN_ROOTREM=1 -DHAVE___GMPN_SBPI1_DIVAPPR_Q=1 -I. -I../.././../mpfr/mpfr-3.1.1/src -I/home/sparksco/android/toolchain/aosp/build/temp-install/include -Wall -Wmissing-prototypes -Wpointer-arith -g -O2 -MT fma.lo -MD -MP -MF .deps/fma.Tpo -c ../.././../mpfr/mpfr-3.1.1/src/fma.c -o fma.o
checking whether wcswidth is declared without a macro... mv -f .deps/cmp2.Tpo .deps/cmp2.Plo
/bin/bash ../libtool --tag=CC   --mode=compile gcc-4.7 -DTIME_WITH_SYS_TIME=1 -DHAVE_INTTYPES_H=1 -DHAVE_STDINT_H=1 -DHAVE_LOCALE_H=1 -DHAVE_WCHAR_H=1 -DHAVE_STDARG=1 -DHAVE_SYS_TIME_H=1 -DHAVE_ALLOCA_H=1 -DHAVE_STDINT_H=1 -DHAVE_VA_COPY=1 -DHAVE_SETLOCALE=1 -DHAVE_GETTIMEOFDAY=1 -DHAVE_LONG_LONG=1 -DHAVE_INTMAX_T=1 -DMPFR_HAVE_INTMAX_MAX=1 -DMPFR_HAVE_FESETROUND=1 -DHAVE_DENORMS=1 -DHAVE_ROUND=1 -DHAVE_TRUNC=1 -DHAVE_FLOOR=1 -DHAVE_CEIL=1 -DHAVE_NEARBYINT=1 -DHAVE_LDOUBLE_IEEE_EXT_LITTLE=1 -DMPFR_USE_THREAD_SAFE=1 -DLT_OBJDIR=\".libs/\" -DHAVE_ATTRIBUTE_MODE=1 -DHAVE___GMPN_ROOTREM=1 -DHAVE___GMPN_SBPI1_DIVAPPR_Q=1 -I. -I../.././../mpfr/mpfr-3.1.1/src   -I/home/sparksco/android/toolchain/aosp/build/temp-install/include  -Wall -Wmissing-prototypes -Wpointer-arith -g -O2 -MT fms.lo -MD -MP -MF .deps/fms.Tpo -c -o fms.lo ../.././../mpfr/mpfr-3.1.1/src/fms.c
mv -f .deps/asin.Tpo .deps/asin.Plo
/bin/bash ../libtool --tag=CC   --mode=compile gcc-4.7 -DTIME_WITH_SYS_TIME=1 -DHAVE_INTTYPES_H=1 -DHAVE_STDINT_H=1 -DHAVE_LOCALE_H=1 -DHAVE_WCHAR_H=1 -DHAVE_STDARG=1 -DHAVE_SYS_TIME_H=1 -DHAVE_ALLOCA_H=1 -DHAVE_STDINT_H=1 -DHAVE_VA_COPY=1 -DHAVE_SETLOCALE=1 -DHAVE_GETTIMEOFDAY=1 -DHAVE_LONG_LONG=1 -DHAVE_INTMAX_T=1 -DMPFR_HAVE_INTMAX_MAX=1 -DMPFR_HAVE_FESETROUND=1 -DHAVE_DENORMS=1 -DHAVE_ROUND=1 -DHAVE_TRUNC=1 -DHAVE_FLOOR=1 -DHAVE_CEIL=1 -DHAVE_NEARBYINT=1 -DHAVE_LDOUBLE_IEEE_EXT_LITTLE=1 -DMPFR_USE_THREAD_SAFE=1 -DLT_OBJDIR=\".libs/\" -DHAVE_ATTRIBUTE_MODE=1 -DHAVE___GMPN_ROOTREM=1 -DHAVE___GMPN_SBPI1_DIVAPPR_Q=1 -I. -I../.././../mpfr/mpfr-3.1.1/src   -I/home/sparksco/android/toolchain/aosp/build/temp-install/include  -Wall -Wmissing-prototypes -Wpointer-arith -g -O2 -MT hypot.lo -MD -MP -MF .deps/hypot.Tpo -c -o hypot.lo ../.././../mpfr/mpfr-3.1.1/src/hypot.c
yes
checking whether iswcntrl works... mv -f .deps/const_euler.Tpo .deps/const_euler.Plo
/bin/bash ../libtool --tag=CC   --mode=compile gcc-4.7 -DTIME_WITH_SYS_TIME=1 -DHAVE_INTTYPES_H=1 -DHAVE_STDINT_H=1 -DHAVE_LOCALE_H=1 -DHAVE_WCHAR_H=1 -DHAVE_STDARG=1 -DHAVE_SYS_TIME_H=1 -DHAVE_ALLOCA_H=1 -DHAVE_STDINT_H=1 -DHAVE_VA_COPY=1 -DHAVE_SETLOCALE=1 -DHAVE_GETTIMEOFDAY=1 -DHAVE_LONG_LONG=1 -DHAVE_INTMAX_T=1 -DMPFR_HAVE_INTMAX_MAX=1 -DMPFR_HAVE_FESETROUND=1 -DHAVE_DENORMS=1 -DHAVE_ROUND=1 -DHAVE_TRUNC=1 -DHAVE_FLOOR=1 -DHAVE_CEIL=1 -DHAVE_NEARBYINT=1 -DHAVE_LDOUBLE_IEEE_EXT_LITTLE=1 -DMPFR_USE_THREAD_SAFE=1 -DLT_OBJDIR=\".libs/\" -DHAVE_ATTRIBUTE_MODE=1 -DHAVE___GMPN_ROOTREM=1 -DHAVE___GMPN_SBPI1_DIVAPPR_Q=1 -I. -I../.././../mpfr/mpfr-3.1.1/src   -I/home/sparksco/android/toolchain/aosp/build/temp-install/include  -Wall -Wmissing-prototypes -Wpointer-arith -g -O2 -MT log1p.lo -MD -MP -MF .deps/log1p.Tpo -c -o log1p.lo ../.././../mpfr/mpfr-3.1.1/src/log1p.c
libtool: compile:  gcc-4.7 -DTIME_WITH_SYS_TIME=1 -DHAVE_INTTYPES_H=1 -DHAVE_STDINT_H=1 -DHAVE_LOCALE_H=1 -DHAVE_WCHAR_H=1 -DHAVE_STDARG=1 -DHAVE_SYS_TIME_H=1 -DHAVE_ALLOCA_H=1 -DHAVE_STDINT_H=1 -DHAVE_VA_COPY=1 -DHAVE_SETLOCALE=1 -DHAVE_GETTIMEOFDAY=1 -DHAVE_LONG_LONG=1 -DHAVE_INTMAX_T=1 -DMPFR_HAVE_INTMAX_MAX=1 -DMPFR_HAVE_FESETROUND=1 -DHAVE_DENORMS=1 -DHAVE_ROUND=1 -DHAVE_TRUNC=1 -DHAVE_FLOOR=1 -DHAVE_CEIL=1 -DHAVE_NEARBYINT=1 -DHAVE_LDOUBLE_IEEE_EXT_LITTLE=1 -DMPFR_USE_THREAD_SAFE=1 -DLT_OBJDIR=\".libs/\" -DHAVE_ATTRIBUTE_MODE=1 -DHAVE___GMPN_ROOTREM=1 -DHAVE___GMPN_SBPI1_DIVAPPR_Q=1 -I. -I../.././../mpfr/mpfr-3.1.1/src -I/home/sparksco/android/toolchain/aosp/build/temp-install/include -Wall -Wmissing-prototypes -Wpointer-arith -g -O2 -MT fms.lo -MD -MP -MF .deps/fms.Tpo -c ../.././../mpfr/mpfr-3.1.1/src/fms.c -o fms.o
mv -f .deps/sin.Tpo .deps/sin.Plo
mv -f .deps/tan.Tpo .deps/tan.Plo
/bin/bash ../libtool --tag=CC   --mode=compile gcc-4.7 -DTIME_WITH_SYS_TIME=1 -DHAVE_INTTYPES_H=1 -DHAVE_STDINT_H=1 -DHAVE_LOCALE_H=1 -DHAVE_WCHAR_H=1 -DHAVE_STDARG=1 -DHAVE_SYS_TIME_H=1 -DHAVE_ALLOCA_H=1 -DHAVE_STDINT_H=1 -DHAVE_VA_COPY=1 -DHAVE_SETLOCALE=1 -DHAVE_GETTIMEOFDAY=1 -DHAVE_LONG_LONG=1 -DHAVE_INTMAX_T=1 -DMPFR_HAVE_INTMAX_MAX=1 -DMPFR_HAVE_FESETROUND=1 -DHAVE_DENORMS=1 -DHAVE_ROUND=1 -DHAVE_TRUNC=1 -DHAVE_FLOOR=1 -DHAVE_CEIL=1 -DHAVE_NEARBYINT=1 -DHAVE_LDOUBLE_IEEE_EXT_LITTLE=1 -DMPFR_USE_THREAD_SAFE=1 -DLT_OBJDIR=\".libs/\" -DHAVE_ATTRIBUTE_MODE=1 -DHAVE___GMPN_ROOTREM=1 -DHAVE___GMPN_SBPI1_DIVAPPR_Q=1 -I. -I../.././../mpfr/mpfr-3.1.1/src   -I/home/sparksco/android/toolchain/aosp/build/temp-install/include  -Wall -Wmissing-prototypes -Wpointer-arith -g -O2 -MT expm1.lo -MD -MP -MF .deps/expm1.Tpo -c -o expm1.lo ../.././../mpfr/mpfr-3.1.1/src/expm1.c
/bin/bash ../libtool --tag=CC   --mode=compile gcc-4.7 -DTIME_WITH_SYS_TIME=1 -DHAVE_INTTYPES_H=1 -DHAVE_STDINT_H=1 -DHAVE_LOCALE_H=1 -DHAVE_WCHAR_H=1 -DHAVE_STDARG=1 -DHAVE_SYS_TIME_H=1 -DHAVE_ALLOCA_H=1 -DHAVE_STDINT_H=1 -DHAVE_VA_COPY=1 -DHAVE_SETLOCALE=1 -DHAVE_GETTIMEOFDAY=1 -DHAVE_LONG_LONG=1 -DHAVE_INTMAX_T=1 -DMPFR_HAVE_INTMAX_MAX=1 -DMPFR_HAVE_FESETROUND=1 -DHAVE_DENORMS=1 -DHAVE_ROUND=1 -DHAVE_TRUNC=1 -DHAVE_FLOOR=1 -DHAVE_CEIL=1 -DHAVE_NEARBYINT=1 -DHAVE_LDOUBLE_IEEE_EXT_LITTLE=1 -DMPFR_USE_THREAD_SAFE=1 -DLT_OBJDIR=\".libs/\" -DHAVE_ATTRIBUTE_MODE=1 -DHAVE___GMPN_ROOTREM=1 -DHAVE___GMPN_SBPI1_DIVAPPR_Q=1 -I. -I../.././../mpfr/mpfr-3.1.1/src   -I/home/sparksco/android/toolchain/aosp/build/temp-install/include  -Wall -Wmissing-prototypes -Wpointer-arith -g -O2 -MT log2.lo -MD -MP -MF .deps/log2.Tpo -c -o log2.lo ../.././../mpfr/mpfr-3.1.1/src/log2.c
mv -f .deps/exp_2.Tpo .deps/exp_2.Plo
/bin/bash ../libtool --tag=CC   --mode=compile gcc-4.7 -DTIME_WITH_SYS_TIME=1 -DHAVE_INTTYPES_H=1 -DHAVE_STDINT_H=1 -DHAVE_LOCALE_H=1 -DHAVE_WCHAR_H=1 -DHAVE_STDARG=1 -DHAVE_SYS_TIME_H=1 -DHAVE_ALLOCA_H=1 -DHAVE_STDINT_H=1 -DHAVE_VA_COPY=1 -DHAVE_SETLOCALE=1 -DHAVE_GETTIMEOFDAY=1 -DHAVE_LONG_LONG=1 -DHAVE_INTMAX_T=1 -DMPFR_HAVE_INTMAX_MAX=1 -DMPFR_HAVE_FESETROUND=1 -DHAVE_DENORMS=1 -DHAVE_ROUND=1 -DHAVE_TRUNC=1 -DHAVE_FLOOR=1 -DHAVE_CEIL=1 -DHAVE_NEARBYINT=1 -DHAVE_LDOUBLE_IEEE_EXT_LITTLE=1 -DMPFR_USE_THREAD_SAFE=1 -DLT_OBJDIR=\".libs/\" -DHAVE_ATTRIBUTE_MODE=1 -DHAVE___GMPN_ROOTREM=1 -DHAVE___GMPN_SBPI1_DIVAPPR_Q=1 -I. -I../.././../mpfr/mpfr-3.1.1/src   -I/home/sparksco/android/toolchain/aosp/build/temp-install/include  -Wall -Wmissing-prototypes -Wpointer-arith -g -O2 -MT log10.lo -MD -MP -MF .deps/log10.Tpo -c -o log10.lo ../.././../mpfr/mpfr-3.1.1/src/log10.c
libtool: compile:  gcc-4.7 -DTIME_WITH_SYS_TIME=1 -DHAVE_INTTYPES_H=1 -DHAVE_STDINT_H=1 -DHAVE_LOCALE_H=1 -DHAVE_WCHAR_H=1 -DHAVE_STDARG=1 -DHAVE_SYS_TIME_H=1 -DHAVE_ALLOCA_H=1 -DHAVE_STDINT_H=1 -DHAVE_VA_COPY=1 -DHAVE_SETLOCALE=1 -DHAVE_GETTIMEOFDAY=1 -DHAVE_LONG_LONG=1 -DHAVE_INTMAX_T=1 -DMPFR_HAVE_INTMAX_MAX=1 -DMPFR_HAVE_FESETROUND=1 -DHAVE_DENORMS=1 -DHAVE_ROUND=1 -DHAVE_TRUNC=1 -DHAVE_FLOOR=1 -DHAVE_CEIL=1 -DHAVE_NEARBYINT=1 -DHAVE_LDOUBLE_IEEE_EXT_LITTLE=1 -DMPFR_USE_THREAD_SAFE=1 -DLT_OBJDIR=\".libs/\" -DHAVE_ATTRIBUTE_MODE=1 -DHAVE___GMPN_ROOTREM=1 -DHAVE___GMPN_SBPI1_DIVAPPR_Q=1 -I. -I../.././../mpfr/mpfr-3.1.1/src -I/home/sparksco/android/toolchain/aosp/build/temp-install/include -Wall -Wmissing-prototypes -Wpointer-arith -g -O2 -MT hypot.lo -MD -MP -MF .deps/hypot.Tpo -c ../.././../mpfr/mpfr-3.1.1/src/hypot.c -o hypot.o
mv -f .deps/fma.Tpo .deps/fma.Plo
/bin/bash ../libtool --tag=CC   --mode=compile gcc-4.7 -DTIME_WITH_SYS_TIME=1 -DHAVE_INTTYPES_H=1 -DHAVE_STDINT_H=1 -DHAVE_LOCALE_H=1 -DHAVE_WCHAR_H=1 -DHAVE_STDARG=1 -DHAVE_SYS_TIME_H=1 -DHAVE_ALLOCA_H=1 -DHAVE_STDINT_H=1 -DHAVE_VA_COPY=1 -DHAVE_SETLOCALE=1 -DHAVE_GETTIMEOFDAY=1 -DHAVE_LONG_LONG=1 -DHAVE_INTMAX_T=1 -DMPFR_HAVE_INTMAX_MAX=1 -DMPFR_HAVE_FESETROUND=1 -DHAVE_DENORMS=1 -DHAVE_ROUND=1 -DHAVE_TRUNC=1 -DHAVE_FLOOR=1 -DHAVE_CEIL=1 -DHAVE_NEARBYINT=1 -DHAVE_LDOUBLE_IEEE_EXT_LITTLE=1 -DMPFR_USE_THREAD_SAFE=1 -DLT_OBJDIR=\".libs/\" -DHAVE_ATTRIBUTE_MODE=1 -DHAVE___GMPN_ROOTREM=1 -DHAVE___GMPN_SBPI1_DIVAPPR_Q=1 -I. -I../.././../mpfr/mpfr-3.1.1/src   -I/home/sparksco/android/toolchain/aosp/build/temp-install/include  -Wall -Wmissing-prototypes -Wpointer-arith -g -O2 -MT ui_pow.lo -MD -MP -MF .deps/ui_pow.Tpo -c -o ui_pow.lo ../.././../mpfr/mpfr-3.1.1/src/ui_pow.c
libtool: compile:  gcc-4.7 -DTIME_WITH_SYS_TIME=1 -DHAVE_INTTYPES_H=1 -DHAVE_STDINT_H=1 -DHAVE_LOCALE_H=1 -DHAVE_WCHAR_H=1 -DHAVE_STDARG=1 -DHAVE_SYS_TIME_H=1 -DHAVE_ALLOCA_H=1 -DHAVE_STDINT_H=1 -DHAVE_VA_COPY=1 -DHAVE_SETLOCALE=1 -DHAVE_GETTIMEOFDAY=1 -DHAVE_LONG_LONG=1 -DHAVE_INTMAX_T=1 -DMPFR_HAVE_INTMAX_MAX=1 -DMPFR_HAVE_FESETROUND=1 -DHAVE_DENORMS=1 -DHAVE_ROUND=1 -DHAVE_TRUNC=1 -DHAVE_FLOOR=1 -DHAVE_CEIL=1 -DHAVE_NEARBYINT=1 -DHAVE_LDOUBLE_IEEE_EXT_LITTLE=1 -DMPFR_USE_THREAD_SAFE=1 -DLT_OBJDIR=\".libs/\" -DHAVE_ATTRIBUTE_MODE=1 -DHAVE___GMPN_ROOTREM=1 -DHAVE___GMPN_SBPI1_DIVAPPR_Q=1 -I. -I../.././../mpfr/mpfr-3.1.1/src -I/home/sparksco/android/toolchain/aosp/build/temp-install/include -Wall -Wmissing-prototypes -Wpointer-arith -g -O2 -MT log1p.lo -MD -MP -MF .deps/log1p.Tpo -c ../.././../mpfr/mpfr-3.1.1/src/log1p.c -o log1p.o
libtool: compile:  gcc-4.7 -DTIME_WITH_SYS_TIME=1 -DHAVE_INTTYPES_H=1 -DHAVE_STDINT_H=1 -DHAVE_LOCALE_H=1 -DHAVE_WCHAR_H=1 -DHAVE_STDARG=1 -DHAVE_SYS_TIME_H=1 -DHAVE_ALLOCA_H=1 -DHAVE_STDINT_H=1 -DHAVE_VA_COPY=1 -DHAVE_SETLOCALE=1 -DHAVE_GETTIMEOFDAY=1 -DHAVE_LONG_LONG=1 -DHAVE_INTMAX_T=1 -DMPFR_HAVE_INTMAX_MAX=1 -DMPFR_HAVE_FESETROUND=1 -DHAVE_DENORMS=1 -DHAVE_ROUND=1 -DHAVE_TRUNC=1 -DHAVE_FLOOR=1 -DHAVE_CEIL=1 -DHAVE_NEARBYINT=1 -DHAVE_LDOUBLE_IEEE_EXT_LITTLE=1 -DMPFR_USE_THREAD_SAFE=1 -DLT_OBJDIR=\".libs/\" -DHAVE_ATTRIBUTE_MODE=1 -DHAVE___GMPN_ROOTREM=1 -DHAVE___GMPN_SBPI1_DIVAPPR_Q=1 -I. -I../.././../mpfr/mpfr-3.1.1/src -I/home/sparksco/android/toolchain/aosp/build/temp-install/include -Wall -Wmissing-prototypes -Wpointer-arith -g -O2 -MT expm1.lo -MD -MP -MF .deps/expm1.Tpo -c ../.././../mpfr/mpfr-3.1.1/src/expm1.c -o expm1.o
libtool: compile:  gcc-4.7 -DTIME_WITH_SYS_TIME=1 -DHAVE_INTTYPES_H=1 -DHAVE_STDINT_H=1 -DHAVE_LOCALE_H=1 -DHAVE_WCHAR_H=1 -DHAVE_STDARG=1 -DHAVE_SYS_TIME_H=1 -DHAVE_ALLOCA_H=1 -DHAVE_STDINT_H=1 -DHAVE_VA_COPY=1 -DHAVE_SETLOCALE=1 -DHAVE_GETTIMEOFDAY=1 -DHAVE_LONG_LONG=1 -DHAVE_INTMAX_T=1 -DMPFR_HAVE_INTMAX_MAX=1 -DMPFR_HAVE_FESETROUND=1 -DHAVE_DENORMS=1 -DHAVE_ROUND=1 -DHAVE_TRUNC=1 -DHAVE_FLOOR=1 -DHAVE_CEIL=1 -DHAVE_NEARBYINT=1 -DHAVE_LDOUBLE_IEEE_EXT_LITTLE=1 -DMPFR_USE_THREAD_SAFE=1 -DLT_OBJDIR=\".libs/\" -DHAVE_ATTRIBUTE_MODE=1 -DHAVE___GMPN_ROOTREM=1 -DHAVE___GMPN_SBPI1_DIVAPPR_Q=1 -I. -I../.././../mpfr/mpfr-3.1.1/src -I/home/sparksco/android/toolchain/aosp/build/temp-install/include -Wall -Wmissing-prototypes -Wpointer-arith -g -O2 -MT log2.lo -MD -MP -MF .deps/log2.Tpo -c ../.././../mpfr/mpfr-3.1.1/src/log2.c -o log2.o
mv -f .deps/cos.Tpo .deps/cos.Plo
libtool: compile:  gcc-4.7 -DTIME_WITH_SYS_TIME=1 -DHAVE_INTTYPES_H=1 -DHAVE_STDINT_H=1 -DHAVE_LOCALE_H=1 -DHAVE_WCHAR_H=1 -DHAVE_STDARG=1 -DHAVE_SYS_TIME_H=1 -DHAVE_ALLOCA_H=1 -DHAVE_STDINT_H=1 -DHAVE_VA_COPY=1 -DHAVE_SETLOCALE=1 -DHAVE_GETTIMEOFDAY=1 -DHAVE_LONG_LONG=1 -DHAVE_INTMAX_T=1 -DMPFR_HAVE_INTMAX_MAX=1 -DMPFR_HAVE_FESETROUND=1 -DHAVE_DENORMS=1 -DHAVE_ROUND=1 -DHAVE_TRUNC=1 -DHAVE_FLOOR=1 -DHAVE_CEIL=1 -DHAVE_NEARBYINT=1 -DHAVE_LDOUBLE_IEEE_EXT_LITTLE=1 -DMPFR_USE_THREAD_SAFE=1 -DLT_OBJDIR=\".libs/\" -DHAVE_ATTRIBUTE_MODE=1 -DHAVE___GMPN_ROOTREM=1 -DHAVE___GMPN_SBPI1_DIVAPPR_Q=1 -I. -I../.././../mpfr/mpfr-3.1.1/src -I/home/sparksco/android/toolchain/aosp/build/temp-install/include -Wall -Wmissing-prototypes -Wpointer-arith -g -O2 -MT log10.lo -MD -MP -MF .deps/log10.Tpo -c ../.././../mpfr/mpfr-3.1.1/src/log10.c -o log10.o
yes
/bin/bash ../libtool --tag=CC   --mode=compile gcc-4.7 -DTIME_WITH_SYS_TIME=1 -DHAVE_INTTYPES_H=1 -DHAVE_STDINT_H=1 -DHAVE_LOCALE_H=1 -DHAVE_WCHAR_H=1 -DHAVE_STDARG=1 -DHAVE_SYS_TIME_H=1 -DHAVE_ALLOCA_H=1 -DHAVE_STDINT_H=1 -DHAVE_VA_COPY=1 -DHAVE_SETLOCALE=1 -DHAVE_GETTIMEOFDAY=1 -DHAVE_LONG_LONG=1 -DHAVE_INTMAX_T=1 -DMPFR_HAVE_INTMAX_MAX=1 -DMPFR_HAVE_FESETROUND=1 -DHAVE_DENORMS=1 -DHAVE_ROUND=1 -DHAVE_TRUNC=1 -DHAVE_FLOOR=1 -DHAVE_CEIL=1 -DHAVE_NEARBYINT=1 -DHAVE_LDOUBLE_IEEE_EXT_LITTLE=1 -DMPFR_USE_THREAD_SAFE=1 -DLT_OBJDIR=\".libs/\" -DHAVE_ATTRIBUTE_MODE=1 -DHAVE___GMPN_ROOTREM=1 -DHAVE___GMPN_SBPI1_DIVAPPR_Q=1 -I. -I../.././../mpfr/mpfr-3.1.1/src   -I/home/sparksco/android/toolchain/aosp/build/temp-install/include  -Wall -Wmissing-prototypes -Wpointer-arith -g -O2 -MT ui_pow_ui.lo -MD -MP -MF .deps/ui_pow_ui.Tpo -c -o ui_pow_ui.lo ../.././../mpfr/mpfr-3.1.1/src/ui_pow_ui.c
checking for towlower... mv -f .deps/atan.Tpo .deps/atan.Plo
libtool: compile:  gcc-4.7 -DTIME_WITH_SYS_TIME=1 -DHAVE_INTTYPES_H=1 -DHAVE_STDINT_H=1 -DHAVE_LOCALE_H=1 -DHAVE_WCHAR_H=1 -DHAVE_STDARG=1 -DHAVE_SYS_TIME_H=1 -DHAVE_ALLOCA_H=1 -DHAVE_STDINT_H=1 -DHAVE_VA_COPY=1 -DHAVE_SETLOCALE=1 -DHAVE_GETTIMEOFDAY=1 -DHAVE_LONG_LONG=1 -DHAVE_INTMAX_T=1 -DMPFR_HAVE_INTMAX_MAX=1 -DMPFR_HAVE_FESETROUND=1 -DHAVE_DENORMS=1 -DHAVE_ROUND=1 -DHAVE_TRUNC=1 -DHAVE_FLOOR=1 -DHAVE_CEIL=1 -DHAVE_NEARBYINT=1 -DHAVE_LDOUBLE_IEEE_EXT_LITTLE=1 -DMPFR_USE_THREAD_SAFE=1 -DLT_OBJDIR=\".libs/\" -DHAVE_ATTRIBUTE_MODE=1 -DHAVE___GMPN_ROOTREM=1 -DHAVE___GMPN_SBPI1_DIVAPPR_Q=1 -I. -I../.././../mpfr/mpfr-3.1.1/src -I/home/sparksco/android/toolchain/aosp/build/temp-install/include -Wall -Wmissing-prototypes -Wpointer-arith -g -O2 -MT ui_pow_ui.lo -MD -MP -MF .deps/ui_pow_ui.Tpo -c ../.././../mpfr/mpfr-3.1.1/src/ui_pow_ui.c -o ui_pow_ui.o
/bin/bash ../libtool --tag=CC   --mode=compile gcc-4.7 -DTIME_WITH_SYS_TIME=1 -DHAVE_INTTYPES_H=1 -DHAVE_STDINT_H=1 -DHAVE_LOCALE_H=1 -DHAVE_WCHAR_H=1 -DHAVE_STDARG=1 -DHAVE_SYS_TIME_H=1 -DHAVE_ALLOCA_H=1 -DHAVE_STDINT_H=1 -DHAVE_VA_COPY=1 -DHAVE_SETLOCALE=1 -DHAVE_GETTIMEOFDAY=1 -DHAVE_LONG_LONG=1 -DHAVE_INTMAX_T=1 -DMPFR_HAVE_INTMAX_MAX=1 -DMPFR_HAVE_FESETROUND=1 -DHAVE_DENORMS=1 -DHAVE_ROUND=1 -DHAVE_TRUNC=1 -DHAVE_FLOOR=1 -DHAVE_CEIL=1 -DHAVE_NEARBYINT=1 -DHAVE_LDOUBLE_IEEE_EXT_LITTLE=1 -DMPFR_USE_THREAD_SAFE=1 -DLT_OBJDIR=\".libs/\" -DHAVE_ATTRIBUTE_MODE=1 -DHAVE___GMPN_ROOTREM=1 -DHAVE___GMPN_SBPI1_DIVAPPR_Q=1 -I. -I../.././../mpfr/mpfr-3.1.1/src   -I/home/sparksco/android/toolchain/aosp/build/temp-install/include  -Wall -Wmissing-prototypes -Wpointer-arith -g -O2 -MT minmax.lo -MD -MP -MF .deps/minmax.Tpo -c -o minmax.lo ../.././../mpfr/mpfr-3.1.1/src/minmax.c
libtool: compile:  gcc-4.7 -DTIME_WITH_SYS_TIME=1 -DHAVE_INTTYPES_H=1 -DHAVE_STDINT_H=1 -DHAVE_LOCALE_H=1 -DHAVE_WCHAR_H=1 -DHAVE_STDARG=1 -DHAVE_SYS_TIME_H=1 -DHAVE_ALLOCA_H=1 -DHAVE_STDINT_H=1 -DHAVE_VA_COPY=1 -DHAVE_SETLOCALE=1 -DHAVE_GETTIMEOFDAY=1 -DHAVE_LONG_LONG=1 -DHAVE_INTMAX_T=1 -DMPFR_HAVE_INTMAX_MAX=1 -DMPFR_HAVE_FESETROUND=1 -DHAVE_DENORMS=1 -DHAVE_ROUND=1 -DHAVE_TRUNC=1 -DHAVE_FLOOR=1 -DHAVE_CEIL=1 -DHAVE_NEARBYINT=1 -DHAVE_LDOUBLE_IEEE_EXT_LITTLE=1 -DMPFR_USE_THREAD_SAFE=1 -DLT_OBJDIR=\".libs/\" -DHAVE_ATTRIBUTE_MODE=1 -DHAVE___GMPN_ROOTREM=1 -DHAVE___GMPN_SBPI1_DIVAPPR_Q=1 -I. -I../.././../mpfr/mpfr-3.1.1/src -I/home/sparksco/android/toolchain/aosp/build/temp-install/include -Wall -Wmissing-prototypes -Wpointer-arith -g -O2 -MT ui_pow.lo -MD -MP -MF .deps/ui_pow.Tpo -c ../.././../mpfr/mpfr-3.1.1/src/ui_pow.c -o ui_pow.o
mv -f .deps/fms.Tpo .deps/fms.Plo
/bin/bash ../libtool --tag=CC   --mode=compile gcc-4.7 -DTIME_WITH_SYS_TIME=1 -DHAVE_INTTYPES_H=1 -DHAVE_STDINT_H=1 -DHAVE_LOCALE_H=1 -DHAVE_WCHAR_H=1 -DHAVE_STDARG=1 -DHAVE_SYS_TIME_H=1 -DHAVE_ALLOCA_H=1 -DHAVE_STDINT_H=1 -DHAVE_VA_COPY=1 -DHAVE_SETLOCALE=1 -DHAVE_GETTIMEOFDAY=1 -DHAVE_LONG_LONG=1 -DHAVE_INTMAX_T=1 -DMPFR_HAVE_INTMAX_MAX=1 -DMPFR_HAVE_FESETROUND=1 -DHAVE_DENORMS=1 -DHAVE_ROUND=1 -DHAVE_TRUNC=1 -DHAVE_FLOOR=1 -DHAVE_CEIL=1 -DHAVE_NEARBYINT=1 -DHAVE_LDOUBLE_IEEE_EXT_LITTLE=1 -DMPFR_USE_THREAD_SAFE=1 -DLT_OBJDIR=\".libs/\" -DHAVE_ATTRIBUTE_MODE=1 -DHAVE___GMPN_ROOTREM=1 -DHAVE___GMPN_SBPI1_DIVAPPR_Q=1 -I. -I../.././../mpfr/mpfr-3.1.1/src   -I/home/sparksco/android/toolchain/aosp/build/temp-install/include  -Wall -Wmissing-prototypes -Wpointer-arith -g -O2 -MT dim.lo -MD -MP -MF .deps/dim.Tpo -c -o dim.lo ../.././../mpfr/mpfr-3.1.1/src/dim.c
mv -f .deps/log1p.Tpo .deps/log1p.Plo
mv -f .deps/log2.Tpo .deps/log2.Plo
/bin/bash ../libtool --tag=CC   --mode=compile gcc-4.7 -DTIME_WITH_SYS_TIME=1 -DHAVE_INTTYPES_H=1 -DHAVE_STDINT_H=1 -DHAVE_LOCALE_H=1 -DHAVE_WCHAR_H=1 -DHAVE_STDARG=1 -DHAVE_SYS_TIME_H=1 -DHAVE_ALLOCA_H=1 -DHAVE_STDINT_H=1 -DHAVE_VA_COPY=1 -DHAVE_SETLOCALE=1 -DHAVE_GETTIMEOFDAY=1 -DHAVE_LONG_LONG=1 -DHAVE_INTMAX_T=1 -DMPFR_HAVE_INTMAX_MAX=1 -DMPFR_HAVE_FESETROUND=1 -DHAVE_DENORMS=1 -DHAVE_ROUND=1 -DHAVE_TRUNC=1 -DHAVE_FLOOR=1 -DHAVE_CEIL=1 -DHAVE_NEARBYINT=1 -DHAVE_LDOUBLE_IEEE_EXT_LITTLE=1 -DMPFR_USE_THREAD_SAFE=1 -DLT_OBJDIR=\".libs/\" -DHAVE_ATTRIBUTE_MODE=1 -DHAVE___GMPN_ROOTREM=1 -DHAVE___GMPN_SBPI1_DIVAPPR_Q=1 -I. -I../.././../mpfr/mpfr-3.1.1/src   -I/home/sparksco/android/toolchain/aosp/build/temp-install/include  -Wall -Wmissing-prototypes -Wpointer-arith -g -O2 -MT signbit.lo -MD -MP -MF .deps/signbit.Tpo -c -o signbit.lo ../.././../mpfr/mpfr-3.1.1/src/signbit.c
/bin/bash ../libtool --tag=CC   --mode=compile gcc-4.7 -DTIME_WITH_SYS_TIME=1 -DHAVE_INTTYPES_H=1 -DHAVE_STDINT_H=1 -DHAVE_LOCALE_H=1 -DHAVE_WCHAR_H=1 -DHAVE_STDARG=1 -DHAVE_SYS_TIME_H=1 -DHAVE_ALLOCA_H=1 -DHAVE_STDINT_H=1 -DHAVE_VA_COPY=1 -DHAVE_SETLOCALE=1 -DHAVE_GETTIMEOFDAY=1 -DHAVE_LONG_LONG=1 -DHAVE_INTMAX_T=1 -DMPFR_HAVE_INTMAX_MAX=1 -DMPFR_HAVE_FESETROUND=1 -DHAVE_DENORMS=1 -DHAVE_ROUND=1 -DHAVE_TRUNC=1 -DHAVE_FLOOR=1 -DHAVE_CEIL=1 -DHAVE_NEARBYINT=1 -DHAVE_LDOUBLE_IEEE_EXT_LITTLE=1 -DMPFR_USE_THREAD_SAFE=1 -DLT_OBJDIR=\".libs/\" -DHAVE_ATTRIBUTE_MODE=1 -DHAVE___GMPN_ROOTREM=1 -DHAVE___GMPN_SBPI1_DIVAPPR_Q=1 -I. -I../.././../mpfr/mpfr-3.1.1/src   -I/home/sparksco/android/toolchain/aosp/build/temp-install/include  -Wall -Wmissing-prototypes -Wpointer-arith -g -O2 -MT copysign.lo -MD -MP -MF .deps/copysign.Tpo -c -o copysign.lo ../.././../mpfr/mpfr-3.1.1/src/copysign.c
yes
checking for wctype_t... mv -f .deps/log10.Tpo .deps/log10.Plo
libtool: compile:  gcc-4.7 -DTIME_WITH_SYS_TIME=1 -DHAVE_INTTYPES_H=1 -DHAVE_STDINT_H=1 -DHAVE_LOCALE_H=1 -DHAVE_WCHAR_H=1 -DHAVE_STDARG=1 -DHAVE_SYS_TIME_H=1 -DHAVE_ALLOCA_H=1 -DHAVE_STDINT_H=1 -DHAVE_VA_COPY=1 -DHAVE_SETLOCALE=1 -DHAVE_GETTIMEOFDAY=1 -DHAVE_LONG_LONG=1 -DHAVE_INTMAX_T=1 -DMPFR_HAVE_INTMAX_MAX=1 -DMPFR_HAVE_FESETROUND=1 -DHAVE_DENORMS=1 -DHAVE_ROUND=1 -DHAVE_TRUNC=1 -DHAVE_FLOOR=1 -DHAVE_CEIL=1 -DHAVE_NEARBYINT=1 -DHAVE_LDOUBLE_IEEE_EXT_LITTLE=1 -DMPFR_USE_THREAD_SAFE=1 -DLT_OBJDIR=\".libs/\" -DHAVE_ATTRIBUTE_MODE=1 -DHAVE___GMPN_ROOTREM=1 -DHAVE___GMPN_SBPI1_DIVAPPR_Q=1 -I. -I../.././../mpfr/mpfr-3.1.1/src -I/home/sparksco/android/toolchain/aosp/build/temp-install/include -Wall -Wmissing-prototypes -Wpointer-arith -g -O2 -MT minmax.lo -MD -MP -MF .deps/minmax.Tpo -c ../.././../mpfr/mpfr-3.1.1/src/minmax.c -o minmax.o
/bin/bash ../libtool --tag=CC   --mode=compile gcc-4.7 -DTIME_WITH_SYS_TIME=1 -DHAVE_INTTYPES_H=1 -DHAVE_STDINT_H=1 -DHAVE_LOCALE_H=1 -DHAVE_WCHAR_H=1 -DHAVE_STDARG=1 -DHAVE_SYS_TIME_H=1 -DHAVE_ALLOCA_H=1 -DHAVE_STDINT_H=1 -DHAVE_VA_COPY=1 -DHAVE_SETLOCALE=1 -DHAVE_GETTIMEOFDAY=1 -DHAVE_LONG_LONG=1 -DHAVE_INTMAX_T=1 -DMPFR_HAVE_INTMAX_MAX=1 -DMPFR_HAVE_FESETROUND=1 -DHAVE_DENORMS=1 -DHAVE_ROUND=1 -DHAVE_TRUNC=1 -DHAVE_FLOOR=1 -DHAVE_CEIL=1 -DHAVE_NEARBYINT=1 -DHAVE_LDOUBLE_IEEE_EXT_LITTLE=1 -DMPFR_USE_THREAD_SAFE=1 -DLT_OBJDIR=\".libs/\" -DHAVE_ATTRIBUTE_MODE=1 -DHAVE___GMPN_ROOTREM=1 -DHAVE___GMPN_SBPI1_DIVAPPR_Q=1 -I. -I../.././../mpfr/mpfr-3.1.1/src   -I/home/sparksco/android/toolchain/aosp/build/temp-install/include  -Wall -Wmissing-prototypes -Wpointer-arith -g -O2 -MT setsign.lo -MD -MP -MF .deps/setsign.Tpo -c -o setsign.lo ../.././../mpfr/mpfr-3.1.1/src/setsign.c
libtool: compile:  gcc-4.7 -DTIME_WITH_SYS_TIME=1 -DHAVE_INTTYPES_H=1 -DHAVE_STDINT_H=1 -DHAVE_LOCALE_H=1 -DHAVE_WCHAR_H=1 -DHAVE_STDARG=1 -DHAVE_SYS_TIME_H=1 -DHAVE_ALLOCA_H=1 -DHAVE_STDINT_H=1 -DHAVE_VA_COPY=1 -DHAVE_SETLOCALE=1 -DHAVE_GETTIMEOFDAY=1 -DHAVE_LONG_LONG=1 -DHAVE_INTMAX_T=1 -DMPFR_HAVE_INTMAX_MAX=1 -DMPFR_HAVE_FESETROUND=1 -DHAVE_DENORMS=1 -DHAVE_ROUND=1 -DHAVE_TRUNC=1 -DHAVE_FLOOR=1 -DHAVE_CEIL=1 -DHAVE_NEARBYINT=1 -DHAVE_LDOUBLE_IEEE_EXT_LITTLE=1 -DMPFR_USE_THREAD_SAFE=1 -DLT_OBJDIR=\".libs/\" -DHAVE_ATTRIBUTE_MODE=1 -DHAVE___GMPN_ROOTREM=1 -DHAVE___GMPN_SBPI1_DIVAPPR_Q=1 -I. -I../.././../mpfr/mpfr-3.1.1/src -I/home/sparksco/android/toolchain/aosp/build/temp-install/include -Wall -Wmissing-prototypes -Wpointer-arith -g -O2 -MT dim.lo -MD -MP -MF .deps/dim.Tpo -c ../.././../mpfr/mpfr-3.1.1/src/dim.c -o dim.o
mv -f .deps/expm1.Tpo .deps/expm1.Plo
mv -f .deps/ui_pow.Tpo .deps/ui_pow.Plo
/bin/bash ../libtool --tag=CC   --mode=compile gcc-4.7 -DTIME_WITH_SYS_TIME=1 -DHAVE_INTTYPES_H=1 -DHAVE_STDINT_H=1 -DHAVE_LOCALE_H=1 -DHAVE_WCHAR_H=1 -DHAVE_STDARG=1 -DHAVE_SYS_TIME_H=1 -DHAVE_ALLOCA_H=1 -DHAVE_STDINT_H=1 -DHAVE_VA_COPY=1 -DHAVE_SETLOCALE=1 -DHAVE_GETTIMEOFDAY=1 -DHAVE_LONG_LONG=1 -DHAVE_INTMAX_T=1 -DMPFR_HAVE_INTMAX_MAX=1 -DMPFR_HAVE_FESETROUND=1 -DHAVE_DENORMS=1 -DHAVE_ROUND=1 -DHAVE_TRUNC=1 -DHAVE_FLOOR=1 -DHAVE_CEIL=1 -DHAVE_NEARBYINT=1 -DHAVE_LDOUBLE_IEEE_EXT_LITTLE=1 -DMPFR_USE_THREAD_SAFE=1 -DLT_OBJDIR=\".libs/\" -DHAVE_ATTRIBUTE_MODE=1 -DHAVE___GMPN_ROOTREM=1 -DHAVE___GMPN_SBPI1_DIVAPPR_Q=1 -I. -I../.././../mpfr/mpfr-3.1.1/src   -I/home/sparksco/android/toolchain/aosp/build/temp-install/include  -Wall -Wmissing-prototypes -Wpointer-arith -g -O2 -MT gmp_op.lo -MD -MP -MF .deps/gmp_op.Tpo -c -o gmp_op.lo ../.././../mpfr/mpfr-3.1.1/src/gmp_op.c
/bin/bash ../libtool --tag=CC   --mode=compile gcc-4.7 -DTIME_WITH_SYS_TIME=1 -DHAVE_INTTYPES_H=1 -DHAVE_STDINT_H=1 -DHAVE_LOCALE_H=1 -DHAVE_WCHAR_H=1 -DHAVE_STDARG=1 -DHAVE_SYS_TIME_H=1 -DHAVE_ALLOCA_H=1 -DHAVE_STDINT_H=1 -DHAVE_VA_COPY=1 -DHAVE_SETLOCALE=1 -DHAVE_GETTIMEOFDAY=1 -DHAVE_LONG_LONG=1 -DHAVE_INTMAX_T=1 -DMPFR_HAVE_INTMAX_MAX=1 -DMPFR_HAVE_FESETROUND=1 -DHAVE_DENORMS=1 -DHAVE_ROUND=1 -DHAVE_TRUNC=1 -DHAVE_FLOOR=1 -DHAVE_CEIL=1 -DHAVE_NEARBYINT=1 -DHAVE_LDOUBLE_IEEE_EXT_LITTLE=1 -DMPFR_USE_THREAD_SAFE=1 -DLT_OBJDIR=\".libs/\" -DHAVE_ATTRIBUTE_MODE=1 -DHAVE___GMPN_ROOTREM=1 -DHAVE___GMPN_SBPI1_DIVAPPR_Q=1 -I. -I../.././../mpfr/mpfr-3.1.1/src   -I/home/sparksco/android/toolchain/aosp/build/temp-install/include  -Wall -Wmissing-prototypes -Wpointer-arith -g -O2 -MT init2.lo -MD -MP -MF .deps/init2.Tpo -c -o init2.lo ../.././../mpfr/mpfr-3.1.1/src/init2.c
libtool: compile:  gcc-4.7 -DTIME_WITH_SYS_TIME=1 -DHAVE_INTTYPES_H=1 -DHAVE_STDINT_H=1 -DHAVE_LOCALE_H=1 -DHAVE_WCHAR_H=1 -DHAVE_STDARG=1 -DHAVE_SYS_TIME_H=1 -DHAVE_ALLOCA_H=1 -DHAVE_STDINT_H=1 -DHAVE_VA_COPY=1 -DHAVE_SETLOCALE=1 -DHAVE_GETTIMEOFDAY=1 -DHAVE_LONG_LONG=1 -DHAVE_INTMAX_T=1 -DMPFR_HAVE_INTMAX_MAX=1 -DMPFR_HAVE_FESETROUND=1 -DHAVE_DENORMS=1 -DHAVE_ROUND=1 -DHAVE_TRUNC=1 -DHAVE_FLOOR=1 -DHAVE_CEIL=1 -DHAVE_NEARBYINT=1 -DHAVE_LDOUBLE_IEEE_EXT_LITTLE=1 -DMPFR_USE_THREAD_SAFE=1 -DLT_OBJDIR=\".libs/\" -DHAVE_ATTRIBUTE_MODE=1 -DHAVE___GMPN_ROOTREM=1 -DHAVE___GMPN_SBPI1_DIVAPPR_Q=1 -I. -I../.././../mpfr/mpfr-3.1.1/src -I/home/sparksco/android/toolchain/aosp/build/temp-install/include -Wall -Wmissing-prototypes -Wpointer-arith -g -O2 -MT copysign.lo -MD -MP -MF .deps/copysign.Tpo -c ../.././../mpfr/mpfr-3.1.1/src/copysign.c -o copysign.o
mv -f .deps/hypot.Tpo .deps/hypot.Plo
mv -f .deps/ui_pow_ui.Tpo .deps/ui_pow_ui.Plo
/bin/bash ../libtool --tag=CC   --mode=compile gcc-4.7 -DTIME_WITH_SYS_TIME=1 -DHAVE_INTTYPES_H=1 -DHAVE_STDINT_H=1 -DHAVE_LOCALE_H=1 -DHAVE_WCHAR_H=1 -DHAVE_STDARG=1 -DHAVE_SYS_TIME_H=1 -DHAVE_ALLOCA_H=1 -DHAVE_STDINT_H=1 -DHAVE_VA_COPY=1 -DHAVE_SETLOCALE=1 -DHAVE_GETTIMEOFDAY=1 -DHAVE_LONG_LONG=1 -DHAVE_INTMAX_T=1 -DMPFR_HAVE_INTMAX_MAX=1 -DMPFR_HAVE_FESETROUND=1 -DHAVE_DENORMS=1 -DHAVE_ROUND=1 -DHAVE_TRUNC=1 -DHAVE_FLOOR=1 -DHAVE_CEIL=1 -DHAVE_NEARBYINT=1 -DHAVE_LDOUBLE_IEEE_EXT_LITTLE=1 -DMPFR_USE_THREAD_SAFE=1 -DLT_OBJDIR=\".libs/\" -DHAVE_ATTRIBUTE_MODE=1 -DHAVE___GMPN_ROOTREM=1 -DHAVE___GMPN_SBPI1_DIVAPPR_Q=1 -I. -I../.././../mpfr/mpfr-3.1.1/src   -I/home/sparksco/android/toolchain/aosp/build/temp-install/include  -Wall -Wmissing-prototypes -Wpointer-arith -g -O2 -MT acos.lo -MD -MP -MF .deps/acos.Tpo -c -o acos.lo ../.././../mpfr/mpfr-3.1.1/src/acos.c
/bin/bash ../libtool --tag=CC   --mode=compile gcc-4.7 -DTIME_WITH_SYS_TIME=1 -DHAVE_INTTYPES_H=1 -DHAVE_STDINT_H=1 -DHAVE_LOCALE_H=1 -DHAVE_WCHAR_H=1 -DHAVE_STDARG=1 -DHAVE_SYS_TIME_H=1 -DHAVE_ALLOCA_H=1 -DHAVE_STDINT_H=1 -DHAVE_VA_COPY=1 -DHAVE_SETLOCALE=1 -DHAVE_GETTIMEOFDAY=1 -DHAVE_LONG_LONG=1 -DHAVE_INTMAX_T=1 -DMPFR_HAVE_INTMAX_MAX=1 -DMPFR_HAVE_FESETROUND=1 -DHAVE_DENORMS=1 -DHAVE_ROUND=1 -DHAVE_TRUNC=1 -DHAVE_FLOOR=1 -DHAVE_CEIL=1 -DHAVE_NEARBYINT=1 -DHAVE_LDOUBLE_IEEE_EXT_LITTLE=1 -DMPFR_USE_THREAD_SAFE=1 -DLT_OBJDIR=\".libs/\" -DHAVE_ATTRIBUTE_MODE=1 -DHAVE___GMPN_ROOTREM=1 -DHAVE___GMPN_SBPI1_DIVAPPR_Q=1 -I. -I../.././../mpfr/mpfr-3.1.1/src   -I/home/sparksco/android/toolchain/aosp/build/temp-install/include  -Wall -Wmissing-prototypes -Wpointer-arith -g -O2 -MT sin_cos.lo -MD -MP -MF .deps/sin_cos.Tpo -c -o sin_cos.lo ../.././../mpfr/mpfr-3.1.1/src/sin_cos.c
libtool: compile:  gcc-4.7 -DTIME_WITH_SYS_TIME=1 -DHAVE_INTTYPES_H=1 -DHAVE_STDINT_H=1 -DHAVE_LOCALE_H=1 -DHAVE_WCHAR_H=1 -DHAVE_STDARG=1 -DHAVE_SYS_TIME_H=1 -DHAVE_ALLOCA_H=1 -DHAVE_STDINT_H=1 -DHAVE_VA_COPY=1 -DHAVE_SETLOCALE=1 -DHAVE_GETTIMEOFDAY=1 -DHAVE_LONG_LONG=1 -DHAVE_INTMAX_T=1 -DMPFR_HAVE_INTMAX_MAX=1 -DMPFR_HAVE_FESETROUND=1 -DHAVE_DENORMS=1 -DHAVE_ROUND=1 -DHAVE_TRUNC=1 -DHAVE_FLOOR=1 -DHAVE_CEIL=1 -DHAVE_NEARBYINT=1 -DHAVE_LDOUBLE_IEEE_EXT_LITTLE=1 -DMPFR_USE_THREAD_SAFE=1 -DLT_OBJDIR=\".libs/\" -DHAVE_ATTRIBUTE_MODE=1 -DHAVE___GMPN_ROOTREM=1 -DHAVE___GMPN_SBPI1_DIVAPPR_Q=1 -I. -I../.././../mpfr/mpfr-3.1.1/src -I/home/sparksco/android/toolchain/aosp/build/temp-install/include -Wall -Wmissing-prototypes -Wpointer-arith -g -O2 -MT signbit.lo -MD -MP -MF .deps/signbit.Tpo -c ../.././../mpfr/mpfr-3.1.1/src/signbit.c -o signbit.o
yes
checking for wctrans_t... libtool: compile:  gcc-4.7 -DTIME_WITH_SYS_TIME=1 -DHAVE_INTTYPES_H=1 -DHAVE_STDINT_H=1 -DHAVE_LOCALE_H=1 -DHAVE_WCHAR_H=1 -DHAVE_STDARG=1 -DHAVE_SYS_TIME_H=1 -DHAVE_ALLOCA_H=1 -DHAVE_STDINT_H=1 -DHAVE_VA_COPY=1 -DHAVE_SETLOCALE=1 -DHAVE_GETTIMEOFDAY=1 -DHAVE_LONG_LONG=1 -DHAVE_INTMAX_T=1 -DMPFR_HAVE_INTMAX_MAX=1 -DMPFR_HAVE_FESETROUND=1 -DHAVE_DENORMS=1 -DHAVE_ROUND=1 -DHAVE_TRUNC=1 -DHAVE_FLOOR=1 -DHAVE_CEIL=1 -DHAVE_NEARBYINT=1 -DHAVE_LDOUBLE_IEEE_EXT_LITTLE=1 -DMPFR_USE_THREAD_SAFE=1 -DLT_OBJDIR=\".libs/\" -DHAVE_ATTRIBUTE_MODE=1 -DHAVE___GMPN_ROOTREM=1 -DHAVE___GMPN_SBPI1_DIVAPPR_Q=1 -I. -I../.././../mpfr/mpfr-3.1.1/src -I/home/sparksco/android/toolchain/aosp/build/temp-install/include -Wall -Wmissing-prototypes -Wpointer-arith -g -O2 -MT setsign.lo -MD -MP -MF .deps/setsign.Tpo -c ../.././../mpfr/mpfr-3.1.1/src/setsign.c -o setsign.o
libtool: compile:  gcc-4.7 -DTIME_WITH_SYS_TIME=1 -DHAVE_INTTYPES_H=1 -DHAVE_STDINT_H=1 -DHAVE_LOCALE_H=1 -DHAVE_WCHAR_H=1 -DHAVE_STDARG=1 -DHAVE_SYS_TIME_H=1 -DHAVE_ALLOCA_H=1 -DHAVE_STDINT_H=1 -DHAVE_VA_COPY=1 -DHAVE_SETLOCALE=1 -DHAVE_GETTIMEOFDAY=1 -DHAVE_LONG_LONG=1 -DHAVE_INTMAX_T=1 -DMPFR_HAVE_INTMAX_MAX=1 -DMPFR_HAVE_FESETROUND=1 -DHAVE_DENORMS=1 -DHAVE_ROUND=1 -DHAVE_TRUNC=1 -DHAVE_FLOOR=1 -DHAVE_CEIL=1 -DHAVE_NEARBYINT=1 -DHAVE_LDOUBLE_IEEE_EXT_LITTLE=1 -DMPFR_USE_THREAD_SAFE=1 -DLT_OBJDIR=\".libs/\" -DHAVE_ATTRIBUTE_MODE=1 -DHAVE___GMPN_ROOTREM=1 -DHAVE___GMPN_SBPI1_DIVAPPR_Q=1 -I. -I../.././../mpfr/mpfr-3.1.1/src -I/home/sparksco/android/toolchain/aosp/build/temp-install/include -Wall -Wmissing-prototypes -Wpointer-arith -g -O2 -MT gmp_op.lo -MD -MP -MF .deps/gmp_op.Tpo -c ../.././../mpfr/mpfr-3.1.1/src/gmp_op.c -o gmp_op.o
libtool: compile:  gcc-4.7 -DTIME_WITH_SYS_TIME=1 -DHAVE_INTTYPES_H=1 -DHAVE_STDINT_H=1 -DHAVE_LOCALE_H=1 -DHAVE_WCHAR_H=1 -DHAVE_STDARG=1 -DHAVE_SYS_TIME_H=1 -DHAVE_ALLOCA_H=1 -DHAVE_STDINT_H=1 -DHAVE_VA_COPY=1 -DHAVE_SETLOCALE=1 -DHAVE_GETTIMEOFDAY=1 -DHAVE_LONG_LONG=1 -DHAVE_INTMAX_T=1 -DMPFR_HAVE_INTMAX_MAX=1 -DMPFR_HAVE_FESETROUND=1 -DHAVE_DENORMS=1 -DHAVE_ROUND=1 -DHAVE_TRUNC=1 -DHAVE_FLOOR=1 -DHAVE_CEIL=1 -DHAVE_NEARBYINT=1 -DHAVE_LDOUBLE_IEEE_EXT_LITTLE=1 -DMPFR_USE_THREAD_SAFE=1 -DLT_OBJDIR=\".libs/\" -DHAVE_ATTRIBUTE_MODE=1 -DHAVE___GMPN_ROOTREM=1 -DHAVE___GMPN_SBPI1_DIVAPPR_Q=1 -I. -I../.././../mpfr/mpfr-3.1.1/src -I/home/sparksco/android/toolchain/aosp/build/temp-install/include -Wall -Wmissing-prototypes -Wpointer-arith -g -O2 -MT init2.lo -MD -MP -MF .deps/init2.Tpo -c ../.././../mpfr/mpfr-3.1.1/src/init2.c -o init2.o
mv -f .deps/dim.Tpo .deps/dim.Plo
libtool: compile:  gcc-4.7 -DTIME_WITH_SYS_TIME=1 -DHAVE_INTTYPES_H=1 -DHAVE_STDINT_H=1 -DHAVE_LOCALE_H=1 -DHAVE_WCHAR_H=1 -DHAVE_STDARG=1 -DHAVE_SYS_TIME_H=1 -DHAVE_ALLOCA_H=1 -DHAVE_STDINT_H=1 -DHAVE_VA_COPY=1 -DHAVE_SETLOCALE=1 -DHAVE_GETTIMEOFDAY=1 -DHAVE_LONG_LONG=1 -DHAVE_INTMAX_T=1 -DMPFR_HAVE_INTMAX_MAX=1 -DMPFR_HAVE_FESETROUND=1 -DHAVE_DENORMS=1 -DHAVE_ROUND=1 -DHAVE_TRUNC=1 -DHAVE_FLOOR=1 -DHAVE_CEIL=1 -DHAVE_NEARBYINT=1 -DHAVE_LDOUBLE_IEEE_EXT_LITTLE=1 -DMPFR_USE_THREAD_SAFE=1 -DLT_OBJDIR=\".libs/\" -DHAVE_ATTRIBUTE_MODE=1 -DHAVE___GMPN_ROOTREM=1 -DHAVE___GMPN_SBPI1_DIVAPPR_Q=1 -I. -I../.././../mpfr/mpfr-3.1.1/src -I/home/sparksco/android/toolchain/aosp/build/temp-install/include -Wall -Wmissing-prototypes -Wpointer-arith -g -O2 -MT acos.lo -MD -MP -MF .deps/acos.Tpo -c ../.././../mpfr/mpfr-3.1.1/src/acos.c -o acos.o
lo ../.././../mpfr/mpfr-3.1.1/src/set_nan.c
libtool: compile:  gcc-4.7 -DTIME_WITH_SYS_TIME=1 -DHAVE_INTTYPES_H=1 -DHAVE_STDINT_H=1 -DHAVE_LOCALE_H=1 -DHAVE_WCHAR_H=1 -DHAVE_STDARG=1 -DHAVE_SYS_TIME_H=1 -DHAVE_ALLOCA_H=1 -DHAVE_STDINT_H=1 -DHAVE_VA_COPY=1 -DHAVE_SETLOCALE=1 -DHAVE_GETTIMEOFDAY=1 -DHAVE_LONG_LONG=1 -DHAVE_INTMAX_T=1 -DMPFR_HAVE_INTMAX_MAX=1 -DMPFR_HAVE_FESETROUND=1 -DHAVE_DENORMS=1 -DHAVE_ROUND=1 -DHAVE_TRUNC=1 -DHAVE_FLOOR=1 -DHAVE_CEIL=1 -DHAVE_NEARBYINT=1 -DHAVE_LDOUBLE_IEEE_EXT_LITTLE=1 -DMPFR_USE_THREAD_SAFE=1 -DLT_OBJDIR=\".libs/\" -DHAVE_ATTRIBUTE_MODE=1 -DHAVE___GMPN_ROOTREM=1 -DHAVE___GMPN_SBPI1_DIVAPPR_Q=1 -I. -I../.././../mpfr/mpfr-3.1.1/src -I/home/sparksco/android/toolchain/aosp/build/temp-install/include -Wall -Wmissing-prototypes -Wpointer-arith -g -O2 -MT sin_cos.lo -MD -MP -MF .deps/sin_cos.Tpo -c ../.././../mpfr/mpfr-3.1.1/src/sin_cos.c -o sin_cos.o
mv -f .deps/copysign.Tpo .deps/copysign.Plo
mv -f .deps/minmax.Tpo .deps/minmax.Plo
mv -f .deps/signbit.Tpo .deps/signbit.Plo
/bin/bash ../libtool --tag=CC   --mode=compile gcc-4.7 -DTIME_WITH_SYS_TIME=1 -DHAVE_INTTYPES_H=1 -DHAVE_STDINT_H=1 -DHAVE_LOCALE_H=1 -DHAVE_WCHAR_H=1 -DHAVE_STDARG=1 -DHAVE_SYS_TIME_H=1 -DHAVE_ALLOCA_H=1 -DHAVE_STDINT_H=1 -DHAVE_VA_COPY=1 -DHAVE_SETLOCALE=1 -DHAVE_GETTIMEOFDAY=1 -DHAVE_LONG_LONG=1 -DHAVE_INTMAX_T=1 -DMPFR_HAVE_INTMAX_MAX=1 -DMPFR_HAVE_FESETROUND=1 -DHAVE_DENORMS=1 -DHAVE_ROUND=1 -DHAVE_TRUNC=1 -DHAVE_FLOOR=1 -DHAVE_CEIL=1 -DHAVE_NEARBYINT=1 -DHAVE_LDOUBLE_IEEE_EXT_LITTLE=1 -DMPFR_USE_THREAD_SAFE=1 -DLT_OBJDIR=\".libs/\" -DHAVE_ATTRIBUTE_MODE=1 -DHAVE___GMPN_ROOTREM=1 -DHAVE___GMPN_SBPI1_DIVAPPR_Q=1 -I. -I../.././../mpfr/mpfr-3.1.1/src   -I/home/sparksco/android/toolchain/aosp/build/temp-install/include  -Wall -Wmissing-prototypes -Wpointer-arith -g -O2 -MT set_inf.lo -MD -MP -MF .deps/set_inf.Tpo -c -o set_inf.lo ../.././../mpfr/mpfr-3.1.1/src/set_inf.c
/bin/bash ../libtool --tag=CC   --mode=compile gcc-4.7 -DTIME_WITH_SYS_TIME=1 -DHAVE_INTTYPES_H=1 -DHAVE_STDINT_H=1 -DHAVE_LOCALE_H=1 -DHAVE_WCHAR_H=1 -DHAVE_STDARG=1 -DHAVE_SYS_TIME_H=1 -DHAVE_ALLOCA_H=1 -DHAVE_STDINT_H=1 -DHAVE_VA_COPY=1 -DHAVE_SETLOCALE=1 -DHAVE_GETTIMEOFDAY=1 -DHAVE_LONG_LONG=1 -DHAVE_INTMAX_T=1 -DMPFR_HAVE_INTMAX_MAX=1 -DMPFR_HAVE_FESETROUND=1 -DHAVE_DENORMS=1 -DHAVE_ROUND=1 -DHAVE_TRUNC=1 -DHAVE_FLOOR=1 -DHAVE_CEIL=1 -DHAVE_NEARBYINT=1 -DHAVE_LDOUBLE_IEEE_EXT_LITTLE=1 -DMPFR_USE_THREAD_SAFE=1 -DLT_OBJDIR=\".libs/\" -DHAVE_ATTRIBUTE_MODE=1 -DHAVE___GMPN_ROOTREM=1 -DHAVE___GMPN_SBPI1_DIVAPPR_Q=1 -I. -I../.././../mpfr/mpfr-3.1.1/src   -I/home/sparksco/android/toolchain/aosp/build/temp-install/include  -Wall -Wmissing-prototypes -Wpointer-arith -g -O2 -MT set_zero.lo -MD -MP -MF .deps/set_zero.Tpo -c -o set_zero.lo ../.././../mpfr/mpfr-3.1.1/src/set_zero.c
/bin/bash ../libtool --tag=CC   --mode=compile gcc-4.7 -DTIME_WITH_SYS_TIME=1 -DHAVE_INTTYPES_H=1 -DHAVE_STDINT_H=1 -DHAVE_LOCALE_H=1 -DHAVE_WCHAR_H=1 -DHAVE_STDARG=1 -DHAVE_SYS_TIME_H=1 -DHAVE_ALLOCA_H=1 -DHAVE_STDINT_H=1 -DHAVE_VA_COPY=1 -DHAVE_SETLOCALE=1 -DHAVE_GETTIMEOFDAY=1 -DHAVE_LONG_LONG=1 -DHAVE_INTMAX_T=1 -DMPFR_HAVE_INTMAX_MAX=1 -DMPFR_HAVE_FESETROUND=1 -DHAVE_DENORMS=1 -DHAVE_ROUND=1 -DHAVE_TRUNC=1 -DHAVE_FLOOR=1 -DHAVE_CEIL=1 -DHAVE_NEARBYINT=1 -DHAVE_LDOUBLE_IEEE_EXT_LITTLE=1 -DMPFR_USE_THREAD_SAFE=1 -DLT_OBJDIR=\".libs/\" -DHAVE_ATTRIBUTE_MODE=1 -DHAVE___GMPN_ROOTREM=1 -DHAVE___GMPN_SBPI1_DIVAPPR_Q=1 -I. -I../.././../mpfr/mpfr-3.1.1/src   -I/home/sparksco/android/toolchain/aosp/build/temp-install/include  -Wall -Wmissing-prototypes -Wpointer-arith -g -O2 -MT powerof2.lo -MD -MP -MF .deps/powerof2.Tpo -c -o powerof2.lo ../.././../mpfr/mpfr-3.1.1/src/powerof2.c
yes
checking whether wctype is declared without a macro... libtool: compile:  gcc-4.7 -DTIME_WITH_SYS_TIME=1 -DHAVE_INTTYPES_H=1 -DHAVE_STDINT_H=1 -DHAVE_LOCALE_H=1 -DHAVE_WCHAR_H=1 -DHAVE_STDARG=1 -DHAVE_SYS_TIME_H=1 -DHAVE_ALLOCA_H=1 -DHAVE_STDINT_H=1 -DHAVE_VA_COPY=1 -DHAVE_SETLOCALE=1 -DHAVE_GETTIMEOFDAY=1 -DHAVE_LONG_LONG=1 -DHAVE_INTMAX_T=1 -DMPFR_HAVE_INTMAX_MAX=1 -DMPFR_HAVE_FESETROUND=1 -DHAVE_DENORMS=1 -DHAVE_ROUND=1 -DHAVE_TRUNC=1 -DHAVE_FLOOR=1 -DHAVE_CEIL=1 -DHAVE_NEARBYINT=1 -DHAVE_LDOUBLE_IEEE_EXT_LITTLE=1 -DMPFR_USE_THREAD_SAFE=1 -DLT_OBJDIR=\".libs/\" -DHAVE_ATTRIBUTE_MODE=1 -DHAVE___GMPN_ROOTREM=1 -DHAVE___GMPN_SBPI1_DIVAPPR_Q=1 -I. -I../.././../mpfr/mpfr-3.1.1/src -I/home/sparksco/android/toolchain/aosp/build/temp-install/include -Wall -Wmissing-prototypes -Wpointer-arith -g -O2 -MT set_nan.lo -MD -MP -MF .deps/set_nan.Tpo -c ../.././../mpfr/mpfr-3.1.1/src/set_nan.c -o set_nan.o
mv -f .deps/init2.Tpo .deps/init2.Plo
mv -f .deps/setsign.Tpo .deps/setsign.Plo
/bin/bash ../libtool --tag=CC   --mode=compile gcc-4.7 -DTIME_WITH_SYS_TIME=1 -DHAVE_INTTYPES_H=1 -DHAVE_STDINT_H=1 -DHAVE_LOCALE_H=1 -DHAVE_WCHAR_H=1 -DHAVE_STDARG=1 -DHAVE_SYS_TIME_H=1 -DHAVE_ALLOCA_H=1 -DHAVE_STDINT_H=1 -DHAVE_VA_COPY=1 -DHAVE_SETLOCALE=1 -DHAVE_GETTIMEOFDAY=1 -DHAVE_LONG_LONG=1 -DHAVE_INTMAX_T=1 -DMPFR_HAVE_INTMAX_MAX=1 -DMPFR_HAVE_FESETROUND=1 -DHAVE_DENORMS=1 -DHAVE_ROUND=1 -DHAVE_TRUNC=1 -DHAVE_FLOOR=1 -DHAVE_CEIL=1 -DHAVE_NEARBYINT=1 -DHAVE_LDOUBLE_IEEE_EXT_LITTLE=1 -DMPFR_USE_THREAD_SAFE=1 -DLT_OBJDIR=\".libs/\" -DHAVE_ATTRIBUTE_MODE=1 -DHAVE___GMPN_ROOTREM=1 -DHAVE___GMPN_SBPI1_DIVAPPR_Q=1 -I. -I../.././../mpfr/mpfr-3.1.1/src   -I/home/sparksco/android/toolchain/aosp/build/temp-install/include  -Wall -Wmissing-prototypes -Wpointer-arith -g -O2 -MT gamma.lo -MD -MP -MF .deps/gamma.Tpo -c -o gamma.lo ../.././../mpfr/mpfr-3.1.1/src/gamma.c
libtool: compile:  gcc-4.7 -DTIME_WITH_SYS_TIME=1 -DHAVE_INTTYPES_H=1 -DHAVE_STDINT_H=1 -DHAVE_LOCALE_H=1 -DHAVE_WCHAR_H=1 -DHAVE_STDARG=1 -DHAVE_SYS_TIME_H=1 -DHAVE_ALLOCA_H=1 -DHAVE_STDINT_H=1 -DHAVE_VA_COPY=1 -DHAVE_SETLOCALE=1 -DHAVE_GETTIMEOFDAY=1 -DHAVE_LONG_LONG=1 -DHAVE_INTMAX_T=1 -DMPFR_HAVE_INTMAX_MAX=1 -DMPFR_HAVE_FESETROUND=1 -DHAVE_DENORMS=1 -DHAVE_ROUND=1 -DHAVE_TRUNC=1 -DHAVE_FLOOR=1 -DHAVE_CEIL=1 -DHAVE_NEARBYINT=1 -DHAVE_LDOUBLE_IEEE_EXT_LITTLE=1 -DMPFR_USE_THREAD_SAFE=1 -DLT_OBJDIR=\".libs/\" -DHAVE_ATTRIBUTE_MODE=1 -DHAVE___GMPN_ROOTREM=1 -DHAVE___GMPN_SBPI1_DIVAPPR_Q=1 -I. -I../.././../mpfr/mpfr-3.1.1/src -I/home/sparksco/android/toolchain/aosp/build/temp-install/include -Wall -Wmissing-prototypes -Wpointer-arith -g -O2 -MT set_zero.lo -MD -MP -MF .deps/set_zero.Tpo -c ../.././../mpfr/mpfr-3.1.1/src/set_zero.c -o set_zero.o
libtool: compile:  gcc-4.7 -DTIME_WITH_SYS_TIME=1 -DHAVE_INTTYPES_H=1 -DHAVE_STDINT_H=1 -DHAVE_LOCALE_H=1 -DHAVE_WCHAR_H=1 -DHAVE_STDARG=1 -DHAVE_SYS_TIME_H=1 -DHAVE_ALLOCA_H=1 -DHAVE_STDINT_H=1 -DHAVE_VA_COPY=1 -DHAVE_SETLOCALE=1 -DHAVE_GETTIMEOFDAY=1 -DHAVE_LONG_LONG=1 -DHAVE_INTMAX_T=1 -DMPFR_HAVE_INTMAX_MAX=1 -DMPFR_HAVE_FESETROUND=1 -DHAVE_DENORMS=1 -DHAVE_ROUND=1 -DHAVE_TRUNC=1 -DHAVE_FLOOR=1 -DHAVE_CEIL=1 -DHAVE_NEARBYINT=1 -DHAVE_LDOUBLE_IEEE_EXT_LITTLE=1 -DMPFR_USE_THREAD_SAFE=1 -DLT_OBJDIR=\".libs/\" -DHAVE_ATTRIBUTE_MODE=1 -DHAVE___GMPN_ROOTREM=1 -DHAVE___GMPN_SBPI1_DIVAPPR_Q=1 -I. -I../.././../mpfr/mpfr-3.1.1/src -I/home/sparksco/android/toolchain/aosp/build/temp-install/include -Wall -Wmissing-prototypes -Wpointer-arith -g -O2 -MT set_inf.lo -MD -MP -MF .deps/set_inf.Tpo -c ../.././../mpfr/mpfr-3.1.1/src/set_inf.c -o set_inf.o
/bin/bash ../libtool --tag=CC   --mode=compile gcc-4.7 -DTIME_WITH_SYS_TIME=1 -DHAVE_INTTYPES_H=1 -DHAVE_STDINT_H=1 -DHAVE_LOCALE_H=1 -DHAVE_WCHAR_H=1 -DHAVE_STDARG=1 -DHAVE_SYS_TIME_H=1 -DHAVE_ALLOCA_H=1 -DHAVE_STDINT_H=1 -DHAVE_VA_COPY=1 -DHAVE_SETLOCALE=1 -DHAVE_GETTIMEOFDAY=1 -DHAVE_LONG_LONG=1 -DHAVE_INTMAX_T=1 -DMPFR_HAVE_INTMAX_MAX=1 -DMPFR_HAVE_FESETROUND=1 -DHAVE_DENORMS=1 -DHAVE_ROUND=1 -DHAVE_TRUNC=1 -DHAVE_FLOOR=1 -DHAVE_CEIL=1 -DHAVE_NEARBYINT=1 -DHAVE_LDOUBLE_IEEE_EXT_LITTLE=1 -DMPFR_USE_THREAD_SAFE=1 -DLT_OBJDIR=\".libs/\" -DHAVE_ATTRIBUTE_MODE=1 -DHAVE___GMPN_ROOTREM=1 -DHAVE___GMPN_SBPI1_DIVAPPR_Q=1 -I. -I../.././../mpfr/mpfr-3.1.1/src   -I/home/sparksco/android/toolchain/aosp/build/temp-install/include  -Wall -Wmissing-prototypes -Wpointer-arith -g -O2 -MT set_ld.lo -MD -MP -MF .deps/set_ld.Tpo -c -o set_ld.lo ../.././../mpfr/mpfr-3.1.1/src/set_ld.c
yes
libtool: compile:  gcc-4.7 -DTIME_WITH_SYS_TIME=1 -DHAVE_INTTYPES_H=1 -DHAVE_STDINT_H=1 -DHAVE_LOCALE_H=1 -DHAVE_WCHAR_H=1 -DHAVE_STDARG=1 -DHAVE_SYS_TIME_H=1 -DHAVE_ALLOCA_H=1 -DHAVE_STDINT_H=1 -DHAVE_VA_COPY=1 -DHAVE_SETLOCALE=1 -DHAVE_GETTIMEOFDAY=1 -DHAVE_LONG_LONG=1 -DHAVE_INTMAX_T=1 -DMPFR_HAVE_INTMAX_MAX=1 -DMPFR_HAVE_FESETROUND=1 -DHAVE_DENORMS=1 -DHAVE_ROUND=1 -DHAVE_TRUNC=1 -DHAVE_FLOOR=1 -DHAVE_CEIL=1 -DHAVE_NEARBYINT=1 -DHAVE_LDOUBLE_IEEE_EXT_LITTLE=1 -DMPFR_USE_THREAD_SAFE=1 -DLT_OBJDIR=\".libs/\" -DHAVE_ATTRIBUTE_MODE=1 -DHAVE___GMPN_ROOTREM=1 -DHAVE___GMPN_SBPI1_DIVAPPR_Q=1 -I. -I../.././../mpfr/mpfr-3.1.1/src -I/home/sparksco/android/toolchain/aosp/build/temp-install/include -Wall -Wmissing-prototypes -Wpointer-arith -g -O2 -MT powerof2.lo -MD -MP -MF .deps/powerof2.Tpo -c ../.././../mpfr/mpfr-3.1.1/src/powerof2.c -o powerof2.o
checking whether iswctype is declared without a macro... libtool: compile:  gcc-4.7 -DTIME_WITH_SYS_TIME=1 -DHAVE_INTTYPES_H=1 -DHAVE_STDINT_H=1 -DHAVE_LOCALE_H=1 -DHAVE_WCHAR_H=1 -DHAVE_STDARG=1 -DHAVE_SYS_TIME_H=1 -DHAVE_ALLOCA_H=1 -DHAVE_STDINT_H=1 -DHAVE_VA_COPY=1 -DHAVE_SETLOCALE=1 -DHAVE_GETTIMEOFDAY=1 -DHAVE_LONG_LONG=1 -DHAVE_INTMAX_T=1 -DMPFR_HAVE_INTMAX_MAX=1 -DMPFR_HAVE_FESETROUND=1 -DHAVE_DENORMS=1 -DHAVE_ROUND=1 -DHAVE_TRUNC=1 -DHAVE_FLOOR=1 -DHAVE_CEIL=1 -DHAVE_NEARBYINT=1 -DHAVE_LDOUBLE_IEEE_EXT_LITTLE=1 -DMPFR_USE_THREAD_SAFE=1 -DLT_OBJDIR=\".libs/\" -DHAVE_ATTRIBUTE_MODE=1 -DHAVE___GMPN_ROOTREM=1 -DHAVE___GMPN_SBPI1_DIVAPPR_Q=1 -I. -I../.././../mpfr/mpfr-3.1.1/src -I/home/sparksco/android/toolchain/aosp/build/temp-install/include -Wall -Wmissing-prototypes -Wpointer-arith -g -O2 -MT set_ld.lo -MD -MP -MF .deps/set_ld.Tpo -c ../.././../mpfr/mpfr-3.1.1/src/set_ld.c -o set_ld.o
libtool: compile:  gcc-4.7 -DTIME_WITH_SYS_TIME=1 -DHAVE_INTTYPES_H=1 -DHAVE_STDINT_H=1 -DHAVE_LOCALE_H=1 -DHAVE_WCHAR_H=1 -DHAVE_STDARG=1 -DHAVE_SYS_TIME_H=1 -DHAVE_ALLOCA_H=1 -DHAVE_STDINT_H=1 -DHAVE_VA_COPY=1 -DHAVE_SETLOCALE=1 -DHAVE_GETTIMEOFDAY=1 -DHAVE_LONG_LONG=1 -DHAVE_INTMAX_T=1 -DMPFR_HAVE_INTMAX_MAX=1 -DMPFR_HAVE_FESETROUND=1 -DHAVE_DENORMS=1 -DHAVE_ROUND=1 -DHAVE_TRUNC=1 -DHAVE_FLOOR=1 -DHAVE_CEIL=1 -DHAVE_NEARBYINT=1 -DHAVE_LDOUBLE_IEEE_EXT_LITTLE=1 -DMPFR_USE_THREAD_SAFE=1 -DLT_OBJDIR=\".libs/\" -DHAVE_ATTRIBUTE_MODE=1 -DHAVE___GMPN_ROOTREM=1 -DHAVE___GMPN_SBPI1_DIVAPPR_Q=1 -I. -I../.././../mpfr/mpfr-3.1.1/src -I/home/sparksco/android/toolchain/aosp/build/temp-install/include -Wall -Wmissing-prototypes -Wpointer-arith -g -O2 -MT gamma.lo -MD -MP -MF .deps/gamma.Tpo -c ../.././../mpfr/mpfr-3.1.1/src/gamma.c -o gamma.o
mv -f .deps/acos.Tpo .deps/acos.Plo
mv -f .deps/set_nan.Tpo .deps/set_nan.Plo
mv -f .deps/set_inf.Tpo .deps/set_inf.Plo
mv -f .deps/set_zero.Tpo .deps/set_zero.Plo
/bin/bash ../libtool --tag=CC   --mode=compile gcc-4.7 -DTIME_WITH_SYS_TIME=1 -DHAVE_INTTYPES_H=1 -DHAVE_STDINT_H=1 -DHAVE_LOCALE_H=1 -DHAVE_WCHAR_H=1 -DHAVE_STDARG=1 -DHAVE_SYS_TIME_H=1 -DHAVE_ALLOCA_H=1 -DHAVE_STDINT_H=1 -DHAVE_VA_COPY=1 -DHAVE_SETLOCALE=1 -DHAVE_GETTIMEOFDAY=1 -DHAVE_LONG_LONG=1 -DHAVE_INTMAX_T=1 -DMPFR_HAVE_INTMAX_MAX=1 -DMPFR_HAVE_FESETROUND=1 -DHAVE_DENORMS=1 -DHAVE_ROUND=1 -DHAVE_TRUNC=1 -DHAVE_FLOOR=1 -DHAVE_CEIL=1 -DHAVE_NEARBYINT=1 -DHAVE_LDOUBLE_IEEE_EXT_LITTLE=1 -DMPFR_USE_THREAD_SAFE=1 -DLT_OBJDIR=\".libs/\" -DHAVE_ATTRIBUTE_MODE=1 -DHAVE___GMPN_ROOTREM=1 -DHAVE___GMPN_SBPI1_DIVAPPR_Q=1 -I. -I../.././../mpfr/mpfr-3.1.1/src   -I/home/sparksco/android/toolchain/aosp/build/temp-install/include  -Wall -Wmissing-prototypes -Wpointer-arith -g -O2 -MT get_ld.lo -MD -MP -MF .deps/get_ld.Tpo -c -o get_ld.lo ../.././../mpfr/mpfr-3.1.1/src/get_ld.c
/bin/bash ../libtool --tag=CC   --mode=compile gcc-4.7 -DTIME_WITH_SYS_TIME=1 -DHAVE_INTTYPES_H=1 -DHAVE_STDINT_H=1 -DHAVE_LOCALE_H=1 -DHAVE_WCHAR_H=1 -DHAVE_STDARG=1 -DHAVE_SYS_TIME_H=1 -DHAVE_ALLOCA_H=1 -DHAVE_STDINT_H=1 -DHAVE_VA_COPY=1 -DHAVE_SETLOCALE=1 -DHAVE_GETTIMEOFDAY=1 -DHAVE_LONG_LONG=1 -DHAVE_INTMAX_T=1 -DMPFR_HAVE_INTMAX_MAX=1 -DMPFR_HAVE_FESETROUND=1 -DHAVE_DENORMS=1 -DHAVE_ROUND=1 -DHAVE_TRUNC=1 -DHAVE_FLOOR=1 -DHAVE_CEIL=1 -DHAVE_NEARBYINT=1 -DHAVE_LDOUBLE_IEEE_EXT_LITTLE=1 -DMPFR_USE_THREAD_SAFE=1 -DLT_OBJDIR=\".libs/\" -DHAVE_ATTRIBUTE_MODE=1 -DHAVE___GMPN_ROOTREM=1 -DHAVE___GMPN_SBPI1_DIVAPPR_Q=1 -I. -I../.././../mpfr/mpfr-3.1.1/src   -I/home/sparksco/android/toolchain/aosp/build/temp-install/include  -Wall -Wmissing-prototypes -Wpointer-arith -g -O2 -MT cbrt.lo -MD -MP -MF .deps/cbrt.Tpo -c -o cbrt.lo ../.././../mpfr/mpfr-3.1.1/src/cbrt.c
/bin/bash ../libtool --tag=CC   --mode=compile gcc-4.7 -DTIME_WITH_SYS_TIME=1 -DHAVE_INTTYPES_H=1 -DHAVE_STDINT_H=1 -DHAVE_LOCALE_H=1 -DHAVE_WCHAR_H=1 -DHAVE_STDARG=1 -DHAVE_SYS_TIME_H=1 -DHAVE_ALLOCA_H=1 -DHAVE_STDINT_H=1 -DHAVE_VA_COPY=1 -DHAVE_SETLOCALE=1 -DHAVE_GETTIMEOFDAY=1 -DHAVE_LONG_LONG=1 -DHAVE_INTMAX_T=1 -DMPFR_HAVE_INTMAX_MAX=1 -DMPFR_HAVE_FESETROUND=1 -DHAVE_DENORMS=1 -DHAVE_ROUND=1 -DHAVE_TRUNC=1 -DHAVE_FLOOR=1 -DHAVE_CEIL=1 -DHAVE_NEARBYINT=1 -DHAVE_LDOUBLE_IEEE_EXT_LITTLE=1 -DMPFR_USE_THREAD_SAFE=1 -DLT_OBJDIR=\".libs/\" -DHAVE_ATTRIBUTE_MODE=1 -DHAVE___GMPN_ROOTREM=1 -DHAVE___GMPN_SBPI1_DIVAPPR_Q=1 -I. -I../.././../mpfr/mpfr-3.1.1/src   -I/home/sparksco/android/toolchain/aosp/build/temp-install/include  -Wall -Wmissing-prototypes -Wpointer-arith -g -O2 -MT volatile.lo -MD -MP -MF .deps/volatile.Tpo -c -o volatile.lo ../.././../mpfr/mpfr-3.1.1/src/volatile.c
/bin/bash ../libtool --tag=CC   --mode=compile gcc-4.7 -DTIME_WITH_SYS_TIME=1 -DHAVE_INTTYPES_H=1 -DHAVE_STDINT_H=1 -DHAVE_LOCALE_H=1 -DHAVE_WCHAR_H=1 -DHAVE_STDARG=1 -DHAVE_SYS_TIME_H=1 -DHAVE_ALLOCA_H=1 -DHAVE_STDINT_H=1 -DHAVE_VA_COPY=1 -DHAVE_SETLOCALE=1 -DHAVE_GETTIMEOFDAY=1 -DHAVE_LONG_LONG=1 -DHAVE_INTMAX_T=1 -DMPFR_HAVE_INTMAX_MAX=1 -DMPFR_HAVE_FESETROUND=1 -DHAVE_DENORMS=1 -DHAVE_ROUND=1 -DHAVE_TRUNC=1 -DHAVE_FLOOR=1 -DHAVE_CEIL=1 -DHAVE_NEARBYINT=1 -DHAVE_LDOUBLE_IEEE_EXT_LITTLE=1 -DMPFR_USE_THREAD_SAFE=1 -DLT_OBJDIR=\".libs/\" -DHAVE_ATTRIBUTE_MODE=1 -DHAVE___GMPN_ROOTREM=1 -DHAVE___GMPN_SBPI1_DIVAPPR_Q=1 -I. -I../.././../mpfr/mpfr-3.1.1/src   -I/home/sparksco/android/toolchain/aosp/build/temp-install/include  -Wall -Wmissing-prototypes -Wpointer-arith -g -O2 -MT fits_sshort.lo -MD -MP -MF .deps/fits_sshort.Tpo -c -o fits_sshort.lo ../.././../mpfr/mpfr-3.1.1/src/fits_sshort.c
yes
mv -f .deps/powerof2.Tpo .deps/powerof2.Plo
/bin/bash ../libtool --tag=CC   --mode=compile gcc-4.7 -DTIME_WITH_SYS_TIME=1 -DHAVE_INTTYPES_H=1 -DHAVE_STDINT_H=1 -DHAVE_LOCALE_H=1 -DHAVE_WCHAR_H=1 -DHAVE_STDARG=1 -DHAVE_SYS_TIME_H=1 -DHAVE_ALLOCA_H=1 -DHAVE_STDINT_H=1 -DHAVE_VA_COPY=1 -DHAVE_SETLOCALE=1 -DHAVE_GETTIMEOFDAY=1 -DHAVE_LONG_LONG=1 -DHAVE_INTMAX_T=1 -DMPFR_HAVE_INTMAX_MAX=1 -DMPFR_HAVE_FESETROUND=1 -DHAVE_DENORMS=1 -DHAVE_ROUND=1 -DHAVE_TRUNC=1 -DHAVE_FLOOR=1 -DHAVE_CEIL=1 -DHAVE_NEARBYINT=1 -DHAVE_LDOUBLE_IEEE_EXT_LITTLE=1 -DMPFR_USE_THREAD_SAFE=1 -DLT_OBJDIR=\".libs/\" -DHAVE_ATTRIBUTE_MODE=1 -DHAVE___GMPN_ROOTREM=1 -DHAVE___GMPN_SBPI1_DIVAPPR_Q=1 -I. -I../.././../mpfr/mpfr-3.1.1/src   -I/home/sparksco/android/toolchain/aosp/build/temp-install/include  -Wall -Wmissing-prototypes -Wpointer-arith -g -O2 -MT fits_sint.lo -MD -MP -MF .deps/fits_sint.Tpo -c -o fits_sint.lo ../.././../mpfr/mpfr-3.1.1/src/fits_sint.c
checking whether wctrans is declared without a macro... libtool: compile:  gcc-4.7 -DTIME_WITH_SYS_TIME=1 -DHAVE_INTTYPES_H=1 -DHAVE_STDINT_H=1 -DHAVE_LOCALE_H=1 -DHAVE_WCHAR_H=1 -DHAVE_STDARG=1 -DHAVE_SYS_TIME_H=1 -DHAVE_ALLOCA_H=1 -DHAVE_STDINT_H=1 -DHAVE_VA_COPY=1 -DHAVE_SETLOCALE=1 -DHAVE_GETTIMEOFDAY=1 -DHAVE_LONG_LONG=1 -DHAVE_INTMAX_T=1 -DMPFR_HAVE_INTMAX_MAX=1 -DMPFR_HAVE_FESETROUND=1 -DHAVE_DENORMS=1 -DHAVE_ROUND=1 -DHAVE_TRUNC=1 -DHAVE_FLOOR=1 -DHAVE_CEIL=1 -DHAVE_NEARBYINT=1 -DHAVE_LDOUBLE_IEEE_EXT_LITTLE=1 -DMPFR_USE_THREAD_SAFE=1 -DLT_OBJDIR=\".libs/\" -DHAVE_ATTRIBUTE_MODE=1 -DHAVE___GMPN_ROOTREM=1 -DHAVE___GMPN_SBPI1_DIVAPPR_Q=1 -I. -I../.././../mpfr/mpfr-3.1.1/src -I/home/sparksco/android/toolchain/aosp/build/temp-install/include -Wall -Wmissing-prototypes -Wpointer-arith -g -O2 -MT cbrt.lo -MD -MP -MF .deps/cbrt.Tpo -c ../.././../mpfr/mpfr-3.1.1/src/cbrt.c -o cbrt.o
libtool: compile:  gcc-4.7 -DTIME_WITH_SYS_TIME=1 -DHAVE_INTTYPES_H=1 -DHAVE_STDINT_H=1 -DHAVE_LOCALE_H=1 -DHAVE_WCHAR_H=1 -DHAVE_STDARG=1 -DHAVE_SYS_TIME_H=1 -DHAVE_ALLOCA_H=1 -DHAVE_STDINT_H=1 -DHAVE_VA_COPY=1 -DHAVE_SETLOCALE=1 -DHAVE_GETTIMEOFDAY=1 -DHAVE_LONG_LONG=1 -DHAVE_INTMAX_T=1 -DMPFR_HAVE_INTMAX_MAX=1 -DMPFR_HAVE_FESETROUND=1 -DHAVE_DENORMS=1 -DHAVE_ROUND=1 -DHAVE_TRUNC=1 -DHAVE_FLOOR=1 -DHAVE_CEIL=1 -DHAVE_NEARBYINT=1 -DHAVE_LDOUBLE_IEEE_EXT_LITTLE=1 -DMPFR_USE_THREAD_SAFE=1 -DLT_OBJDIR=\".libs/\" -DHAVE_ATTRIBUTE_MODE=1 -DHAVE___GMPN_ROOTREM=1 -DHAVE___GMPN_SBPI1_DIVAPPR_Q=1 -I. -I../.././../mpfr/mpfr-3.1.1/src -I/home/sparksco/android/toolchain/aosp/build/temp-install/include -Wall -Wmissing-prototypes -Wpointer-arith -g -O2 -MT volatile.lo -MD -MP -MF .deps/volatile.Tpo -c ../.././../mpfr/mpfr-3.1.1/src/volatile.c -o volatile.o
libtool: compile:  gcc-4.7 -DTIME_WITH_SYS_TIME=1 -DHAVE_INTTYPES_H=1 -DHAVE_STDINT_H=1 -DHAVE_LOCALE_H=1 -DHAVE_WCHAR_H=1 -DHAVE_STDARG=1 -DHAVE_SYS_TIME_H=1 -DHAVE_ALLOCA_H=1 -DHAVE_STDINT_H=1 -DHAVE_VA_COPY=1 -DHAVE_SETLOCALE=1 -DHAVE_GETTIMEOFDAY=1 -DHAVE_LONG_LONG=1 -DHAVE_INTMAX_T=1 -DMPFR_HAVE_INTMAX_MAX=1 -DMPFR_HAVE_FESETROUND=1 -DHAVE_DENORMS=1 -DHAVE_ROUND=1 -DHAVE_TRUNC=1 -DHAVE_FLOOR=1 -DHAVE_CEIL=1 -DHAVE_NEARBYINT=1 -DHAVE_LDOUBLE_IEEE_EXT_LITTLE=1 -DMPFR_USE_THREAD_SAFE=1 -DLT_OBJDIR=\".libs/\" -DHAVE_ATTRIBUTE_MODE=1 -DHAVE___GMPN_ROOTREM=1 -DHAVE___GMPN_SBPI1_DIVAPPR_Q=1 -I. -I../.././../mpfr/mpfr-3.1.1/src -I/home/sparksco/android/toolchain/aosp/build/temp-install/include -Wall -Wmissing-prototypes -Wpointer-arith -g -O2 -MT get_ld.lo -MD -MP -MF .deps/get_ld.Tpo -c ../.././../mpfr/mpfr-3.1.1/src/get_ld.c -o get_ld.o
libtool: compile:  gcc-4.7 -DTIME_WITH_SYS_TIME=1 -DHAVE_INTTYPES_H=1 -DHAVE_STDINT_H=1 -DHAVE_LOCALE_H=1 -DHAVE_WCHAR_H=1 -DHAVE_STDARG=1 -DHAVE_SYS_TIME_H=1 -DHAVE_ALLOCA_H=1 -DHAVE_STDINT_H=1 -DHAVE_VA_COPY=1 -DHAVE_SETLOCALE=1 -DHAVE_GETTIMEOFDAY=1 -DHAVE_LONG_LONG=1 -DHAVE_INTMAX_T=1 -DMPFR_HAVE_INTMAX_MAX=1 -DMPFR_HAVE_FESETROUND=1 -DHAVE_DENORMS=1 -DHAVE_ROUND=1 -DHAVE_TRUNC=1 -DHAVE_FLOOR=1 -DHAVE_CEIL=1 -DHAVE_NEARBYINT=1 -DHAVE_LDOUBLE_IEEE_EXT_LITTLE=1 -DMPFR_USE_THREAD_SAFE=1 -DLT_OBJDIR=\".libs/\" -DHAVE_ATTRIBUTE_MODE=1 -DHAVE___GMPN_ROOTREM=1 -DHAVE___GMPN_SBPI1_DIVAPPR_Q=1 -I. -I../.././../mpfr/mpfr-3.1.1/src -I/home/sparksco/android/toolchain/aosp/build/temp-install/include -Wall -Wmissing-prototypes -Wpointer-arith -g -O2 -MT fits_sshort.lo -MD -MP -MF .deps/fits_sshort.Tpo -c ../.././../mpfr/mpfr-3.1.1/src/fits_sshort.c -o fits_sshort.o
yes
mv -f .deps/set_ld.Tpo .deps/set_ld.Plo
libtool: compile:  gcc-4.7 -DTIME_WITH_SYS_TIME=1 -DHAVE_INTTYPES_H=1 -DHAVE_STDINT_H=1 -DHAVE_LOCALE_H=1 -DHAVE_WCHAR_H=1 -DHAVE_STDARG=1 -DHAVE_SYS_TIME_H=1 -DHAVE_ALLOCA_H=1 -DHAVE_STDINT_H=1 -DHAVE_VA_COPY=1 -DHAVE_SETLOCALE=1 -DHAVE_GETTIMEOFDAY=1 -DHAVE_LONG_LONG=1 -DHAVE_INTMAX_T=1 -DMPFR_HAVE_INTMAX_MAX=1 -DMPFR_HAVE_FESETROUND=1 -DHAVE_DENORMS=1 -DHAVE_ROUND=1 -DHAVE_TRUNC=1 -DHAVE_FLOOR=1 -DHAVE_CEIL=1 -DHAVE_NEARBYINT=1 -DHAVE_LDOUBLE_IEEE_EXT_LITTLE=1 -DMPFR_USE_THREAD_SAFE=1 -DLT_OBJDIR=\".libs/\" -DHAVE_ATTRIBUTE_MODE=1 -DHAVE___GMPN_ROOTREM=1 -DHAVE___GMPN_SBPI1_DIVAPPR_Q=1 -I. -I../.././../mpfr/mpfr-3.1.1/src -I/home/sparksco/android/toolchain/aosp/build/temp-install/include -Wall -Wmissing-prototypes -Wpointer-arith -g -O2 -MT fits_sint.lo -MD -MP -MF .deps/fits_sint.Tpo -c ../.././../mpfr/mpfr-3.1.1/src/fits_sint.c -o fits_sint.o
mv -f .deps/gmp_op.Tpo .deps/gmp_op.Plo
/bin/bash ../libtool --tag=CC   --mode=compile gcc-4.7 -DTIME_WITH_SYS_TIME=1 -DHAVE_INTTYPES_H=1 -DHAVE_STDINT_H=1 -DHAVE_LOCALE_H=1 -DHAVE_WCHAR_H=1 -DHAVE_STDARG=1 -DHAVE_SYS_TIME_H=1 -DHAVE_ALLOCA_H=1 -DHAVE_STDINT_H=1 -DHAVE_VA_COPY=1 -DHAVE_SETLOCALE=1 -DHAVE_GETTIMEOFDAY=1 -DHAVE_LONG_LONG=1 -DHAVE_INTMAX_T=1 -DMPFR_HAVE_INTMAX_MAX=1 -DMPFR_HAVE_FESETROUND=1 -DHAVE_DENORMS=1 -DHAVE_ROUND=1 -DHAVE_TRUNC=1 -DHAVE_FLOOR=1 -DHAVE_CEIL=1 -DHAVE_NEARBYINT=1 -DHAVE_LDOUBLE_IEEE_EXT_LITTLE=1 -DMPFR_USE_THREAD_SAFE=1 -DLT_OBJDIR=\".libs/\" -DHAVE_ATTRIBUTE_MODE=1 -DHAVE___GMPN_ROOTREM=1 -DHAVE___GMPN_SBPI1_DIVAPPR_Q=1 -I. -I../.././../mpfr/mpfr-3.1.1/src   -I/home/sparksco/android/toolchain/aosp/build/temp-install/include  -Wall -Wmissing-prototypes -Wpointer-arith -g -O2 -MT fits_slong.lo -MD -MP -MF .deps/fits_slong.Tpo -c -o fits_slong.lo ../.././../mpfr/mpfr-3.1.1/src/fits_slong.c
checking whether towctrans is declared without a macro... /bin/bash ../libtool --tag=CC   --mode=compile gcc-4.7 -DTIME_WITH_SYS_TIME=1 -DHAVE_INTTYPES_H=1 -DHAVE_STDINT_H=1 -DHAVE_LOCALE_H=1 -DHAVE_WCHAR_H=1 -DHAVE_STDARG=1 -DHAVE_SYS_TIME_H=1 -DHAVE_ALLOCA_H=1 -DHAVE_STDINT_H=1 -DHAVE_VA_COPY=1 -DHAVE_SETLOCALE=1 -DHAVE_GETTIMEOFDAY=1 -DHAVE_LONG_LONG=1 -DHAVE_INTMAX_T=1 -DMPFR_HAVE_INTMAX_MAX=1 -DMPFR_HAVE_FESETROUND=1 -DHAVE_DENORMS=1 -DHAVE_ROUND=1 -DHAVE_TRUNC=1 -DHAVE_FLOOR=1 -DHAVE_CEIL=1 -DHAVE_NEARBYINT=1 -DHAVE_LDOUBLE_IEEE_EXT_LITTLE=1 -DMPFR_USE_THREAD_SAFE=1 -DLT_OBJDIR=\".libs/\" -DHAVE_ATTRIBUTE_MODE=1 -DHAVE___GMPN_ROOTREM=1 -DHAVE___GMPN_SBPI1_DIVAPPR_Q=1 -I. -I../.././../mpfr/mpfr-3.1.1/src   -I/home/sparksco/android/toolchain/aosp/build/temp-install/include  -Wall -Wmissing-prototypes -Wpointer-arith -g -O2 -MT fits_ushort.lo -MD -MP -MF .deps/fits_ushort.Tpo -c -o fits_ushort.lo ../.././../mpfr/mpfr-3.1.1/src/fits_ushort.c
mv -f .deps/volatile.Tpo .deps/volatile.Plo
/bin/bash ../libtool --tag=CC   --mode=compile gcc-4.7 -DTIME_WITH_SYS_TIME=1 -DHAVE_INTTYPES_H=1 -DHAVE_STDINT_H=1 -DHAVE_LOCALE_H=1 -DHAVE_WCHAR_H=1 -DHAVE_STDARG=1 -DHAVE_SYS_TIME_H=1 -DHAVE_ALLOCA_H=1 -DHAVE_STDINT_H=1 -DHAVE_VA_COPY=1 -DHAVE_SETLOCALE=1 -DHAVE_GETTIMEOFDAY=1 -DHAVE_LONG_LONG=1 -DHAVE_INTMAX_T=1 -DMPFR_HAVE_INTMAX_MAX=1 -DMPFR_HAVE_FESETROUND=1 -DHAVE_DENORMS=1 -DHAVE_ROUND=1 -DHAVE_TRUNC=1 -DHAVE_FLOOR=1 -DHAVE_CEIL=1 -DHAVE_NEARBYINT=1 -DHAVE_LDOUBLE_IEEE_EXT_LITTLE=1 -DMPFR_USE_THREAD_SAFE=1 -DLT_OBJDIR=\".libs/\" -DHAVE_ATTRIBUTE_MODE=1 -DHAVE___GMPN_ROOTREM=1 -DHAVE___GMPN_SBPI1_DIVAPPR_Q=1 -I. -I../.././../mpfr/mpfr-3.1.1/src   -I/home/sparksco/android/toolchain/aosp/build/temp-install/include  -Wall -Wmissing-prototypes -Wpointer-arith -g -O2 -MT fits_uint.lo -MD -MP -MF .deps/fits_uint.Tpo -c -o fits_uint.lo ../.././../mpfr/mpfr-3.1.1/src/fits_uint.c
libtool: compile:  gcc-4.7 -DTIME_WITH_SYS_TIME=1 -DHAVE_INTTYPES_H=1 -DHAVE_STDINT_H=1 -DHAVE_LOCALE_H=1 -DHAVE_WCHAR_H=1 -DHAVE_STDARG=1 -DHAVE_SYS_TIME_H=1 -DHAVE_ALLOCA_H=1 -DHAVE_STDINT_H=1 -DHAVE_VA_COPY=1 -DHAVE_SETLOCALE=1 -DHAVE_GETTIMEOFDAY=1 -DHAVE_LONG_LONG=1 -DHAVE_INTMAX_T=1 -DMPFR_HAVE_INTMAX_MAX=1 -DMPFR_HAVE_FESETROUND=1 -DHAVE_DENORMS=1 -DHAVE_ROUND=1 -DHAVE_TRUNC=1 -DHAVE_FLOOR=1 -DHAVE_CEIL=1 -DHAVE_NEARBYINT=1 -DHAVE_LDOUBLE_IEEE_EXT_LITTLE=1 -DMPFR_USE_THREAD_SAFE=1 -DLT_OBJDIR=\".libs/\" -DHAVE_ATTRIBUTE_MODE=1 -DHAVE___GMPN_ROOTREM=1 -DHAVE___GMPN_SBPI1_DIVAPPR_Q=1 -I. -I../.././../mpfr/mpfr-3.1.1/src -I/home/sparksco/android/toolchain/aosp/build/temp-install/include -Wall -Wmissing-prototypes -Wpointer-arith -g -O2 -MT fits_slong.lo -MD -MP -MF .deps/fits_slong.Tpo -c ../.././../mpfr/mpfr-3.1.1/src/fits_slong.c -o fits_slong.o
libtool: compile:  gcc-4.7 -DTIME_WITH_SYS_TIME=1 -DHAVE_INTTYPES_H=1 -DHAVE_STDINT_H=1 -DHAVE_LOCALE_H=1 -DHAVE_WCHAR_H=1 -DHAVE_STDARG=1 -DHAVE_SYS_TIME_H=1 -DHAVE_ALLOCA_H=1 -DHAVE_STDINT_H=1 -DHAVE_VA_COPY=1 -DHAVE_SETLOCALE=1 -DHAVE_GETTIMEOFDAY=1 -DHAVE_LONG_LONG=1 -DHAVE_INTMAX_T=1 -DMPFR_HAVE_INTMAX_MAX=1 -DMPFR_HAVE_FESETROUND=1 -DHAVE_DENORMS=1 -DHAVE_ROUND=1 -DHAVE_TRUNC=1 -DHAVE_FLOOR=1 -DHAVE_CEIL=1 -DHAVE_NEARBYINT=1 -DHAVE_LDOUBLE_IEEE_EXT_LITTLE=1 -DMPFR_USE_THREAD_SAFE=1 -DLT_OBJDIR=\".libs/\" -DHAVE_ATTRIBUTE_MODE=1 -DHAVE___GMPN_ROOTREM=1 -DHAVE___GMPN_SBPI1_DIVAPPR_Q=1 -I. -I../.././../mpfr/mpfr-3.1.1/src -I/home/sparksco/android/toolchain/aosp/build/temp-install/include -Wall -Wmissing-prototypes -Wpointer-arith -g -O2 -MT fits_ushort.lo -MD -MP -MF .deps/fits_ushort.Tpo -c ../.././../mpfr/mpfr-3.1.1/src/fits_ushort.c -o fits_ushort.o
mv -f .deps/fits_sshort.Tpo .deps/fits_sshort.Plo
yes
mv -f .deps/fits_sint.Tpo .deps/fits_sint.Plo
mv -f .deps/cbrt.Tpo .deps/cbrt.Plo
/bin/bash ../libtool --tag=CC   --mode=compile gcc-4.7 -DTIME_WITH_SYS_TIME=1 -DHAVE_INTTYPES_H=1 -DHAVE_STDINT_H=1 -DHAVE_LOCALE_H=1 -DHAVE_WCHAR_H=1 -DHAVE_STDARG=1 -DHAVE_SYS_TIME_H=1 -DHAVE_ALLOCA_H=1 -DHAVE_STDINT_H=1 -DHAVE_VA_COPY=1 -DHAVE_SETLOCALE=1 -DHAVE_GETTIMEOFDAY=1 -DHAVE_LONG_LONG=1 -DHAVE_INTMAX_T=1 -DMPFR_HAVE_INTMAX_MAX=1 -DMPFR_HAVE_FESETROUND=1 -DHAVE_DENORMS=1 -DHAVE_ROUND=1 -DHAVE_TRUNC=1 -DHAVE_FLOOR=1 -DHAVE_CEIL=1 -DHAVE_NEARBYINT=1 -DHAVE_LDOUBLE_IEEE_EXT_LITTLE=1 -DMPFR_USE_THREAD_SAFE=1 -DLT_OBJDIR=\".libs/\" -DHAVE_ATTRIBUTE_MODE=1 -DHAVE___GMPN_ROOTREM=1 -DHAVE___GMPN_SBPI1_DIVAPPR_Q=1 -I. -I../.././../mpfr/mpfr-3.1.1/src   -I/home/sparksco/android/toolchain/aosp/build/temp-install/include  -Wall -Wmissing-prototypes -Wpointer-arith -g -O2 -MT fits_ulong.lo -MD -MP -MF .deps/fits_ulong.Tpo -c -o fits_ulong.lo ../.././../mpfr/mpfr-3.1.1/src/fits_ulong.c
/bin/bash ../libtool --tag=CC   --mode=compile gcc-4.7 -DTIME_WITH_SYS_TIME=1 -DHAVE_INTTYPES_H=1 -DHAVE_STDINT_H=1 -DHAVE_LOCALE_H=1 -DHAVE_WCHAR_H=1 -DHAVE_STDARG=1 -DHAVE_SYS_TIME_H=1 -DHAVE_ALLOCA_H=1 -DHAVE_STDINT_H=1 -DHAVE_VA_COPY=1 -DHAVE_SETLOCALE=1 -DHAVE_GETTIMEOFDAY=1 -DHAVE_LONG_LONG=1 -DHAVE_INTMAX_T=1 -DMPFR_HAVE_INTMAX_MAX=1 -DMPFR_HAVE_FESETROUND=1 -DHAVE_DENORMS=1 -DHAVE_ROUND=1 -DHAVE_TRUNC=1 -DHAVE_FLOOR=1 -DHAVE_CEIL=1 -DHAVE_NEARBYINT=1 -DHAVE_LDOUBLE_IEEE_EXT_LITTLE=1 -DMPFR_USE_THREAD_SAFE=1 -DLT_OBJDIR=\".libs/\" -DHAVE_ATTRIBUTE_MODE=1 -DHAVE___GMPN_ROOTREM=1 -DHAVE___GMPN_SBPI1_DIVAPPR_Q=1 -I. -I../.././../mpfr/mpfr-3.1.1/src   -I/home/sparksco/android/toolchain/aosp/build/temp-install/include  -Wall -Wmissing-prototypes -Wpointer-arith -g -O2 -MT fits_uintmax.lo -MD -MP -MF .deps/fits_uintmax.Tpo -c -o fits_uintmax.lo ../.././../mpfr/mpfr-3.1.1/src/fits_uintmax.c
/bin/bash ../libtool --tag=CC   --mode=compile gcc-4.7 -DTIME_WITH_SYS_TIME=1 -DHAVE_INTTYPES_H=1 -DHAVE_STDINT_H=1 -DHAVE_LOCALE_H=1 -DHAVE_WCHAR_H=1 -DHAVE_STDARG=1 -DHAVE_SYS_TIME_H=1 -DHAVE_ALLOCA_H=1 -DHAVE_STDINT_H=1 -DHAVE_VA_COPY=1 -DHAVE_SETLOCALE=1 -DHAVE_GETTIMEOFDAY=1 -DHAVE_LONG_LONG=1 -DHAVE_INTMAX_T=1 -DMPFR_HAVE_INTMAX_MAX=1 -DMPFR_HAVE_FESETROUND=1 -DHAVE_DENORMS=1 -DHAVE_ROUND=1 -DHAVE_TRUNC=1 -DHAVE_FLOOR=1 -DHAVE_CEIL=1 -DHAVE_NEARBYINT=1 -DHAVE_LDOUBLE_IEEE_EXT_LITTLE=1 -DMPFR_USE_THREAD_SAFE=1 -DLT_OBJDIR=\".libs/\" -DHAVE_ATTRIBUTE_MODE=1 -DHAVE___GMPN_ROOTREM=1 -DHAVE___GMPN_SBPI1_DIVAPPR_Q=1 -I. -I../.././../mpfr/mpfr-3.1.1/src   -I/home/sparksco/android/toolchain/aosp/build/temp-install/include  -Wall -Wmissing-prototypes -Wpointer-arith -g -O2 -MT fits_intmax.lo -MD -MP -MF .deps/fits_intmax.Tpo -c -o fits_intmax.lo ../.././../mpfr/mpfr-3.1.1/src/fits_intmax.c
checking for a BSD-compatible install... /usr/bin/install -c
checking whether build environment is sane... mv -f .deps/sin_cos.Tpo .deps/sin_cos.Plo
libtool: compile:  gcc-4.7 -DTIME_WITH_SYS_TIME=1 -DHAVE_INTTYPES_H=1 -DHAVE_STDINT_H=1 -DHAVE_LOCALE_H=1 -DHAVE_WCHAR_H=1 -DHAVE_STDARG=1 -DHAVE_SYS_TIME_H=1 -DHAVE_ALLOCA_H=1 -DHAVE_STDINT_H=1 -DHAVE_VA_COPY=1 -DHAVE_SETLOCALE=1 -DHAVE_GETTIMEOFDAY=1 -DHAVE_LONG_LONG=1 -DHAVE_INTMAX_T=1 -DMPFR_HAVE_INTMAX_MAX=1 -DMPFR_HAVE_FESETROUND=1 -DHAVE_DENORMS=1 -DHAVE_ROUND=1 -DHAVE_TRUNC=1 -DHAVE_FLOOR=1 -DHAVE_CEIL=1 -DHAVE_NEARBYINT=1 -DHAVE_LDOUBLE_IEEE_EXT_LITTLE=1 -DMPFR_USE_THREAD_SAFE=1 -DLT_OBJDIR=\".libs/\" -DHAVE_ATTRIBUTE_MODE=1 -DHAVE___GMPN_ROOTREM=1 -DHAVE___GMPN_SBPI1_DIVAPPR_Q=1 -I. -I../.././../mpfr/mpfr-3.1.1/src -I/home/sparksco/android/toolchain/aosp/build/temp-install/include -Wall -Wmissing-prototypes -Wpointer-arith -g -O2 -MT fits_uint.lo -MD -MP -MF .deps/fits_uint.Tpo -c ../.././../mpfr/mpfr-3.1.1/src/fits_uint.c -o fits_uint.o
/bin/bash ../libtool --tag=CC   --mode=compile gcc-4.7 -DTIME_WITH_SYS_TIME=1 -DHAVE_INTTYPES_H=1 -DHAVE_STDINT_H=1 -DHAVE_LOCALE_H=1 -DHAVE_WCHAR_H=1 -DHAVE_STDARG=1 -DHAVE_SYS_TIME_H=1 -DHAVE_ALLOCA_H=1 -DHAVE_STDINT_H=1 -DHAVE_VA_COPY=1 -DHAVE_SETLOCALE=1 -DHAVE_GETTIMEOFDAY=1 -DHAVE_LONG_LONG=1 -DHAVE_INTMAX_T=1 -DMPFR_HAVE_INTMAX_MAX=1 -DMPFR_HAVE_FESETROUND=1 -DHAVE_DENORMS=1 -DHAVE_ROUND=1 -DHAVE_TRUNC=1 -DHAVE_FLOOR=1 -DHAVE_CEIL=1 -DHAVE_NEARBYINT=1 -DHAVE_LDOUBLE_IEEE_EXT_LITTLE=1 -DMPFR_USE_THREAD_SAFE=1 -DLT_OBJDIR=\".libs/\" -DHAVE_ATTRIBUTE_MODE=1 -DHAVE___GMPN_ROOTREM=1 -DHAVE___GMPN_SBPI1_DIVAPPR_Q=1 -I. -I../.././../mpfr/mpfr-3.1.1/src   -I/home/sparksco/android/toolchain/aosp/build/temp-install/include  -Wall -Wmissing-prototypes -Wpointer-arith -g -O2 -MT get_si.lo -MD -MP -MF .deps/get_si.Tpo -c -o get_si.lo ../.././../mpfr/mpfr-3.1.1/src/get_si.c
mv -f .deps/get_ld.Tpo .deps/get_ld.Plo
/bin/bash ../libtool --tag=CC   --mode=compile gcc-4.7 -DTIME_WITH_SYS_TIME=1 -DHAVE_INTTYPES_H=1 -DHAVE_STDINT_H=1 -DHAVE_LOCALE_H=1 -DHAVE_WCHAR_H=1 -DHAVE_STDARG=1 -DHAVE_SYS_TIME_H=1 -DHAVE_ALLOCA_H=1 -DHAVE_STDINT_H=1 -DHAVE_VA_COPY=1 -DHAVE_SETLOCALE=1 -DHAVE_GETTIMEOFDAY=1 -DHAVE_LONG_LONG=1 -DHAVE_INTMAX_T=1 -DMPFR_HAVE_INTMAX_MAX=1 -DMPFR_HAVE_FESETROUND=1 -DHAVE_DENORMS=1 -DHAVE_ROUND=1 -DHAVE_TRUNC=1 -DHAVE_FLOOR=1 -DHAVE_CEIL=1 -DHAVE_NEARBYINT=1 -DHAVE_LDOUBLE_IEEE_EXT_LITTLE=1 -DMPFR_USE_THREAD_SAFE=1 -DLT_OBJDIR=\".libs/\" -DHAVE_ATTRIBUTE_MODE=1 -DHAVE___GMPN_ROOTREM=1 -DHAVE___GMPN_SBPI1_DIVAPPR_Q=1 -I. -I../.././../mpfr/mpfr-3.1.1/src   -I/home/sparksco/android/toolchain/aosp/build/temp-install/include  -Wall -Wmissing-prototypes -Wpointer-arith -g -O2 -MT get_ui.lo -MD -MP -MF .deps/get_ui.Tpo -c -o get_ui.lo ../.././../mpfr/mpfr-3.1.1/src/get_ui.c
libtool: compile:  gcc-4.7 -DTIME_WITH_SYS_TIME=1 -DHAVE_INTTYPES_H=1 -DHAVE_STDINT_H=1 -DHAVE_LOCALE_H=1 -DHAVE_WCHAR_H=1 -DHAVE_STDARG=1 -DHAVE_SYS_TIME_H=1 -DHAVE_ALLOCA_H=1 -DHAVE_STDINT_H=1 -DHAVE_VA_COPY=1 -DHAVE_SETLOCALE=1 -DHAVE_GETTIMEOFDAY=1 -DHAVE_LONG_LONG=1 -DHAVE_INTMAX_T=1 -DMPFR_HAVE_INTMAX_MAX=1 -DMPFR_HAVE_FESETROUND=1 -DHAVE_DENORMS=1 -DHAVE_ROUND=1 -DHAVE_TRUNC=1 -DHAVE_FLOOR=1 -DHAVE_CEIL=1 -DHAVE_NEARBYINT=1 -DHAVE_LDOUBLE_IEEE_EXT_LITTLE=1 -DMPFR_USE_THREAD_SAFE=1 -DLT_OBJDIR=\".libs/\" -DHAVE_ATTRIBUTE_MODE=1 -DHAVE___GMPN_ROOTREM=1 -DHAVE___GMPN_SBPI1_DIVAPPR_Q=1 -I. -I../.././../mpfr/mpfr-3.1.1/src -I/home/sparksco/android/toolchain/aosp/build/temp-install/include -Wall -Wmissing-prototypes -Wpointer-arith -g -O2 -MT fits_uintmax.lo -MD -MP -MF .deps/fits_uintmax.Tpo -c ../.././../mpfr/mpfr-3.1.1/src/fits_uintmax.c -o fits_uintmax.o
libtool: compile:  gcc-4.7 -DTIME_WITH_SYS_TIME=1 -DHAVE_INTTYPES_H=1 -DHAVE_STDINT_H=1 -DHAVE_LOCALE_H=1 -DHAVE_WCHAR_H=1 -DHAVE_STDARG=1 -DHAVE_SYS_TIME_H=1 -DHAVE_ALLOCA_H=1 -DHAVE_STDINT_H=1 -DHAVE_VA_COPY=1 -DHAVE_SETLOCALE=1 -DHAVE_GETTIMEOFDAY=1 -DHAVE_LONG_LONG=1 -DHAVE_INTMAX_T=1 -DMPFR_HAVE_INTMAX_MAX=1 -DMPFR_HAVE_FESETROUND=1 -DHAVE_DENORMS=1 -DHAVE_ROUND=1 -DHAVE_TRUNC=1 -DHAVE_FLOOR=1 -DHAVE_CEIL=1 -DHAVE_NEARBYINT=1 -DHAVE_LDOUBLE_IEEE_EXT_LITTLE=1 -DMPFR_USE_THREAD_SAFE=1 -DLT_OBJDIR=\".libs/\" -DHAVE_ATTRIBUTE_MODE=1 -DHAVE___GMPN_ROOTREM=1 -DHAVE___GMPN_SBPI1_DIVAPPR_Q=1 -I. -I../.././../mpfr/mpfr-3.1.1/src -I/home/sparksco/android/toolchain/aosp/build/temp-install/include -Wall -Wmissing-prototypes -Wpointer-arith -g -O2 -MT fits_intmax.lo -MD -MP -MF .deps/fits_intmax.Tpo -c ../.././../mpfr/mpfr-3.1.1/src/fits_intmax.c -o fits_intmax.o
libtool: compile:  gcc-4.7 -DTIME_WITH_SYS_TIME=1 -DHAVE_INTTYPES_H=1 -DHAVE_STDINT_H=1 -DHAVE_LOCALE_H=1 -DHAVE_WCHAR_H=1 -DHAVE_STDARG=1 -DHAVE_SYS_TIME_H=1 -DHAVE_ALLOCA_H=1 -DHAVE_STDINT_H=1 -DHAVE_VA_COPY=1 -DHAVE_SETLOCALE=1 -DHAVE_GETTIMEOFDAY=1 -DHAVE_LONG_LONG=1 -DHAVE_INTMAX_T=1 -DMPFR_HAVE_INTMAX_MAX=1 -DMPFR_HAVE_FESETROUND=1 -DHAVE_DENORMS=1 -DHAVE_ROUND=1 -DHAVE_TRUNC=1 -DHAVE_FLOOR=1 -DHAVE_CEIL=1 -DHAVE_NEARBYINT=1 -DHAVE_LDOUBLE_IEEE_EXT_LITTLE=1 -DMPFR_USE_THREAD_SAFE=1 -DLT_OBJDIR=\".libs/\" -DHAVE_ATTRIBUTE_MODE=1 -DHAVE___GMPN_ROOTREM=1 -DHAVE___GMPN_SBPI1_DIVAPPR_Q=1 -I. -I../.././../mpfr/mpfr-3.1.1/src -I/home/sparksco/android/toolchain/aosp/build/temp-install/include -Wall -Wmissing-prototypes -Wpointer-arith -g -O2 -MT fits_ulong.lo -MD -MP -MF .deps/fits_ulong.Tpo -c ../.././../mpfr/mpfr-3.1.1/src/fits_ulong.c -o fits_ulong.o
mv -f .deps/fits_slong.Tpo .deps/fits_slong.Plo
libtool: compile:  gcc-4.7 -DTIME_WITH_SYS_TIME=1 -DHAVE_INTTYPES_H=1 -DHAVE_STDINT_H=1 -DHAVE_LOCALE_H=1 -DHAVE_WCHAR_H=1 -DHAVE_STDARG=1 -DHAVE_SYS_TIME_H=1 -DHAVE_ALLOCA_H=1 -DHAVE_STDINT_H=1 -DHAVE_VA_COPY=1 -DHAVE_SETLOCALE=1 -DHAVE_GETTIMEOFDAY=1 -DHAVE_LONG_LONG=1 -DHAVE_INTMAX_T=1 -DMPFR_HAVE_INTMAX_MAX=1 -DMPFR_HAVE_FESETROUND=1 -DHAVE_DENORMS=1 -DHAVE_ROUND=1 -DHAVE_TRUNC=1 -DHAVE_FLOOR=1 -DHAVE_CEIL=1 -DHAVE_NEARBYINT=1 -DHAVE_LDOUBLE_IEEE_EXT_LITTLE=1 -DMPFR_USE_THREAD_SAFE=1 -DLT_OBJDIR=\".libs/\" -DHAVE_ATTRIBUTE_MODE=1 -DHAVE___GMPN_ROOTREM=1 -DHAVE___GMPN_SBPI1_DIVAPPR_Q=1 -I. -I../.././../mpfr/mpfr-3.1.1/src -I/home/sparksco/android/toolchain/aosp/build/temp-install/include -Wall -Wmissing-prototypes -Wpointer-arith -g -O2 -MT get_si.lo -MD -MP -MF .deps/get_si.Tpo -c ../.././../mpfr/mpfr-3.1.1/src/get_si.c -o get_si.o
/bin/bash ../libtool --tag=CC   --mode=compile gcc-4.7 -DTIME_WITH_SYS_TIME=1 -DHAVE_INTTYPES_H=1 -DHAVE_STDINT_H=1 -DHAVE_LOCALE_H=1 -DHAVE_WCHAR_H=1 -DHAVE_STDARG=1 -DHAVE_SYS_TIME_H=1 -DHAVE_ALLOCA_H=1 -DHAVE_STDINT_H=1 -DHAVE_VA_COPY=1 -DHAVE_SETLOCALE=1 -DHAVE_GETTIMEOFDAY=1 -DHAVE_LONG_LONG=1 -DHAVE_INTMAX_T=1 -DMPFR_HAVE_INTMAX_MAX=1 -DMPFR_HAVE_FESETROUND=1 -DHAVE_DENORMS=1 -DHAVE_ROUND=1 -DHAVE_TRUNC=1 -DHAVE_FLOOR=1 -DHAVE_CEIL=1 -DHAVE_NEARBYINT=1 -DHAVE_LDOUBLE_IEEE_EXT_LITTLE=1 -DMPFR_USE_THREAD_SAFE=1 -DLT_OBJDIR=\".libs/\" -DHAVE_ATTRIBUTE_MODE=1 -DHAVE___GMPN_ROOTREM=1 -DHAVE___GMPN_SBPI1_DIVAPPR_Q=1 -I. -I../.././../mpfr/mpfr-3.1.1/src   -I/home/sparksco/android/toolchain/aosp/build/temp-install/include  -Wall -Wmissing-prototypes -Wpointer-arith -g -O2 -MT zeta.lo -MD -MP -MF .deps/zeta.Tpo -c -o zeta.lo ../.././../mpfr/mpfr-3.1.1/src/zeta.c
mv -f .deps/fits_ushort.Tpo .deps/fits_ushort.Plo
/bin/bash ../libtool --tag=CC   --mode=compile gcc-4.7 -DTIME_WITH_SYS_TIME=1 -DHAVE_INTTYPES_H=1 -DHAVE_STDINT_H=1 -DHAVE_LOCALE_H=1 -DHAVE_WCHAR_H=1 -DHAVE_STDARG=1 -DHAVE_SYS_TIME_H=1 -DHAVE_ALLOCA_H=1 -DHAVE_STDINT_H=1 -DHAVE_VA_COPY=1 -DHAVE_SETLOCALE=1 -DHAVE_GETTIMEOFDAY=1 -DHAVE_LONG_LONG=1 -DHAVE_INTMAX_T=1 -DMPFR_HAVE_INTMAX_MAX=1 -DMPFR_HAVE_FESETROUND=1 -DHAVE_DENORMS=1 -DHAVE_ROUND=1 -DHAVE_TRUNC=1 -DHAVE_FLOOR=1 -DHAVE_CEIL=1 -DHAVE_NEARBYINT=1 -DHAVE_LDOUBLE_IEEE_EXT_LITTLE=1 -DMPFR_USE_THREAD_SAFE=1 -DLT_OBJDIR=\".libs/\" -DHAVE_ATTRIBUTE_MODE=1 -DHAVE___GMPN_ROOTREM=1 -DHAVE___GMPN_SBPI1_DIVAPPR_Q=1 -I. -I../.././../mpfr/mpfr-3.1.1/src   -I/home/sparksco/android/toolchain/aosp/build/temp-install/include  -Wall -Wmissing-prototypes -Wpointer-arith -g -O2 -MT cmp_d.lo -MD -MP -MF .deps/cmp_d.Tpo -c -o cmp_d.lo ../.././../mpfr/mpfr-3.1.1/src/cmp_d.c
libtool: compile:  gcc-4.7 -DTIME_WITH_SYS_TIME=1 -DHAVE_INTTYPES_H=1 -DHAVE_STDINT_H=1 -DHAVE_LOCALE_H=1 -DHAVE_WCHAR_H=1 -DHAVE_STDARG=1 -DHAVE_SYS_TIME_H=1 -DHAVE_ALLOCA_H=1 -DHAVE_STDINT_H=1 -DHAVE_VA_COPY=1 -DHAVE_SETLOCALE=1 -DHAVE_GETTIMEOFDAY=1 -DHAVE_LONG_LONG=1 -DHAVE_INTMAX_T=1 -DMPFR_HAVE_INTMAX_MAX=1 -DMPFR_HAVE_FESETROUND=1 -DHAVE_DENORMS=1 -DHAVE_ROUND=1 -DHAVE_TRUNC=1 -DHAVE_FLOOR=1 -DHAVE_CEIL=1 -DHAVE_NEARBYINT=1 -DHAVE_LDOUBLE_IEEE_EXT_LITTLE=1 -DMPFR_USE_THREAD_SAFE=1 -DLT_OBJDIR=\".libs/\" -DHAVE_ATTRIBUTE_MODE=1 -DHAVE___GMPN_ROOTREM=1 -DHAVE___GMPN_SBPI1_DIVAPPR_Q=1 -I. -I../.././../mpfr/mpfr-3.1.1/src -I/home/sparksco/android/toolchain/aosp/build/temp-install/include -Wall -Wmissing-prototypes -Wpointer-arith -g -O2 -MT get_ui.lo -MD -MP -MF .deps/get_ui.Tpo -c ../.././../mpfr/mpfr-3.1.1/src/get_ui.c -o get_ui.o
mv -f .deps/fits_uint.Tpo .deps/fits_uint.Plo
/bin/bash ../libtool --tag=CC   --mode=compile gcc-4.7 -DTIME_WITH_SYS_TIME=1 -DHAVE_INTTYPES_H=1 -DHAVE_STDINT_H=1 -DHAVE_LOCALE_H=1 -DHAVE_WCHAR_H=1 -DHAVE_STDARG=1 -DHAVE_SYS_TIME_H=1 -DHAVE_ALLOCA_H=1 -DHAVE_STDINT_H=1 -DHAVE_VA_COPY=1 -DHAVE_SETLOCALE=1 -DHAVE_GETTIMEOFDAY=1 -DHAVE_LONG_LONG=1 -DHAVE_INTMAX_T=1 -DMPFR_HAVE_INTMAX_MAX=1 -DMPFR_HAVE_FESETROUND=1 -DHAVE_DENORMS=1 -DHAVE_ROUND=1 -DHAVE_TRUNC=1 -DHAVE_FLOOR=1 -DHAVE_CEIL=1 -DHAVE_NEARBYINT=1 -DHAVE_LDOUBLE_IEEE_EXT_LITTLE=1 -DMPFR_USE_THREAD_SAFE=1 -DLT_OBJDIR=\".libs/\" -DHAVE_ATTRIBUTE_MODE=1 -DHAVE___GMPN_ROOTREM=1 -DHAVE___GMPN_SBPI1_DIVAPPR_Q=1 -I. -I../.././../mpfr/mpfr-3.1.1/src   -I/home/sparksco/android/toolchain/aosp/build/temp-install/include  -Wall -Wmissing-prototypes -Wpointer-arith -g -O2 -MT erf.lo -MD -MP -MF .deps/erf.Tpo -c -o erf.lo ../.././../mpfr/mpfr-3.1.1/src/erf.c
mv -f .deps/fits_intmax.Tpo .deps/fits_intmax.Plo
/bin/bash ../libtool --tag=CC   --mode=compile gcc-4.7 -DTIME_WITH_SYS_TIME=1 -DHAVE_INTTYPES_H=1 -DHAVE_STDINT_H=1 -DHAVE_LOCALE_H=1 -DHAVE_WCHAR_H=1 -DHAVE_STDARG=1 -DHAVE_SYS_TIME_H=1 -DHAVE_ALLOCA_H=1 -DHAVE_STDINT_H=1 -DHAVE_VA_COPY=1 -DHAVE_SETLOCALE=1 -DHAVE_GETTIMEOFDAY=1 -DHAVE_LONG_LONG=1 -DHAVE_INTMAX_T=1 -DMPFR_HAVE_INTMAX_MAX=1 -DMPFR_HAVE_FESETROUND=1 -DHAVE_DENORMS=1 -DHAVE_ROUND=1 -DHAVE_TRUNC=1 -DHAVE_FLOOR=1 -DHAVE_CEIL=1 -DHAVE_NEARBYINT=1 -DHAVE_LDOUBLE_IEEE_EXT_LITTLE=1 -DMPFR_USE_THREAD_SAFE=1 -DLT_OBJDIR=\".libs/\" -DHAVE_ATTRIBUTE_MODE=1 -DHAVE___GMPN_ROOTREM=1 -DHAVE___GMPN_SBPI1_DIVAPPR_Q=1 -I. -I../.././../mpfr/mpfr-3.1.1/src   -I/home/sparksco/android/toolchain/aosp/build/temp-install/include  -Wall -Wmissing-prototypes -Wpointer-arith -g -O2 -MT inits.lo -MD -MP -MF .deps/inits.Tpo -c -o inits.lo ../.././../mpfr/mpfr-3.1.1/src/inits.c
mv -f .deps/fits_ulong.Tpo .deps/fits_ulong.Plo
libtool: compile:  gcc-4.7 -DTIME_WITH_SYS_TIME=1 -DHAVE_INTTYPES_H=1 -DHAVE_STDINT_H=1 -DHAVE_LOCALE_H=1 -DHAVE_WCHAR_H=1 -DHAVE_STDARG=1 -DHAVE_SYS_TIME_H=1 -DHAVE_ALLOCA_H=1 -DHAVE_STDINT_H=1 -DHAVE_VA_COPY=1 -DHAVE_SETLOCALE=1 -DHAVE_GETTIMEOFDAY=1 -DHAVE_LONG_LONG=1 -DHAVE_INTMAX_T=1 -DMPFR_HAVE_INTMAX_MAX=1 -DMPFR_HAVE_FESETROUND=1 -DHAVE_DENORMS=1 -DHAVE_ROUND=1 -DHAVE_TRUNC=1 -DHAVE_FLOOR=1 -DHAVE_CEIL=1 -DHAVE_NEARBYINT=1 -DHAVE_LDOUBLE_IEEE_EXT_LITTLE=1 -DMPFR_USE_THREAD_SAFE=1 -DLT_OBJDIR=\".libs/\" -DHAVE_ATTRIBUTE_MODE=1 -DHAVE___GMPN_ROOTREM=1 -DHAVE___GMPN_SBPI1_DIVAPPR_Q=1 -I. -I../.././../mpfr/mpfr-3.1.1/src -I/home/sparksco/android/toolchain/aosp/build/temp-install/include -Wall -Wmissing-prototypes -Wpointer-arith -g -O2 -MT cmp_d.lo -MD -MP -MF .deps/cmp_d.Tpo -c ../.././../mpfr/mpfr-3.1.1/src/cmp_d.c -o cmp_d.o
libtool: compile:  gcc-4.7 -DTIME_WITH_SYS_TIME=1 -DHAVE_INTTYPES_H=1 -DHAVE_STDINT_H=1 -DHAVE_LOCALE_H=1 -DHAVE_WCHAR_H=1 -DHAVE_STDARG=1 -DHAVE_SYS_TIME_H=1 -DHAVE_ALLOCA_H=1 -DHAVE_STDINT_H=1 -DHAVE_VA_COPY=1 -DHAVE_SETLOCALE=1 -DHAVE_GETTIMEOFDAY=1 -DHAVE_LONG_LONG=1 -DHAVE_INTMAX_T=1 -DMPFR_HAVE_INTMAX_MAX=1 -DMPFR_HAVE_FESETROUND=1 -DHAVE_DENORMS=1 -DHAVE_ROUND=1 -DHAVE_TRUNC=1 -DHAVE_FLOOR=1 -DHAVE_CEIL=1 -DHAVE_NEARBYINT=1 -DHAVE_LDOUBLE_IEEE_EXT_LITTLE=1 -DMPFR_USE_THREAD_SAFE=1 -DLT_OBJDIR=\".libs/\" -DHAVE_ATTRIBUTE_MODE=1 -DHAVE___GMPN_ROOTREM=1 -DHAVE___GMPN_SBPI1_DIVAPPR_Q=1 -I. -I../.././../mpfr/mpfr-3.1.1/src -I/home/sparksco/android/toolchain/aosp/build/temp-install/include -Wall -Wmissing-prototypes -Wpointer-arith -g -O2 -MT zeta.lo -MD -MP -MF .deps/zeta.Tpo -c ../.././../mpfr/mpfr-3.1.1/src/zeta.c -o zeta.o
/bin/bash ../libtool --tag=CC   --mode=compile gcc-4.7 -DTIME_WITH_SYS_TIME=1 -DHAVE_INTTYPES_H=1 -DHAVE_STDINT_H=1 -DHAVE_LOCALE_H=1 -DHAVE_WCHAR_H=1 -DHAVE_STDARG=1 -DHAVE_SYS_TIME_H=1 -DHAVE_ALLOCA_H=1 -DHAVE_STDINT_H=1 -DHAVE_VA_COPY=1 -DHAVE_SETLOCALE=1 -DHAVE_GETTIMEOFDAY=1 -DHAVE_LONG_LONG=1 -DHAVE_INTMAX_T=1 -DMPFR_HAVE_INTMAX_MAX=1 -DMPFR_HAVE_FESETROUND=1 -DHAVE_DENORMS=1 -DHAVE_ROUND=1 -DHAVE_TRUNC=1 -DHAVE_FLOOR=1 -DHAVE_CEIL=1 -DHAVE_NEARBYINT=1 -DHAVE_LDOUBLE_IEEE_EXT_LITTLE=1 -DMPFR_USE_THREAD_SAFE=1 -DLT_OBJDIR=\".libs/\" -DHAVE_ATTRIBUTE_MODE=1 -DHAVE___GMPN_ROOTREM=1 -DHAVE___GMPN_SBPI1_DIVAPPR_Q=1 -I. -I../.././../mpfr/mpfr-3.1.1/src   -I/home/sparksco/android/toolchain/aosp/build/temp-install/include  -Wall -Wmissing-prototypes -Wpointer-arith -g -O2 -MT inits2.lo -MD -MP -MF .deps/inits2.Tpo -c -o inits2.lo ../.././../mpfr/mpfr-3.1.1/src/inits2.c
mv -f .deps/fits_uintmax.Tpo .deps/fits_uintmax.Plo
/bin/bash ../libtool --tag=CC   --mode=compile gcc-4.7 -DTIME_WITH_SYS_TIME=1 -DHAVE_INTTYPES_H=1 -DHAVE_STDINT_H=1 -DHAVE_LOCALE_H=1 -DHAVE_WCHAR_H=1 -DHAVE_STDARG=1 -DHAVE_SYS_TIME_H=1 -DHAVE_ALLOCA_H=1 -DHAVE_STDINT_H=1 -DHAVE_VA_COPY=1 -DHAVE_SETLOCALE=1 -DHAVE_GETTIMEOFDAY=1 -DHAVE_LONG_LONG=1 -DHAVE_INTMAX_T=1 -DMPFR_HAVE_INTMAX_MAX=1 -DMPFR_HAVE_FESETROUND=1 -DHAVE_DENORMS=1 -DHAVE_ROUND=1 -DHAVE_TRUNC=1 -DHAVE_FLOOR=1 -DHAVE_CEIL=1 -DHAVE_NEARBYINT=1 -DHAVE_LDOUBLE_IEEE_EXT_LITTLE=1 -DMPFR_USE_THREAD_SAFE=1 -DLT_OBJDIR=\".libs/\" -DHAVE_ATTRIBUTE_MODE=1 -DHAVE___GMPN_ROOTREM=1 -DHAVE___GMPN_SBPI1_DIVAPPR_Q=1 -I. -I../.././../mpfr/mpfr-3.1.1/src   -I/home/sparksco/android/toolchain/aosp/build/temp-install/include  -Wall -Wmissing-prototypes -Wpointer-arith -g -O2 -MT clears.lo -MD -MP -MF .deps/clears.Tpo -c -o clears.lo ../.././../mpfr/mpfr-3.1.1/src/clears.c
mv -f .deps/get_si.Tpo .deps/get_si.Plo
libtool: compile:  gcc-4.7 -DTIME_WITH_SYS_TIME=1 -DHAVE_INTTYPES_H=1 -DHAVE_STDINT_H=1 -DHAVE_LOCALE_H=1 -DHAVE_WCHAR_H=1 -DHAVE_STDARG=1 -DHAVE_SYS_TIME_H=1 -DHAVE_ALLOCA_H=1 -DHAVE_STDINT_H=1 -DHAVE_VA_COPY=1 -DHAVE_SETLOCALE=1 -DHAVE_GETTIMEOFDAY=1 -DHAVE_LONG_LONG=1 -DHAVE_INTMAX_T=1 -DMPFR_HAVE_INTMAX_MAX=1 -DMPFR_HAVE_FESETROUND=1 -DHAVE_DENORMS=1 -DHAVE_ROUND=1 -DHAVE_TRUNC=1 -DHAVE_FLOOR=1 -DHAVE_CEIL=1 -DHAVE_NEARBYINT=1 -DHAVE_LDOUBLE_IEEE_EXT_LITTLE=1 -DMPFR_USE_THREAD_SAFE=1 -DLT_OBJDIR=\".libs/\" -DHAVE_ATTRIBUTE_MODE=1 -DHAVE___GMPN_ROOTREM=1 -DHAVE___GMPN_SBPI1_DIVAPPR_Q=1 -I. -I../.././../mpfr/mpfr-3.1.1/src -I/home/sparksco/android/toolchain/aosp/build/temp-install/include -Wall -Wmissing-prototypes -Wpointer-arith -g -O2 -MT erf.lo -MD -MP -MF .deps/erf.Tpo -c ../.././../mpfr/mpfr-3.1.1/src/erf.c -o erf.o
/bin/bash ../libtool --tag=CC   --mode=compile gcc-4.7 -DTIME_WITH_SYS_TIME=1 -DHAVE_INTTYPES_H=1 -DHAVE_STDINT_H=1 -DHAVE_LOCALE_H=1 -DHAVE_WCHAR_H=1 -DHAVE_STDARG=1 -DHAVE_SYS_TIME_H=1 -DHAVE_ALLOCA_H=1 -DHAVE_STDINT_H=1 -DHAVE_VA_COPY=1 -DHAVE_SETLOCALE=1 -DHAVE_GETTIMEOFDAY=1 -DHAVE_LONG_LONG=1 -DHAVE_INTMAX_T=1 -DMPFR_HAVE_INTMAX_MAX=1 -DMPFR_HAVE_FESETROUND=1 -DHAVE_DENORMS=1 -DHAVE_ROUND=1 -DHAVE_TRUNC=1 -DHAVE_FLOOR=1 -DHAVE_CEIL=1 -DHAVE_NEARBYINT=1 -DHAVE_LDOUBLE_IEEE_EXT_LITTLE=1 -DMPFR_USE_THREAD_SAFE=1 -DLT_OBJDIR=\".libs/\" -DHAVE_ATTRIBUTE_MODE=1 -DHAVE___GMPN_ROOTREM=1 -DHAVE___GMPN_SBPI1_DIVAPPR_Q=1 -I. -I../.././../mpfr/mpfr-3.1.1/src   -I/home/sparksco/android/toolchain/aosp/build/temp-install/include  -Wall -Wmissing-prototypes -Wpointer-arith -g -O2 -MT sgn.lo -MD -MP -MF .deps/sgn.Tpo -c -o sgn.lo ../.././../mpfr/mpfr-3.1.1/src/sgn.c
mv -f .deps/get_ui.Tpo .deps/get_ui.Plo
libtool: compile:  gcc-4.7 -DTIME_WITH_SYS_TIME=1 -DHAVE_INTTYPES_H=1 -DHAVE_STDINT_H=1 -DHAVE_LOCALE_H=1 -DHAVE_WCHAR_H=1 -DHAVE_STDARG=1 -DHAVE_SYS_TIME_H=1 -DHAVE_ALLOCA_H=1 -DHAVE_STDINT_H=1 -DHAVE_VA_COPY=1 -DHAVE_SETLOCALE=1 -DHAVE_GETTIMEOFDAY=1 -DHAVE_LONG_LONG=1 -DHAVE_INTMAX_T=1 -DMPFR_HAVE_INTMAX_MAX=1 -DMPFR_HAVE_FESETROUND=1 -DHAVE_DENORMS=1 -DHAVE_ROUND=1 -DHAVE_TRUNC=1 -DHAVE_FLOOR=1 -DHAVE_CEIL=1 -DHAVE_NEARBYINT=1 -DHAVE_LDOUBLE_IEEE_EXT_LITTLE=1 -DMPFR_USE_THREAD_SAFE=1 -DLT_OBJDIR=\".libs/\" -DHAVE_ATTRIBUTE_MODE=1 -DHAVE___GMPN_ROOTREM=1 -DHAVE___GMPN_SBPI1_DIVAPPR_Q=1 -I. -I../.././../mpfr/mpfr-3.1.1/src -I/home/sparksco/android/toolchain/aosp/build/temp-install/include -Wall -Wmissing-prototypes -Wpointer-arith -g -O2 -MT inits2.lo -MD -MP -MF .deps/inits2.Tpo -c ../.././../mpfr/mpfr-3.1.1/src/inits2.c -o inits2.o
libtool: compile:  gcc-4.7 -DTIME_WITH_SYS_TIME=1 -DHAVE_INTTYPES_H=1 -DHAVE_STDINT_H=1 -DHAVE_LOCALE_H=1 -DHAVE_WCHAR_H=1 -DHAVE_STDARG=1 -DHAVE_SYS_TIME_H=1 -DHAVE_ALLOCA_H=1 -DHAVE_STDINT_H=1 -DHAVE_VA_COPY=1 -DHAVE_SETLOCALE=1 -DHAVE_GETTIMEOFDAY=1 -DHAVE_LONG_LONG=1 -DHAVE_INTMAX_T=1 -DMPFR_HAVE_INTMAX_MAX=1 -DMPFR_HAVE_FESETROUND=1 -DHAVE_DENORMS=1 -DHAVE_ROUND=1 -DHAVE_TRUNC=1 -DHAVE_FLOOR=1 -DHAVE_CEIL=1 -DHAVE_NEARBYINT=1 -DHAVE_LDOUBLE_IEEE_EXT_LITTLE=1 -DMPFR_USE_THREAD_SAFE=1 -DLT_OBJDIR=\".libs/\" -DHAVE_ATTRIBUTE_MODE=1 -DHAVE___GMPN_ROOTREM=1 -DHAVE___GMPN_SBPI1_DIVAPPR_Q=1 -I. -I../.././../mpfr/mpfr-3.1.1/src -I/home/sparksco/android/toolchain/aosp/build/temp-install/include -Wall -Wmissing-prototypes -Wpointer-arith -g -O2 -MT inits.lo -MD -MP -MF .deps/inits.Tpo -c ../.././../mpfr/mpfr-3.1.1/src/inits.c -o inits.o
/bin/bash ../libtool --tag=CC   --mode=compile gcc-4.7 -DTIME_WITH_SYS_TIME=1 -DHAVE_INTTYPES_H=1 -DHAVE_STDINT_H=1 -DHAVE_LOCALE_H=1 -DHAVE_WCHAR_H=1 -DHAVE_STDARG=1 -DHAVE_SYS_TIME_H=1 -DHAVE_ALLOCA_H=1 -DHAVE_STDINT_H=1 -DHAVE_VA_COPY=1 -DHAVE_SETLOCALE=1 -DHAVE_GETTIMEOFDAY=1 -DHAVE_LONG_LONG=1 -DHAVE_INTMAX_T=1 -DMPFR_HAVE_INTMAX_MAX=1 -DMPFR_HAVE_FESETROUND=1 -DHAVE_DENORMS=1 -DHAVE_ROUND=1 -DHAVE_TRUNC=1 -DHAVE_FLOOR=1 -DHAVE_CEIL=1 -DHAVE_NEARBYINT=1 -DHAVE_LDOUBLE_IEEE_EXT_LITTLE=1 -DMPFR_USE_THREAD_SAFE=1 -DLT_OBJDIR=\".libs/\" -DHAVE_ATTRIBUTE_MODE=1 -DHAVE___GMPN_ROOTREM=1 -DHAVE___GMPN_SBPI1_DIVAPPR_Q=1 -I. -I../.././../mpfr/mpfr-3.1.1/src   -I/home/sparksco/android/toolchain/aosp/build/temp-install/include  -Wall -Wmissing-prototypes -Wpointer-arith -g -O2 -MT check.lo -MD -MP -MF .deps/check.Tpo -c -o check.lo ../.././../mpfr/mpfr-3.1.1/src/check.c
mv -f .deps/cmp_d.Tpo .deps/cmp_d.Plo
/bin/bash ../libtool --tag=CC   --mode=compile gcc-4.7 -DTIME_WITH_SYS_TIME=1 -DHAVE_INTTYPES_H=1 -DHAVE_STDINT_H=1 -DHAVE_LOCALE_H=1 -DHAVE_WCHAR_H=1 -DHAVE_STDARG=1 -DHAVE_SYS_TIME_H=1 -DHAVE_ALLOCA_H=1 -DHAVE_STDINT_H=1 -DHAVE_VA_COPY=1 -DHAVE_SETLOCALE=1 -DHAVE_GETTIMEOFDAY=1 -DHAVE_LONG_LONG=1 -DHAVE_INTMAX_T=1 -DMPFR_HAVE_INTMAX_MAX=1 -DMPFR_HAVE_FESETROUND=1 -DHAVE_DENORMS=1 -DHAVE_ROUND=1 -DHAVE_TRUNC=1 -DHAVE_FLOOR=1 -DHAVE_CEIL=1 -DHAVE_NEARBYINT=1 -DHAVE_LDOUBLE_IEEE_EXT_LITTLE=1 -DMPFR_USE_THREAD_SAFE=1 -DLT_OBJDIR=\".libs/\" -DHAVE_ATTRIBUTE_MODE=1 -DHAVE___GMPN_ROOTREM=1 -DHAVE___GMPN_SBPI1_DIVAPPR_Q=1 -I. -I../.././../mpfr/mpfr-3.1.1/src   -I/home/sparksco/android/toolchain/aosp/build/temp-install/include  -Wall -Wmissing-prototypes -Wpointer-arith -g -O2 -MT sub1sp.lo -MD -MP -MF .deps/sub1sp.Tpo -c -o sub1sp.lo ../.././../mpfr/mpfr-3.1.1/src/sub1sp.c
libtool: compile:  gcc-4.7 -DTIME_WITH_SYS_TIME=1 -DHAVE_INTTYPES_H=1 -DHAVE_STDINT_H=1 -DHAVE_LOCALE_H=1 -DHAVE_WCHAR_H=1 -DHAVE_STDARG=1 -DHAVE_SYS_TIME_H=1 -DHAVE_ALLOCA_H=1 -DHAVE_STDINT_H=1 -DHAVE_VA_COPY=1 -DHAVE_SETLOCALE=1 -DHAVE_GETTIMEOFDAY=1 -DHAVE_LONG_LONG=1 -DHAVE_INTMAX_T=1 -DMPFR_HAVE_INTMAX_MAX=1 -DMPFR_HAVE_FESETROUND=1 -DHAVE_DENORMS=1 -DHAVE_ROUND=1 -DHAVE_TRUNC=1 -DHAVE_FLOOR=1 -DHAVE_CEIL=1 -DHAVE_NEARBYINT=1 -DHAVE_LDOUBLE_IEEE_EXT_LITTLE=1 -DMPFR_USE_THREAD_SAFE=1 -DLT_OBJDIR=\".libs/\" -DHAVE_ATTRIBUTE_MODE=1 -DHAVE___GMPN_ROOTREM=1 -DHAVE___GMPN_SBPI1_DIVAPPR_Q=1 -I. -I../.././../mpfr/mpfr-3.1.1/src -I/home/sparksco/android/toolchain/aosp/build/temp-install/include -Wall -Wmissing-prototypes -Wpointer-arith -g -O2 -MT clears.lo -MD -MP -MF .deps/clears.Tpo -c ../.././../mpfr/mpfr-3.1.1/src/clears.c -o clears.o
libtool: compile:  gcc-4.7 -DTIME_WITH_SYS_TIME=1 -DHAVE_INTTYPES_H=1 -DHAVE_STDINT_H=1 -DHAVE_LOCALE_H=1 -DHAVE_WCHAR_H=1 -DHAVE_STDARG=1 -DHAVE_SYS_TIME_H=1 -DHAVE_ALLOCA_H=1 -DHAVE_STDINT_H=1 -DHAVE_VA_COPY=1 -DHAVE_SETLOCALE=1 -DHAVE_GETTIMEOFDAY=1 -DHAVE_LONG_LONG=1 -DHAVE_INTMAX_T=1 -DMPFR_HAVE_INTMAX_MAX=1 -DMPFR_HAVE_FESETROUND=1 -DHAVE_DENORMS=1 -DHAVE_ROUND=1 -DHAVE_TRUNC=1 -DHAVE_FLOOR=1 -DHAVE_CEIL=1 -DHAVE_NEARBYINT=1 -DHAVE_LDOUBLE_IEEE_EXT_LITTLE=1 -DMPFR_USE_THREAD_SAFE=1 -DLT_OBJDIR=\".libs/\" -DHAVE_ATTRIBUTE_MODE=1 -DHAVE___GMPN_ROOTREM=1 -DHAVE___GMPN_SBPI1_DIVAPPR_Q=1 -I. -I../.././../mpfr/mpfr-3.1.1/src -I/home/sparksco/android/toolchain/aosp/build/temp-install/include -Wall -Wmissing-prototypes -Wpointer-arith -g -O2 -MT sgn.lo -MD -MP -MF .deps/sgn.Tpo -c ../.././../mpfr/mpfr-3.1.1/src/sgn.c -o sgn.o
libtool: compile:  gcc-4.7 -DTIME_WITH_SYS_TIME=1 -DHAVE_INTTYPES_H=1 -DHAVE_STDINT_H=1 -DHAVE_LOCALE_H=1 -DHAVE_WCHAR_H=1 -DHAVE_STDARG=1 -DHAVE_SYS_TIME_H=1 -DHAVE_ALLOCA_H=1 -DHAVE_STDINT_H=1 -DHAVE_VA_COPY=1 -DHAVE_SETLOCALE=1 -DHAVE_GETTIMEOFDAY=1 -DHAVE_LONG_LONG=1 -DHAVE_INTMAX_T=1 -DMPFR_HAVE_INTMAX_MAX=1 -DMPFR_HAVE_FESETROUND=1 -DHAVE_DENORMS=1 -DHAVE_ROUND=1 -DHAVE_TRUNC=1 -DHAVE_FLOOR=1 -DHAVE_CEIL=1 -DHAVE_NEARBYINT=1 -DHAVE_LDOUBLE_IEEE_EXT_LITTLE=1 -DMPFR_USE_THREAD_SAFE=1 -DLT_OBJDIR=\".libs/\" -DHAVE_ATTRIBUTE_MODE=1 -DHAVE___GMPN_ROOTREM=1 -DHAVE___GMPN_SBPI1_DIVAPPR_Q=1 -I. -I../.././../mpfr/mpfr-3.1.1/src -I/home/sparksco/android/toolchain/aosp/build/temp-install/include -Wall -Wmissing-prototypes -Wpointer-arith -g -O2 -MT check.lo -MD -MP -MF .deps/check.Tpo -c ../.././../mpfr/mpfr-3.1.1/src/check.c -o check.o
libtool: compile:  gcc-4.7 -DTIME_WITH_SYS_TIME=1 -DHAVE_INTTYPES_H=1 -DHAVE_STDINT_H=1 -DHAVE_LOCALE_H=1 -DHAVE_WCHAR_H=1 -DHAVE_STDARG=1 -DHAVE_SYS_TIME_H=1 -DHAVE_ALLOCA_H=1 -DHAVE_STDINT_H=1 -DHAVE_VA_COPY=1 -DHAVE_SETLOCALE=1 -DHAVE_GETTIMEOFDAY=1 -DHAVE_LONG_LONG=1 -DHAVE_INTMAX_T=1 -DMPFR_HAVE_INTMAX_MAX=1 -DMPFR_HAVE_FESETROUND=1 -DHAVE_DENORMS=1 -DHAVE_ROUND=1 -DHAVE_TRUNC=1 -DHAVE_FLOOR=1 -DHAVE_CEIL=1 -DHAVE_NEARBYINT=1 -DHAVE_LDOUBLE_IEEE_EXT_LITTLE=1 -DMPFR_USE_THREAD_SAFE=1 -DLT_OBJDIR=\".libs/\" -DHAVE_ATTRIBUTE_MODE=1 -DHAVE___GMPN_ROOTREM=1 -DHAVE___GMPN_SBPI1_DIVAPPR_Q=1 -I. -I../.././../mpfr/mpfr-3.1.1/src -I/home/sparksco/android/toolchain/aosp/build/temp-install/include -Wall -Wmissing-prototypes -Wpointer-arith -g -O2 -MT sub1sp.lo -MD -MP -MF .deps/sub1sp.Tpo -c ../.././../mpfr/mpfr-3.1.1/src/sub1sp.c -o sub1sp.o
mv -f .deps/gamma.Tpo .deps/gamma.Plo
/bin/bash ../libtool --tag=CC   --mode=compile gcc-4.7 -DTIME_WITH_SYS_TIME=1 -DHAVE_INTTYPES_H=1 -DHAVE_STDINT_H=1 -DHAVE_LOCALE_H=1 -DHAVE_WCHAR_H=1 -DHAVE_STDARG=1 -DHAVE_SYS_TIME_H=1 -DHAVE_ALLOCA_H=1 -DHAVE_STDINT_H=1 -DHAVE_VA_COPY=1 -DHAVE_SETLOCALE=1 -DHAVE_GETTIMEOFDAY=1 -DHAVE_LONG_LONG=1 -DHAVE_INTMAX_T=1 -DMPFR_HAVE_INTMAX_MAX=1 -DMPFR_HAVE_FESETROUND=1 -DHAVE_DENORMS=1 -DHAVE_ROUND=1 -DHAVE_TRUNC=1 -DHAVE_FLOOR=1 -DHAVE_CEIL=1 -DHAVE_NEARBYINT=1 -DHAVE_LDOUBLE_IEEE_EXT_LITTLE=1 -DMPFR_USE_THREAD_SAFE=1 -DLT_OBJDIR=\".libs/\" -DHAVE_ATTRIBUTE_MODE=1 -DHAVE___GMPN_ROOTREM=1 -DHAVE___GMPN_SBPI1_DIVAPPR_Q=1 -I. -I../.././../mpfr/mpfr-3.1.1/src   -I/home/sparksco/android/toolchain/aosp/build/temp-install/include  -Wall -Wmissing-prototypes -Wpointer-arith -g -O2 -MT version.lo -MD -MP -MF .deps/version.Tpo -c -o version.lo ../.././../mpfr/mpfr-3.1.1/src/version.c
mv -f .deps/inits2.Tpo .deps/inits2.Plo
/bin/bash ../libtool --tag=CC   --mode=compile gcc-4.7 -DTIME_WITH_SYS_TIME=1 -DHAVE_INTTYPES_H=1 -DHAVE_STDINT_H=1 -DHAVE_LOCALE_H=1 -DHAVE_WCHAR_H=1 -DHAVE_STDARG=1 -DHAVE_SYS_TIME_H=1 -DHAVE_ALLOCA_H=1 -DHAVE_STDINT_H=1 -DHAVE_VA_COPY=1 -DHAVE_SETLOCALE=1 -DHAVE_GETTIMEOFDAY=1 -DHAVE_LONG_LONG=1 -DHAVE_INTMAX_T=1 -DMPFR_HAVE_INTMAX_MAX=1 -DMPFR_HAVE_FESETROUND=1 -DHAVE_DENORMS=1 -DHAVE_ROUND=1 -DHAVE_TRUNC=1 -DHAVE_FLOOR=1 -DHAVE_CEIL=1 -DHAVE_NEARBYINT=1 -DHAVE_LDOUBLE_IEEE_EXT_LITTLE=1 -DMPFR_USE_THREAD_SAFE=1 -DLT_OBJDIR=\".libs/\" -DHAVE_ATTRIBUTE_MODE=1 -DHAVE___GMPN_ROOTREM=1 -DHAVE___GMPN_SBPI1_DIVAPPR_Q=1 -I. -I../.././../mpfr/mpfr-3.1.1/src   -I/home/sparksco/android/toolchain/aosp/build/temp-install/include  -Wall -Wmissing-prototypes -Wpointer-arith -g -O2 -MT mpn_exp.lo -MD -MP -MF .deps/mpn_exp.Tpo -c -o mpn_exp.lo ../.././../mpfr/mpfr-3.1.1/src/mpn_exp.c
mv -f .deps/inits.Tpo .deps/inits.Plo
/bin/bash ../libtool --tag=CC   --mode=compile gcc-4.7 -DTIME_WITH_SYS_TIME=1 -DHAVE_INTTYPES_H=1 -DHAVE_STDINT_H=1 -DHAVE_LOCALE_H=1 -DHAVE_WCHAR_H=1 -DHAVE_STDARG=1 -DHAVE_SYS_TIME_H=1 -DHAVE_ALLOCA_H=1 -DHAVE_STDINT_H=1 -DHAVE_VA_COPY=1 -DHAVE_SETLOCALE=1 -DHAVE_GETTIMEOFDAY=1 -DHAVE_LONG_LONG=1 -DHAVE_INTMAX_T=1 -DMPFR_HAVE_INTMAX_MAX=1 -DMPFR_HAVE_FESETROUND=1 -DHAVE_DENORMS=1 -DHAVE_ROUND=1 -DHAVE_TRUNC=1 -DHAVE_FLOOR=1 -DHAVE_CEIL=1 -DHAVE_NEARBYINT=1 -DHAVE_LDOUBLE_IEEE_EXT_LITTLE=1 -DMPFR_USE_THREAD_SAFE=1 -DLT_OBJDIR=\".libs/\" -DHAVE_ATTRIBUTE_MODE=1 -DHAVE___GMPN_ROOTREM=1 -DHAVE___GMPN_SBPI1_DIVAPPR_Q=1 -I. -I../.././../mpfr/mpfr-3.1.1/src   -I/home/sparksco/android/toolchain/aosp/build/temp-install/include  -Wall -Wmissing-prototypes -Wpointer-arith -g -O2 -MT mpfr-gmp.lo -MD -MP -MF .deps/mpfr-gmp.Tpo -c -o mpfr-gmp.lo ../.././../mpfr/mpfr-3.1.1/src/mpfr-gmp.c
mv -f .deps/sgn.Tpo .deps/sgn.Plo
mv -f .deps/clears.Tpo .deps/clears.Plo
/bin/bash ../libtool --tag=CC   --mode=compile gcc-4.7 -DTIME_WITH_SYS_TIME=1 -DHAVE_INTTYPES_H=1 -DHAVE_STDINT_H=1 -DHAVE_LOCALE_H=1 -DHAVE_WCHAR_H=1 -DHAVE_STDARG=1 -DHAVE_SYS_TIME_H=1 -DHAVE_ALLOCA_H=1 -DHAVE_STDINT_H=1 -DHAVE_VA_COPY=1 -DHAVE_SETLOCALE=1 -DHAVE_GETTIMEOFDAY=1 -DHAVE_LONG_LONG=1 -DHAVE_INTMAX_T=1 -DMPFR_HAVE_INTMAX_MAX=1 -DMPFR_HAVE_FESETROUND=1 -DHAVE_DENORMS=1 -DHAVE_ROUND=1 -DHAVE_TRUNC=1 -DHAVE_FLOOR=1 -DHAVE_CEIL=1 -DHAVE_NEARBYINT=1 -DHAVE_LDOUBLE_IEEE_EXT_LITTLE=1 -DMPFR_USE_THREAD_SAFE=1 -DLT_OBJDIR=\".libs/\" -DHAVE_ATTRIBUTE_MODE=1 -DHAVE___GMPN_ROOTREM=1 -DHAVE___GMPN_SBPI1_DIVAPPR_Q=1 -I. -I../.././../mpfr/mpfr-3.1.1/src   -I/home/sparksco/android/toolchain/aosp/build/temp-install/include  -Wall -Wmissing-prototypes -Wpointer-arith -g -O2 -MT mp_clz_tab.lo -MD -MP -MF .deps/mp_clz_tab.Tpo -c -o mp_clz_tab.lo ../.././../mpfr/mpfr-3.1.1/src/mp_clz_tab.c
/bin/bash ../libtool --tag=CC   --mode=compile gcc-4.7 -DTIME_WITH_SYS_TIME=1 -DHAVE_INTTYPES_H=1 -DHAVE_STDINT_H=1 -DHAVE_LOCALE_H=1 -DHAVE_WCHAR_H=1 -DHAVE_STDARG=1 -DHAVE_SYS_TIME_H=1 -DHAVE_ALLOCA_H=1 -DHAVE_STDINT_H=1 -DHAVE_VA_COPY=1 -DHAVE_SETLOCALE=1 -DHAVE_GETTIMEOFDAY=1 -DHAVE_LONG_LONG=1 -DHAVE_INTMAX_T=1 -DMPFR_HAVE_INTMAX_MAX=1 -DMPFR_HAVE_FESETROUND=1 -DHAVE_DENORMS=1 -DHAVE_ROUND=1 -DHAVE_TRUNC=1 -DHAVE_FLOOR=1 -DHAVE_CEIL=1 -DHAVE_NEARBYINT=1 -DHAVE_LDOUBLE_IEEE_EXT_LITTLE=1 -DMPFR_USE_THREAD_SAFE=1 -DLT_OBJDIR=\".libs/\" -DHAVE_ATTRIBUTE_MODE=1 -DHAVE___GMPN_ROOTREM=1 -DHAVE___GMPN_SBPI1_DIVAPPR_Q=1 -I. -I../.././../mpfr/mpfr-3.1.1/src   -I/home/sparksco/android/toolchain/aosp/build/temp-install/include  -Wall -Wmissing-prototypes -Wpointer-arith -g -O2 -MT sum.lo -MD -MP -MF .deps/sum.Tpo -c -o sum.lo ../.././../mpfr/mpfr-3.1.1/src/sum.c
libtool: compile:  gcc-4.7 -DTIME_WITH_SYS_TIME=1 -DHAVE_INTTYPES_H=1 -DHAVE_STDINT_H=1 -DHAVE_LOCALE_H=1 -DHAVE_WCHAR_H=1 -DHAVE_STDARG=1 -DHAVE_SYS_TIME_H=1 -DHAVE_ALLOCA_H=1 -DHAVE_STDINT_H=1 -DHAVE_VA_COPY=1 -DHAVE_SETLOCALE=1 -DHAVE_GETTIMEOFDAY=1 -DHAVE_LONG_LONG=1 -DHAVE_INTMAX_T=1 -DMPFR_HAVE_INTMAX_MAX=1 -DMPFR_HAVE_FESETROUND=1 -DHAVE_DENORMS=1 -DHAVE_ROUND=1 -DHAVE_TRUNC=1 -DHAVE_FLOOR=1 -DHAVE_CEIL=1 -DHAVE_NEARBYINT=1 -DHAVE_LDOUBLE_IEEE_EXT_LITTLE=1 -DMPFR_USE_THREAD_SAFE=1 -DLT_OBJDIR=\".libs/\" -DHAVE_ATTRIBUTE_MODE=1 -DHAVE___GMPN_ROOTREM=1 -DHAVE___GMPN_SBPI1_DIVAPPR_Q=1 -I. -I../.././../mpfr/mpfr-3.1.1/src -I/home/sparksco/android/toolchain/aosp/build/temp-install/include -Wall -Wmissing-prototypes -Wpointer-arith -g -O2 -MT version.lo -MD -MP -MF .deps/version.Tpo -c ../.././../mpfr/mpfr-3.1.1/src/version.c -o version.o
mv -f .deps/check.Tpo .deps/check.Plo
libtool: compile:  gcc-4.7 -DTIME_WITH_SYS_TIME=1 -DHAVE_INTTYPES_H=1 -DHAVE_STDINT_H=1 -DHAVE_LOCALE_H=1 -DHAVE_WCHAR_H=1 -DHAVE_STDARG=1 -DHAVE_SYS_TIME_H=1 -DHAVE_ALLOCA_H=1 -DHAVE_STDINT_H=1 -DHAVE_VA_COPY=1 -DHAVE_SETLOCALE=1 -DHAVE_GETTIMEOFDAY=1 -DHAVE_LONG_LONG=1 -DHAVE_INTMAX_T=1 -DMPFR_HAVE_INTMAX_MAX=1 -DMPFR_HAVE_FESETROUND=1 -DHAVE_DENORMS=1 -DHAVE_ROUND=1 -DHAVE_TRUNC=1 -DHAVE_FLOOR=1 -DHAVE_CEIL=1 -DHAVE_NEARBYINT=1 -DHAVE_LDOUBLE_IEEE_EXT_LITTLE=1 -DMPFR_USE_THREAD_SAFE=1 -DLT_OBJDIR=\".libs/\" -DHAVE_ATTRIBUTE_MODE=1 -DHAVE___GMPN_ROOTREM=1 -DHAVE___GMPN_SBPI1_DIVAPPR_Q=1 -I. -I../.././../mpfr/mpfr-3.1.1/src -I/home/sparksco/android/toolchain/aosp/build/temp-install/include -Wall -Wmissing-prototypes -Wpointer-arith -g -O2 -MT mpn_exp.lo -MD -MP -MF .deps/mpn_exp.Tpo -c ../.././../mpfr/mpfr-3.1.1/src/mpn_exp.c -o mpn_exp.o
/bin/bash ../libtool --tag=CC   --mode=compile gcc-4.7 -DTIME_WITH_SYS_TIME=1 -DHAVE_INTTYPES_H=1 -DHAVE_STDINT_H=1 -DHAVE_LOCALE_H=1 -DHAVE_WCHAR_H=1 -DHAVE_STDARG=1 -DHAVE_SYS_TIME_H=1 -DHAVE_ALLOCA_H=1 -DHAVE_STDINT_H=1 -DHAVE_VA_COPY=1 -DHAVE_SETLOCALE=1 -DHAVE_GETTIMEOFDAY=1 -DHAVE_LONG_LONG=1 -DHAVE_INTMAX_T=1 -DMPFR_HAVE_INTMAX_MAX=1 -DMPFR_HAVE_FESETROUND=1 -DHAVE_DENORMS=1 -DHAVE_ROUND=1 -DHAVE_TRUNC=1 -DHAVE_FLOOR=1 -DHAVE_CEIL=1 -DHAVE_NEARBYINT=1 -DHAVE_LDOUBLE_IEEE_EXT_LITTLE=1 -DMPFR_USE_THREAD_SAFE=1 -DLT_OBJDIR=\".libs/\" -DHAVE_ATTRIBUTE_MODE=1 -DHAVE___GMPN_ROOTREM=1 -DHAVE___GMPN_SBPI1_DIVAPPR_Q=1 -I. -I../.././../mpfr/mpfr-3.1.1/src   -I/home/sparksco/android/toolchain/aosp/build/temp-install/include  -Wall -Wmissing-prototypes -Wpointer-arith -g -O2 -MT add1sp.lo -MD -MP -MF .deps/add1sp.Tpo -c -o add1sp.lo ../.././../mpfr/mpfr-3.1.1/src/add1sp.c
libtool: compile:  gcc-4.7 -DTIME_WITH_SYS_TIME=1 -DHAVE_INTTYPES_H=1 -DHAVE_STDINT_H=1 -DHAVE_LOCALE_H=1 -DHAVE_WCHAR_H=1 -DHAVE_STDARG=1 -DHAVE_SYS_TIME_H=1 -DHAVE_ALLOCA_H=1 -DHAVE_STDINT_H=1 -DHAVE_VA_COPY=1 -DHAVE_SETLOCALE=1 -DHAVE_GETTIMEOFDAY=1 -DHAVE_LONG_LONG=1 -DHAVE_INTMAX_T=1 -DMPFR_HAVE_INTMAX_MAX=1 -DMPFR_HAVE_FESETROUND=1 -DHAVE_DENORMS=1 -DHAVE_ROUND=1 -DHAVE_TRUNC=1 -DHAVE_FLOOR=1 -DHAVE_CEIL=1 -DHAVE_NEARBYINT=1 -DHAVE_LDOUBLE_IEEE_EXT_LITTLE=1 -DMPFR_USE_THREAD_SAFE=1 -DLT_OBJDIR=\".libs/\" -DHAVE_ATTRIBUTE_MODE=1 -DHAVE___GMPN_ROOTREM=1 -DHAVE___GMPN_SBPI1_DIVAPPR_Q=1 -I. -I../.././../mpfr/mpfr-3.1.1/src -I/home/sparksco/android/toolchain/aosp/build/temp-install/include -Wall -Wmissing-prototypes -Wpointer-arith -g -O2 -MT mpfr-gmp.lo -MD -MP -MF .deps/mpfr-gmp.Tpo -c ../.././../mpfr/mpfr-3.1.1/src/mpfr-gmp.c -o mpfr-gmp.o
libtool: compile:  gcc-4.7 -DTIME_WITH_SYS_TIME=1 -DHAVE_INTTYPES_H=1 -DHAVE_STDINT_H=1 -DHAVE_LOCALE_H=1 -DHAVE_WCHAR_H=1 -DHAVE_STDARG=1 -DHAVE_SYS_TIME_H=1 -DHAVE_ALLOCA_H=1 -DHAVE_STDINT_H=1 -DHAVE_VA_COPY=1 -DHAVE_SETLOCALE=1 -DHAVE_GETTIMEOFDAY=1 -DHAVE_LONG_LONG=1 -DHAVE_INTMAX_T=1 -DMPFR_HAVE_INTMAX_MAX=1 -DMPFR_HAVE_FESETROUND=1 -DHAVE_DENORMS=1 -DHAVE_ROUND=1 -DHAVE_TRUNC=1 -DHAVE_FLOOR=1 -DHAVE_CEIL=1 -DHAVE_NEARBYINT=1 -DHAVE_LDOUBLE_IEEE_EXT_LITTLE=1 -DMPFR_USE_THREAD_SAFE=1 -DLT_OBJDIR=\".libs/\" -DHAVE_ATTRIBUTE_MODE=1 -DHAVE___GMPN_ROOTREM=1 -DHAVE___GMPN_SBPI1_DIVAPPR_Q=1 -I. -I../.././../mpfr/mpfr-3.1.1/src -I/home/sparksco/android/toolchain/aosp/build/temp-install/include -Wall -Wmissing-prototypes -Wpointer-arith -g -O2 -MT sum.lo -MD -MP -MF .deps/sum.Tpo -c ../.././../mpfr/mpfr-3.1.1/src/sum.c -o sum.o
libtool: compile:  gcc-4.7 -DTIME_WITH_SYS_TIME=1 -DHAVE_INTTYPES_H=1 -DHAVE_STDINT_H=1 -DHAVE_LOCALE_H=1 -DHAVE_WCHAR_H=1 -DHAVE_STDARG=1 -DHAVE_SYS_TIME_H=1 -DHAVE_ALLOCA_H=1 -DHAVE_STDINT_H=1 -DHAVE_VA_COPY=1 -DHAVE_SETLOCALE=1 -DHAVE_GETTIMEOFDAY=1 -DHAVE_LONG_LONG=1 -DHAVE_INTMAX_T=1 -DMPFR_HAVE_INTMAX_MAX=1 -DMPFR_HAVE_FESETROUND=1 -DHAVE_DENORMS=1 -DHAVE_ROUND=1 -DHAVE_TRUNC=1 -DHAVE_FLOOR=1 -DHAVE_CEIL=1 -DHAVE_NEARBYINT=1 -DHAVE_LDOUBLE_IEEE_EXT_LITTLE=1 -DMPFR_USE_THREAD_SAFE=1 -DLT_OBJDIR=\".libs/\" -DHAVE_ATTRIBUTE_MODE=1 -DHAVE___GMPN_ROOTREM=1 -DHAVE___GMPN_SBPI1_DIVAPPR_Q=1 -I. -I../.././../mpfr/mpfr-3.1.1/src -I/home/sparksco/android/toolchain/aosp/build/temp-install/include -Wall -Wmissing-prototypes -Wpointer-arith -g -O2 -MT mp_clz_tab.lo -MD -MP -MF .deps/mp_clz_tab.Tpo -c ../.././../mpfr/mpfr-3.1.1/src/mp_clz_tab.c -o mp_clz_tab.o
mv -f .deps/erf.Tpo .deps/erf.Plo
/bin/bash ../libtool --tag=CC   --mode=compile gcc-4.7 -DTIME_WITH_SYS_TIME=1 -DHAVE_INTTYPES_H=1 -DHAVE_STDINT_H=1 -DHAVE_LOCALE_H=1 -DHAVE_WCHAR_H=1 -DHAVE_STDARG=1 -DHAVE_SYS_TIME_H=1 -DHAVE_ALLOCA_H=1 -DHAVE_STDINT_H=1 -DHAVE_VA_COPY=1 -DHAVE_SETLOCALE=1 -DHAVE_GETTIMEOFDAY=1 -DHAVE_LONG_LONG=1 -DHAVE_INTMAX_T=1 -DMPFR_HAVE_INTMAX_MAX=1 -DMPFR_HAVE_FESETROUND=1 -DHAVE_DENORMS=1 -DHAVE_ROUND=1 -DHAVE_TRUNC=1 -DHAVE_FLOOR=1 -DHAVE_CEIL=1 -DHAVE_NEARBYINT=1 -DHAVE_LDOUBLE_IEEE_EXT_LITTLE=1 -DMPFR_USE_THREAD_SAFE=1 -DLT_OBJDIR=\".libs/\" -DHAVE_ATTRIBUTE_MODE=1 -DHAVE___GMPN_ROOTREM=1 -DHAVE___GMPN_SBPI1_DIVAPPR_Q=1 -I. -I../.././../mpfr/mpfr-3.1.1/src   -I/home/sparksco/android/toolchain/aosp/build/temp-install/include  -Wall -Wmissing-prototypes -Wpointer-arith -g -O2 -MT free_cache.lo -MD -MP -MF .deps/free_cache.Tpo -c -o free_cache.lo ../.././../mpfr/mpfr-3.1.1/src/free_cache.c
libtool: compile:  gcc-4.7 -DTIME_WITH_SYS_TIME=1 -DHAVE_INTTYPES_H=1 -DHAVE_STDINT_H=1 -DHAVE_LOCALE_H=1 -DHAVE_WCHAR_H=1 -DHAVE_STDARG=1 -DHAVE_SYS_TIME_H=1 -DHAVE_ALLOCA_H=1 -DHAVE_STDINT_H=1 -DHAVE_VA_COPY=1 -DHAVE_SETLOCALE=1 -DHAVE_GETTIMEOFDAY=1 -DHAVE_LONG_LONG=1 -DHAVE_INTMAX_T=1 -DMPFR_HAVE_INTMAX_MAX=1 -DMPFR_HAVE_FESETROUND=1 -DHAVE_DENORMS=1 -DHAVE_ROUND=1 -DHAVE_TRUNC=1 -DHAVE_FLOOR=1 -DHAVE_CEIL=1 -DHAVE_NEARBYINT=1 -DHAVE_LDOUBLE_IEEE_EXT_LITTLE=1 -DMPFR_USE_THREAD_SAFE=1 -DLT_OBJDIR=\".libs/\" -DHAVE_ATTRIBUTE_MODE=1 -DHAVE___GMPN_ROOTREM=1 -DHAVE___GMPN_SBPI1_DIVAPPR_Q=1 -I. -I../.././../mpfr/mpfr-3.1.1/src -I/home/sparksco/android/toolchain/aosp/build/temp-install/include -Wall -Wmissing-prototypes -Wpointer-arith -g -O2 -MT add1sp.lo -MD -MP -MF .deps/add1sp.Tpo -c ../.././../mpfr/mpfr-3.1.1/src/add1sp.c -o add1sp.o
mv -f .deps/version.Tpo .deps/version.Plo
libtool: compile:  gcc-4.7 -DTIME_WITH_SYS_TIME=1 -DHAVE_INTTYPES_H=1 -DHAVE_STDINT_H=1 -DHAVE_LOCALE_H=1 -DHAVE_WCHAR_H=1 -DHAVE_STDARG=1 -DHAVE_SYS_TIME_H=1 -DHAVE_ALLOCA_H=1 -DHAVE_STDINT_H=1 -DHAVE_VA_COPY=1 -DHAVE_SETLOCALE=1 -DHAVE_GETTIMEOFDAY=1 -DHAVE_LONG_LONG=1 -DHAVE_INTMAX_T=1 -DMPFR_HAVE_INTMAX_MAX=1 -DMPFR_HAVE_FESETROUND=1 -DHAVE_DENORMS=1 -DHAVE_ROUND=1 -DHAVE_TRUNC=1 -DHAVE_FLOOR=1 -DHAVE_CEIL=1 -DHAVE_NEARBYINT=1 -DHAVE_LDOUBLE_IEEE_EXT_LITTLE=1 -DMPFR_USE_THREAD_SAFE=1 -DLT_OBJDIR=\".libs/\" -DHAVE_ATTRIBUTE_MODE=1 -DHAVE___GMPN_ROOTREM=1 -DHAVE___GMPN_SBPI1_DIVAPPR_Q=1 -I. -I../.././../mpfr/mpfr-3.1.1/src -I/home/sparksco/android/toolchain/aosp/build/temp-install/include -Wall -Wmissing-prototypes -Wpointer-arith -g -O2 -MT free_cache.lo -MD -MP -MF .deps/free_cache.Tpo -c ../.././../mpfr/mpfr-3.1.1/src/free_cache.c -o free_cache.o
/bin/bash ../libtool --tag=CC   --mode=compile gcc-4.7 -DTIME_WITH_SYS_TIME=1 -DHAVE_INTTYPES_H=1 -DHAVE_STDINT_H=1 -DHAVE_LOCALE_H=1 -DHAVE_WCHAR_H=1 -DHAVE_STDARG=1 -DHAVE_SYS_TIME_H=1 -DHAVE_ALLOCA_H=1 -DHAVE_STDINT_H=1 -DHAVE_VA_COPY=1 -DHAVE_SETLOCALE=1 -DHAVE_GETTIMEOFDAY=1 -DHAVE_LONG_LONG=1 -DHAVE_INTMAX_T=1 -DMPFR_HAVE_INTMAX_MAX=1 -DMPFR_HAVE_FESETROUND=1 -DHAVE_DENORMS=1 -DHAVE_ROUND=1 -DHAVE_TRUNC=1 -DHAVE_FLOOR=1 -DHAVE_CEIL=1 -DHAVE_NEARBYINT=1 -DHAVE_LDOUBLE_IEEE_EXT_LITTLE=1 -DMPFR_USE_THREAD_SAFE=1 -DLT_OBJDIR=\".libs/\" -DHAVE_ATTRIBUTE_MODE=1 -DHAVE___GMPN_ROOTREM=1 -DHAVE___GMPN_SBPI1_DIVAPPR_Q=1 -I. -I../.././../mpfr/mpfr-3.1.1/src   -I/home/sparksco/android/toolchain/aosp/build/temp-install/include  -Wall -Wmissing-prototypes -Wpointer-arith -g -O2 -MT si_op.lo -MD -MP -MF .deps/si_op.Tpo -c -o si_op.lo ../.././../mpfr/mpfr-3.1.1/src/si_op.c
mv -f .deps/mp_clz_tab.Tpo .deps/mp_clz_tab.Plo
mv -f .deps/mpfr-gmp.Tpo .deps/mpfr-gmp.Plo
/bin/bash ../libtool --tag=CC   --mode=compile gcc-4.7 -DTIME_WITH_SYS_TIME=1 -DHAVE_INTTYPES_H=1 -DHAVE_STDINT_H=1 -DHAVE_LOCALE_H=1 -DHAVE_WCHAR_H=1 -DHAVE_STDARG=1 -DHAVE_SYS_TIME_H=1 -DHAVE_ALLOCA_H=1 -DHAVE_STDINT_H=1 -DHAVE_VA_COPY=1 -DHAVE_SETLOCALE=1 -DHAVE_GETTIMEOFDAY=1 -DHAVE_LONG_LONG=1 -DHAVE_INTMAX_T=1 -DMPFR_HAVE_INTMAX_MAX=1 -DMPFR_HAVE_FESETROUND=1 -DHAVE_DENORMS=1 -DHAVE_ROUND=1 -DHAVE_TRUNC=1 -DHAVE_FLOOR=1 -DHAVE_CEIL=1 -DHAVE_NEARBYINT=1 -DHAVE_LDOUBLE_IEEE_EXT_LITTLE=1 -DMPFR_USE_THREAD_SAFE=1 -DLT_OBJDIR=\".libs/\" -DHAVE_ATTRIBUTE_MODE=1 -DHAVE___GMPN_ROOTREM=1 -DHAVE___GMPN_SBPI1_DIVAPPR_Q=1 -I. -I../.././../mpfr/mpfr-3.1.1/src   -I/home/sparksco/android/toolchain/aosp/build/temp-install/include  -Wall -Wmissing-prototypes -Wpointer-arith -g -O2 -MT cmp_ld.lo -MD -MP -MF .deps/cmp_ld.Tpo -c -o cmp_ld.lo ../.././../mpfr/mpfr-3.1.1/src/cmp_ld.c
/bin/bash ../libtool --tag=CC   --mode=compile gcc-4.7 -DTIME_WITH_SYS_TIME=1 -DHAVE_INTTYPES_H=1 -DHAVE_STDINT_H=1 -DHAVE_LOCALE_H=1 -DHAVE_WCHAR_H=1 -DHAVE_STDARG=1 -DHAVE_SYS_TIME_H=1 -DHAVE_ALLOCA_H=1 -DHAVE_STDINT_H=1 -DHAVE_VA_COPY=1 -DHAVE_SETLOCALE=1 -DHAVE_GETTIMEOFDAY=1 -DHAVE_LONG_LONG=1 -DHAVE_INTMAX_T=1 -DMPFR_HAVE_INTMAX_MAX=1 -DMPFR_HAVE_FESETROUND=1 -DHAVE_DENORMS=1 -DHAVE_ROUND=1 -DHAVE_TRUNC=1 -DHAVE_FLOOR=1 -DHAVE_CEIL=1 -DHAVE_NEARBYINT=1 -DHAVE_LDOUBLE_IEEE_EXT_LITTLE=1 -DMPFR_USE_THREAD_SAFE=1 -DLT_OBJDIR=\".libs/\" -DHAVE_ATTRIBUTE_MODE=1 -DHAVE___GMPN_ROOTREM=1 -DHAVE___GMPN_SBPI1_DIVAPPR_Q=1 -I. -I../.././../mpfr/mpfr-3.1.1/src   -I/home/sparksco/android/toolchain/aosp/build/temp-install/include  -Wall -Wmissing-prototypes -Wpointer-arith -g -O2 -MT set_ui_2exp.lo -MD -MP -MF .deps/set_ui_2exp.Tpo -c -o set_ui_2exp.lo ../.././../mpfr/mpfr-3.1.1/src/set_ui_2exp.c
mv -f .deps/mpn_exp.Tpo .deps/mpn_exp.Plo
mv -f .deps/zeta.Tpo .deps/zeta.Plo
/bin/bash ../libtool --tag=CC   --mode=compile gcc-4.7 -DTIME_WITH_SYS_TIME=1 -DHAVE_INTTYPES_H=1 -DHAVE_STDINT_H=1 -DHAVE_LOCALE_H=1 -DHAVE_WCHAR_H=1 -DHAVE_STDARG=1 -DHAVE_SYS_TIME_H=1 -DHAVE_ALLOCA_H=1 -DHAVE_STDINT_H=1 -DHAVE_VA_COPY=1 -DHAVE_SETLOCALE=1 -DHAVE_GETTIMEOFDAY=1 -DHAVE_LONG_LONG=1 -DHAVE_INTMAX_T=1 -DMPFR_HAVE_INTMAX_MAX=1 -DMPFR_HAVE_FESETROUND=1 -DHAVE_DENORMS=1 -DHAVE_ROUND=1 -DHAVE_TRUNC=1 -DHAVE_FLOOR=1 -DHAVE_CEIL=1 -DHAVE_NEARBYINT=1 -DHAVE_LDOUBLE_IEEE_EXT_LITTLE=1 -DMPFR_USE_THREAD_SAFE=1 -DLT_OBJDIR=\".libs/\" -DHAVE_ATTRIBUTE_MODE=1 -DHAVE___GMPN_ROOTREM=1 -DHAVE___GMPN_SBPI1_DIVAPPR_Q=1 -I. -I../.././../mpfr/mpfr-3.1.1/src   -I/home/sparksco/android/toolchain/aosp/build/temp-install/include  -Wall -Wmissing-prototypes -Wpointer-arith -g -O2 -MT set_si_2exp.lo -MD -MP -MF .deps/set_si_2exp.Tpo -c -o set_si_2exp.lo ../.././../mpfr/mpfr-3.1.1/src/set_si_2exp.c
mv -f .deps/free_cache.Tpo .deps/free_cache.Plo
libtool: compile:  gcc-4.7 -DTIME_WITH_SYS_TIME=1 -DHAVE_INTTYPES_H=1 -DHAVE_STDINT_H=1 -DHAVE_LOCALE_H=1 -DHAVE_WCHAR_H=1 -DHAVE_STDARG=1 -DHAVE_SYS_TIME_H=1 -DHAVE_ALLOCA_H=1 -DHAVE_STDINT_H=1 -DHAVE_VA_COPY=1 -DHAVE_SETLOCALE=1 -DHAVE_GETTIMEOFDAY=1 -DHAVE_LONG_LONG=1 -DHAVE_INTMAX_T=1 -DMPFR_HAVE_INTMAX_MAX=1 -DMPFR_HAVE_FESETROUND=1 -DHAVE_DENORMS=1 -DHAVE_ROUND=1 -DHAVE_TRUNC=1 -DHAVE_FLOOR=1 -DHAVE_CEIL=1 -DHAVE_NEARBYINT=1 -DHAVE_LDOUBLE_IEEE_EXT_LITTLE=1 -DMPFR_USE_THREAD_SAFE=1 -DLT_OBJDIR=\".libs/\" -DHAVE_ATTRIBUTE_MODE=1 -DHAVE___GMPN_ROOTREM=1 -DHAVE___GMPN_SBPI1_DIVAPPR_Q=1 -I. -I../.././../mpfr/mpfr-3.1.1/src -I/home/sparksco/android/toolchain/aosp/build/temp-install/include -Wall -Wmissing-prototypes -Wpointer-arith -g -O2 -MT cmp_ld.lo -MD -MP -MF .deps/cmp_ld.Tpo -c ../.././../mpfr/mpfr-3.1.1/src/cmp_ld.c -o cmp_ld.o
/bin/bash ../libtool --tag=CC   --mode=compile gcc-4.7 -DTIME_WITH_SYS_TIME=1 -DHAVE_INTTYPES_H=1 -DHAVE_STDINT_H=1 -DHAVE_LOCALE_H=1 -DHAVE_WCHAR_H=1 -DHAVE_STDARG=1 -DHAVE_SYS_TIME_H=1 -DHAVE_ALLOCA_H=1 -DHAVE_STDINT_H=1 -DHAVE_VA_COPY=1 -DHAVE_SETLOCALE=1 -DHAVE_GETTIMEOFDAY=1 -DHAVE_LONG_LONG=1 -DHAVE_INTMAX_T=1 -DMPFR_HAVE_INTMAX_MAX=1 -DMPFR_HAVE_FESETROUND=1 -DHAVE_DENORMS=1 -DHAVE_ROUND=1 -DHAVE_TRUNC=1 -DHAVE_FLOOR=1 -DHAVE_CEIL=1 -DHAVE_NEARBYINT=1 -DHAVE_LDOUBLE_IEEE_EXT_LITTLE=1 -DMPFR_USE_THREAD_SAFE=1 -DLT_OBJDIR=\".libs/\" -DHAVE_ATTRIBUTE_MODE=1 -DHAVE___GMPN_ROOTREM=1 -DHAVE___GMPN_SBPI1_DIVAPPR_Q=1 -I. -I../.././../mpfr/mpfr-3.1.1/src   -I/home/sparksco/android/toolchain/aosp/build/temp-install/include  -Wall -Wmissing-prototypes -Wpointer-arith -g -O2 -MT set_uj.lo -MD -MP -MF .deps/set_uj.Tpo -c -o set_uj.lo ../.././../mpfr/mpfr-3.1.1/src/set_uj.c
/bin/bash ../libtool --tag=CC   --mode=compile gcc-4.7 -DTIME_WITH_SYS_TIME=1 -DHAVE_INTTYPES_H=1 -DHAVE_STDINT_H=1 -DHAVE_LOCALE_H=1 -DHAVE_WCHAR_H=1 -DHAVE_STDARG=1 -DHAVE_SYS_TIME_H=1 -DHAVE_ALLOCA_H=1 -DHAVE_STDINT_H=1 -DHAVE_VA_COPY=1 -DHAVE_SETLOCALE=1 -DHAVE_GETTIMEOFDAY=1 -DHAVE_LONG_LONG=1 -DHAVE_INTMAX_T=1 -DMPFR_HAVE_INTMAX_MAX=1 -DMPFR_HAVE_FESETROUND=1 -DHAVE_DENORMS=1 -DHAVE_ROUND=1 -DHAVE_TRUNC=1 -DHAVE_FLOOR=1 -DHAVE_CEIL=1 -DHAVE_NEARBYINT=1 -DHAVE_LDOUBLE_IEEE_EXT_LITTLE=1 -DMPFR_USE_THREAD_SAFE=1 -DLT_OBJDIR=\".libs/\" -DHAVE_ATTRIBUTE_MODE=1 -DHAVE___GMPN_ROOTREM=1 -DHAVE___GMPN_SBPI1_DIVAPPR_Q=1 -I. -I../.././../mpfr/mpfr-3.1.1/src   -I/home/sparksco/android/toolchain/aosp/build/temp-install/include  -Wall -Wmissing-prototypes -Wpointer-arith -g -O2 -MT set_sj.lo -MD -MP -MF .deps/set_sj.Tpo -c -o set_sj.lo ../.././../mpfr/mpfr-3.1.1/src/set_sj.c
libtool: compile:  gcc-4.7 -DTIME_WITH_SYS_TIME=1 -DHAVE_INTTYPES_H=1 -DHAVE_STDINT_H=1 -DHAVE_LOCALE_H=1 -DHAVE_WCHAR_H=1 -DHAVE_STDARG=1 -DHAVE_SYS_TIME_H=1 -DHAVE_ALLOCA_H=1 -DHAVE_STDINT_H=1 -DHAVE_VA_COPY=1 -DHAVE_SETLOCALE=1 -DHAVE_GETTIMEOFDAY=1 -DHAVE_LONG_LONG=1 -DHAVE_INTMAX_T=1 -DMPFR_HAVE_INTMAX_MAX=1 -DMPFR_HAVE_FESETROUND=1 -DHAVE_DENORMS=1 -DHAVE_ROUND=1 -DHAVE_TRUNC=1 -DHAVE_FLOOR=1 -DHAVE_CEIL=1 -DHAVE_NEARBYINT=1 -DHAVE_LDOUBLE_IEEE_EXT_LITTLE=1 -DMPFR_USE_THREAD_SAFE=1 -DLT_OBJDIR=\".libs/\" -DHAVE_ATTRIBUTE_MODE=1 -DHAVE___GMPN_ROOTREM=1 -DHAVE___GMPN_SBPI1_DIVAPPR_Q=1 -I. -I../.././../mpfr/mpfr-3.1.1/src -I/home/sparksco/android/toolchain/aosp/build/temp-install/include -Wall -Wmissing-prototypes -Wpointer-arith -g -O2 -MT si_op.lo -MD -MP -MF .deps/si_op.Tpo -c ../.././../mpfr/mpfr-3.1.1/src/si_op.c -o si_op.o
libtool: compile:  gcc-4.7 -DTIME_WITH_SYS_TIME=1 -DHAVE_INTTYPES_H=1 -DHAVE_STDINT_H=1 -DHAVE_LOCALE_H=1 -DHAVE_WCHAR_H=1 -DHAVE_STDARG=1 -DHAVE_SYS_TIME_H=1 -DHAVE_ALLOCA_H=1 -DHAVE_STDINT_H=1 -DHAVE_VA_COPY=1 -DHAVE_SETLOCALE=1 -DHAVE_GETTIMEOFDAY=1 -DHAVE_LONG_LONG=1 -DHAVE_INTMAX_T=1 -DMPFR_HAVE_INTMAX_MAX=1 -DMPFR_HAVE_FESETROUND=1 -DHAVE_DENORMS=1 -DHAVE_ROUND=1 -DHAVE_TRUNC=1 -DHAVE_FLOOR=1 -DHAVE_CEIL=1 -DHAVE_NEARBYINT=1 -DHAVE_LDOUBLE_IEEE_EXT_LITTLE=1 -DMPFR_USE_THREAD_SAFE=1 -DLT_OBJDIR=\".libs/\" -DHAVE_ATTRIBUTE_MODE=1 -DHAVE___GMPN_ROOTREM=1 -DHAVE___GMPN_SBPI1_DIVAPPR_Q=1 -I. -I../.././../mpfr/mpfr-3.1.1/src -I/home/sparksco/android/toolchain/aosp/build/temp-install/include -Wall -Wmissing-prototypes -Wpointer-arith -g -O2 -MT set_ui_2exp.lo -MD -MP -MF .deps/set_ui_2exp.Tpo -c ../.././../mpfr/mpfr-3.1.1/src/set_ui_2exp.c -o set_ui_2exp.o
libtool: compile:  gcc-4.7 -DTIME_WITH_SYS_TIME=1 -DHAVE_INTTYPES_H=1 -DHAVE_STDINT_H=1 -DHAVE_LOCALE_H=1 -DHAVE_WCHAR_H=1 -DHAVE_STDARG=1 -DHAVE_SYS_TIME_H=1 -DHAVE_ALLOCA_H=1 -DHAVE_STDINT_H=1 -DHAVE_VA_COPY=1 -DHAVE_SETLOCALE=1 -DHAVE_GETTIMEOFDAY=1 -DHAVE_LONG_LONG=1 -DHAVE_INTMAX_T=1 -DMPFR_HAVE_INTMAX_MAX=1 -DMPFR_HAVE_FESETROUND=1 -DHAVE_DENORMS=1 -DHAVE_ROUND=1 -DHAVE_TRUNC=1 -DHAVE_FLOOR=1 -DHAVE_CEIL=1 -DHAVE_NEARBYINT=1 -DHAVE_LDOUBLE_IEEE_EXT_LITTLE=1 -DMPFR_USE_THREAD_SAFE=1 -DLT_OBJDIR=\".libs/\" -DHAVE_ATTRIBUTE_MODE=1 -DHAVE___GMPN_ROOTREM=1 -DHAVE___GMPN_SBPI1_DIVAPPR_Q=1 -I. -I../.././../mpfr/mpfr-3.1.1/src -I/home/sparksco/android/toolchain/aosp/build/temp-install/include -Wall -Wmissing-prototypes -Wpointer-arith -g -O2 -MT set_si_2exp.lo -MD -MP -MF .deps/set_si_2exp.Tpo -c ../.././../mpfr/mpfr-3.1.1/src/set_si_2exp.c -o set_si_2exp.o
libtool: compile:  gcc-4.7 -DTIME_WITH_SYS_TIME=1 -DHAVE_INTTYPES_H=1 -DHAVE_STDINT_H=1 -DHAVE_LOCALE_H=1 -DHAVE_WCHAR_H=1 -DHAVE_STDARG=1 -DHAVE_SYS_TIME_H=1 -DHAVE_ALLOCA_H=1 -DHAVE_STDINT_H=1 -DHAVE_VA_COPY=1 -DHAVE_SETLOCALE=1 -DHAVE_GETTIMEOFDAY=1 -DHAVE_LONG_LONG=1 -DHAVE_INTMAX_T=1 -DMPFR_HAVE_INTMAX_MAX=1 -DMPFR_HAVE_FESETROUND=1 -DHAVE_DENORMS=1 -DHAVE_ROUND=1 -DHAVE_TRUNC=1 -DHAVE_FLOOR=1 -DHAVE_CEIL=1 -DHAVE_NEARBYINT=1 -DHAVE_LDOUBLE_IEEE_EXT_LITTLE=1 -DMPFR_USE_THREAD_SAFE=1 -DLT_OBJDIR=\".libs/\" -DHAVE_ATTRIBUTE_MODE=1 -DHAVE___GMPN_ROOTREM=1 -DHAVE___GMPN_SBPI1_DIVAPPR_Q=1 -I. -I../.././../mpfr/mpfr-3.1.1/src -I/home/sparksco/android/toolchain/aosp/build/temp-install/include -Wall -Wmissing-prototypes -Wpointer-arith -g -O2 -MT set_sj.lo -MD -MP -MF .deps/set_sj.Tpo -c ../.././../mpfr/mpfr-3.1.1/src/set_sj.c -o set_sj.o
mv -f .deps/sum.Tpo .deps/sum.Plo
/bin/bash ../libtool --tag=CC   --mode=compile gcc-4.7 -DTIME_WITH_SYS_TIME=1 -DHAVE_INTTYPES_H=1 -DHAVE_STDINT_H=1 -DHAVE_LOCALE_H=1 -DHAVE_WCHAR_H=1 -DHAVE_STDARG=1 -DHAVE_SYS_TIME_H=1 -DHAVE_ALLOCA_H=1 -DHAVE_STDINT_H=1 -DHAVE_VA_COPY=1 -DHAVE_SETLOCALE=1 -DHAVE_GETTIMEOFDAY=1 -DHAVE_LONG_LONG=1 -DHAVE_INTMAX_T=1 -DMPFR_HAVE_INTMAX_MAX=1 -DMPFR_HAVE_FESETROUND=1 -DHAVE_DENORMS=1 -DHAVE_ROUND=1 -DHAVE_TRUNC=1 -DHAVE_FLOOR=1 -DHAVE_CEIL=1 -DHAVE_NEARBYINT=1 -DHAVE_LDOUBLE_IEEE_EXT_LITTLE=1 -DMPFR_USE_THREAD_SAFE=1 -DLT_OBJDIR=\".libs/\" -DHAVE_ATTRIBUTE_MODE=1 -DHAVE___GMPN_ROOTREM=1 -DHAVE___GMPN_SBPI1_DIVAPPR_Q=1 -I. -I../.././../mpfr/mpfr-3.1.1/src   -I/home/sparksco/android/toolchain/aosp/build/temp-install/include  -Wall -Wmissing-prototypes -Wpointer-arith -g -O2 -MT get_sj.lo -MD -MP -MF .deps/get_sj.Tpo -c -o get_sj.lo ../.././../mpfr/mpfr-3.1.1/src/get_sj.c
libtool: compile:  gcc-4.7 -DTIME_WITH_SYS_TIME=1 -DHAVE_INTTYPES_H=1 -DHAVE_STDINT_H=1 -DHAVE_LOCALE_H=1 -DHAVE_WCHAR_H=1 -DHAVE_STDARG=1 -DHAVE_SYS_TIME_H=1 -DHAVE_ALLOCA_H=1 -DHAVE_STDINT_H=1 -DHAVE_VA_COPY=1 -DHAVE_SETLOCALE=1 -DHAVE_GETTIMEOFDAY=1 -DHAVE_LONG_LONG=1 -DHAVE_INTMAX_T=1 -DMPFR_HAVE_INTMAX_MAX=1 -DMPFR_HAVE_FESETROUND=1 -DHAVE_DENORMS=1 -DHAVE_ROUND=1 -DHAVE_TRUNC=1 -DHAVE_FLOOR=1 -DHAVE_CEIL=1 -DHAVE_NEARBYINT=1 -DHAVE_LDOUBLE_IEEE_EXT_LITTLE=1 -DMPFR_USE_THREAD_SAFE=1 -DLT_OBJDIR=\".libs/\" -DHAVE_ATTRIBUTE_MODE=1 -DHAVE___GMPN_ROOTREM=1 -DHAVE___GMPN_SBPI1_DIVAPPR_Q=1 -I. -I../.././../mpfr/mpfr-3.1.1/src -I/home/sparksco/android/toolchain/aosp/build/temp-install/include -Wall -Wmissing-prototypes -Wpointer-arith -g -O2 -MT set_uj.lo -MD -MP -MF .deps/set_uj.Tpo -c ../.././../mpfr/mpfr-3.1.1/src/set_uj.c -o set_uj.o
mv -f .deps/cmp_ld.Tpo .deps/cmp_ld.Plo
/bin/bash ../libtool --tag=CC   --mode=compile gcc-4.7 -DTIME_WITH_SYS_TIME=1 -DHAVE_INTTYPES_H=1 -DHAVE_STDINT_H=1 -DHAVE_LOCALE_H=1 -DHAVE_WCHAR_H=1 -DHAVE_STDARG=1 -DHAVE_SYS_TIME_H=1 -DHAVE_ALLOCA_H=1 -DHAVE_STDINT_H=1 -DHAVE_VA_COPY=1 -DHAVE_SETLOCALE=1 -DHAVE_GETTIMEOFDAY=1 -DHAVE_LONG_LONG=1 -DHAVE_INTMAX_T=1 -DMPFR_HAVE_INTMAX_MAX=1 -DMPFR_HAVE_FESETROUND=1 -DHAVE_DENORMS=1 -DHAVE_ROUND=1 -DHAVE_TRUNC=1 -DHAVE_FLOOR=1 -DHAVE_CEIL=1 -DHAVE_NEARBYINT=1 -DHAVE_LDOUBLE_IEEE_EXT_LITTLE=1 -DMPFR_USE_THREAD_SAFE=1 -DLT_OBJDIR=\".libs/\" -DHAVE_ATTRIBUTE_MODE=1 -DHAVE___GMPN_ROOTREM=1 -DHAVE___GMPN_SBPI1_DIVAPPR_Q=1 -I. -I../.././../mpfr/mpfr-3.1.1/src   -I/home/sparksco/android/toolchain/aosp/build/temp-install/include  -Wall -Wmissing-prototypes -Wpointer-arith -g -O2 -MT get_uj.lo -MD -MP -MF .deps/get_uj.Tpo -c -o get_uj.lo ../.././../mpfr/mpfr-3.1.1/src/get_uj.c
mv -f .deps/add1sp.Tpo .deps/add1sp.Plo
/bin/bash ../libtool --tag=CC   --mode=compile gcc-4.7 -DTIME_WITH_SYS_TIME=1 -DHAVE_INTTYPES_H=1 -DHAVE_STDINT_H=1 -DHAVE_LOCALE_H=1 -DHAVE_WCHAR_H=1 -DHAVE_STDARG=1 -DHAVE_SYS_TIME_H=1 -DHAVE_ALLOCA_H=1 -DHAVE_STDINT_H=1 -DHAVE_VA_COPY=1 -DHAVE_SETLOCALE=1 -DHAVE_GETTIMEOFDAY=1 -DHAVE_LONG_LONG=1 -DHAVE_INTMAX_T=1 -DMPFR_HAVE_INTMAX_MAX=1 -DMPFR_HAVE_FESETROUND=1 -DHAVE_DENORMS=1 -DHAVE_ROUND=1 -DHAVE_TRUNC=1 -DHAVE_FLOOR=1 -DHAVE_CEIL=1 -DHAVE_NEARBYINT=1 -DHAVE_LDOUBLE_IEEE_EXT_LITTLE=1 -DMPFR_USE_THREAD_SAFE=1 -DLT_OBJDIR=\".libs/\" -DHAVE_ATTRIBUTE_MODE=1 -DHAVE___GMPN_ROOTREM=1 -DHAVE___GMPN_SBPI1_DIVAPPR_Q=1 -I. -I../.././../mpfr/mpfr-3.1.1/src   -I/home/sparksco/android/toolchain/aosp/build/temp-install/include  -Wall -Wmissing-prototypes -Wpointer-arith -g -O2 -MT get_z.lo -MD -MP -MF .deps/get_z.Tpo -c -o get_z.lo ../.././../mpfr/mpfr-3.1.1/src/get_z.c
mv -f .deps/si_op.Tpo .deps/si_op.Plo
/bin/bash ../libtool --tag=CC   --mode=compile gcc-4.7 -DTIME_WITH_SYS_TIME=1 -DHAVE_INTTYPES_H=1 -DHAVE_STDINT_H=1 -DHAVE_LOCALE_H=1 -DHAVE_WCHAR_H=1 -DHAVE_STDARG=1 -DHAVE_SYS_TIME_H=1 -DHAVE_ALLOCA_H=1 -DHAVE_STDINT_H=1 -DHAVE_VA_COPY=1 -DHAVE_SETLOCALE=1 -DHAVE_GETTIMEOFDAY=1 -DHAVE_LONG_LONG=1 -DHAVE_INTMAX_T=1 -DMPFR_HAVE_INTMAX_MAX=1 -DMPFR_HAVE_FESETROUND=1 -DHAVE_DENORMS=1 -DHAVE_ROUND=1 -DHAVE_TRUNC=1 -DHAVE_FLOOR=1 -DHAVE_CEIL=1 -DHAVE_NEARBYINT=1 -DHAVE_LDOUBLE_IEEE_EXT_LITTLE=1 -DMPFR_USE_THREAD_SAFE=1 -DLT_OBJDIR=\".libs/\" -DHAVE_ATTRIBUTE_MODE=1 -DHAVE___GMPN_ROOTREM=1 -DHAVE___GMPN_SBPI1_DIVAPPR_Q=1 -I. -I../.././../mpfr/mpfr-3.1.1/src   -I/home/sparksco/android/toolchain/aosp/build/temp-install/include  -Wall -Wmissing-prototypes -Wpointer-arith -g -O2 -MT iszero.lo -MD -MP -MF .deps/iszero.Tpo -c -o iszero.lo ../.././../mpfr/mpfr-3.1.1/src/iszero.c
libtool: compile:  gcc-4.7 -DTIME_WITH_SYS_TIME=1 -DHAVE_INTTYPES_H=1 -DHAVE_STDINT_H=1 -DHAVE_LOCALE_H=1 -DHAVE_WCHAR_H=1 -DHAVE_STDARG=1 -DHAVE_SYS_TIME_H=1 -DHAVE_ALLOCA_H=1 -DHAVE_STDINT_H=1 -DHAVE_VA_COPY=1 -DHAVE_SETLOCALE=1 -DHAVE_GETTIMEOFDAY=1 -DHAVE_LONG_LONG=1 -DHAVE_INTMAX_T=1 -DMPFR_HAVE_INTMAX_MAX=1 -DMPFR_HAVE_FESETROUND=1 -DHAVE_DENORMS=1 -DHAVE_ROUND=1 -DHAVE_TRUNC=1 -DHAVE_FLOOR=1 -DHAVE_CEIL=1 -DHAVE_NEARBYINT=1 -DHAVE_LDOUBLE_IEEE_EXT_LITTLE=1 -DMPFR_USE_THREAD_SAFE=1 -DLT_OBJDIR=\".libs/\" -DHAVE_ATTRIBUTE_MODE=1 -DHAVE___GMPN_ROOTREM=1 -DHAVE___GMPN_SBPI1_DIVAPPR_Q=1 -I. -I../.././../mpfr/mpfr-3.1.1/src -I/home/sparksco/android/toolchain/aosp/build/temp-install/include -Wall -Wmissing-prototypes -Wpointer-arith -g -O2 -MT get_sj.lo -MD -MP -MF .deps/get_sj.Tpo -c ../.././../mpfr/mpfr-3.1.1/src/get_sj.c -o get_sj.o
mv -f .deps/sub1sp.Tpo .deps/sub1sp.Plo
mv -f .deps/set_ui_2exp.Tpo .deps/set_ui_2exp.Plo
/bin/bash ../libtool --tag=CC   --mode=compile gcc-4.7 -DTIME_WITH_SYS_TIME=1 -DHAVE_INTTYPES_H=1 -DHAVE_STDINT_H=1 -DHAVE_LOCALE_H=1 -DHAVE_WCHAR_H=1 -DHAVE_STDARG=1 -DHAVE_SYS_TIME_H=1 -DHAVE_ALLOCA_H=1 -DHAVE_STDINT_H=1 -DHAVE_VA_COPY=1 -DHAVE_SETLOCALE=1 -DHAVE_GETTIMEOFDAY=1 -DHAVE_LONG_LONG=1 -DHAVE_INTMAX_T=1 -DMPFR_HAVE_INTMAX_MAX=1 -DMPFR_HAVE_FESETROUND=1 -DHAVE_DENORMS=1 -DHAVE_ROUND=1 -DHAVE_TRUNC=1 -DHAVE_FLOOR=1 -DHAVE_CEIL=1 -DHAVE_NEARBYINT=1 -DHAVE_LDOUBLE_IEEE_EXT_LITTLE=1 -DMPFR_USE_THREAD_SAFE=1 -DLT_OBJDIR=\".libs/\" -DHAVE_ATTRIBUTE_MODE=1 -DHAVE___GMPN_ROOTREM=1 -DHAVE___GMPN_SBPI1_DIVAPPR_Q=1 -I. -I../.././../mpfr/mpfr-3.1.1/src   -I/home/sparksco/android/toolchain/aosp/build/temp-install/include  -Wall -Wmissing-prototypes -Wpointer-arith -g -O2 -MT cache.lo -MD -MP -MF .deps/cache.Tpo -c -o cache.lo ../.././../mpfr/mpfr-3.1.1/src/cache.c
/bin/bash ../libtool --tag=CC   --mode=compile gcc-4.7 -DTIME_WITH_SYS_TIME=1 -DHAVE_INTTYPES_H=1 -DHAVE_STDINT_H=1 -DHAVE_LOCALE_H=1 -DHAVE_WCHAR_H=1 -DHAVE_STDARG=1 -DHAVE_SYS_TIME_H=1 -DHAVE_ALLOCA_H=1 -DHAVE_STDINT_H=1 -DHAVE_VA_COPY=1 -DHAVE_SETLOCALE=1 -DHAVE_GETTIMEOFDAY=1 -DHAVE_LONG_LONG=1 -DHAVE_INTMAX_T=1 -DMPFR_HAVE_INTMAX_MAX=1 -DMPFR_HAVE_FESETROUND=1 -DHAVE_DENORMS=1 -DHAVE_ROUND=1 -DHAVE_TRUNC=1 -DHAVE_FLOOR=1 -DHAVE_CEIL=1 -DHAVE_NEARBYINT=1 -DHAVE_LDOUBLE_IEEE_EXT_LITTLE=1 -DMPFR_USE_THREAD_SAFE=1 -DLT_OBJDIR=\".libs/\" -DHAVE_ATTRIBUTE_MODE=1 -DHAVE___GMPN_ROOTREM=1 -DHAVE___GMPN_SBPI1_DIVAPPR_Q=1 -I. -I../.././../mpfr/mpfr-3.1.1/src   -I/home/sparksco/android/toolchain/aosp/build/temp-install/include  -Wall -Wmissing-prototypes -Wpointer-arith -g -O2 -MT sqr.lo -MD -MP -MF .deps/sqr.Tpo -c -o sqr.lo ../.././../mpfr/mpfr-3.1.1/src/sqr.c
mv -f .deps/set_sj.Tpo .deps/set_sj.Plo
libtool: compile:  gcc-4.7 -DTIME_WITH_SYS_TIME=1 -DHAVE_INTTYPES_H=1 -DHAVE_STDINT_H=1 -DHAVE_LOCALE_H=1 -DHAVE_WCHAR_H=1 -DHAVE_STDARG=1 -DHAVE_SYS_TIME_H=1 -DHAVE_ALLOCA_H=1 -DHAVE_STDINT_H=1 -DHAVE_VA_COPY=1 -DHAVE_SETLOCALE=1 -DHAVE_GETTIMEOFDAY=1 -DHAVE_LONG_LONG=1 -DHAVE_INTMAX_T=1 -DMPFR_HAVE_INTMAX_MAX=1 -DMPFR_HAVE_FESETROUND=1 -DHAVE_DENORMS=1 -DHAVE_ROUND=1 -DHAVE_TRUNC=1 -DHAVE_FLOOR=1 -DHAVE_CEIL=1 -DHAVE_NEARBYINT=1 -DHAVE_LDOUBLE_IEEE_EXT_LITTLE=1 -DMPFR_USE_THREAD_SAFE=1 -DLT_OBJDIR=\".libs/\" -DHAVE_ATTRIBUTE_MODE=1 -DHAVE___GMPN_ROOTREM=1 -DHAVE___GMPN_SBPI1_DIVAPPR_Q=1 -I. -I../.././../mpfr/mpfr-3.1.1/src -I/home/sparksco/android/toolchain/aosp/build/temp-install/include -Wall -Wmissing-prototypes -Wpointer-arith -g -O2 -MT get_z.lo -MD -MP -MF .deps/get_z.Tpo -c ../.././../mpfr/mpfr-3.1.1/src/get_z.c -o get_z.o
libtool: compile:  gcc-4.7 -DTIME_WITH_SYS_TIME=1 -DHAVE_INTTYPES_H=1 -DHAVE_STDINT_H=1 -DHAVE_LOCALE_H=1 -DHAVE_WCHAR_H=1 -DHAVE_STDARG=1 -DHAVE_SYS_TIME_H=1 -DHAVE_ALLOCA_H=1 -DHAVE_STDINT_H=1 -DHAVE_VA_COPY=1 -DHAVE_SETLOCALE=1 -DHAVE_GETTIMEOFDAY=1 -DHAVE_LONG_LONG=1 -DHAVE_INTMAX_T=1 -DMPFR_HAVE_INTMAX_MAX=1 -DMPFR_HAVE_FESETROUND=1 -DHAVE_DENORMS=1 -DHAVE_ROUND=1 -DHAVE_TRUNC=1 -DHAVE_FLOOR=1 -DHAVE_CEIL=1 -DHAVE_NEARBYINT=1 -DHAVE_LDOUBLE_IEEE_EXT_LITTLE=1 -DMPFR_USE_THREAD_SAFE=1 -DLT_OBJDIR=\".libs/\" -DHAVE_ATTRIBUTE_MODE=1 -DHAVE___GMPN_ROOTREM=1 -DHAVE___GMPN_SBPI1_DIVAPPR_Q=1 -I. -I../.././../mpfr/mpfr-3.1.1/src -I/home/sparksco/android/toolchain/aosp/build/temp-install/include -Wall -Wmissing-prototypes -Wpointer-arith -g -O2 -MT get_uj.lo -MD -MP -MF .deps/get_uj.Tpo -c ../.././../mpfr/mpfr-3.1.1/src/get_uj.c -o get_uj.o
mv -f .deps/set_si_2exp.Tpo .deps/set_si_2exp.Plo
/bin/bash ../libtool --tag=CC   --mode=compile gcc-4.7 -DTIME_WITH_SYS_TIME=1 -DHAVE_INTTYPES_H=1 -DHAVE_STDINT_H=1 -DHAVE_LOCALE_H=1 -DHAVE_WCHAR_H=1 -DHAVE_STDARG=1 -DHAVE_SYS_TIME_H=1 -DHAVE_ALLOCA_H=1 -DHAVE_STDINT_H=1 -DHAVE_VA_COPY=1 -DHAVE_SETLOCALE=1 -DHAVE_GETTIMEOFDAY=1 -DHAVE_LONG_LONG=1 -DHAVE_INTMAX_T=1 -DMPFR_HAVE_INTMAX_MAX=1 -DMPFR_HAVE_FESETROUND=1 -DHAVE_DENORMS=1 -DHAVE_ROUND=1 -DHAVE_TRUNC=1 -DHAVE_FLOOR=1 -DHAVE_CEIL=1 -DHAVE_NEARBYINT=1 -DHAVE_LDOUBLE_IEEE_EXT_LITTLE=1 -DMPFR_USE_THREAD_SAFE=1 -DLT_OBJDIR=\".libs/\" -DHAVE_ATTRIBUTE_MODE=1 -DHAVE___GMPN_ROOTREM=1 -DHAVE___GMPN_SBPI1_DIVAPPR_Q=1 -I. -I../.././../mpfr/mpfr-3.1.1/src   -I/home/sparksco/android/toolchain/aosp/build/temp-install/include  -Wall -Wmissing-prototypes -Wpointer-arith -g -O2 -MT int_ceil_log2.lo -MD -MP -MF .deps/int_ceil_log2.Tpo -c -o int_ceil_log2.lo ../.././../mpfr/mpfr-3.1.1/src/int_ceil_log2.c
libtool: compile:  gcc-4.7 -DTIME_WITH_SYS_TIME=1 -DHAVE_INTTYPES_H=1 -DHAVE_STDINT_H=1 -DHAVE_LOCALE_H=1 -DHAVE_WCHAR_H=1 -DHAVE_STDARG=1 -DHAVE_SYS_TIME_H=1 -DHAVE_ALLOCA_H=1 -DHAVE_STDINT_H=1 -DHAVE_VA_COPY=1 -DHAVE_SETLOCALE=1 -DHAVE_GETTIMEOFDAY=1 -DHAVE_LONG_LONG=1 -DHAVE_INTMAX_T=1 -DMPFR_HAVE_INTMAX_MAX=1 -DMPFR_HAVE_FESETROUND=1 -DHAVE_DENORMS=1 -DHAVE_ROUND=1 -DHAVE_TRUNC=1 -DHAVE_FLOOR=1 -DHAVE_CEIL=1 -DHAVE_NEARBYINT=1 -DHAVE_LDOUBLE_IEEE_EXT_LITTLE=1 -DMPFR_USE_THREAD_SAFE=1 -DLT_OBJDIR=\".libs/\" -DHAVE_ATTRIBUTE_MODE=1 -DHAVE___GMPN_ROOTREM=1 -DHAVE___GMPN_SBPI1_DIVAPPR_Q=1 -I. -I../.././../mpfr/mpfr-3.1.1/src -I/home/sparksco/android/toolchain/aosp/build/temp-install/include -Wall -Wmissing-prototypes -Wpointer-arith -g -O2 -MT iszero.lo -MD -MP -MF .deps/iszero.Tpo -c ../.././../mpfr/mpfr-3.1.1/src/iszero.c -o iszero.o
/bin/bash ../libtool --tag=CC   --mode=compile gcc-4.7 -DTIME_WITH_SYS_TIME=1 -DHAVE_INTTYPES_H=1 -DHAVE_STDINT_H=1 -DHAVE_LOCALE_H=1 -DHAVE_WCHAR_H=1 -DHAVE_STDARG=1 -DHAVE_SYS_TIME_H=1 -DHAVE_ALLOCA_H=1 -DHAVE_STDINT_H=1 -DHAVE_VA_COPY=1 -DHAVE_SETLOCALE=1 -DHAVE_GETTIMEOFDAY=1 -DHAVE_LONG_LONG=1 -DHAVE_INTMAX_T=1 -DMPFR_HAVE_INTMAX_MAX=1 -DMPFR_HAVE_FESETROUND=1 -DHAVE_DENORMS=1 -DHAVE_ROUND=1 -DHAVE_TRUNC=1 -DHAVE_FLOOR=1 -DHAVE_CEIL=1 -DHAVE_NEARBYINT=1 -DHAVE_LDOUBLE_IEEE_EXT_LITTLE=1 -DMPFR_USE_THREAD_SAFE=1 -DLT_OBJDIR=\".libs/\" -DHAVE_ATTRIBUTE_MODE=1 -DHAVE___GMPN_ROOTREM=1 -DHAVE___GMPN_SBPI1_DIVAPPR_Q=1 -I. -I../.././../mpfr/mpfr-3.1.1/src   -I/home/sparksco/android/toolchain/aosp/build/temp-install/include  -Wall -Wmissing-prototypes -Wpointer-arith -g -O2 -MT isqrt.lo -MD -MP -MF .deps/isqrt.Tpo -c -o isqrt.lo ../.././../mpfr/mpfr-3.1.1/src/isqrt.c
libtool: compile:  gcc-4.7 -DTIME_WITH_SYS_TIME=1 -DHAVE_INTTYPES_H=1 -DHAVE_STDINT_H=1 -DHAVE_LOCALE_H=1 -DHAVE_WCHAR_H=1 -DHAVE_STDARG=1 -DHAVE_SYS_TIME_H=1 -DHAVE_ALLOCA_H=1 -DHAVE_STDINT_H=1 -DHAVE_VA_COPY=1 -DHAVE_SETLOCALE=1 -DHAVE_GETTIMEOFDAY=1 -DHAVE_LONG_LONG=1 -DHAVE_INTMAX_T=1 -DMPFR_HAVE_INTMAX_MAX=1 -DMPFR_HAVE_FESETROUND=1 -DHAVE_DENORMS=1 -DHAVE_ROUND=1 -DHAVE_TRUNC=1 -DHAVE_FLOOR=1 -DHAVE_CEIL=1 -DHAVE_NEARBYINT=1 -DHAVE_LDOUBLE_IEEE_EXT_LITTLE=1 -DMPFR_USE_THREAD_SAFE=1 -DLT_OBJDIR=\".libs/\" -DHAVE_ATTRIBUTE_MODE=1 -DHAVE___GMPN_ROOTREM=1 -DHAVE___GMPN_SBPI1_DIVAPPR_Q=1 -I. -I../.././../mpfr/mpfr-3.1.1/src -I/home/sparksco/android/toolchain/aosp/build/temp-install/include -Wall -Wmissing-prototypes -Wpointer-arith -g -O2 -MT sqr.lo -MD -MP -MF .deps/sqr.Tpo -c ../.././../mpfr/mpfr-3.1.1/src/sqr.c -o sqr.o
libtool: compile:  gcc-4.7 -DTIME_WITH_SYS_TIME=1 -DHAVE_INTTYPES_H=1 -DHAVE_STDINT_H=1 -DHAVE_LOCALE_H=1 -DHAVE_WCHAR_H=1 -DHAVE_STDARG=1 -DHAVE_SYS_TIME_H=1 -DHAVE_ALLOCA_H=1 -DHAVE_STDINT_H=1 -DHAVE_VA_COPY=1 -DHAVE_SETLOCALE=1 -DHAVE_GETTIMEOFDAY=1 -DHAVE_LONG_LONG=1 -DHAVE_INTMAX_T=1 -DMPFR_HAVE_INTMAX_MAX=1 -DMPFR_HAVE_FESETROUND=1 -DHAVE_DENORMS=1 -DHAVE_ROUND=1 -DHAVE_TRUNC=1 -DHAVE_FLOOR=1 -DHAVE_CEIL=1 -DHAVE_NEARBYINT=1 -DHAVE_LDOUBLE_IEEE_EXT_LITTLE=1 -DMPFR_USE_THREAD_SAFE=1 -DLT_OBJDIR=\".libs/\" -DHAVE_ATTRIBUTE_MODE=1 -DHAVE___GMPN_ROOTREM=1 -DHAVE___GMPN_SBPI1_DIVAPPR_Q=1 -I. -I../.././../mpfr/mpfr-3.1.1/src -I/home/sparksco/android/toolchain/aosp/build/temp-install/include -Wall -Wmissing-prototypes -Wpointer-arith -g -O2 -MT cache.lo -MD -MP -MF .deps/cache.Tpo -c ../.././../mpfr/mpfr-3.1.1/src/cache.c -o cache.o
mv -f .deps/set_uj.Tpo .deps/set_uj.Plo
/bin/bash ../libtool --tag=CC   --mode=compile gcc-4.7 -DTIME_WITH_SYS_TIME=1 -DHAVE_INTTYPES_H=1 -DHAVE_STDINT_H=1 -DHAVE_LOCALE_H=1 -DHAVE_WCHAR_H=1 -DHAVE_STDARG=1 -DHAVE_SYS_TIME_H=1 -DHAVE_ALLOCA_H=1 -DHAVE_STDINT_H=1 -DHAVE_VA_COPY=1 -DHAVE_SETLOCALE=1 -DHAVE_GETTIMEOFDAY=1 -DHAVE_LONG_LONG=1 -DHAVE_INTMAX_T=1 -DMPFR_HAVE_INTMAX_MAX=1 -DMPFR_HAVE_FESETROUND=1 -DHAVE_DENORMS=1 -DHAVE_ROUND=1 -DHAVE_TRUNC=1 -DHAVE_FLOOR=1 -DHAVE_CEIL=1 -DHAVE_NEARBYINT=1 -DHAVE_LDOUBLE_IEEE_EXT_LITTLE=1 -DMPFR_USE_THREAD_SAFE=1 -DLT_OBJDIR=\".libs/\" -DHAVE_ATTRIBUTE_MODE=1 -DHAVE___GMPN_ROOTREM=1 -DHAVE___GMPN_SBPI1_DIVAPPR_Q=1 -I. -I../.././../mpfr/mpfr-3.1.1/src   -I/home/sparksco/android/toolchain/aosp/build/temp-install/include  -Wall -Wmissing-prototypes -Wpointer-arith -g -O2 -MT strtofr.lo -MD -MP -MF .deps/strtofr.Tpo -c -o strtofr.lo ../.././../mpfr/mpfr-3.1.1/src/strtofr.c
libtool: compile:  gcc-4.7 -DTIME_WITH_SYS_TIME=1 -DHAVE_INTTYPES_H=1 -DHAVE_STDINT_H=1 -DHAVE_LOCALE_H=1 -DHAVE_WCHAR_H=1 -DHAVE_STDARG=1 -DHAVE_SYS_TIME_H=1 -DHAVE_ALLOCA_H=1 -DHAVE_STDINT_H=1 -DHAVE_VA_COPY=1 -DHAVE_SETLOCALE=1 -DHAVE_GETTIMEOFDAY=1 -DHAVE_LONG_LONG=1 -DHAVE_INTMAX_T=1 -DMPFR_HAVE_INTMAX_MAX=1 -DMPFR_HAVE_FESETROUND=1 -DHAVE_DENORMS=1 -DHAVE_ROUND=1 -DHAVE_TRUNC=1 -DHAVE_FLOOR=1 -DHAVE_CEIL=1 -DHAVE_NEARBYINT=1 -DHAVE_LDOUBLE_IEEE_EXT_LITTLE=1 -DMPFR_USE_THREAD_SAFE=1 -DLT_OBJDIR=\".libs/\" -DHAVE_ATTRIBUTE_MODE=1 -DHAVE___GMPN_ROOTREM=1 -DHAVE___GMPN_SBPI1_DIVAPPR_Q=1 -I. -I../.././../mpfr/mpfr-3.1.1/src -I/home/sparksco/android/toolchain/aosp/build/temp-install/include -Wall -Wmissing-prototypes -Wpointer-arith -g -O2 -MT isqrt.lo -MD -MP -MF .deps/isqrt.Tpo -c ../.././../mpfr/mpfr-3.1.1/src/isqrt.c -o isqrt.o
libtool: compile:  gcc-4.7 -DTIME_WITH_SYS_TIME=1 -DHAVE_INTTYPES_H=1 -DHAVE_STDINT_H=1 -DHAVE_LOCALE_H=1 -DHAVE_WCHAR_H=1 -DHAVE_STDARG=1 -DHAVE_SYS_TIME_H=1 -DHAVE_ALLOCA_H=1 -DHAVE_STDINT_H=1 -DHAVE_VA_COPY=1 -DHAVE_SETLOCALE=1 -DHAVE_GETTIMEOFDAY=1 -DHAVE_LONG_LONG=1 -DHAVE_INTMAX_T=1 -DMPFR_HAVE_INTMAX_MAX=1 -DMPFR_HAVE_FESETROUND=1 -DHAVE_DENORMS=1 -DHAVE_ROUND=1 -DHAVE_TRUNC=1 -DHAVE_FLOOR=1 -DHAVE_CEIL=1 -DHAVE_NEARBYINT=1 -DHAVE_LDOUBLE_IEEE_EXT_LITTLE=1 -DMPFR_USE_THREAD_SAFE=1 -DLT_OBJDIR=\".libs/\" -DHAVE_ATTRIBUTE_MODE=1 -DHAVE___GMPN_ROOTREM=1 -DHAVE___GMPN_SBPI1_DIVAPPR_Q=1 -I. -I../.././../mpfr/mpfr-3.1.1/src -I/home/sparksco/android/toolchain/aosp/build/temp-install/include -Wall -Wmissing-prototypes -Wpointer-arith -g -O2 -MT int_ceil_log2.lo -MD -MP -MF .deps/int_ceil_log2.Tpo -c ../.././../mpfr/mpfr-3.1.1/src/int_ceil_log2.c -o int_ceil_log2.o
mv -f .deps/get_z.Tpo .deps/get_z.Plo
mv -f .deps/iszero.Tpo .deps/iszero.Plo
/bin/bash ../libtool --tag=CC   --mode=compile gcc-4.7 -DTIME_WITH_SYS_TIME=1 -DHAVE_INTTYPES_H=1 -DHAVE_STDINT_H=1 -DHAVE_LOCALE_H=1 -DHAVE_WCHAR_H=1 -DHAVE_STDARG=1 -DHAVE_SYS_TIME_H=1 -DHAVE_ALLOCA_H=1 -DHAVE_STDINT_H=1 -DHAVE_VA_COPY=1 -DHAVE_SETLOCALE=1 -DHAVE_GETTIMEOFDAY=1 -DHAVE_LONG_LONG=1 -DHAVE_INTMAX_T=1 -DMPFR_HAVE_INTMAX_MAX=1 -DMPFR_HAVE_FESETROUND=1 -DHAVE_DENORMS=1 -DHAVE_ROUND=1 -DHAVE_TRUNC=1 -DHAVE_FLOOR=1 -DHAVE_CEIL=1 -DHAVE_NEARBYINT=1 -DHAVE_LDOUBLE_IEEE_EXT_LITTLE=1 -DMPFR_USE_THREAD_SAFE=1 -DLT_OBJDIR=\".libs/\" -DHAVE_ATTRIBUTE_MODE=1 -DHAVE___GMPN_ROOTREM=1 -DHAVE___GMPN_SBPI1_DIVAPPR_Q=1 -I. -I../.././../mpfr/mpfr-3.1.1/src   -I/home/sparksco/android/toolchain/aosp/build/temp-install/include  -Wall -Wmissing-prototypes -Wpointer-arith -g -O2 -MT pow_z.lo -MD -MP -MF .deps/pow_z.Tpo -c -o pow_z.lo ../.././../mpfr/mpfr-3.1.1/src/pow_z.c
mv -f .deps/get_uj.Tpo .deps/get_uj.Plo
/bin/bash ../libtool --tag=CC   --mode=compile gcc-4.7 -DTIME_WITH_SYS_TIME=1 -DHAVE_INTTYPES_H=1 -DHAVE_STDINT_H=1 -DHAVE_LOCALE_H=1 -DHAVE_WCHAR_H=1 -DHAVE_STDARG=1 -DHAVE_SYS_TIME_H=1 -DHAVE_ALLOCA_H=1 -DHAVE_STDINT_H=1 -DHAVE_VA_COPY=1 -DHAVE_SETLOCALE=1 -DHAVE_GETTIMEOFDAY=1 -DHAVE_LONG_LONG=1 -DHAVE_INTMAX_T=1 -DMPFR_HAVE_INTMAX_MAX=1 -DMPFR_HAVE_FESETROUND=1 -DHAVE_DENORMS=1 -DHAVE_ROUND=1 -DHAVE_TRUNC=1 -DHAVE_FLOOR=1 -DHAVE_CEIL=1 -DHAVE_NEARBYINT=1 -DHAVE_LDOUBLE_IEEE_EXT_LITTLE=1 -DMPFR_USE_THREAD_SAFE=1 -DLT_OBJDIR=\".libs/\" -DHAVE_ATTRIBUTE_MODE=1 -DHAVE___GMPN_ROOTREM=1 -DHAVE___GMPN_SBPI1_DIVAPPR_Q=1 -I. -I../.././../mpfr/mpfr-3.1.1/src   -I/home/sparksco/android/toolchain/aosp/build/temp-install/include  -Wall -Wmissing-prototypes -Wpointer-arith -g -O2 -MT logging.lo -MD -MP -MF .deps/logging.Tpo -c -o logging.lo ../.././../mpfr/mpfr-3.1.1/src/logging.c
mv -f .deps/get_sj.Tpo .deps/get_sj.Plo
libtool: compile:  gcc-4.7 -DTIME_WITH_SYS_TIME=1 -DHAVE_INTTYPES_H=1 -DHAVE_STDINT_H=1 -DHAVE_LOCALE_H=1 -DHAVE_WCHAR_H=1 -DHAVE_STDARG=1 -DHAVE_SYS_TIME_H=1 -DHAVE_ALLOCA_H=1 -DHAVE_STDINT_H=1 -DHAVE_VA_COPY=1 -DHAVE_SETLOCALE=1 -DHAVE_GETTIMEOFDAY=1 -DHAVE_LONG_LONG=1 -DHAVE_INTMAX_T=1 -DMPFR_HAVE_INTMAX_MAX=1 -DMPFR_HAVE_FESETROUND=1 -DHAVE_DENORMS=1 -DHAVE_ROUND=1 -DHAVE_TRUNC=1 -DHAVE_FLOOR=1 -DHAVE_CEIL=1 -DHAVE_NEARBYINT=1 -DHAVE_LDOUBLE_IEEE_EXT_LITTLE=1 -DMPFR_USE_THREAD_SAFE=1 -DLT_OBJDIR=\".libs/\" -DHAVE_ATTRIBUTE_MODE=1 -DHAVE___GMPN_ROOTREM=1 -DHAVE___GMPN_SBPI1_DIVAPPR_Q=1 -I. -I../.././../mpfr/mpfr-3.1.1/src -I/home/sparksco/android/toolchain/aosp/build/temp-install/include -Wall -Wmissing-prototypes -Wpointer-arith -g -O2 -MT strtofr.lo -MD -MP -MF .deps/strtofr.Tpo -c ../.././../mpfr/mpfr-3.1.1/src/strtofr.c -o strtofr.o
/bin/bash ../libtool --tag=CC   --mode=compile gcc-4.7 -DTIME_WITH_SYS_TIME=1 -DHAVE_INTTYPES_H=1 -DHAVE_STDINT_H=1 -DHAVE_LOCALE_H=1 -DHAVE_WCHAR_H=1 -DHAVE_STDARG=1 -DHAVE_SYS_TIME_H=1 -DHAVE_ALLOCA_H=1 -DHAVE_STDINT_H=1 -DHAVE_VA_COPY=1 -DHAVE_SETLOCALE=1 -DHAVE_GETTIMEOFDAY=1 -DHAVE_LONG_LONG=1 -DHAVE_INTMAX_T=1 -DMPFR_HAVE_INTMAX_MAX=1 -DMPFR_HAVE_FESETROUND=1 -DHAVE_DENORMS=1 -DHAVE_ROUND=1 -DHAVE_TRUNC=1 -DHAVE_FLOOR=1 -DHAVE_CEIL=1 -DHAVE_NEARBYINT=1 -DHAVE_LDOUBLE_IEEE_EXT_LITTLE=1 -DMPFR_USE_THREAD_SAFE=1 -DLT_OBJDIR=\".libs/\" -DHAVE_ATTRIBUTE_MODE=1 -DHAVE___GMPN_ROOTREM=1 -DHAVE___GMPN_SBPI1_DIVAPPR_Q=1 -I. -I../.././../mpfr/mpfr-3.1.1/src   -I/home/sparksco/android/toolchain/aosp/build/temp-install/include  -Wall -Wmissing-prototypes -Wpointer-arith -g -O2 -MT mulders.lo -MD -MP -MF .deps/mulders.Tpo -c -o mulders.lo ../.././../mpfr/mpfr-3.1.1/src/mulders.c
/bin/bash ../libtool --tag=CC   --mode=compile gcc-4.7 -DTIME_WITH_SYS_TIME=1 -DHAVE_INTTYPES_H=1 -DHAVE_STDINT_H=1 -DHAVE_LOCALE_H=1 -DHAVE_WCHAR_H=1 -DHAVE_STDARG=1 -DHAVE_SYS_TIME_H=1 -DHAVE_ALLOCA_H=1 -DHAVE_STDINT_H=1 -DHAVE_VA_COPY=1 -DHAVE_SETLOCALE=1 -DHAVE_GETTIMEOFDAY=1 -DHAVE_LONG_LONG=1 -DHAVE_INTMAX_T=1 -DMPFR_HAVE_INTMAX_MAX=1 -DMPFR_HAVE_FESETROUND=1 -DHAVE_DENORMS=1 -DHAVE_ROUND=1 -DHAVE_TRUNC=1 -DHAVE_FLOOR=1 -DHAVE_CEIL=1 -DHAVE_NEARBYINT=1 -DHAVE_LDOUBLE_IEEE_EXT_LITTLE=1 -DMPFR_USE_THREAD_SAFE=1 -DLT_OBJDIR=\".libs/\" -DHAVE_ATTRIBUTE_MODE=1 -DHAVE___GMPN_ROOTREM=1 -DHAVE___GMPN_SBPI1_DIVAPPR_Q=1 -I. -I../.././../mpfr/mpfr-3.1.1/src   -I/home/sparksco/android/toolchain/aosp/build/temp-install/include  -Wall -Wmissing-prototypes -Wpointer-arith -g -O2 -MT get_f.lo -MD -MP -MF .deps/get_f.Tpo -c -o get_f.lo ../.././../mpfr/mpfr-3.1.1/src/get_f.c
mv -f .deps/sqr.Tpo .deps/sqr.Plo
/bin/bash ../libtool --tag=CC   --mode=compile gcc-4.7 -DTIME_WITH_SYS_TIME=1 -DHAVE_INTTYPES_H=1 -DHAVE_STDINT_H=1 -DHAVE_LOCALE_H=1 -DHAVE_WCHAR_H=1 -DHAVE_STDARG=1 -DHAVE_SYS_TIME_H=1 -DHAVE_ALLOCA_H=1 -DHAVE_STDINT_H=1 -DHAVE_VA_COPY=1 -DHAVE_SETLOCALE=1 -DHAVE_GETTIMEOFDAY=1 -DHAVE_LONG_LONG=1 -DHAVE_INTMAX_T=1 -DMPFR_HAVE_INTMAX_MAX=1 -DMPFR_HAVE_FESETROUND=1 -DHAVE_DENORMS=1 -DHAVE_ROUND=1 -DHAVE_TRUNC=1 -DHAVE_FLOOR=1 -DHAVE_CEIL=1 -DHAVE_NEARBYINT=1 -DHAVE_LDOUBLE_IEEE_EXT_LITTLE=1 -DMPFR_USE_THREAD_SAFE=1 -DLT_OBJDIR=\".libs/\" -DHAVE_ATTRIBUTE_MODE=1 -DHAVE___GMPN_ROOTREM=1 -DHAVE___GMPN_SBPI1_DIVAPPR_Q=1 -I. -I../.././../mpfr/mpfr-3.1.1/src   -I/home/sparksco/android/toolchain/aosp/build/temp-install/include  -Wall -Wmissing-prototypes -Wpointer-arith -g -O2 -MT round_p.lo -MD -MP -MF .deps/round_p.Tpo -c -o round_p.lo ../.././../mpfr/mpfr-3.1.1/src/round_p.c
libtool: compile:  gcc-4.7 -DTIME_WITH_SYS_TIME=1 -DHAVE_INTTYPES_H=1 -DHAVE_STDINT_H=1 -DHAVE_LOCALE_H=1 -DHAVE_WCHAR_H=1 -DHAVE_STDARG=1 -DHAVE_SYS_TIME_H=1 -DHAVE_ALLOCA_H=1 -DHAVE_STDINT_H=1 -DHAVE_VA_COPY=1 -DHAVE_SETLOCALE=1 -DHAVE_GETTIMEOFDAY=1 -DHAVE_LONG_LONG=1 -DHAVE_INTMAX_T=1 -DMPFR_HAVE_INTMAX_MAX=1 -DMPFR_HAVE_FESETROUND=1 -DHAVE_DENORMS=1 -DHAVE_ROUND=1 -DHAVE_TRUNC=1 -DHAVE_FLOOR=1 -DHAVE_CEIL=1 -DHAVE_NEARBYINT=1 -DHAVE_LDOUBLE_IEEE_EXT_LITTLE=1 -DMPFR_USE_THREAD_SAFE=1 -DLT_OBJDIR=\".libs/\" -DHAVE_ATTRIBUTE_MODE=1 -DHAVE___GMPN_ROOTREM=1 -DHAVE___GMPN_SBPI1_DIVAPPR_Q=1 -I. -I../.././../mpfr/mpfr-3.1.1/src -I/home/sparksco/android/toolchain/aosp/build/temp-install/include -Wall -Wmissing-prototypes -Wpointer-arith -g -O2 -MT get_f.lo -MD -MP -MF .deps/get_f.Tpo -c ../.././../mpfr/mpfr-3.1.1/src/get_f.c -o get_f.o
mv -f .deps/int_ceil_log2.Tpo .deps/int_ceil_log2.Plo
libtool: compile:  gcc-4.7 -DTIME_WITH_SYS_TIME=1 -DHAVE_INTTYPES_H=1 -DHAVE_STDINT_H=1 -DHAVE_LOCALE_H=1 -DHAVE_WCHAR_H=1 -DHAVE_STDARG=1 -DHAVE_SYS_TIME_H=1 -DHAVE_ALLOCA_H=1 -DHAVE_STDINT_H=1 -DHAVE_VA_COPY=1 -DHAVE_SETLOCALE=1 -DHAVE_GETTIMEOFDAY=1 -DHAVE_LONG_LONG=1 -DHAVE_INTMAX_T=1 -DMPFR_HAVE_INTMAX_MAX=1 -DMPFR_HAVE_FESETROUND=1 -DHAVE_DENORMS=1 -DHAVE_ROUND=1 -DHAVE_TRUNC=1 -DHAVE_FLOOR=1 -DHAVE_CEIL=1 -DHAVE_NEARBYINT=1 -DHAVE_LDOUBLE_IEEE_EXT_LITTLE=1 -DMPFR_USE_THREAD_SAFE=1 -DLT_OBJDIR=\".libs/\" -DHAVE_ATTRIBUTE_MODE=1 -DHAVE___GMPN_ROOTREM=1 -DHAVE___GMPN_SBPI1_DIVAPPR_Q=1 -I. -I../.././../mpfr/mpfr-3.1.1/src -I/home/sparksco/android/toolchain/aosp/build/temp-install/include -Wall -Wmissing-prototypes -Wpointer-arith -g -O2 -MT logging.lo -MD -MP -MF .deps/logging.Tpo -c ../.././../mpfr/mpfr-3.1.1/src/logging.c -o logging.o
/bin/bash ../libtool --tag=CC   --mode=compile gcc-4.7 -DTIME_WITH_SYS_TIME=1 -DHAVE_INTTYPES_H=1 -DHAVE_STDINT_H=1 -DHAVE_LOCALE_H=1 -DHAVE_WCHAR_H=1 -DHAVE_STDARG=1 -DHAVE_SYS_TIME_H=1 -DHAVE_ALLOCA_H=1 -DHAVE_STDINT_H=1 -DHAVE_VA_COPY=1 -DHAVE_SETLOCALE=1 -DHAVE_GETTIMEOFDAY=1 -DHAVE_LONG_LONG=1 -DHAVE_INTMAX_T=1 -DMPFR_HAVE_INTMAX_MAX=1 -DMPFR_HAVE_FESETROUND=1 -DHAVE_DENORMS=1 -DHAVE_ROUND=1 -DHAVE_TRUNC=1 -DHAVE_FLOOR=1 -DHAVE_CEIL=1 -DHAVE_NEARBYINT=1 -DHAVE_LDOUBLE_IEEE_EXT_LITTLE=1 -DMPFR_USE_THREAD_SAFE=1 -DLT_OBJDIR=\".libs/\" -DHAVE_ATTRIBUTE_MODE=1 -DHAVE___GMPN_ROOTREM=1 -DHAVE___GMPN_SBPI1_DIVAPPR_Q=1 -I. -I../.././../mpfr/mpfr-3.1.1/src   -I/home/sparksco/android/toolchain/aosp/build/temp-install/include  -Wall -Wmissing-prototypes -Wpointer-arith -g -O2 -MT erfc.lo -MD -MP -MF .deps/erfc.Tpo -c -o erfc.lo ../.././../mpfr/mpfr-3.1.1/src/erfc.c
libtool: compile:  gcc-4.7 -DTIME_WITH_SYS_TIME=1 -DHAVE_INTTYPES_H=1 -DHAVE_STDINT_H=1 -DHAVE_LOCALE_H=1 -DHAVE_WCHAR_H=1 -DHAVE_STDARG=1 -DHAVE_SYS_TIME_H=1 -DHAVE_ALLOCA_H=1 -DHAVE_STDINT_H=1 -DHAVE_VA_COPY=1 -DHAVE_SETLOCALE=1 -DHAVE_GETTIMEOFDAY=1 -DHAVE_LONG_LONG=1 -DHAVE_INTMAX_T=1 -DMPFR_HAVE_INTMAX_MAX=1 -DMPFR_HAVE_FESETROUND=1 -DHAVE_DENORMS=1 -DHAVE_ROUND=1 -DHAVE_TRUNC=1 -DHAVE_FLOOR=1 -DHAVE_CEIL=1 -DHAVE_NEARBYINT=1 -DHAVE_LDOUBLE_IEEE_EXT_LITTLE=1 -DMPFR_USE_THREAD_SAFE=1 -DLT_OBJDIR=\".libs/\" -DHAVE_ATTRIBUTE_MODE=1 -DHAVE___GMPN_ROOTREM=1 -DHAVE___GMPN_SBPI1_DIVAPPR_Q=1 -I. -I../.././../mpfr/mpfr-3.1.1/src -I/home/sparksco/android/toolchain/aosp/build/temp-install/include -Wall -Wmissing-prototypes -Wpointer-arith -g -O2 -MT pow_z.lo -MD -MP -MF .deps/pow_z.Tpo -c ../.././../mpfr/mpfr-3.1.1/src/pow_z.c -o pow_z.o
mv -f .deps/isqrt.Tpo .deps/isqrt.Plo
libtool: compile:  gcc-4.7 -DTIME_WITH_SYS_TIME=1 -DHAVE_INTTYPES_H=1 -DHAVE_STDINT_H=1 -DHAVE_LOCALE_H=1 -DHAVE_WCHAR_H=1 -DHAVE_STDARG=1 -DHAVE_SYS_TIME_H=1 -DHAVE_ALLOCA_H=1 -DHAVE_STDINT_H=1 -DHAVE_VA_COPY=1 -DHAVE_SETLOCALE=1 -DHAVE_GETTIMEOFDAY=1 -DHAVE_LONG_LONG=1 -DHAVE_INTMAX_T=1 -DMPFR_HAVE_INTMAX_MAX=1 -DMPFR_HAVE_FESETROUND=1 -DHAVE_DENORMS=1 -DHAVE_ROUND=1 -DHAVE_TRUNC=1 -DHAVE_FLOOR=1 -DHAVE_CEIL=1 -DHAVE_NEARBYINT=1 -DHAVE_LDOUBLE_IEEE_EXT_LITTLE=1 -DMPFR_USE_THREAD_SAFE=1 -DLT_OBJDIR=\".libs/\" -DHAVE_ATTRIBUTE_MODE=1 -DHAVE___GMPN_ROOTREM=1 -DHAVE___GMPN_SBPI1_DIVAPPR_Q=1 -I. -I../.././../mpfr/mpfr-3.1.1/src -I/home/sparksco/android/toolchain/aosp/build/temp-install/include -Wall -Wmissing-prototypes -Wpointer-arith -g -O2 -MT mulders.lo -MD -MP -MF .deps/mulders.Tpo -c ../.././../mpfr/mpfr-3.1.1/src/mulders.c -o mulders.o
/bin/bash ../libtool --tag=CC   --mode=compile gcc-4.7 -DTIME_WITH_SYS_TIME=1 -DHAVE_INTTYPES_H=1 -DHAVE_STDINT_H=1 -DHAVE_LOCALE_H=1 -DHAVE_WCHAR_H=1 -DHAVE_STDARG=1 -DHAVE_SYS_TIME_H=1 -DHAVE_ALLOCA_H=1 -DHAVE_STDINT_H=1 -DHAVE_VA_COPY=1 -DHAVE_SETLOCALE=1 -DHAVE_GETTIMEOFDAY=1 -DHAVE_LONG_LONG=1 -DHAVE_INTMAX_T=1 -DMPFR_HAVE_INTMAX_MAX=1 -DMPFR_HAVE_FESETROUND=1 -DHAVE_DENORMS=1 -DHAVE_ROUND=1 -DHAVE_TRUNC=1 -DHAVE_FLOOR=1 -DHAVE_CEIL=1 -DHAVE_NEARBYINT=1 -DHAVE_LDOUBLE_IEEE_EXT_LITTLE=1 -DMPFR_USE_THREAD_SAFE=1 -DLT_OBJDIR=\".libs/\" -DHAVE_ATTRIBUTE_MODE=1 -DHAVE___GMPN_ROOTREM=1 -DHAVE___GMPN_SBPI1_DIVAPPR_Q=1 -I. -I../.././../mpfr/mpfr-3.1.1/src   -I/home/sparksco/android/toolchain/aosp/build/temp-install/include  -Wall -Wmissing-prototypes -Wpointer-arith -g -O2 -MT atan2.lo -MD -MP -MF .deps/atan2.Tpo -c -o atan2.lo ../.././../mpfr/mpfr-3.1.1/src/atan2.c
libtool: compile:  gcc-4.7 -DTIME_WITH_SYS_TIME=1 -DHAVE_INTTYPES_H=1 -DHAVE_STDINT_H=1 -DHAVE_LOCALE_H=1 -DHAVE_WCHAR_H=1 -DHAVE_STDARG=1 -DHAVE_SYS_TIME_H=1 -DHAVE_ALLOCA_H=1 -DHAVE_STDINT_H=1 -DHAVE_VA_COPY=1 -DHAVE_SETLOCALE=1 -DHAVE_GETTIMEOFDAY=1 -DHAVE_LONG_LONG=1 -DHAVE_INTMAX_T=1 -DMPFR_HAVE_INTMAX_MAX=1 -DMPFR_HAVE_FESETROUND=1 -DHAVE_DENORMS=1 -DHAVE_ROUND=1 -DHAVE_TRUNC=1 -DHAVE_FLOOR=1 -DHAVE_CEIL=1 -DHAVE_NEARBYINT=1 -DHAVE_LDOUBLE_IEEE_EXT_LITTLE=1 -DMPFR_USE_THREAD_SAFE=1 -DLT_OBJDIR=\".libs/\" -DHAVE_ATTRIBUTE_MODE=1 -DHAVE___GMPN_ROOTREM=1 -DHAVE___GMPN_SBPI1_DIVAPPR_Q=1 -I. -I../.././../mpfr/mpfr-3.1.1/src -I/home/sparksco/android/toolchain/aosp/build/temp-install/include -Wall -Wmissing-prototypes -Wpointer-arith -g -O2 -MT round_p.lo -MD -MP -MF .deps/round_p.Tpo -c ../.././../mpfr/mpfr-3.1.1/src/round_p.c -o round_p.o
yes
mv -f .deps/cache.Tpo .deps/cache.Plo
/bin/bash ../libtool --tag=CC   --mode=compile gcc-4.7 -DTIME_WITH_SYS_TIME=1 -DHAVE_INTTYPES_H=1 -DHAVE_STDINT_H=1 -DHAVE_LOCALE_H=1 -DHAVE_WCHAR_H=1 -DHAVE_STDARG=1 -DHAVE_SYS_TIME_H=1 -DHAVE_ALLOCA_H=1 -DHAVE_STDINT_H=1 -DHAVE_VA_COPY=1 -DHAVE_SETLOCALE=1 -DHAVE_GETTIMEOFDAY=1 -DHAVE_LONG_LONG=1 -DHAVE_INTMAX_T=1 -DMPFR_HAVE_INTMAX_MAX=1 -DMPFR_HAVE_FESETROUND=1 -DHAVE_DENORMS=1 -DHAVE_ROUND=1 -DHAVE_TRUNC=1 -DHAVE_FLOOR=1 -DHAVE_CEIL=1 -DHAVE_NEARBYINT=1 -DHAVE_LDOUBLE_IEEE_EXT_LITTLE=1 -DMPFR_USE_THREAD_SAFE=1 -DLT_OBJDIR=\".libs/\" -DHAVE_ATTRIBUTE_MODE=1 -DHAVE___GMPN_ROOTREM=1 -DHAVE___GMPN_SBPI1_DIVAPPR_Q=1 -I. -I../.././../mpfr/mpfr-3.1.1/src   -I/home/sparksco/android/toolchain/aosp/build/temp-install/include  -Wall -Wmissing-prototypes -Wpointer-arith -g -O2 -MT subnormal.lo -MD -MP -MF .deps/subnormal.Tpo -c -o subnormal.lo ../.././../mpfr/mpfr-3.1.1/src/subnormal.c
libtool: compile:  gcc-4.7 -DTIME_WITH_SYS_TIME=1 -DHAVE_INTTYPES_H=1 -DHAVE_STDINT_H=1 -DHAVE_LOCALE_H=1 -DHAVE_WCHAR_H=1 -DHAVE_STDARG=1 -DHAVE_SYS_TIME_H=1 -DHAVE_ALLOCA_H=1 -DHAVE_STDINT_H=1 -DHAVE_VA_COPY=1 -DHAVE_SETLOCALE=1 -DHAVE_GETTIMEOFDAY=1 -DHAVE_LONG_LONG=1 -DHAVE_INTMAX_T=1 -DMPFR_HAVE_INTMAX_MAX=1 -DMPFR_HAVE_FESETROUND=1 -DHAVE_DENORMS=1 -DHAVE_ROUND=1 -DHAVE_TRUNC=1 -DHAVE_FLOOR=1 -DHAVE_CEIL=1 -DHAVE_NEARBYINT=1 -DHAVE_LDOUBLE_IEEE_EXT_LITTLE=1 -DMPFR_USE_THREAD_SAFE=1 -DLT_OBJDIR=\".libs/\" -DHAVE_ATTRIBUTE_MODE=1 -DHAVE___GMPN_ROOTREM=1 -DHAVE___GMPN_SBPI1_DIVAPPR_Q=1 -I. -I../.././../mpfr/mpfr-3.1.1/src -I/home/sparksco/android/toolchain/aosp/build/temp-install/include -Wall -Wmissing-prototypes -Wpointer-arith -g -O2 -MT erfc.lo -MD -MP -MF .deps/erfc.Tpo -c ../.././../mpfr/mpfr-3.1.1/src/erfc.c -o erfc.o
checking for a thread-safe mkdir -p... /bin/mkdir -p
checking for gawk... gawk
checking whether make sets $(MAKE)... mv -f .deps/logging.Tpo .deps/logging.Plo
/bin/bash ../libtool --tag=CC   --mode=compile gcc-4.7 -DTIME_WITH_SYS_TIME=1 -DHAVE_INTTYPES_H=1 -DHAVE_STDINT_H=1 -DHAVE_LOCALE_H=1 -DHAVE_WCHAR_H=1 -DHAVE_STDARG=1 -DHAVE_SYS_TIME_H=1 -DHAVE_ALLOCA_H=1 -DHAVE_STDINT_H=1 -DHAVE_VA_COPY=1 -DHAVE_SETLOCALE=1 -DHAVE_GETTIMEOFDAY=1 -DHAVE_LONG_LONG=1 -DHAVE_INTMAX_T=1 -DMPFR_HAVE_INTMAX_MAX=1 -DMPFR_HAVE_FESETROUND=1 -DHAVE_DENORMS=1 -DHAVE_ROUND=1 -DHAVE_TRUNC=1 -DHAVE_FLOOR=1 -DHAVE_CEIL=1 -DHAVE_NEARBYINT=1 -DHAVE_LDOUBLE_IEEE_EXT_LITTLE=1 -DMPFR_USE_THREAD_SAFE=1 -DLT_OBJDIR=\".libs/\" -DHAVE_ATTRIBUTE_MODE=1 -DHAVE___GMPN_ROOTREM=1 -DHAVE___GMPN_SBPI1_DIVAPPR_Q=1 -I. -I../.././../mpfr/mpfr-3.1.1/src   -I/home/sparksco/android/toolchain/aosp/build/temp-install/include  -Wall -Wmissing-prototypes -Wpointer-arith -g -O2 -MT const_catalan.lo -MD -MP -MF .deps/const_catalan.Tpo -c -o const_catalan.lo ../.././../mpfr/mpfr-3.1.1/src/const_catalan.c
yes
checking for style of include used by make... mv -f .deps/get_f.Tpo .deps/get_f.Plo
GNU
libtool: compile:  gcc-4.7 -DTIME_WITH_SYS_TIME=1 -DHAVE_INTTYPES_H=1 -DHAVE_STDINT_H=1 -DHAVE_LOCALE_H=1 -DHAVE_WCHAR_H=1 -DHAVE_STDARG=1 -DHAVE_SYS_TIME_H=1 -DHAVE_ALLOCA_H=1 -DHAVE_STDINT_H=1 -DHAVE_VA_COPY=1 -DHAVE_SETLOCALE=1 -DHAVE_GETTIMEOFDAY=1 -DHAVE_LONG_LONG=1 -DHAVE_INTMAX_T=1 -DMPFR_HAVE_INTMAX_MAX=1 -DMPFR_HAVE_FESETROUND=1 -DHAVE_DENORMS=1 -DHAVE_ROUND=1 -DHAVE_TRUNC=1 -DHAVE_FLOOR=1 -DHAVE_CEIL=1 -DHAVE_NEARBYINT=1 -DHAVE_LDOUBLE_IEEE_EXT_LITTLE=1 -DMPFR_USE_THREAD_SAFE=1 -DLT_OBJDIR=\".libs/\" -DHAVE_ATTRIBUTE_MODE=1 -DHAVE___GMPN_ROOTREM=1 -DHAVE___GMPN_SBPI1_DIVAPPR_Q=1 -I. -I../.././../mpfr/mpfr-3.1.1/src -I/home/sparksco/android/toolchain/aosp/build/temp-install/include -Wall -Wmissing-prototypes -Wpointer-arith -g -O2 -MT subnormal.lo -MD -MP -MF .deps/subnormal.Tpo -c ../.././../mpfr/mpfr-3.1.1/src/subnormal.c -o subnormal.o
/bin/bash ../libtool --tag=CC   --mode=compile gcc-4.7 -DTIME_WITH_SYS_TIME=1 -DHAVE_INTTYPES_H=1 -DHAVE_STDINT_H=1 -DHAVE_LOCALE_H=1 -DHAVE_WCHAR_H=1 -DHAVE_STDARG=1 -DHAVE_SYS_TIME_H=1 -DHAVE_ALLOCA_H=1 -DHAVE_STDINT_H=1 -DHAVE_VA_COPY=1 -DHAVE_SETLOCALE=1 -DHAVE_GETTIMEOFDAY=1 -DHAVE_LONG_LONG=1 -DHAVE_INTMAX_T=1 -DMPFR_HAVE_INTMAX_MAX=1 -DMPFR_HAVE_FESETROUND=1 -DHAVE_DENORMS=1 -DHAVE_ROUND=1 -DHAVE_TRUNC=1 -DHAVE_FLOOR=1 -DHAVE_CEIL=1 -DHAVE_NEARBYINT=1 -DHAVE_LDOUBLE_IEEE_EXT_LITTLE=1 -DMPFR_USE_THREAD_SAFE=1 -DLT_OBJDIR=\".libs/\" -DHAVE_ATTRIBUTE_MODE=1 -DHAVE___GMPN_ROOTREM=1 -DHAVE___GMPN_SBPI1_DIVAPPR_Q=1 -I. -I../.././../mpfr/mpfr-3.1.1/src   -I/home/sparksco/android/toolchain/aosp/build/temp-install/include  -Wall -Wmissing-prototypes -Wpointer-arith -g -O2 -MT root.lo -MD -MP -MF .deps/root.Tpo -c -o root.lo ../.././../mpfr/mpfr-3.1.1/src/root.c
libtool: compile:  gcc-4.7 -DTIME_WITH_SYS_TIME=1 -DHAVE_INTTYPES_H=1 -DHAVE_STDINT_H=1 -DHAVE_LOCALE_H=1 -DHAVE_WCHAR_H=1 -DHAVE_STDARG=1 -DHAVE_SYS_TIME_H=1 -DHAVE_ALLOCA_H=1 -DHAVE_STDINT_H=1 -DHAVE_VA_COPY=1 -DHAVE_SETLOCALE=1 -DHAVE_GETTIMEOFDAY=1 -DHAVE_LONG_LONG=1 -DHAVE_INTMAX_T=1 -DMPFR_HAVE_INTMAX_MAX=1 -DMPFR_HAVE_FESETROUND=1 -DHAVE_DENORMS=1 -DHAVE_ROUND=1 -DHAVE_TRUNC=1 -DHAVE_FLOOR=1 -DHAVE_CEIL=1 -DHAVE_NEARBYINT=1 -DHAVE_LDOUBLE_IEEE_EXT_LITTLE=1 -DMPFR_USE_THREAD_SAFE=1 -DLT_OBJDIR=\".libs/\" -DHAVE_ATTRIBUTE_MODE=1 -DHAVE___GMPN_ROOTREM=1 -DHAVE___GMPN_SBPI1_DIVAPPR_Q=1 -I. -I../.././../mpfr/mpfr-3.1.1/src -I/home/sparksco/android/toolchain/aosp/build/temp-install/include -Wall -Wmissing-prototypes -Wpointer-arith -g -O2 -MT atan2.lo -MD -MP -MF .deps/atan2.Tpo -c ../.././../mpfr/mpfr-3.1.1/src/atan2.c -o atan2.o
checking dependency style of gcc-4.7... libtool: compile:  gcc-4.7 -DTIME_WITH_SYS_TIME=1 -DHAVE_INTTYPES_H=1 -DHAVE_STDINT_H=1 -DHAVE_LOCALE_H=1 -DHAVE_WCHAR_H=1 -DHAVE_STDARG=1 -DHAVE_SYS_TIME_H=1 -DHAVE_ALLOCA_H=1 -DHAVE_STDINT_H=1 -DHAVE_VA_COPY=1 -DHAVE_SETLOCALE=1 -DHAVE_GETTIMEOFDAY=1 -DHAVE_LONG_LONG=1 -DHAVE_INTMAX_T=1 -DMPFR_HAVE_INTMAX_MAX=1 -DMPFR_HAVE_FESETROUND=1 -DHAVE_DENORMS=1 -DHAVE_ROUND=1 -DHAVE_TRUNC=1 -DHAVE_FLOOR=1 -DHAVE_CEIL=1 -DHAVE_NEARBYINT=1 -DHAVE_LDOUBLE_IEEE_EXT_LITTLE=1 -DMPFR_USE_THREAD_SAFE=1 -DLT_OBJDIR=\".libs/\" -DHAVE_ATTRIBUTE_MODE=1 -DHAVE___GMPN_ROOTREM=1 -DHAVE___GMPN_SBPI1_DIVAPPR_Q=1 -I. -I../.././../mpfr/mpfr-3.1.1/src -I/home/sparksco/android/toolchain/aosp/build/temp-install/include -Wall -Wmissing-prototypes -Wpointer-arith -g -O2 -MT const_catalan.lo -MD -MP -MF .deps/const_catalan.Tpo -c ../.././../mpfr/mpfr-3.1.1/src/const_catalan.c -o const_catalan.o
mv -f .deps/round_p.Tpo .deps/round_p.Plo
/bin/bash ../libtool --tag=CC   --mode=compile gcc-4.7 -DTIME_WITH_SYS_TIME=1 -DHAVE_INTTYPES_H=1 -DHAVE_STDINT_H=1 -DHAVE_LOCALE_H=1 -DHAVE_WCHAR_H=1 -DHAVE_STDARG=1 -DHAVE_SYS_TIME_H=1 -DHAVE_ALLOCA_H=1 -DHAVE_STDINT_H=1 -DHAVE_VA_COPY=1 -DHAVE_SETLOCALE=1 -DHAVE_GETTIMEOFDAY=1 -DHAVE_LONG_LONG=1 -DHAVE_INTMAX_T=1 -DMPFR_HAVE_INTMAX_MAX=1 -DMPFR_HAVE_FESETROUND=1 -DHAVE_DENORMS=1 -DHAVE_ROUND=1 -DHAVE_TRUNC=1 -DHAVE_FLOOR=1 -DHAVE_CEIL=1 -DHAVE_NEARBYINT=1 -DHAVE_LDOUBLE_IEEE_EXT_LITTLE=1 -DMPFR_USE_THREAD_SAFE=1 -DLT_OBJDIR=\".libs/\" -DHAVE_ATTRIBUTE_MODE=1 -DHAVE___GMPN_ROOTREM=1 -DHAVE___GMPN_SBPI1_DIVAPPR_Q=1 -I. -I../.././../mpfr/mpfr-3.1.1/src   -I/home/sparksco/android/toolchain/aosp/build/temp-install/include  -Wall -Wmissing-prototypes -Wpointer-arith -g -O2 -MT sec.lo -MD -MP -MF .deps/sec.Tpo -c -o sec.lo ../.././../mpfr/mpfr-3.1.1/src/sec.c
libtool: compile:  gcc-4.7 -DTIME_WITH_SYS_TIME=1 -DHAVE_INTTYPES_H=1 -DHAVE_STDINT_H=1 -DHAVE_LOCALE_H=1 -DHAVE_WCHAR_H=1 -DHAVE_STDARG=1 -DHAVE_SYS_TIME_H=1 -DHAVE_ALLOCA_H=1 -DHAVE_STDINT_H=1 -DHAVE_VA_COPY=1 -DHAVE_SETLOCALE=1 -DHAVE_GETTIMEOFDAY=1 -DHAVE_LONG_LONG=1 -DHAVE_INTMAX_T=1 -DMPFR_HAVE_INTMAX_MAX=1 -DMPFR_HAVE_FESETROUND=1 -DHAVE_DENORMS=1 -DHAVE_ROUND=1 -DHAVE_TRUNC=1 -DHAVE_FLOOR=1 -DHAVE_CEIL=1 -DHAVE_NEARBYINT=1 -DHAVE_LDOUBLE_IEEE_EXT_LITTLE=1 -DMPFR_USE_THREAD_SAFE=1 -DLT_OBJDIR=\".libs/\" -DHAVE_ATTRIBUTE_MODE=1 -DHAVE___GMPN_ROOTREM=1 -DHAVE___GMPN_SBPI1_DIVAPPR_Q=1 -I. -I../.././../mpfr/mpfr-3.1.1/src -I/home/sparksco/android/toolchain/aosp/build/temp-install/include -Wall -Wmissing-prototypes -Wpointer-arith -g -O2 -MT root.lo -MD -MP -MF .deps/root.Tpo -c ../.././../mpfr/mpfr-3.1.1/src/root.c -o root.o
libtool: compile:  gcc-4.7 -DTIME_WITH_SYS_TIME=1 -DHAVE_INTTYPES_H=1 -DHAVE_STDINT_H=1 -DHAVE_LOCALE_H=1 -DHAVE_WCHAR_H=1 -DHAVE_STDARG=1 -DHAVE_SYS_TIME_H=1 -DHAVE_ALLOCA_H=1 -DHAVE_STDINT_H=1 -DHAVE_VA_COPY=1 -DHAVE_SETLOCALE=1 -DHAVE_GETTIMEOFDAY=1 -DHAVE_LONG_LONG=1 -DHAVE_INTMAX_T=1 -DMPFR_HAVE_INTMAX_MAX=1 -DMPFR_HAVE_FESETROUND=1 -DHAVE_DENORMS=1 -DHAVE_ROUND=1 -DHAVE_TRUNC=1 -DHAVE_FLOOR=1 -DHAVE_CEIL=1 -DHAVE_NEARBYINT=1 -DHAVE_LDOUBLE_IEEE_EXT_LITTLE=1 -DMPFR_USE_THREAD_SAFE=1 -DLT_OBJDIR=\".libs/\" -DHAVE_ATTRIBUTE_MODE=1 -DHAVE___GMPN_ROOTREM=1 -DHAVE___GMPN_SBPI1_DIVAPPR_Q=1 -I. -I../.././../mpfr/mpfr-3.1.1/src -I/home/sparksco/android/toolchain/aosp/build/temp-install/include -Wall -Wmissing-prototypes -Wpointer-arith -g -O2 -MT sec.lo -MD -MP -MF .deps/sec.Tpo -c ../.././../mpfr/mpfr-3.1.1/src/sec.c -o sec.o
mv -f .deps/pow_z.Tpo .deps/pow_z.Plo
/bin/bash ../libtool --tag=CC   --mode=compile gcc-4.7 -DTIME_WITH_SYS_TIME=1 -DHAVE_INTTYPES_H=1 -DHAVE_STDINT_H=1 -DHAVE_LOCALE_H=1 -DHAVE_WCHAR_H=1 -DHAVE_STDARG=1 -DHAVE_SYS_TIME_H=1 -DHAVE_ALLOCA_H=1 -DHAVE_STDINT_H=1 -DHAVE_VA_COPY=1 -DHAVE_SETLOCALE=1 -DHAVE_GETTIMEOFDAY=1 -DHAVE_LONG_LONG=1 -DHAVE_INTMAX_T=1 -DMPFR_HAVE_INTMAX_MAX=1 -DMPFR_HAVE_FESETROUND=1 -DHAVE_DENORMS=1 -DHAVE_ROUND=1 -DHAVE_TRUNC=1 -DHAVE_FLOOR=1 -DHAVE_CEIL=1 -DHAVE_NEARBYINT=1 -DHAVE_LDOUBLE_IEEE_EXT_LITTLE=1 -DMPFR_USE_THREAD_SAFE=1 -DLT_OBJDIR=\".libs/\" -DHAVE_ATTRIBUTE_MODE=1 -DHAVE___GMPN_ROOTREM=1 -DHAVE___GMPN_SBPI1_DIVAPPR_Q=1 -I. -I../.././../mpfr/mpfr-3.1.1/src   -I/home/sparksco/android/toolchain/aosp/build/temp-install/include  -Wall -Wmissing-prototypes -Wpointer-arith -g -O2 -MT csc.lo -MD -MP -MF .deps/csc.Tpo -c -o csc.lo ../.././../mpfr/mpfr-3.1.1/src/csc.c
mv -f .deps/erfc.Tpo .deps/erfc.Plo
gcc3
checking whether ln -s works... yes
checking for x86_64-linux-gnu-ranlib... ranlib
mv -f .deps/mulders.Tpo .deps/mulders.Plo
checking for x86_64-linux-gnu-ar... ar
mv -f .deps/const_catalan.Tpo .deps/const_catalan.Plo
/bin/bash ../libtool --tag=CC   --mode=compile gcc-4.7 -DTIME_WITH_SYS_TIME=1 -DHAVE_INTTYPES_H=1 -DHAVE_STDINT_H=1 -DHAVE_LOCALE_H=1 -DHAVE_WCHAR_H=1 -DHAVE_STDARG=1 -DHAVE_SYS_TIME_H=1 -DHAVE_ALLOCA_H=1 -DHAVE_STDINT_H=1 -DHAVE_VA_COPY=1 -DHAVE_SETLOCALE=1 -DHAVE_GETTIMEOFDAY=1 -DHAVE_LONG_LONG=1 -DHAVE_INTMAX_T=1 -DMPFR_HAVE_INTMAX_MAX=1 -DMPFR_HAVE_FESETROUND=1 -DHAVE_DENORMS=1 -DHAVE_ROUND=1 -DHAVE_TRUNC=1 -DHAVE_FLOOR=1 -DHAVE_CEIL=1 -DHAVE_NEARBYINT=1 -DHAVE_LDOUBLE_IEEE_EXT_LITTLE=1 -DMPFR_USE_THREAD_SAFE=1 -DLT_OBJDIR=\".libs/\" -DHAVE_ATTRIBUTE_MODE=1 -DHAVE___GMPN_ROOTREM=1 -DHAVE___GMPN_SBPI1_DIVAPPR_Q=1 -I. -I../.././../mpfr/mpfr-3.1.1/src   -I/home/sparksco/android/toolchain/aosp/build/temp-install/include  -Wall -Wmissing-prototypes -Wpointer-arith -g -O2 -MT cot.lo -MD -MP -MF .deps/cot.Tpo -c -o cot.lo ../.././../mpfr/mpfr-3.1.1/src/cot.c
/bin/bash ../libtool --tag=CC   --mode=compile gcc-4.7 -DTIME_WITH_SYS_TIME=1 -DHAVE_INTTYPES_H=1 -DHAVE_STDINT_H=1 -DHAVE_LOCALE_H=1 -DHAVE_WCHAR_H=1 -DHAVE_STDARG=1 -DHAVE_SYS_TIME_H=1 -DHAVE_ALLOCA_H=1 -DHAVE_STDINT_H=1 -DHAVE_VA_COPY=1 -DHAVE_SETLOCALE=1 -DHAVE_GETTIMEOFDAY=1 -DHAVE_LONG_LONG=1 -DHAVE_INTMAX_T=1 -DMPFR_HAVE_INTMAX_MAX=1 -DMPFR_HAVE_FESETROUND=1 -DHAVE_DENORMS=1 -DHAVE_ROUND=1 -DHAVE_TRUNC=1 -DHAVE_FLOOR=1 -DHAVE_CEIL=1 -DHAVE_NEARBYINT=1 -DHAVE_LDOUBLE_IEEE_EXT_LITTLE=1 -DMPFR_USE_THREAD_SAFE=1 -DLT_OBJDIR=\".libs/\" -DHAVE_ATTRIBUTE_MODE=1 -DHAVE___GMPN_ROOTREM=1 -DHAVE___GMPN_SBPI1_DIVAPPR_Q=1 -I. -I../.././../mpfr/mpfr-3.1.1/src   -I/home/sparksco/android/toolchain/aosp/build/temp-install/include  -Wall -Wmissing-prototypes -Wpointer-arith -g -O2 -MT eint.lo -MD -MP -MF .deps/eint.Tpo -c -o eint.lo ../.././../mpfr/mpfr-3.1.1/src/eint.c
/bin/bash ../libtool --tag=CC   --mode=compile gcc-4.7 -DTIME_WITH_SYS_TIME=1 -DHAVE_INTTYPES_H=1 -DHAVE_STDINT_H=1 -DHAVE_LOCALE_H=1 -DHAVE_WCHAR_H=1 -DHAVE_STDARG=1 -DHAVE_SYS_TIME_H=1 -DHAVE_ALLOCA_H=1 -DHAVE_STDINT_H=1 -DHAVE_VA_COPY=1 -DHAVE_SETLOCALE=1 -DHAVE_GETTIMEOFDAY=1 -DHAVE_LONG_LONG=1 -DHAVE_INTMAX_T=1 -DMPFR_HAVE_INTMAX_MAX=1 -DMPFR_HAVE_FESETROUND=1 -DHAVE_DENORMS=1 -DHAVE_ROUND=1 -DHAVE_TRUNC=1 -DHAVE_FLOOR=1 -DHAVE_CEIL=1 -DHAVE_NEARBYINT=1 -DHAVE_LDOUBLE_IEEE_EXT_LITTLE=1 -DMPFR_USE_THREAD_SAFE=1 -DLT_OBJDIR=\".libs/\" -DHAVE_ATTRIBUTE_MODE=1 -DHAVE___GMPN_ROOTREM=1 -DHAVE___GMPN_SBPI1_DIVAPPR_Q=1 -I. -I../.././../mpfr/mpfr-3.1.1/src   -I/home/sparksco/android/toolchain/aosp/build/temp-install/include  -Wall -Wmissing-prototypes -Wpointer-arith -g -O2 -MT sech.lo -MD -MP -MF .deps/sech.Tpo -c -o sech.lo ../.././../mpfr/mpfr-3.1.1/src/sech.c
mv -f .deps/subnormal.Tpo .deps/subnormal.Plo
/bin/bash ../libtool --tag=CC   --mode=compile gcc-4.7 -DTIME_WITH_SYS_TIME=1 -DHAVE_INTTYPES_H=1 -DHAVE_STDINT_H=1 -DHAVE_LOCALE_H=1 -DHAVE_WCHAR_H=1 -DHAVE_STDARG=1 -DHAVE_SYS_TIME_H=1 -DHAVE_ALLOCA_H=1 -DHAVE_STDINT_H=1 -DHAVE_VA_COPY=1 -DHAVE_SETLOCALE=1 -DHAVE_GETTIMEOFDAY=1 -DHAVE_LONG_LONG=1 -DHAVE_INTMAX_T=1 -DMPFR_HAVE_INTMAX_MAX=1 -DMPFR_HAVE_FESETROUND=1 -DHAVE_DENORMS=1 -DHAVE_ROUND=1 -DHAVE_TRUNC=1 -DHAVE_FLOOR=1 -DHAVE_CEIL=1 -DHAVE_NEARBYINT=1 -DHAVE_LDOUBLE_IEEE_EXT_LITTLE=1 -DMPFR_USE_THREAD_SAFE=1 -DLT_OBJDIR=\".libs/\" -DHAVE_ATTRIBUTE_MODE=1 -DHAVE___GMPN_ROOTREM=1 -DHAVE___GMPN_SBPI1_DIVAPPR_Q=1 -I. -I../.././../mpfr/mpfr-3.1.1/src   -I/home/sparksco/android/toolchain/aosp/build/temp-install/include  -Wall -Wmissing-prototypes -Wpointer-arith -g -O2 -MT csch.lo -MD -MP -MF .deps/csch.Tpo -c -o csch.lo ../.././../mpfr/mpfr-3.1.1/src/csch.c
mv -f .deps/atan2.Tpo .deps/atan2.Plo
/bin/bash ../libtool --tag=CC   --mode=compile gcc-4.7 -DTIME_WITH_SYS_TIME=1 -DHAVE_INTTYPES_H=1 -DHAVE_STDINT_H=1 -DHAVE_LOCALE_H=1 -DHAVE_WCHAR_H=1 -DHAVE_STDARG=1 -DHAVE_SYS_TIME_H=1 -DHAVE_ALLOCA_H=1 -DHAVE_STDINT_H=1 -DHAVE_VA_COPY=1 -DHAVE_SETLOCALE=1 -DHAVE_GETTIMEOFDAY=1 -DHAVE_LONG_LONG=1 -DHAVE_INTMAX_T=1 -DMPFR_HAVE_INTMAX_MAX=1 -DMPFR_HAVE_FESETROUND=1 -DHAVE_DENORMS=1 -DHAVE_ROUND=1 -DHAVE_TRUNC=1 -DHAVE_FLOOR=1 -DHAVE_CEIL=1 -DHAVE_NEARBYINT=1 -DHAVE_LDOUBLE_IEEE_EXT_LITTLE=1 -DMPFR_USE_THREAD_SAFE=1 -DLT_OBJDIR=\".libs/\" -DHAVE_ATTRIBUTE_MODE=1 -DHAVE___GMPN_ROOTREM=1 -DHAVE___GMPN_SBPI1_DIVAPPR_Q=1 -I. -I../.././../mpfr/mpfr-3.1.1/src   -I/home/sparksco/android/toolchain/aosp/build/temp-install/include  -Wall -Wmissing-prototypes -Wpointer-arith -g -O2 -MT coth.lo -MD -MP -MF .deps/coth.Tpo -c -o coth.lo ../.././../mpfr/mpfr-3.1.1/src/coth.c
libtool: compile:  gcc-4.7 -DTIME_WITH_SYS_TIME=1 -DHAVE_INTTYPES_H=1 -DHAVE_STDINT_H=1 -DHAVE_LOCALE_H=1 -DHAVE_WCHAR_H=1 -DHAVE_STDARG=1 -DHAVE_SYS_TIME_H=1 -DHAVE_ALLOCA_H=1 -DHAVE_STDINT_H=1 -DHAVE_VA_COPY=1 -DHAVE_SETLOCALE=1 -DHAVE_GETTIMEOFDAY=1 -DHAVE_LONG_LONG=1 -DHAVE_INTMAX_T=1 -DMPFR_HAVE_INTMAX_MAX=1 -DMPFR_HAVE_FESETROUND=1 -DHAVE_DENORMS=1 -DHAVE_ROUND=1 -DHAVE_TRUNC=1 -DHAVE_FLOOR=1 -DHAVE_CEIL=1 -DHAVE_NEARBYINT=1 -DHAVE_LDOUBLE_IEEE_EXT_LITTLE=1 -DMPFR_USE_THREAD_SAFE=1 -DLT_OBJDIR=\".libs/\" -DHAVE_ATTRIBUTE_MODE=1 -DHAVE___GMPN_ROOTREM=1 -DHAVE___GMPN_SBPI1_DIVAPPR_Q=1 -I. -I../.././../mpfr/mpfr-3.1.1/src -I/home/sparksco/android/toolchain/aosp/build/temp-install/include -Wall -Wmissing-prototypes -Wpointer-arith -g -O2 -MT csc.lo -MD -MP -MF .deps/csc.Tpo -c ../.././../mpfr/mpfr-3.1.1/src/csc.c -o csc.o
libtool: compile:  gcc-4.7 -DTIME_WITH_SYS_TIME=1 -DHAVE_INTTYPES_H=1 -DHAVE_STDINT_H=1 -DHAVE_LOCALE_H=1 -DHAVE_WCHAR_H=1 -DHAVE_STDARG=1 -DHAVE_SYS_TIME_H=1 -DHAVE_ALLOCA_H=1 -DHAVE_STDINT_H=1 -DHAVE_VA_COPY=1 -DHAVE_SETLOCALE=1 -DHAVE_GETTIMEOFDAY=1 -DHAVE_LONG_LONG=1 -DHAVE_INTMAX_T=1 -DMPFR_HAVE_INTMAX_MAX=1 -DMPFR_HAVE_FESETROUND=1 -DHAVE_DENORMS=1 -DHAVE_ROUND=1 -DHAVE_TRUNC=1 -DHAVE_FLOOR=1 -DHAVE_CEIL=1 -DHAVE_NEARBYINT=1 -DHAVE_LDOUBLE_IEEE_EXT_LITTLE=1 -DMPFR_USE_THREAD_SAFE=1 -DLT_OBJDIR=\".libs/\" -DHAVE_ATTRIBUTE_MODE=1 -DHAVE___GMPN_ROOTREM=1 -DHAVE___GMPN_SBPI1_DIVAPPR_Q=1 -I. -I../.././../mpfr/mpfr-3.1.1/src -I/home/sparksco/android/toolchain/aosp/build/temp-install/include -Wall -Wmissing-prototypes -Wpointer-arith -g -O2 -MT cot.lo -MD -MP -MF .deps/cot.Tpo -c ../.././../mpfr/mpfr-3.1.1/src/cot.c -o cot.o
mv -f .deps/root.Tpo .deps/root.Plo
/bin/bash ../libtool --tag=CC   --mode=compile gcc-4.7 -DTIME_WITH_SYS_TIME=1 -DHAVE_INTTYPES_H=1 -DHAVE_STDINT_H=1 -DHAVE_LOCALE_H=1 -DHAVE_WCHAR_H=1 -DHAVE_STDARG=1 -DHAVE_SYS_TIME_H=1 -DHAVE_ALLOCA_H=1 -DHAVE_STDINT_H=1 -DHAVE_VA_COPY=1 -DHAVE_SETLOCALE=1 -DHAVE_GETTIMEOFDAY=1 -DHAVE_LONG_LONG=1 -DHAVE_INTMAX_T=1 -DMPFR_HAVE_INTMAX_MAX=1 -DMPFR_HAVE_FESETROUND=1 -DHAVE_DENORMS=1 -DHAVE_ROUND=1 -DHAVE_TRUNC=1 -DHAVE_FLOOR=1 -DHAVE_CEIL=1 -DHAVE_NEARBYINT=1 -DHAVE_LDOUBLE_IEEE_EXT_LITTLE=1 -DMPFR_USE_THREAD_SAFE=1 -DLT_OBJDIR=\".libs/\" -DHAVE_ATTRIBUTE_MODE=1 -DHAVE___GMPN_ROOTREM=1 -DHAVE___GMPN_SBPI1_DIVAPPR_Q=1 -I. -I../.././../mpfr/mpfr-3.1.1/src   -I/home/sparksco/android/toolchain/aosp/build/temp-install/include  -Wall -Wmissing-prototypes -Wpointer-arith -g -O2 -MT round_near_x.lo -MD -MP -MF .deps/round_near_x.Tpo -c -o round_near_x.lo ../.././../mpfr/mpfr-3.1.1/src/round_near_x.c
libtool: compile:  gcc-4.7 -DTIME_WITH_SYS_TIME=1 -DHAVE_INTTYPES_H=1 -DHAVE_STDINT_H=1 -DHAVE_LOCALE_H=1 -DHAVE_WCHAR_H=1 -DHAVE_STDARG=1 -DHAVE_SYS_TIME_H=1 -DHAVE_ALLOCA_H=1 -DHAVE_STDINT_H=1 -DHAVE_VA_COPY=1 -DHAVE_SETLOCALE=1 -DHAVE_GETTIMEOFDAY=1 -DHAVE_LONG_LONG=1 -DHAVE_INTMAX_T=1 -DMPFR_HAVE_INTMAX_MAX=1 -DMPFR_HAVE_FESETROUND=1 -DHAVE_DENORMS=1 -DHAVE_ROUND=1 -DHAVE_TRUNC=1 -DHAVE_FLOOR=1 -DHAVE_CEIL=1 -DHAVE_NEARBYINT=1 -DHAVE_LDOUBLE_IEEE_EXT_LITTLE=1 -DMPFR_USE_THREAD_SAFE=1 -DLT_OBJDIR=\".libs/\" -DHAVE_ATTRIBUTE_MODE=1 -DHAVE___GMPN_ROOTREM=1 -DHAVE___GMPN_SBPI1_DIVAPPR_Q=1 -I. -I../.././../mpfr/mpfr-3.1.1/src -I/home/sparksco/android/toolchain/aosp/build/temp-install/include -Wall -Wmissing-prototypes -Wpointer-arith -g -O2 -MT sech.lo -MD -MP -MF .deps/sech.Tpo -c ../.././../mpfr/mpfr-3.1.1/src/sech.c -o sech.o
mv -f .deps/sec.Tpo .deps/sec.Plo
configure: updating cache ./config.cache
libtool: compile:  gcc-4.7 -DTIME_WITH_SYS_TIME=1 -DHAVE_INTTYPES_H=1 -DHAVE_STDINT_H=1 -DHAVE_LOCALE_H=1 -DHAVE_WCHAR_H=1 -DHAVE_STDARG=1 -DHAVE_SYS_TIME_H=1 -DHAVE_ALLOCA_H=1 -DHAVE_STDINT_H=1 -DHAVE_VA_COPY=1 -DHAVE_SETLOCALE=1 -DHAVE_GETTIMEOFDAY=1 -DHAVE_LONG_LONG=1 -DHAVE_INTMAX_T=1 -DMPFR_HAVE_INTMAX_MAX=1 -DMPFR_HAVE_FESETROUND=1 -DHAVE_DENORMS=1 -DHAVE_ROUND=1 -DHAVE_TRUNC=1 -DHAVE_FLOOR=1 -DHAVE_CEIL=1 -DHAVE_NEARBYINT=1 -DHAVE_LDOUBLE_IEEE_EXT_LITTLE=1 -DMPFR_USE_THREAD_SAFE=1 -DLT_OBJDIR=\".libs/\" -DHAVE_ATTRIBUTE_MODE=1 -DHAVE___GMPN_ROOTREM=1 -DHAVE___GMPN_SBPI1_DIVAPPR_Q=1 -I. -I../.././../mpfr/mpfr-3.1.1/src -I/home/sparksco/android/toolchain/aosp/build/temp-install/include -Wall -Wmissing-prototypes -Wpointer-arith -g -O2 -MT csch.lo -MD -MP -MF .deps/csch.Tpo -c ../.././../mpfr/mpfr-3.1.1/src/csch.c -o csch.o
/bin/bash ../libtool --tag=CC   --mode=compile gcc-4.7 -DTIME_WITH_SYS_TIME=1 -DHAVE_INTTYPES_H=1 -DHAVE_STDINT_H=1 -DHAVE_LOCALE_H=1 -DHAVE_WCHAR_H=1 -DHAVE_STDARG=1 -DHAVE_SYS_TIME_H=1 -DHAVE_ALLOCA_H=1 -DHAVE_STDINT_H=1 -DHAVE_VA_COPY=1 -DHAVE_SETLOCALE=1 -DHAVE_GETTIMEOFDAY=1 -DHAVE_LONG_LONG=1 -DHAVE_INTMAX_T=1 -DMPFR_HAVE_INTMAX_MAX=1 -DMPFR_HAVE_FESETROUND=1 -DHAVE_DENORMS=1 -DHAVE_ROUND=1 -DHAVE_TRUNC=1 -DHAVE_FLOOR=1 -DHAVE_CEIL=1 -DHAVE_NEARBYINT=1 -DHAVE_LDOUBLE_IEEE_EXT_LITTLE=1 -DMPFR_USE_THREAD_SAFE=1 -DLT_OBJDIR=\".libs/\" -DHAVE_ATTRIBUTE_MODE=1 -DHAVE___GMPN_ROOTREM=1 -DHAVE___GMPN_SBPI1_DIVAPPR_Q=1 -I. -I../.././../mpfr/mpfr-3.1.1/src   -I/home/sparksco/android/toolchain/aosp/build/temp-install/include  -Wall -Wmissing-prototypes -Wpointer-arith -g -O2 -MT constant.lo -MD -MP -MF .deps/constant.Tpo -c -o constant.lo ../.././../mpfr/mpfr-3.1.1/src/constant.c
libtool: compile:  gcc-4.7 -DTIME_WITH_SYS_TIME=1 -DHAVE_INTTYPES_H=1 -DHAVE_STDINT_H=1 -DHAVE_LOCALE_H=1 -DHAVE_WCHAR_H=1 -DHAVE_STDARG=1 -DHAVE_SYS_TIME_H=1 -DHAVE_ALLOCA_H=1 -DHAVE_STDINT_H=1 -DHAVE_VA_COPY=1 -DHAVE_SETLOCALE=1 -DHAVE_GETTIMEOFDAY=1 -DHAVE_LONG_LONG=1 -DHAVE_INTMAX_T=1 -DMPFR_HAVE_INTMAX_MAX=1 -DMPFR_HAVE_FESETROUND=1 -DHAVE_DENORMS=1 -DHAVE_ROUND=1 -DHAVE_TRUNC=1 -DHAVE_FLOOR=1 -DHAVE_CEIL=1 -DHAVE_NEARBYINT=1 -DHAVE_LDOUBLE_IEEE_EXT_LITTLE=1 -DMPFR_USE_THREAD_SAFE=1 -DLT_OBJDIR=\".libs/\" -DHAVE_ATTRIBUTE_MODE=1 -DHAVE___GMPN_ROOTREM=1 -DHAVE___GMPN_SBPI1_DIVAPPR_Q=1 -I. -I../.././../mpfr/mpfr-3.1.1/src -I/home/sparksco/android/toolchain/aosp/build/temp-install/include -Wall -Wmissing-prototypes -Wpointer-arith -g -O2 -MT eint.lo -MD -MP -MF .deps/eint.Tpo -c ../.././../mpfr/mpfr-3.1.1/src/eint.c -o eint.o
configure: creating ./config.status
libtool: compile:  gcc-4.7 -DTIME_WITH_SYS_TIME=1 -DHAVE_INTTYPES_H=1 -DHAVE_STDINT_H=1 -DHAVE_LOCALE_H=1 -DHAVE_WCHAR_H=1 -DHAVE_STDARG=1 -DHAVE_SYS_TIME_H=1 -DHAVE_ALLOCA_H=1 -DHAVE_STDINT_H=1 -DHAVE_VA_COPY=1 -DHAVE_SETLOCALE=1 -DHAVE_GETTIMEOFDAY=1 -DHAVE_LONG_LONG=1 -DHAVE_INTMAX_T=1 -DMPFR_HAVE_INTMAX_MAX=1 -DMPFR_HAVE_FESETROUND=1 -DHAVE_DENORMS=1 -DHAVE_ROUND=1 -DHAVE_TRUNC=1 -DHAVE_FLOOR=1 -DHAVE_CEIL=1 -DHAVE_NEARBYINT=1 -DHAVE_LDOUBLE_IEEE_EXT_LITTLE=1 -DMPFR_USE_THREAD_SAFE=1 -DLT_OBJDIR=\".libs/\" -DHAVE_ATTRIBUTE_MODE=1 -DHAVE___GMPN_ROOTREM=1 -DHAVE___GMPN_SBPI1_DIVAPPR_Q=1 -I. -I../.././../mpfr/mpfr-3.1.1/src -I/home/sparksco/android/toolchain/aosp/build/temp-install/include -Wall -Wmissing-prototypes -Wpointer-arith -g -O2 -MT coth.lo -MD -MP -MF .deps/coth.Tpo -c ../.././../mpfr/mpfr-3.1.1/src/coth.c -o coth.o
mv -f .deps/strtofr.Tpo .deps/strtofr.Plo
libtool: compile:  gcc-4.7 -DTIME_WITH_SYS_TIME=1 -DHAVE_INTTYPES_H=1 -DHAVE_STDINT_H=1 -DHAVE_LOCALE_H=1 -DHAVE_WCHAR_H=1 -DHAVE_STDARG=1 -DHAVE_SYS_TIME_H=1 -DHAVE_ALLOCA_H=1 -DHAVE_STDINT_H=1 -DHAVE_VA_COPY=1 -DHAVE_SETLOCALE=1 -DHAVE_GETTIMEOFDAY=1 -DHAVE_LONG_LONG=1 -DHAVE_INTMAX_T=1 -DMPFR_HAVE_INTMAX_MAX=1 -DMPFR_HAVE_FESETROUND=1 -DHAVE_DENORMS=1 -DHAVE_ROUND=1 -DHAVE_TRUNC=1 -DHAVE_FLOOR=1 -DHAVE_CEIL=1 -DHAVE_NEARBYINT=1 -DHAVE_LDOUBLE_IEEE_EXT_LITTLE=1 -DMPFR_USE_THREAD_SAFE=1 -DLT_OBJDIR=\".libs/\" -DHAVE_ATTRIBUTE_MODE=1 -DHAVE___GMPN_ROOTREM=1 -DHAVE___GMPN_SBPI1_DIVAPPR_Q=1 -I. -I../.././../mpfr/mpfr-3.1.1/src -I/home/sparksco/android/toolchain/aosp/build/temp-install/include -Wall -Wmissing-prototypes -Wpointer-arith -g -O2 -MT round_near_x.lo -MD -MP -MF .deps/round_near_x.Tpo -c ../.././../mpfr/mpfr-3.1.1/src/round_near_x.c -o round_near_x.o
/bin/bash ../libtool --tag=CC   --mode=compile gcc-4.7 -DTIME_WITH_SYS_TIME=1 -DHAVE_INTTYPES_H=1 -DHAVE_STDINT_H=1 -DHAVE_LOCALE_H=1 -DHAVE_WCHAR_H=1 -DHAVE_STDARG=1 -DHAVE_SYS_TIME_H=1 -DHAVE_ALLOCA_H=1 -DHAVE_STDINT_H=1 -DHAVE_VA_COPY=1 -DHAVE_SETLOCALE=1 -DHAVE_GETTIMEOFDAY=1 -DHAVE_LONG_LONG=1 -DHAVE_INTMAX_T=1 -DMPFR_HAVE_INTMAX_MAX=1 -DMPFR_HAVE_FESETROUND=1 -DHAVE_DENORMS=1 -DHAVE_ROUND=1 -DHAVE_TRUNC=1 -DHAVE_FLOOR=1 -DHAVE_CEIL=1 -DHAVE_NEARBYINT=1 -DHAVE_LDOUBLE_IEEE_EXT_LITTLE=1 -DMPFR_USE_THREAD_SAFE=1 -DLT_OBJDIR=\".libs/\" -DHAVE_ATTRIBUTE_MODE=1 -DHAVE___GMPN_ROOTREM=1 -DHAVE___GMPN_SBPI1_DIVAPPR_Q=1 -I. -I../.././../mpfr/mpfr-3.1.1/src   -I/home/sparksco/android/toolchain/aosp/build/temp-install/include  -Wall -Wmissing-prototypes -Wpointer-arith -g -O2 -MT abort_prec_max.lo -MD -MP -MF .deps/abort_prec_max.Tpo -c -o abort_prec_max.lo ../.././../mpfr/mpfr-3.1.1/src/abort_prec_max.c
libtool: compile:  gcc-4.7 -DTIME_WITH_SYS_TIME=1 -DHAVE_INTTYPES_H=1 -DHAVE_STDINT_H=1 -DHAVE_LOCALE_H=1 -DHAVE_WCHAR_H=1 -DHAVE_STDARG=1 -DHAVE_SYS_TIME_H=1 -DHAVE_ALLOCA_H=1 -DHAVE_STDINT_H=1 -DHAVE_VA_COPY=1 -DHAVE_SETLOCALE=1 -DHAVE_GETTIMEOFDAY=1 -DHAVE_LONG_LONG=1 -DHAVE_INTMAX_T=1 -DMPFR_HAVE_INTMAX_MAX=1 -DMPFR_HAVE_FESETROUND=1 -DHAVE_DENORMS=1 -DHAVE_ROUND=1 -DHAVE_TRUNC=1 -DHAVE_FLOOR=1 -DHAVE_CEIL=1 -DHAVE_NEARBYINT=1 -DHAVE_LDOUBLE_IEEE_EXT_LITTLE=1 -DMPFR_USE_THREAD_SAFE=1 -DLT_OBJDIR=\".libs/\" -DHAVE_ATTRIBUTE_MODE=1 -DHAVE___GMPN_ROOTREM=1 -DHAVE___GMPN_SBPI1_DIVAPPR_Q=1 -I. -I../.././../mpfr/mpfr-3.1.1/src -I/home/sparksco/android/toolchain/aosp/build/temp-install/include -Wall -Wmissing-prototypes -Wpointer-arith -g -O2 -MT constant.lo -MD -MP -MF .deps/constant.Tpo -c ../.././../mpfr/mpfr-3.1.1/src/constant.c -o constant.o
mv -f .deps/cot.Tpo .deps/cot.Plo
mv -f .deps/csc.Tpo .deps/csc.Plo
mv -f .deps/sech.Tpo .deps/sech.Plo
/bin/bash ../libtool --tag=CC   --mode=compile gcc-4.7 -DTIME_WITH_SYS_TIME=1 -DHAVE_INTTYPES_H=1 -DHAVE_STDINT_H=1 -DHAVE_LOCALE_H=1 -DHAVE_WCHAR_H=1 -DHAVE_STDARG=1 -DHAVE_SYS_TIME_H=1 -DHAVE_ALLOCA_H=1 -DHAVE_STDINT_H=1 -DHAVE_VA_COPY=1 -DHAVE_SETLOCALE=1 -DHAVE_GETTIMEOFDAY=1 -DHAVE_LONG_LONG=1 -DHAVE_INTMAX_T=1 -DMPFR_HAVE_INTMAX_MAX=1 -DMPFR_HAVE_FESETROUND=1 -DHAVE_DENORMS=1 -DHAVE_ROUND=1 -DHAVE_TRUNC=1 -DHAVE_FLOOR=1 -DHAVE_CEIL=1 -DHAVE_NEARBYINT=1 -DHAVE_LDOUBLE_IEEE_EXT_LITTLE=1 -DMPFR_USE_THREAD_SAFE=1 -DLT_OBJDIR=\".libs/\" -DHAVE_ATTRIBUTE_MODE=1 -DHAVE___GMPN_ROOTREM=1 -DHAVE___GMPN_SBPI1_DIVAPPR_Q=1 -I. -I../.././../mpfr/mpfr-3.1.1/src   -I/home/sparksco/android/toolchain/aosp/build/temp-install/include  -Wall -Wmissing-prototypes -Wpointer-arith -g -O2 -MT stack_interface.lo -MD -MP -MF .deps/stack_interface.Tpo -c -o stack_interface.lo ../.././../mpfr/mpfr-3.1.1/src/stack_interface.c
/bin/bash ../libtool --tag=CC   --mode=compile gcc-4.7 -DTIME_WITH_SYS_TIME=1 -DHAVE_INTTYPES_H=1 -DHAVE_STDINT_H=1 -DHAVE_LOCALE_H=1 -DHAVE_WCHAR_H=1 -DHAVE_STDARG=1 -DHAVE_SYS_TIME_H=1 -DHAVE_ALLOCA_H=1 -DHAVE_STDINT_H=1 -DHAVE_VA_COPY=1 -DHAVE_SETLOCALE=1 -DHAVE_GETTIMEOFDAY=1 -DHAVE_LONG_LONG=1 -DHAVE_INTMAX_T=1 -DMPFR_HAVE_INTMAX_MAX=1 -DMPFR_HAVE_FESETROUND=1 -DHAVE_DENORMS=1 -DHAVE_ROUND=1 -DHAVE_TRUNC=1 -DHAVE_FLOOR=1 -DHAVE_CEIL=1 -DHAVE_NEARBYINT=1 -DHAVE_LDOUBLE_IEEE_EXT_LITTLE=1 -DMPFR_USE_THREAD_SAFE=1 -DLT_OBJDIR=\".libs/\" -DHAVE_ATTRIBUTE_MODE=1 -DHAVE___GMPN_ROOTREM=1 -DHAVE___GMPN_SBPI1_DIVAPPR_Q=1 -I. -I../.././../mpfr/mpfr-3.1.1/src   -I/home/sparksco/android/toolchain/aosp/build/temp-install/include  -Wall -Wmissing-prototypes -Wpointer-arith -g -O2 -MT lngamma.lo -MD -MP -MF .deps/lngamma.Tpo -c -o lngamma.lo ../.././../mpfr/mpfr-3.1.1/src/lngamma.c
/bin/bash ../libtool --tag=CC   --mode=compile gcc-4.7 -DTIME_WITH_SYS_TIME=1 -DHAVE_INTTYPES_H=1 -DHAVE_STDINT_H=1 -DHAVE_LOCALE_H=1 -DHAVE_WCHAR_H=1 -DHAVE_STDARG=1 -DHAVE_SYS_TIME_H=1 -DHAVE_ALLOCA_H=1 -DHAVE_STDINT_H=1 -DHAVE_VA_COPY=1 -DHAVE_SETLOCALE=1 -DHAVE_GETTIMEOFDAY=1 -DHAVE_LONG_LONG=1 -DHAVE_INTMAX_T=1 -DMPFR_HAVE_INTMAX_MAX=1 -DMPFR_HAVE_FESETROUND=1 -DHAVE_DENORMS=1 -DHAVE_ROUND=1 -DHAVE_TRUNC=1 -DHAVE_FLOOR=1 -DHAVE_CEIL=1 -DHAVE_NEARBYINT=1 -DHAVE_LDOUBLE_IEEE_EXT_LITTLE=1 -DMPFR_USE_THREAD_SAFE=1 -DLT_OBJDIR=\".libs/\" -DHAVE_ATTRIBUTE_MODE=1 -DHAVE___GMPN_ROOTREM=1 -DHAVE___GMPN_SBPI1_DIVAPPR_Q=1 -I. -I../.././../mpfr/mpfr-3.1.1/src   -I/home/sparksco/android/toolchain/aosp/build/temp-install/include  -Wall -Wmissing-prototypes -Wpointer-arith -g -O2 -MT zeta_ui.lo -MD -MP -MF .deps/zeta_ui.Tpo -c -o zeta_ui.lo ../.././../mpfr/mpfr-3.1.1/src/zeta_ui.c
mv -f .deps/csch.Tpo .deps/csch.Plo
/bin/bash ../libtool --tag=CC   --mode=compile gcc-4.7 -DTIME_WITH_SYS_TIME=1 -DHAVE_INTTYPES_H=1 -DHAVE_STDINT_H=1 -DHAVE_LOCALE_H=1 -DHAVE_WCHAR_H=1 -DHAVE_STDARG=1 -DHAVE_SYS_TIME_H=1 -DHAVE_ALLOCA_H=1 -DHAVE_STDINT_H=1 -DHAVE_VA_COPY=1 -DHAVE_SETLOCALE=1 -DHAVE_GETTIMEOFDAY=1 -DHAVE_LONG_LONG=1 -DHAVE_INTMAX_T=1 -DMPFR_HAVE_INTMAX_MAX=1 -DMPFR_HAVE_FESETROUND=1 -DHAVE_DENORMS=1 -DHAVE_ROUND=1 -DHAVE_TRUNC=1 -DHAVE_FLOOR=1 -DHAVE_CEIL=1 -DHAVE_NEARBYINT=1 -DHAVE_LDOUBLE_IEEE_EXT_LITTLE=1 -DMPFR_USE_THREAD_SAFE=1 -DLT_OBJDIR=\".libs/\" -DHAVE_ATTRIBUTE_MODE=1 -DHAVE___GMPN_ROOTREM=1 -DHAVE___GMPN_SBPI1_DIVAPPR_Q=1 -I. -I../.././../mpfr/mpfr-3.1.1/src   -I/home/sparksco/android/toolchain/aosp/build/temp-install/include  -Wall -Wmissing-prototypes -Wpointer-arith -g -O2 -MT set_d64.lo -MD -MP -MF .deps/set_d64.Tpo -c -o set_d64.lo ../.././../mpfr/mpfr-3.1.1/src/set_d64.c
libtool: compile:  gcc-4.7 -DTIME_WITH_SYS_TIME=1 -DHAVE_INTTYPES_H=1 -DHAVE_STDINT_H=1 -DHAVE_LOCALE_H=1 -DHAVE_WCHAR_H=1 -DHAVE_STDARG=1 -DHAVE_SYS_TIME_H=1 -DHAVE_ALLOCA_H=1 -DHAVE_STDINT_H=1 -DHAVE_VA_COPY=1 -DHAVE_SETLOCALE=1 -DHAVE_GETTIMEOFDAY=1 -DHAVE_LONG_LONG=1 -DHAVE_INTMAX_T=1 -DMPFR_HAVE_INTMAX_MAX=1 -DMPFR_HAVE_FESETROUND=1 -DHAVE_DENORMS=1 -DHAVE_ROUND=1 -DHAVE_TRUNC=1 -DHAVE_FLOOR=1 -DHAVE_CEIL=1 -DHAVE_NEARBYINT=1 -DHAVE_LDOUBLE_IEEE_EXT_LITTLE=1 -DMPFR_USE_THREAD_SAFE=1 -DLT_OBJDIR=\".libs/\" -DHAVE_ATTRIBUTE_MODE=1 -DHAVE___GMPN_ROOTREM=1 -DHAVE___GMPN_SBPI1_DIVAPPR_Q=1 -I. -I../.././../mpfr/mpfr-3.1.1/src -I/home/sparksco/android/toolchain/aosp/build/temp-install/include -Wall -Wmissing-prototypes -Wpointer-arith -g -O2 -MT abort_prec_max.lo -MD -MP -MF .deps/abort_prec_max.Tpo -c ../.././../mpfr/mpfr-3.1.1/src/abort_prec_max.c -o abort_prec_max.o
mv -f .deps/constant.Tpo .deps/constant.Plo
mv -f .deps/coth.Tpo .deps/coth.Plo
/bin/bash ../libtool --tag=CC   --mode=compile gcc-4.7 -DTIME_WITH_SYS_TIME=1 -DHAVE_INTTYPES_H=1 -DHAVE_STDINT_H=1 -DHAVE_LOCALE_H=1 -DHAVE_WCHAR_H=1 -DHAVE_STDARG=1 -DHAVE_SYS_TIME_H=1 -DHAVE_ALLOCA_H=1 -DHAVE_STDINT_H=1 -DHAVE_VA_COPY=1 -DHAVE_SETLOCALE=1 -DHAVE_GETTIMEOFDAY=1 -DHAVE_LONG_LONG=1 -DHAVE_INTMAX_T=1 -DMPFR_HAVE_INTMAX_MAX=1 -DMPFR_HAVE_FESETROUND=1 -DHAVE_DENORMS=1 -DHAVE_ROUND=1 -DHAVE_TRUNC=1 -DHAVE_FLOOR=1 -DHAVE_CEIL=1 -DHAVE_NEARBYINT=1 -DHAVE_LDOUBLE_IEEE_EXT_LITTLE=1 -DMPFR_USE_THREAD_SAFE=1 -DLT_OBJDIR=\".libs/\" -DHAVE_ATTRIBUTE_MODE=1 -DHAVE___GMPN_ROOTREM=1 -DHAVE___GMPN_SBPI1_DIVAPPR_Q=1 -I. -I../.././../mpfr/mpfr-3.1.1/src   -I/home/sparksco/android/toolchain/aosp/build/temp-install/include  -Wall -Wmissing-prototypes -Wpointer-arith -g -O2 -MT get_d64.lo -MD -MP -MF .deps/get_d64.Tpo -c -o get_d64.lo ../.././../mpfr/mpfr-3.1.1/src/get_d64.c
/bin/bash ../libtool --tag=CC   --mode=compile gcc-4.7 -DTIME_WITH_SYS_TIME=1 -DHAVE_INTTYPES_H=1 -DHAVE_STDINT_H=1 -DHAVE_LOCALE_H=1 -DHAVE_WCHAR_H=1 -DHAVE_STDARG=1 -DHAVE_SYS_TIME_H=1 -DHAVE_ALLOCA_H=1 -DHAVE_STDINT_H=1 -DHAVE_VA_COPY=1 -DHAVE_SETLOCALE=1 -DHAVE_GETTIMEOFDAY=1 -DHAVE_LONG_LONG=1 -DHAVE_INTMAX_T=1 -DMPFR_HAVE_INTMAX_MAX=1 -DMPFR_HAVE_FESETROUND=1 -DHAVE_DENORMS=1 -DHAVE_ROUND=1 -DHAVE_TRUNC=1 -DHAVE_FLOOR=1 -DHAVE_CEIL=1 -DHAVE_NEARBYINT=1 -DHAVE_LDOUBLE_IEEE_EXT_LITTLE=1 -DMPFR_USE_THREAD_SAFE=1 -DLT_OBJDIR=\".libs/\" -DHAVE_ATTRIBUTE_MODE=1 -DHAVE___GMPN_ROOTREM=1 -DHAVE___GMPN_SBPI1_DIVAPPR_Q=1 -I. -I../.././../mpfr/mpfr-3.1.1/src   -I/home/sparksco/android/toolchain/aosp/build/temp-install/include  -Wall -Wmissing-prototypes -Wpointer-arith -g -O2 -MT jn.lo -MD -MP -MF .deps/jn.Tpo -c -o jn.lo ../.././../mpfr/mpfr-3.1.1/src/jn.c
libtool: compile:  gcc-4.7 -DTIME_WITH_SYS_TIME=1 -DHAVE_INTTYPES_H=1 -DHAVE_STDINT_H=1 -DHAVE_LOCALE_H=1 -DHAVE_WCHAR_H=1 -DHAVE_STDARG=1 -DHAVE_SYS_TIME_H=1 -DHAVE_ALLOCA_H=1 -DHAVE_STDINT_H=1 -DHAVE_VA_COPY=1 -DHAVE_SETLOCALE=1 -DHAVE_GETTIMEOFDAY=1 -DHAVE_LONG_LONG=1 -DHAVE_INTMAX_T=1 -DMPFR_HAVE_INTMAX_MAX=1 -DMPFR_HAVE_FESETROUND=1 -DHAVE_DENORMS=1 -DHAVE_ROUND=1 -DHAVE_TRUNC=1 -DHAVE_FLOOR=1 -DHAVE_CEIL=1 -DHAVE_NEARBYINT=1 -DHAVE_LDOUBLE_IEEE_EXT_LITTLE=1 -DMPFR_USE_THREAD_SAFE=1 -DLT_OBJDIR=\".libs/\" -DHAVE_ATTRIBUTE_MODE=1 -DHAVE___GMPN_ROOTREM=1 -DHAVE___GMPN_SBPI1_DIVAPPR_Q=1 -I. -I../.././../mpfr/mpfr-3.1.1/src -I/home/sparksco/android/toolchain/aosp/build/temp-install/include -Wall -Wmissing-prototypes -Wpointer-arith -g -O2 -MT stack_interface.lo -MD -MP -MF .deps/stack_interface.Tpo -c ../.././../mpfr/mpfr-3.1.1/src/stack_interface.c -o stack_interface.o
libtool: compile:  gcc-4.7 -DTIME_WITH_SYS_TIME=1 -DHAVE_INTTYPES_H=1 -DHAVE_STDINT_H=1 -DHAVE_LOCALE_H=1 -DHAVE_WCHAR_H=1 -DHAVE_STDARG=1 -DHAVE_SYS_TIME_H=1 -DHAVE_ALLOCA_H=1 -DHAVE_STDINT_H=1 -DHAVE_VA_COPY=1 -DHAVE_SETLOCALE=1 -DHAVE_GETTIMEOFDAY=1 -DHAVE_LONG_LONG=1 -DHAVE_INTMAX_T=1 -DMPFR_HAVE_INTMAX_MAX=1 -DMPFR_HAVE_FESETROUND=1 -DHAVE_DENORMS=1 -DHAVE_ROUND=1 -DHAVE_TRUNC=1 -DHAVE_FLOOR=1 -DHAVE_CEIL=1 -DHAVE_NEARBYINT=1 -DHAVE_LDOUBLE_IEEE_EXT_LITTLE=1 -DMPFR_USE_THREAD_SAFE=1 -DLT_OBJDIR=\".libs/\" -DHAVE_ATTRIBUTE_MODE=1 -DHAVE___GMPN_ROOTREM=1 -DHAVE___GMPN_SBPI1_DIVAPPR_Q=1 -I. -I../.././../mpfr/mpfr-3.1.1/src -I/home/sparksco/android/toolchain/aosp/build/temp-install/include -Wall -Wmissing-prototypes -Wpointer-arith -g -O2 -MT lngamma.lo -MD -MP -MF .deps/lngamma.Tpo -c ../.././../mpfr/mpfr-3.1.1/src/lngamma.c -o lngamma.o
libtool: compile:  gcc-4.7 -DTIME_WITH_SYS_TIME=1 -DHAVE_INTTYPES_H=1 -DHAVE_STDINT_H=1 -DHAVE_LOCALE_H=1 -DHAVE_WCHAR_H=1 -DHAVE_STDARG=1 -DHAVE_SYS_TIME_H=1 -DHAVE_ALLOCA_H=1 -DHAVE_STDINT_H=1 -DHAVE_VA_COPY=1 -DHAVE_SETLOCALE=1 -DHAVE_GETTIMEOFDAY=1 -DHAVE_LONG_LONG=1 -DHAVE_INTMAX_T=1 -DMPFR_HAVE_INTMAX_MAX=1 -DMPFR_HAVE_FESETROUND=1 -DHAVE_DENORMS=1 -DHAVE_ROUND=1 -DHAVE_TRUNC=1 -DHAVE_FLOOR=1 -DHAVE_CEIL=1 -DHAVE_NEARBYINT=1 -DHAVE_LDOUBLE_IEEE_EXT_LITTLE=1 -DMPFR_USE_THREAD_SAFE=1 -DLT_OBJDIR=\".libs/\" -DHAVE_ATTRIBUTE_MODE=1 -DHAVE___GMPN_ROOTREM=1 -DHAVE___GMPN_SBPI1_DIVAPPR_Q=1 -I. -I../.././../mpfr/mpfr-3.1.1/src -I/home/sparksco/android/toolchain/aosp/build/temp-install/include -Wall -Wmissing-prototypes -Wpointer-arith -g -O2 -MT set_d64.lo -MD -MP -MF .deps/set_d64.Tpo -c ../.././../mpfr/mpfr-3.1.1/src/set_d64.c -o set_d64.o
libtool: compile:  gcc-4.7 -DTIME_WITH_SYS_TIME=1 -DHAVE_INTTYPES_H=1 -DHAVE_STDINT_H=1 -DHAVE_LOCALE_H=1 -DHAVE_WCHAR_H=1 -DHAVE_STDARG=1 -DHAVE_SYS_TIME_H=1 -DHAVE_ALLOCA_H=1 -DHAVE_STDINT_H=1 -DHAVE_VA_COPY=1 -DHAVE_SETLOCALE=1 -DHAVE_GETTIMEOFDAY=1 -DHAVE_LONG_LONG=1 -DHAVE_INTMAX_T=1 -DMPFR_HAVE_INTMAX_MAX=1 -DMPFR_HAVE_FESETROUND=1 -DHAVE_DENORMS=1 -DHAVE_ROUND=1 -DHAVE_TRUNC=1 -DHAVE_FLOOR=1 -DHAVE_CEIL=1 -DHAVE_NEARBYINT=1 -DHAVE_LDOUBLE_IEEE_EXT_LITTLE=1 -DMPFR_USE_THREAD_SAFE=1 -DLT_OBJDIR=\".libs/\" -DHAVE_ATTRIBUTE_MODE=1 -DHAVE___GMPN_ROOTREM=1 -DHAVE___GMPN_SBPI1_DIVAPPR_Q=1 -I. -I../.././../mpfr/mpfr-3.1.1/src -I/home/sparksco/android/toolchain/aosp/build/temp-install/include -Wall -Wmissing-prototypes -Wpointer-arith -g -O2 -MT get_d64.lo -MD -MP -MF .deps/get_d64.Tpo -c ../.././../mpfr/mpfr-3.1.1/src/get_d64.c -o get_d64.o
libtool: compile:  gcc-4.7 -DTIME_WITH_SYS_TIME=1 -DHAVE_INTTYPES_H=1 -DHAVE_STDINT_H=1 -DHAVE_LOCALE_H=1 -DHAVE_WCHAR_H=1 -DHAVE_STDARG=1 -DHAVE_SYS_TIME_H=1 -DHAVE_ALLOCA_H=1 -DHAVE_STDINT_H=1 -DHAVE_VA_COPY=1 -DHAVE_SETLOCALE=1 -DHAVE_GETTIMEOFDAY=1 -DHAVE_LONG_LONG=1 -DHAVE_INTMAX_T=1 -DMPFR_HAVE_INTMAX_MAX=1 -DMPFR_HAVE_FESETROUND=1 -DHAVE_DENORMS=1 -DHAVE_ROUND=1 -DHAVE_TRUNC=1 -DHAVE_FLOOR=1 -DHAVE_CEIL=1 -DHAVE_NEARBYINT=1 -DHAVE_LDOUBLE_IEEE_EXT_LITTLE=1 -DMPFR_USE_THREAD_SAFE=1 -DLT_OBJDIR=\".libs/\" -DHAVE_ATTRIBUTE_MODE=1 -DHAVE___GMPN_ROOTREM=1 -DHAVE___GMPN_SBPI1_DIVAPPR_Q=1 -I. -I../.././../mpfr/mpfr-3.1.1/src -I/home/sparksco/android/toolchain/aosp/build/temp-install/include -Wall -Wmissing-prototypes -Wpointer-arith -g -O2 -MT zeta_ui.lo -MD -MP -MF .deps/zeta_ui.Tpo -c ../.././../mpfr/mpfr-3.1.1/src/zeta_ui.c -o zeta_ui.o
mv -f .deps/round_near_x.Tpo .deps/round_near_x.Plo
mv -f .deps/abort_prec_max.Tpo .deps/abort_prec_max.Plo
/bin/bash ../libtool --tag=CC   --mode=compile gcc-4.7 -DTIME_WITH_SYS_TIME=1 -DHAVE_INTTYPES_H=1 -DHAVE_STDINT_H=1 -DHAVE_LOCALE_H=1 -DHAVE_WCHAR_H=1 -DHAVE_STDARG=1 -DHAVE_SYS_TIME_H=1 -DHAVE_ALLOCA_H=1 -DHAVE_STDINT_H=1 -DHAVE_VA_COPY=1 -DHAVE_SETLOCALE=1 -DHAVE_GETTIMEOFDAY=1 -DHAVE_LONG_LONG=1 -DHAVE_INTMAX_T=1 -DMPFR_HAVE_INTMAX_MAX=1 -DMPFR_HAVE_FESETROUND=1 -DHAVE_DENORMS=1 -DHAVE_ROUND=1 -DHAVE_TRUNC=1 -DHAVE_FLOOR=1 -DHAVE_CEIL=1 -DHAVE_NEARBYINT=1 -DHAVE_LDOUBLE_IEEE_EXT_LITTLE=1 -DMPFR_USE_THREAD_SAFE=1 -DLT_OBJDIR=\".libs/\" -DHAVE_ATTRIBUTE_MODE=1 -DHAVE___GMPN_ROOTREM=1 -DHAVE___GMPN_SBPI1_DIVAPPR_Q=1 -I. -I../.././../mpfr/mpfr-3.1.1/src   -I/home/sparksco/android/toolchain/aosp/build/temp-install/include  -Wall -Wmissing-prototypes -Wpointer-arith -g -O2 -MT yn.lo -MD -MP -MF .deps/yn.Tpo -c -o yn.lo ../.././../mpfr/mpfr-3.1.1/src/yn.c
/bin/bash ../libtool --tag=CC   --mode=compile gcc-4.7 -DTIME_WITH_SYS_TIME=1 -DHAVE_INTTYPES_H=1 -DHAVE_STDINT_H=1 -DHAVE_LOCALE_H=1 -DHAVE_WCHAR_H=1 -DHAVE_STDARG=1 -DHAVE_SYS_TIME_H=1 -DHAVE_ALLOCA_H=1 -DHAVE_STDINT_H=1 -DHAVE_VA_COPY=1 -DHAVE_SETLOCALE=1 -DHAVE_GETTIMEOFDAY=1 -DHAVE_LONG_LONG=1 -DHAVE_INTMAX_T=1 -DMPFR_HAVE_INTMAX_MAX=1 -DMPFR_HAVE_FESETROUND=1 -DHAVE_DENORMS=1 -DHAVE_ROUND=1 -DHAVE_TRUNC=1 -DHAVE_FLOOR=1 -DHAVE_CEIL=1 -DHAVE_NEARBYINT=1 -DHAVE_LDOUBLE_IEEE_EXT_LITTLE=1 -DMPFR_USE_THREAD_SAFE=1 -DLT_OBJDIR=\".libs/\" -DHAVE_ATTRIBUTE_MODE=1 -DHAVE___GMPN_ROOTREM=1 -DHAVE___GMPN_SBPI1_DIVAPPR_Q=1 -I. -I../.././../mpfr/mpfr-3.1.1/src   -I/home/sparksco/android/toolchain/aosp/build/temp-install/include  -Wall -Wmissing-prototypes -Wpointer-arith -g -O2 -MT rem1.lo -MD -MP -MF .deps/rem1.Tpo -c -o rem1.lo ../.././../mpfr/mpfr-3.1.1/src/rem1.c
config.status: creating Makefile
mv -f .deps/eint.Tpo .deps/eint.Plo
libtool: compile:  gcc-4.7 -DTIME_WITH_SYS_TIME=1 -DHAVE_INTTYPES_H=1 -DHAVE_STDINT_H=1 -DHAVE_LOCALE_H=1 -DHAVE_WCHAR_H=1 -DHAVE_STDARG=1 -DHAVE_SYS_TIME_H=1 -DHAVE_ALLOCA_H=1 -DHAVE_STDINT_H=1 -DHAVE_VA_COPY=1 -DHAVE_SETLOCALE=1 -DHAVE_GETTIMEOFDAY=1 -DHAVE_LONG_LONG=1 -DHAVE_INTMAX_T=1 -DMPFR_HAVE_INTMAX_MAX=1 -DMPFR_HAVE_FESETROUND=1 -DHAVE_DENORMS=1 -DHAVE_ROUND=1 -DHAVE_TRUNC=1 -DHAVE_FLOOR=1 -DHAVE_CEIL=1 -DHAVE_NEARBYINT=1 -DHAVE_LDOUBLE_IEEE_EXT_LITTLE=1 -DMPFR_USE_THREAD_SAFE=1 -DLT_OBJDIR=\".libs/\" -DHAVE_ATTRIBUTE_MODE=1 -DHAVE___GMPN_ROOTREM=1 -DHAVE___GMPN_SBPI1_DIVAPPR_Q=1 -I. -I../.././../mpfr/mpfr-3.1.1/src -I/home/sparksco/android/toolchain/aosp/build/temp-install/include -Wall -Wmissing-prototypes -Wpointer-arith -g -O2 -MT jn.lo -MD -MP -MF .deps/jn.Tpo -c ../.././../mpfr/mpfr-3.1.1/src/jn.c -o jn.o
/bin/bash ../libtool --tag=CC   --mode=compile gcc-4.7 -DTIME_WITH_SYS_TIME=1 -DHAVE_INTTYPES_H=1 -DHAVE_STDINT_H=1 -DHAVE_LOCALE_H=1 -DHAVE_WCHAR_H=1 -DHAVE_STDARG=1 -DHAVE_SYS_TIME_H=1 -DHAVE_ALLOCA_H=1 -DHAVE_STDINT_H=1 -DHAVE_VA_COPY=1 -DHAVE_SETLOCALE=1 -DHAVE_GETTIMEOFDAY=1 -DHAVE_LONG_LONG=1 -DHAVE_INTMAX_T=1 -DMPFR_HAVE_INTMAX_MAX=1 -DMPFR_HAVE_FESETROUND=1 -DHAVE_DENORMS=1 -DHAVE_ROUND=1 -DHAVE_TRUNC=1 -DHAVE_FLOOR=1 -DHAVE_CEIL=1 -DHAVE_NEARBYINT=1 -DHAVE_LDOUBLE_IEEE_EXT_LITTLE=1 -DMPFR_USE_THREAD_SAFE=1 -DLT_OBJDIR=\".libs/\" -DHAVE_ATTRIBUTE_MODE=1 -DHAVE___GMPN_ROOTREM=1 -DHAVE___GMPN_SBPI1_DIVAPPR_Q=1 -I. -I../.././../mpfr/mpfr-3.1.1/src   -I/home/sparksco/android/toolchain/aosp/build/temp-install/include  -Wall -Wmissing-prototypes -Wpointer-arith -g -O2 -MT get_patches.lo -MD -MP -MF .deps/get_patches.Tpo -c -o get_patches.lo ../.././../mpfr/mpfr-3.1.1/src/get_patches.c
mv -f .deps/stack_interface.Tpo .deps/stack_interface.Plo
/bin/bash ../libtool --tag=CC   --mode=compile gcc-4.7 -DTIME_WITH_SYS_TIME=1 -DHAVE_INTTYPES_H=1 -DHAVE_STDINT_H=1 -DHAVE_LOCALE_H=1 -DHAVE_WCHAR_H=1 -DHAVE_STDARG=1 -DHAVE_SYS_TIME_H=1 -DHAVE_ALLOCA_H=1 -DHAVE_STDINT_H=1 -DHAVE_VA_COPY=1 -DHAVE_SETLOCALE=1 -DHAVE_GETTIMEOFDAY=1 -DHAVE_LONG_LONG=1 -DHAVE_INTMAX_T=1 -DMPFR_HAVE_INTMAX_MAX=1 -DMPFR_HAVE_FESETROUND=1 -DHAVE_DENORMS=1 -DHAVE_ROUND=1 -DHAVE_TRUNC=1 -DHAVE_FLOOR=1 -DHAVE_CEIL=1 -DHAVE_NEARBYINT=1 -DHAVE_LDOUBLE_IEEE_EXT_LITTLE=1 -DMPFR_USE_THREAD_SAFE=1 -DLT_OBJDIR=\".libs/\" -DHAVE_ATTRIBUTE_MODE=1 -DHAVE___GMPN_ROOTREM=1 -DHAVE___GMPN_SBPI1_DIVAPPR_Q=1 -I. -I../.././../mpfr/mpfr-3.1.1/src   -I/home/sparksco/android/toolchain/aosp/build/temp-install/include  -Wall -Wmissing-prototypes -Wpointer-arith -g -O2 -MT add_d.lo -MD -MP -MF .deps/add_d.Tpo -c -o add_d.lo ../.././../mpfr/mpfr-3.1.1/src/add_d.c
config.status: creating import/Makefile
libtool: compile:  gcc-4.7 -DTIME_WITH_SYS_TIME=1 -DHAVE_INTTYPES_H=1 -DHAVE_STDINT_H=1 -DHAVE_LOCALE_H=1 -DHAVE_WCHAR_H=1 -DHAVE_STDARG=1 -DHAVE_SYS_TIME_H=1 -DHAVE_ALLOCA_H=1 -DHAVE_STDINT_H=1 -DHAVE_VA_COPY=1 -DHAVE_SETLOCALE=1 -DHAVE_GETTIMEOFDAY=1 -DHAVE_LONG_LONG=1 -DHAVE_INTMAX_T=1 -DMPFR_HAVE_INTMAX_MAX=1 -DMPFR_HAVE_FESETROUND=1 -DHAVE_DENORMS=1 -DHAVE_ROUND=1 -DHAVE_TRUNC=1 -DHAVE_FLOOR=1 -DHAVE_CEIL=1 -DHAVE_NEARBYINT=1 -DHAVE_LDOUBLE_IEEE_EXT_LITTLE=1 -DMPFR_USE_THREAD_SAFE=1 -DLT_OBJDIR=\".libs/\" -DHAVE_ATTRIBUTE_MODE=1 -DHAVE___GMPN_ROOTREM=1 -DHAVE___GMPN_SBPI1_DIVAPPR_Q=1 -I. -I../.././../mpfr/mpfr-3.1.1/src -I/home/sparksco/android/toolchain/aosp/build/temp-install/include -Wall -Wmissing-prototypes -Wpointer-arith -g -O2 -MT rem1.lo -MD -MP -MF .deps/rem1.Tpo -c ../.././../mpfr/mpfr-3.1.1/src/rem1.c -o rem1.o
libtool: compile:  gcc-4.7 -DTIME_WITH_SYS_TIME=1 -DHAVE_INTTYPES_H=1 -DHAVE_STDINT_H=1 -DHAVE_LOCALE_H=1 -DHAVE_WCHAR_H=1 -DHAVE_STDARG=1 -DHAVE_SYS_TIME_H=1 -DHAVE_ALLOCA_H=1 -DHAVE_STDINT_H=1 -DHAVE_VA_COPY=1 -DHAVE_SETLOCALE=1 -DHAVE_GETTIMEOFDAY=1 -DHAVE_LONG_LONG=1 -DHAVE_INTMAX_T=1 -DMPFR_HAVE_INTMAX_MAX=1 -DMPFR_HAVE_FESETROUND=1 -DHAVE_DENORMS=1 -DHAVE_ROUND=1 -DHAVE_TRUNC=1 -DHAVE_FLOOR=1 -DHAVE_CEIL=1 -DHAVE_NEARBYINT=1 -DHAVE_LDOUBLE_IEEE_EXT_LITTLE=1 -DMPFR_USE_THREAD_SAFE=1 -DLT_OBJDIR=\".libs/\" -DHAVE_ATTRIBUTE_MODE=1 -DHAVE___GMPN_ROOTREM=1 -DHAVE___GMPN_SBPI1_DIVAPPR_Q=1 -I. -I../.././../mpfr/mpfr-3.1.1/src -I/home/sparksco/android/toolchain/aosp/build/temp-install/include -Wall -Wmissing-prototypes -Wpointer-arith -g -O2 -MT yn.lo -MD -MP -MF .deps/yn.Tpo -c ../.././../mpfr/mpfr-3.1.1/src/yn.c -o yn.o
mv -f .deps/set_d64.Tpo .deps/set_d64.Plo
/bin/bash ../libtool --tag=CC   --mode=compile gcc-4.7 -DTIME_WITH_SYS_TIME=1 -DHAVE_INTTYPES_H=1 -DHAVE_STDINT_H=1 -DHAVE_LOCALE_H=1 -DHAVE_WCHAR_H=1 -DHAVE_STDARG=1 -DHAVE_SYS_TIME_H=1 -DHAVE_ALLOCA_H=1 -DHAVE_STDINT_H=1 -DHAVE_VA_COPY=1 -DHAVE_SETLOCALE=1 -DHAVE_GETTIMEOFDAY=1 -DHAVE_LONG_LONG=1 -DHAVE_INTMAX_T=1 -DMPFR_HAVE_INTMAX_MAX=1 -DMPFR_HAVE_FESETROUND=1 -DHAVE_DENORMS=1 -DHAVE_ROUND=1 -DHAVE_TRUNC=1 -DHAVE_FLOOR=1 -DHAVE_CEIL=1 -DHAVE_NEARBYINT=1 -DHAVE_LDOUBLE_IEEE_EXT_LITTLE=1 -DMPFR_USE_THREAD_SAFE=1 -DLT_OBJDIR=\".libs/\" -DHAVE_ATTRIBUTE_MODE=1 -DHAVE___GMPN_ROOTREM=1 -DHAVE___GMPN_SBPI1_DIVAPPR_Q=1 -I. -I../.././../mpfr/mpfr-3.1.1/src   -I/home/sparksco/android/toolchain/aosp/build/temp-install/include  -Wall -Wmissing-prototypes -Wpointer-arith -g -O2 -MT sub_d.lo -MD -MP -MF .deps/sub_d.Tpo -c -o sub_d.lo ../.././../mpfr/mpfr-3.1.1/src/sub_d.c
mv -f .deps/get_d64.Tpo .deps/get_d64.Plo
libtool: compile:  gcc-4.7 -DTIME_WITH_SYS_TIME=1 -DHAVE_INTTYPES_H=1 -DHAVE_STDINT_H=1 -DHAVE_LOCALE_H=1 -DHAVE_WCHAR_H=1 -DHAVE_STDARG=1 -DHAVE_SYS_TIME_H=1 -DHAVE_ALLOCA_H=1 -DHAVE_STDINT_H=1 -DHAVE_VA_COPY=1 -DHAVE_SETLOCALE=1 -DHAVE_GETTIMEOFDAY=1 -DHAVE_LONG_LONG=1 -DHAVE_INTMAX_T=1 -DMPFR_HAVE_INTMAX_MAX=1 -DMPFR_HAVE_FESETROUND=1 -DHAVE_DENORMS=1 -DHAVE_ROUND=1 -DHAVE_TRUNC=1 -DHAVE_FLOOR=1 -DHAVE_CEIL=1 -DHAVE_NEARBYINT=1 -DHAVE_LDOUBLE_IEEE_EXT_LITTLE=1 -DMPFR_USE_THREAD_SAFE=1 -DLT_OBJDIR=\".libs/\" -DHAVE_ATTRIBUTE_MODE=1 -DHAVE___GMPN_ROOTREM=1 -DHAVE___GMPN_SBPI1_DIVAPPR_Q=1 -I. -I../.././../mpfr/mpfr-3.1.1/src -I/home/sparksco/android/toolchain/aosp/build/temp-install/include -Wall -Wmissing-prototypes -Wpointer-arith -g -O2 -MT get_patches.lo -MD -MP -MF .deps/get_patches.Tpo -c ../.././../mpfr/mpfr-3.1.1/src/get_patches.c -o get_patches.o
/bin/bash ../libtool --tag=CC   --mode=compile gcc-4.7 -DTIME_WITH_SYS_TIME=1 -DHAVE_INTTYPES_H=1 -DHAVE_STDINT_H=1 -DHAVE_LOCALE_H=1 -DHAVE_WCHAR_H=1 -DHAVE_STDARG=1 -DHAVE_SYS_TIME_H=1 -DHAVE_ALLOCA_H=1 -DHAVE_STDINT_H=1 -DHAVE_VA_COPY=1 -DHAVE_SETLOCALE=1 -DHAVE_GETTIMEOFDAY=1 -DHAVE_LONG_LONG=1 -DHAVE_INTMAX_T=1 -DMPFR_HAVE_INTMAX_MAX=1 -DMPFR_HAVE_FESETROUND=1 -DHAVE_DENORMS=1 -DHAVE_ROUND=1 -DHAVE_TRUNC=1 -DHAVE_FLOOR=1 -DHAVE_CEIL=1 -DHAVE_NEARBYINT=1 -DHAVE_LDOUBLE_IEEE_EXT_LITTLE=1 -DMPFR_USE_THREAD_SAFE=1 -DLT_OBJDIR=\".libs/\" -DHAVE_ATTRIBUTE_MODE=1 -DHAVE___GMPN_ROOTREM=1 -DHAVE___GMPN_SBPI1_DIVAPPR_Q=1 -I. -I../.././../mpfr/mpfr-3.1.1/src   -I/home/sparksco/android/toolchain/aosp/build/temp-install/include  -Wall -Wmissing-prototypes -Wpointer-arith -g -O2 -MT d_sub.lo -MD -MP -MF .deps/d_sub.Tpo -c -o d_sub.lo ../.././../mpfr/mpfr-3.1.1/src/d_sub.c
config.status: creating config.h
libtool: compile:  gcc-4.7 -DTIME_WITH_SYS_TIME=1 -DHAVE_INTTYPES_H=1 -DHAVE_STDINT_H=1 -DHAVE_LOCALE_H=1 -DHAVE_WCHAR_H=1 -DHAVE_STDARG=1 -DHAVE_SYS_TIME_H=1 -DHAVE_ALLOCA_H=1 -DHAVE_STDINT_H=1 -DHAVE_VA_COPY=1 -DHAVE_SETLOCALE=1 -DHAVE_GETTIMEOFDAY=1 -DHAVE_LONG_LONG=1 -DHAVE_INTMAX_T=1 -DMPFR_HAVE_INTMAX_MAX=1 -DMPFR_HAVE_FESETROUND=1 -DHAVE_DENORMS=1 -DHAVE_ROUND=1 -DHAVE_TRUNC=1 -DHAVE_FLOOR=1 -DHAVE_CEIL=1 -DHAVE_NEARBYINT=1 -DHAVE_LDOUBLE_IEEE_EXT_LITTLE=1 -DMPFR_USE_THREAD_SAFE=1 -DLT_OBJDIR=\".libs/\" -DHAVE_ATTRIBUTE_MODE=1 -DHAVE___GMPN_ROOTREM=1 -DHAVE___GMPN_SBPI1_DIVAPPR_Q=1 -I. -I../.././../mpfr/mpfr-3.1.1/src -I/home/sparksco/android/toolchain/aosp/build/temp-install/include -Wall -Wmissing-prototypes -Wpointer-arith -g -O2 -MT add_d.lo -MD -MP -MF .deps/add_d.Tpo -c ../.././../mpfr/mpfr-3.1.1/src/add_d.c -o add_d.o
libtool: compile:  gcc-4.7 -DTIME_WITH_SYS_TIME=1 -DHAVE_INTTYPES_H=1 -DHAVE_STDINT_H=1 -DHAVE_LOCALE_H=1 -DHAVE_WCHAR_H=1 -DHAVE_STDARG=1 -DHAVE_SYS_TIME_H=1 -DHAVE_ALLOCA_H=1 -DHAVE_STDINT_H=1 -DHAVE_VA_COPY=1 -DHAVE_SETLOCALE=1 -DHAVE_GETTIMEOFDAY=1 -DHAVE_LONG_LONG=1 -DHAVE_INTMAX_T=1 -DMPFR_HAVE_INTMAX_MAX=1 -DMPFR_HAVE_FESETROUND=1 -DHAVE_DENORMS=1 -DHAVE_ROUND=1 -DHAVE_TRUNC=1 -DHAVE_FLOOR=1 -DHAVE_CEIL=1 -DHAVE_NEARBYINT=1 -DHAVE_LDOUBLE_IEEE_EXT_LITTLE=1 -DMPFR_USE_THREAD_SAFE=1 -DLT_OBJDIR=\".libs/\" -DHAVE_ATTRIBUTE_MODE=1 -DHAVE___GMPN_ROOTREM=1 -DHAVE___GMPN_SBPI1_DIVAPPR_Q=1 -I. -I../.././../mpfr/mpfr-3.1.1/src -I/home/sparksco/android/toolchain/aosp/build/temp-install/include -Wall -Wmissing-prototypes -Wpointer-arith -g -O2 -MT sub_d.lo -MD -MP -MF .deps/sub_d.Tpo -c ../.././../mpfr/mpfr-3.1.1/src/sub_d.c -o sub_d.o
config.status: executing depfiles commands
libtool: compile:  gcc-4.7 -DTIME_WITH_SYS_TIME=1 -DHAVE_INTTYPES_H=1 -DHAVE_STDINT_H=1 -DHAVE_LOCALE_H=1 -DHAVE_WCHAR_H=1 -DHAVE_STDARG=1 -DHAVE_SYS_TIME_H=1 -DHAVE_ALLOCA_H=1 -DHAVE_STDINT_H=1 -DHAVE_VA_COPY=1 -DHAVE_SETLOCALE=1 -DHAVE_GETTIMEOFDAY=1 -DHAVE_LONG_LONG=1 -DHAVE_INTMAX_T=1 -DMPFR_HAVE_INTMAX_MAX=1 -DMPFR_HAVE_FESETROUND=1 -DHAVE_DENORMS=1 -DHAVE_ROUND=1 -DHAVE_TRUNC=1 -DHAVE_FLOOR=1 -DHAVE_CEIL=1 -DHAVE_NEARBYINT=1 -DHAVE_LDOUBLE_IEEE_EXT_LITTLE=1 -DMPFR_USE_THREAD_SAFE=1 -DLT_OBJDIR=\".libs/\" -DHAVE_ATTRIBUTE_MODE=1 -DHAVE___GMPN_ROOTREM=1 -DHAVE___GMPN_SBPI1_DIVAPPR_Q=1 -I. -I../.././../mpfr/mpfr-3.1.1/src -I/home/sparksco/android/toolchain/aosp/build/temp-install/include -Wall -Wmissing-prototypes -Wpointer-arith -g -O2 -MT d_sub.lo -MD -MP -MF .deps/d_sub.Tpo -c ../.././../mpfr/mpfr-3.1.1/src/d_sub.c -o d_sub.o
mv -f .deps/zeta_ui.Tpo .deps/zeta_ui.Plo
/bin/bash ../libtool --tag=CC   --mode=compile gcc-4.7 -DTIME_WITH_SYS_TIME=1 -DHAVE_INTTYPES_H=1 -DHAVE_STDINT_H=1 -DHAVE_LOCALE_H=1 -DHAVE_WCHAR_H=1 -DHAVE_STDARG=1 -DHAVE_SYS_TIME_H=1 -DHAVE_ALLOCA_H=1 -DHAVE_STDINT_H=1 -DHAVE_VA_COPY=1 -DHAVE_SETLOCALE=1 -DHAVE_GETTIMEOFDAY=1 -DHAVE_LONG_LONG=1 -DHAVE_INTMAX_T=1 -DMPFR_HAVE_INTMAX_MAX=1 -DMPFR_HAVE_FESETROUND=1 -DHAVE_DENORMS=1 -DHAVE_ROUND=1 -DHAVE_TRUNC=1 -DHAVE_FLOOR=1 -DHAVE_CEIL=1 -DHAVE_NEARBYINT=1 -DHAVE_LDOUBLE_IEEE_EXT_LITTLE=1 -DMPFR_USE_THREAD_SAFE=1 -DLT_OBJDIR=\".libs/\" -DHAVE_ATTRIBUTE_MODE=1 -DHAVE___GMPN_ROOTREM=1 -DHAVE___GMPN_SBPI1_DIVAPPR_Q=1 -I. -I../.././../mpfr/mpfr-3.1.1/src   -I/home/sparksco/android/toolchain/aosp/build/temp-install/include  -Wall -Wmissing-prototypes -Wpointer-arith -g -O2 -MT mul_d.lo -MD -MP -MF .deps/mul_d.Tpo -c -o mul_d.lo ../.././../mpfr/mpfr-3.1.1/src/mul_d.c
mv -f .deps/get_patches.Tpo .deps/get_patches.Plo
/bin/bash ../libtool --tag=CC   --mode=compile gcc-4.7 -DTIME_WITH_SYS_TIME=1 -DHAVE_INTTYPES_H=1 -DHAVE_STDINT_H=1 -DHAVE_LOCALE_H=1 -DHAVE_WCHAR_H=1 -DHAVE_STDARG=1 -DHAVE_SYS_TIME_H=1 -DHAVE_ALLOCA_H=1 -DHAVE_STDINT_H=1 -DHAVE_VA_COPY=1 -DHAVE_SETLOCALE=1 -DHAVE_GETTIMEOFDAY=1 -DHAVE_LONG_LONG=1 -DHAVE_INTMAX_T=1 -DMPFR_HAVE_INTMAX_MAX=1 -DMPFR_HAVE_FESETROUND=1 -DHAVE_DENORMS=1 -DHAVE_ROUND=1 -DHAVE_TRUNC=1 -DHAVE_FLOOR=1 -DHAVE_CEIL=1 -DHAVE_NEARBYINT=1 -DHAVE_LDOUBLE_IEEE_EXT_LITTLE=1 -DMPFR_USE_THREAD_SAFE=1 -DLT_OBJDIR=\".libs/\" -DHAVE_ATTRIBUTE_MODE=1 -DHAVE___GMPN_ROOTREM=1 -DHAVE___GMPN_SBPI1_DIVAPPR_Q=1 -I. -I../.././../mpfr/mpfr-3.1.1/src   -I/home/sparksco/android/toolchain/aosp/build/temp-install/include  -Wall -Wmissing-prototypes -Wpointer-arith -g -O2 -MT div_d.lo -MD -MP -MF .deps/div_d.Tpo -c -o div_d.lo ../.././../mpfr/mpfr-3.1.1/src/div_d.c
mv -f .deps/rem1.Tpo .deps/rem1.Plo
/bin/bash ../libtool --tag=CC   --mode=compile gcc-4.7 -DTIME_WITH_SYS_TIME=1 -DHAVE_INTTYPES_H=1 -DHAVE_STDINT_H=1 -DHAVE_LOCALE_H=1 -DHAVE_WCHAR_H=1 -DHAVE_STDARG=1 -DHAVE_SYS_TIME_H=1 -DHAVE_ALLOCA_H=1 -DHAVE_STDINT_H=1 -DHAVE_VA_COPY=1 -DHAVE_SETLOCALE=1 -DHAVE_GETTIMEOFDAY=1 -DHAVE_LONG_LONG=1 -DHAVE_INTMAX_T=1 -DMPFR_HAVE_INTMAX_MAX=1 -DMPFR_HAVE_FESETROUND=1 -DHAVE_DENORMS=1 -DHAVE_ROUND=1 -DHAVE_TRUNC=1 -DHAVE_FLOOR=1 -DHAVE_CEIL=1 -DHAVE_NEARBYINT=1 -DHAVE_LDOUBLE_IEEE_EXT_LITTLE=1 -DMPFR_USE_THREAD_SAFE=1 -DLT_OBJDIR=\".libs/\" -DHAVE_ATTRIBUTE_MODE=1 -DHAVE___GMPN_ROOTREM=1 -DHAVE___GMPN_SBPI1_DIVAPPR_Q=1 -I. -I../.././../mpfr/mpfr-3.1.1/src   -I/home/sparksco/android/toolchain/aosp/build/temp-install/include  -Wall -Wmissing-prototypes -Wpointer-arith -g -O2 -MT d_div.lo -MD -MP -MF .deps/d_div.Tpo -c -o d_div.lo ../.././../mpfr/mpfr-3.1.1/src/d_div.c
mv -f .deps/sub_d.Tpo .deps/sub_d.Plo
mv -f .deps/add_d.Tpo .deps/add_d.Plo
/bin/bash ../libtool --tag=CC   --mode=compile gcc-4.7 -DTIME_WITH_SYS_TIME=1 -DHAVE_INTTYPES_H=1 -DHAVE_STDINT_H=1 -DHAVE_LOCALE_H=1 -DHAVE_WCHAR_H=1 -DHAVE_STDARG=1 -DHAVE_SYS_TIME_H=1 -DHAVE_ALLOCA_H=1 -DHAVE_STDINT_H=1 -DHAVE_VA_COPY=1 -DHAVE_SETLOCALE=1 -DHAVE_GETTIMEOFDAY=1 -DHAVE_LONG_LONG=1 -DHAVE_INTMAX_T=1 -DMPFR_HAVE_INTMAX_MAX=1 -DMPFR_HAVE_FESETROUND=1 -DHAVE_DENORMS=1 -DHAVE_ROUND=1 -DHAVE_TRUNC=1 -DHAVE_FLOOR=1 -DHAVE_CEIL=1 -DHAVE_NEARBYINT=1 -DHAVE_LDOUBLE_IEEE_EXT_LITTLE=1 -DMPFR_USE_THREAD_SAFE=1 -DLT_OBJDIR=\".libs/\" -DHAVE_ATTRIBUTE_MODE=1 -DHAVE___GMPN_ROOTREM=1 -DHAVE___GMPN_SBPI1_DIVAPPR_Q=1 -I. -I../.././../mpfr/mpfr-3.1.1/src   -I/home/sparksco/android/toolchain/aosp/build/temp-install/include  -Wall -Wmissing-prototypes -Wpointer-arith -g -O2 -MT li2.lo -MD -MP -MF .deps/li2.Tpo -c -o li2.lo ../.././../mpfr/mpfr-3.1.1/src/li2.c
/bin/bash ../libtool --tag=CC   --mode=compile gcc-4.7 -DTIME_WITH_SYS_TIME=1 -DHAVE_INTTYPES_H=1 -DHAVE_STDINT_H=1 -DHAVE_LOCALE_H=1 -DHAVE_WCHAR_H=1 -DHAVE_STDARG=1 -DHAVE_SYS_TIME_H=1 -DHAVE_ALLOCA_H=1 -DHAVE_STDINT_H=1 -DHAVE_VA_COPY=1 -DHAVE_SETLOCALE=1 -DHAVE_GETTIMEOFDAY=1 -DHAVE_LONG_LONG=1 -DHAVE_INTMAX_T=1 -DMPFR_HAVE_INTMAX_MAX=1 -DMPFR_HAVE_FESETROUND=1 -DHAVE_DENORMS=1 -DHAVE_ROUND=1 -DHAVE_TRUNC=1 -DHAVE_FLOOR=1 -DHAVE_CEIL=1 -DHAVE_NEARBYINT=1 -DHAVE_LDOUBLE_IEEE_EXT_LITTLE=1 -DMPFR_USE_THREAD_SAFE=1 -DLT_OBJDIR=\".libs/\" -DHAVE_ATTRIBUTE_MODE=1 -DHAVE___GMPN_ROOTREM=1 -DHAVE___GMPN_SBPI1_DIVAPPR_Q=1 -I. -I../.././../mpfr/mpfr-3.1.1/src   -I/home/sparksco/android/toolchain/aosp/build/temp-install/include  -Wall -Wmissing-prototypes -Wpointer-arith -g -O2 -MT rec_sqrt.lo -MD -MP -MF .deps/rec_sqrt.Tpo -c -o rec_sqrt.lo ../.././../mpfr/mpfr-3.1.1/src/rec_sqrt.c
mv -f .deps/d_sub.Tpo .deps/d_sub.Plo
libtool: compile:  gcc-4.7 -DTIME_WITH_SYS_TIME=1 -DHAVE_INTTYPES_H=1 -DHAVE_STDINT_H=1 -DHAVE_LOCALE_H=1 -DHAVE_WCHAR_H=1 -DHAVE_STDARG=1 -DHAVE_SYS_TIME_H=1 -DHAVE_ALLOCA_H=1 -DHAVE_STDINT_H=1 -DHAVE_VA_COPY=1 -DHAVE_SETLOCALE=1 -DHAVE_GETTIMEOFDAY=1 -DHAVE_LONG_LONG=1 -DHAVE_INTMAX_T=1 -DMPFR_HAVE_INTMAX_MAX=1 -DMPFR_HAVE_FESETROUND=1 -DHAVE_DENORMS=1 -DHAVE_ROUND=1 -DHAVE_TRUNC=1 -DHAVE_FLOOR=1 -DHAVE_CEIL=1 -DHAVE_NEARBYINT=1 -DHAVE_LDOUBLE_IEEE_EXT_LITTLE=1 -DMPFR_USE_THREAD_SAFE=1 -DLT_OBJDIR=\".libs/\" -DHAVE_ATTRIBUTE_MODE=1 -DHAVE___GMPN_ROOTREM=1 -DHAVE___GMPN_SBPI1_DIVAPPR_Q=1 -I. -I../.././../mpfr/mpfr-3.1.1/src -I/home/sparksco/android/toolchain/aosp/build/temp-install/include -Wall -Wmissing-prototypes -Wpointer-arith -g -O2 -MT mul_d.lo -MD -MP -MF .deps/mul_d.Tpo -c ../.././../mpfr/mpfr-3.1.1/src/mul_d.c -o mul_d.o
libtool: compile:  gcc-4.7 -DTIME_WITH_SYS_TIME=1 -DHAVE_INTTYPES_H=1 -DHAVE_STDINT_H=1 -DHAVE_LOCALE_H=1 -DHAVE_WCHAR_H=1 -DHAVE_STDARG=1 -DHAVE_SYS_TIME_H=1 -DHAVE_ALLOCA_H=1 -DHAVE_STDINT_H=1 -DHAVE_VA_COPY=1 -DHAVE_SETLOCALE=1 -DHAVE_GETTIMEOFDAY=1 -DHAVE_LONG_LONG=1 -DHAVE_INTMAX_T=1 -DMPFR_HAVE_INTMAX_MAX=1 -DMPFR_HAVE_FESETROUND=1 -DHAVE_DENORMS=1 -DHAVE_ROUND=1 -DHAVE_TRUNC=1 -DHAVE_FLOOR=1 -DHAVE_CEIL=1 -DHAVE_NEARBYINT=1 -DHAVE_LDOUBLE_IEEE_EXT_LITTLE=1 -DMPFR_USE_THREAD_SAFE=1 -DLT_OBJDIR=\".libs/\" -DHAVE_ATTRIBUTE_MODE=1 -DHAVE___GMPN_ROOTREM=1 -DHAVE___GMPN_SBPI1_DIVAPPR_Q=1 -I. -I../.././../mpfr/mpfr-3.1.1/src -I/home/sparksco/android/toolchain/aosp/build/temp-install/include -Wall -Wmissing-prototypes -Wpointer-arith -g -O2 -MT div_d.lo -MD -MP -MF .deps/div_d.Tpo -c ../.././../mpfr/mpfr-3.1.1/src/div_d.c -o div_d.o
/bin/bash ../libtool --tag=CC   --mode=compile gcc-4.7 -DTIME_WITH_SYS_TIME=1 -DHAVE_INTTYPES_H=1 -DHAVE_STDINT_H=1 -DHAVE_LOCALE_H=1 -DHAVE_WCHAR_H=1 -DHAVE_STDARG=1 -DHAVE_SYS_TIME_H=1 -DHAVE_ALLOCA_H=1 -DHAVE_STDINT_H=1 -DHAVE_VA_COPY=1 -DHAVE_SETLOCALE=1 -DHAVE_GETTIMEOFDAY=1 -DHAVE_LONG_LONG=1 -DHAVE_INTMAX_T=1 -DMPFR_HAVE_INTMAX_MAX=1 -DMPFR_HAVE_FESETROUND=1 -DHAVE_DENORMS=1 -DHAVE_ROUND=1 -DHAVE_TRUNC=1 -DHAVE_FLOOR=1 -DHAVE_CEIL=1 -DHAVE_NEARBYINT=1 -DHAVE_LDOUBLE_IEEE_EXT_LITTLE=1 -DMPFR_USE_THREAD_SAFE=1 -DLT_OBJDIR=\".libs/\" -DHAVE_ATTRIBUTE_MODE=1 -DHAVE___GMPN_ROOTREM=1 -DHAVE___GMPN_SBPI1_DIVAPPR_Q=1 -I. -I../.././../mpfr/mpfr-3.1.1/src   -I/home/sparksco/android/toolchain/aosp/build/temp-install/include  -Wall -Wmissing-prototypes -Wpointer-arith -g -O2 -MT min_prec.lo -MD -MP -MF .deps/min_prec.Tpo -c -o min_prec.lo ../.././../mpfr/mpfr-3.1.1/src/min_prec.c
config.status: executing default commands
libtool: compile:  gcc-4.7 -DTIME_WITH_SYS_TIME=1 -DHAVE_INTTYPES_H=1 -DHAVE_STDINT_H=1 -DHAVE_LOCALE_H=1 -DHAVE_WCHAR_H=1 -DHAVE_STDARG=1 -DHAVE_SYS_TIME_H=1 -DHAVE_ALLOCA_H=1 -DHAVE_STDINT_H=1 -DHAVE_VA_COPY=1 -DHAVE_SETLOCALE=1 -DHAVE_GETTIMEOFDAY=1 -DHAVE_LONG_LONG=1 -DHAVE_INTMAX_T=1 -DMPFR_HAVE_INTMAX_MAX=1 -DMPFR_HAVE_FESETROUND=1 -DHAVE_DENORMS=1 -DHAVE_ROUND=1 -DHAVE_TRUNC=1 -DHAVE_FLOOR=1 -DHAVE_CEIL=1 -DHAVE_NEARBYINT=1 -DHAVE_LDOUBLE_IEEE_EXT_LITTLE=1 -DMPFR_USE_THREAD_SAFE=1 -DLT_OBJDIR=\".libs/\" -DHAVE_ATTRIBUTE_MODE=1 -DHAVE___GMPN_ROOTREM=1 -DHAVE___GMPN_SBPI1_DIVAPPR_Q=1 -I. -I../.././../mpfr/mpfr-3.1.1/src -I/home/sparksco/android/toolchain/aosp/build/temp-install/include -Wall -Wmissing-prototypes -Wpointer-arith -g -O2 -MT d_div.lo -MD -MP -MF .deps/d_div.Tpo -c ../.././../mpfr/mpfr-3.1.1/src/d_div.c -o d_div.o
mv -f .deps/lngamma.Tpo .deps/lngamma.Plo
libtool: compile:  gcc-4.7 -DTIME_WITH_SYS_TIME=1 -DHAVE_INTTYPES_H=1 -DHAVE_STDINT_H=1 -DHAVE_LOCALE_H=1 -DHAVE_WCHAR_H=1 -DHAVE_STDARG=1 -DHAVE_SYS_TIME_H=1 -DHAVE_ALLOCA_H=1 -DHAVE_STDINT_H=1 -DHAVE_VA_COPY=1 -DHAVE_SETLOCALE=1 -DHAVE_GETTIMEOFDAY=1 -DHAVE_LONG_LONG=1 -DHAVE_INTMAX_T=1 -DMPFR_HAVE_INTMAX_MAX=1 -DMPFR_HAVE_FESETROUND=1 -DHAVE_DENORMS=1 -DHAVE_ROUND=1 -DHAVE_TRUNC=1 -DHAVE_FLOOR=1 -DHAVE_CEIL=1 -DHAVE_NEARBYINT=1 -DHAVE_LDOUBLE_IEEE_EXT_LITTLE=1 -DMPFR_USE_THREAD_SAFE=1 -DLT_OBJDIR=\".libs/\" -DHAVE_ATTRIBUTE_MODE=1 -DHAVE___GMPN_ROOTREM=1 -DHAVE___GMPN_SBPI1_DIVAPPR_Q=1 -I. -I../.././../mpfr/mpfr-3.1.1/src -I/home/sparksco/android/toolchain/aosp/build/temp-install/include -Wall -Wmissing-prototypes -Wpointer-arith -g -O2 -MT li2.lo -MD -MP -MF .deps/li2.Tpo -c ../.././../mpfr/mpfr-3.1.1/src/li2.c -o li2.o
libtool: compile:  gcc-4.7 -DTIME_WITH_SYS_TIME=1 -DHAVE_INTTYPES_H=1 -DHAVE_STDINT_H=1 -DHAVE_LOCALE_H=1 -DHAVE_WCHAR_H=1 -DHAVE_STDARG=1 -DHAVE_SYS_TIME_H=1 -DHAVE_ALLOCA_H=1 -DHAVE_STDINT_H=1 -DHAVE_VA_COPY=1 -DHAVE_SETLOCALE=1 -DHAVE_GETTIMEOFDAY=1 -DHAVE_LONG_LONG=1 -DHAVE_INTMAX_T=1 -DMPFR_HAVE_INTMAX_MAX=1 -DMPFR_HAVE_FESETROUND=1 -DHAVE_DENORMS=1 -DHAVE_ROUND=1 -DHAVE_TRUNC=1 -DHAVE_FLOOR=1 -DHAVE_CEIL=1 -DHAVE_NEARBYINT=1 -DHAVE_LDOUBLE_IEEE_EXT_LITTLE=1 -DMPFR_USE_THREAD_SAFE=1 -DLT_OBJDIR=\".libs/\" -DHAVE_ATTRIBUTE_MODE=1 -DHAVE___GMPN_ROOTREM=1 -DHAVE___GMPN_SBPI1_DIVAPPR_Q=1 -I. -I../.././../mpfr/mpfr-3.1.1/src -I/home/sparksco/android/toolchain/aosp/build/temp-install/include -Wall -Wmissing-prototypes -Wpointer-arith -g -O2 -MT min_prec.lo -MD -MP -MF .deps/min_prec.Tpo -c ../.././../mpfr/mpfr-3.1.1/src/min_prec.c -o min_prec.o
/bin/bash ../libtool --tag=CC   --mode=compile gcc-4.7 -DTIME_WITH_SYS_TIME=1 -DHAVE_INTTYPES_H=1 -DHAVE_STDINT_H=1 -DHAVE_LOCALE_H=1 -DHAVE_WCHAR_H=1 -DHAVE_STDARG=1 -DHAVE_SYS_TIME_H=1 -DHAVE_ALLOCA_H=1 -DHAVE_STDINT_H=1 -DHAVE_VA_COPY=1 -DHAVE_SETLOCALE=1 -DHAVE_GETTIMEOFDAY=1 -DHAVE_LONG_LONG=1 -DHAVE_INTMAX_T=1 -DMPFR_HAVE_INTMAX_MAX=1 -DMPFR_HAVE_FESETROUND=1 -DHAVE_DENORMS=1 -DHAVE_ROUND=1 -DHAVE_TRUNC=1 -DHAVE_FLOOR=1 -DHAVE_CEIL=1 -DHAVE_NEARBYINT=1 -DHAVE_LDOUBLE_IEEE_EXT_LITTLE=1 -DMPFR_USE_THREAD_SAFE=1 -DLT_OBJDIR=\".libs/\" -DHAVE_ATTRIBUTE_MODE=1 -DHAVE___GMPN_ROOTREM=1 -DHAVE___GMPN_SBPI1_DIVAPPR_Q=1 -I. -I../.././../mpfr/mpfr-3.1.1/src   -I/home/sparksco/android/toolchain/aosp/build/temp-install/include  -Wall -Wmissing-prototypes -Wpointer-arith -g -O2 -MT buildopt.lo -MD -MP -MF .deps/buildopt.Tpo -c -o buildopt.lo ../.././../mpfr/mpfr-3.1.1/src/buildopt.c
libtool: compile:  gcc-4.7 -DTIME_WITH_SYS_TIME=1 -DHAVE_INTTYPES_H=1 -DHAVE_STDINT_H=1 -DHAVE_LOCALE_H=1 -DHAVE_WCHAR_H=1 -DHAVE_STDARG=1 -DHAVE_SYS_TIME_H=1 -DHAVE_ALLOCA_H=1 -DHAVE_STDINT_H=1 -DHAVE_VA_COPY=1 -DHAVE_SETLOCALE=1 -DHAVE_GETTIMEOFDAY=1 -DHAVE_LONG_LONG=1 -DHAVE_INTMAX_T=1 -DMPFR_HAVE_INTMAX_MAX=1 -DMPFR_HAVE_FESETROUND=1 -DHAVE_DENORMS=1 -DHAVE_ROUND=1 -DHAVE_TRUNC=1 -DHAVE_FLOOR=1 -DHAVE_CEIL=1 -DHAVE_NEARBYINT=1 -DHAVE_LDOUBLE_IEEE_EXT_LITTLE=1 -DMPFR_USE_THREAD_SAFE=1 -DLT_OBJDIR=\".libs/\" -DHAVE_ATTRIBUTE_MODE=1 -DHAVE___GMPN_ROOTREM=1 -DHAVE___GMPN_SBPI1_DIVAPPR_Q=1 -I. -I../.././../mpfr/mpfr-3.1.1/src -I/home/sparksco/android/toolchain/aosp/build/temp-install/include -Wall -Wmissing-prototypes -Wpointer-arith -g -O2 -MT rec_sqrt.lo -MD -MP -MF .deps/rec_sqrt.Tpo -c ../.././../mpfr/mpfr-3.1.1/src/rec_sqrt.c -o rec_sqrt.o
mv -f .deps/div_d.Tpo .deps/div_d.Plo
/bin/bash ../libtool --tag=CC   --mode=compile gcc-4.7 -DTIME_WITH_SYS_TIME=1 -DHAVE_INTTYPES_H=1 -DHAVE_STDINT_H=1 -DHAVE_LOCALE_H=1 -DHAVE_WCHAR_H=1 -DHAVE_STDARG=1 -DHAVE_SYS_TIME_H=1 -DHAVE_ALLOCA_H=1 -DHAVE_STDINT_H=1 -DHAVE_VA_COPY=1 -DHAVE_SETLOCALE=1 -DHAVE_GETTIMEOFDAY=1 -DHAVE_LONG_LONG=1 -DHAVE_INTMAX_T=1 -DMPFR_HAVE_INTMAX_MAX=1 -DMPFR_HAVE_FESETROUND=1 -DHAVE_DENORMS=1 -DHAVE_ROUND=1 -DHAVE_TRUNC=1 -DHAVE_FLOOR=1 -DHAVE_CEIL=1 -DHAVE_NEARBYINT=1 -DHAVE_LDOUBLE_IEEE_EXT_LITTLE=1 -DMPFR_USE_THREAD_SAFE=1 -DLT_OBJDIR=\".libs/\" -DHAVE_ATTRIBUTE_MODE=1 -DHAVE___GMPN_ROOTREM=1 -DHAVE___GMPN_SBPI1_DIVAPPR_Q=1 -I. -I../.././../mpfr/mpfr-3.1.1/src   -I/home/sparksco/android/toolchain/aosp/build/temp-install/include  -Wall -Wmissing-prototypes -Wpointer-arith -g -O2 -MT digamma.lo -MD -MP -MF .deps/digamma.Tpo -c -o digamma.lo ../.././../mpfr/mpfr-3.1.1/src/digamma.c
mv -f .deps/mul_d.Tpo .deps/mul_d.Plo
/bin/bash ../libtool --tag=CC   --mode=compile gcc-4.7 -DTIME_WITH_SYS_TIME=1 -DHAVE_INTTYPES_H=1 -DHAVE_STDINT_H=1 -DHAVE_LOCALE_H=1 -DHAVE_WCHAR_H=1 -DHAVE_STDARG=1 -DHAVE_SYS_TIME_H=1 -DHAVE_ALLOCA_H=1 -DHAVE_STDINT_H=1 -DHAVE_VA_COPY=1 -DHAVE_SETLOCALE=1 -DHAVE_GETTIMEOFDAY=1 -DHAVE_LONG_LONG=1 -DHAVE_INTMAX_T=1 -DMPFR_HAVE_INTMAX_MAX=1 -DMPFR_HAVE_FESETROUND=1 -DHAVE_DENORMS=1 -DHAVE_ROUND=1 -DHAVE_TRUNC=1 -DHAVE_FLOOR=1 -DHAVE_CEIL=1 -DHAVE_NEARBYINT=1 -DHAVE_LDOUBLE_IEEE_EXT_LITTLE=1 -DMPFR_USE_THREAD_SAFE=1 -DLT_OBJDIR=\".libs/\" -DHAVE_ATTRIBUTE_MODE=1 -DHAVE___GMPN_ROOTREM=1 -DHAVE___GMPN_SBPI1_DIVAPPR_Q=1 -I. -I../.././../mpfr/mpfr-3.1.1/src   -I/home/sparksco/android/toolchain/aosp/build/temp-install/include  -Wall -Wmissing-prototypes -Wpointer-arith -g -O2 -MT bernoulli.lo -MD -MP -MF .deps/bernoulli.Tpo -c -o bernoulli.lo ../.././../mpfr/mpfr-3.1.1/src/bernoulli.c
mv -f .deps/d_div.Tpo .deps/d_div.Plo
/bin/bash ../libtool --tag=CC   --mode=compile gcc-4.7 -DTIME_WITH_SYS_TIME=1 -DHAVE_INTTYPES_H=1 -DHAVE_STDINT_H=1 -DHAVE_LOCALE_H=1 -DHAVE_WCHAR_H=1 -DHAVE_STDARG=1 -DHAVE_SYS_TIME_H=1 -DHAVE_ALLOCA_H=1 -DHAVE_STDINT_H=1 -DHAVE_VA_COPY=1 -DHAVE_SETLOCALE=1 -DHAVE_GETTIMEOFDAY=1 -DHAVE_LONG_LONG=1 -DHAVE_INTMAX_T=1 -DMPFR_HAVE_INTMAX_MAX=1 -DMPFR_HAVE_FESETROUND=1 -DHAVE_DENORMS=1 -DHAVE_ROUND=1 -DHAVE_TRUNC=1 -DHAVE_FLOOR=1 -DHAVE_CEIL=1 -DHAVE_NEARBYINT=1 -DHAVE_LDOUBLE_IEEE_EXT_LITTLE=1 -DMPFR_USE_THREAD_SAFE=1 -DLT_OBJDIR=\".libs/\" -DHAVE_ATTRIBUTE_MODE=1 -DHAVE___GMPN_ROOTREM=1 -DHAVE___GMPN_SBPI1_DIVAPPR_Q=1 -I. -I../.././../mpfr/mpfr-3.1.1/src   -I/home/sparksco/android/toolchain/aosp/build/temp-install/include  -Wall -Wmissing-prototypes -Wpointer-arith -g -O2 -MT isregular.lo -MD -MP -MF .deps/isregular.Tpo -c -o isregular.lo ../.././../mpfr/mpfr-3.1.1/src/isregular.c
checking whether NLS is requested... no
checking whether makeinfo --split-size=5000000 supports @click... mv -f .deps/min_prec.Tpo .deps/min_prec.Plo
/bin/bash ../libtool --tag=CC   --mode=compile gcc-4.7 -DTIME_WITH_SYS_TIME=1 -DHAVE_INTTYPES_H=1 -DHAVE_STDINT_H=1 -DHAVE_LOCALE_H=1 -DHAVE_WCHAR_H=1 -DHAVE_STDARG=1 -DHAVE_SYS_TIME_H=1 -DHAVE_ALLOCA_H=1 -DHAVE_STDINT_H=1 -DHAVE_VA_COPY=1 -DHAVE_SETLOCALE=1 -DHAVE_GETTIMEOFDAY=1 -DHAVE_LONG_LONG=1 -DHAVE_INTMAX_T=1 -DMPFR_HAVE_INTMAX_MAX=1 -DMPFR_HAVE_FESETROUND=1 -DHAVE_DENORMS=1 -DHAVE_ROUND=1 -DHAVE_TRUNC=1 -DHAVE_FLOOR=1 -DHAVE_CEIL=1 -DHAVE_NEARBYINT=1 -DHAVE_LDOUBLE_IEEE_EXT_LITTLE=1 -DMPFR_USE_THREAD_SAFE=1 -DLT_OBJDIR=\".libs/\" -DHAVE_ATTRIBUTE_MODE=1 -DHAVE___GMPN_ROOTREM=1 -DHAVE___GMPN_SBPI1_DIVAPPR_Q=1 -I. -I../.././../mpfr/mpfr-3.1.1/src   -I/home/sparksco/android/toolchain/aosp/build/temp-install/include  -Wall -Wmissing-prototypes -Wpointer-arith -g -O2 -MT set_flt.lo -MD -MP -MF .deps/set_flt.Tpo -c -o set_flt.lo ../.././../mpfr/mpfr-3.1.1/src/set_flt.c
yes
libtool: compile:  gcc-4.7 -DTIME_WITH_SYS_TIME=1 -DHAVE_INTTYPES_H=1 -DHAVE_STDINT_H=1 -DHAVE_LOCALE_H=1 -DHAVE_WCHAR_H=1 -DHAVE_STDARG=1 -DHAVE_SYS_TIME_H=1 -DHAVE_ALLOCA_H=1 -DHAVE_STDINT_H=1 -DHAVE_VA_COPY=1 -DHAVE_SETLOCALE=1 -DHAVE_GETTIMEOFDAY=1 -DHAVE_LONG_LONG=1 -DHAVE_INTMAX_T=1 -DMPFR_HAVE_INTMAX_MAX=1 -DMPFR_HAVE_FESETROUND=1 -DHAVE_DENORMS=1 -DHAVE_ROUND=1 -DHAVE_TRUNC=1 -DHAVE_FLOOR=1 -DHAVE_CEIL=1 -DHAVE_NEARBYINT=1 -DHAVE_LDOUBLE_IEEE_EXT_LITTLE=1 -DMPFR_USE_THREAD_SAFE=1 -DLT_OBJDIR=\".libs/\" -DHAVE_ATTRIBUTE_MODE=1 -DHAVE___GMPN_ROOTREM=1 -DHAVE___GMPN_SBPI1_DIVAPPR_Q=1 -I. -I../.././../mpfr/mpfr-3.1.1/src -I/home/sparksco/android/toolchain/aosp/build/temp-install/include -Wall -Wmissing-prototypes -Wpointer-arith -g -O2 -MT buildopt.lo -MD -MP -MF .deps/buildopt.Tpo -c ../.././../mpfr/mpfr-3.1.1/src/buildopt.c -o buildopt.o
libtool: compile:  gcc-4.7 -DTIME_WITH_SYS_TIME=1 -DHAVE_INTTYPES_H=1 -DHAVE_STDINT_H=1 -DHAVE_LOCALE_H=1 -DHAVE_WCHAR_H=1 -DHAVE_STDARG=1 -DHAVE_SYS_TIME_H=1 -DHAVE_ALLOCA_H=1 -DHAVE_STDINT_H=1 -DHAVE_VA_COPY=1 -DHAVE_SETLOCALE=1 -DHAVE_GETTIMEOFDAY=1 -DHAVE_LONG_LONG=1 -DHAVE_INTMAX_T=1 -DMPFR_HAVE_INTMAX_MAX=1 -DMPFR_HAVE_FESETROUND=1 -DHAVE_DENORMS=1 -DHAVE_ROUND=1 -DHAVE_TRUNC=1 -DHAVE_FLOOR=1 -DHAVE_CEIL=1 -DHAVE_NEARBYINT=1 -DHAVE_LDOUBLE_IEEE_EXT_LITTLE=1 -DMPFR_USE_THREAD_SAFE=1 -DLT_OBJDIR=\".libs/\" -DHAVE_ATTRIBUTE_MODE=1 -DHAVE___GMPN_ROOTREM=1 -DHAVE___GMPN_SBPI1_DIVAPPR_Q=1 -I. -I../.././../mpfr/mpfr-3.1.1/src -I/home/sparksco/android/toolchain/aosp/build/temp-install/include -Wall -Wmissing-prototypes -Wpointer-arith -g -O2 -MT digamma.lo -MD -MP -MF .deps/digamma.Tpo -c ../.././../mpfr/mpfr-3.1.1/src/digamma.c -o digamma.o
checking for default auto-load directory... libtool: compile:  gcc-4.7 -DTIME_WITH_SYS_TIME=1 -DHAVE_INTTYPES_H=1 -DHAVE_STDINT_H=1 -DHAVE_LOCALE_H=1 -DHAVE_WCHAR_H=1 -DHAVE_STDARG=1 -DHAVE_SYS_TIME_H=1 -DHAVE_ALLOCA_H=1 -DHAVE_STDINT_H=1 -DHAVE_VA_COPY=1 -DHAVE_SETLOCALE=1 -DHAVE_GETTIMEOFDAY=1 -DHAVE_LONG_LONG=1 -DHAVE_INTMAX_T=1 -DMPFR_HAVE_INTMAX_MAX=1 -DMPFR_HAVE_FESETROUND=1 -DHAVE_DENORMS=1 -DHAVE_ROUND=1 -DHAVE_TRUNC=1 -DHAVE_FLOOR=1 -DHAVE_CEIL=1 -DHAVE_NEARBYINT=1 -DHAVE_LDOUBLE_IEEE_EXT_LITTLE=1 -DMPFR_USE_THREAD_SAFE=1 -DLT_OBJDIR=\".libs/\" -DHAVE_ATTRIBUTE_MODE=1 -DHAVE___GMPN_ROOTREM=1 -DHAVE___GMPN_SBPI1_DIVAPPR_Q=1 -I. -I../.././../mpfr/mpfr-3.1.1/src -I/home/sparksco/android/toolchain/aosp/build/temp-install/include -Wall -Wmissing-prototypes -Wpointer-arith -g -O2 -MT bernoulli.lo -MD -MP -MF .deps/bernoulli.Tpo -c ../.././../mpfr/mpfr-3.1.1/src/bernoulli.c -o bernoulli.o
mv -f .deps/jn.Tpo .deps/jn.Plo
$debugdir:$datadir/auto-load
checking for default auto-load safe-path... /bin/bash ../libtool --tag=CC   --mode=compile gcc-4.7 -DTIME_WITH_SYS_TIME=1 -DHAVE_INTTYPES_H=1 -DHAVE_STDINT_H=1 -DHAVE_LOCALE_H=1 -DHAVE_WCHAR_H=1 -DHAVE_STDARG=1 -DHAVE_SYS_TIME_H=1 -DHAVE_ALLOCA_H=1 -DHAVE_STDINT_H=1 -DHAVE_VA_COPY=1 -DHAVE_SETLOCALE=1 -DHAVE_GETTIMEOFDAY=1 -DHAVE_LONG_LONG=1 -DHAVE_INTMAX_T=1 -DMPFR_HAVE_INTMAX_MAX=1 -DMPFR_HAVE_FESETROUND=1 -DHAVE_DENORMS=1 -DHAVE_ROUND=1 -DHAVE_TRUNC=1 -DHAVE_FLOOR=1 -DHAVE_CEIL=1 -DHAVE_NEARBYINT=1 -DHAVE_LDOUBLE_IEEE_EXT_LITTLE=1 -DMPFR_USE_THREAD_SAFE=1 -DLT_OBJDIR=\".libs/\" -DHAVE_ATTRIBUTE_MODE=1 -DHAVE___GMPN_ROOTREM=1 -DHAVE___GMPN_SBPI1_DIVAPPR_Q=1 -I. -I../.././../mpfr/mpfr-3.1.1/src   -I/home/sparksco/android/toolchain/aosp/build/temp-install/include  -Wall -Wmissing-prototypes -Wpointer-arith -g -O2 -MT get_flt.lo -MD -MP -MF .deps/get_flt.Tpo -c -o get_flt.lo ../.././../mpfr/mpfr-3.1.1/src/get_flt.c
mv -f .deps/yn.Tpo .deps/yn.Plo
$debugdir:$datadir/auto-load
/bin/bash ../libtool --tag=CC   --mode=compile gcc-4.7 -DTIME_WITH_SYS_TIME=1 -DHAVE_INTTYPES_H=1 -DHAVE_STDINT_H=1 -DHAVE_LOCALE_H=1 -DHAVE_WCHAR_H=1 -DHAVE_STDARG=1 -DHAVE_SYS_TIME_H=1 -DHAVE_ALLOCA_H=1 -DHAVE_STDINT_H=1 -DHAVE_VA_COPY=1 -DHAVE_SETLOCALE=1 -DHAVE_GETTIMEOFDAY=1 -DHAVE_LONG_LONG=1 -DHAVE_INTMAX_T=1 -DMPFR_HAVE_INTMAX_MAX=1 -DMPFR_HAVE_FESETROUND=1 -DHAVE_DENORMS=1 -DHAVE_ROUND=1 -DHAVE_TRUNC=1 -DHAVE_FLOOR=1 -DHAVE_CEIL=1 -DHAVE_NEARBYINT=1 -DHAVE_LDOUBLE_IEEE_EXT_LITTLE=1 -DMPFR_USE_THREAD_SAFE=1 -DLT_OBJDIR=\".libs/\" -DHAVE_ATTRIBUTE_MODE=1 -DHAVE___GMPN_ROOTREM=1 -DHAVE___GMPN_SBPI1_DIVAPPR_Q=1 -I. -I../.././../mpfr/mpfr-3.1.1/src   -I/home/sparksco/android/toolchain/aosp/build/temp-install/include  -Wall -Wmissing-prototypes -Wpointer-arith -g -O2 -MT scale2.lo -MD -MP -MF .deps/scale2.Tpo -c -o scale2.lo ../.././../mpfr/mpfr-3.1.1/src/scale2.c
libtool: compile:  gcc-4.7 -DTIME_WITH_SYS_TIME=1 -DHAVE_INTTYPES_H=1 -DHAVE_STDINT_H=1 -DHAVE_LOCALE_H=1 -DHAVE_WCHAR_H=1 -DHAVE_STDARG=1 -DHAVE_SYS_TIME_H=1 -DHAVE_ALLOCA_H=1 -DHAVE_STDINT_H=1 -DHAVE_VA_COPY=1 -DHAVE_SETLOCALE=1 -DHAVE_GETTIMEOFDAY=1 -DHAVE_LONG_LONG=1 -DHAVE_INTMAX_T=1 -DMPFR_HAVE_INTMAX_MAX=1 -DMPFR_HAVE_FESETROUND=1 -DHAVE_DENORMS=1 -DHAVE_ROUND=1 -DHAVE_TRUNC=1 -DHAVE_FLOOR=1 -DHAVE_CEIL=1 -DHAVE_NEARBYINT=1 -DHAVE_LDOUBLE_IEEE_EXT_LITTLE=1 -DMPFR_USE_THREAD_SAFE=1 -DLT_OBJDIR=\".libs/\" -DHAVE_ATTRIBUTE_MODE=1 -DHAVE___GMPN_ROOTREM=1 -DHAVE___GMPN_SBPI1_DIVAPPR_Q=1 -I. -I../.././../mpfr/mpfr-3.1.1/src -I/home/sparksco/android/toolchain/aosp/build/temp-install/include -Wall -Wmissing-prototypes -Wpointer-arith -g -O2 -MT set_flt.lo -MD -MP -MF .deps/set_flt.Tpo -c ../.././../mpfr/mpfr-3.1.1/src/set_flt.c -o set_flt.o
libtool: compile:  gcc-4.7 -DTIME_WITH_SYS_TIME=1 -DHAVE_INTTYPES_H=1 -DHAVE_STDINT_H=1 -DHAVE_LOCALE_H=1 -DHAVE_WCHAR_H=1 -DHAVE_STDARG=1 -DHAVE_SYS_TIME_H=1 -DHAVE_ALLOCA_H=1 -DHAVE_STDINT_H=1 -DHAVE_VA_COPY=1 -DHAVE_SETLOCALE=1 -DHAVE_GETTIMEOFDAY=1 -DHAVE_LONG_LONG=1 -DHAVE_INTMAX_T=1 -DMPFR_HAVE_INTMAX_MAX=1 -DMPFR_HAVE_FESETROUND=1 -DHAVE_DENORMS=1 -DHAVE_ROUND=1 -DHAVE_TRUNC=1 -DHAVE_FLOOR=1 -DHAVE_CEIL=1 -DHAVE_NEARBYINT=1 -DHAVE_LDOUBLE_IEEE_EXT_LITTLE=1 -DMPFR_USE_THREAD_SAFE=1 -DLT_OBJDIR=\".libs/\" -DHAVE_ATTRIBUTE_MODE=1 -DHAVE___GMPN_ROOTREM=1 -DHAVE___GMPN_SBPI1_DIVAPPR_Q=1 -I. -I../.././../mpfr/mpfr-3.1.1/src -I/home/sparksco/android/toolchain/aosp/build/temp-install/include -Wall -Wmissing-prototypes -Wpointer-arith -g -O2 -MT isregular.lo -MD -MP -MF .deps/isregular.Tpo -c ../.././../mpfr/mpfr-3.1.1/src/isregular.c -o isregular.o
libtool: compile:  gcc-4.7 -DTIME_WITH_SYS_TIME=1 -DHAVE_INTTYPES_H=1 -DHAVE_STDINT_H=1 -DHAVE_LOCALE_H=1 -DHAVE_WCHAR_H=1 -DHAVE_STDARG=1 -DHAVE_SYS_TIME_H=1 -DHAVE_ALLOCA_H=1 -DHAVE_STDINT_H=1 -DHAVE_VA_COPY=1 -DHAVE_SETLOCALE=1 -DHAVE_GETTIMEOFDAY=1 -DHAVE_LONG_LONG=1 -DHAVE_INTMAX_T=1 -DMPFR_HAVE_INTMAX_MAX=1 -DMPFR_HAVE_FESETROUND=1 -DHAVE_DENORMS=1 -DHAVE_ROUND=1 -DHAVE_TRUNC=1 -DHAVE_FLOOR=1 -DHAVE_CEIL=1 -DHAVE_NEARBYINT=1 -DHAVE_LDOUBLE_IEEE_EXT_LITTLE=1 -DMPFR_USE_THREAD_SAFE=1 -DLT_OBJDIR=\".libs/\" -DHAVE_ATTRIBUTE_MODE=1 -DHAVE___GMPN_ROOTREM=1 -DHAVE___GMPN_SBPI1_DIVAPPR_Q=1 -I. -I../.././../mpfr/mpfr-3.1.1/src -I/home/sparksco/android/toolchain/aosp/build/temp-install/include -Wall -Wmissing-prototypes -Wpointer-arith -g -O2 -MT get_flt.lo -MD -MP -MF .deps/get_flt.Tpo -c ../.././../mpfr/mpfr-3.1.1/src/get_flt.c -o get_flt.o
mv -f .deps/buildopt.Tpo .deps/buildopt.Plo
/bin/bash ../libtool --tag=CC   --mode=compile gcc-4.7 -DTIME_WITH_SYS_TIME=1 -DHAVE_INTTYPES_H=1 -DHAVE_STDINT_H=1 -DHAVE_LOCALE_H=1 -DHAVE_WCHAR_H=1 -DHAVE_STDARG=1 -DHAVE_SYS_TIME_H=1 -DHAVE_ALLOCA_H=1 -DHAVE_STDINT_H=1 -DHAVE_VA_COPY=1 -DHAVE_SETLOCALE=1 -DHAVE_GETTIMEOFDAY=1 -DHAVE_LONG_LONG=1 -DHAVE_INTMAX_T=1 -DMPFR_HAVE_INTMAX_MAX=1 -DMPFR_HAVE_FESETROUND=1 -DHAVE_DENORMS=1 -DHAVE_ROUND=1 -DHAVE_TRUNC=1 -DHAVE_FLOOR=1 -DHAVE_CEIL=1 -DHAVE_NEARBYINT=1 -DHAVE_LDOUBLE_IEEE_EXT_LITTLE=1 -DMPFR_USE_THREAD_SAFE=1 -DLT_OBJDIR=\".libs/\" -DHAVE_ATTRIBUTE_MODE=1 -DHAVE___GMPN_ROOTREM=1 -DHAVE___GMPN_SBPI1_DIVAPPR_Q=1 -I. -I../.././../mpfr/mpfr-3.1.1/src   -I/home/sparksco/android/toolchain/aosp/build/temp-install/include  -Wall -Wmissing-prototypes -Wpointer-arith -g -O2 -MT set_z_exp.lo -MD -MP -MF .deps/set_z_exp.Tpo -c -o set_z_exp.lo ../.././../mpfr/mpfr-3.1.1/src/set_z_exp.c
libtool: compile:  gcc-4.7 -DTIME_WITH_SYS_TIME=1 -DHAVE_INTTYPES_H=1 -DHAVE_STDINT_H=1 -DHAVE_LOCALE_H=1 -DHAVE_WCHAR_H=1 -DHAVE_STDARG=1 -DHAVE_SYS_TIME_H=1 -DHAVE_ALLOCA_H=1 -DHAVE_STDINT_H=1 -DHAVE_VA_COPY=1 -DHAVE_SETLOCALE=1 -DHAVE_GETTIMEOFDAY=1 -DHAVE_LONG_LONG=1 -DHAVE_INTMAX_T=1 -DMPFR_HAVE_INTMAX_MAX=1 -DMPFR_HAVE_FESETROUND=1 -DHAVE_DENORMS=1 -DHAVE_ROUND=1 -DHAVE_TRUNC=1 -DHAVE_FLOOR=1 -DHAVE_CEIL=1 -DHAVE_NEARBYINT=1 -DHAVE_LDOUBLE_IEEE_EXT_LITTLE=1 -DMPFR_USE_THREAD_SAFE=1 -DLT_OBJDIR=\".libs/\" -DHAVE_ATTRIBUTE_MODE=1 -DHAVE___GMPN_ROOTREM=1 -DHAVE___GMPN_SBPI1_DIVAPPR_Q=1 -I. -I../.././../mpfr/mpfr-3.1.1/src -I/home/sparksco/android/toolchain/aosp/build/temp-install/include -Wall -Wmissing-prototypes -Wpointer-arith -g -O2 -MT scale2.lo -MD -MP -MF .deps/scale2.Tpo -c ../.././../mpfr/mpfr-3.1.1/src/scale2.c -o scale2.o
mv -f .deps/bernoulli.Tpo .deps/bernoulli.Plo
/bin/bash ../libtool --tag=CC   --mode=compile gcc-4.7 -DTIME_WITH_SYS_TIME=1 -DHAVE_INTTYPES_H=1 -DHAVE_STDINT_H=1 -DHAVE_LOCALE_H=1 -DHAVE_WCHAR_H=1 -DHAVE_STDARG=1 -DHAVE_SYS_TIME_H=1 -DHAVE_ALLOCA_H=1 -DHAVE_STDINT_H=1 -DHAVE_VA_COPY=1 -DHAVE_SETLOCALE=1 -DHAVE_GETTIMEOFDAY=1 -DHAVE_LONG_LONG=1 -DHAVE_INTMAX_T=1 -DMPFR_HAVE_INTMAX_MAX=1 -DMPFR_HAVE_FESETROUND=1 -DHAVE_DENORMS=1 -DHAVE_ROUND=1 -DHAVE_TRUNC=1 -DHAVE_FLOOR=1 -DHAVE_CEIL=1 -DHAVE_NEARBYINT=1 -DHAVE_LDOUBLE_IEEE_EXT_LITTLE=1 -DMPFR_USE_THREAD_SAFE=1 -DLT_OBJDIR=\".libs/\" -DHAVE_ATTRIBUTE_MODE=1 -DHAVE___GMPN_ROOTREM=1 -DHAVE___GMPN_SBPI1_DIVAPPR_Q=1 -I. -I../.././../mpfr/mpfr-3.1.1/src   -I/home/sparksco/android/toolchain/aosp/build/temp-install/include  -Wall -Wmissing-prototypes -Wpointer-arith -g -O2 -MT ai.lo -MD -MP -MF .deps/ai.Tpo -c -o ai.lo ../.././../mpfr/mpfr-3.1.1/src/ai.c
mv -f .deps/isregular.Tpo .deps/isregular.Plo
/bin/bash ../libtool --tag=CC   --mode=compile gcc-4.7 -DTIME_WITH_SYS_TIME=1 -DHAVE_INTTYPES_H=1 -DHAVE_STDINT_H=1 -DHAVE_LOCALE_H=1 -DHAVE_WCHAR_H=1 -DHAVE_STDARG=1 -DHAVE_SYS_TIME_H=1 -DHAVE_ALLOCA_H=1 -DHAVE_STDINT_H=1 -DHAVE_VA_COPY=1 -DHAVE_SETLOCALE=1 -DHAVE_GETTIMEOFDAY=1 -DHAVE_LONG_LONG=1 -DHAVE_INTMAX_T=1 -DMPFR_HAVE_INTMAX_MAX=1 -DMPFR_HAVE_FESETROUND=1 -DHAVE_DENORMS=1 -DHAVE_ROUND=1 -DHAVE_TRUNC=1 -DHAVE_FLOOR=1 -DHAVE_CEIL=1 -DHAVE_NEARBYINT=1 -DHAVE_LDOUBLE_IEEE_EXT_LITTLE=1 -DMPFR_USE_THREAD_SAFE=1 -DLT_OBJDIR=\".libs/\" -DHAVE_ATTRIBUTE_MODE=1 -DHAVE___GMPN_ROOTREM=1 -DHAVE___GMPN_SBPI1_DIVAPPR_Q=1 -I. -I../.././../mpfr/mpfr-3.1.1/src   -I/home/sparksco/android/toolchain/aosp/build/temp-install/include  -Wall -Wmissing-prototypes -Wpointer-arith -g -O2 -MT gammaonethird.lo -MD -MP -MF .deps/gammaonethird.Tpo -c -o gammaonethird.lo ../.././../mpfr/mpfr-3.1.1/src/gammaonethird.c
mv -f .deps/set_flt.Tpo .deps/set_flt.Plo
/bin/bash ../libtool --tag=CC   --mode=compile gcc-4.7 -DTIME_WITH_SYS_TIME=1 -DHAVE_INTTYPES_H=1 -DHAVE_STDINT_H=1 -DHAVE_LOCALE_H=1 -DHAVE_WCHAR_H=1 -DHAVE_STDARG=1 -DHAVE_SYS_TIME_H=1 -DHAVE_ALLOCA_H=1 -DHAVE_STDINT_H=1 -DHAVE_VA_COPY=1 -DHAVE_SETLOCALE=1 -DHAVE_GETTIMEOFDAY=1 -DHAVE_LONG_LONG=1 -DHAVE_INTMAX_T=1 -DMPFR_HAVE_INTMAX_MAX=1 -DMPFR_HAVE_FESETROUND=1 -DHAVE_DENORMS=1 -DHAVE_ROUND=1 -DHAVE_TRUNC=1 -DHAVE_FLOOR=1 -DHAVE_CEIL=1 -DHAVE_NEARBYINT=1 -DHAVE_LDOUBLE_IEEE_EXT_LITTLE=1 -DMPFR_USE_THREAD_SAFE=1 -DLT_OBJDIR=\".libs/\" -DHAVE_ATTRIBUTE_MODE=1 -DHAVE___GMPN_ROOTREM=1 -DHAVE___GMPN_SBPI1_DIVAPPR_Q=1 -I. -I../.././../mpfr/mpfr-3.1.1/src   -I/home/sparksco/android/toolchain/aosp/build/temp-install/include  -Wall -Wmissing-prototypes -Wpointer-arith -g -O2 -MT grandom.lo -MD -MP -MF .deps/grandom.Tpo -c -o grandom.lo ../.././../mpfr/mpfr-3.1.1/src/grandom.c
libtool: compile:  gcc-4.7 -DTIME_WITH_SYS_TIME=1 -DHAVE_INTTYPES_H=1 -DHAVE_STDINT_H=1 -DHAVE_LOCALE_H=1 -DHAVE_WCHAR_H=1 -DHAVE_STDARG=1 -DHAVE_SYS_TIME_H=1 -DHAVE_ALLOCA_H=1 -DHAVE_STDINT_H=1 -DHAVE_VA_COPY=1 -DHAVE_SETLOCALE=1 -DHAVE_GETTIMEOFDAY=1 -DHAVE_LONG_LONG=1 -DHAVE_INTMAX_T=1 -DMPFR_HAVE_INTMAX_MAX=1 -DMPFR_HAVE_FESETROUND=1 -DHAVE_DENORMS=1 -DHAVE_ROUND=1 -DHAVE_TRUNC=1 -DHAVE_FLOOR=1 -DHAVE_CEIL=1 -DHAVE_NEARBYINT=1 -DHAVE_LDOUBLE_IEEE_EXT_LITTLE=1 -DMPFR_USE_THREAD_SAFE=1 -DLT_OBJDIR=\".libs/\" -DHAVE_ATTRIBUTE_MODE=1 -DHAVE___GMPN_ROOTREM=1 -DHAVE___GMPN_SBPI1_DIVAPPR_Q=1 -I. -I../.././../mpfr/mpfr-3.1.1/src -I/home/sparksco/android/toolchain/aosp/build/temp-install/include -Wall -Wmissing-prototypes -Wpointer-arith -g -O2 -MT set_z_exp.lo -MD -MP -MF .deps/set_z_exp.Tpo -c ../.././../mpfr/mpfr-3.1.1/src/set_z_exp.c -o set_z_exp.o
mv -f .deps/get_flt.Tpo .deps/get_flt.Plo
mv -f .deps/scale2.Tpo .deps/scale2.Plo
checking libunwind-ia64.h usability... libtool: compile:  gcc-4.7 -DTIME_WITH_SYS_TIME=1 -DHAVE_INTTYPES_H=1 -DHAVE_STDINT_H=1 -DHAVE_LOCALE_H=1 -DHAVE_WCHAR_H=1 -DHAVE_STDARG=1 -DHAVE_SYS_TIME_H=1 -DHAVE_ALLOCA_H=1 -DHAVE_STDINT_H=1 -DHAVE_VA_COPY=1 -DHAVE_SETLOCALE=1 -DHAVE_GETTIMEOFDAY=1 -DHAVE_LONG_LONG=1 -DHAVE_INTMAX_T=1 -DMPFR_HAVE_INTMAX_MAX=1 -DMPFR_HAVE_FESETROUND=1 -DHAVE_DENORMS=1 -DHAVE_ROUND=1 -DHAVE_TRUNC=1 -DHAVE_FLOOR=1 -DHAVE_CEIL=1 -DHAVE_NEARBYINT=1 -DHAVE_LDOUBLE_IEEE_EXT_LITTLE=1 -DMPFR_USE_THREAD_SAFE=1 -DLT_OBJDIR=\".libs/\" -DHAVE_ATTRIBUTE_MODE=1 -DHAVE___GMPN_ROOTREM=1 -DHAVE___GMPN_SBPI1_DIVAPPR_Q=1 -I. -I../.././../mpfr/mpfr-3.1.1/src -I/home/sparksco/android/toolchain/aosp/build/temp-install/include -Wall -Wmissing-prototypes -Wpointer-arith -g -O2 -MT gammaonethird.lo -MD -MP -MF .deps/gammaonethird.Tpo -c ../.././../mpfr/mpfr-3.1.1/src/gammaonethird.c -o gammaonethird.o
libtool: compile:  gcc-4.7 -DTIME_WITH_SYS_TIME=1 -DHAVE_INTTYPES_H=1 -DHAVE_STDINT_H=1 -DHAVE_LOCALE_H=1 -DHAVE_WCHAR_H=1 -DHAVE_STDARG=1 -DHAVE_SYS_TIME_H=1 -DHAVE_ALLOCA_H=1 -DHAVE_STDINT_H=1 -DHAVE_VA_COPY=1 -DHAVE_SETLOCALE=1 -DHAVE_GETTIMEOFDAY=1 -DHAVE_LONG_LONG=1 -DHAVE_INTMAX_T=1 -DMPFR_HAVE_INTMAX_MAX=1 -DMPFR_HAVE_FESETROUND=1 -DHAVE_DENORMS=1 -DHAVE_ROUND=1 -DHAVE_TRUNC=1 -DHAVE_FLOOR=1 -DHAVE_CEIL=1 -DHAVE_NEARBYINT=1 -DHAVE_LDOUBLE_IEEE_EXT_LITTLE=1 -DMPFR_USE_THREAD_SAFE=1 -DLT_OBJDIR=\".libs/\" -DHAVE_ATTRIBUTE_MODE=1 -DHAVE___GMPN_ROOTREM=1 -DHAVE___GMPN_SBPI1_DIVAPPR_Q=1 -I. -I../.././../mpfr/mpfr-3.1.1/src -I/home/sparksco/android/toolchain/aosp/build/temp-install/include -Wall -Wmissing-prototypes -Wpointer-arith -g -O2 -MT ai.lo -MD -MP -MF .deps/ai.Tpo -c ../.././../mpfr/mpfr-3.1.1/src/ai.c -o ai.o
mv -f .deps/rec_sqrt.Tpo .deps/rec_sqrt.Plo
libtool: compile:  gcc-4.7 -DTIME_WITH_SYS_TIME=1 -DHAVE_INTTYPES_H=1 -DHAVE_STDINT_H=1 -DHAVE_LOCALE_H=1 -DHAVE_WCHAR_H=1 -DHAVE_STDARG=1 -DHAVE_SYS_TIME_H=1 -DHAVE_ALLOCA_H=1 -DHAVE_STDINT_H=1 -DHAVE_VA_COPY=1 -DHAVE_SETLOCALE=1 -DHAVE_GETTIMEOFDAY=1 -DHAVE_LONG_LONG=1 -DHAVE_INTMAX_T=1 -DMPFR_HAVE_INTMAX_MAX=1 -DMPFR_HAVE_FESETROUND=1 -DHAVE_DENORMS=1 -DHAVE_ROUND=1 -DHAVE_TRUNC=1 -DHAVE_FLOOR=1 -DHAVE_CEIL=1 -DHAVE_NEARBYINT=1 -DHAVE_LDOUBLE_IEEE_EXT_LITTLE=1 -DMPFR_USE_THREAD_SAFE=1 -DLT_OBJDIR=\".libs/\" -DHAVE_ATTRIBUTE_MODE=1 -DHAVE___GMPN_ROOTREM=1 -DHAVE___GMPN_SBPI1_DIVAPPR_Q=1 -I. -I../.././../mpfr/mpfr-3.1.1/src -I/home/sparksco/android/toolchain/aosp/build/temp-install/include -Wall -Wmissing-prototypes -Wpointer-arith -g -O2 -MT grandom.lo -MD -MP -MF .deps/grandom.Tpo -c ../.././../mpfr/mpfr-3.1.1/src/grandom.c -o grandom.o
mv -f .deps/digamma.Tpo .deps/digamma.Plo
mv -f .deps/gammaonethird.Tpo .deps/gammaonethird.Plo
mv -f .deps/set_z_exp.Tpo .deps/set_z_exp.Plo
mv -f .deps/li2.Tpo .deps/li2.Plo
mv -f .deps/grandom.Tpo .deps/grandom.Plo
no
checking libunwind-ia64.h presence... no
checking for libunwind-ia64.h... no
checking for monstartup... yes
checking for _mcleanup... mv -f .deps/ai.Tpo .deps/ai.Plo
/bin/bash ../libtool --tag=CC   --mode=link gcc-4.7  -Wall -Wmissing-prototypes -Wpointer-arith -g -O2   -version-info 5:1:1 -L/home/sparksco/android/toolchain/aosp/build/temp-install/lib -o libmpfr.la -rpath /home/sparksco/android/toolchain/aosp/build/temp-install/lib exceptions.lo extract.lo uceil_exp2.lo uceil_log2.lo ufloor_log2.lo add.lo add1.lo add_ui.lo agm.lo clear.lo cmp.lo cmp_abs.lo cmp_si.lo cmp_ui.lo comparisons.lo div_2exp.lo div_2si.lo div_2ui.lo div.lo div_ui.lo dump.lo eq.lo exp10.lo exp2.lo exp3.lo exp.lo frac.lo frexp.lo get_d.lo get_exp.lo get_str.lo init.lo inp_str.lo isinteger.lo isinf.lo isnan.lo isnum.lo const_log2.lo log.lo modf.lo mul_2exp.lo mul_2si.lo mul_2ui.lo mul.lo mul_ui.lo neg.lo next.lo out_str.lo printf.lo vasprintf.lo const_pi.lo pow.lo pow_si.lo pow_ui.lo print_raw.lo print_rnd_mode.lo reldiff.lo round_prec.lo set.lo setmax.lo setmin.lo set_d.lo set_dfl_prec.lo set_exp.lo set_rnd.lo set_f.lo set_prc_raw.lo set_prec.lo set_q.lo set_si.lo set_str.lo set_str_raw.lo set_ui.lo set_z.lo sqrt.lo sqrt_ui.lo sub.lo sub1.lo sub_ui.lo rint.lo ui_div.lo ui_sub.lo urandom.lo urandomb.lo get_z_exp.lo swap.lo factorial.lo cosh.lo sinh.lo tanh.lo sinh_cosh.lo acosh.lo asinh.lo atanh.lo atan.lo cmp2.lo exp_2.lo asin.lo const_euler.lo cos.lo sin.lo tan.lo fma.lo fms.lo hypot.lo log1p.lo expm1.lo log2.lo log10.lo ui_pow.lo ui_pow_ui.lo minmax.lo dim.lo signbit.lo copysign.lo setsign.lo gmp_op.lo init2.lo acos.lo sin_cos.lo set_nan.lo set_inf.lo set_zero.lo powerof2.lo gamma.lo set_ld.lo get_ld.lo cbrt.lo volatile.lo fits_sshort.lo fits_sint.lo fits_slong.lo fits_ushort.lo fits_uint.lo fits_ulong.lo fits_uintmax.lo fits_intmax.lo get_si.lo get_ui.lo zeta.lo cmp_d.lo erf.lo inits.lo inits2.lo clears.lo sgn.lo check.lo sub1sp.lo version.lo mpn_exp.lo mpfr-gmp.lo mp_clz_tab.lo sum.lo add1sp.lo free_cache.lo si_op.lo cmp_ld.lo set_ui_2exp.lo set_si_2exp.lo set_uj.lo set_sj.lo get_sj.lo get_uj.lo get_z.lo iszero.lo cache.lo sqr.lo int_ceil_log2.lo isqrt.lo strtofr.lo pow_z.lo logging.lo mulders.lo get_f.lo round_p.lo erfc.lo atan2.lo subnormal.lo const_catalan.lo root.lo sec.lo csc.lo cot.lo eint.lo sech.lo csch.lo coth.lo round_near_x.lo constant.lo abort_prec_max.lo stack_interface.lo lngamma.lo zeta_ui.lo set_d64.lo get_d64.lo jn.lo yn.lo rem1.lo get_patches.lo add_d.lo sub_d.lo d_sub.lo mul_d.lo div_d.lo d_div.lo li2.lo rec_sqrt.lo min_prec.lo buildopt.lo digamma.lo bernoulli.lo isregular.lo set_flt.lo get_flt.lo scale2.lo set_z_exp.lo ai.lo gammaonethird.lo grandom.lo  -lgmp 
yes
checking for _etext... yes
checking for etext... yes
checking for gawk... gawk
checking for a BSD-compatible install... /usr/bin/install -c
checking whether ln -s works... yes
checking for x86_64-linux-gnu-ranlib... ranlib
checking for bison... bison -y
checking for x86_64-linux-gnu-ar... ar
checking for x86_64-linux-gnu-dlltool... dlltool
checking for x86_64-linux-gnu-windres... windres
checking for x86_64-linux-gnu-mig... no
checking for mig... no
checking for main in -lm... libtool: link: ar cru .libs/libmpfr.a  exceptions.o extract.o uceil_exp2.o uceil_log2.o ufloor_log2.o add.o add1.o add_ui.o agm.o clear.o cmp.o cmp_abs.o cmp_si.o cmp_ui.o comparisons.o div_2exp.o div_2si.o div_2ui.o div.o div_ui.o dump.o eq.o exp10.o exp2.o exp3.o exp.o frac.o frexp.o get_d.o get_exp.o get_str.o init.o inp_str.o isinteger.o isinf.o isnan.o isnum.o const_log2.o log.o modf.o mul_2exp.o mul_2si.o mul_2ui.o mul.o mul_ui.o neg.o next.o out_str.o printf.o vasprintf.o const_pi.o pow.o pow_si.o pow_ui.o print_raw.o print_rnd_mode.o reldiff.o round_prec.o set.o setmax.o setmin.o set_d.o set_dfl_prec.o set_exp.o set_rnd.o set_f.o set_prc_raw.o set_prec.o set_q.o set_si.o set_str.o set_str_raw.o set_ui.o set_z.o sqrt.o sqrt_ui.o sub.o sub1.o sub_ui.o rint.o ui_div.o ui_sub.o urandom.o urandomb.o get_z_exp.o swap.o factorial.o cosh.o sinh.o tanh.o sinh_cosh.o acosh.o asinh.o atanh.o atan.o cmp2.o exp_2.o asin.o const_euler.o cos.o sin.o tan.o fma.o fms.o hypot.o log1p.o expm1.o log2.o log10.o ui_pow.o ui_pow_ui.o minmax.o dim.o signbit.o copysign.o setsign.o gmp_op.o init2.o acos.o sin_cos.o set_nan.o set_inf.o set_zero.o powerof2.o gamma.o set_ld.o get_ld.o cbrt.o volatile.o fits_sshort.o fits_sint.o fits_slong.o fits_ushort.o fits_uint.o fits_ulong.o fits_uintmax.o fits_intmax.o get_si.o get_ui.o zeta.o cmp_d.o erf.o inits.o inits2.o clears.o sgn.o check.o sub1sp.o version.o mpn_exp.o mpfr-gmp.o mp_clz_tab.o sum.o add1sp.o free_cache.o si_op.o cmp_ld.o set_ui_2exp.o set_si_2exp.o set_uj.o set_sj.o get_sj.o get_uj.o get_z.o iszero.o cache.o sqr.o int_ceil_log2.o isqrt.o strtofr.o pow_z.o logging.o mulders.o get_f.o round_p.o erfc.o atan2.o subnormal.o const_catalan.o root.o sec.o csc.o cot.o eint.o sech.o csch.o coth.o round_near_x.o constant.o abort_prec_max.o stack_interface.o lngamma.o zeta_ui.o set_d64.o get_d64.o jn.o yn.o rem1.o get_patches.o add_d.o sub_d.o d_sub.o mul_d.o div_d.o d_div.o li2.o rec_sqrt.o min_prec.o buildopt.o digamma.o bernoulli.o isregular.o set_flt.o get_flt.o scale2.o set_z_exp.o ai.o gammaonethird.o grandom.o
yes
checking for wctype... libtool: link: ranlib .libs/libmpfr.a
libtool: link: ( cd ".libs" && rm -f "libmpfr.la" && ln -s "../libmpfr.la" "libmpfr.la" )
make[3]: Leaving directory `/home/sparksco/android/toolchain/aosp/build/mpfr-3.1.1/src'
make[2]: Leaving directory `/home/sparksco/android/toolchain/aosp/build/mpfr-3.1.1/src'
Making all in tests
yes
checking for library containing gethostbyname... make[2]: Entering directory `/home/sparksco/android/toolchain/aosp/build/mpfr-3.1.1/tests'
make[2]: Nothing to be done for `all'.
make[2]: Leaving directory `/home/sparksco/android/toolchain/aosp/build/mpfr-3.1.1/tests'
Making all in tune
make[2]: Entering directory `/home/sparksco/android/toolchain/aosp/build/mpfr-3.1.1/tune'
make[2]: Nothing to be done for `all'.
make[2]: Leaving directory `/home/sparksco/android/toolchain/aosp/build/mpfr-3.1.1/tune'
make[2]: Entering directory `/home/sparksco/android/toolchain/aosp/build/mpfr-3.1.1'
make[2]: Nothing to be done for `all-am'.
make[2]: Leaving directory `/home/sparksco/android/toolchain/aosp/build/mpfr-3.1.1'
make[1]: Leaving directory `/home/sparksco/android/toolchain/aosp/build/mpfr-3.1.1'
make -C mpfr-3.1.1 install && touch stmp-install-host-mpfr
make[1]: Entering directory `/home/sparksco/android/toolchain/aosp/build/mpfr-3.1.1'
Making install in doc
make[2]: Entering directory `/home/sparksco/android/toolchain/aosp/build/mpfr-3.1.1/doc'
make[3]: Entering directory `/home/sparksco/android/toolchain/aosp/build/mpfr-3.1.1/doc'
make[3]: Nothing to be done for `install-exec-am'.
 /bin/mkdir -p '/home/sparksco/android/toolchain/aosp/build/temp-install/share/doc/mpfr'
 /usr/bin/install -c -m 644 ../.././../mpfr/mpfr-3.1.1/doc/FAQ.html '/home/sparksco/android/toolchain/aosp/build/temp-install/share/doc/mpfr'
 /bin/mkdir -p '/home/sparksco/android/toolchain/aosp/build/temp-install/share/info'
none required
checking for library containing socketpair...  /usr/bin/install -c -m 644 ../.././../mpfr/mpfr-3.1.1/doc/mpfr.info '/home/sparksco/android/toolchain/aosp/build/temp-install/share/info'
 install-info --info-dir='/home/sparksco/android/toolchain/aosp/build/temp-install/share/info' '/home/sparksco/android/toolchain/aosp/build/temp-install/share/info/mpfr.info'
This is not dpkg install-info anymore, but GNU install-info
See the man page for ginstall-info for command line arguments
make[3]: Leaving directory `/home/sparksco/android/toolchain/aosp/build/mpfr-3.1.1/doc'
make[2]: Leaving directory `/home/sparksco/android/toolchain/aosp/build/mpfr-3.1.1/doc'
Making install in src
none required
checking for library containing zlibVersion... make[2]: Entering directory `/home/sparksco/android/toolchain/aosp/build/mpfr-3.1.1/src'
make  install-am
-lz
checking zlib.h usability... make[3]: Entering directory `/home/sparksco/android/toolchain/aosp/build/mpfr-3.1.1/src'
yes
checking zlib.h presence... yes
checking for zlib.h... yes
make[4]: Entering directory `/home/sparksco/android/toolchain/aosp/build/mpfr-3.1.1/src'
checking for library containing dlgetmodinfo...  /bin/mkdir -p '/home/sparksco/android/toolchain/aosp/build/temp-install/include'
 /bin/mkdir -p '/home/sparksco/android/toolchain/aosp/build/temp-install/lib'
 /bin/bash ../libtool   --mode=install /usr/bin/install -c   libmpfr.la '/home/sparksco/android/toolchain/aosp/build/temp-install/lib'
 /usr/bin/install -c -m 644 ../.././../mpfr/mpfr-3.1.1/src/mpfr.h ../.././../mpfr/mpfr-3.1.1/src/mpf2mpfr.h '/home/sparksco/android/toolchain/aosp/build/temp-install/include'
libtool: install: /usr/bin/install -c .libs/libmpfr.lai /home/sparksco/android/toolchain/aosp/build/temp-install/lib/libmpfr.la
libtool: install: /usr/bin/install -c .libs/libmpfr.a /home/sparksco/android/toolchain/aosp/build/temp-install/lib/libmpfr.a
libtool: install: chmod 644 /home/sparksco/android/toolchain/aosp/build/temp-install/lib/libmpfr.a
libtool: install: ranlib /home/sparksco/android/toolchain/aosp/build/temp-install/lib/libmpfr.a
libtool: finish: PATH="/home/sparksco/bin:/usr/local/sbin:/usr/local/bin:/usr/sbin:/usr/bin:/sbin:/bin:/usr/games:/usr/local/games:/home/sparksco/bin:/home/sparksco/android/sdk:/home/sparksco/android/sdk/tools:/home/sparksco/android/sdk/platform-tools:/usr/lib/jvm/jdk1.7.0/bin:/sbin" ldconfig -n /home/sparksco/android/toolchain/aosp/build/temp-install/lib
----------------------------------------------------------------------
Libraries have been installed in:
   /home/sparksco/android/toolchain/aosp/build/temp-install/lib

If you ever happen to want to link against installed libraries
in a given directory, LIBDIR, you must either use libtool, and
specify the full pathname of the library, or use the `-LLIBDIR'
flag during linking and do at least one of the following:
   - add LIBDIR to the `LD_LIBRARY_PATH' environment variable
     during execution
   - add LIBDIR to the `LD_RUN_PATH' environment variable
     during linking
   - use the `-Wl,-rpath -Wl,LIBDIR' linker flag
   - have your system administrator add LIBDIR to `/etc/ld.so.conf'

See any operating system documentation about shared libraries for
more information, such as the ld(1) and ld.so(8) manual pages.
----------------------------------------------------------------------
make[4]: Leaving directory `/home/sparksco/android/toolchain/aosp/build/mpfr-3.1.1/src'
make[3]: Leaving directory `/home/sparksco/android/toolchain/aosp/build/mpfr-3.1.1/src'
make[2]: Leaving directory `/home/sparksco/android/toolchain/aosp/build/mpfr-3.1.1/src'
Making install in tests
make[2]: Entering directory `/home/sparksco/android/toolchain/aosp/build/mpfr-3.1.1/tests'
make[3]: Entering directory `/home/sparksco/android/toolchain/aosp/build/mpfr-3.1.1/tests'
make[3]: Nothing to be done for `install-exec-am'.
make[3]: Nothing to be done for `install-data-am'.
make[3]: Leaving directory `/home/sparksco/android/toolchain/aosp/build/mpfr-3.1.1/tests'
make[2]: Leaving directory `/home/sparksco/android/toolchain/aosp/build/mpfr-3.1.1/tests'
Making install in tune
make[2]: Entering directory `/home/sparksco/android/toolchain/aosp/build/mpfr-3.1.1/tune'
make[3]: Entering directory `/home/sparksco/android/toolchain/aosp/build/mpfr-3.1.1/tune'
make[3]: Nothing to be done for `install-exec-am'.
make[3]: Nothing to be done for `install-data-am'.
make[3]: Leaving directory `/home/sparksco/android/toolchain/aosp/build/mpfr-3.1.1/tune'
make[2]: Leaving directory `/home/sparksco/android/toolchain/aosp/build/mpfr-3.1.1/tune'
make[2]: Entering directory `/home/sparksco/android/toolchain/aosp/build/mpfr-3.1.1'
no
checking for iconv... make[3]: Entering directory `/home/sparksco/android/toolchain/aosp/build/mpfr-3.1.1'
make[3]: Nothing to be done for `install-exec-am'.
 /bin/mkdir -p '/home/sparksco/android/toolchain/aosp/build/temp-install/share/doc/mpfr'
 /bin/mkdir -p '/home/sparksco/android/toolchain/aosp/build/temp-install/share/doc/mpfr/examples'
 /usr/bin/install -c -m 644  .././../mpfr/mpfr-3.1.1/examples/ReadMe .././../mpfr/mpfr-3.1.1/examples/divworst.c .././../mpfr/mpfr-3.1.1/examples/rndo-add.c .././../mpfr/mpfr-3.1.1/examples/sample.c .././../mpfr/mpfr-3.1.1/examples/version.c '/home/sparksco/android/toolchain/aosp/build/temp-install/share/doc/mpfr/examples'
 /usr/bin/install -c -m 644  .././../mpfr/mpfr-3.1.1/AUTHORS .././../mpfr/mpfr-3.1.1/BUGS .././../mpfr/mpfr-3.1.1/COPYING .././../mpfr/mpfr-3.1.1/COPYING.LESSER .././../mpfr/mpfr-3.1.1/NEWS .././../mpfr/mpfr-3.1.1/TODO '/home/sparksco/android/toolchain/aosp/build/temp-install/share/doc/mpfr/.'
make[3]: Leaving directory `/home/sparksco/android/toolchain/aosp/build/mpfr-3.1.1'
make[2]: Leaving directory `/home/sparksco/android/toolchain/aosp/build/mpfr-3.1.1'
make[1]: Leaving directory `/home/sparksco/android/toolchain/aosp/build/mpfr-3.1.1'
([ -d mpc-current ] || \
	  mkdir mpc-current) && \
	( \
	 cd mpc-current ; \
	 .././../mpc/mpc-current/configure \
	  '--prefix=/home/sparksco/android/arm-linux-androideabi' '--with-gcc-version=195953' '--with-binutils-version=2.23.1' '--with-gmp-version=5.1.1' '--with-mpfr-version=3.1.1' '--with-gdb-version=7.5.1' '--with-mpc-version=current' '--disable-docs' '--disable-nls' --program-transform-name='s&^&arm-linux-androideabi-&' --prefix=/home/sparksco/android/toolchain/aosp/build/temp-install --disable-shared --host=x86_64-linux-gnu --build=x86_64-linux-gnu --with-gmp=/home/sparksco/android/toolchain/aosp/build/temp-install --with-mpfr=/home/sparksco/android/toolchain/aosp/build/temp-install) && \
	touch stmp-config-host-mpc
yes
checking for iconv declaration... install-shextern size_t iconv (iconv_t cd, char * *inbuf, size_t *inbytesleft, char * *outbuf, size_t *outbytesleft);
checking for library containing waddstr... configure: WARNING: unrecognized options: --with-gcc-version, --with-binutils-version, --with-gmp-version, --with-mpfr-version, --with-gdb-version, --with-mpc-version, --disable-docs, --disable-nls
-lncurses
checking for library containing tgetent... checking for a BSD-compatible install... none required
checking size of unsigned long long... /usr/bin/install -c
checking whether build environment is sane... 8
checking size of unsigned long... 8
checking size of unsigned __int128... 16
checking for library containing dlopen... -ldl
checking whether to use expat... yes
checking for ld used by GCC... ld
checking if the linker (ld) is GNU ld... yes
checking for shared library run path origin... done
checking for libexpat... yes
checking how to link with libexpat... /home/sparksco/android/toolchain/aosp/build/temp-install/lib/libexpat.a
checking for XML_StopParser... yes
checking whether to use python... no
configure: WARNING: python support disabled; some features may be unavailable.
checking for dirent.h that defines DIR... yes
checking for library containing opendir... none required
checking whether stat file-mode macros are broken... no
checking for ANSI C header files... (cached) yes
checking nlist.h usability... yes
checking for a thread-safe mkdir -p... /bin/mkdir -p
checking for gawk... gawk
checking whether make sets $(MAKE)... yes
checking whether to enable maintainer-specific portions of Makefiles... no
no
checking nlist.h presence... checking build system type... no
checking for nlist.h... no
checking machine/reg.h usability... x86_64-pc-linux-gnu
checking host system type... x86_64-pc-linux-gnu
checking for grep that handles long lines and -e... /bin/grep
checking for egrep... /bin/grep -E
checking for a sed that does not truncate output... /bin/sed
checking for x86_64-linux-gnu-gcc... gcc-4.7
checking whether the C compiler works... yes
checking for C compiler default output file name... a.out
no
checking machine/reg.h presence... checking for suffix of executables... no
checking for machine/reg.h... no
checking poll.h usability... 
yes
checking poll.h presence... checking whether we are cross compiling... yes
checking for poll.h... yes
checking sys/poll.h usability... no
checking for suffix of object files... o
checking whether we are using the GNU C compiler... yes
checking sys/poll.h presence... yes
checking for sys/poll.h... yes
yes
checking whether gcc-4.7 accepts -g... checking proc_service.h usability... yes
checking for gcc-4.7 option to accept ISO C89... none needed
checking for style of include used by make... GNU
checking dependency style of gcc-4.7... no
checking proc_service.h presence... gcc3
checking for x86_64-linux-gnu-ar... no
checking for x86_64-linux-gnu-lib... no
checking for x86_64-linux-gnu-link... no
checking for proc_service.h... no
checking for ar... ar
checking the archiver (ar) interface... checking thread_db.h usability... ar
checking how to print strings... printf
checking for a sed that does not truncate output... (cached) /bin/sed
checking for fgrep... /bin/grep -F
yes
checking thread_db.h presence... checking for ld used by gcc-4.7... /usr/bin/ld
checking if the linker (/usr/bin/ld) is GNU ld... yes
checking for BSD- or MS-compatible name lister (nm)... /usr/bin/nm -B
checking the name lister (/usr/bin/nm -B) interface... yes
checking for thread_db.h... yes
checking signal.h usability... BSD nm
checking whether ln -s works... yes
checking the maximum length of command line arguments... 3458764513820540925
checking whether the shell understands some XSI constructs... yes
checking whether the shell understands "+="... yes
checking how to convert x86_64-pc-linux-gnu file names to x86_64-pc-linux-gnu format... func_convert_file_noop
checking how to convert x86_64-pc-linux-gnu file names to toolchain format... func_convert_file_noop
checking for /usr/bin/ld option to reload object files... -r
checking for x86_64-linux-gnu-objdump... no
checking for objdump... objdump
checking how to recognize dependent libraries... pass_all
checking for x86_64-linux-gnu-dlltool... no
checking for dlltool... no
checking how to associate runtime and link libraries... printf %s\n
checking for x86_64-linux-gnu-ar... ar
checking for archiver @FILE support... yes
checking signal.h presence... yes
checking for signal.h... yes
checking stddef.h usability... @
checking for x86_64-linux-gnu-strip... no
checking for strip... strip
checking for x86_64-linux-gnu-ranlib... no
checking for ranlib... ranlib
checking command to parse /usr/bin/nm -B output from gcc-4.7 object... yes
checking stddef.h presence... yes
checking for stddef.h... yes
checking for stdlib.h... (cached) yes
checking for string.h... (cached) yes
checking for memory.h... (cached) yes
checking for strings.h... (cached) yes
checking sys/fault.h usability... ok
checking for sysroot... no
checking for x86_64-linux-gnu-mt... no
checking for mt... mt
checking if mt is a manifest tool... no
checking how to run the C preprocessor... gcc-4.7 -E
checking for ANSI C header files... no
checking sys/fault.h presence... no
checking for sys/fault.h... no
checking sys/file.h usability... yes
checking sys/file.h presence... yes
checking for sys/file.h... yes
checking sys/filio.h usability... yes
checking for sys/types.h... yes
checking for sys/stat.h... yes
checking for stdlib.h... no
checking sys/filio.h presence... no
checking for sys/filio.h... no
yes
checking sys/ioctl.h usability... checking for string.h... yes
yes
checking sys/ioctl.h presence... checking for memory.h... yes
checking for sys/ioctl.h... yes
checking sys/param.h usability... yes
checking for strings.h... yes
checking sys/param.h presence... yes
checking for sys/param.h... yes
yes
checking sys/resource.h usability... checking for inttypes.h... yes
checking sys/resource.h presence... yes
checking for stdint.h... yes
checking for sys/resource.h... yes
checking sys/procfs.h usability... yes
checking for unistd.h... yes
checking sys/procfs.h presence... yes
checking for sys/procfs.h... yes
yes
checking for dlfcn.h... checking sys/ptrace.h usability... yes
checking for objdir... .libs
yes
checking sys/ptrace.h presence... yes
checking for sys/ptrace.h... yes
checking ptrace.h usability... checking if gcc-4.7 supports -fno-rtti -fno-exceptions... no
checking for gcc-4.7 option to produce PIC... -fPIC -DPIC
checking if gcc-4.7 PIC flag -fPIC -DPIC works... yes
checking if gcc-4.7 static flag -static works... no
checking ptrace.h presence... no
checking for ptrace.h... no
checking sys/reg.h usability... yes
checking sys/reg.h presence... yes
checking for sys/reg.h... yes
yes
checking if gcc-4.7 supports -c -o file.o... checking sys/debugreg.h usability... yes
checking if gcc-4.7 supports -c -o file.o... (cached) yes
checking whether the gcc-4.7 linker (/usr/bin/ld -m elf_x86_64) supports shared libraries... yes
checking dynamic linker characteristics... yes
checking sys/debugreg.h presence... yes
checking for sys/debugreg.h... yes
checking sys/select.h usability... GNU/Linux ld.so
checking how to hardcode library paths into programs... immediate
checking whether stripping libraries is possible... yes
checking if libtool supports shared libraries... yes
checking whether to build shared libraries... no
checking whether to build static libraries... yes
checking for gmp.h... yes
checking for ANSI C header files... (cached) yes
yes
checking sys/select.h presence... checking locale.h usability... yes
checking for sys/select.h... yes
checking sys/syscall.h usability... yes
checking locale.h presence... yes
checking for locale.h... yes
yes
checking sys/syscall.h presence... checking for inttypes.h... (cached) yes
yes
checking for sys/syscall.h... yes
checking for stdint.h... (cached) yes
checking for sys/types.h... (cached) yes
checking limits.h usability... checking sys/wait.h usability... yes
checking limits.h presence... yes
checking for limits.h... yes
checking for unistd.h... (cached) yes
yes
checking sys/wait.h presence... checking sys/time.h usability... yes
checking for sys/wait.h... yes
checking wait.h usability... yes
checking sys/time.h presence... yes
checking for sys/time.h... yes
checking whether time.h and sys/time.h may both be included... yes
checking wait.h presence... yes
checking for wait.h... yes
checking termios.h usability... yes
checking complex.h usability... yes
checking termios.h presence... yes
checking complex.h presence... yes
checking for termios.h... yes
checking termio.h usability... yes
checking for complex.h... yes
checking for library containing creal... yes
checking termio.h presence... yes
checking for termio.h... yes
checking sgtty.h usability... -lm
checking whether creal, cimag and I can be used... yes
checking sgtty.h presence... yes
checking for sgtty.h... yes
checking for unistd.h... (cached) yes
checking elf_hp.h usability... yes
checking for an ANSI C-conforming const... yes
checking for size_t... yes
checking for gettimeofday... no
checking elf_hp.h presence... no
checking for elf_hp.h... no
checking ctype.h usability... yes
checking for localeconv... yes
checking ctype.h presence... yes
checking for ctype.h... yes
checking time.h usability... yes
checking for setlocale... yes
checking time.h presence... yes
checking for time.h... yes
checking locale.h usability... yes
checking for dup... yes
checking locale.h presence... yes
checking for locale.h... yes
checking dlfcn.h usability... yes
checking for dup2... yes
checking dlfcn.h presence... yes
checking for dlfcn.h... yes
checking sys/socket.h usability... yes
checking for __gmpz_init in -lgmp... yes
checking for MPFR... checking sys/socket.h presence... yes
checking for sys/socket.h... yes
checking sys/un.h usability... yes
checking for recent GMP... yes
checking sys/un.h presence... yes
checking for sys/un.h... yes
yes
checking for recent MPFR... checking for link.h... yes
checking for sys/proc.h... yes
checking if gcc accepts -dumpversion option... yes
checking gcc version... 4.7
configure: creating ./config.status
no
checking for sys/user.h... yes
checking curses.h usability... yes
checking curses.h presence... yes
checking for curses.h... yes
checking cursesX.h usability... no
checking cursesX.h presence... no
checking for cursesX.h... no
checking ncurses.h usability... yes
checking ncurses.h presence... yes
checking for ncurses.h... yes
checking ncurses/ncurses.h usability... no
checking ncurses/ncurses.h presence... no
checking for ncurses/ncurses.h... no
checking ncurses/term.h usability... config.status: creating Makefile
config.status: creating src/Makefile
config.status: creating tests/Makefile
config.status: creating doc/Makefile
config.status: creating config.h
config.status: executing depfiles commands
no
checking ncurses/term.h presence... no
checking for ncurses/term.h... no
checking for term.h... yes
checking whether free is declared... yes
checking whether malloc is declared... yes
checking whether realloc is declared... yes
checking whether strerror is declared... config.status: executing libtool commands
yes
checking whether strstr is declared... yes
checking whether getopt is declared... yes
checking whether snprintf is declared... configure: WARNING: unrecognized options: --with-gcc-version, --with-binutils-version, --with-gmp-version, --with-mpfr-version, --with-gdb-version, --with-mpc-version, --disable-docs, --disable-nls
yes
( \
	 make -C mpc-current) && touch stmp-build-host-mpc
make[1]: Entering directory `/home/sparksco/android/toolchain/aosp/build/mpc-current'
checking whether vsnprintf is declared... make  all-recursive
make[2]: Entering directory `/home/sparksco/android/toolchain/aosp/build/mpc-current'
Making all in src
make[3]: Entering directory `/home/sparksco/android/toolchain/aosp/build/mpc-current/src'
/bin/bash ../libtool --tag=CC   --mode=compile gcc-4.7 -DHAVE_CONFIG_H -I. -I../.././../mpc/mpc-current/src -I..   -I/home/sparksco/android/toolchain/aosp/build/temp-install/include -I/home/sparksco/android/toolchain/aosp/build/temp-install/include   -g -O2 -MT abs.lo -MD -MP -MF .deps/abs.Tpo -c -o abs.lo ../.././../mpc/mpc-current/src/abs.c
/bin/bash ../libtool --tag=CC   --mode=compile gcc-4.7 -DHAVE_CONFIG_H -I. -I../.././../mpc/mpc-current/src -I..   -I/home/sparksco/android/toolchain/aosp/build/temp-install/include -I/home/sparksco/android/toolchain/aosp/build/temp-install/include   -g -O2 -MT acos.lo -MD -MP -MF .deps/acos.Tpo -c -o acos.lo ../.././../mpc/mpc-current/src/acos.c
/bin/bash ../libtool --tag=CC   --mode=compile gcc-4.7 -DHAVE_CONFIG_H -I. -I../.././../mpc/mpc-current/src -I..   -I/home/sparksco/android/toolchain/aosp/build/temp-install/include -I/home/sparksco/android/toolchain/aosp/build/temp-install/include   -g -O2 -MT acosh.lo -MD -MP -MF .deps/acosh.Tpo -c -o acosh.lo ../.././../mpc/mpc-current/src/acosh.c
/bin/bash ../libtool --tag=CC   --mode=compile gcc-4.7 -DHAVE_CONFIG_H -I. -I../.././../mpc/mpc-current/src -I..   -I/home/sparksco/android/toolchain/aosp/build/temp-install/include -I/home/sparksco/android/toolchain/aosp/build/temp-install/include   -g -O2 -MT add.lo -MD -MP -MF .deps/add.Tpo -c -o add.lo ../.././../mpc/mpc-current/src/add.c
/bin/bash ../libtool --tag=CC   --mode=compile gcc-4.7 -DHAVE_CONFIG_H -I. -I../.././../mpc/mpc-current/src -I..   -I/home/sparksco/android/toolchain/aosp/build/temp-install/include -I/home/sparksco/android/toolchain/aosp/build/temp-install/include   -g -O2 -MT add_fr.lo -MD -MP -MF .deps/add_fr.Tpo -c -o add_fr.lo ../.././../mpc/mpc-current/src/add_fr.c
/bin/bash ../libtool --tag=CC   --mode=compile gcc-4.7 -DHAVE_CONFIG_H -I. -I../.././../mpc/mpc-current/src -I..   -I/home/sparksco/android/toolchain/aosp/build/temp-install/include -I/home/sparksco/android/toolchain/aosp/build/temp-install/include   -g -O2 -MT add_si.lo -MD -MP -MF .deps/add_si.Tpo -c -o add_si.lo ../.././../mpc/mpc-current/src/add_si.c
/bin/bash ../libtool --tag=CC   --mode=compile gcc-4.7 -DHAVE_CONFIG_H -I. -I../.././../mpc/mpc-current/src -I..   -I/home/sparksco/android/toolchain/aosp/build/temp-install/include -I/home/sparksco/android/toolchain/aosp/build/temp-install/include   -g -O2 -MT add_ui.lo -MD -MP -MF .deps/add_ui.Tpo -c -o add_ui.lo ../.././../mpc/mpc-current/src/add_ui.c
/bin/bash ../libtool --tag=CC   --mode=compile gcc-4.7 -DHAVE_CONFIG_H -I. -I../.././../mpc/mpc-current/src -I..   -I/home/sparksco/android/toolchain/aosp/build/temp-install/include -I/home/sparksco/android/toolchain/aosp/build/temp-install/include   -g -O2 -MT arg.lo -MD -MP -MF .deps/arg.Tpo -c -o arg.lo ../.././../mpc/mpc-current/src/arg.c
/bin/bash ../libtool --tag=CC   --mode=compile gcc-4.7 -DHAVE_CONFIG_H -I. -I../.././../mpc/mpc-current/src -I..   -I/home/sparksco/android/toolchain/aosp/build/temp-install/include -I/home/sparksco/android/toolchain/aosp/build/temp-install/include   -g -O2 -MT asin.lo -MD -MP -MF .deps/asin.Tpo -c -o asin.lo ../.././../mpc/mpc-current/src/asin.c
yes
checking for LC_MESSAGES... libtool: compile:  gcc-4.7 -DHAVE_CONFIG_H -I. -I../.././../mpc/mpc-current/src -I.. -I/home/sparksco/android/toolchain/aosp/build/temp-install/include -I/home/sparksco/android/toolchain/aosp/build/temp-install/include -g -O2 -MT add_fr.lo -MD -MP -MF .deps/add_fr.Tpo -c ../.././../mpc/mpc-current/src/add_fr.c -o add_fr.o
libtool: compile:  gcc-4.7 -DHAVE_CONFIG_H -I. -I../.././../mpc/mpc-current/src -I.. -I/home/sparksco/android/toolchain/aosp/build/temp-install/include -I/home/sparksco/android/toolchain/aosp/build/temp-install/include -g -O2 -MT asin.lo -MD -MP -MF .deps/asin.Tpo -c ../.././../mpc/mpc-current/src/asin.c -o asin.o
libtool: compile:  gcc-4.7 -DHAVE_CONFIG_H -I. -I../.././../mpc/mpc-current/src -I.. -I/home/sparksco/android/toolchain/aosp/build/temp-install/include -I/home/sparksco/android/toolchain/aosp/build/temp-install/include -g -O2 -MT arg.lo -MD -MP -MF .deps/arg.Tpo -c ../.././../mpc/mpc-current/src/arg.c -o arg.o
libtool: compile:  gcc-4.7 -DHAVE_CONFIG_H -I. -I../.././../mpc/mpc-current/src -I.. -I/home/sparksco/android/toolchain/aosp/build/temp-install/include -I/home/sparksco/android/toolchain/aosp/build/temp-install/include -g -O2 -MT acos.lo -MD -MP -MF .deps/acos.Tpo -c ../.././../mpc/mpc-current/src/acos.c -o acos.o
libtool: compile:  gcc-4.7 -DHAVE_CONFIG_H -I. -I../.././../mpc/mpc-current/src -I.. -I/home/sparksco/android/toolchain/aosp/build/temp-install/include -I/home/sparksco/android/toolchain/aosp/build/temp-install/include -g -O2 -MT acosh.lo -MD -MP -MF .deps/acosh.Tpo -c ../.././../mpc/mpc-current/src/acosh.c -o acosh.o
libtool: compile:  gcc-4.7 -DHAVE_CONFIG_H -I. -I../.././../mpc/mpc-current/src -I.. -I/home/sparksco/android/toolchain/aosp/build/temp-install/include -I/home/sparksco/android/toolchain/aosp/build/temp-install/include -g -O2 -MT add.lo -MD -MP -MF .deps/add.Tpo -c ../.././../mpc/mpc-current/src/add.c -o add.o
libtool: compile:  gcc-4.7 -DHAVE_CONFIG_H -I. -I../.././../mpc/mpc-current/src -I.. -I/home/sparksco/android/toolchain/aosp/build/temp-install/include -I/home/sparksco/android/toolchain/aosp/build/temp-install/include -g -O2 -MT add_si.lo -MD -MP -MF .deps/add_si.Tpo -c ../.././../mpc/mpc-current/src/add_si.c -o add_si.o
libtool: compile:  gcc-4.7 -DHAVE_CONFIG_H -I. -I../.././../mpc/mpc-current/src -I.. -I/home/sparksco/android/toolchain/aosp/build/temp-install/include -I/home/sparksco/android/toolchain/aosp/build/temp-install/include -g -O2 -MT abs.lo -MD -MP -MF .deps/abs.Tpo -c ../.././../mpc/mpc-current/src/abs.c -o abs.o
libtool: compile:  gcc-4.7 -DHAVE_CONFIG_H -I. -I../.././../mpc/mpc-current/src -I.. -I/home/sparksco/android/toolchain/aosp/build/temp-install/include -I/home/sparksco/android/toolchain/aosp/build/temp-install/include -g -O2 -MT add_ui.lo -MD -MP -MF .deps/add_ui.Tpo -c ../.././../mpc/mpc-current/src/add_ui.c -o add_ui.o
mv -f .deps/arg.Tpo .deps/arg.Plo
mv -f .deps/add_si.Tpo .deps/add_si.Plo
/bin/bash ../libtool --tag=CC   --mode=compile gcc-4.7 -DHAVE_CONFIG_H -I. -I../.././../mpc/mpc-current/src -I..   -I/home/sparksco/android/toolchain/aosp/build/temp-install/include -I/home/sparksco/android/toolchain/aosp/build/temp-install/include   -g -O2 -MT asinh.lo -MD -MP -MF .deps/asinh.Tpo -c -o asinh.lo ../.././../mpc/mpc-current/src/asinh.c
/bin/bash ../libtool --tag=CC   --mode=compile gcc-4.7 -DHAVE_CONFIG_H -I. -I../.././../mpc/mpc-current/src -I..   -I/home/sparksco/android/toolchain/aosp/build/temp-install/include -I/home/sparksco/android/toolchain/aosp/build/temp-install/include   -g -O2 -MT atan.lo -MD -MP -MF .deps/atan.Tpo -c -o atan.lo ../.././../mpc/mpc-current/src/atan.c
yes
checking for struct stat.st_blocks... mv -f .deps/abs.Tpo .deps/abs.Plo
mv -f .deps/add_fr.Tpo .deps/add_fr.Plo
mv -f .deps/acosh.Tpo .deps/acosh.Plo
/bin/bash ../libtool --tag=CC   --mode=compile gcc-4.7 -DHAVE_CONFIG_H -I. -I../.././../mpc/mpc-current/src -I..   -I/home/sparksco/android/toolchain/aosp/build/temp-install/include -I/home/sparksco/android/toolchain/aosp/build/temp-install/include   -g -O2 -MT atanh.lo -MD -MP -MF .deps/atanh.Tpo -c -o atanh.lo ../.././../mpc/mpc-current/src/atanh.c
mv -f .deps/add.Tpo .deps/add.Plo
/bin/bash ../libtool --tag=CC   --mode=compile gcc-4.7 -DHAVE_CONFIG_H -I. -I../.././../mpc/mpc-current/src -I..   -I/home/sparksco/android/toolchain/aosp/build/temp-install/include -I/home/sparksco/android/toolchain/aosp/build/temp-install/include   -g -O2 -MT clear.lo -MD -MP -MF .deps/clear.Tpo -c -o clear.lo ../.././../mpc/mpc-current/src/clear.c
/bin/bash ../libtool --tag=CC   --mode=compile gcc-4.7 -DHAVE_CONFIG_H -I. -I../.././../mpc/mpc-current/src -I..   -I/home/sparksco/android/toolchain/aosp/build/temp-install/include -I/home/sparksco/android/toolchain/aosp/build/temp-install/include   -g -O2 -MT cmp.lo -MD -MP -MF .deps/cmp.Tpo -c -o cmp.lo ../.././../mpc/mpc-current/src/cmp.c
/bin/bash ../libtool --tag=CC   --mode=compile gcc-4.7 -DHAVE_CONFIG_H -I. -I../.././../mpc/mpc-current/src -I..   -I/home/sparksco/android/toolchain/aosp/build/temp-install/include -I/home/sparksco/android/toolchain/aosp/build/temp-install/include   -g -O2 -MT cmp_si_si.lo -MD -MP -MF .deps/cmp_si_si.Tpo -c -o cmp_si_si.lo ../.././../mpc/mpc-current/src/cmp_si_si.c
libtool: compile:  gcc-4.7 -DHAVE_CONFIG_H -I. -I../.././../mpc/mpc-current/src -I.. -I/home/sparksco/android/toolchain/aosp/build/temp-install/include -I/home/sparksco/android/toolchain/aosp/build/temp-install/include -g -O2 -MT atan.lo -MD -MP -MF .deps/atan.Tpo -c ../.././../mpc/mpc-current/src/atan.c -o atan.o
mv -f .deps/add_ui.Tpo .deps/add_ui.Plo
/bin/bash ../libtool --tag=CC   --mode=compile gcc-4.7 -DHAVE_CONFIG_H -I. -I../.././../mpc/mpc-current/src -I..   -I/home/sparksco/android/toolchain/aosp/build/temp-install/include -I/home/sparksco/android/toolchain/aosp/build/temp-install/include   -g -O2 -MT conj.lo -MD -MP -MF .deps/conj.Tpo -c -o conj.lo ../.././../mpc/mpc-current/src/conj.c
libtool: compile:  gcc-4.7 -DHAVE_CONFIG_H -I. -I../.././../mpc/mpc-current/src -I.. -I/home/sparksco/android/toolchain/aosp/build/temp-install/include -I/home/sparksco/android/toolchain/aosp/build/temp-install/include -g -O2 -MT asinh.lo -MD -MP -MF .deps/asinh.Tpo -c ../.././../mpc/mpc-current/src/asinh.c -o asinh.o
libtool: compile:  gcc-4.7 -DHAVE_CONFIG_H -I. -I../.././../mpc/mpc-current/src -I.. -I/home/sparksco/android/toolchain/aosp/build/temp-install/include -I/home/sparksco/android/toolchain/aosp/build/temp-install/include -g -O2 -MT cmp_si_si.lo -MD -MP -MF .deps/cmp_si_si.Tpo -c ../.././../mpc/mpc-current/src/cmp_si_si.c -o cmp_si_si.o
libtool: compile:  gcc-4.7 -DHAVE_CONFIG_H -I. -I../.././../mpc/mpc-current/src -I.. -I/home/sparksco/android/toolchain/aosp/build/temp-install/include -I/home/sparksco/android/toolchain/aosp/build/temp-install/include -g -O2 -MT conj.lo -MD -MP -MF .deps/conj.Tpo -c ../.././../mpc/mpc-current/src/conj.c -o conj.o
libtool: compile:  gcc-4.7 -DHAVE_CONFIG_H -I. -I../.././../mpc/mpc-current/src -I.. -I/home/sparksco/android/toolchain/aosp/build/temp-install/include -I/home/sparksco/android/toolchain/aosp/build/temp-install/include -g -O2 -MT cmp.lo -MD -MP -MF .deps/cmp.Tpo -c ../.././../mpc/mpc-current/src/cmp.c -o cmp.o
libtool: compile:  gcc-4.7 -DHAVE_CONFIG_H -I. -I../.././../mpc/mpc-current/src -I.. -I/home/sparksco/android/toolchain/aosp/build/temp-install/include -I/home/sparksco/android/toolchain/aosp/build/temp-install/include -g -O2 -MT atanh.lo -MD -MP -MF .deps/atanh.Tpo -c ../.././../mpc/mpc-current/src/atanh.c -o atanh.o
libtool: compile:  gcc-4.7 -DHAVE_CONFIG_H -I. -I../.././../mpc/mpc-current/src -I.. -I/home/sparksco/android/toolchain/aosp/build/temp-install/include -I/home/sparksco/android/toolchain/aosp/build/temp-install/include -g -O2 -MT clear.lo -MD -MP -MF .deps/clear.Tpo -c ../.././../mpc/mpc-current/src/clear.c -o clear.o
mv -f .deps/asin.Tpo .deps/asin.Plo
/bin/bash ../libtool --tag=CC   --mode=compile gcc-4.7 -DHAVE_CONFIG_H -I. -I../.././../mpc/mpc-current/src -I..   -I/home/sparksco/android/toolchain/aosp/build/temp-install/include -I/home/sparksco/android/toolchain/aosp/build/temp-install/include   -g -O2 -MT cos.lo -MD -MP -MF .deps/cos.Tpo -c -o cos.lo ../.././../mpc/mpc-current/src/cos.c
yes
checking for struct stat.st_blksize... mv -f .deps/acos.Tpo .deps/acos.Plo
/bin/bash ../libtool --tag=CC   --mode=compile gcc-4.7 -DHAVE_CONFIG_H -I. -I../.././../mpc/mpc-current/src -I..   -I/home/sparksco/android/toolchain/aosp/build/temp-install/include -I/home/sparksco/android/toolchain/aosp/build/temp-install/include   -g -O2 -MT cosh.lo -MD -MP -MF .deps/cosh.Tpo -c -o cosh.lo ../.././../mpc/mpc-current/src/cosh.c
mv -f .deps/asinh.Tpo .deps/asinh.Plo
mv -f .deps/cmp.Tpo .deps/cmp.Plo
mv -f .deps/conj.Tpo .deps/conj.Plo
mv -f .deps/cmp_si_si.Tpo .deps/cmp_si_si.Plo
libtool: compile:  gcc-4.7 -DHAVE_CONFIG_H -I. -I../.././../mpc/mpc-current/src -I.. -I/home/sparksco/android/toolchain/aosp/build/temp-install/include -I/home/sparksco/android/toolchain/aosp/build/temp-install/include -g -O2 -MT cos.lo -MD -MP -MF .deps/cos.Tpo -c ../.././../mpc/mpc-current/src/cos.c -o cos.o
/bin/bash ../libtool --tag=CC   --mode=compile gcc-4.7 -DHAVE_CONFIG_H -I. -I../.././../mpc/mpc-current/src -I..   -I/home/sparksco/android/toolchain/aosp/build/temp-install/include -I/home/sparksco/android/toolchain/aosp/build/temp-install/include   -g -O2 -MT div_2si.lo -MD -MP -MF .deps/div_2si.Tpo -c -o div_2si.lo ../.././../mpc/mpc-current/src/div_2si.c
/bin/bash ../libtool --tag=CC   --mode=compile gcc-4.7 -DHAVE_CONFIG_H -I. -I../.././../mpc/mpc-current/src -I..   -I/home/sparksco/android/toolchain/aosp/build/temp-install/include -I/home/sparksco/android/toolchain/aosp/build/temp-install/include   -g -O2 -MT div_2ui.lo -MD -MP -MF .deps/div_2ui.Tpo -c -o div_2ui.lo ../.././../mpc/mpc-current/src/div_2ui.c
/bin/bash ../libtool --tag=CC   --mode=compile gcc-4.7 -DHAVE_CONFIG_H -I. -I../.././../mpc/mpc-current/src -I..   -I/home/sparksco/android/toolchain/aosp/build/temp-install/include -I/home/sparksco/android/toolchain/aosp/build/temp-install/include   -g -O2 -MT div.lo -MD -MP -MF .deps/div.Tpo -c -o div.lo ../.././../mpc/mpc-current/src/div.c
/bin/bash ../libtool --tag=CC   --mode=compile gcc-4.7 -DHAVE_CONFIG_H -I. -I../.././../mpc/mpc-current/src -I..   -I/home/sparksco/android/toolchain/aosp/build/temp-install/include -I/home/sparksco/android/toolchain/aosp/build/temp-install/include   -g -O2 -MT div_fr.lo -MD -MP -MF .deps/div_fr.Tpo -c -o div_fr.lo ../.././../mpc/mpc-current/src/div_fr.c
mv -f .deps/clear.Tpo .deps/clear.Plo
libtool: compile:  gcc-4.7 -DHAVE_CONFIG_H -I. -I../.././../mpc/mpc-current/src -I.. -I/home/sparksco/android/toolchain/aosp/build/temp-install/include -I/home/sparksco/android/toolchain/aosp/build/temp-install/include -g -O2 -MT cosh.lo -MD -MP -MF .deps/cosh.Tpo -c ../.././../mpc/mpc-current/src/cosh.c -o cosh.o
/bin/bash ../libtool --tag=CC   --mode=compile gcc-4.7 -DHAVE_CONFIG_H -I. -I../.././../mpc/mpc-current/src -I..   -I/home/sparksco/android/toolchain/aosp/build/temp-install/include -I/home/sparksco/android/toolchain/aosp/build/temp-install/include   -g -O2 -MT div_ui.lo -MD -MP -MF .deps/div_ui.Tpo -c -o div_ui.lo ../.././../mpc/mpc-current/src/div_ui.c
yes
checking return type of signal handlers... libtool: compile:  gcc-4.7 -DHAVE_CONFIG_H -I. -I../.././../mpc/mpc-current/src -I.. -I/home/sparksco/android/toolchain/aosp/build/temp-install/include -I/home/sparksco/android/toolchain/aosp/build/temp-install/include -g -O2 -MT div_2si.lo -MD -MP -MF .deps/div_2si.Tpo -c ../.././../mpc/mpc-current/src/div_2si.c -o div_2si.o
libtool: compile:  gcc-4.7 -DHAVE_CONFIG_H -I. -I../.././../mpc/mpc-current/src -I.. -I/home/sparksco/android/toolchain/aosp/build/temp-install/include -I/home/sparksco/android/toolchain/aosp/build/temp-install/include -g -O2 -MT div_2ui.lo -MD -MP -MF .deps/div_2ui.Tpo -c ../.././../mpc/mpc-current/src/div_2ui.c -o div_2ui.o
libtool: compile:  gcc-4.7 -DHAVE_CONFIG_H -I. -I../.././../mpc/mpc-current/src -I.. -I/home/sparksco/android/toolchain/aosp/build/temp-install/include -I/home/sparksco/android/toolchain/aosp/build/temp-install/include -g -O2 -MT div.lo -MD -MP -MF .deps/div.Tpo -c ../.././../mpc/mpc-current/src/div.c -o div.o
libtool: compile:  gcc-4.7 -DHAVE_CONFIG_H -I. -I../.././../mpc/mpc-current/src -I.. -I/home/sparksco/android/toolchain/aosp/build/temp-install/include -I/home/sparksco/android/toolchain/aosp/build/temp-install/include -g -O2 -MT div_fr.lo -MD -MP -MF .deps/div_fr.Tpo -c ../.././../mpc/mpc-current/src/div_fr.c -o div_fr.o
mv -f .deps/atanh.Tpo .deps/atanh.Plo
libtool: compile:  gcc-4.7 -DHAVE_CONFIG_H -I. -I../.././../mpc/mpc-current/src -I.. -I/home/sparksco/android/toolchain/aosp/build/temp-install/include -I/home/sparksco/android/toolchain/aosp/build/temp-install/include -g -O2 -MT div_ui.lo -MD -MP -MF .deps/div_ui.Tpo -c ../.././../mpc/mpc-current/src/div_ui.c -o div_ui.o
/bin/bash ../libtool --tag=CC   --mode=compile gcc-4.7 -DHAVE_CONFIG_H -I. -I../.././../mpc/mpc-current/src -I..   -I/home/sparksco/android/toolchain/aosp/build/temp-install/include -I/home/sparksco/android/toolchain/aosp/build/temp-install/include   -g -O2 -MT exp.lo -MD -MP -MF .deps/exp.Tpo -c -o exp.lo ../.././../mpc/mpc-current/src/exp.c
mv -f .deps/cos.Tpo .deps/cos.Plo
/bin/bash ../libtool --tag=CC   --mode=compile gcc-4.7 -DHAVE_CONFIG_H -I. -I../.././../mpc/mpc-current/src -I..   -I/home/sparksco/android/toolchain/aosp/build/temp-install/include -I/home/sparksco/android/toolchain/aosp/build/temp-install/include   -g -O2 -MT fma.lo -MD -MP -MF .deps/fma.Tpo -c -o fma.lo ../.././../mpc/mpc-current/src/fma.c
void
checking for socklen_t... mv -f .deps/atan.Tpo .deps/atan.Plo
mv -f .deps/div_2ui.Tpo .deps/div_2ui.Plo
libtool: compile:  gcc-4.7 -DHAVE_CONFIG_H -I. -I../.././../mpc/mpc-current/src -I.. -I/home/sparksco/android/toolchain/aosp/build/temp-install/include -I/home/sparksco/android/toolchain/aosp/build/temp-install/include -g -O2 -MT exp.lo -MD -MP -MF .deps/exp.Tpo -c ../.././../mpc/mpc-current/src/exp.c -o exp.o
/bin/bash ../libtool --tag=CC   --mode=compile gcc-4.7 -DHAVE_CONFIG_H -I. -I../.././../mpc/mpc-current/src -I..   -I/home/sparksco/android/toolchain/aosp/build/temp-install/include -I/home/sparksco/android/toolchain/aosp/build/temp-install/include   -g -O2 -MT fr_div.lo -MD -MP -MF .deps/fr_div.Tpo -c -o fr_div.lo ../.././../mpc/mpc-current/src/fr_div.c
/bin/bash ../libtool --tag=CC   --mode=compile gcc-4.7 -DHAVE_CONFIG_H -I. -I../.././../mpc/mpc-current/src -I..   -I/home/sparksco/android/toolchain/aosp/build/temp-install/include -I/home/sparksco/android/toolchain/aosp/build/temp-install/include   -g -O2 -MT fr_sub.lo -MD -MP -MF .deps/fr_sub.Tpo -c -o fr_sub.lo ../.././../mpc/mpc-current/src/fr_sub.c
libtool: compile:  gcc-4.7 -DHAVE_CONFIG_H -I. -I../.././../mpc/mpc-current/src -I.. -I/home/sparksco/android/toolchain/aosp/build/temp-install/include -I/home/sparksco/android/toolchain/aosp/build/temp-install/include -g -O2 -MT fma.lo -MD -MP -MF .deps/fma.Tpo -c ../.././../mpc/mpc-current/src/fma.c -o fma.o
mv -f .deps/div_2si.Tpo .deps/div_2si.Plo
mv -f .deps/cosh.Tpo .deps/cosh.Plo
/bin/bash ../libtool --tag=CC   --mode=compile gcc-4.7 -DHAVE_CONFIG_H -I. -I../.././../mpc/mpc-current/src -I..   -I/home/sparksco/android/toolchain/aosp/build/temp-install/include -I/home/sparksco/android/toolchain/aosp/build/temp-install/include   -g -O2 -MT get_prec2.lo -MD -MP -MF .deps/get_prec2.Tpo -c -o get_prec2.lo ../.././../mpc/mpc-current/src/get_prec2.c
/bin/bash ../libtool --tag=CC   --mode=compile gcc-4.7 -DHAVE_CONFIG_H -I. -I../.././../mpc/mpc-current/src -I..   -I/home/sparksco/android/toolchain/aosp/build/temp-install/include -I/home/sparksco/android/toolchain/aosp/build/temp-install/include   -g -O2 -MT get_prec.lo -MD -MP -MF .deps/get_prec.Tpo -c -o get_prec.lo ../.././../mpc/mpc-current/src/get_prec.c
mv -f .deps/div_fr.Tpo .deps/div_fr.Plo
mv -f .deps/div_ui.Tpo .deps/div_ui.Plo
/bin/bash ../libtool --tag=CC   --mode=compile gcc-4.7 -DHAVE_CONFIG_H -I. -I../.././../mpc/mpc-current/src -I..   -I/home/sparksco/android/toolchain/aosp/build/temp-install/include -I/home/sparksco/android/toolchain/aosp/build/temp-install/include   -g -O2 -MT get_version.lo -MD -MP -MF .deps/get_version.Tpo -c -o get_version.lo ../.././../mpc/mpc-current/src/get_version.c
libtool: compile:  gcc-4.7 -DHAVE_CONFIG_H -I. -I../.././../mpc/mpc-current/src -I.. -I/home/sparksco/android/toolchain/aosp/build/temp-install/include -I/home/sparksco/android/toolchain/aosp/build/temp-install/include -g -O2 -MT fr_div.lo -MD -MP -MF .deps/fr_div.Tpo -c ../.././../mpc/mpc-current/src/fr_div.c -o fr_div.o
libtool: compile:  gcc-4.7 -DHAVE_CONFIG_H -I. -I../.././../mpc/mpc-current/src -I.. -I/home/sparksco/android/toolchain/aosp/build/temp-install/include -I/home/sparksco/android/toolchain/aosp/build/temp-install/include -g -O2 -MT fr_sub.lo -MD -MP -MF .deps/fr_sub.Tpo -c ../.././../mpc/mpc-current/src/fr_sub.c -o fr_sub.o
/bin/bash ../libtool --tag=CC   --mode=compile gcc-4.7 -DHAVE_CONFIG_H -I. -I../.././../mpc/mpc-current/src -I..   -I/home/sparksco/android/toolchain/aosp/build/temp-install/include -I/home/sparksco/android/toolchain/aosp/build/temp-install/include   -g -O2 -MT get_x.lo -MD -MP -MF .deps/get_x.Tpo -c -o get_x.lo ../.././../mpc/mpc-current/src/get_x.c
libtool: compile:  gcc-4.7 -DHAVE_CONFIG_H -I. -I../.././../mpc/mpc-current/src -I.. -I/home/sparksco/android/toolchain/aosp/build/temp-install/include -I/home/sparksco/android/toolchain/aosp/build/temp-install/include -g -O2 -MT get_prec.lo -MD -MP -MF .deps/get_prec.Tpo -c ../.././../mpc/mpc-current/src/get_prec.c -o get_prec.o
libtool: compile:  gcc-4.7 -DHAVE_CONFIG_H -I. -I../.././../mpc/mpc-current/src -I.. -I/home/sparksco/android/toolchain/aosp/build/temp-install/include -I/home/sparksco/android/toolchain/aosp/build/temp-install/include -g -O2 -MT get_prec2.lo -MD -MP -MF .deps/get_prec2.Tpo -c ../.././../mpc/mpc-current/src/get_prec2.c -o get_prec2.o
yes
checking for an ANSI C-conforming const... mv -f .deps/fr_div.Tpo .deps/fr_div.Plo
libtool: compile:  gcc-4.7 -DHAVE_CONFIG_H -I. -I../.././../mpc/mpc-current/src -I.. -I/home/sparksco/android/toolchain/aosp/build/temp-install/include -I/home/sparksco/android/toolchain/aosp/build/temp-install/include -g -O2 -MT get_version.lo -MD -MP -MF .deps/get_version.Tpo -c ../.././../mpc/mpc-current/src/get_version.c -o get_version.o
/bin/bash ../libtool --tag=CC   --mode=compile gcc-4.7 -DHAVE_CONFIG_H -I. -I../.././../mpc/mpc-current/src -I..   -I/home/sparksco/android/toolchain/aosp/build/temp-install/include -I/home/sparksco/android/toolchain/aosp/build/temp-install/include   -g -O2 -MT imag.lo -MD -MP -MF .deps/imag.Tpo -c -o imag.lo ../.././../mpc/mpc-current/src/imag.c
libtool: compile:  gcc-4.7 -DHAVE_CONFIG_H -I. -I../.././../mpc/mpc-current/src -I.. -I/home/sparksco/android/toolchain/aosp/build/temp-install/include -I/home/sparksco/android/toolchain/aosp/build/temp-install/include -g -O2 -MT get_x.lo -MD -MP -MF .deps/get_x.Tpo -c ../.././../mpc/mpc-current/src/get_x.c -o get_x.o
mv -f .deps/fr_sub.Tpo .deps/fr_sub.Plo
/bin/bash ../libtool --tag=CC   --mode=compile gcc-4.7 -DHAVE_CONFIG_H -I. -I../.././../mpc/mpc-current/src -I..   -I/home/sparksco/android/toolchain/aosp/build/temp-install/include -I/home/sparksco/android/toolchain/aosp/build/temp-install/include   -g -O2 -MT init2.lo -MD -MP -MF .deps/init2.Tpo -c -o init2.lo ../.././../mpc/mpc-current/src/init2.c
mv -f .deps/get_prec2.Tpo .deps/get_prec2.Plo
mv -f .deps/get_prec.Tpo .deps/get_prec.Plo
/bin/bash ../libtool --tag=CC   --mode=compile gcc-4.7 -DHAVE_CONFIG_H -I. -I../.././../mpc/mpc-current/src -I..   -I/home/sparksco/android/toolchain/aosp/build/temp-install/include -I/home/sparksco/android/toolchain/aosp/build/temp-install/include   -g -O2 -MT init3.lo -MD -MP -MF .deps/init3.Tpo -c -o init3.lo ../.././../mpc/mpc-current/src/init3.c
/bin/bash ../libtool --tag=CC   --mode=compile gcc-4.7 -DHAVE_CONFIG_H -I. -I../.././../mpc/mpc-current/src -I..   -I/home/sparksco/android/toolchain/aosp/build/temp-install/include -I/home/sparksco/android/toolchain/aosp/build/temp-install/include   -g -O2 -MT inp_str.lo -MD -MP -MF .deps/inp_str.Tpo -c -o inp_str.lo ../.././../mpc/mpc-current/src/inp_str.c
libtool: compile:  gcc-4.7 -DHAVE_CONFIG_H -I. -I../.././../mpc/mpc-current/src -I.. -I/home/sparksco/android/toolchain/aosp/build/temp-install/include -I/home/sparksco/android/toolchain/aosp/build/temp-install/include -g -O2 -MT imag.lo -MD -MP -MF .deps/imag.Tpo -c ../.././../mpc/mpc-current/src/imag.c -o imag.o
mv -f .deps/exp.Tpo .deps/exp.Plo
/bin/bash ../libtool --tag=CC   --mode=compile gcc-4.7 -DHAVE_CONFIG_H -I. -I../.././../mpc/mpc-current/src -I..   -I/home/sparksco/android/toolchain/aosp/build/temp-install/include -I/home/sparksco/android/toolchain/aosp/build/temp-install/include   -g -O2 -MT log.lo -MD -MP -MF .deps/log.Tpo -c -o log.lo ../.././../mpc/mpc-current/src/log.c
yes
checking for inline... libtool: compile:  gcc-4.7 -DHAVE_CONFIG_H -I. -I../.././../mpc/mpc-current/src -I.. -I/home/sparksco/android/toolchain/aosp/build/temp-install/include -I/home/sparksco/android/toolchain/aosp/build/temp-install/include -g -O2 -MT init2.lo -MD -MP -MF .deps/init2.Tpo -c ../.././../mpc/mpc-current/src/init2.c -o init2.o
mv -f .deps/fma.Tpo .deps/fma.Plo
/bin/bash ../libtool --tag=CC   --mode=compile gcc-4.7 -DHAVE_CONFIG_H -I. -I../.././../mpc/mpc-current/src -I..   -I/home/sparksco/android/toolchain/aosp/build/temp-install/include -I/home/sparksco/android/toolchain/aosp/build/temp-install/include   -g -O2 -MT log10.lo -MD -MP -MF .deps/log10.Tpo -c -o log10.lo ../.././../mpc/mpc-current/src/log10.c
mv -f .deps/get_version.Tpo .deps/get_version.Plo
libtool: compile:  gcc-4.7 -DHAVE_CONFIG_H -I. -I../.././../mpc/mpc-current/src -I.. -I/home/sparksco/android/toolchain/aosp/build/temp-install/include -I/home/sparksco/android/toolchain/aosp/build/temp-install/include -g -O2 -MT log.lo -MD -MP -MF .deps/log.Tpo -c ../.././../mpc/mpc-current/src/log.c -o log.o
libtool: compile:  gcc-4.7 -DHAVE_CONFIG_H -I. -I../.././../mpc/mpc-current/src -I.. -I/home/sparksco/android/toolchain/aosp/build/temp-install/include -I/home/sparksco/android/toolchain/aosp/build/temp-install/include -g -O2 -MT inp_str.lo -MD -MP -MF .deps/inp_str.Tpo -c ../.././../mpc/mpc-current/src/inp_str.c -o inp_str.o
libtool: compile:  gcc-4.7 -DHAVE_CONFIG_H -I. -I../.././../mpc/mpc-current/src -I.. -I/home/sparksco/android/toolchain/aosp/build/temp-install/include -I/home/sparksco/android/toolchain/aosp/build/temp-install/include -g -O2 -MT init3.lo -MD -MP -MF .deps/init3.Tpo -c ../.././../mpc/mpc-current/src/init3.c -o init3.o
inline
checking whether byte ordering is bigendian... /bin/bash ../libtool --tag=CC   --mode=compile gcc-4.7 -DHAVE_CONFIG_H -I. -I../.././../mpc/mpc-current/src -I..   -I/home/sparksco/android/toolchain/aosp/build/temp-install/include -I/home/sparksco/android/toolchain/aosp/build/temp-install/include   -g -O2 -MT mem.lo -MD -MP -MF .deps/mem.Tpo -c -o mem.lo ../.././../mpc/mpc-current/src/mem.c
mv -f .deps/imag.Tpo .deps/imag.Plo
/bin/bash ../libtool --tag=CC   --mode=compile gcc-4.7 -DHAVE_CONFIG_H -I. -I../.././../mpc/mpc-current/src -I..   -I/home/sparksco/android/toolchain/aosp/build/temp-install/include -I/home/sparksco/android/toolchain/aosp/build/temp-install/include   -g -O2 -MT mul_2si.lo -MD -MP -MF .deps/mul_2si.Tpo -c -o mul_2si.lo ../.././../mpc/mpc-current/src/mul_2si.c
libtool: compile:  gcc-4.7 -DHAVE_CONFIG_H -I. -I../.././../mpc/mpc-current/src -I.. -I/home/sparksco/android/toolchain/aosp/build/temp-install/include -I/home/sparksco/android/toolchain/aosp/build/temp-install/include -g -O2 -MT log10.lo -MD -MP -MF .deps/log10.Tpo -c ../.././../mpc/mpc-current/src/log10.c -o log10.o
mv -f .deps/init2.Tpo .deps/init2.Plo
/bin/bash ../libtool --tag=CC   --mode=compile gcc-4.7 -DHAVE_CONFIG_H -I. -I../.././../mpc/mpc-current/src -I..   -I/home/sparksco/android/toolchain/aosp/build/temp-install/include -I/home/sparksco/android/toolchain/aosp/build/temp-install/include   -g -O2 -MT mul_2ui.lo -MD -MP -MF .deps/mul_2ui.Tpo -c -o mul_2ui.lo ../.././../mpc/mpc-current/src/mul_2ui.c
libtool: compile:  gcc-4.7 -DHAVE_CONFIG_H -I. -I../.././../mpc/mpc-current/src -I.. -I/home/sparksco/android/toolchain/aosp/build/temp-install/include -I/home/sparksco/android/toolchain/aosp/build/temp-install/include -g -O2 -MT mem.lo -MD -MP -MF .deps/mem.Tpo -c ../.././../mpc/mpc-current/src/mem.c -o mem.o
mv -f .deps/get_x.Tpo .deps/get_x.Plo
mv -f .deps/init3.Tpo .deps/init3.Plo
/bin/bash ../libtool --tag=CC   --mode=compile gcc-4.7 -DHAVE_CONFIG_H -I. -I../.././../mpc/mpc-current/src -I..   -I/home/sparksco/android/toolchain/aosp/build/temp-install/include -I/home/sparksco/android/toolchain/aosp/build/temp-install/include   -g -O2 -MT mul.lo -MD -MP -MF .deps/mul.Tpo -c -o mul.lo ../.././../mpc/mpc-current/src/mul.c
libtool: compile:  gcc-4.7 -DHAVE_CONFIG_H -I. -I../.././../mpc/mpc-current/src -I.. -I/home/sparksco/android/toolchain/aosp/build/temp-install/include -I/home/sparksco/android/toolchain/aosp/build/temp-install/include -g -O2 -MT mul_2si.lo -MD -MP -MF .deps/mul_2si.Tpo -c ../.././../mpc/mpc-current/src/mul_2si.c -o mul_2si.o
/bin/bash ../libtool --tag=CC   --mode=compile gcc-4.7 -DHAVE_CONFIG_H -I. -I../.././../mpc/mpc-current/src -I..   -I/home/sparksco/android/toolchain/aosp/build/temp-install/include -I/home/sparksco/android/toolchain/aosp/build/temp-install/include   -g -O2 -MT mul_fr.lo -MD -MP -MF .deps/mul_fr.Tpo -c -o mul_fr.lo ../.././../mpc/mpc-current/src/mul_fr.c
mv -f .deps/div.Tpo .deps/div.Plo
/bin/bash ../libtool --tag=CC   --mode=compile gcc-4.7 -DHAVE_CONFIG_H -I. -I../.././../mpc/mpc-current/src -I..   -I/home/sparksco/android/toolchain/aosp/build/temp-install/include -I/home/sparksco/android/toolchain/aosp/build/temp-install/include   -g -O2 -MT mul_i.lo -MD -MP -MF .deps/mul_i.Tpo -c -o mul_i.lo ../.././../mpc/mpc-current/src/mul_i.c
libtool: compile:  gcc-4.7 -DHAVE_CONFIG_H -I. -I../.././../mpc/mpc-current/src -I.. -I/home/sparksco/android/toolchain/aosp/build/temp-install/include -I/home/sparksco/android/toolchain/aosp/build/temp-install/include -g -O2 -MT mul.lo -MD -MP -MF .deps/mul.Tpo -c ../.././../mpc/mpc-current/src/mul.c -o mul.o
libtool: compile:  gcc-4.7 -DHAVE_CONFIG_H -I. -I../.././../mpc/mpc-current/src -I.. -I/home/sparksco/android/toolchain/aosp/build/temp-install/include -I/home/sparksco/android/toolchain/aosp/build/temp-install/include -g -O2 -MT mul_2ui.lo -MD -MP -MF .deps/mul_2ui.Tpo -c ../.././../mpc/mpc-current/src/mul_2ui.c -o mul_2ui.o
libtool: compile:  gcc-4.7 -DHAVE_CONFIG_H -I. -I../.././../mpc/mpc-current/src -I.. -I/home/sparksco/android/toolchain/aosp/build/temp-install/include -I/home/sparksco/android/toolchain/aosp/build/temp-install/include -g -O2 -MT mul_i.lo -MD -MP -MF .deps/mul_i.Tpo -c ../.././../mpc/mpc-current/src/mul_i.c -o mul_i.o
mv -f .deps/mul_2si.Tpo .deps/mul_2si.Plo
/bin/bash ../libtool --tag=CC   --mode=compile gcc-4.7 -DHAVE_CONFIG_H -I. -I../.././../mpc/mpc-current/src -I..   -I/home/sparksco/android/toolchain/aosp/build/temp-install/include -I/home/sparksco/android/toolchain/aosp/build/temp-install/include   -g -O2 -MT mul_si.lo -MD -MP -MF .deps/mul_si.Tpo -c -o mul_si.lo ../.././../mpc/mpc-current/src/mul_si.c
mv -f .deps/mem.Tpo .deps/mem.Plo
libtool: compile:  gcc-4.7 -DHAVE_CONFIG_H -I. -I../.././../mpc/mpc-current/src -I.. -I/home/sparksco/android/toolchain/aosp/build/temp-install/include -I/home/sparksco/android/toolchain/aosp/build/temp-install/include -g -O2 -MT mul_fr.lo -MD -MP -MF .deps/mul_fr.Tpo -c ../.././../mpc/mpc-current/src/mul_fr.c -o mul_fr.o
/bin/bash ../libtool --tag=CC   --mode=compile gcc-4.7 -DHAVE_CONFIG_H -I. -I../.././../mpc/mpc-current/src -I..   -I/home/sparksco/android/toolchain/aosp/build/temp-install/include -I/home/sparksco/android/toolchain/aosp/build/temp-install/include   -g -O2 -MT mul_ui.lo -MD -MP -MF .deps/mul_ui.Tpo -c -o mul_ui.lo ../.././../mpc/mpc-current/src/mul_ui.c
mv -f .deps/log.Tpo .deps/log.Plo
/bin/bash ../libtool --tag=CC   --mode=compile gcc-4.7 -DHAVE_CONFIG_H -I. -I../.././../mpc/mpc-current/src -I..   -I/home/sparksco/android/toolchain/aosp/build/temp-install/include -I/home/sparksco/android/toolchain/aosp/build/temp-install/include   -g -O2 -MT neg.lo -MD -MP -MF .deps/neg.Tpo -c -o neg.lo ../.././../mpc/mpc-current/src/neg.c
mv -f .deps/inp_str.Tpo .deps/inp_str.Plo
/bin/bash ../libtool --tag=CC   --mode=compile gcc-4.7 -DHAVE_CONFIG_H -I. -I../.././../mpc/mpc-current/src -I..   -I/home/sparksco/android/toolchain/aosp/build/temp-install/include -I/home/sparksco/android/toolchain/aosp/build/temp-install/include   -g -O2 -MT norm.lo -MD -MP -MF .deps/norm.Tpo -c -o norm.lo ../.././../mpc/mpc-current/src/norm.c
libtool: compile:  gcc-4.7 -DHAVE_CONFIG_H -I. -I../.././../mpc/mpc-current/src -I.. -I/home/sparksco/android/toolchain/aosp/build/temp-install/include -I/home/sparksco/android/toolchain/aosp/build/temp-install/include -g -O2 -MT mul_si.lo -MD -MP -MF .deps/mul_si.Tpo -c ../.././../mpc/mpc-current/src/mul_si.c -o mul_si.o
mv -f .deps/mul_2ui.Tpo .deps/mul_2ui.Plo
libtool: compile:  gcc-4.7 -DHAVE_CONFIG_H -I. -I../.././../mpc/mpc-current/src -I.. -I/home/sparksco/android/toolchain/aosp/build/temp-install/include -I/home/sparksco/android/toolchain/aosp/build/temp-install/include -g -O2 -MT mul_ui.lo -MD -MP -MF .deps/mul_ui.Tpo -c ../.././../mpc/mpc-current/src/mul_ui.c -o mul_ui.o
/bin/bash ../libtool --tag=CC   --mode=compile gcc-4.7 -DHAVE_CONFIG_H -I. -I../.././../mpc/mpc-current/src -I..   -I/home/sparksco/android/toolchain/aosp/build/temp-install/include -I/home/sparksco/android/toolchain/aosp/build/temp-install/include   -g -O2 -MT out_str.lo -MD -MP -MF .deps/out_str.Tpo -c -o out_str.lo ../.././../mpc/mpc-current/src/out_str.c
mv -f .deps/mul_i.Tpo .deps/mul_i.Plo
libtool: compile:  gcc-4.7 -DHAVE_CONFIG_H -I. -I../.././../mpc/mpc-current/src -I.. -I/home/sparksco/android/toolchain/aosp/build/temp-install/include -I/home/sparksco/android/toolchain/aosp/build/temp-install/include -g -O2 -MT neg.lo -MD -MP -MF .deps/neg.Tpo -c ../.././../mpc/mpc-current/src/neg.c -o neg.o
/bin/bash ../libtool --tag=CC   --mode=compile gcc-4.7 -DHAVE_CONFIG_H -I. -I../.././../mpc/mpc-current/src -I..   -I/home/sparksco/android/toolchain/aosp/build/temp-install/include -I/home/sparksco/android/toolchain/aosp/build/temp-install/include   -g -O2 -MT pow.lo -MD -MP -MF .deps/pow.Tpo -c -o pow.lo ../.././../mpc/mpc-current/src/pow.c
libtool: compile:  gcc-4.7 -DHAVE_CONFIG_H -I. -I../.././../mpc/mpc-current/src -I.. -I/home/sparksco/android/toolchain/aosp/build/temp-install/include -I/home/sparksco/android/toolchain/aosp/build/temp-install/include -g -O2 -MT norm.lo -MD -MP -MF .deps/norm.Tpo -c ../.././../mpc/mpc-current/src/norm.c -o norm.o
no
checking for working alloca.h... mv -f .deps/mul_fr.Tpo .deps/mul_fr.Plo
libtool: compile:  gcc-4.7 -DHAVE_CONFIG_H -I. -I../.././../mpc/mpc-current/src -I.. -I/home/sparksco/android/toolchain/aosp/build/temp-install/include -I/home/sparksco/android/toolchain/aosp/build/temp-install/include -g -O2 -MT out_str.lo -MD -MP -MF .deps/out_str.Tpo -c ../.././../mpc/mpc-current/src/out_str.c -o out_str.o
mv -f .deps/mul_si.Tpo .deps/mul_si.Plo
/bin/bash ../libtool --tag=CC   --mode=compile gcc-4.7 -DHAVE_CONFIG_H -I. -I../.././../mpc/mpc-current/src -I..   -I/home/sparksco/android/toolchain/aosp/build/temp-install/include -I/home/sparksco/android/toolchain/aosp/build/temp-install/include   -g -O2 -MT pow_fr.lo -MD -MP -MF .deps/pow_fr.Tpo -c -o pow_fr.lo ../.././../mpc/mpc-current/src/pow_fr.c
mv -f .deps/log10.Tpo .deps/log10.Plo
/bin/bash ../libtool --tag=CC   --mode=compile gcc-4.7 -DHAVE_CONFIG_H -I. -I../.././../mpc/mpc-current/src -I..   -I/home/sparksco/android/toolchain/aosp/build/temp-install/include -I/home/sparksco/android/toolchain/aosp/build/temp-install/include   -g -O2 -MT pow_ld.lo -MD -MP -MF .deps/pow_ld.Tpo -c -o pow_ld.lo ../.././../mpc/mpc-current/src/pow_ld.c
/bin/bash ../libtool --tag=CC   --mode=compile gcc-4.7 -DHAVE_CONFIG_H -I. -I../.././../mpc/mpc-current/src -I..   -I/home/sparksco/android/toolchain/aosp/build/temp-install/include -I/home/sparksco/android/toolchain/aosp/build/temp-install/include   -g -O2 -MT pow_d.lo -MD -MP -MF .deps/pow_d.Tpo -c -o pow_d.lo ../.././../mpc/mpc-current/src/pow_d.c
mv -f .deps/mul_ui.Tpo .deps/mul_ui.Plo
libtool: compile:  gcc-4.7 -DHAVE_CONFIG_H -I. -I../.././../mpc/mpc-current/src -I.. -I/home/sparksco/android/toolchain/aosp/build/temp-install/include -I/home/sparksco/android/toolchain/aosp/build/temp-install/include -g -O2 -MT pow.lo -MD -MP -MF .deps/pow.Tpo -c ../.././../mpc/mpc-current/src/pow.c -o pow.o
libtool: compile:  gcc-4.7 -DHAVE_CONFIG_H -I. -I../.././../mpc/mpc-current/src -I.. -I/home/sparksco/android/toolchain/aosp/build/temp-install/include -I/home/sparksco/android/toolchain/aosp/build/temp-install/include -g -O2 -MT pow_ld.lo -MD -MP -MF .deps/pow_ld.Tpo -c ../.././../mpc/mpc-current/src/pow_ld.c -o pow_ld.o
/bin/bash ../libtool --tag=CC   --mode=compile gcc-4.7 -DHAVE_CONFIG_H -I. -I../.././../mpc/mpc-current/src -I..   -I/home/sparksco/android/toolchain/aosp/build/temp-install/include -I/home/sparksco/android/toolchain/aosp/build/temp-install/include   -g -O2 -MT pow_si.lo -MD -MP -MF .deps/pow_si.Tpo -c -o pow_si.lo ../.././../mpc/mpc-current/src/pow_si.c
libtool: compile:  gcc-4.7 -DHAVE_CONFIG_H -I. -I../.././../mpc/mpc-current/src -I.. -I/home/sparksco/android/toolchain/aosp/build/temp-install/include -I/home/sparksco/android/toolchain/aosp/build/temp-install/include -g -O2 -MT pow_fr.lo -MD -MP -MF .deps/pow_fr.Tpo -c ../.././../mpc/mpc-current/src/pow_fr.c -o pow_fr.o
mv -f .deps/neg.Tpo .deps/neg.Plo
libtool: compile:  gcc-4.7 -DHAVE_CONFIG_H -I. -I../.././../mpc/mpc-current/src -I.. -I/home/sparksco/android/toolchain/aosp/build/temp-install/include -I/home/sparksco/android/toolchain/aosp/build/temp-install/include -g -O2 -MT pow_d.lo -MD -MP -MF .deps/pow_d.Tpo -c ../.././../mpc/mpc-current/src/pow_d.c -o pow_d.o
/bin/bash ../libtool --tag=CC   --mode=compile gcc-4.7 -DHAVE_CONFIG_H -I. -I../.././../mpc/mpc-current/src -I..   -I/home/sparksco/android/toolchain/aosp/build/temp-install/include -I/home/sparksco/android/toolchain/aosp/build/temp-install/include   -g -O2 -MT pow_ui.lo -MD -MP -MF .deps/pow_ui.Tpo -c -o pow_ui.lo ../.././../mpc/mpc-current/src/pow_ui.c
libtool: compile:  gcc-4.7 -DHAVE_CONFIG_H -I. -I../.././../mpc/mpc-current/src -I.. -I/home/sparksco/android/toolchain/aosp/build/temp-install/include -I/home/sparksco/android/toolchain/aosp/build/temp-install/include -g -O2 -MT pow_ui.lo -MD -MP -MF .deps/pow_ui.Tpo -c ../.././../mpc/mpc-current/src/pow_ui.c -o pow_ui.o
libtool: compile:  gcc-4.7 -DHAVE_CONFIG_H -I. -I../.././../mpc/mpc-current/src -I.. -I/home/sparksco/android/toolchain/aosp/build/temp-install/include -I/home/sparksco/android/toolchain/aosp/build/temp-install/include -g -O2 -MT pow_si.lo -MD -MP -MF .deps/pow_si.Tpo -c ../.././../mpc/mpc-current/src/pow_si.c -o pow_si.o
yes
checking for alloca... mv -f .deps/pow_ld.Tpo .deps/pow_ld.Plo
/bin/bash ../libtool --tag=CC   --mode=compile gcc-4.7 -DHAVE_CONFIG_H -I. -I../.././../mpc/mpc-current/src -I..   -I/home/sparksco/android/toolchain/aosp/build/temp-install/include -I/home/sparksco/android/toolchain/aosp/build/temp-install/include   -g -O2 -MT pow_z.lo -MD -MP -MF .deps/pow_z.Tpo -c -o pow_z.lo ../.././../mpc/mpc-current/src/pow_z.c
mv -f .deps/out_str.Tpo .deps/out_str.Plo
/bin/bash ../libtool --tag=CC   --mode=compile gcc-4.7 -DHAVE_CONFIG_H -I. -I../.././../mpc/mpc-current/src -I..   -I/home/sparksco/android/toolchain/aosp/build/temp-install/include -I/home/sparksco/android/toolchain/aosp/build/temp-install/include   -g -O2 -MT proj.lo -MD -MP -MF .deps/proj.Tpo -c -o proj.lo ../.././../mpc/mpc-current/src/proj.c
mv -f .deps/norm.Tpo .deps/norm.Plo
mv -f .deps/pow_d.Tpo .deps/pow_d.Plo
/bin/bash ../libtool --tag=CC   --mode=compile gcc-4.7 -DHAVE_CONFIG_H -I. -I../.././../mpc/mpc-current/src -I..   -I/home/sparksco/android/toolchain/aosp/build/temp-install/include -I/home/sparksco/android/toolchain/aosp/build/temp-install/include   -g -O2 -MT real.lo -MD -MP -MF .deps/real.Tpo -c -o real.lo ../.././../mpc/mpc-current/src/real.c
mv -f .deps/pow_fr.Tpo .deps/pow_fr.Plo
/bin/bash ../libtool --tag=CC   --mode=compile gcc-4.7 -DHAVE_CONFIG_H -I. -I../.././../mpc/mpc-current/src -I..   -I/home/sparksco/android/toolchain/aosp/build/temp-install/include -I/home/sparksco/android/toolchain/aosp/build/temp-install/include   -g -O2 -MT urandom.lo -MD -MP -MF .deps/urandom.Tpo -c -o urandom.lo ../.././../mpc/mpc-current/src/urandom.c
/bin/bash ../libtool --tag=CC   --mode=compile gcc-4.7 -DHAVE_CONFIG_H -I. -I../.././../mpc/mpc-current/src -I..   -I/home/sparksco/android/toolchain/aosp/build/temp-install/include -I/home/sparksco/android/toolchain/aosp/build/temp-install/include   -g -O2 -MT set.lo -MD -MP -MF .deps/set.Tpo -c -o set.lo ../.././../mpc/mpc-current/src/set.c
libtool: compile:  gcc-4.7 -DHAVE_CONFIG_H -I. -I../.././../mpc/mpc-current/src -I.. -I/home/sparksco/android/toolchain/aosp/build/temp-install/include -I/home/sparksco/android/toolchain/aosp/build/temp-install/include -g -O2 -MT pow_z.lo -MD -MP -MF .deps/pow_z.Tpo -c ../.././../mpc/mpc-current/src/pow_z.c -o pow_z.o
libtool: compile:  gcc-4.7 -DHAVE_CONFIG_H -I. -I../.././../mpc/mpc-current/src -I.. -I/home/sparksco/android/toolchain/aosp/build/temp-install/include -I/home/sparksco/android/toolchain/aosp/build/temp-install/include -g -O2 -MT proj.lo -MD -MP -MF .deps/proj.Tpo -c ../.././../mpc/mpc-current/src/proj.c -o proj.o
libtool: compile:  gcc-4.7 -DHAVE_CONFIG_H -I. -I../.././../mpc/mpc-current/src -I.. -I/home/sparksco/android/toolchain/aosp/build/temp-install/include -I/home/sparksco/android/toolchain/aosp/build/temp-install/include -g -O2 -MT real.lo -MD -MP -MF .deps/real.Tpo -c ../.././../mpc/mpc-current/src/real.c -o real.o
yes
mv -f .deps/pow_si.Tpo .deps/pow_si.Plo
/bin/bash ../libtool --tag=CC   --mode=compile gcc-4.7 -DHAVE_CONFIG_H -I. -I../.././../mpc/mpc-current/src -I..   -I/home/sparksco/android/toolchain/aosp/build/temp-install/include -I/home/sparksco/android/toolchain/aosp/build/temp-install/include   -g -O2 -MT set_prec.lo -MD -MP -MF .deps/set_prec.Tpo -c -o set_prec.lo ../.././../mpc/mpc-current/src/set_prec.c
libtool: compile:  gcc-4.7 -DHAVE_CONFIG_H -I. -I../.././../mpc/mpc-current/src -I.. -I/home/sparksco/android/toolchain/aosp/build/temp-install/include -I/home/sparksco/android/toolchain/aosp/build/temp-install/include -g -O2 -MT set.lo -MD -MP -MF .deps/set.Tpo -c ../.././../mpc/mpc-current/src/set.c -o set.o
checking for stdlib.h... (cached) yes
mv -f .deps/pow_ui.Tpo .deps/pow_ui.Plo
/bin/bash ../libtool --tag=CC   --mode=compile gcc-4.7 -DHAVE_CONFIG_H -I. -I../.././../mpc/mpc-current/src -I..   -I/home/sparksco/android/toolchain/aosp/build/temp-install/include -I/home/sparksco/android/toolchain/aosp/build/temp-install/include   -g -O2 -MT set_str.lo -MD -MP -MF .deps/set_str.Tpo -c -o set_str.lo ../.././../mpc/mpc-current/src/set_str.c
libtool: compile:  gcc-4.7 -DHAVE_CONFIG_H -I. -I../.././../mpc/mpc-current/src -I.. -I/home/sparksco/android/toolchain/aosp/build/temp-install/include -I/home/sparksco/android/toolchain/aosp/build/temp-install/include -g -O2 -MT urandom.lo -MD -MP -MF .deps/urandom.Tpo -c ../.././../mpc/mpc-current/src/urandom.c -o urandom.o
checking for unistd.h... (cached) yes
checking for getpagesize... libtool: compile:  gcc-4.7 -DHAVE_CONFIG_H -I. -I../.././../mpc/mpc-current/src -I.. -I/home/sparksco/android/toolchain/aosp/build/temp-install/include -I/home/sparksco/android/toolchain/aosp/build/temp-install/include -g -O2 -MT set_prec.lo -MD -MP -MF .deps/set_prec.Tpo -c ../.././../mpc/mpc-current/src/set_prec.c -o set_prec.o
mv -f .deps/proj.Tpo .deps/proj.Plo
mv -f .deps/real.Tpo .deps/real.Plo
/bin/bash ../libtool --tag=CC   --mode=compile gcc-4.7 -DHAVE_CONFIG_H -I. -I../.././../mpc/mpc-current/src -I..   -I/home/sparksco/android/toolchain/aosp/build/temp-install/include -I/home/sparksco/android/toolchain/aosp/build/temp-install/include   -g -O2 -MT set_x.lo -MD -MP -MF .deps/set_x.Tpo -c -o set_x.lo ../.././../mpc/mpc-current/src/set_x.c
/bin/bash ../libtool --tag=CC   --mode=compile gcc-4.7 -DHAVE_CONFIG_H -I. -I../.././../mpc/mpc-current/src -I..   -I/home/sparksco/android/toolchain/aosp/build/temp-install/include -I/home/sparksco/android/toolchain/aosp/build/temp-install/include   -g -O2 -MT set_x_x.lo -MD -MP -MF .deps/set_x_x.Tpo -c -o set_x_x.lo ../.././../mpc/mpc-current/src/set_x_x.c
libtool: compile:  gcc-4.7 -DHAVE_CONFIG_H -I. -I../.././../mpc/mpc-current/src -I.. -I/home/sparksco/android/toolchain/aosp/build/temp-install/include -I/home/sparksco/android/toolchain/aosp/build/temp-install/include -g -O2 -MT set_str.lo -MD -MP -MF .deps/set_str.Tpo -c ../.././../mpc/mpc-current/src/set_str.c -o set_str.o
mv -f .deps/mul.Tpo .deps/mul.Plo
mv -f .deps/pow_z.Tpo .deps/pow_z.Plo
/bin/bash ../libtool --tag=CC   --mode=compile gcc-4.7 -DHAVE_CONFIG_H -I. -I../.././../mpc/mpc-current/src -I..   -I/home/sparksco/android/toolchain/aosp/build/temp-install/include -I/home/sparksco/android/toolchain/aosp/build/temp-install/include   -g -O2 -MT sin.lo -MD -MP -MF .deps/sin.Tpo -c -o sin.lo ../.././../mpc/mpc-current/src/sin.c
mv -f .deps/urandom.Tpo .deps/urandom.Plo
mv -f .deps/set.Tpo .deps/set.Plo
/bin/bash ../libtool --tag=CC   --mode=compile gcc-4.7 -DHAVE_CONFIG_H -I. -I../.././../mpc/mpc-current/src -I..   -I/home/sparksco/android/toolchain/aosp/build/temp-install/include -I/home/sparksco/android/toolchain/aosp/build/temp-install/include   -g -O2 -MT sin_cos.lo -MD -MP -MF .deps/sin_cos.Tpo -c -o sin_cos.lo ../.././../mpc/mpc-current/src/sin_cos.c
mv -f .deps/set_prec.Tpo .deps/set_prec.Plo
/bin/bash ../libtool --tag=CC   --mode=compile gcc-4.7 -DHAVE_CONFIG_H -I. -I../.././../mpc/mpc-current/src -I..   -I/home/sparksco/android/toolchain/aosp/build/temp-install/include -I/home/sparksco/android/toolchain/aosp/build/temp-install/include   -g -O2 -MT sinh.lo -MD -MP -MF .deps/sinh.Tpo -c -o sinh.lo ../.././../mpc/mpc-current/src/sinh.c
libtool: compile:  gcc-4.7 -DHAVE_CONFIG_H -I. -I../.././../mpc/mpc-current/src -I.. -I/home/sparksco/android/toolchain/aosp/build/temp-install/include -I/home/sparksco/android/toolchain/aosp/build/temp-install/include -g -O2 -MT set_x.lo -MD -MP -MF .deps/set_x.Tpo -c ../.././../mpc/mpc-current/src/set_x.c -o set_x.o
/bin/bash ../libtool --tag=CC   --mode=compile gcc-4.7 -DHAVE_CONFIG_H -I. -I../.././../mpc/mpc-current/src -I..   -I/home/sparksco/android/toolchain/aosp/build/temp-install/include -I/home/sparksco/android/toolchain/aosp/build/temp-install/include   -g -O2 -MT sqr.lo -MD -MP -MF .deps/sqr.Tpo -c -o sqr.lo ../.././../mpc/mpc-current/src/sqr.c
libtool: compile:  gcc-4.7 -DHAVE_CONFIG_H -I. -I../.././../mpc/mpc-current/src -I.. -I/home/sparksco/android/toolchain/aosp/build/temp-install/include -I/home/sparksco/android/toolchain/aosp/build/temp-install/include -g -O2 -MT set_x_x.lo -MD -MP -MF .deps/set_x_x.Tpo -c ../.././../mpc/mpc-current/src/set_x_x.c -o set_x_x.o
/bin/bash ../libtool --tag=CC   --mode=compile gcc-4.7 -DHAVE_CONFIG_H -I. -I../.././../mpc/mpc-current/src -I..   -I/home/sparksco/android/toolchain/aosp/build/temp-install/include -I/home/sparksco/android/toolchain/aosp/build/temp-install/include   -g -O2 -MT sqrt.lo -MD -MP -MF .deps/sqrt.Tpo -c -o sqrt.lo ../.././../mpc/mpc-current/src/sqrt.c
libtool: compile:  gcc-4.7 -DHAVE_CONFIG_H -I. -I../.././../mpc/mpc-current/src -I.. -I/home/sparksco/android/toolchain/aosp/build/temp-install/include -I/home/sparksco/android/toolchain/aosp/build/temp-install/include -g -O2 -MT sin.lo -MD -MP -MF .deps/sin.Tpo -c ../.././../mpc/mpc-current/src/sin.c -o sin.o
yes
checking for working mmap... libtool: compile:  gcc-4.7 -DHAVE_CONFIG_H -I. -I../.././../mpc/mpc-current/src -I.. -I/home/sparksco/android/toolchain/aosp/build/temp-install/include -I/home/sparksco/android/toolchain/aosp/build/temp-install/include -g -O2 -MT sin_cos.lo -MD -MP -MF .deps/sin_cos.Tpo -c ../.././../mpc/mpc-current/src/sin_cos.c -o sin_cos.o
libtool: compile:  gcc-4.7 -DHAVE_CONFIG_H -I. -I../.././../mpc/mpc-current/src -I.. -I/home/sparksco/android/toolchain/aosp/build/temp-install/include -I/home/sparksco/android/toolchain/aosp/build/temp-install/include -g -O2 -MT sqr.lo -MD -MP -MF .deps/sqr.Tpo -c ../.././../mpc/mpc-current/src/sqr.c -o sqr.o
libtool: compile:  gcc-4.7 -DHAVE_CONFIG_H -I. -I../.././../mpc/mpc-current/src -I.. -I/home/sparksco/android/toolchain/aosp/build/temp-install/include -I/home/sparksco/android/toolchain/aosp/build/temp-install/include -g -O2 -MT sinh.lo -MD -MP -MF .deps/sinh.Tpo -c ../.././../mpc/mpc-current/src/sinh.c -o sinh.o
mv -f .deps/set_str.Tpo .deps/set_str.Plo
/bin/bash ../libtool --tag=CC   --mode=compile gcc-4.7 -DHAVE_CONFIG_H -I. -I../.././../mpc/mpc-current/src -I..   -I/home/sparksco/android/toolchain/aosp/build/temp-install/include -I/home/sparksco/android/toolchain/aosp/build/temp-install/include   -g -O2 -MT strtoc.lo -MD -MP -MF .deps/strtoc.Tpo -c -o strtoc.lo ../.././../mpc/mpc-current/src/strtoc.c
libtool: compile:  gcc-4.7 -DHAVE_CONFIG_H -I. -I../.././../mpc/mpc-current/src -I.. -I/home/sparksco/android/toolchain/aosp/build/temp-install/include -I/home/sparksco/android/toolchain/aosp/build/temp-install/include -g -O2 -MT sqrt.lo -MD -MP -MF .deps/sqrt.Tpo -c ../.././../mpc/mpc-current/src/sqrt.c -o sqrt.o
mv -f .deps/sin.Tpo .deps/sin.Plo
/bin/bash ../libtool --tag=CC   --mode=compile gcc-4.7 -DHAVE_CONFIG_H -I. -I../.././../mpc/mpc-current/src -I..   -I/home/sparksco/android/toolchain/aosp/build/temp-install/include -I/home/sparksco/android/toolchain/aosp/build/temp-install/include   -g -O2 -MT sub.lo -MD -MP -MF .deps/sub.Tpo -c -o sub.lo ../.././../mpc/mpc-current/src/sub.c
libtool: compile:  gcc-4.7 -DHAVE_CONFIG_H -I. -I../.././../mpc/mpc-current/src -I.. -I/home/sparksco/android/toolchain/aosp/build/temp-install/include -I/home/sparksco/android/toolchain/aosp/build/temp-install/include -g -O2 -MT strtoc.lo -MD -MP -MF .deps/strtoc.Tpo -c ../.././../mpc/mpc-current/src/strtoc.c -o strtoc.o
libtool: compile:  gcc-4.7 -DHAVE_CONFIG_H -I. -I../.././../mpc/mpc-current/src -I.. -I/home/sparksco/android/toolchain/aosp/build/temp-install/include -I/home/sparksco/android/toolchain/aosp/build/temp-install/include -g -O2 -MT sub.lo -MD -MP -MF .deps/sub.Tpo -c ../.././../mpc/mpc-current/src/sub.c -o sub.o
mv -f .deps/pow.Tpo .deps/pow.Plo
/bin/bash ../libtool --tag=CC   --mode=compile gcc-4.7 -DHAVE_CONFIG_H -I. -I../.././../mpc/mpc-current/src -I..   -I/home/sparksco/android/toolchain/aosp/build/temp-install/include -I/home/sparksco/android/toolchain/aosp/build/temp-install/include   -g -O2 -MT sub_fr.lo -MD -MP -MF .deps/sub_fr.Tpo -c -o sub_fr.lo ../.././../mpc/mpc-current/src/sub_fr.c
mv -f .deps/set_x_x.Tpo .deps/set_x_x.Plo
mv -f .deps/set_x.Tpo .deps/set_x.Plo
/bin/bash ../libtool --tag=CC   --mode=compile gcc-4.7 -DHAVE_CONFIG_H -I. -I../.././../mpc/mpc-current/src -I..   -I/home/sparksco/android/toolchain/aosp/build/temp-install/include -I/home/sparksco/android/toolchain/aosp/build/temp-install/include   -g -O2 -MT sub_ui.lo -MD -MP -MF .deps/sub_ui.Tpo -c -o sub_ui.lo ../.././../mpc/mpc-current/src/sub_ui.c
/bin/bash ../libtool --tag=CC   --mode=compile gcc-4.7 -DHAVE_CONFIG_H -I. -I../.././../mpc/mpc-current/src -I..   -I/home/sparksco/android/toolchain/aosp/build/temp-install/include -I/home/sparksco/android/toolchain/aosp/build/temp-install/include   -g -O2 -MT swap.lo -MD -MP -MF .deps/swap.Tpo -c -o swap.lo ../.././../mpc/mpc-current/src/swap.c
yes
checking for pid_t... libtool: compile:  gcc-4.7 -DHAVE_CONFIG_H -I. -I../.././../mpc/mpc-current/src -I.. -I/home/sparksco/android/toolchain/aosp/build/temp-install/include -I/home/sparksco/android/toolchain/aosp/build/temp-install/include -g -O2 -MT sub_fr.lo -MD -MP -MF .deps/sub_fr.Tpo -c ../.././../mpc/mpc-current/src/sub_fr.c -o sub_fr.o
mv -f .deps/sinh.Tpo .deps/sinh.Plo
libtool: compile:  gcc-4.7 -DHAVE_CONFIG_H -I. -I../.././../mpc/mpc-current/src -I.. -I/home/sparksco/android/toolchain/aosp/build/temp-install/include -I/home/sparksco/android/toolchain/aosp/build/temp-install/include -g -O2 -MT sub_ui.lo -MD -MP -MF .deps/sub_ui.Tpo -c ../.././../mpc/mpc-current/src/sub_ui.c -o sub_ui.o
/bin/bash ../libtool --tag=CC   --mode=compile gcc-4.7 -DHAVE_CONFIG_H -I. -I../.././../mpc/mpc-current/src -I..   -I/home/sparksco/android/toolchain/aosp/build/temp-install/include -I/home/sparksco/android/toolchain/aosp/build/temp-install/include   -g -O2 -MT tan.lo -MD -MP -MF .deps/tan.Tpo -c -o tan.lo ../.././../mpc/mpc-current/src/tan.c
mv -f .deps/sub.Tpo .deps/sub.Plo
/bin/bash ../libtool --tag=CC   --mode=compile gcc-4.7 -DHAVE_CONFIG_H -I. -I../.././../mpc/mpc-current/src -I..   -I/home/sparksco/android/toolchain/aosp/build/temp-install/include -I/home/sparksco/android/toolchain/aosp/build/temp-install/include   -g -O2 -MT tanh.lo -MD -MP -MF .deps/tanh.Tpo -c -o tanh.lo ../.././../mpc/mpc-current/src/tanh.c
libtool: compile:  gcc-4.7 -DHAVE_CONFIG_H -I. -I../.././../mpc/mpc-current/src -I.. -I/home/sparksco/android/toolchain/aosp/build/temp-install/include -I/home/sparksco/android/toolchain/aosp/build/temp-install/include -g -O2 -MT swap.lo -MD -MP -MF .deps/swap.Tpo -c ../.././../mpc/mpc-current/src/swap.c -o swap.o
mv -f .deps/sqr.Tpo .deps/sqr.Plo
/bin/bash ../libtool --tag=CC   --mode=compile gcc-4.7 -DHAVE_CONFIG_H -I. -I../.././../mpc/mpc-current/src -I..   -I/home/sparksco/android/toolchain/aosp/build/temp-install/include -I/home/sparksco/android/toolchain/aosp/build/temp-install/include   -g -O2 -MT uceil_log2.lo -MD -MP -MF .deps/uceil_log2.Tpo -c -o uceil_log2.lo ../.././../mpc/mpc-current/src/uceil_log2.c
libtool: compile:  gcc-4.7 -DHAVE_CONFIG_H -I. -I../.././../mpc/mpc-current/src -I.. -I/home/sparksco/android/toolchain/aosp/build/temp-install/include -I/home/sparksco/android/toolchain/aosp/build/temp-install/include -g -O2 -MT tan.lo -MD -MP -MF .deps/tan.Tpo -c ../.././../mpc/mpc-current/src/tan.c -o tan.o
libtool: compile:  gcc-4.7 -DHAVE_CONFIG_H -I. -I../.././../mpc/mpc-current/src -I.. -I/home/sparksco/android/toolchain/aosp/build/temp-install/include -I/home/sparksco/android/toolchain/aosp/build/temp-install/include -g -O2 -MT tanh.lo -MD -MP -MF .deps/tanh.Tpo -c ../.././../mpc/mpc-current/src/tanh.c -o tanh.o
libtool: compile:  gcc-4.7 -DHAVE_CONFIG_H -I. -I../.././../mpc/mpc-current/src -I.. -I/home/sparksco/android/toolchain/aosp/build/temp-install/include -I/home/sparksco/android/toolchain/aosp/build/temp-install/include -g -O2 -MT uceil_log2.lo -MD -MP -MF .deps/uceil_log2.Tpo -c ../.././../mpc/mpc-current/src/uceil_log2.c -o uceil_log2.o
mv -f .deps/strtoc.Tpo .deps/strtoc.Plo
mv -f .deps/sin_cos.Tpo .deps/sin_cos.Plo
mv -f .deps/sub_fr.Tpo .deps/sub_fr.Plo
mv -f .deps/sub_ui.Tpo .deps/sub_ui.Plo
/bin/bash ../libtool --tag=CC   --mode=compile gcc-4.7 -DHAVE_CONFIG_H -I. -I../.././../mpc/mpc-current/src -I..   -I/home/sparksco/android/toolchain/aosp/build/temp-install/include -I/home/sparksco/android/toolchain/aosp/build/temp-install/include   -g -O2 -MT ui_div.lo -MD -MP -MF .deps/ui_div.Tpo -c -o ui_div.lo ../.././../mpc/mpc-current/src/ui_div.c
/bin/bash ../libtool --tag=CC   --mode=compile gcc-4.7 -DHAVE_CONFIG_H -I. -I../.././../mpc/mpc-current/src -I..   -I/home/sparksco/android/toolchain/aosp/build/temp-install/include -I/home/sparksco/android/toolchain/aosp/build/temp-install/include   -g -O2 -MT ui_ui_sub.lo -MD -MP -MF .deps/ui_ui_sub.Tpo -c -o ui_ui_sub.lo ../.././../mpc/mpc-current/src/ui_ui_sub.c
mv -f .deps/swap.Tpo .deps/swap.Plo
mv -f .deps/sqrt.Tpo .deps/sqrt.Plo
libtool: compile:  gcc-4.7 -DHAVE_CONFIG_H -I. -I../.././../mpc/mpc-current/src -I.. -I/home/sparksco/android/toolchain/aosp/build/temp-install/include -I/home/sparksco/android/toolchain/aosp/build/temp-install/include -g -O2 -MT ui_div.lo -MD -MP -MF .deps/ui_div.Tpo -c ../.././../mpc/mpc-current/src/ui_div.c -o ui_div.o
libtool: compile:  gcc-4.7 -DHAVE_CONFIG_H -I. -I../.././../mpc/mpc-current/src -I.. -I/home/sparksco/android/toolchain/aosp/build/temp-install/include -I/home/sparksco/android/toolchain/aosp/build/temp-install/include -g -O2 -MT ui_ui_sub.lo -MD -MP -MF .deps/ui_ui_sub.Tpo -c ../.././../mpc/mpc-current/src/ui_ui_sub.c -o ui_ui_sub.o
mv -f .deps/uceil_log2.Tpo .deps/uceil_log2.Plo
mv -f .deps/tanh.Tpo .deps/tanh.Plo
yes
checking vfork.h usability... mv -f .deps/ui_div.Tpo .deps/ui_div.Plo
mv -f .deps/ui_ui_sub.Tpo .deps/ui_ui_sub.Plo
mv -f .deps/tan.Tpo .deps/tan.Plo
/bin/bash ../libtool --tag=CC   --mode=link gcc-4.7  -g -O2  -version-info 3:0:0 -L/home/sparksco/android/toolchain/aosp/build/temp-install/lib -L/home/sparksco/android/toolchain/aosp/build/temp-install/lib  -o libmpc.la -rpath /home/sparksco/android/toolchain/aosp/build/temp-install/lib abs.lo acos.lo acosh.lo add.lo add_fr.lo add_si.lo add_ui.lo arg.lo asin.lo asinh.lo atan.lo atanh.lo clear.lo cmp.lo cmp_si_si.lo conj.lo cos.lo cosh.lo div_2si.lo div_2ui.lo div.lo div_fr.lo div_ui.lo exp.lo fma.lo fr_div.lo fr_sub.lo get_prec2.lo get_prec.lo get_version.lo get_x.lo imag.lo init2.lo init3.lo inp_str.lo log.lo log10.lo mem.lo mul_2si.lo mul_2ui.lo mul.lo mul_fr.lo mul_i.lo mul_si.lo mul_ui.lo neg.lo norm.lo out_str.lo pow.lo pow_fr.lo pow_ld.lo pow_d.lo pow_si.lo pow_ui.lo pow_z.lo proj.lo real.lo urandom.lo set.lo set_prec.lo set_str.lo set_x.lo set_x_x.lo sin.lo sin_cos.lo sinh.lo sqr.lo sqrt.lo strtoc.lo sub.lo sub_fr.lo sub_ui.lo swap.lo tan.lo tanh.lo uceil_log2.lo ui_div.lo ui_ui_sub.lo  -lmpfr -lgmp -lm 
no
checking vfork.h presence... no
checking for vfork.h... no
checking for fork... libtool: link: ar cru .libs/libmpc.a  abs.o acos.o acosh.o add.o add_fr.o add_si.o add_ui.o arg.o asin.o asinh.o atan.o atanh.o clear.o cmp.o cmp_si_si.o conj.o cos.o cosh.o div_2si.o div_2ui.o div.o div_fr.o div_ui.o exp.o fma.o fr_div.o fr_sub.o get_prec2.o get_prec.o get_version.o get_x.o imag.o init2.o init3.o inp_str.o log.o log10.o mem.o mul_2si.o mul_2ui.o mul.o mul_fr.o mul_i.o mul_si.o mul_ui.o neg.o norm.o out_str.o pow.o pow_fr.o pow_ld.o pow_d.o pow_si.o pow_ui.o pow_z.o proj.o real.o urandom.o set.o set_prec.o set_str.o set_x.o set_x_x.o sin.o sin_cos.o sinh.o sqr.o sqrt.o strtoc.o sub.o sub_fr.o sub_ui.o swap.o tan.o tanh.o uceil_log2.o ui_div.o ui_ui_sub.o
yes
libtool: link: ranlib .libs/libmpc.a
checking for vfork... libtool: link: ( cd ".libs" && rm -f "libmpc.la" && ln -s "../libmpc.la" "libmpc.la" )
make[3]: Leaving directory `/home/sparksco/android/toolchain/aosp/build/mpc-current/src'
Making all in tests
make[3]: Entering directory `/home/sparksco/android/toolchain/aosp/build/mpc-current/tests'
make[3]: Nothing to be done for `all'.
make[3]: Leaving directory `/home/sparksco/android/toolchain/aosp/build/mpc-current/tests'
Making all in doc
make[3]: Entering directory `/home/sparksco/android/toolchain/aosp/build/mpc-current/doc'
make[3]: Nothing to be done for `all'.
make[3]: Leaving directory `/home/sparksco/android/toolchain/aosp/build/mpc-current/doc'
make[3]: Entering directory `/home/sparksco/android/toolchain/aosp/build/mpc-current'
make[3]: Leaving directory `/home/sparksco/android/toolchain/aosp/build/mpc-current'
make[2]: Leaving directory `/home/sparksco/android/toolchain/aosp/build/mpc-current'
make[1]: Leaving directory `/home/sparksco/android/toolchain/aosp/build/mpc-current'
yes
make -C mpc-current install && touch stmp-install-host-mpc
make[1]: Entering directory `/home/sparksco/android/toolchain/aosp/build/mpc-current'
checking for working fork... Making install in src
make[2]: Entering directory `/home/sparksco/android/toolchain/aosp/build/mpc-current/src'
make[3]: Entering directory `/home/sparksco/android/toolchain/aosp/build/mpc-current/src'
make[3]: Nothing to be done for `install-data-am'.
 /bin/mkdir -p '/home/sparksco/android/toolchain/aosp/build/temp-install/lib'
 /bin/bash ../libtool   --mode=install /usr/bin/install -c   libmpc.la '/home/sparksco/android/toolchain/aosp/build/temp-install/lib'
yes
checking for working vfork... (cached) yes
checking for canonicalize_file_name... libtool: install: /usr/bin/install -c .libs/libmpc.lai /home/sparksco/android/toolchain/aosp/build/temp-install/lib/libmpc.la
libtool: install: /usr/bin/install -c .libs/libmpc.a /home/sparksco/android/toolchain/aosp/build/temp-install/lib/libmpc.a
libtool: install: chmod 644 /home/sparksco/android/toolchain/aosp/build/temp-install/lib/libmpc.a
libtool: install: ranlib /home/sparksco/android/toolchain/aosp/build/temp-install/lib/libmpc.a
yes
checking for realpath... libtool: finish: PATH="/home/sparksco/bin:/usr/local/sbin:/usr/local/bin:/usr/sbin:/usr/bin:/sbin:/bin:/usr/games:/usr/local/games:/home/sparksco/bin:/home/sparksco/android/sdk:/home/sparksco/android/sdk/tools:/home/sparksco/android/sdk/platform-tools:/usr/lib/jvm/jdk1.7.0/bin:/sbin" ldconfig -n /home/sparksco/android/toolchain/aosp/build/temp-install/lib
----------------------------------------------------------------------
Libraries have been installed in:
   /home/sparksco/android/toolchain/aosp/build/temp-install/lib

If you ever happen to want to link against installed libraries
in a given directory, LIBDIR, you must either use libtool, and
specify the full pathname of the library, or use the `-LLIBDIR'
flag during linking and do at least one of the following:
   - add LIBDIR to the `LD_LIBRARY_PATH' environment variable
     during execution
   - add LIBDIR to the `LD_RUN_PATH' environment variable
     during linking
   - use the `-Wl,-rpath -Wl,LIBDIR' linker flag
   - have your system administrator add LIBDIR to `/etc/ld.so.conf'

See any operating system documentation about shared libraries for
more information, such as the ld(1) and ld.so(8) manual pages.
----------------------------------------------------------------------
make[3]: Leaving directory `/home/sparksco/android/toolchain/aosp/build/mpc-current/src'
make[2]: Leaving directory `/home/sparksco/android/toolchain/aosp/build/mpc-current/src'
Making install in tests
make[2]: Entering directory `/home/sparksco/android/toolchain/aosp/build/mpc-current/tests'
yes
make[3]: Entering directory `/home/sparksco/android/toolchain/aosp/build/mpc-current/tests'
make[3]: Nothing to be done for `install-exec-am'.
make[3]: Nothing to be done for `install-data-am'.
make[3]: Leaving directory `/home/sparksco/android/toolchain/aosp/build/mpc-current/tests'
make[2]: Leaving directory `/home/sparksco/android/toolchain/aosp/build/mpc-current/tests'
Making install in doc
checking for getrusage... make[2]: Entering directory `/home/sparksco/android/toolchain/aosp/build/mpc-current/doc'
make[3]: Entering directory `/home/sparksco/android/toolchain/aosp/build/mpc-current/doc'
make[3]: Nothing to be done for `install-exec-am'.
 /bin/mkdir -p '/home/sparksco/android/toolchain/aosp/build/temp-install/share/info'
 /usr/bin/install -c -m 644 ../.././../mpc/mpc-current/doc/mpc.info '/home/sparksco/android/toolchain/aosp/build/temp-install/share/info'
 install-info --info-dir='/home/sparksco/android/toolchain/aosp/build/temp-install/share/info' '/home/sparksco/android/toolchain/aosp/build/temp-install/share/info/mpc.info'
This is not dpkg install-info anymore, but GNU install-info
See the man page for ginstall-info for command line arguments
make[3]: Leaving directory `/home/sparksco/android/toolchain/aosp/build/mpc-current/doc'
make[2]: Leaving directory `/home/sparksco/android/toolchain/aosp/build/mpc-current/doc'
yes
make[2]: Entering directory `/home/sparksco/android/toolchain/aosp/build/mpc-current'
checking for getuid... make[3]: Entering directory `/home/sparksco/android/toolchain/aosp/build/mpc-current'
make[3]: Nothing to be done for `install-exec-am'.
 /bin/mkdir -p '/home/sparksco/android/toolchain/aosp/build/temp-install/include'
 /usr/bin/install -c -m 644 .././../mpc/mpc-current/src/mpc.h '/home/sparksco/android/toolchain/aosp/build/temp-install/include'
make[3]: Leaving directory `/home/sparksco/android/toolchain/aosp/build/mpc-current'
make[2]: Leaving directory `/home/sparksco/android/toolchain/aosp/build/mpc-current'
make[1]: Leaving directory `/home/sparksco/android/toolchain/aosp/build/mpc-current'
([ -d gcc-195953 ] || \
	  mkdir gcc-195953) && \
	( \
	 cd gcc-195953 ; \
	 export	AS_FOR_TARGET=/home/sparksco/android/toolchain/aosp/build/binutils-2.23.1/gas/as-new LD_FOR_TARGET=/home/sparksco/android/toolchain/aosp/build/binutils-2.23.1/`[ -d /home/sparksco/android/toolchain/aosp/build/binutils-2.23.1/gold ] && echo "gold" || echo "ld"`/ld-new AR_FOR_TARGET=/home/sparksco/android/toolchain/aosp/build/binutils-2.23.1/binutils/ar NM_FOR_TARGET=/home/sparksco/android/toolchain/aosp/build/binutils-2.23.1/binutils/nm-new STRIP_FOR_TARGET=/home/sparksco/android/toolchain/aosp/build/binutils-2.23.1/binutils/strip-new RANLIB_FOR_TARGET=/home/sparksco/android/toolchain/aosp/build/binutils-2.23.1/binutils/ranlib OBJDUMP_FOR_TARGET=/home/sparksco/android/toolchain/aosp/build/binutils-2.23.1/binutils/objdump ; \
	 export CFLAGS_FOR_TARGET="-O2 -Os -g -DTARGET_POSIX_IO -fno-short-enums" ; \
	 export CXXFLAGS_FOR_TARGET="-O2 -Os -g -DTARGET_POSIX_IO -fno-short-enums" ; \
	 export LDFLAGS_FOR_TARGET="" ; \
	 .././../gcc/gcc-195953/configure \
	   --prefix=/home/sparksco/android/arm-linux-androideabi --target=arm-linux-androideabi --host=x86_64-linux-gnu --build=x86_64-linux-gnu --with-gnu-as --with-gnu-ld --enable-languages=c,c++ --with-gmp=/home/sparksco/android/toolchain/aosp/build/temp-install --with-mpfr=/home/sparksco/android/toolchain/aosp/build/temp-install --with-mpc=/home/sparksco/android/toolchain/aosp/build/temp-install --without-ppl --without-cloog  --disable-libssp --enable-threads --disable-nls --disable-libmudflap --disable-libgomp --disable-libstdc__-v3 --disable-sjlj-exceptions --disable-shared --disable-tls --disable-libitm --with-float=soft --with-fpu=vfp --with-arch=armv5te --enable-target-optspace '--prefix=/home/sparksco/android/arm-linux-androideabi' '--with-gcc-version=195953' '--with-binutils-version=2.23.1' '--with-gmp-version=5.1.1' '--with-mpfr-version=3.1.1' '--with-gdb-version=7.5.1' '--with-mpc-version=current' '--disable-docs' '--disable-nls' --program-transform-name='s&^&arm-linux-androideabi-&') && \
	touch stmp-config-target-gcc
yes
checking for getgid... yes
checking for pipe... yes
checking for poll... yes
checking for pread... yes
checking for pread64... yes
checking for pwrite... yes
checking for readlink... checking build system type... x86_64-pc-linux-gnu
checking host system type... x86_64-pc-linux-gnu
checking target system type... yes
arm-unknown-linux-androideabi
checking for a BSD-compatible install... checking for resize_term... /usr/bin/install -c
checking whether ln works... yes
checking whether ln -s works... yes
checking for a sed that does not truncate output... /bin/sed
checking for gawk... gawk
checking for libatomic support... yes
checking for libsanitizer support... no
checking for x86_64-linux-gnu-gcc... gcc-4.7
yes
checking for sbrk... checking for C compiler default output file name... yes
a.out
checking whether the C compiler works... yes
checking for setpgid... checking whether we are cross compiling... no
checking for suffix of executables... 
checking for suffix of object files... yes
checking for setpgrp... o
checking whether we are using the GNU C compiler... yes
checking whether gcc-4.7 accepts -g... yes
checking for setsid... yes
checking for gcc-4.7 option to accept ISO C89... yes
none needed
checking for sigaction... checking whether we are using the GNU C++ compiler... yes
checking whether g++-4.7 accepts -g... yes
yes
checking for sigprocmask... checking whether g++ accepts -static-libstdc++ -static-libgcc... yes
checking for x86_64-linux-gnu-gnatbind... no
checking for gnatbind... no
yes
checking for x86_64-linux-gnu-gnatmake... no
checking for gnatmake... no
checking whether compiler driver understands Ada... no
checking how to compare bootstrapped objects... checking for sigsetmask... cmp --ignore-initial=16 $$f1 $$f2
checking for objdir... .libs
checking for the correct version of gmp.h... yes
checking for socketpair... yes
checking for the correct version of mpfr.h... yes
checking for syscall... yes
checking for the correct version of mpc.h... yes
checking for ttrace... no
checking for wborder... yes
checking for the correct version of the gmp/mpfr/mpc libraries... yes
checking for wresize... yes
checking for setlocale... yes
yes
checking for iconvlist... no
checking for libiconvlist... no
checking for btowc... yes
checking for setrlimit... yes
checking for getrlimit... yes
checking for posix_madvise... yes
checking for waitpid... yes
checking for lstat... yes
checking for nl_langinfo and CODESET... yes
checking whether ptrace is declared... yes
checking return type of ptrace... long
checking types of arguments for ptrace... *** This configuration is not supported in the following subdirectories:
int,int,long,long
     target-libsanitizer gnattools target-libada target-libgfortran target-libgo target-libffi target-libbacktrace target-zlib target-libjava target-libobjc target-libgomp target-libitm target-libstdc++-v3 target-libmudflap target-libssp target-boehm-gc
    (Any other directories should still work fine.)
checking whether setpgrp takes no argument... yes
checking for sigsetjmp... checking for default BUILD_CONFIG... 
yes
checking for GNU regex... yes
checking for struct thread.td_pcb... checking for bison... bison -y
checking for bison... bison
checking for gm4... no
checking for gnum4... no
checking for m4... m4
checking for flex... flex
checking for flex... flex
checking for makeinfo... makeinfo
checking for expect... no
checking for runtest... no
checking for x86_64-linux-gnu-ar... no
checking for ar... ar
checking for x86_64-linux-gnu-as... no
checking for as... as
checking for x86_64-linux-gnu-dlltool... no
checking for dlltool... no
checking for x86_64-linux-gnu-ld... no
checking for ld... ld
checking for x86_64-linux-gnu-lipo... no
checking for lipo... no
checking for x86_64-linux-gnu-nm... no
checking for nm... nm
checking for x86_64-linux-gnu-ranlib... no
checking for ranlib... ranlib
checking for x86_64-linux-gnu-strip... no
checking for strip... strip
checking for x86_64-linux-gnu-windres... no
checking for windres... no
checking for x86_64-linux-gnu-windmc... no
checking for windmc... no
checking for x86_64-linux-gnu-objcopy... no
checking for objcopy... objcopy
checking for x86_64-linux-gnu-objdump... no
checking for objdump... objdump
checking for x86_64-linux-gnu-readelf... no
checking for readelf... readelf
checking for arm-linux-androideabi-cc... no
checking for arm-linux-androideabi-gcc... no
checking for arm-linux-androideabi-c++... no
checking for arm-linux-androideabi-g++... no
checking for arm-linux-androideabi-cxx... no
checking for arm-linux-androideabi-gxx... no
checking for arm-linux-androideabi-gcc... no
checking for arm-linux-androideabi-gcj... no
checking for arm-linux-androideabi-gfortran... no
checking for arm-linux-androideabi-gccgo... no
checking for ar... /home/sparksco/android/toolchain/aosp/build/binutils-2.23.1/binutils/ar
checking for as... /home/sparksco/android/toolchain/aosp/build/binutils-2.23.1/gas/as-new
checking for dlltool... no
checking for arm-linux-androideabi-dlltool... no
checking for ld... /home/sparksco/android/toolchain/aosp/build/binutils-2.23.1/ld/ld-new
checking for lipo... no
checking for arm-linux-androideabi-lipo... no
checking for nm... /home/sparksco/android/toolchain/aosp/build/binutils-2.23.1/binutils/nm-new
checking for objdump... /home/sparksco/android/toolchain/aosp/build/binutils-2.23.1/binutils/objdump
checking for ranlib... /home/sparksco/android/toolchain/aosp/build/binutils-2.23.1/binutils/ranlib
checking for readelf... no
checking for arm-linux-androideabi-readelf... no
checking for strip... /home/sparksco/android/toolchain/aosp/build/binutils-2.23.1/binutils/strip-new
checking for windres... no
checking for arm-linux-androideabi-windres... no
checking for windmc... no
checking for arm-linux-androideabi-windmc... no
checking where to find the target ar... pre-installed in /home/sparksco/android/toolchain/aosp/build/binutils-2.23.1/binutils
checking where to find the target as... pre-installed in /home/sparksco/android/toolchain/aosp/build/binutils-2.23.1/gas
checking where to find the target cc... just compiled
checking where to find the target c++... just compiled
checking where to find the target c++ for libstdc++... just compiled
checking where to find the target dlltool... pre-installed
checking where to find the target gcc... just compiled
checking where to find the target gcj... pre-installed
checking where to find the target gfortran... pre-installed
checking where to find the target gccgo... pre-installed
checking where to find the target ld... pre-installed in /home/sparksco/android/toolchain/aosp/build/binutils-2.23.1/ld
checking where to find the target lipo... pre-installed
checking where to find the target nm... pre-installed in /home/sparksco/android/toolchain/aosp/build/binutils-2.23.1/binutils
checking where to find the target objdump... pre-installed in /home/sparksco/android/toolchain/aosp/build/binutils-2.23.1/binutils
checking where to find the target ranlib... pre-installed in /home/sparksco/android/toolchain/aosp/build/binutils-2.23.1/binutils
checking where to find the target readelf... pre-installed
checking where to find the target strip... pre-installed in /home/sparksco/android/toolchain/aosp/build/binutils-2.23.1/binutils
checking where to find the target windres... pre-installed
checking where to find the target windmc... pre-installed
checking whether to enable maintainer-specific portions of Makefiles... no
no
checking for struct lwp... configure: creating ./config.status
no
checking for struct reg in machine/reg.h... no
checking for struct reg.r_fs... config.status: creating Makefile
no
checking for struct reg.r_gs... no
checking for struct user_regs_struct.fs_base... yes
checking for struct user_regs_struct.gs_base... yes
checking for PTRACE_GETREGS... yes
checking for PTRACE_GETFPXREGS... yes
checking for PT_GETDBREGS... no
checking for PT_GETXMMREGS... ( \
	 make -C gcc-195953 \
		CFLAGS_FOR_TARGET="-O2 -Os -g -DTARGET_POSIX_IO -fno-short-enums" \
		CXXFLAGS_FOR_TARGET="-O2 -Os -g -DTARGET_POSIX_IO -fno-short-enums" \
		LDFLAGS_FOR_TARGET="" \
		) \
	&& touch stmp-build-target-gcc
no
checking for pstatus_t in sys/procfs.h... make[1]: Entering directory `/home/sparksco/android/toolchain/aosp/build/gcc-195953'
no
checking for prrun_t in sys/procfs.h... no
checking for gregset_t in sys/procfs.h... make[2]: Entering directory `/home/sparksco/android/toolchain/aosp/build/gcc-195953'
no
checking for fpregset_t in sys/procfs.h... mkdir -p -- ./lto-plugin
mkdir -p -- ./libiberty
mkdir -p -- ./fixincludes
mkdir -p -- ./intl
Configuring in ./lto-plugin
Configuring in ./intl
mkdir -p -- ./zlib
Configuring in ./libiberty
Configuring in ./fixincludes
mkdir -p -- build-x86_64-linux-gnu/fixincludes
mkdir -p -- ./libbacktrace
Configuring in ./zlib
Configuring in build-x86_64-linux-gnu/fixincludes
mkdir -p -- build-x86_64-linux-gnu/libiberty
Configuring in build-x86_64-linux-gnu/libiberty
mkdir -p -- ./libdecnumber
Configuring in ./libbacktrace
Configuring in ./libdecnumber
no
checking for prgregset_t in sys/procfs.h... yes
checking for prfpregset_t in sys/procfs.h... yes
checking for prgregset32_t in sys/procfs.h... no
checking for prfpregset32_t in sys/procfs.h... no
checking for lwpid_t in sys/procfs.h... yes
checking for psaddr_t in sys/procfs.h... yes
checking for prsysent_t in sys/procfs.h... configure: creating cache ./config.cache
configure: creating cache ./config.cache
checking whether make sets $(MAKE)... configure: creating cache ../config.cache
checking whether to enable maintainer-specific portions of Makefiles... no
checking for makeinfo... makeinfo --split-size=5000000
no
checking for pr_sigset_t in sys/procfs.h... yes
checking for a BSD-compatible install... /usr/bin/install -c
checking whether NLS is requested... no
checking for perl... perl
configure: creating cache ./config.cache
configure: creating cache ./config.cache
checking for msgfmt... checking build system type... configure: creating cache ./config.cache
configure: creating cache ./config.cache
checking whether make sets $(MAKE)... configure: loading cache ../config.cache
/usr/bin/msgfmt
checking for gmsgfmt... /usr/bin/msgfmt
checking for xgettext... yes
checking build system type... checking for x86_64-linux-gnu-gcc... gcc-4.7
checking build system type... /usr/bin/xgettext
x86_64-pc-linux-gnu
checking host system type... checking build system type... configure: creating cache ./config.cache
checking build system type... checking whether to enable maintainer-specific portions of Makefiles... no
checking for makeinfo... makeinfo --split-size=5000000
checking for msgmerge... checking for perl... perl
x86_64-pc-linux-gnu
checking host system type... checking build system type... /usr/bin/msgmerge
x86_64-pc-linux-gnu
checking host system type... no
checking for pr_sigaction64_t in sys/procfs.h... x86_64-pc-linux-gnu
checking target system type... x86_64-pc-linux-gnu
checking host system type... x86_64-pc-linux-gnu
checking host system type... checking build system type... checking for C compiler default output file name... x86_64-pc-linux-gnu
checking host system type... checking for x86_64-linux-gnu-gcc... gcc-4.7
x86_64-pc-linux-gnu
checking for x86_64-linux-gnu-ar... ar
checking for x86_64-linux-gnu-ranlib... ranlib
x86_64-pc-linux-gnu
checking target system type... checking for x86_64-linux-gnu-gcc... gcc-4.7
arm-unknown-linux-androideabi
checking for x86_64-linux-gnu-gcc... gcc-4.7
x86_64-pc-linux-gnu
checking target system type... x86_64-pc-linux-gnu
checking target system type... x86_64-pc-linux-gnu
checking target system type... x86_64-pc-linux-gnu
checking host system type... arm-unknown-linux-androideabi
no
checking for pr_siginfo64_t in sys/procfs.h... checking for a BSD-compatible install... /usr/bin/install -c
checking whether build environment is sane... checking for C compiler default output file name... checking for C compiler default output file name... arm-unknown-linux-androideabi
x86_64-pc-linux-gnu
checking for x86_64-linux-gnu-ar... checking for x86_64-linux-gnu-gcc... ar
gcc-4.7
checking for x86_64-linux-gnu-ranlib... ranlib
checking for x86_64-linux-gnu-gcc... gcc-4.7
arm-unknown-linux-androideabi
checking for a BSD-compatible install... /usr/bin/install -c
checking whether build environment is sane... a.out
checking whether the C compiler works... arm-unknown-linux-androideabi
yes
checking for x86_64-linux-gnu-gcc... gcc-4.7
checking whether we are cross compiling... no
checking for suffix of executables... checking for C compiler default output file name... no
checking whether prfpregset_t type is broken... checking for C compiler default output file name... a.out
checking whether the C compiler works... a.out
checking whether the C compiler works... checking whether we are cross compiling... no
checking for suffix of executables... yes
checking whether we are cross compiling... no
checking for suffix of executables... 
checking for suffix of object files... checking for C compiler default output file name... checking for C compiler default output file name... a.out
checking whether the C compiler works... yes
checking whether we are cross compiling... no
checking for suffix of executables... o
checking whether we are using the GNU C compiler... a.out
checking whether the C compiler works... yes
checking whether we are cross compiling... no
checking for suffix of executables... 
checking for suffix of object files... 
checking for suffix of object files... a.out
checking whether the C compiler works... no
yes
checking for PIOCSET ioctl entry in sys/procfs.h... checking whether gcc-4.7 accepts -g... yes
checking whether we are cross compiling... no
checking for suffix of executables... o
checking whether we are using the GNU C compiler... o
checking whether we are using the GNU C compiler... 
a.out
checking whether the C compiler works... checking for suffix of object files... yes
checking whether we are cross compiling... no
checking for suffix of executables... yes
checking for gcc-4.7 option to accept ISO C89... 
checking for suffix of object files... no
checking for long long support in compiler... yes
checking whether gcc-4.7 accepts -g... yes
checking whether gcc-4.7 accepts -g... o
checking whether we are using the GNU C compiler... 
checking for suffix of object files... o
checking whether we are using the GNU C compiler... 
checking for suffix of object files... yes
checking for gcc-4.7 option to accept ISO C89... yes
checking for long long support in printf... yes
checking for gcc-4.7 option to accept ISO C89... yes
checking whether gcc-4.7 accepts -g... o
checking whether we are using the GNU C compiler... none needed
checking for x86_64-linux-gnu-ranlib... ranlib
yes
checking whether gcc-4.7 accepts -g... checking for aclocal... aclocal
checking for autoconf... autoconf
checking for autoheader... autoheader
checking whether gcc-4.7 supports -W... o
checking whether we are using the GNU C compiler... yes
checking for gcc-4.7 option to accept ISO C89... yes
checking whether gcc-4.7 accepts -g... yes
checking for gcc-4.7 option to accept ISO C89... none needed
checking how to run the C preprocessor... none needed
yes
checking whether gcc-4.7 accepts -g... yes
checking whether gcc-4.7 supports -Wall... yes
checking for gcc-4.7 option to accept ISO C89... checking build system type... gcc-4.7 -E
yes
checking for gcc-4.7 option to accept ISO C89... x86_64-pc-linux-gnu
checking host system type... yes
checking whether gcc-4.7 supports -Wwrite-strings... none needed
checking how to run the C preprocessor... yes
checking for decfloat support in printf... none needed
checking how to run the C preprocessor... x86_64-pc-linux-gnu
checking for grep that handles long lines and -e... checking for x86_64-linux-gnu-ranlib... ranlib
checking for library containing strerror... /bin/grep
checking for egrep... /bin/grep -E
checking for ANSI C header files... gcc-4.7 -E
yes
gcc-4.7 -E
none needed
checking for special C compiler options needed for large files... no
checking for _FILE_OFFSET_BITS value needed for large files... checking whether gcc-4.7 supports -Wstrict-prototypes... checking for grep that handles long lines and -e... /bin/grep
checking for egrep... none needed
checking for special C compiler options needed for large files... no
checking for _FILE_OFFSET_BITS value needed for large files... /bin/grep -E
checking for ANSI C header files... checking for grep that handles long lines and -e... none required
checking how to run the C preprocessor... /bin/grep
checking for egrep... yes
/bin/grep -E
checking for ANSI C header files... no
checking how to run the C preprocessor... checking whether gcc-4.7 supports -Wmissing-prototypes... no
gcc-4.7 -E
checking how to run the C preprocessor... yes
gcc-4.7 -E
checking whether gcc-4.7 supports -Wold-style-definition... no
checking for long double support in compiler... checking for grep that handles long lines and -e... gcc-4.7 -E
/bin/grep
checking for egrep... /bin/grep -E
checking for ANSI C header files... checking whether gcc-4.7 supports -W... yes
checking for long double support in printf... yes
checking whether gcc-4.7 supports -Wmissing-format-attribute... checking whether gcc-4.7 supports -W... yes
checking whether gcc-4.7 supports -Wall... yes
yes
checking for sys/types.h... checking whether gcc-4.7 supports -Wcast-qual... yes
checking whether gcc-4.7 supports -Wall... yes
yes
yes
checking whether gcc-4.7 supports -pedantic -Wlong-long... checking for sys/types.h... checking whether gcc-4.7 supports -Wwrite-strings... yes
yes
checking whether gcc-4.7 supports -Wwrite-strings... yes
checking for sys/stat.h... checking for sys/types.h... yes
checking how to run the C preprocessor... yes
yes
checking for long double support in scanf... checking whether gcc-4.7 supports -Wc++-compat... yes
yes
checking whether gcc-4.7 supports -Wc++-compat... checking for sys/stat.h... yes
yes
yes
checking for an ANSI C-conforming const... gcc-4.7 -E
yes
checking whether gcc-4.7 supports -Wstrict-prototypes... yes
checking for stdlib.h... checking whether gcc-4.7 supports -Wstrict-prototypes... checking for sys/stat.h... yes
checking for inline... yes
yes
checking for the dynamic export flag... checking for grep that handles long lines and -e... -rdynamic
checking whether <thread_db.h> has TD_NOTALLOC... /bin/grep
checking for egrep... yes
checking whether gcc-4.7 supports -pedantic ... /bin/grep -E
checking for ANSI C header files... yes
checking for stdlib.h... checking whether gcc-4.7 supports -pedantic ... yes
yes
inline
checking for stdlib.h... checking for string.h... checking for sys/types.h... yes
checking whether gcc-4.7 and cc understand -c and -o together... yes
checking whether gcc-4.7 and cc understand -c and -o together... yes
checking whether <thread_db.h> has TD_VERSION... yes
checking for string.h... yes
yes
yes
checking for sys/stat.h... checking for string.h... checking for memory.h... yes
checking whether <thread_db.h> has TD_NOTLS... yes
yes
yes
yes
checking for memory.h... checking for stdlib.h... checking for strings.h... checking for memory.h... yes
checking for an ANSI C-conforming const... yes
checking for sys/types.h... yes
yes
checking whether <sys/syscall.h> has __NR_tkill... checking for an ANSI C-conforming const... yes
yes
checking for inline... yes
yes
checking for string.h... checking for strings.h... yes
checking for inttypes.h... yes
yes
checking for a thread-safe mkdir -p... yes
checking for inline... yes
/bin/mkdir -p
checking for gawk... gawk
checking whether make sets $(MAKE)... checking for strings.h... inline
checking for sys/stat.h... checking for grep that handles long lines and -e... checking whether ADDR_NO_RANDOMIZE is declared... /bin/grep
yes
checking for egrep... checking for a thread-safe mkdir -p... yes
/bin/grep -E
checking for ANSI C header files... yes
inline
checking for grep that handles long lines and -e... /bin/mkdir -p
checking for gawk... gawk
checking whether make sets $(MAKE)... /bin/grep
checking for egrep... checking for memory.h... yes
/bin/grep -E
checking for ANSI C header files... yes
yes
yes
checking whether to enable maintainer-specific portions of Makefiles... no
checking for x86_64-linux-gnu-gcc... gcc-4.7
checking for inttypes.h... yes
checking for stdint.h... yes
checking whether to enable maintainer-specific portions of Makefiles... no
checking for x86_64-linux-gnu-gcc... gcc-4.7
checking for inttypes.h... checking for stdlib.h... yes
yes
yes
checking for unistd.h... checking for strings.h... checking for C compiler default output file name... yes
checking for stdint.h... checking for C compiler default output file name... checking compiler warning flags... checking for string.h... yes
checking for stdint.h... yes
yes
checking for sys/types.h... yes
yes
yes
checking whether the C compiler works... yes
checking minix/config.h usability... checking whether we are cross compiling... no
checking for suffix of executables... checking for inttypes.h... checking for unistd.h... checking for memory.h... a.out
checking whether the C compiler works... yes
yes
checking whether we are cross compiling... no
checking for suffix of executables... yes
checking for sys/stat.h... checking for sys/types.h... yes
yes
checking for unistd.h... yes
checking for sys/stat.h... yes

checking for suffix of object files... checking for stdlib.h... yes
yes

yes
yes
checking for suffix of object files... checking for strings.h... checking for stdint.h... checking minix/config.h usability... checking for string.h... checking for stdlib.h... o
checking whether we are using the GNU C compiler... yes
yes
o
checking whether we are using the GNU C compiler... yes
checking for memory.h... checking for string.h... checking minix/config.h usability... yes
yes
yes
checking whether gcc-4.7 accepts -g... yes
checking whether gcc-4.7 accepts -g... checking for inttypes.h... yes
checking for memory.h... yes
checking for unistd.h... yes
yes
checking for gcc-4.7 option to accept ISO C89... yes
checking for gcc-4.7 option to accept ISO C89... checking for strings.h... checking for strings.h... no
checking minix/config.h presence... yes
yes
checking for inttypes.h... checking for inttypes.h... yes
yes
yes
checking for stdint.h... no
checking for minix/config.h... no
checking whether it is safe to define __EXTENSIONS__... checking for stdint.h... yes
checking for stdint.h... checking for off_t... none needed
yes
none needed
checking for style of include used by make... checking for style of include used by make... yes
GNU
checking dependency style of gcc-4.7... GNU
checking dependency style of gcc-4.7... checking for unistd.h... checking for unistd.h... no
checking minix/config.h presence... yes
yes
checking whether byte ordering is bigendian... yes
no
checking for minix/config.h... no
checking whether it is safe to define __EXTENSIONS__... checking whether byte ordering is bigendian... checking for unistd.h... yes
checking for a sed that does not truncate output... /bin/sed
checking whether gcc-4.7 supports -W... no
checking minix/config.h presence... yes
gcc3
no
checking for minix/config.h... no
checking for special C compiler options needed for large files... no
checking for _FILE_OFFSET_BITS value needed for large files... checking whether it is safe to define __EXTENSIONS__... gcc3
checking how to print strings... yes
yes
checking for a BSD-compatible install... /usr/bin/install -c
checking whether build environment is sane... checking whether gcc-4.7 supports -Wall... printf
checking for a sed that does not truncate output... /bin/sed
checking for grep that handles long lines and -e... checking ctype.h usability... /bin/grep
checking for egrep... yes
yes
checking for size_t... /bin/grep -E
checking for fgrep... no
/bin/grep -F
checking for ld used by gcc-4.7... checking whether gcc-4.7 supports -Wwrite-strings... checking whether gcc-4.7 supports -Wall... no
checking for a BSD-compatible install... /usr/bin/install -c
ld
checking if the linker (ld) is GNU ld... yes
checking for BSD- or MS-compatible name lister (nm)... nm
checking the name lister (nm) interface... no
checking for a BSD-compatible install... /usr/bin/install -c
checking for sys/file.h... checking for sys/file.h... yes
checking for a sed that does not truncate output... /bin/sed
yes
yes
yes
checking whether gcc-4.7 supports -W... yes
checking whether gcc-4.7 supports -Wstrict-prototypes... checking for sys/param.h... checking how to print strings... checking for sys/param.h... yes
BSD nm
checking whether ln -s works... yes
checking the maximum length of command line arguments... yes
printf
checking for a sed that does not truncate output...  -Wall -Wdeclaration-after-statement -Wpointer-arith -Wformat-nonliteral -Wno-pointer-sign -Wno-unused -Wunused-value -Wunused-function -Wno-switch -Wno-char-subscripts -Wmissing-prototypes -Wdeclaration-after-statement 
checking for cygwin... /bin/sed
yes
checking ctype.h presence... checking for grep that handles long lines and -e... 3458764513820540925
checking whether the shell understands some XSI constructs... yes
checking whether the shell understands "+="... checking for limits.h... yes
checking for limits.h... /bin/grep
checking for egrep... yes
/bin/grep -E
checking for fgrep... checking for ld option to reload object files... -r
checking for x86_64-linux-gnu-objdump... /bin/grep -F
objdump
checking for ld used by gcc-4.7... checking how to recognize dependent libraries... pass_all
checking whether gcc-4.7 supports -Wall... checking for x86_64-linux-gnu-ar... ar
yes
checking for ctype.h... checking for x86_64-linux-gnu-strip... yes
no
no
checking for strip... strip
checking for x86_64-linux-gnu-ranlib... ranlib
yes
checking command to parse nm output from gcc-4.7 object... yes
ld
checking if the linker (ld) is GNU ld... yes
checking for ELF support in BFD... yes
checking for BSD- or MS-compatible name lister (nm)... nm
checking whether gcc-4.7 supports -Wmissing-prototypes... checking the name lister (nm) interface... checking for stdlib.h... (cached) yes
checking for stdlib.h... (cached) yes
checking for malloc.h... checking stddef.h usability... checking for malloc.h... yes
yes
yes
checking whether gcc-4.7 supports -Wwrite-strings... BSD nm
checking whether ln -s works... yes
checking the maximum length of command line arguments... checking whether gcc-4.7 supports -Wold-style-definition... yes
checking for working alloca.h... checking for string.h... (cached) yes
3458764513820540925
checking whether the shell understands some XSI constructs... checking for string.h... (cached) yes
yes
checking whether the shell understands "+="... yes
checking for unistd.h... (cached) yes
checking for ld option to reload object files... -r
checking for x86_64-linux-gnu-objdump... objdump
checking how to recognize dependent libraries... pass_all
checking for x86_64-linux-gnu-ar... ar
checking for x86_64-linux-gnu-strip... no
checking for strip... strip
checking for x86_64-linux-gnu-ranlib... ranlib
checking command to parse nm output from gcc-4.7 object... checking for unistd.h... (cached) yes
checking for strings.h... (cached) yes
yes
checking for sys/time.h... yes
checking whether gcc-4.7 supports -Wstrict-prototypes... checking for strings.h... (cached) yes
yes
checking stddef.h presence... checking for sys/time.h... yes
checking whether gcc-4.7 supports -Wmissing-format-attribute... yes
checking for alloca... yes
checking for stddef.h... yes
checking for time.h... yes
checking for time.h... checking for string.h... (cached) yes
yes
yes
checking stdio.h usability... ok
yes
checking whether gcc-4.7 supports -Wmissing-prototypes... yes
checking for sys/resource.h... checking for sys/resource.h... checking whether gcc-4.7 supports -Woverlength-strings... yes
yes
yes
checking for stdlib.h... (cached) yes
checking how to run the C preprocessor... yes
checking for sys/stat.h... (cached) yes
checking for sys/stat.h... checking whether gcc-4.7 supports -Wold-style-definition... (cached) yes
yes
checking whether gcc-4.7 supports -pedantic -Wlong-long... checking for unistd.h... (cached) yes
checking for sys/mman.h... checking for sys/mman.h... checking for getpagesize... yes
checking stdio.h presence... ok
gcc-4.7 -E
yes
yes
checking for stdio.h... yes
yes
yes
checking for ANSI C header files... (cached) yes
yes
looking for a compliant stdint.h in stdint.h, checking for uintmax_t... checking for fcntl.h... checking stddef.h usability... checking for fcntl.h... checking whether gcc-4.7 supports -Wmissing-format-attribute... checking for ANSI C header files... checking how to run the C preprocessor... yes
yes
yes
checking for working mmap... checking for alloca.h... checking for alloca.h... yes
yes
checking for sys/pstat.h... checking whether gcc-4.7 supports -Woverlength-strings... gcc-4.7 -E
yes
checking for sys/pstat.h... yes
checking stddef.h presence... no
checking for sys/sysmp.h... yes
yes
checking for stddef.h... yes
checking for X... checking for ANSI C header files... yes
checking for uintptr_t... yes
checking whether gcc-4.7 supports -pedantic -Wlong-long... no
checking for stdlib.h... (cached) yes
no
checking for sys/sysinfo.h... checking for sys/sysmp.h... checking for strings.h... (cached) yes
yes
no
yes
checking for ANSI C header files... (cached) yes
checking for machine/hal_sysinfo.h... checking for sys/sysinfo.h... checking for unistd.h... (cached) yes
checking stddef.h usability... yes
no
checking for sys/table.h... checking fcntl.h usability... yes
checking for machine/hal_sysinfo.h... checking whether we are using the GNU C Library 2.1 or newer... yes
checking for int_least32_t... no
yes
yes
checking whether integer division by zero raises SIGFPE... no
checking for sys/types.h... checking for sys/table.h... no
checking for sys/sysctl.h... yes
checking stddef.h presence... checking for sys/sysctl.h... libraries , headers 
yes
checking for stddef.h... yes
yes
yes
checking for stdlib.h... (cached) yes
yes
checking fcntl.h presence... checking for sys/systemcfg.h... yes
checking for sys/systemcfg.h... checking for sys/stat.h... checking for strings.h... (cached) yes
yes
checking for fcntl.h... yes
yes
checking for int_fast32_t... checking sys/file.h usability... checking for unistd.h... (cached) yes
yes
checking for inttypes.h... no
yes
checking fcntl.h usability... checking for sys/types.h... checking for stdint.h... (cached) yes
checking for stdint.h... (cached) yes
checking for stdio_ext.h... yes
checking for stdio_ext.h... checking for stdlib.h... configure: updating cache ./config.cache
yes
configure: creating ./config.status
yes
checking for process.h... checking for stdint.h... yes
checking for process.h... no
no
yes
checking sys/file.h presence... yes
checking fcntl.h presence... yes
checking for sys/prctl.h... checking for sys/prctl.h... yes
checking for unsigned long long... checking for sys/stat.h... yes
yes
checking for sys/file.h... yes
yes
checking for fcntl.h... yes
yes
checking for sys/wait.h that is POSIX.1 compatible... checking for sys/wait.h that is POSIX.1 compatible... checking sys/file.h usability... checking for sys/stat.h... (cached) yes
yes
checking for string.h... yes
yes
checking for uint64_t... checking for clearerr_unlocked... yes
checking whether time.h and sys/time.h may both be included... checking for stdlib.h... yes
checking for inttypes.h... yes
checking whether time.h and sys/time.h may both be included... yes
yes
checking whether errno must be declared... yes
checking sys/file.h presence... checking for memory.h... yes
checking whether errno must be declared... yes
checking for sys/file.h... yes
yes
yes
checking whether the inttypes.h PRIxNN macros are broken... checking for sys/stat.h... (cached) yes
checking for string.h... no
checking size of int... yes
checking for clearerr_unlocked... yes
checking for a thread-safe mkdir -p... checking for feof_unlocked... /bin/mkdir -p
checking for gawk... gawk
checking whether make sets $(MAKE)... yes
checking what to include in gstdint.h... no
checking size of int... no
checking for ld used by GCC... ld
checking if the linker (ld) is GNU ld... stdint.h (already complete)
checking for an ANSI C-conforming const... yes
yes
yes
checking for shared library run path origin... yes
yes
checking for strings.h... yes
checking for memory.h... yes
checking for off_t... config.status: creating jit-reader.h
checking for ferror_unlocked... done
checking whether to enable maintainer-specific portions of Makefiles... no
checking for x86_64-linux-gnu-gcc... (cached) gcc-4.7
config.status: creating Makefile
checking for feof_unlocked... 4
checking for a 64-bit type... yes
4
checking argz.h usability... checking for strings.h... config.status: creating gdb-gdb.gdb
checking for a 64-bit type... yes
yes
checking whether we are using the GNU C compiler... (cached) yes
checking whether gcc-4.7 accepts -g... (cached) yes
checking for gcc-4.7 option to accept ISO C89... (cached) none needed
checking for x86_64-linux-gnu-ranlib... ranlib
checking for gawk... (cached) gawk
checking how to print strings... checking for inttypes.h... config.status: creating doc/Makefile
printf
checking for a sed that does not truncate output... /bin/sed
checking for fflush_unlocked... uint64_t
checking for intptr_t... yes
uint64_t
checking for fgrep... checking for intptr_t... /bin/grep -F
yes
checking for ld used by gcc-4.7... ld
checking if the linker (ld) is GNU ld... yes
checking for BSD- or MS-compatible name lister (nm)... yes
checking argz.h presence... nm
checking the name lister (nm) interface... checking for ferror_unlocked... yes
checking size of int... checking for inttypes.h... yes
checking for argz.h... yes
config.status: creating data-directory/Makefile
BSD nm
checking whether ln -s works... yes
checking the maximum length of command line arguments... yes
3458764513820540925
checking whether the shell understands some XSI constructs... yes
checking whether the shell understands "+="... checking limits.h usability... yes
yes
config.status: creating config.h
checking for fgetc_unlocked... checking for ld option to reload object files... -r
checking for x86_64-linux-gnu-objdump... objdump
checking for stdint.h... checking how to recognize dependent libraries... pass_all
checking for x86_64-linux-gnu-ar... ar
checking for x86_64-linux-gnu-strip... no
checking for strip... strip
checking for x86_64-linux-gnu-ranlib... (cached) ranlib
checking command to parse nm output from gcc-4.7 object... yes
yes
config.status: executing depdir commands
checking for fflush_unlocked... mkdir -p -- .deps
yes
checking for uintptr_t... config.status: executing default commands
checking for stdint.h... === configuring in testsuite (/home/sparksco/android/toolchain/aosp/build/gdb-7.5.1/gdb/testsuite)
yes
checking limits.h presence... yes
configure: running /bin/bash ../../.././../gdb/gdb-7.5.1/gdb/testsuite/configure --disable-option-checking '--prefix=/home/sparksco/android/arm-linux-androideabi'  '--with-system-zlib' '--with-gcc-version=195953' '--with-binutils-version=2.23.1' '--with-gmp-version=5.1.1' '--with-mpfr-version=3.1.1' '--with-gdb-version=7.5.1' '--with-mpc-version=current' '--disable-docs' '--disable-nls' '--with-expat' '--with-libexpat-prefix=/home/sparksco/android/toolchain/aosp/build/temp-install' '--with-python=no' '--program-transform-name=s&^&arm-linux-androideabi-&' '--build=x86_64-linux-gnu' '--host=x86_64-linux-gnu' '--target=arm-linux-android' 'build_alias=x86_64-linux-gnu' 'host_alias=x86_64-linux-gnu' 'target_alias=arm-linux-android' 'CC=gcc-4.7' 'CFLAGS=-g -O2' 'LDFLAGS= ' 'MAKEINFO=makeinfo --split-size=5000000' 'YACC=bison -y' --cache-file=.././config.cache --srcdir=../../.././../gdb/gdb-7.5.1/gdb/testsuite
yes
checking for uintptr_t... yes
4
checking for fgets_unlocked... checking for unistd.h... checking size of long... yes
checking for limits.h... yes
yes
yes
checking locale.h usability... checking for fgetc_unlocked... yes
checking for unistd.h... checking for fileno_unlocked... yes
checking for dlfcn.h... 8
checking for ANSI C header files... (cached) yes
yes
ok
checking for ssize_t... yes
yes
checking locale.h presence... checking build system type... yes
checking for locale.h... yes
yes
yes
yes
checking nl_types.h usability... yes
checking for dlfcn.h... checking for objdir... checking for fprintf_unlocked... checking for dlfcn.h... x86_64-pc-linux-gnu
checking host system type... .libs
checking for fgets_unlocked... x86_64-pc-linux-gnu
checking target system type... yes
checking nl_types.h presence... yes
checking for objdir... yes
checking for nl_types.h... yes
.libs
yes
yes
arm-unknown-linux-androideabi
checking for decimal floating point... configure: WARNING: decimal float is not supported for this target, ignored
dpd
checking whether byte ordering is bigendian... checking for objdir... .libs
no
checking for fileno_unlocked... checking malloc.h usability... checking for fputc_unlocked... yes
checking for pid_t... checking if gcc-4.7 supports -fno-rtti -fno-exceptions... yes
checking for pid_t... yes
checking malloc.h presence... yes
checking for malloc.h... yes
no
checking for gcc-4.7 option to produce PIC... -fPIC -DPIC
checking if gcc-4.7 PIC flag -fPIC -DPIC works... yes
checking for fprintf_unlocked... checking stddef.h usability... yes
checking if gcc-4.7 supports -fno-rtti -fno-exceptions... no
checking for fputs_unlocked... checking if gcc-4.7 supports -fno-rtti -fno-exceptions... yes
configure: loading cache .././config.cache
checking for library containing strerror... yes
no
checking for gcc-4.7 option to produce PIC... -fPIC -DPIC
checking if gcc-4.7 PIC flag -fPIC -DPIC works... yes
checking stddef.h presence... yes
checking if gcc-4.7 static flag -static works... checking for library containing strerror... no
yes
checking for stddef.h... yes
configure: updating cache ./config.cache
configure: creating ./config.status
no
checking for gcc-4.7 option to produce PIC... -fPIC -DPIC
checking if gcc-4.7 PIC flag -fPIC -DPIC works... checking for fputc_unlocked... checking build system type... (cached) x86_64-pc-linux-gnu
checking host system type... (cached) x86_64-pc-linux-gnu
checking target system type... (cached) arm-unknown-linux-android
checking for make... (cached) make
checking for stdlib.h... (cached) yes
checking whether make sets $(MAKE)... (cached) yes
checking for x86_64-linux-gnu-gcc... (cached) gcc-4.7
checking for string.h... (cached) yes
yes
checking if gcc-4.7 static flag -static works... yes
yes
checking if gcc-4.7 static flag -static works... none required
checking for unistd.h... (cached) yes
checking for C compiler default output file name... checking for fread_unlocked... checking for asprintf... checking sys/param.h usability... none required
checking for asprintf... yes
checking if gcc-4.7 supports -c -o file.o... a.out
checking whether the C compiler works... yes
yes
yes
checking sys/param.h presence... yes
checking for fputs_unlocked... yes
checking for sys/param.h... yes
yes
yes
checking whether we are cross compiling... no
checking for suffix of executables... yes
checking if gcc-4.7 supports -c -o file.o... yes
checking if gcc-4.7 supports -c -o file.o... checking for atexit... checking for atexit... checking for fwrite_unlocked... checking for feof_unlocked... yes
checking if gcc-4.7 supports -c -o file.o... (cached) yes
checking whether the gcc-4.7 linker (ld -m elf_x86_64) supports shared libraries... 
checking for suffix of object files... (cached) o
checking whether we are using the GNU C compiler... (cached) yes
checking whether gcc-4.7 accepts -g... (cached) yes
checking for gcc-4.7 option to accept ISO C89... (cached) none needed
checking how to run the C preprocessor... (cached) gcc-4.7 -E
yes
yes
yes
yes
checking dynamic linker characteristics... checking for fread_unlocked... yes
yes
checking if gcc-4.7 supports -c -o file.o... (cached) yes
checking whether the gcc-4.7 linker (ld -m elf_x86_64) supports shared libraries... config.status: creating Makefile
checking for basename... yes
checking if gcc-4.7 supports -c -o file.o... (cached) yes
checking whether the gcc-4.7 linker (ld -m elf_x86_64) supports shared libraries... checking for getchar_unlocked... yes
checking whether -lc should be explicitly linked in... yes
config.status: creating config.h
checking for fgets_unlocked... checking for grep that handles long lines and -e... (cached) /bin/grep
checking for egrep... (cached) /bin/grep -E
checking for ANSI C header files... (cached) yes
yes
checking dynamic linker characteristics... config.status: executing gstdint.h commands
checking for sys/types.h... (cached) yes
yes
checking for sys/stat.h... (cached) yes
yes
no
checking dynamic linker characteristics... checking for bcmp... yes
checking for fwrite_unlocked... checking for stdlib.h... (cached) yes
yes
checking for getc_unlocked... checking for string.h... (cached) yes
checking for bcmp... checking for getc_unlocked... checking for memory.h... (cached) yes
GNU/Linux ld.so
checking how to hardcode library paths into programs... immediate
checking whether stripping libraries is possible... yes
checking if libtool supports shared libraries... yes
checking whether to build shared libraries... no
checking whether to build static libraries... yes
checking how to run the C preprocessor... gcc-4.7 -E
checking for strings.h... (cached) yes
checking for inttypes.h... (cached) yes
yes
GNU/Linux ld.so
checking how to hardcode library paths into programs... immediate
checking whether stripping libraries is possible... yes
checking if libtool supports shared libraries... yes
checking whether to build shared libraries... no
checking whether to build static libraries... yes
checking unwind.h usability... checking for putchar_unlocked... yes
checking for stdint.h... yes
yes
(cached) yes
checking for bcopy... GNU/Linux ld.so
checking how to hardcode library paths into programs... immediate
checking whether stripping libraries is possible... checking for stdlib.h... (cached) yes
yes
yes
checking if libtool supports shared libraries... yes
checking whether to build shared libraries... yes
checking whether to build static libraries... yes
checking for int64_t... checking for bcopy... checking for getchar_unlocked... checking for unistd.h... (cached) yes
checking for getcwd... checking pthread.h usability... checking for unistd.h... (cached) yes
make[3]: Entering directory `/home/sparksco/android/toolchain/aosp/build/gcc-195953/libdecnumber'
source='../.././../gcc/gcc-195953/libdecnumber/decNumber.c' object='decNumber.o' libtool=no gcc-4.7  -I../.././../gcc/gcc-195953/libdecnumber -I.  -g -O2 -W -Wall -Wwrite-strings -Wstrict-prototypes -Wmissing-prototypes -Wold-style-definition -Wmissing-format-attribute -Wcast-qual -pedantic -Wno-long-long  -I../.././../gcc/gcc-195953/libdecnumber -I.  -c ../.././../gcc/gcc-195953/libdecnumber/decNumber.c
checking for getpagesize... yes
checking unwind.h presence... yes
checking for unwind.h... yes
checking for _Unwind_Backtrace... yes
yes
yes
yes
checking pthread.h presence... checking for bsearch... yes
yes
yes
checking for working mmap... yes
checking for bsearch... checking for pthread.h... yes
checking for getc_unlocked... checking for putc_unlocked... checking for getegid... yes
checking for uint64_t... yes
yes
checking for -funwind-tables option... checking for bzero... configure: updating cache .././config.cache
yes
yes
checking for -frandom-seed=string option... checking for geteuid... yes
checking for sys/wait.h that is POSIX.1 compatible... configure: creating ./config.status
yes
yes
checking for bzero... yes
checking for putchar_unlocked... checking for memcpy... yes
yes
yes
yes
checking whether gcc-4.7 supports -W... checking for getgid... checking whether abort is declared... yes
yes
yes
yes
yes
checking for putc_unlocked... config.status: creating Makefile
checking whether gcc-4.7 supports -Wall... configure: updating cache ./config.cache
checking for calloc... checking for calloc... configure: creating ./config.status
checking for strerror... config.status: creating gdb.ada/Makefile
yes
yes
yes
checking whether asprintf is declared... checking for getuid... checking whether gcc-4.7 supports -Wwrite-strings... yes
yes
yes
checking for clock... checking whether gcc-4.7 supports -Wstrict-prototypes... yes
config.status: creating gdb.arch/Makefile
yes
checking for unistd.h... (cached) yes
yes
checking whether abort is declared... checking for mempcpy... checking for clock... yes
yes
checking whether gcc-4.7 supports -Wmissing-prototypes... checking whether basename is declared... config.status: creating gdb.asm/Makefile
yes
checking for ffs... yes
configure: updating cache ./config.cache
configure: creating ./config.status
config.status: creating gdb.base/Makefile
yes
checking whether gcc-4.7 supports -Wold-style-definition... yes
yes
yes
checking for munmap... checking whether errno is declared... checking whether asprintf is declared... config.status: creating gdb.cell/Makefile
checking for ffs... yes
yes
config.status: creating gdb.cp/Makefile
checking whether gcc-4.7 supports -Wmissing-format-attribute... checking for getcwd... yes
checking for putenv... no
config.status: creating gdb.disasm/Makefile
yes
yes
yes
checking whether gcc-4.7 supports -Wcast-qual... checking whether vasprintf is declared... checking whether basename is declared... checking for getcwd... yes
checking for _Unwind_GetIPInfo... yes
yes
checking for setenv... checking for getpagesize... config.status: creating gdb.dwarf2/Makefile
yes
yes
checking __sync extensions... yes
yes
checking for getpagesize... checking whether clearerr_unlocked is declared... checking whether errno is declared... yes
yes
config.status: creating gdb.fortran/Makefile
checking for setlocale... checking for gettimeofday... yes
checking output filetype... yes
config.status: creating gdb.go/Makefile
yes
yes
no
checking for gettimeofday... checking whether feof_unlocked is declared... checking for stpcpy... checking whether vasprintf is declared... elf64
looking for a compliant stdint.h in stdint.h, checking for uintmax_t... yes
checking for index... config.status: creating gdb.server/Makefile
yes
yes
yes
checking for uintptr_t... checking whether ferror_unlocked is declared... yes
yes
checking for index... checking whether clearerr_unlocked is declared... config.status: creating gdb.java/Makefile
checking for strcasecmp... yes
yes
yes
checking whether fflush_unlocked is declared... config.status: creating gdb.hp/Makefile
checking for insque... checking for insque... yes
checking for int_least32_t... yes
yes
checking for strdup... checking whether feof_unlocked is declared... yes
config.status: creating gdb.hp/gdb.objdbg/Makefile
yes
checking for int_fast32_t... yes
checking for memchr... yes
checking whether fgetc_unlocked is declared... yes
config.status: creating gdb.hp/gdb.base-hp/Makefile
yes
checking whether ferror_unlocked is declared... checking for memchr... checking for strtoul... config.status: creating gdb.hp/gdb.aCC/Makefile
yes
yes
yes
checking for uint64_t... checking for memcmp... yes
checking whether fgets_unlocked is declared... yes
checking whether fflush_unlocked is declared... checking for memcmp... yes
config.status: creating gdb.hp/gdb.compat/Makefile
checking for tsearch... yes
checking what to include in gstdint.h... stdint.h (already complete)
checking sys/mman.h usability... yes
yes
checking for memcpy... yes
yes
config.status: creating gdb.hp/gdb.defects/Makefile
checking whether fgetc_unlocked is declared... checking for memcpy... checking whether fileno_unlocked is declared... yes
yes
checking sys/mman.h presence... checking for __argz_count... config.status: creating gdb.linespec/Makefile
yes
checking for sys/mman.h... yes
checking for mmap... yes
checking whether fgets_unlocked is declared... yes
yes
checking for memmem... yes
config.status: creating gdb.mi/Makefile
checking for memmem... checking whether fprintf_unlocked is declared... yes
yes
checking for __argz_stringify... yes
config.status: creating gdb.modula2/Makefile
checking link.h usability... yes
checking for memmove... yes
checking whether fileno_unlocked is declared... no
checking for memmove... checking whether fputc_unlocked is declared... yes
config.status: creating gdb.multi/Makefile
yes
checking link.h presence... checking for __argz_next... yes
checking for link.h... yes
checking for dl_iterate_phdr... yes
yes
yes
config.status: creating gdb.objc/Makefile
checking for mempcpy... yes
checking whether fprintf_unlocked is declared... checking for mempcpy... checking whether fputs_unlocked is declared... yes
config.status: creating gdb.opencl/Makefile
checking for __fsetlocking... yes
yes
checking for fcntl... config.status: creating gdb.opt/Makefile
checking for memset... yes
yes
checking whether fread_unlocked is declared... no
checking for memset... config.status: creating gdb.pascal/Makefile
yes
checking whether fputc_unlocked is declared... checking for iconv... yes
checking whether strnlen is declared... yes
checking for mkstemps... config.status: creating gdb.python/Makefile
yes
yes
yes
checking whether fputs_unlocked is declared... yes
checking for iconv declaration... config.status: creating Makefile
checking whether fwrite_unlocked is declared... checking for mkstemps... yes
config.status: creating config.h
yes
checking for getexecname... checking for putenv... config.status: creating gdb.reverse/Makefile
config.status: executing depfiles commands
config.status: creating Makefile
yes
yes
install-shextern size_t iconv (iconv_t cd, char * *inbuf, size_t *inbytesleft, char * *outbuf, size_t *outbytesleft);
checking for nl_langinfo and CODESET... checking whether fread_unlocked is declared... config.status: executing default-1 commands
checking for putenv... yes
yes
config.status: creating gdb.stabs/Makefile
checking whether getchar_unlocked is declared... no
checking whether tests can run... checking for random... config.status: executing libtool commands
yes
checking for LC_MESSAGES... yes
yes
checking whether fwrite_unlocked is declared... checking for random... config.status: creating gdb.threads/Makefile
yes
yes
checking whether getc_unlocked is declared... yes
checking for bison... bison
checking version of bison... yes
yes
checking whether getchar_unlocked is declared... 2.5, ok
checking whether NLS is requested... no
yes
checking whether to use NLS... no
config.status: creating gdb.trace/Makefile
checking for aclocal... aclocal
checking for autoconf... autoconf
checking for autoheader... autoheader
configure: updating cache ./config.cache
configure: creating ./config.status
checking for rename... checking for rename... yes
source='../.././../gcc/gcc-195953/libdecnumber/decContext.c' object='decContext.o' libtool=no gcc-4.7  -I../.././../gcc/gcc-195953/libdecnumber -I.  -g -O2 -W -Wall -Wwrite-strings -Wstrict-prototypes -Wmissing-prototypes -Wold-style-definition -Wmissing-format-attribute -Wcast-qual -pedantic -Wno-long-long  -I../.././../gcc/gcc-195953/libdecnumber -I.  -c ../.././../gcc/gcc-195953/libdecnumber/decContext.c
checking whether putchar_unlocked is declared... config.status: creating gdb.xml/Makefile
configure: updating cache ./config.cache
configure: creating ./config.status
yes
yes
checking whether getc_unlocked is declared... checking for rindex... yes
checking for rindex... yes
checking whether putc_unlocked is declared... config.status: executing depfiles commands
yes
yes
yes
checking whether putchar_unlocked is declared... config.status: executing libtool commands
checking for setenv... yes
checking for an ANSI C-conforming const... checking for setenv... yes
checking sys/mman.h usability... yes
source='../.././../gcc/gcc-195953/libdecnumber/dpd/decimal32.c' object='decimal32.o' libtool=no gcc-4.7  -I../.././../gcc/gcc-195953/libdecnumber -I.  -g -O2 -W -Wall -Wwrite-strings -Wstrict-prototypes -Wmissing-prototypes -Wold-style-definition -Wmissing-format-attribute -Wcast-qual -pedantic -Wno-long-long  -I../.././../gcc/gcc-195953/libdecnumber -I.  -c ../.././../gcc/gcc-195953/libdecnumber/dpd/decimal32.c
yes
config.status: creating Makefile
checking whether putc_unlocked is declared... checking for snprintf... yes
checking for snprintf... config.status: creating config.intl
yes
checking sys/mman.h presence... config.status: creating config.h
make[3]: Entering directory `/home/sparksco/android/toolchain/aosp/build/gdb-7.5.1/sim'
make[3]: Entering directory `/home/sparksco/android/toolchain/aosp/build/gcc-195953/zlib'
gcc-4.7 -DPACKAGE_NAME=\"\" -DPACKAGE_TARNAME=\"\" -DPACKAGE_VERSION=\"\" -DPACKAGE_STRING=\"\" -DPACKAGE_BUGREPORT=\"\" -DPACKAGE_URL=\"\" -DPACKAGE=\"zlib\" -DVERSION=\"1.1.4\" -DSTDC_HEADERS=1 -DHAVE_SYS_TYPES_H=1 -DHAVE_SYS_STAT_H=1 -DHAVE_STDLIB_H=1 -DHAVE_STRING_H=1 -DHAVE_MEMORY_H=1 -DHAVE_STRINGS_H=1 -DHAVE_INTTYPES_H=1 -DHAVE_STDINT_H=1 -DHAVE_UNISTD_H=1 -DHAVE_DLFCN_H=1 -DLT_OBJDIR=\".libs/\" -DHAVE_STDLIB_H=1 -DHAVE_UNISTD_H=1 -DHAVE_GETPAGESIZE=1 -DHAVE_MMAP=1 -DHAVE_MEMCPY=1 -DHAVE_STRERROR=1 -DHAVE_UNISTD_H=1 -I. -I../.././../gcc/gcc-195953/zlib     -g -O2 -c -o libz_a-adler32.o `test -f 'adler32.c' || echo '../.././../gcc/gcc-195953/zlib/'`adler32.c
config.status: executing default-1 commands
yes
checking for an ANSI C-conforming const... yes
checking for sys/mman.h... yes
checking for mmap... make[4]: Entering directory `/home/sparksco/android/toolchain/aosp/build/gdb-7.5.1/sim/arm'
rm -f tmp-hw.h
yes
echo "/* generated by Makefile */" > tmp-hw.h
sim_hw=""; \
	for hw in $sim_hw ; do \
	  echo "extern const struct hw_descriptor dv_${hw}_descriptor[];" ; \
	done >> tmp-hw.h
checking for sigsetmask... echo "const struct hw_descriptor *hw_descriptors[] = {" >> tmp-hw.h
yes
sim_hw=""; \
	for hw in $sim_hw ; do \
	  echo "  dv_${hw}_descriptor," ; \
	done >> tmp-hw.h
yes
checking sys/mman.h usability... echo "  NULL," >> tmp-hw.h
echo "};" >> tmp-hw.h
checking for sigsetmask... mv tmp-hw.h hw-config.h
gcc-4.7 ../../.././../gdb/gdb-7.5.1/sim/arm/../common/gentmap.c -o gentmap -g -O -I. -I../../.././../gdb/gdb-7.5.1/sim/arm -I../common -I../../.././../gdb/gdb-7.5.1/sim/arm/../common -I../../include -I../../.././../gdb/gdb-7.5.1/sim/arm/../../include -I../../bfd -I../../.././../gdb/gdb-7.5.1/sim/arm/../../bfd -I../../opcodes -I../../.././../gdb/gdb-7.5.1/sim/arm/../../opcodes  
source='../.././../gcc/gcc-195953/libdecnumber/dpd/decimal64.c' object='decimal64.o' libtool=no gcc-4.7  -I../.././../gcc/gcc-195953/libdecnumber -I.  -g -O2 -W -Wall -Wwrite-strings -Wstrict-prototypes -Wmissing-prototypes -Wold-style-definition -Wmissing-format-attribute -Wcast-qual -pedantic -Wno-long-long  -I../.././../gcc/gcc-195953/libdecnumber -I.  -c ../.././../gcc/gcc-195953/libdecnumber/dpd/decimal64.c
yes
checking whether read-only mmap of a plain file works... yes
checking whether mmap from /dev/zero works... yes
checking for MAP_ANON(YMOUS)... yes
gcc-4.7 -DPACKAGE_NAME=\"\" -DPACKAGE_TARNAME=\"\" -DPACKAGE_VERSION=\"\" -DPACKAGE_STRING=\"\" -DPACKAGE_BUGREPORT=\"\" -DPACKAGE_URL=\"\" -DPACKAGE=\"zlib\" -DVERSION=\"1.1.4\" -DSTDC_HEADERS=1 -DHAVE_SYS_TYPES_H=1 -DHAVE_SYS_STAT_H=1 -DHAVE_STDLIB_H=1 -DHAVE_STRING_H=1 -DHAVE_MEMORY_H=1 -DHAVE_STRINGS_H=1 -DHAVE_INTTYPES_H=1 -DHAVE_STDINT_H=1 -DHAVE_UNISTD_H=1 -DHAVE_DLFCN_H=1 -DLT_OBJDIR=\".libs/\" -DHAVE_STDLIB_H=1 -DHAVE_UNISTD_H=1 -DHAVE_GETPAGESIZE=1 -DHAVE_MMAP=1 -DHAVE_MEMCPY=1 -DHAVE_STRERROR=1 -DHAVE_UNISTD_H=1 -I. -I../.././../gcc/gcc-195953/zlib     -g -O2 -c -o libz_a-compress.o `test -f 'compress.c' || echo '../.././../gcc/gcc-195953/zlib/'`compress.c
yes
checking sys/mman.h presence... checking for stpcpy... yes
yes
checking for sys/mman.h... yes
checking for mmap... yes
checking whether mmap with MAP_ANON(YMOUS) works... yes
checking whether to enable maintainer-specific portions of Makefiles... no
make[3]: Entering directory `/home/sparksco/android/toolchain/aosp/build/gcc-195953/intl'
make[3]: Nothing to be done for `all'.
make[3]: Leaving directory `/home/sparksco/android/toolchain/aosp/build/gcc-195953/intl'
source='../.././../gcc/gcc-195953/libdecnumber/dpd/decimal128.c' object='decimal128.o' libtool=no gcc-4.7  -I../.././../gcc/gcc-195953/libdecnumber -I.  -g -O2 -W -Wall -Wwrite-strings -Wstrict-prototypes -Wmissing-prototypes -Wold-style-definition -Wmissing-format-attribute -Wcast-qual -pedantic -Wno-long-long  -I../.././../gcc/gcc-195953/libdecnumber -I.  -c ../.././../gcc/gcc-195953/libdecnumber/dpd/decimal128.c
checking for stpcpy... gcc-4.7 -DPACKAGE_NAME=\"\" -DPACKAGE_TARNAME=\"\" -DPACKAGE_VERSION=\"\" -DPACKAGE_STRING=\"\" -DPACKAGE_BUGREPORT=\"\" -DPACKAGE_URL=\"\" -DPACKAGE=\"zlib\" -DVERSION=\"1.1.4\" -DSTDC_HEADERS=1 -DHAVE_SYS_TYPES_H=1 -DHAVE_SYS_STAT_H=1 -DHAVE_STDLIB_H=1 -DHAVE_STRING_H=1 -DHAVE_MEMORY_H=1 -DHAVE_STRINGS_H=1 -DHAVE_INTTYPES_H=1 -DHAVE_STDINT_H=1 -DHAVE_UNISTD_H=1 -DHAVE_DLFCN_H=1 -DLT_OBJDIR=\".libs/\" -DHAVE_STDLIB_H=1 -DHAVE_UNISTD_H=1 -DHAVE_GETPAGESIZE=1 -DHAVE_MMAP=1 -DHAVE_MEMCPY=1 -DHAVE_STRERROR=1 -DHAVE_UNISTD_H=1 -I. -I../.././../gcc/gcc-195953/zlib     -g -O2 -c -o libz_a-crc32.o `test -f 'crc32.c' || echo '../.././../gcc/gcc-195953/zlib/'`crc32.c
rm -f version.c-tmp version.c
echo '#include "version.h"' >> version.c-tmp
gcc-4.7 -DPACKAGE_NAME=\"\" -DPACKAGE_TARNAME=\"\" -DPACKAGE_VERSION=\"\" -DPACKAGE_STRING=\"\" -DPACKAGE_BUGREPORT=\"\" -DPACKAGE_URL=\"\" -DPACKAGE=\"zlib\" -DVERSION=\"1.1.4\" -DSTDC_HEADERS=1 -DHAVE_SYS_TYPES_H=1 -DHAVE_SYS_STAT_H=1 -DHAVE_STDLIB_H=1 -DHAVE_STRING_H=1 -DHAVE_MEMORY_H=1 -DHAVE_STRINGS_H=1 -DHAVE_INTTYPES_H=1 -DHAVE_STDINT_H=1 -DHAVE_UNISTD_H=1 -DHAVE_DLFCN_H=1 -DLT_OBJDIR=\".libs/\" -DHAVE_STDLIB_H=1 -DHAVE_UNISTD_H=1 -DHAVE_GETPAGESIZE=1 -DHAVE_MMAP=1 -DHAVE_MEMCPY=1 -DHAVE_STRERROR=1 -DHAVE_UNISTD_H=1 -I. -I../.././../gcc/gcc-195953/zlib     -g -O2 -c -o libz_a-deflate.o `test -f 'deflate.c' || echo '../.././../gcc/gcc-195953/zlib/'`deflate.c
yes
echo 'const char version[] = "'"`sed q ../../.././../gdb/gdb-7.5.1/sim/arm/../../gdb/version.in`"'";' >> version.c-tmp
mv version.c-tmp version.c
configure: updating cache ./config.cache
checking for stpncpy... configure: creating ./config.status
rm -f tmp-tvals.h tmp-tmap.c
yes
checking whether read-only mmap of a plain file works... yes
checking whether mmap from /dev/zero works... yes
checking for MAP_ANON(YMOUS)... ./gentmap -h >tmp-tvals.h
/bin/bash ../../.././../gdb/gdb-7.5.1/sim/arm/../../move-if-change tmp-tvals.h targ-vals.h
./gentmap -c >tmp-tmap.c
/bin/bash ../../.././../gdb/gdb-7.5.1/sim/arm/../../move-if-change tmp-tmap.c targ-map.c
yes
touch stamp-tvals
yes
checking whether mmap with MAP_ANON(YMOUS) works... yes
checking whether to enable maintainer-specific portions of Makefiles... no
checking for stpncpy... gcc-4.7 -DHAVE_CONFIG_H     -DPROFILE=1 -DWITH_PROFILE=-1          -DDEFAULT_INLINE=0           -DMODET -DNEED_UI_LOOP_HOOK -DSIM_TARGET_SWITCHES   -I. -I../../.././../gdb/gdb-7.5.1/sim/arm -I../common -I../../.././../gdb/gdb-7.5.1/sim/arm/../common -I../../include -I../../.././../gdb/gdb-7.5.1/sim/arm/../../include -I../../bfd -I../../.././../gdb/gdb-7.5.1/sim/arm/../../bfd -I../../opcodes -I../../.././../gdb/gdb-7.5.1/sim/arm/../../opcodes  -g -O2 -c -o callback.o -MT callback.o -MMD -MP -MF .deps/callback.Tpo ../../.././../gdb/gdb-7.5.1/sim/arm/../common/callback.c
yes
configure: updating cache ../config.cache
configure: creating ./config.status
checking for strcasecmp... yes
gcc-4.7 -DHAVE_CONFIG_H     -DPROFILE=1 -DWITH_PROFILE=-1          -DDEFAULT_INLINE=0           -DMODET -DNEED_UI_LOOP_HOOK -DSIM_TARGET_SWITCHES   -I. -I../../.././../gdb/gdb-7.5.1/sim/arm -I../common -I../../.././../gdb/gdb-7.5.1/sim/arm/../common -I../../include -I../../.././../gdb/gdb-7.5.1/sim/arm/../../include -I../../bfd -I../../.././../gdb/gdb-7.5.1/sim/arm/../../bfd -I../../opcodes -I../../.././../gdb/gdb-7.5.1/sim/arm/../../opcodes  -g -O2 -c -o syscall.o -MT syscall.o -MMD -MP -MF .deps/syscall.Tpo ../../.././../gdb/gdb-7.5.1/sim/arm/../common/syscall.c
checking for strcasecmp... yes
gcc-4.7 -DPACKAGE_NAME=\"\" -DPACKAGE_TARNAME=\"\" -DPACKAGE_VERSION=\"\" -DPACKAGE_STRING=\"\" -DPACKAGE_BUGREPORT=\"\" -DPACKAGE_URL=\"\" -DPACKAGE=\"zlib\" -DVERSION=\"1.1.4\" -DSTDC_HEADERS=1 -DHAVE_SYS_TYPES_H=1 -DHAVE_SYS_STAT_H=1 -DHAVE_STDLIB_H=1 -DHAVE_STRING_H=1 -DHAVE_MEMORY_H=1 -DHAVE_STRINGS_H=1 -DHAVE_INTTYPES_H=1 -DHAVE_STDINT_H=1 -DHAVE_UNISTD_H=1 -DHAVE_DLFCN_H=1 -DLT_OBJDIR=\".libs/\" -DHAVE_STDLIB_H=1 -DHAVE_UNISTD_H=1 -DHAVE_GETPAGESIZE=1 -DHAVE_MMAP=1 -DHAVE_MEMCPY=1 -DHAVE_STRERROR=1 -DHAVE_UNISTD_H=1 -I. -I../.././../gcc/gcc-195953/zlib     -g -O2 -c -o libz_a-gzread.o `test -f 'gzread.c' || echo '../.././../gcc/gcc-195953/zlib/'`gzread.c
config.status: creating Makefile
checking for strchr... rm -f libdecnumber.a
config.status: creating mkheaders.almost
ar cru libdecnumber.a decNumber.o decContext.o decimal32.o decimal64.o decimal128.o 
ranlib libdecnumber.a
make[3]: Leaving directory `/home/sparksco/android/toolchain/aosp/build/gcc-195953/libdecnumber'
yes
gcc-4.7 -DHAVE_CONFIG_H     -DPROFILE=1 -DWITH_PROFILE=-1          -DDEFAULT_INLINE=0           -DMODET -DNEED_UI_LOOP_HOOK -DSIM_TARGET_SWITCHES   -I. -I../../.././../gdb/gdb-7.5.1/sim/arm -I../common -I../../.././../gdb/gdb-7.5.1/sim/arm/../common -I../../include -I../../.././../gdb/gdb-7.5.1/sim/arm/../../include -I../../bfd -I../../.././../gdb/gdb-7.5.1/sim/arm/../../bfd -I../../opcodes -I../../.././../gdb/gdb-7.5.1/sim/arm/../../opcodes  -g -O2 -c -o targ-map.o -MT targ-map.o -MMD -MP -MF .deps/targ-map.Tpo targ-map.c
config.status: creating config.h
checking for strchr... yes
checking for strdup... gcc-4.7 -DHAVE_CONFIG_H     -DPROFILE=1 -DWITH_PROFILE=-1          -DDEFAULT_INLINE=0           -DMODET -DNEED_UI_LOOP_HOOK -DSIM_TARGET_SWITCHES   -I. -I../../.././../gdb/gdb-7.5.1/sim/arm -I../common -I../../.././../gdb/gdb-7.5.1/sim/arm/../common -I../../include -I../../.././../gdb/gdb-7.5.1/sim/arm/../../include -I../../bfd -I../../.././../gdb/gdb-7.5.1/sim/arm/../../bfd -I../../opcodes -I../../.././../gdb/gdb-7.5.1/sim/arm/../../opcodes  -g -O2 -c -o version.o -MT version.o -MMD -MP -MF .deps/version.Tpo version.c
yes
gcc-4.7 -c ../../.././../gdb/gdb-7.5.1/sim/arm/armemu.c -o armemu26.o -DHAVE_CONFIG_H     -DPROFILE=1 -DWITH_PROFILE=-1          -DDEFAULT_INLINE=0           -DMODET -DNEED_UI_LOOP_HOOK -DSIM_TARGET_SWITCHES   -I. -I../../.././../gdb/gdb-7.5.1/sim/arm -I../common -I../../.././../gdb/gdb-7.5.1/sim/arm/../common -I../../include -I../../.././../gdb/gdb-7.5.1/sim/arm/../../include -I../../bfd -I../../.././../gdb/gdb-7.5.1/sim/arm/../../bfd -I../../opcodes -I../../.././../gdb/gdb-7.5.1/sim/arm/../../opcodes  -g -O2
gcc-4.7 -c ../../.././../gdb/gdb-7.5.1/sim/arm/armemu.c -o armemu32.o -DMODE32 -DHAVE_CONFIG_H     -DPROFILE=1 -DWITH_PROFILE=-1          -DDEFAULT_INLINE=0           -DMODET -DNEED_UI_LOOP_HOOK -DSIM_TARGET_SWITCHES   -I. -I../../.././../gdb/gdb-7.5.1/sim/arm -I../common -I../../.././../gdb/gdb-7.5.1/sim/arm/../common -I../../include -I../../.././../gdb/gdb-7.5.1/sim/arm/../../include -I../../bfd -I../../.././../gdb/gdb-7.5.1/sim/arm/../../bfd -I../../opcodes -I../../.././../gdb/gdb-7.5.1/sim/arm/../../opcodes  -g -O2
gcc-4.7 -DPACKAGE_NAME=\"\" -DPACKAGE_TARNAME=\"\" -DPACKAGE_VERSION=\"\" -DPACKAGE_STRING=\"\" -DPACKAGE_BUGREPORT=\"\" -DPACKAGE_URL=\"\" -DPACKAGE=\"zlib\" -DVERSION=\"1.1.4\" -DSTDC_HEADERS=1 -DHAVE_SYS_TYPES_H=1 -DHAVE_SYS_STAT_H=1 -DHAVE_STDLIB_H=1 -DHAVE_STRING_H=1 -DHAVE_MEMORY_H=1 -DHAVE_STRINGS_H=1 -DHAVE_INTTYPES_H=1 -DHAVE_STDINT_H=1 -DHAVE_UNISTD_H=1 -DHAVE_DLFCN_H=1 -DLT_OBJDIR=\".libs/\" -DHAVE_STDLIB_H=1 -DHAVE_UNISTD_H=1 -DHAVE_GETPAGESIZE=1 -DHAVE_MMAP=1 -DHAVE_MEMCPY=1 -DHAVE_STRERROR=1 -DHAVE_UNISTD_H=1 -I. -I../.././../gcc/gcc-195953/zlib     -g -O2 -c -o libz_a-gzclose.o `test -f 'gzclose.c' || echo '../.././../gcc/gcc-195953/zlib/'`gzclose.c
checking for strdup... yes
../../.././../gdb/gdb-7.5.1/sim/arm/armemu.c: In function ‘ARMul_Emulate26’:
../../.././../gdb/gdb-7.5.1/sim/arm/armemu.c:632:10: warning: format ‘%lx’ expects argument of type ‘long unsigned int’, but argument 3 has type ‘ARMword’ [-Wformat]
../../.././../gdb/gdb-7.5.1/sim/arm/armemu.c:632:10: warning: format ‘%lx’ expects argument of type ‘long unsigned int’, but argument 4 has type ‘ARMword’ [-Wformat]
../../.././../gdb/gdb-7.5.1/sim/arm/armemu.c:632:10: warning: format ‘%lx’ expects argument of type ‘long unsigned int’, but argument 5 has type ‘ARMword’ [-Wformat]
../../.././../gdb/gdb-7.5.1/sim/arm/armemu.c: In function ‘ARMul_Emulate32’:
../../.././../gdb/gdb-7.5.1/sim/arm/armemu.c:632:10: warning: format ‘%lx’ expects argument of type ‘long unsigned int’, but argument 3 has type ‘ARMword’ [-Wformat]
../../.././../gdb/gdb-7.5.1/sim/arm/armemu.c:632:10: warning: format ‘%lx’ expects argument of type ‘long unsigned int’, but argument 4 has type ‘ARMword’ [-Wformat]
../../.././../gdb/gdb-7.5.1/sim/arm/armemu.c:632:10: warning: format ‘%lx’ expects argument of type ‘long unsigned int’, but argument 5 has type ‘ARMword’ [-Wformat]
checking for strncasecmp... gcc-4.7 -DHAVE_CONFIG_H     -DPROFILE=1 -DWITH_PROFILE=-1          -DDEFAULT_INLINE=0           -DMODET -DNEED_UI_LOOP_HOOK -DSIM_TARGET_SWITCHES   -I. -I../../.././../gdb/gdb-7.5.1/sim/arm -I../common -I../../.././../gdb/gdb-7.5.1/sim/arm/../common -I../../include -I../../.././../gdb/gdb-7.5.1/sim/arm/../../include -I../../bfd -I../../.././../gdb/gdb-7.5.1/sim/arm/../../bfd -I../../opcodes -I../../.././../gdb/gdb-7.5.1/sim/arm/../../opcodes  -g -O2 -c -o arminit.o -MT arminit.o -MMD -MP -MF .deps/arminit.Tpo ../../.././../gdb/gdb-7.5.1/sim/arm/arminit.c
config.status: creating Makefile
yes
config.status: creating mkheaders.almost
gcc-4.7 -DHAVE_CONFIG_H     -DPROFILE=1 -DWITH_PROFILE=-1          -DDEFAULT_INLINE=0           -DMODET -DNEED_UI_LOOP_HOOK -DSIM_TARGET_SWITCHES   -I. -I../../.././../gdb/gdb-7.5.1/sim/arm -I../common -I../../.././../gdb/gdb-7.5.1/sim/arm/../common -I../../include -I../../.././../gdb/gdb-7.5.1/sim/arm/../../include -I../../bfd -I../../.././../gdb/gdb-7.5.1/sim/arm/../../bfd -I../../opcodes -I../../.././../gdb/gdb-7.5.1/sim/arm/../../opcodes  -g -O2 -c -o armos.o -MT armos.o -MMD -MP -MF .deps/armos.Tpo ../../.././../gdb/gdb-7.5.1/sim/arm/armos.c
checking for strncasecmp... config.status: creating config.h
yes
checking for strndup... gcc-4.7 -DPACKAGE_NAME=\"\" -DPACKAGE_TARNAME=\"\" -DPACKAGE_VERSION=\"\" -DPACKAGE_STRING=\"\" -DPACKAGE_BUGREPORT=\"\" -DPACKAGE_URL=\"\" -DPACKAGE=\"zlib\" -DVERSION=\"1.1.4\" -DSTDC_HEADERS=1 -DHAVE_SYS_TYPES_H=1 -DHAVE_SYS_STAT_H=1 -DHAVE_STDLIB_H=1 -DHAVE_STRING_H=1 -DHAVE_MEMORY_H=1 -DHAVE_STRINGS_H=1 -DHAVE_INTTYPES_H=1 -DHAVE_STDINT_H=1 -DHAVE_UNISTD_H=1 -DHAVE_DLFCN_H=1 -DLT_OBJDIR=\".libs/\" -DHAVE_STDLIB_H=1 -DHAVE_UNISTD_H=1 -DHAVE_GETPAGESIZE=1 -DHAVE_MMAP=1 -DHAVE_MEMCPY=1 -DHAVE_STRERROR=1 -DHAVE_UNISTD_H=1 -I. -I../.././../gcc/gcc-195953/zlib     -g -O2 -c -o libz_a-gzwrite.o `test -f 'gzwrite.c' || echo '../.././../gcc/gcc-195953/zlib/'`gzwrite.c
yes
../../.././../gdb/gdb-7.5.1/sim/arm/armos.c: In function ‘ARMul_OSHandleSWI’:
../../.././../gdb/gdb-7.5.1/sim/arm/armos.c:845:12: warning: cast to pointer from integer of different size [-Wint-to-pointer-cast]
gcc-4.7 -DPACKAGE_NAME=\"\" -DPACKAGE_TARNAME=\"\" -DPACKAGE_VERSION=\"\" -DPACKAGE_STRING=\"\" -DPACKAGE_BUGREPORT=\"\" -DPACKAGE_URL=\"\" -DPACKAGE=\"zlib\" -DVERSION=\"1.1.4\" -DSTDC_HEADERS=1 -DHAVE_SYS_TYPES_H=1 -DHAVE_SYS_STAT_H=1 -DHAVE_STDLIB_H=1 -DHAVE_STRING_H=1 -DHAVE_MEMORY_H=1 -DHAVE_STRINGS_H=1 -DHAVE_INTTYPES_H=1 -DHAVE_STDINT_H=1 -DHAVE_UNISTD_H=1 -DHAVE_DLFCN_H=1 -DLT_OBJDIR=\".libs/\" -DHAVE_STDLIB_H=1 -DHAVE_UNISTD_H=1 -DHAVE_GETPAGESIZE=1 -DHAVE_MMAP=1 -DHAVE_MEMCPY=1 -DHAVE_STRERROR=1 -DHAVE_UNISTD_H=1 -I. -I../.././../gcc/gcc-195953/zlib     -g -O2 -c -o libz_a-gzlib.o `test -f 'gzlib.c' || echo '../.././../gcc/gcc-195953/zlib/'`gzlib.c
checking for strndup... gcc-4.7 -DHAVE_CONFIG_H     -DPROFILE=1 -DWITH_PROFILE=-1          -DDEFAULT_INLINE=0           -DMODET -DNEED_UI_LOOP_HOOK -DSIM_TARGET_SWITCHES   -I. -I../../.././../gdb/gdb-7.5.1/sim/arm -I../common -I../../.././../gdb/gdb-7.5.1/sim/arm/../common -I../../include -I../../.././../gdb/gdb-7.5.1/sim/arm/../../include -I../../bfd -I../../.././../gdb/gdb-7.5.1/sim/arm/../../bfd -I../../opcodes -I../../.././../gdb/gdb-7.5.1/sim/arm/../../opcodes  -g -O2 -c -o armsupp.o -MT armsupp.o -MMD -MP -MF .deps/armsupp.Tpo ../../.././../gdb/gdb-7.5.1/sim/arm/armsupp.c
yes
yes
checking for strnlen... checking for strnlen... gcc-4.7 -DPACKAGE_NAME=\"\" -DPACKAGE_TARNAME=\"\" -DPACKAGE_VERSION=\"\" -DPACKAGE_STRING=\"\" -DPACKAGE_BUGREPORT=\"\" -DPACKAGE_URL=\"\" -DPACKAGE=\"zlib\" -DVERSION=\"1.1.4\" -DSTDC_HEADERS=1 -DHAVE_SYS_TYPES_H=1 -DHAVE_SYS_STAT_H=1 -DHAVE_STDLIB_H=1 -DHAVE_STRING_H=1 -DHAVE_MEMORY_H=1 -DHAVE_STRINGS_H=1 -DHAVE_INTTYPES_H=1 -DHAVE_STDINT_H=1 -DHAVE_UNISTD_H=1 -DHAVE_DLFCN_H=1 -DLT_OBJDIR=\".libs/\" -DHAVE_STDLIB_H=1 -DHAVE_UNISTD_H=1 -DHAVE_GETPAGESIZE=1 -DHAVE_MMAP=1 -DHAVE_MEMCPY=1 -DHAVE_STRERROR=1 -DHAVE_UNISTD_H=1 -I. -I../.././../gcc/gcc-195953/zlib     -g -O2 -c -o libz_a-infback.o `test -f 'infback.c' || echo '../.././../gcc/gcc-195953/zlib/'`infback.c
gcc-4.7 -DPACKAGE_NAME=\"\" -DPACKAGE_TARNAME=\"\" -DPACKAGE_VERSION=\"\" -DPACKAGE_STRING=\"\" -DPACKAGE_BUGREPORT=\"\" -DPACKAGE_URL=\"\" -DPACKAGE=\"zlib\" -DVERSION=\"1.1.4\" -DSTDC_HEADERS=1 -DHAVE_SYS_TYPES_H=1 -DHAVE_SYS_STAT_H=1 -DHAVE_STDLIB_H=1 -DHAVE_STRING_H=1 -DHAVE_MEMORY_H=1 -DHAVE_STRINGS_H=1 -DHAVE_INTTYPES_H=1 -DHAVE_STDINT_H=1 -DHAVE_UNISTD_H=1 -DHAVE_DLFCN_H=1 -DLT_OBJDIR=\".libs/\" -DHAVE_STDLIB_H=1 -DHAVE_UNISTD_H=1 -DHAVE_GETPAGESIZE=1 -DHAVE_MMAP=1 -DHAVE_MEMCPY=1 -DHAVE_STRERROR=1 -DHAVE_UNISTD_H=1 -I. -I../.././../gcc/gcc-195953/zlib     -g -O2 -c -o libz_a-inffast.o `test -f 'inffast.c' || echo '../.././../gcc/gcc-195953/zlib/'`inffast.c
yes
gcc-4.7 -DHAVE_CONFIG_H     -DPROFILE=1 -DWITH_PROFILE=-1          -DDEFAULT_INLINE=0           -DMODET -DNEED_UI_LOOP_HOOK -DSIM_TARGET_SWITCHES   -I. -I../../.././../gdb/gdb-7.5.1/sim/arm -I../common -I../../.././../gdb/gdb-7.5.1/sim/arm/../common -I../../include -I../../.././../gdb/gdb-7.5.1/sim/arm/../../include -I../../bfd -I../../.././../gdb/gdb-7.5.1/sim/arm/../../bfd -I../../opcodes -I../../.././../gdb/gdb-7.5.1/sim/arm/../../opcodes  -g -O2 -c -o armvirt.o -MT armvirt.o -MMD -MP -MF .deps/armvirt.Tpo ../../.././../gdb/gdb-7.5.1/sim/arm/armvirt.c
yes
checking for strrchr... gcc-4.7 -DHAVE_CONFIG_H     -DPROFILE=1 -DWITH_PROFILE=-1          -DDEFAULT_INLINE=0           -DMODET -DNEED_UI_LOOP_HOOK -DSIM_TARGET_SWITCHES   -I. -I../../.././../gdb/gdb-7.5.1/sim/arm -I../common -I../../.././../gdb/gdb-7.5.1/sim/arm/../common -I../../include -I../../.././../gdb/gdb-7.5.1/sim/arm/../../include -I../../bfd -I../../.././../gdb/gdb-7.5.1/sim/arm/../../bfd -I../../opcodes -I../../.././../gdb/gdb-7.5.1/sim/arm/../../opcodes  -g -O2 -c -o bag.o -MT bag.o -MMD -MP -MF .deps/bag.Tpo ../../.././../gdb/gdb-7.5.1/sim/arm/bag.c
checking for strrchr... gcc-4.7 -DHAVE_CONFIG_H     -DPROFILE=1 -DWITH_PROFILE=-1          -DDEFAULT_INLINE=0           -DMODET -DNEED_UI_LOOP_HOOK -DSIM_TARGET_SWITCHES   -I. -I../../.././../gdb/gdb-7.5.1/sim/arm -I../common -I../../.././../gdb/gdb-7.5.1/sim/arm/../common -I../../include -I../../.././../gdb/gdb-7.5.1/sim/arm/../../include -I../../bfd -I../../.././../gdb/gdb-7.5.1/sim/arm/../../bfd -I../../opcodes -I../../.././../gdb/gdb-7.5.1/sim/arm/../../opcodes  -g -O2 -c -o thumbemu.o -MT thumbemu.o -MMD -MP -MF .deps/thumbemu.Tpo ../../.././../gdb/gdb-7.5.1/sim/arm/thumbemu.c
config.status: creating Makefile
yes
yes
gcc-4.7 -DPACKAGE_NAME=\"\" -DPACKAGE_TARNAME=\"\" -DPACKAGE_VERSION=\"\" -DPACKAGE_STRING=\"\" -DPACKAGE_BUGREPORT=\"\" -DPACKAGE_URL=\"\" -DPACKAGE=\"zlib\" -DVERSION=\"1.1.4\" -DSTDC_HEADERS=1 -DHAVE_SYS_TYPES_H=1 -DHAVE_SYS_STAT_H=1 -DHAVE_STDLIB_H=1 -DHAVE_STRING_H=1 -DHAVE_MEMORY_H=1 -DHAVE_STRINGS_H=1 -DHAVE_INTTYPES_H=1 -DHAVE_STDINT_H=1 -DHAVE_UNISTD_H=1 -DHAVE_DLFCN_H=1 -DLT_OBJDIR=\".libs/\" -DHAVE_STDLIB_H=1 -DHAVE_UNISTD_H=1 -DHAVE_GETPAGESIZE=1 -DHAVE_MMAP=1 -DHAVE_MEMCPY=1 -DHAVE_STRERROR=1 -DHAVE_UNISTD_H=1 -I. -I../.././../gcc/gcc-195953/zlib     -g -O2 -c -o libz_a-inflate.o `test -f 'inflate.c' || echo '../.././../gcc/gcc-195953/zlib/'`inflate.c
config.status: creating backtrace-supported.h
checking for strstr... checking for strstr... gcc-4.7 -DPACKAGE_NAME=\"\" -DPACKAGE_TARNAME=\"\" -DPACKAGE_VERSION=\"\" -DPACKAGE_STRING=\"\" -DPACKAGE_BUGREPORT=\"\" -DPACKAGE_URL=\"\" -DPACKAGE=\"zlib\" -DVERSION=\"1.1.4\" -DSTDC_HEADERS=1 -DHAVE_SYS_TYPES_H=1 -DHAVE_SYS_STAT_H=1 -DHAVE_STDLIB_H=1 -DHAVE_STRING_H=1 -DHAVE_MEMORY_H=1 -DHAVE_STRINGS_H=1 -DHAVE_INTTYPES_H=1 -DHAVE_STDINT_H=1 -DHAVE_UNISTD_H=1 -DHAVE_DLFCN_H=1 -DLT_OBJDIR=\".libs/\" -DHAVE_STDLIB_H=1 -DHAVE_UNISTD_H=1 -DHAVE_GETPAGESIZE=1 -DHAVE_MMAP=1 -DHAVE_MEMCPY=1 -DHAVE_STRERROR=1 -DHAVE_UNISTD_H=1 -I. -I../.././../gcc/gcc-195953/zlib     -g -O2 -c -o libz_a-inftrees.o `test -f 'inftrees.c' || echo '../.././../gcc/gcc-195953/zlib/'`inftrees.c
config.status: creating config.h
gcc-4.7 -DPACKAGE_NAME=\"\" -DPACKAGE_TARNAME=\"\" -DPACKAGE_VERSION=\"\" -DPACKAGE_STRING=\"\" -DPACKAGE_BUGREPORT=\"\" -DPACKAGE_URL=\"\" -DPACKAGE=\"zlib\" -DVERSION=\"1.1.4\" -DSTDC_HEADERS=1 -DHAVE_SYS_TYPES_H=1 -DHAVE_SYS_STAT_H=1 -DHAVE_STDLIB_H=1 -DHAVE_STRING_H=1 -DHAVE_MEMORY_H=1 -DHAVE_STRINGS_H=1 -DHAVE_INTTYPES_H=1 -DHAVE_STDINT_H=1 -DHAVE_UNISTD_H=1 -DHAVE_DLFCN_H=1 -DLT_OBJDIR=\".libs/\" -DHAVE_STDLIB_H=1 -DHAVE_UNISTD_H=1 -DHAVE_GETPAGESIZE=1 -DHAVE_MMAP=1 -DHAVE_MEMCPY=1 -DHAVE_STRERROR=1 -DHAVE_UNISTD_H=1 -I. -I../.././../gcc/gcc-195953/zlib     -g -O2 -c -o libz_a-trees.o `test -f 'trees.c' || echo '../.././../gcc/gcc-195953/zlib/'`trees.c
config.status: executing libtool commands
yes
yes
checking for strtod... gcc-4.7 -DPACKAGE_NAME=\"\" -DPACKAGE_TARNAME=\"\" -DPACKAGE_VERSION=\"\" -DPACKAGE_STRING=\"\" -DPACKAGE_BUGREPORT=\"\" -DPACKAGE_URL=\"\" -DPACKAGE=\"zlib\" -DVERSION=\"1.1.4\" -DSTDC_HEADERS=1 -DHAVE_SYS_TYPES_H=1 -DHAVE_SYS_STAT_H=1 -DHAVE_STDLIB_H=1 -DHAVE_STRING_H=1 -DHAVE_MEMORY_H=1 -DHAVE_STRINGS_H=1 -DHAVE_INTTYPES_H=1 -DHAVE_STDINT_H=1 -DHAVE_UNISTD_H=1 -DHAVE_DLFCN_H=1 -DLT_OBJDIR=\".libs/\" -DHAVE_STDLIB_H=1 -DHAVE_UNISTD_H=1 -DHAVE_GETPAGESIZE=1 -DHAVE_MMAP=1 -DHAVE_MEMCPY=1 -DHAVE_STRERROR=1 -DHAVE_UNISTD_H=1 -I. -I../.././../gcc/gcc-195953/zlib     -g -O2 -c -o libz_a-uncompr.o `test -f 'uncompr.c' || echo '../.././../gcc/gcc-195953/zlib/'`uncompr.c
checking for strtod... config.status: executing gstdint.h commands
gcc-4.7 -DHAVE_CONFIG_H     -DPROFILE=1 -DWITH_PROFILE=-1          -DDEFAULT_INLINE=0           -DMODET -DNEED_UI_LOOP_HOOK -DSIM_TARGET_SWITCHES   -I. -I../../.././../gdb/gdb-7.5.1/sim/arm -I../common -I../../.././../gdb/gdb-7.5.1/sim/arm/../common -I../../include -I../../.././../gdb/gdb-7.5.1/sim/arm/../../include -I../../bfd -I../../.././../gdb/gdb-7.5.1/sim/arm/../../bfd -I../../opcodes -I../../.././../gdb/gdb-7.5.1/sim/arm/../../opcodes  -g -O2 -c -o wrapper.o -MT wrapper.o -MMD -MP -MF .deps/wrapper.Tpo ../../.././../gdb/gdb-7.5.1/sim/arm/wrapper.c
gcc-4.7 -DPACKAGE_NAME=\"\" -DPACKAGE_TARNAME=\"\" -DPACKAGE_VERSION=\"\" -DPACKAGE_STRING=\"\" -DPACKAGE_BUGREPORT=\"\" -DPACKAGE_URL=\"\" -DPACKAGE=\"zlib\" -DVERSION=\"1.1.4\" -DSTDC_HEADERS=1 -DHAVE_SYS_TYPES_H=1 -DHAVE_SYS_STAT_H=1 -DHAVE_STDLIB_H=1 -DHAVE_STRING_H=1 -DHAVE_MEMORY_H=1 -DHAVE_STRINGS_H=1 -DHAVE_INTTYPES_H=1 -DHAVE_STDINT_H=1 -DHAVE_UNISTD_H=1 -DHAVE_DLFCN_H=1 -DLT_OBJDIR=\".libs/\" -DHAVE_STDLIB_H=1 -DHAVE_UNISTD_H=1 -DHAVE_GETPAGESIZE=1 -DHAVE_MMAP=1 -DHAVE_MEMCPY=1 -DHAVE_STRERROR=1 -DHAVE_UNISTD_H=1 -I. -I../.././../gcc/gcc-195953/zlib     -g -O2 -c -o libz_a-zutil.o `test -f 'zutil.c' || echo '../.././../gcc/gcc-195953/zlib/'`zutil.c
config.status: executing default commands
yes
true "AR_FLAGS=rc" "CC_FOR_BUILD=gcc-4.7" "CFLAGS=-g -O2" "CXXFLAGS=-g -O2" "CFLAGS_FOR_BUILD=-g -O2" "CFLAGS_FOR_TARGET=-O2 -Os -g -DTARGET_POSIX_IO -fno-short-enums" "INSTALL=/usr/bin/install -c" "INSTALL_DATA=/usr/bin/install -c -m 644" "INSTALL_PROGRAM=/usr/bin/install -c" "INSTALL_SCRIPT=/usr/bin/install -c" "LDFLAGS=-static-libstdc++ -static-libgcc " "LIBCFLAGS=-g -O2" "LIBCFLAGS_FOR_TARGET=-O2 -Os -g -DTARGET_POSIX_IO -fno-short-enums" "MAKE=make" "MAKEINFO=makeinfo --split-size=5000000 --split-size=5000000 " "PICFLAG=" "PICFLAG_FOR_TARGET=" "SHELL=/bin/bash" "EXPECT=expect" "RUNTEST=runtest" "RUNTESTFLAGS=" "exec_prefix=/home/sparksco/android/arm-linux-androideabi" "infodir=/home/sparksco/android/arm-linux-androideabi/share/info" "libdir=/home/sparksco/android/arm-linux-androideabi/lib" "prefix=/home/sparksco/android/arm-linux-androideabi" "tooldir=/home/sparksco/android/arm-linux-androideabi/arm-linux-androideabi" "AR=ar" "AS=as" "CC=gcc-4.7" "CXX=g++-4.7" "LD=ld" "LIBCFLAGS=-g -O2" "NM=nm" "PICFLAG=" "RANLIB=ranlib" "DESTDIR=" DO=all multi-do # make
gcc-4.7 -DHAVE_CONFIG_H     -DPROFILE=1 -DWITH_PROFILE=-1          -DDEFAULT_INLINE=0           -DMODET -DNEED_UI_LOOP_HOOK -DSIM_TARGET_SWITCHES   -I. -I../../.././../gdb/gdb-7.5.1/sim/arm -I../common -I../../.././../gdb/gdb-7.5.1/sim/arm/../common -I../../include -I../../.././../gdb/gdb-7.5.1/sim/arm/../../include -I../../bfd -I../../.././../gdb/gdb-7.5.1/sim/arm/../../bfd -I../../opcodes -I../../.././../gdb/gdb-7.5.1/sim/arm/../../opcodes  -g -O2 -c -o sim-load.o -MT sim-load.o -MMD -MP -MF .deps/sim-load.Tpo ../../.././../gdb/gdb-7.5.1/sim/arm/../common/sim-load.c
checking for strtol... ../../.././../gdb/gdb-7.5.1/sim/arm/wrapper.c: In function ‘sim_open’:
../../.././../gdb/gdb-7.5.1/sim/arm/wrapper.c:797:12: warning: cast to pointer from integer of different size [-Wint-to-pointer-cast]
yes
gcc-4.7 -DHAVE_CONFIG_H     -DPROFILE=1 -DWITH_PROFILE=-1          -DDEFAULT_INLINE=0           -DMODET -DNEED_UI_LOOP_HOOK -DSIM_TARGET_SWITCHES   -I. -I../../.././../gdb/gdb-7.5.1/sim/arm -I../common -I../../.././../gdb/gdb-7.5.1/sim/arm/../common -I../../include -I../../.././../gdb/gdb-7.5.1/sim/arm/../../include -I../../bfd -I../../.././../gdb/gdb-7.5.1/sim/arm/../../bfd -I../../opcodes -I../../.././../gdb/gdb-7.5.1/sim/arm/../../opcodes  -g -O2 -c -o armcopro.o -MT armcopro.o -MMD -MP -MF .deps/armcopro.Tpo ../../.././../gdb/gdb-7.5.1/sim/arm/armcopro.c
yes
checking for strtol... gcc-4.7 -DHAVE_CONFIG_H     -DPROFILE=1 -DWITH_PROFILE=-1          -DDEFAULT_INLINE=0           -DMODET -DNEED_UI_LOOP_HOOK -DSIM_TARGET_SWITCHES   -I. -I../../.././../gdb/gdb-7.5.1/sim/arm -I../common -I../../.././../gdb/gdb-7.5.1/sim/arm/../common -I../../include -I../../.././../gdb/gdb-7.5.1/sim/arm/../../include -I../../bfd -I../../.././../gdb/gdb-7.5.1/sim/arm/../../bfd -I../../opcodes -I../../.././../gdb/gdb-7.5.1/sim/arm/../../opcodes  -g -O2 -c -o maverick.o -MT maverick.o -MMD -MP -MF .deps/maverick.Tpo ../../.././../gdb/gdb-7.5.1/sim/arm/maverick.c
checking for strtoul... yes
checking for strtoul... yes
make[3]: Entering directory `/home/sparksco/android/toolchain/aosp/build/gcc-195953/libbacktrace'
make  all-am
checking for strverscmp... make[4]: Entering directory `/home/sparksco/android/toolchain/aosp/build/gcc-195953/libbacktrace'
true  DO=all multi-do # make
/bin/bash ./libtool --tag=CC   --mode=compile gcc-4.7 -DHAVE_CONFIG_H -I. -I../.././../gcc/gcc-195953/libbacktrace  -I ../.././../gcc/gcc-195953/libbacktrace/../include -I ../.././../gcc/gcc-195953/libbacktrace/../libgcc -I ../libgcc  -funwind-tables -frandom-seed=dwarf.lo -W -Wall -Wwrite-strings -Wstrict-prototypes -Wmissing-prototypes -Wold-style-definition -Wmissing-format-attribute -Wcast-qual  -g -O2 -c -o dwarf.lo ../.././../gcc/gcc-195953/libbacktrace/dwarf.c
/bin/bash ./libtool --tag=CC   --mode=compile gcc-4.7 -DHAVE_CONFIG_H -I. -I../.././../gcc/gcc-195953/libbacktrace  -I ../.././../gcc/gcc-195953/libbacktrace/../include -I ../.././../gcc/gcc-195953/libbacktrace/../libgcc -I ../libgcc  -funwind-tables -frandom-seed=fileline.lo -W -Wall -Wwrite-strings -Wstrict-prototypes -Wmissing-prototypes -Wold-style-definition -Wmissing-format-attribute -Wcast-qual  -g -O2 -c -o fileline.lo ../.././../gcc/gcc-195953/libbacktrace/fileline.c
libtool: compile:  gcc-4.7 -DHAVE_CONFIG_H -I. -I../.././../gcc/gcc-195953/libbacktrace -I ../.././../gcc/gcc-195953/libbacktrace/../include -I ../.././../gcc/gcc-195953/libbacktrace/../libgcc -I ../libgcc -funwind-tables -frandom-seed=dwarf.lo -W -Wall -Wwrite-strings -Wstrict-prototypes -Wmissing-prototypes -Wold-style-definition -Wmissing-format-attribute -Wcast-qual -g -O2 -c ../.././../gcc/gcc-195953/libbacktrace/dwarf.c -o dwarf.o
/bin/bash ./libtool --tag=CC   --mode=compile gcc-4.7 -DHAVE_CONFIG_H -I. -I../.././../gcc/gcc-195953/libbacktrace  -I ../.././../gcc/gcc-195953/libbacktrace/../include -I ../.././../gcc/gcc-195953/libbacktrace/../libgcc -I ../libgcc  -funwind-tables -frandom-seed=posix.lo -W -Wall -Wwrite-strings -Wstrict-prototypes -Wmissing-prototypes -Wold-style-definition -Wmissing-format-attribute -Wcast-qual  -g -O2 -c -o posix.lo ../.././../gcc/gcc-195953/libbacktrace/posix.c
yes
libtool: compile:  gcc-4.7 -DHAVE_CONFIG_H -I. -I../.././../gcc/gcc-195953/libbacktrace -I ../.././../gcc/gcc-195953/libbacktrace/../include -I ../.././../gcc/gcc-195953/libbacktrace/../libgcc -I ../libgcc -funwind-tables -frandom-seed=fileline.lo -W -Wall -Wwrite-strings -Wstrict-prototypes -Wmissing-prototypes -Wold-style-definition -Wmissing-format-attribute -Wcast-qual -g -O2 -c ../.././../gcc/gcc-195953/libbacktrace/fileline.c -o fileline.o
checking for tmpnam... yes
libtool: compile:  gcc-4.7 -DHAVE_CONFIG_H -I. -I../.././../gcc/gcc-195953/libbacktrace -I ../.././../gcc/gcc-195953/libbacktrace/../include -I ../.././../gcc/gcc-195953/libbacktrace/../libgcc -I ../libgcc -funwind-tables -frandom-seed=posix.lo -W -Wall -Wwrite-strings -Wstrict-prototypes -Wmissing-prototypes -Wold-style-definition -Wmissing-format-attribute -Wcast-qual -g -O2 -c ../.././../gcc/gcc-195953/libbacktrace/posix.c -o posix.o
checking for strverscmp... gcc-4.7 -DHAVE_CONFIG_H     -DPROFILE=1 -DWITH_PROFILE=-1          -DDEFAULT_INLINE=0           -DMODET -DNEED_UI_LOOP_HOOK -DSIM_TARGET_SWITCHES   -I. -I../../.././../gdb/gdb-7.5.1/sim/arm -I../common -I../../.././../gdb/gdb-7.5.1/sim/arm/../common -I../../include -I../../.././../gdb/gdb-7.5.1/sim/arm/../../include -I../../bfd -I../../.././../gdb/gdb-7.5.1/sim/arm/../../bfd -I../../opcodes -I../../.././../gdb/gdb-7.5.1/sim/arm/../../opcodes  -g -O2 -c -o iwmmxt.o -MT iwmmxt.o -MMD -MP -MF .deps/iwmmxt.Tpo ../../.././../gdb/gdb-7.5.1/sim/arm/iwmmxt.c
yes
/bin/bash ./libtool --tag=CC   --mode=compile gcc-4.7 -DHAVE_CONFIG_H -I. -I../.././../gcc/gcc-195953/libbacktrace  -I ../.././../gcc/gcc-195953/libbacktrace/../include -I ../.././../gcc/gcc-195953/libbacktrace/../libgcc -I ../libgcc  -funwind-tables -frandom-seed=print.lo -W -Wall -Wwrite-strings -Wstrict-prototypes -Wmissing-prototypes -Wold-style-definition -Wmissing-format-attribute -Wcast-qual  -g -O2 -c -o print.lo ../.././../gcc/gcc-195953/libbacktrace/print.c
yes
checking for tmpnam... checking for vasprintf... gcc-4.7 -DHAVE_CONFIG_H     -DPROFILE=1 -DWITH_PROFILE=-1          -DDEFAULT_INLINE=0           -DMODET -DNEED_UI_LOOP_HOOK -DSIM_TARGET_SWITCHES   -I. -I../../.././../gdb/gdb-7.5.1/sim/arm -I../common -I../../.././../gdb/gdb-7.5.1/sim/arm/../common -I../../include -I../../.././../gdb/gdb-7.5.1/sim/arm/../../include -I../../bfd -I../../.././../gdb/gdb-7.5.1/sim/arm/../../bfd -I../../opcodes -I../../.././../gdb/gdb-7.5.1/sim/arm/../../opcodes  -g -O2 -c -o run.o -MT run.o -MMD -MP -MF .deps/run.Tpo ../../.././../gdb/gdb-7.5.1/sim/arm/../common/run.c
libtool: compile:  gcc-4.7 -DHAVE_CONFIG_H -I. -I../.././../gcc/gcc-195953/libbacktrace -I ../.././../gcc/gcc-195953/libbacktrace/../include -I ../.././../gcc/gcc-195953/libbacktrace/../libgcc -I ../libgcc -funwind-tables -frandom-seed=print.lo -W -Wall -Wwrite-strings -Wstrict-prototypes -Wmissing-prototypes -Wold-style-definition -Wmissing-format-attribute -Wcast-qual -g -O2 -c ../.././../gcc/gcc-195953/libbacktrace/print.c -o print.o
yes
checking for vfprintf... /bin/bash ./libtool --tag=CC   --mode=compile gcc-4.7 -DHAVE_CONFIG_H -I. -I../.././../gcc/gcc-195953/libbacktrace  -I ../.././../gcc/gcc-195953/libbacktrace/../include -I ../.././../gcc/gcc-195953/libbacktrace/../libgcc -I ../libgcc  -funwind-tables -frandom-seed=state.lo -W -Wall -Wwrite-strings -Wstrict-prototypes -Wmissing-prototypes -Wold-style-definition -Wmissing-format-attribute -Wcast-qual  -g -O2 -c -o state.lo ../.././../gcc/gcc-195953/libbacktrace/state.c
yes
/bin/bash ./libtool --tag=CC   --mode=compile gcc-4.7 -DHAVE_CONFIG_H -I. -I../.././../gcc/gcc-195953/libbacktrace  -I ../.././../gcc/gcc-195953/libbacktrace/../include -I ../.././../gcc/gcc-195953/libbacktrace/../libgcc -I ../libgcc  -funwind-tables -frandom-seed=backtrace.lo -W -Wall -Wwrite-strings -Wstrict-prototypes -Wmissing-prototypes -Wold-style-definition -Wmissing-format-attribute -Wcast-qual  -g -O2 -c -o backtrace.lo ../.././../gcc/gcc-195953/libbacktrace/backtrace.c
libtool: compile:  gcc-4.7 -DHAVE_CONFIG_H -I. -I../.././../gcc/gcc-195953/libbacktrace -I ../.././../gcc/gcc-195953/libbacktrace/../include -I ../.././../gcc/gcc-195953/libbacktrace/../libgcc -I ../libgcc -funwind-tables -frandom-seed=state.lo -W -Wall -Wwrite-strings -Wstrict-prototypes -Wmissing-prototypes -Wold-style-definition -Wmissing-format-attribute -Wcast-qual -g -O2 -c ../.././../gcc/gcc-195953/libbacktrace/state.c -o state.o
checking for vasprintf... rm -f libz.a
ar cru libz.a libz_a-adler32.o libz_a-compress.o libz_a-crc32.o libz_a-deflate.o libz_a-gzread.o libz_a-gzclose.o libz_a-gzwrite.o libz_a-gzlib.o libz_a-infback.o libz_a-inffast.o libz_a-inflate.o libz_a-inftrees.o libz_a-trees.o libz_a-uncompr.o libz_a-zutil.o 
libtool: compile:  gcc-4.7 -DHAVE_CONFIG_H -I. -I../.././../gcc/gcc-195953/libbacktrace -I ../.././../gcc/gcc-195953/libbacktrace/../include -I ../.././../gcc/gcc-195953/libbacktrace/../libgcc -I ../libgcc -funwind-tables -frandom-seed=backtrace.lo -W -Wall -Wwrite-strings -Wstrict-prototypes -Wmissing-prototypes -Wold-style-definition -Wmissing-format-attribute -Wcast-qual -g -O2 -c ../.././../gcc/gcc-195953/libbacktrace/backtrace.c -o backtrace.o
ranlib libz.a
make[3]: Leaving directory `/home/sparksco/android/toolchain/aosp/build/gcc-195953/zlib'
/bin/bash ./libtool --tag=CC   --mode=compile gcc-4.7 -DHAVE_CONFIG_H -I. -I../.././../gcc/gcc-195953/libbacktrace  -I ../.././../gcc/gcc-195953/libbacktrace/../include -I ../.././../gcc/gcc-195953/libbacktrace/../libgcc -I ../libgcc  -funwind-tables -frandom-seed=simple.lo -W -Wall -Wwrite-strings -Wstrict-prototypes -Wmissing-prototypes -Wold-style-definition -Wmissing-format-attribute -Wcast-qual  -g -O2 -c -o simple.lo ../.././../gcc/gcc-195953/libbacktrace/simple.c
yes
yes
libtool: compile:  gcc-4.7 -DHAVE_CONFIG_H -I. -I../.././../gcc/gcc-195953/libbacktrace -I ../.././../gcc/gcc-195953/libbacktrace/../include -I ../.././../gcc/gcc-195953/libbacktrace/../libgcc -I ../libgcc -funwind-tables -frandom-seed=simple.lo -W -Wall -Wwrite-strings -Wstrict-prototypes -Wmissing-prototypes -Wold-style-definition -Wmissing-format-attribute -Wcast-qual -g -O2 -c ../.././../gcc/gcc-195953/libbacktrace/simple.c -o simple.o
checking for vfprintf... checking for vprintf... /bin/bash ./libtool --tag=CC   --mode=compile gcc-4.7 -DHAVE_CONFIG_H -I. -I../.././../gcc/gcc-195953/libbacktrace  -I ../.././../gcc/gcc-195953/libbacktrace/../include -I ../.././../gcc/gcc-195953/libbacktrace/../libgcc -I ../libgcc  -funwind-tables -frandom-seed=elf.lo -W -Wall -Wwrite-strings -Wstrict-prototypes -Wmissing-prototypes -Wold-style-definition -Wmissing-format-attribute -Wcast-qual  -g -O2 -c -o elf.lo ../.././../gcc/gcc-195953/libbacktrace/elf.c
/bin/bash ./libtool --tag=CC   --mode=compile gcc-4.7 -DHAVE_CONFIG_H -I. -I../.././../gcc/gcc-195953/libbacktrace  -I ../.././../gcc/gcc-195953/libbacktrace/../include -I ../.././../gcc/gcc-195953/libbacktrace/../libgcc -I ../libgcc  -funwind-tables -frandom-seed=mmapio.lo -W -Wall -Wwrite-strings -Wstrict-prototypes -Wmissing-prototypes -Wold-style-definition -Wmissing-format-attribute -Wcast-qual  -g -O2 -c -o mmapio.lo ../.././../gcc/gcc-195953/libbacktrace/mmapio.c
/bin/bash ./libtool --tag=CC   --mode=compile gcc-4.7 -DHAVE_CONFIG_H -I. -I../.././../gcc/gcc-195953/libbacktrace  -I ../.././../gcc/gcc-195953/libbacktrace/../include -I ../.././../gcc/gcc-195953/libbacktrace/../libgcc -I ../libgcc  -funwind-tables -frandom-seed=mmap.lo -W -Wall -Wwrite-strings -Wstrict-prototypes -Wmissing-prototypes -Wold-style-definition -Wmissing-format-attribute -Wcast-qual  -g -O2 -c -o mmap.lo ../.././../gcc/gcc-195953/libbacktrace/mmap.c
libtool: compile:  gcc-4.7 -DHAVE_CONFIG_H -I. -I../.././../gcc/gcc-195953/libbacktrace -I ../.././../gcc/gcc-195953/libbacktrace/../include -I ../.././../gcc/gcc-195953/libbacktrace/../libgcc -I ../libgcc -funwind-tables -frandom-seed=elf.lo -W -Wall -Wwrite-strings -Wstrict-prototypes -Wmissing-prototypes -Wold-style-definition -Wmissing-format-attribute -Wcast-qual -g -O2 -c ../.././../gcc/gcc-195953/libbacktrace/elf.c -o elf.o
libtool: compile:  gcc-4.7 -DHAVE_CONFIG_H -I. -I../.././../gcc/gcc-195953/libbacktrace -I ../.././../gcc/gcc-195953/libbacktrace/../include -I ../.././../gcc/gcc-195953/libbacktrace/../libgcc -I ../libgcc -funwind-tables -frandom-seed=mmapio.lo -W -Wall -Wwrite-strings -Wstrict-prototypes -Wmissing-prototypes -Wold-style-definition -Wmissing-format-attribute -Wcast-qual -g -O2 -c ../.././../gcc/gcc-195953/libbacktrace/mmapio.c -o mmapio.o
yes
libtool: compile:  gcc-4.7 -DHAVE_CONFIG_H -I. -I../.././../gcc/gcc-195953/libbacktrace -I ../.././../gcc/gcc-195953/libbacktrace/../include -I ../.././../gcc/gcc-195953/libbacktrace/../libgcc -I ../libgcc -funwind-tables -frandom-seed=mmap.lo -W -Wall -Wwrite-strings -Wstrict-prototypes -Wmissing-prototypes -Wold-style-definition -Wmissing-format-attribute -Wcast-qual -g -O2 -c ../.././../gcc/gcc-195953/libbacktrace/mmap.c -o mmap.o
yes
checking for vsnprintf... checking for vprintf... yes
checking for vsprintf... yes
checking for vsnprintf... yes
checking for waitpid... yes
checking for vsprintf... yes
checking for setproctitle... yes
checking for waitpid... no
checking whether alloca needs Cray hooks... no
checking stack direction for C alloca... yes
checking for setproctitle... -1
checking for vfork.h... no
no
checking whether alloca needs Cray hooks... checking for fork... no
checking stack direction for C alloca... -1
checking for vfork.h... yes
no
checking for vfork... checking for fork... /bin/bash ./libtool --tag=CC   --mode=link gcc-4.7 -funwind-tables -frandom-seed=libbacktrace.la -W -Wall -Wwrite-strings -Wstrict-prototypes -Wmissing-prototypes -Wold-style-definition -Wmissing-format-attribute -Wcast-qual  -g -O2  -static-libstdc++ -static-libgcc  -o libbacktrace.la  dwarf.lo fileline.lo posix.lo print.lo state.lo backtrace.lo simple.lo elf.lo mmapio.lo mmap.lo 
yes
yes
checking for working fork... checking for vfork... yes
libtool: link: ar rc .libs/libbacktrace.a  dwarf.o fileline.o posix.o print.o state.o backtrace.o simple.o elf.o mmapio.o mmap.o
checking for working fork... libtool: link: ranlib .libs/libbacktrace.a
yes
checking for working vfork... (cached) yes
checking for _doprnt... libtool: link: ( cd ".libs" && rm -f "libbacktrace.la" && ln -s "../libbacktrace.la" "libbacktrace.la" )
make[4]: Leaving directory `/home/sparksco/android/toolchain/aosp/build/gcc-195953/libbacktrace'
make[3]: Leaving directory `/home/sparksco/android/toolchain/aosp/build/gcc-195953/libbacktrace'
yes
checking for working vfork... (cached) yes
checking for _doprnt... no
checking for sys_errlist... no
checking for sys_errlist... yes
checking for sys_nerr... yes
checking for sys_nerr... yes
checking for sys_siglist... yes
checking for sys_siglist... yes
checking for external symbol _system_configuration... no
yes
checking for __fsetlocking... checking for external symbol _system_configuration... yes
no
checking for __fsetlocking... checking for canonicalize_file_name... yes
yes
checking for canonicalize_file_name... checking for dup3... yes
yes
checking for dup3... checking for getrlimit... yes
yes
checking for getrlimit... checking for getrusage... yes
yes
checking for getrusage... checking for getsysinfo... yes
checking for getsysinfo... no
checking for gettimeofday... (cached) yes
checking for on_exit... no
checking for gettimeofday... (cached) yes
checking for on_exit... yes
checking for psignal... rm -f libsim.a
ar rc libsim.a callback.o syscall.o targ-map.o version.o armemu26.o armemu32.o arminit.o armos.o armsupp.o armvirt.o bag.o thumbemu.o wrapper.o sim-load.o armcopro.o maverick.o iwmmxt.o 
yes
ranlib libsim.a
checking for psignal... yes
gcc-4.7 -DHAVE_CONFIG_H     -DPROFILE=1 -DWITH_PROFILE=-1          -DDEFAULT_INLINE=0           -DMODET -DNEED_UI_LOOP_HOOK -DSIM_TARGET_SWITCHES   -I. -I../../.././../gdb/gdb-7.5.1/sim/arm -I../common -I../../.././../gdb/gdb-7.5.1/sim/arm/../common -I../../include -I../../.././../gdb/gdb-7.5.1/sim/arm/../../include -I../../bfd -I../../.././../gdb/gdb-7.5.1/sim/arm/../../bfd -I../../opcodes -I../../.././../gdb/gdb-7.5.1/sim/arm/../../opcodes  -g -O2  -o run \
	  run.o libsim.a ../../bfd/libbfd.a ../../opcodes/libopcodes.a  ../../libiberty/libiberty.a -lz -lnsl  
checking for pstat_getdynamic... yes
checking for pstat_getdynamic... no
checking for pstat_getstatic... no
checking for pstat_getstatic... make[4]: Leaving directory `/home/sparksco/android/toolchain/aosp/build/gdb-7.5.1/sim/arm'
no
make[4]: Entering directory `/home/sparksco/android/toolchain/aosp/build/gdb-7.5.1/sim/common'
make[4]: Nothing to be done for `default'.
make[4]: Leaving directory `/home/sparksco/android/toolchain/aosp/build/gdb-7.5.1/sim/common'
make[3]: Leaving directory `/home/sparksco/android/toolchain/aosp/build/gdb-7.5.1/sim'
checking for realpath... yes
no
checking for setrlimit... checking for realpath... yes
yes
checking for setrlimit... checking for sbrk... make[3]: Entering directory `/home/sparksco/android/toolchain/aosp/build/gdb-7.5.1/gdb'
CONFIG_HEADERS=config.h:config.in \
	  CONFIG_COMMANDS="default depdir" \
	  CONFIG_FILES= \
	  CONFIG_LINKS= \
	  /bin/bash config.status
../.././../gdb/gdb-7.5.1/gdb/observer.sh h ../.././../gdb/gdb-7.5.1/gdb/doc/observer.texi observer.h
../.././../gdb/gdb-7.5.1/gdb/observer.sh inc ../.././../gdb/gdb-7.5.1/gdb/doc/observer.texi observer.inc
Creating observer.htmp
Creating observer.itmp
rm -f version.c-tmp version.c
echo '#include "version.h"' >> version.c-tmp
rm -f xml-builtin.tmp
echo 'const char version[] = "'"`sed q ../.././../gdb/gdb-7.5.1/gdb/version.in`"'";' >> version.c-tmp
AWK="gawk" \
	  /bin/bash ../.././../gdb/gdb-7.5.1/gdb/features/feature_to_c.sh \
	  xml-builtin.tmp ../.././../gdb/gdb-7.5.1/gdb/features/gdb-target.dtd ../.././../gdb/gdb-7.5.1/gdb/features/xinclude.dtd ../.././../gdb/gdb-7.5.1/gdb/features/library-list.dtd ../.././../gdb/gdb-7.5.1/gdb/features/library-list-svr4.dtd ../.././../gdb/gdb-7.5.1/gdb/features/osdata.dtd ../.././../gdb/gdb-7.5.1/gdb/features/threads.dtd ../.././../gdb/gdb-7.5.1/gdb/features/traceframe-info.dtd
echo 'const char host_name[] = "x86_64-linux-gnu";' >> version.c-tmp
Moving observer.htmp to observer.h
echo 'const char target_name[] = "arm-linux-android";' >> version.c-tmp
mv version.c-tmp version.c
yes
yes
config.status: creating config.h
checking for sbrk... config.status: creating Makefile
checking for spawnve... config.status: config.h is unchanged
config.status: executing default commands
config.status: executing depdir commands
config.status: executing depfiles commands
yes
/bin/bash ../.././../gdb/gdb-7.5.1/gdb/../move-if-change xml-builtin.tmp xml-builtin.c
checking for spawnve... no
echo stamp > stamp-xml
checking for spawnvpe... no
no
checking for spawnvpe... checking for strerror... make[4]: Entering directory `/home/sparksco/android/toolchain/aosp/build/gdb-7.5.1/gdb'
make[5]: Entering directory `/home/sparksco/android/toolchain/aosp/build/gdb-7.5.1/gdb/build-gnulib'
make[6]: Entering directory `/home/sparksco/android/toolchain/aosp/build/gdb-7.5.1/gdb/build-gnulib'
make[7]: Entering directory `/home/sparksco/android/toolchain/aosp/build/gdb-7.5.1/gdb/build-gnulib/import'
rm -f alloca.h-t alloca.h && \
	{ echo '/* DO NOT EDIT! GENERATED AUTOMATICALLY! */'; \
	  cat ../../../.././../gdb/gdb-7.5.1/gdb/gnulib/import/alloca.in.h; \
	} > alloca.h-t && \
	mv -f alloca.h-t alloca.h
rm -f configmake.h-t && \
	{ echo '/* DO NOT EDIT! GENERATED AUTOMATICALLY! */'; \
	  echo '#define PREFIX "/home/sparksco/android/arm-linux-androideabi"'; \
	  echo '#define EXEC_PREFIX "/home/sparksco/android/arm-linux-androideabi"'; \
	  echo '#define BINDIR "/home/sparksco/android/arm-linux-androideabi/bin"'; \
	  echo '#define SBINDIR "/home/sparksco/android/arm-linux-androideabi/sbin"'; \
	  echo '#define LIBEXECDIR "/home/sparksco/android/arm-linux-androideabi/libexec"'; \
	  echo '#define DATAROOTDIR "/home/sparksco/android/arm-linux-androideabi/share"'; \
	  echo '#define DATADIR "/home/sparksco/android/arm-linux-androideabi/share"'; \
	  echo '#define SYSCONFDIR "/home/sparksco/android/arm-linux-androideabi/etc"'; \
	  echo '#define SHAREDSTATEDIR "/home/sparksco/android/arm-linux-androideabi/com"'; \
	  echo '#define LOCALSTATEDIR "/home/sparksco/android/arm-linux-androideabi/var"'; \
	  echo '#define INCLUDEDIR "/home/sparksco/android/arm-linux-androideabi/include"'; \
	  echo '#define OLDINCLUDEDIR "/usr/include"'; \
	  echo '#define DOCDIR "/home/sparksco/android/arm-linux-androideabi/share/doc/"'; \
	  echo '#define INFODIR "/home/sparksco/android/arm-linux-androideabi/share/info"'; \
	  echo '#define HTMLDIR "/home/sparksco/android/arm-linux-androideabi/share/doc/"'; \
	  echo '#define DVIDIR "/home/sparksco/android/arm-linux-androideabi/share/doc/"'; \
	  echo '#define PDFDIR "/home/sparksco/android/arm-linux-androideabi/share/doc/"'; \
	  echo '#define PSDIR "/home/sparksco/android/arm-linux-androideabi/share/doc/"'; \
	  echo '#define LIBDIR "/home/sparksco/android/arm-linux-androideabi/lib"'; \
	  echo '#define LISPDIR "/home/sparksco/android/arm-linux-androideabi/share/emacs/site-lisp"'; \
	  echo '#define LOCALEDIR "/home/sparksco/android/arm-linux-androideabi/share/locale"'; \
	  echo '#define MANDIR "/home/sparksco/android/arm-linux-androideabi/share/man"'; \
	  echo '#define MANEXT ""'; \
	  echo '#define PKGDATADIR "/home/sparksco/android/arm-linux-androideabi/share/libgnu"'; \
	  echo '#define PKGINCLUDEDIR "/home/sparksco/android/arm-linux-androideabi/include/libgnu"'; \
	  echo '#define PKGLIBDIR "/home/sparksco/android/arm-linux-androideabi/lib/libgnu"'; \
	  echo '#define PKGLIBEXECDIR "/home/sparksco/android/arm-linux-androideabi/libexec/libgnu"'; \
	} | sed '/""/d' > configmake.h-t && \
	mv -f configmake.h-t configmake.h
rm -f c++defs.h-t c++defs.h && \
	sed -n -e '/_GL_CXXDEFS/,$p' \
	  < ../../../.././../gdb/gdb-7.5.1/gdb/gnulib/import/extra/snippet/c++defs.h \
	  > c++defs.h-t && \
	mv c++defs.h-t c++defs.h
rm -f warn-on-use.h-t warn-on-use.h && \
	sed -n -e '/^.ifndef/,$p' \
	  < ../../../.././../gdb/gdb-7.5.1/gdb/gnulib/import/extra/snippet/warn-on-use.h \
	  > warn-on-use.h-t && \
	mv warn-on-use.h-t warn-on-use.h
rm -f arg-nonnull.h-t arg-nonnull.h && \
	sed -n -e '/GL_ARG_NONNULL/,$p' \
	  < ../../../.././../gdb/gdb-7.5.1/gdb/gnulib/import/extra/snippet/arg-nonnull.h \
	  > arg-nonnull.h-t && \
	mv arg-nonnull.h-t arg-nonnull.h
rm -f wctype.h-t wctype.h && \
	{ echo '/* DO NOT EDIT! GENERATED AUTOMATICALLY! */'; \
	  sed -e 's|@''GUARD_PREFIX''@|GL|g' \
	      -e 's/@''HAVE_WCTYPE_H''@/1/g' \
	      -e 's|@''INCLUDE_NEXT''@|include_next|g' \
	      -e 's|@''PRAGMA_SYSTEM_HEADER''@|#pragma GCC system_header|g' \
	      -e 's|@''PRAGMA_COLUMNS''@||g' \
	      -e 's|@''NEXT_WCTYPE_H''@|<wctype.h>|g' \
	      -e 's/@''GNULIB_ISWBLANK''@/0/g' \
	      -e 's/@''GNULIB_WCTYPE''@/0/g' \
	      -e 's/@''GNULIB_ISWCTYPE''@/0/g' \
	      -e 's/@''GNULIB_WCTRANS''@/0/g' \
	      -e 's/@''GNULIB_TOWCTRANS''@/0/g' \
	      -e 's/@''HAVE_ISWBLANK''@/1/g' \
	      -e 's/@''HAVE_ISWCNTRL''@/1/g' \
	      -e 's/@''HAVE_WCTYPE_T''@/1/g' \
	      -e 's/@''HAVE_WCTRANS_T''@/1/g' \
	      -e 's/@''HAVE_WINT_T''@/1/g' \
	      -e 's/@''REPLACE_ISWBLANK''@/0/g' \
	      -e 's/@''REPLACE_ISWCNTRL''@/0/g' \
	      -e 's/@''REPLACE_TOWLOWER''@/0/g' \
	      -e '/definitions of _GL_FUNCDECL_RPL/r c++defs.h' \
	      -e '/definition of _GL_WARN_ON_USE/r warn-on-use.h' \
	      < ../../../.././../gdb/gdb-7.5.1/gdb/gnulib/import/wctype.in.h; \
	} > wctype.h-t && \
	mv wctype.h-t wctype.h
rm -f inttypes.h-t inttypes.h && \
	{ echo '/* DO NOT EDIT! GENERATED AUTOMATICALLY! */'; \
	  sed -e 's/@''HAVE_INTTYPES_H''@/1/g' \
	      -e 's|@''INCLUDE_NEXT''@|include_next|g' \
	      -e 's|@''PRAGMA_SYSTEM_HEADER''@|#pragma GCC system_header|g' \
	      -e 's|@''PRAGMA_COLUMNS''@||g' \
	      -e 's|@''NEXT_INTTYPES_H''@|<inttypes.h>|g' \
	      -e 's/@''PRI_MACROS_BROKEN''@/0/g' \
	      -e 's/@''APPLE_UNIVERSAL_BUILD''@/0/g' \
	      -e 's/@''HAVE_LONG_LONG_INT''@/1/g' \
	      -e 's/@''HAVE_UNSIGNED_LONG_LONG_INT''@/1/g' \
	      -e 's/@''PRIPTR_PREFIX''@/"l"/g' \
	      -e 's/@''GNULIB_IMAXABS''@/0/g' \
	      -e 's/@''GNULIB_IMAXDIV''@/0/g' \
	      -e 's/@''GNULIB_STRTOIMAX''@/0/g' \
	      -e 's/@''GNULIB_STRTOUMAX''@/0/g' \
	      -e 's/@''HAVE_DECL_IMAXABS''@/1/g' \
	      -e 's/@''HAVE_DECL_IMAXDIV''@/1/g' \
	      -e 's/@''HAVE_DECL_STRTOIMAX''@/1/g' \
	      -e 's/@''HAVE_DECL_STRTOUMAX''@/1/g' \
	      -e 's/@''REPLACE_STRTOIMAX''@/0/g' \
	      -e 's/@''INT32_MAX_LT_INTMAX_MAX''@/1/g' \
	      -e 's/@''INT64_MAX_EQ_LONG_MAX''@/1/g' \
	      -e 's/@''UINT32_MAX_LT_UINTMAX_MAX''@/1/g' \
	      -e 's/@''UINT64_MAX_EQ_ULONG_MAX''@/1/g' \
	      -e '/definitions of _GL_FUNCDECL_RPL/r c++defs.h' \
	      -e '/definition of _GL_ARG_NONNULL/r arg-nonnull.h' \
	      -e '/definition of _GL_WARN_ON_USE/r warn-on-use.h' \
	      < ../../../.././../gdb/gdb-7.5.1/gdb/gnulib/import/inttypes.in.h; \
	} > inttypes.h-t && \
	mv inttypes.h-t inttypes.h
rm -f string.h-t string.h && \
	{ echo '/* DO NOT EDIT! GENERATED AUTOMATICALLY! */' && \
	  sed -e 's|@''GUARD_PREFIX''@|GL|g' \
	      -e 's|@''INCLUDE_NEXT''@|include_next|g' \
	      -e 's|@''PRAGMA_SYSTEM_HEADER''@|#pragma GCC system_header|g' \
	      -e 's|@''PRAGMA_COLUMNS''@||g' \
	      -e 's|@''NEXT_STRING_H''@|<string.h>|g' \
	      -e 's/@''GNULIB_FFSL''@/0/g' \
	      -e 's/@''GNULIB_FFSLL''@/0/g' \
	      -e 's/@''GNULIB_MBSLEN''@/0/g' \
	      -e 's/@''GNULIB_MBSNLEN''@/0/g' \
	      -e 's/@''GNULIB_MBSCHR''@/0/g' \
	      -e 's/@''GNULIB_MBSRCHR''@/0/g' \
	      -e 's/@''GNULIB_MBSSTR''@/0/g' \
	      -e 's/@''GNULIB_MBSCASECMP''@/0/g' \
	      -e 's/@''GNULIB_MBSNCASECMP''@/0/g' \
	      -e 's/@''GNULIB_MBSPCASECMP''@/0/g' \
	      -e 's/@''GNULIB_MBSCASESTR''@/0/g' \
	      -e 's/@''GNULIB_MBSCSPN''@/0/g' \
	      -e 's/@''GNULIB_MBSPBRK''@/0/g' \
	      -e 's/@''GNULIB_MBSSPN''@/0/g' \
	      -e 's/@''GNULIB_MBSSEP''@/0/g' \
	      -e 's/@''GNULIB_MBSTOK_R''@/0/g' \
	      -e 's/@''GNULIB_MEMCHR''@/1/g' \
	      -e 's/@''GNULIB_MEMMEM''@/1/g' \
	      -e 's/@''GNULIB_MEMPCPY''@/0/g' \
	      -e 's/@''GNULIB_MEMRCHR''@/0/g' \
	      -e 's/@''GNULIB_RAWMEMCHR''@/0/g' \
	      -e 's/@''GNULIB_STPCPY''@/0/g' \
	      -e 's/@''GNULIB_STPNCPY''@/0/g' \
	      -e 's/@''GNULIB_STRCHRNUL''@/0/g' \
	      -e 's/@''GNULIB_STRDUP''@/0/g' \
	      -e 's/@''GNULIB_STRNCAT''@/0/g' \
	      -e 's/@''GNULIB_STRNDUP''@/0/g' \
	      -e 's/@''GNULIB_STRNLEN''@/0/g' \
	      -e 's/@''GNULIB_STRPBRK''@/0/g' \
	      -e 's/@''GNULIB_STRSEP''@/0/g' \
	      -e 's/@''GNULIB_STRSTR''@/0/g' \
	      -e 's/@''GNULIB_STRCASESTR''@/0/g' \
	      -e 's/@''GNULIB_STRTOK_R''@/0/g' \
	      -e 's/@''GNULIB_STRERROR''@/0/g' \
	      -e 's/@''GNULIB_STRERROR_R''@/0/g' \
	      -e 's/@''GNULIB_STRSIGNAL''@/0/g' \
	      -e 's/@''GNULIB_STRVERSCMP''@/0/g' \
	      < ../../../.././../gdb/gdb-7.5.1/gdb/gnulib/import/string.in.h | \
	  sed -e 's|@''HAVE_FFSL''@|1|g' \
	      -e 's|@''HAVE_FFSLL''@|1|g' \
	      -e 's|@''HAVE_MBSLEN''@|0|g' \
	      -e 's|@''HAVE_MEMCHR''@|1|g' \
	      -e 's|@''HAVE_DECL_MEMMEM''@|1|g' \
	      -e 's|@''HAVE_MEMPCPY''@|1|g' \
	      -e 's|@''HAVE_DECL_MEMRCHR''@|1|g' \
	      -e 's|@''HAVE_RAWMEMCHR''@|1|g' \
	      -e 's|@''HAVE_STPCPY''@|1|g' \
	      -e 's|@''HAVE_STPNCPY''@|1|g' \
	      -e 's|@''HAVE_STRCHRNUL''@|1|g' \
	      -e 's|@''HAVE_DECL_STRDUP''@|1|g' \
	      -e 's|@''HAVE_DECL_STRNDUP''@|1|g' \
	      -e 's|@''HAVE_DECL_STRNLEN''@|1|g' \
	      -e 's|@''HAVE_STRPBRK''@|1|g' \
	      -e 's|@''HAVE_STRSEP''@|1|g' \
	      -e 's|@''HAVE_STRCASESTR''@|1|g' \
	      -e 's|@''HAVE_DECL_STRTOK_R''@|1|g' \
	      -e 's|@''HAVE_DECL_STRERROR_R''@|1|g' \
	      -e 's|@''HAVE_DECL_STRSIGNAL''@|1|g' \
	      -e 's|@''HAVE_STRVERSCMP''@|1|g' \
	      -e 's|@''REPLACE_STPNCPY''@|0|g' \
	      -e 's|@''REPLACE_MEMCHR''@|0|g' \
	      -e 's|@''REPLACE_MEMMEM''@|0|g' \
	      -e 's|@''REPLACE_STRCASESTR''@|0|g' \
	      -e 's|@''REPLACE_STRCHRNUL''@|0|g' \
	      -e 's|@''REPLACE_STRDUP''@|0|g' \
	      -e 's|@''REPLACE_STRSTR''@|0|g' \
	      -e 's|@''REPLACE_STRERROR''@|0|g' \
	      -e 's|@''REPLACE_STRERROR_R''@|0|g' \
	      -e 's|@''REPLACE_STRNCAT''@|0|g' \
	      -e 's|@''REPLACE_STRNDUP''@|0|g' \
	      -e 's|@''REPLACE_STRNLEN''@|0|g' \
	      -e 's|@''REPLACE_STRSIGNAL''@|0|g' \
	      -e 's|@''REPLACE_STRTOK_R''@|0|g' \
	      -e 's|@''UNDEFINE_STRTOK_R''@|0|g' \
	      -e '/definitions of _GL_FUNCDECL_RPL/r c++defs.h' \
	      -e '/definition of _GL_ARG_NONNULL/r arg-nonnull.h' \
	      -e '/definition of _GL_WARN_ON_USE/r warn-on-use.h'; \
	      < ../../../.././../gdb/gdb-7.5.1/gdb/gnulib/import/string.in.h; \
	} > string.h-t && \
	mv string.h-t string.h
rm -f wchar.h-t wchar.h && \
	{ echo '/* DO NOT EDIT! GENERATED AUTOMATICALLY! */'; \
	  sed -e 's|@''GUARD_PREFIX''@|GL|g' \
	      -e 's|@''INCLUDE_NEXT''@|include_next|g' \
	      -e 's|@''PRAGMA_SYSTEM_HEADER''@|#pragma GCC system_header|g' \
	      -e 's|@''PRAGMA_COLUMNS''@||g' \
	      -e 's|@''HAVE_FEATURES_H''@|1|g' \
	      -e 's|@''NEXT_WCHAR_H''@|<wchar.h>|g' \
	      -e 's|@''HAVE_WCHAR_H''@|1|g' \
	      -e 's/@''GNULIB_BTOWC''@/0/g' \
	      -e 's/@''GNULIB_WCTOB''@/0/g' \
	      -e 's/@''GNULIB_MBSINIT''@/1/g' \
	      -e 's/@''GNULIB_MBRTOWC''@/1/g' \
	      -e 's/@''GNULIB_MBRLEN''@/0/g' \
	      -e 's/@''GNULIB_MBSRTOWCS''@/1/g' \
	      -e 's/@''GNULIB_MBSNRTOWCS''@/0/g' \
	      -e 's/@''GNULIB_WCRTOMB''@/0/g' \
	      -e 's/@''GNULIB_WCSRTOMBS''@/0/g' \
	      -e 's/@''GNULIB_WCSNRTOMBS''@/0/g' \
	      -e 's/@''GNULIB_WCWIDTH''@/0/g' \
	      -e 's/@''GNULIB_WMEMCHR''@/0/g' \
	      -e 's/@''GNULIB_WMEMCMP''@/0/g' \
	      -e 's/@''GNULIB_WMEMCPY''@/0/g' \
	      -e 's/@''GNULIB_WMEMMOVE''@/0/g' \
	      -e 's/@''GNULIB_WMEMSET''@/0/g' \
	      -e 's/@''GNULIB_WCSLEN''@/0/g' \
	      -e 's/@''GNULIB_WCSNLEN''@/0/g' \
	      -e 's/@''GNULIB_WCSCPY''@/0/g' \
	      -e 's/@''GNULIB_WCPCPY''@/0/g' \
	      -e 's/@''GNULIB_WCSNCPY''@/0/g' \
	      -e 's/@''GNULIB_WCPNCPY''@/0/g' \
	      -e 's/@''GNULIB_WCSCAT''@/0/g' \
	      -e 's/@''GNULIB_WCSNCAT''@/0/g' \
	      -e 's/@''GNULIB_WCSCMP''@/0/g' \
	      -e 's/@''GNULIB_WCSNCMP''@/0/g' \
	      -e 's/@''GNULIB_WCSCASECMP''@/0/g' \
	      -e 's/@''GNULIB_WCSNCASECMP''@/0/g' \
	      -e 's/@''GNULIB_WCSCOLL''@/0/g' \
	      -e 's/@''GNULIB_WCSXFRM''@/0/g' \
	      -e 's/@''GNULIB_WCSDUP''@/0/g' \
	      -e 's/@''GNULIB_WCSCHR''@/0/g' \
	      -e 's/@''GNULIB_WCSRCHR''@/0/g' \
	      -e 's/@''GNULIB_WCSCSPN''@/0/g' \
	      -e 's/@''GNULIB_WCSSPN''@/0/g' \
	      -e 's/@''GNULIB_WCSPBRK''@/0/g' \
	      -e 's/@''GNULIB_WCSSTR''@/0/g' \
	      -e 's/@''GNULIB_WCSTOK''@/0/g' \
	      -e 's/@''GNULIB_WCSWIDTH''@/0/g' \
	      < ../../../.././../gdb/gdb-7.5.1/gdb/gnulib/import/wchar.in.h | \
	  sed -e 's|@''HAVE_WINT_T''@|1|g' \
	      -e 's|@''HAVE_BTOWC''@|1|g' \
	      -e 's|@''HAVE_MBSINIT''@|1|g' \
	      -e 's|@''HAVE_MBRTOWC''@|1|g' \
	      -e 's|@''HAVE_MBRLEN''@|1|g' \
	      -e 's|@''HAVE_MBSRTOWCS''@|1|g' \
	      -e 's|@''HAVE_MBSNRTOWCS''@|1|g' \
	      -e 's|@''HAVE_WCRTOMB''@|1|g' \
	      -e 's|@''HAVE_WCSRTOMBS''@|1|g' \
	      -e 's|@''HAVE_WCSNRTOMBS''@|1|g' \
	      -e 's|@''HAVE_WMEMCHR''@|1|g' \
	      -e 's|@''HAVE_WMEMCMP''@|1|g' \
	      -e 's|@''HAVE_WMEMCPY''@|1|g' \
	      -e 's|@''HAVE_WMEMMOVE''@|1|g' \
	      -e 's|@''HAVE_WMEMSET''@|1|g' \
	      -e 's|@''HAVE_WCSLEN''@|1|g' \
	      -e 's|@''HAVE_WCSNLEN''@|1|g' \
	      -e 's|@''HAVE_WCSCPY''@|1|g' \
	      -e 's|@''HAVE_WCPCPY''@|1|g' \
	      -e 's|@''HAVE_WCSNCPY''@|1|g' \
	      -e 's|@''HAVE_WCPNCPY''@|1|g' \
	      -e 's|@''HAVE_WCSCAT''@|1|g' \
	      -e 's|@''HAVE_WCSNCAT''@|1|g' \
	      -e 's|@''HAVE_WCSCMP''@|1|g' \
	      -e 's|@''HAVE_WCSNCMP''@|1|g' \
	      -e 's|@''HAVE_WCSCASECMP''@|1|g' \
	      -e 's|@''HAVE_WCSNCASECMP''@|1|g' \
	      -e 's|@''HAVE_WCSCOLL''@|1|g' \
	      -e 's|@''HAVE_WCSXFRM''@|1|g' \
	      -e 's|@''HAVE_WCSDUP''@|1|g' \
	      -e 's|@''HAVE_WCSCHR''@|1|g' \
	      -e 's|@''HAVE_WCSRCHR''@|1|g' \
	      -e 's|@''HAVE_WCSCSPN''@|1|g' \
	      -e 's|@''HAVE_WCSSPN''@|1|g' \
	      -e 's|@''HAVE_WCSPBRK''@|1|g' \
	      -e 's|@''HAVE_WCSSTR''@|1|g' \
	      -e 's|@''HAVE_WCSTOK''@|1|g' \
	      -e 's|@''HAVE_WCSWIDTH''@|1|g' \
	      -e 's|@''HAVE_DECL_WCTOB''@|1|g' \
	      -e 's|@''HAVE_DECL_WCWIDTH''@|1|g' \
	  | \
	  sed -e 's|@''REPLACE_MBSTATE_T''@|0|g' \
	      -e 's|@''REPLACE_BTOWC''@|0|g' \
	      -e 's|@''REPLACE_WCTOB''@|0|g' \
	      -e 's|@''REPLACE_MBSINIT''@|0|g' \
	      -e 's|@''REPLACE_MBRTOWC''@|0|g' \
	      -e 's|@''REPLACE_MBRLEN''@|0|g' \
	      -e 's|@''REPLACE_MBSRTOWCS''@|0|g' \
	      -e 's|@''REPLACE_MBSNRTOWCS''@|0|g' \
	      -e 's|@''REPLACE_WCRTOMB''@|0|g' \
	      -e 's|@''REPLACE_WCSRTOMBS''@|0|g' \
	      -e 's|@''REPLACE_WCSNRTOMBS''@|0|g' \
	      -e 's|@''REPLACE_WCWIDTH''@|0|g' \
	      -e 's|@''REPLACE_WCSWIDTH''@|0|g' \
	      -e '/definitions of _GL_FUNCDECL_RPL/r c++defs.h' \
	      -e '/definition of _GL_ARG_NONNULL/r arg-nonnull.h' \
	      -e '/definition of _GL_WARN_ON_USE/r warn-on-use.h'; \
	} > wchar.h-t && \
	mv wchar.h-t wchar.h
no
checking for strerror... yes
checking for strsignal... make  all-recursive
make[8]: Entering directory `/home/sparksco/android/toolchain/aosp/build/gdb-7.5.1/gdb/build-gnulib/import'
make[9]: Entering directory `/home/sparksco/android/toolchain/aosp/build/gdb-7.5.1/gdb/build-gnulib/import'
gcc-4.7 -DHAVE_CONFIG_H -I. -I../../../.././../gdb/gdb-7.5.1/gdb/gnulib/import -I..     -g -O2 -MT localcharset.o -MD -MP -MF .deps/localcharset.Tpo -c -o localcharset.o ../../../.././../gdb/gdb-7.5.1/gdb/gnulib/import/localcharset.c
gcc-4.7 -DHAVE_CONFIG_H -I. -I../../../.././../gdb/gdb-7.5.1/gdb/gnulib/import -I..     -g -O2 -MT strnlen1.o -MD -MP -MF .deps/strnlen1.Tpo -c -o strnlen1.o ../../../.././../gdb/gdb-7.5.1/gdb/gnulib/import/strnlen1.c
rm -f t-charset.alias charset.alias && \
	/bin/bash ../../../.././../gdb/gdb-7.5.1/gdb/gnulib/import/config.charset 'x86_64-pc-linux-gnu' > t-charset.alias && \
	mv t-charset.alias charset.alias
rm -f t-ref-add.sed ref-add.sed && \
	sed -e '/^#/d' -e 's/@''PACKAGE''@/libgnu/g' ../../../.././../gdb/gdb-7.5.1/gdb/gnulib/import/ref-add.sin > t-ref-add.sed && \
	mv t-ref-add.sed ref-add.sed
rm -f t-ref-del.sed ref-del.sed && \
	sed -e '/^#/d' -e 's/@''PACKAGE''@/libgnu/g' ../../../.././../gdb/gdb-7.5.1/gdb/gnulib/import/ref-del.sin > t-ref-del.sed && \
	mv t-ref-del.sed ref-del.sed
yes
checking for strsignal... yes
checking for sysconf... mv -f .deps/strnlen1.Tpo .deps/strnlen1.Po
yes
Moving observer.itmp to observer.inc
checking for sysconf... yes
checking for sysctl... mv -f .deps/localcharset.Tpo .deps/localcharset.Po
rm -f libgnu.a
ar cru libgnu.a localcharset.o strnlen1.o  
ranlib libgnu.a
make[9]: Leaving directory `/home/sparksco/android/toolchain/aosp/build/gdb-7.5.1/gdb/build-gnulib/import'
make[8]: Leaving directory `/home/sparksco/android/toolchain/aosp/build/gdb-7.5.1/gdb/build-gnulib/import'
make[7]: Leaving directory `/home/sparksco/android/toolchain/aosp/build/gdb-7.5.1/gdb/build-gnulib/import'
make[6]: Leaving directory `/home/sparksco/android/toolchain/aosp/build/gdb-7.5.1/gdb/build-gnulib'
make[5]: Leaving directory `/home/sparksco/android/toolchain/aosp/build/gdb-7.5.1/gdb/build-gnulib'
make[4]: Leaving directory `/home/sparksco/android/toolchain/aosp/build/gdb-7.5.1/gdb'
gcc-4.7 -g -O2   -I. -I../.././../gdb/gdb-7.5.1/gdb -I../.././../gdb/gdb-7.5.1/gdb/common -I../.././../gdb/gdb-7.5.1/gdb/config -DLOCALEDIR="\"/home/sparksco/android/arm-linux-androideabi/share/locale\"" -DHAVE_CONFIG_H -I../.././../gdb/gdb-7.5.1/gdb/../include/opcode -I../.././../gdb/gdb-7.5.1/gdb/../opcodes/.. -I../.././../gdb/gdb-7.5.1/gdb/../readline/.. -I../bfd -I../.././../gdb/gdb-7.5.1/gdb/../bfd -I../.././../gdb/gdb-7.5.1/gdb/../include -I../libdecnumber -I../.././../gdb/gdb-7.5.1/gdb/../libdecnumber  -I../.././../gdb/gdb-7.5.1/gdb/gnulib/import -Ibuild-gnulib/import   -DTUI=1 -I/home/sparksco/android/toolchain/aosp/build/temp-install/include  -Wall -Wdeclaration-after-statement -Wpointer-arith -Wformat-nonliteral -Wno-pointer-sign -Wno-unused -Wunused-value -Wunused-function -Wno-switch -Wno-char-subscripts -Wmissing-prototypes -Wdeclaration-after-statement  -c -o gdb.o -MT gdb.o -MMD -MP -MF .deps/gdb.Tpo ../.././../gdb/gdb-7.5.1/gdb/gdb.c
gcc-4.7 -g -O2   -I. -I../.././../gdb/gdb-7.5.1/gdb -I../.././../gdb/gdb-7.5.1/gdb/common -I../.././../gdb/gdb-7.5.1/gdb/config -DLOCALEDIR="\"/home/sparksco/android/arm-linux-androideabi/share/locale\"" -DHAVE_CONFIG_H -I../.././../gdb/gdb-7.5.1/gdb/../include/opcode -I../.././../gdb/gdb-7.5.1/gdb/../opcodes/.. -I../.././../gdb/gdb-7.5.1/gdb/../readline/.. -I../bfd -I../.././../gdb/gdb-7.5.1/gdb/../bfd -I../.././../gdb/gdb-7.5.1/gdb/../include -I../libdecnumber -I../.././../gdb/gdb-7.5.1/gdb/../libdecnumber  -I../.././../gdb/gdb-7.5.1/gdb/gnulib/import -Ibuild-gnulib/import   -DTUI=1 -I/home/sparksco/android/toolchain/aosp/build/temp-install/include  -Wall -Wdeclaration-after-statement -Wpointer-arith -Wformat-nonliteral -Wno-pointer-sign -Wno-unused -Wunused-value -Wunused-function -Wno-switch -Wno-char-subscripts -Wmissing-prototypes -Wdeclaration-after-statement  -c -o arm-tdep.o -MT arm-tdep.o -MMD -MP -MF .deps/arm-tdep.Tpo ../.././../gdb/gdb-7.5.1/gdb/arm-tdep.c
gcc-4.7 -g -O2   -I. -I../.././../gdb/gdb-7.5.1/gdb -I../.././../gdb/gdb-7.5.1/gdb/common -I../.././../gdb/gdb-7.5.1/gdb/config -DLOCALEDIR="\"/home/sparksco/android/arm-linux-androideabi/share/locale\"" -DHAVE_CONFIG_H -I../.././../gdb/gdb-7.5.1/gdb/../include/opcode -I../.././../gdb/gdb-7.5.1/gdb/../opcodes/.. -I../.././../gdb/gdb-7.5.1/gdb/../readline/.. -I../bfd -I../.././../gdb/gdb-7.5.1/gdb/../bfd -I../.././../gdb/gdb-7.5.1/gdb/../include -I../libdecnumber -I../.././../gdb/gdb-7.5.1/gdb/../libdecnumber  -I../.././../gdb/gdb-7.5.1/gdb/gnulib/import -Ibuild-gnulib/import   -DTUI=1 -I/home/sparksco/android/toolchain/aosp/build/temp-install/include  -Wall -Wdeclaration-after-statement -Wpointer-arith -Wformat-nonliteral -Wno-pointer-sign -Wno-unused -Wunused-value -Wunused-function -Wno-switch -Wno-char-subscripts -Wmissing-prototypes -Wdeclaration-after-statement  -c -o arm-linux-tdep.o -MT arm-linux-tdep.o -MMD -MP -MF .deps/arm-linux-tdep.Tpo ../.././../gdb/gdb-7.5.1/gdb/arm-linux-tdep.c
gcc-4.7 -g -O2   -I. -I../.././../gdb/gdb-7.5.1/gdb -I../.././../gdb/gdb-7.5.1/gdb/common -I../.././../gdb/gdb-7.5.1/gdb/config -DLOCALEDIR="\"/home/sparksco/android/arm-linux-androideabi/share/locale\"" -DHAVE_CONFIG_H -I../.././../gdb/gdb-7.5.1/gdb/../include/opcode -I../.././../gdb/gdb-7.5.1/gdb/../opcodes/.. -I../.././../gdb/gdb-7.5.1/gdb/../readline/.. -I../bfd -I../.././../gdb/gdb-7.5.1/gdb/../bfd -I../.././../gdb/gdb-7.5.1/gdb/../include -I../libdecnumber -I../.././../gdb/gdb-7.5.1/gdb/../libdecnumber  -I../.././../gdb/gdb-7.5.1/gdb/gnulib/import -Ibuild-gnulib/import   -DTUI=1 -I/home/sparksco/android/toolchain/aosp/build/temp-install/include  -Wall -Wdeclaration-after-statement -Wpointer-arith -Wformat-nonliteral -Wno-pointer-sign -Wno-unused -Wunused-value -Wunused-function -Wno-switch -Wno-char-subscripts -Wmissing-prototypes -Wdeclaration-after-statement  -c -o glibc-tdep.o -MT glibc-tdep.o -MMD -MP -MF .deps/glibc-tdep.Tpo ../.././../gdb/gdb-7.5.1/gdb/glibc-tdep.c
gcc-4.7 -g -O2   -I. -I../.././../gdb/gdb-7.5.1/gdb -I../.././../gdb/gdb-7.5.1/gdb/common -I../.././../gdb/gdb-7.5.1/gdb/config -DLOCALEDIR="\"/home/sparksco/android/arm-linux-androideabi/share/locale\"" -DHAVE_CONFIG_H -I../.././../gdb/gdb-7.5.1/gdb/../include/opcode -I../.././../gdb/gdb-7.5.1/gdb/../opcodes/.. -I../.././../gdb/gdb-7.5.1/gdb/../readline/.. -I../bfd -I../.././../gdb/gdb-7.5.1/gdb/../bfd -I../.././../gdb/gdb-7.5.1/gdb/../include -I../libdecnumber -I../.././../gdb/gdb-7.5.1/gdb/../libdecnumber  -I../.././../gdb/gdb-7.5.1/gdb/gnulib/import -Ibuild-gnulib/import   -DTUI=1 -I/home/sparksco/android/toolchain/aosp/build/temp-install/include  -Wall -Wdeclaration-after-statement -Wpointer-arith -Wformat-nonliteral -Wno-pointer-sign -Wno-unused -Wunused-value -Wunused-function -Wno-switch -Wno-char-subscripts -Wmissing-prototypes -Wdeclaration-after-statement  -c -o solib-svr4.o -MT solib-svr4.o -MMD -MP -MF .deps/solib-svr4.Tpo ../.././../gdb/gdb-7.5.1/gdb/solib-svr4.c
gcc-4.7 -g -O2   -I. -I../.././../gdb/gdb-7.5.1/gdb -I../.././../gdb/gdb-7.5.1/gdb/common -I../.././../gdb/gdb-7.5.1/gdb/config -DLOCALEDIR="\"/home/sparksco/android/arm-linux-androideabi/share/locale\"" -DHAVE_CONFIG_H -I../.././../gdb/gdb-7.5.1/gdb/../include/opcode -I../.././../gdb/gdb-7.5.1/gdb/../opcodes/.. -I../.././../gdb/gdb-7.5.1/gdb/../readline/.. -I../bfd -I../.././../gdb/gdb-7.5.1/gdb/../bfd -I../.././../gdb/gdb-7.5.1/gdb/../include -I../libdecnumber -I../.././../gdb/gdb-7.5.1/gdb/../libdecnumber  -I../.././../gdb/gdb-7.5.1/gdb/gnulib/import -Ibuild-gnulib/import   -DTUI=1 -I/home/sparksco/android/toolchain/aosp/build/temp-install/include  -Wall -Wdeclaration-after-statement -Wpointer-arith -Wformat-nonliteral -Wno-pointer-sign -Wno-unused -Wunused-value -Wunused-function -Wno-switch -Wno-char-subscripts -Wmissing-prototypes -Wdeclaration-after-statement  -c -o symfile-mem.o -MT symfile-mem.o -MMD -MP -MF .deps/symfile-mem.Tpo ../.././../gdb/gdb-7.5.1/gdb/symfile-mem.c
yes
yes
gcc-4.7 -g -O2   -I. -I../.././../gdb/gdb-7.5.1/gdb -I../.././../gdb/gdb-7.5.1/gdb/common -I../.././../gdb/gdb-7.5.1/gdb/config -DLOCALEDIR="\"/home/sparksco/android/arm-linux-androideabi/share/locale\"" -DHAVE_CONFIG_H -I../.././../gdb/gdb-7.5.1/gdb/../include/opcode -I../.././../gdb/gdb-7.5.1/gdb/../opcodes/.. -I../.././../gdb/gdb-7.5.1/gdb/../readline/.. -I../bfd -I../.././../gdb/gdb-7.5.1/gdb/../bfd -I../.././../gdb/gdb-7.5.1/gdb/../include -I../libdecnumber -I../.././../gdb/gdb-7.5.1/gdb/../libdecnumber  -I../.././../gdb/gdb-7.5.1/gdb/gnulib/import -Ibuild-gnulib/import   -DTUI=1 -I/home/sparksco/android/toolchain/aosp/build/temp-install/include  -Wall -Wdeclaration-after-statement -Wpointer-arith -Wformat-nonliteral -Wno-pointer-sign -Wno-unused -Wunused-value -Wunused-function -Wno-switch -Wno-char-subscripts -Wmissing-prototypes -Wdeclaration-after-statement  -c -o linux-tdep.o -MT linux-tdep.o -MMD -MP -MF .deps/linux-tdep.Tpo ../.././../gdb/gdb-7.5.1/gdb/linux-tdep.c
gcc-4.7 -g -O2   -I. -I../.././../gdb/gdb-7.5.1/gdb -I../.././../gdb/gdb-7.5.1/gdb/common -I../.././../gdb/gdb-7.5.1/gdb/config -DLOCALEDIR="\"/home/sparksco/android/arm-linux-androideabi/share/locale\"" -DHAVE_CONFIG_H -I../.././../gdb/gdb-7.5.1/gdb/../include/opcode -I../.././../gdb/gdb-7.5.1/gdb/../opcodes/.. -I../.././../gdb/gdb-7.5.1/gdb/../readline/.. -I../bfd -I../.././../gdb/gdb-7.5.1/gdb/../bfd -I../.././../gdb/gdb-7.5.1/gdb/../include -I../libdecnumber -I../.././../gdb/gdb-7.5.1/gdb/../libdecnumber  -I../.././../gdb/gdb-7.5.1/gdb/gnulib/import -Ibuild-gnulib/import   -DTUI=1 -I/home/sparksco/android/toolchain/aosp/build/temp-install/include  -Wall -Wdeclaration-after-statement -Wpointer-arith -Wformat-nonliteral -Wno-pointer-sign -Wno-unused -Wunused-value -Wunused-function -Wno-switch -Wno-char-subscripts -Wmissing-prototypes -Wdeclaration-after-statement  -c -o ser-base.o -MT ser-base.o -MMD -MP -MF .deps/ser-base.Tpo ../.././../gdb/gdb-7.5.1/gdb/ser-base.c
checking for sysmp... checking for sysctl... no
checking for table... gcc-4.7 -g -O2   -I. -I../.././../gdb/gdb-7.5.1/gdb -I../.././../gdb/gdb-7.5.1/gdb/common -I../.././../gdb/gdb-7.5.1/gdb/config -DLOCALEDIR="\"/home/sparksco/android/arm-linux-androideabi/share/locale\"" -DHAVE_CONFIG_H -I../.././../gdb/gdb-7.5.1/gdb/../include/opcode -I../.././../gdb/gdb-7.5.1/gdb/../opcodes/.. -I../.././../gdb/gdb-7.5.1/gdb/../readline/.. -I../bfd -I../.././../gdb/gdb-7.5.1/gdb/../bfd -I../.././../gdb/gdb-7.5.1/gdb/../include -I../libdecnumber -I../.././../gdb/gdb-7.5.1/gdb/../libdecnumber  -I../.././../gdb/gdb-7.5.1/gdb/gnulib/import -Ibuild-gnulib/import   -DTUI=1 -I/home/sparksco/android/toolchain/aosp/build/temp-install/include  -Wall -Wdeclaration-after-statement -Wpointer-arith -Wformat-nonliteral -Wno-pointer-sign -Wno-unused -Wunused-value -Wunused-function -Wno-switch -Wno-char-subscripts -Wmissing-prototypes -Wdeclaration-after-statement  -c -o ser-unix.o -MT ser-unix.o -MMD -MP -MF .deps/ser-unix.Tpo ../.././../gdb/gdb-7.5.1/gdb/ser-unix.c
yes
no
gcc-4.7 -g -O2   -I. -I../.././../gdb/gdb-7.5.1/gdb -I../.././../gdb/gdb-7.5.1/gdb/common -I../.././../gdb/gdb-7.5.1/gdb/config -DLOCALEDIR="\"/home/sparksco/android/arm-linux-androideabi/share/locale\"" -DHAVE_CONFIG_H -I../.././../gdb/gdb-7.5.1/gdb/../include/opcode -I../.././../gdb/gdb-7.5.1/gdb/../opcodes/.. -I../.././../gdb/gdb-7.5.1/gdb/../readline/.. -I../bfd -I../.././../gdb/gdb-7.5.1/gdb/../bfd -I../.././../gdb/gdb-7.5.1/gdb/../include -I../libdecnumber -I../.././../gdb/gdb-7.5.1/gdb/../libdecnumber  -I../.././../gdb/gdb-7.5.1/gdb/gnulib/import -Ibuild-gnulib/import   -DTUI=1 -I/home/sparksco/android/toolchain/aosp/build/temp-install/include  -Wall -Wdeclaration-after-statement -Wpointer-arith -Wformat-nonliteral -Wno-pointer-sign -Wno-unused -Wunused-value -Wunused-function -Wno-switch -Wno-char-subscripts -Wmissing-prototypes -Wdeclaration-after-statement  -c -o ser-pipe.o -MT ser-pipe.o -MMD -MP -MF .deps/ser-pipe.Tpo ../.././../gdb/gdb-7.5.1/gdb/ser-pipe.c
checking for sysmp... checking for times... gcc-4.7 -g -O2   -I. -I../.././../gdb/gdb-7.5.1/gdb -I../.././../gdb/gdb-7.5.1/gdb/common -I../.././../gdb/gdb-7.5.1/gdb/config -DLOCALEDIR="\"/home/sparksco/android/arm-linux-androideabi/share/locale\"" -DHAVE_CONFIG_H -I../.././../gdb/gdb-7.5.1/gdb/../include/opcode -I../.././../gdb/gdb-7.5.1/gdb/../opcodes/.. -I../.././../gdb/gdb-7.5.1/gdb/../readline/.. -I../bfd -I../.././../gdb/gdb-7.5.1/gdb/../bfd -I../.././../gdb/gdb-7.5.1/gdb/../include -I../libdecnumber -I../.././../gdb/gdb-7.5.1/gdb/../libdecnumber  -I../.././../gdb/gdb-7.5.1/gdb/gnulib/import -Ibuild-gnulib/import   -DTUI=1 -I/home/sparksco/android/toolchain/aosp/build/temp-install/include  -Wall -Wdeclaration-after-statement -Wpointer-arith -Wformat-nonliteral -Wno-pointer-sign -Wno-unused -Wunused-value -Wunused-function -Wno-switch -Wno-char-subscripts -Wmissing-prototypes -Wdeclaration-after-statement  -c -o ser-tcp.o -MT ser-tcp.o -MMD -MP -MF .deps/ser-tcp.Tpo ../.././../gdb/gdb-7.5.1/gdb/ser-tcp.c
gcc-4.7 -g -O2   -I. -I../.././../gdb/gdb-7.5.1/gdb -I../.././../gdb/gdb-7.5.1/gdb/common -I../.././../gdb/gdb-7.5.1/gdb/config -DLOCALEDIR="\"/home/sparksco/android/arm-linux-androideabi/share/locale\"" -DHAVE_CONFIG_H -I../.././../gdb/gdb-7.5.1/gdb/../include/opcode -I../.././../gdb/gdb-7.5.1/gdb/../opcodes/.. -I../.././../gdb/gdb-7.5.1/gdb/../readline/.. -I../bfd -I../.././../gdb/gdb-7.5.1/gdb/../bfd -I../.././../gdb/gdb-7.5.1/gdb/../include -I../libdecnumber -I../.././../gdb/gdb-7.5.1/gdb/../libdecnumber  -I../.././../gdb/gdb-7.5.1/gdb/gnulib/import -Ibuild-gnulib/import   -DTUI=1 -I/home/sparksco/android/toolchain/aosp/build/temp-install/include  -Wall -Wdeclaration-after-statement -Wpointer-arith -Wformat-nonliteral -Wno-pointer-sign -Wno-unused -Wunused-value -Wunused-function -Wno-switch -Wno-char-subscripts -Wmissing-prototypes -Wdeclaration-after-statement  -c -o remote.o -MT remote.o -MMD -MP -MF .deps/remote.Tpo ../.././../gdb/gdb-7.5.1/gdb/remote.c
no
yes
checking for table... gcc-4.7 -g -O2   -I. -I../.././../gdb/gdb-7.5.1/gdb -I../.././../gdb/gdb-7.5.1/gdb/common -I../.././../gdb/gdb-7.5.1/gdb/config -DLOCALEDIR="\"/home/sparksco/android/arm-linux-androideabi/share/locale\"" -DHAVE_CONFIG_H -I../.././../gdb/gdb-7.5.1/gdb/../include/opcode -I../.././../gdb/gdb-7.5.1/gdb/../opcodes/.. -I../.././../gdb/gdb-7.5.1/gdb/../readline/.. -I../bfd -I../.././../gdb/gdb-7.5.1/gdb/../bfd -I../.././../gdb/gdb-7.5.1/gdb/../include -I../libdecnumber -I../.././../gdb/gdb-7.5.1/gdb/../libdecnumber  -I../.././../gdb/gdb-7.5.1/gdb/gnulib/import -Ibuild-gnulib/import   -DTUI=1 -I/home/sparksco/android/toolchain/aosp/build/temp-install/include  -Wall -Wdeclaration-after-statement -Wpointer-arith -Wformat-nonliteral -Wno-pointer-sign -Wno-unused -Wunused-value -Wunused-function -Wno-switch -Wno-char-subscripts -Wmissing-prototypes -Wdeclaration-after-statement  -c -o dcache.o -MT dcache.o -MMD -MP -MF .deps/dcache.Tpo ../.././../gdb/gdb-7.5.1/gdb/dcache.c
checking for wait3... gcc-4.7 -g -O2   -I. -I../.././../gdb/gdb-7.5.1/gdb -I../.././../gdb/gdb-7.5.1/gdb/common -I../.././../gdb/gdb-7.5.1/gdb/config -DLOCALEDIR="\"/home/sparksco/android/arm-linux-androideabi/share/locale\"" -DHAVE_CONFIG_H -I../.././../gdb/gdb-7.5.1/gdb/../include/opcode -I../.././../gdb/gdb-7.5.1/gdb/../opcodes/.. -I../.././../gdb/gdb-7.5.1/gdb/../readline/.. -I../bfd -I../.././../gdb/gdb-7.5.1/gdb/../bfd -I../.././../gdb/gdb-7.5.1/gdb/../include -I../libdecnumber -I../.././../gdb/gdb-7.5.1/gdb/../libdecnumber  -I../.././../gdb/gdb-7.5.1/gdb/gnulib/import -Ibuild-gnulib/import   -DTUI=1 -I/home/sparksco/android/toolchain/aosp/build/temp-install/include  -Wall -Wdeclaration-after-statement -Wpointer-arith -Wformat-nonliteral -Wno-pointer-sign -Wno-unused -Wunused-value -Wunused-function -Wno-switch -Wno-char-subscripts -Wmissing-prototypes -Wdeclaration-after-statement  -c -o tracepoint.o -MT tracepoint.o -MMD -MP -MF .deps/tracepoint.Tpo ../.././../gdb/gdb-7.5.1/gdb/tracepoint.c
no
checking for times... gcc-4.7 -g -O2   -I. -I../.././../gdb/gdb-7.5.1/gdb -I../.././../gdb/gdb-7.5.1/gdb/common -I../.././../gdb/gdb-7.5.1/gdb/config -DLOCALEDIR="\"/home/sparksco/android/arm-linux-androideabi/share/locale\"" -DHAVE_CONFIG_H -I../.././../gdb/gdb-7.5.1/gdb/../include/opcode -I../.././../gdb/gdb-7.5.1/gdb/../opcodes/.. -I../.././../gdb/gdb-7.5.1/gdb/../readline/.. -I../bfd -I../.././../gdb/gdb-7.5.1/gdb/../bfd -I../.././../gdb/gdb-7.5.1/gdb/../include -I../libdecnumber -I../.././../gdb/gdb-7.5.1/gdb/../libdecnumber  -I../.././../gdb/gdb-7.5.1/gdb/gnulib/import -Ibuild-gnulib/import   -DTUI=1 -I/home/sparksco/android/toolchain/aosp/build/temp-install/include  -Wall -Wdeclaration-after-statement -Wpointer-arith -Wformat-nonliteral -Wno-pointer-sign -Wno-unused -Wunused-value -Wunused-function -Wno-switch -Wno-char-subscripts -Wmissing-prototypes -Wdeclaration-after-statement  -c -o ax-general.o -MT ax-general.o -MMD -MP -MF .deps/ax-general.Tpo ../.././../gdb/gdb-7.5.1/gdb/ax-general.c
gcc-4.7 -g -O2   -I. -I../.././../gdb/gdb-7.5.1/gdb -I../.././../gdb/gdb-7.5.1/gdb/common -I../.././../gdb/gdb-7.5.1/gdb/config -DLOCALEDIR="\"/home/sparksco/android/arm-linux-androideabi/share/locale\"" -DHAVE_CONFIG_H -I../.././../gdb/gdb-7.5.1/gdb/../include/opcode -I../.././../gdb/gdb-7.5.1/gdb/../opcodes/.. -I../.././../gdb/gdb-7.5.1/gdb/../readline/.. -I../bfd -I../.././../gdb/gdb-7.5.1/gdb/../bfd -I../.././../gdb/gdb-7.5.1/gdb/../include -I../libdecnumber -I../.././../gdb/gdb-7.5.1/gdb/../libdecnumber  -I../.././../gdb/gdb-7.5.1/gdb/gnulib/import -Ibuild-gnulib/import   -DTUI=1 -I/home/sparksco/android/toolchain/aosp/build/temp-install/include  -Wall -Wdeclaration-after-statement -Wpointer-arith -Wformat-nonliteral -Wno-pointer-sign -Wno-unused -Wunused-value -Wunused-function -Wno-switch -Wno-char-subscripts -Wmissing-prototypes -Wdeclaration-after-statement  -c -o ax-gdb.o -MT ax-gdb.o -MMD -MP -MF .deps/ax-gdb.Tpo ../.././../gdb/gdb-7.5.1/gdb/ax-gdb.c
gcc-4.7 -g -O2   -I. -I../.././../gdb/gdb-7.5.1/gdb -I../.././../gdb/gdb-7.5.1/gdb/common -I../.././../gdb/gdb-7.5.1/gdb/config -DLOCALEDIR="\"/home/sparksco/android/arm-linux-androideabi/share/locale\"" -DHAVE_CONFIG_H -I../.././../gdb/gdb-7.5.1/gdb/../include/opcode -I../.././../gdb/gdb-7.5.1/gdb/../opcodes/.. -I../.././../gdb/gdb-7.5.1/gdb/../readline/.. -I../bfd -I../.././../gdb/gdb-7.5.1/gdb/../bfd -I../.././../gdb/gdb-7.5.1/gdb/../include -I../libdecnumber -I../.././../gdb/gdb-7.5.1/gdb/../libdecnumber  -I../.././../gdb/gdb-7.5.1/gdb/gnulib/import -Ibuild-gnulib/import   -DTUI=1 -I/home/sparksco/android/toolchain/aosp/build/temp-install/include  -Wall -Wdeclaration-after-statement -Wpointer-arith -Wformat-nonliteral -Wno-pointer-sign -Wno-unused -Wunused-value -Wunused-function -Wno-switch -Wno-char-subscripts -Wmissing-prototypes -Wdeclaration-after-statement  -c -o remote-fileio.o -MT remote-fileio.o -MMD -MP -MF .deps/remote-fileio.Tpo ../.././../gdb/gdb-7.5.1/gdb/remote-fileio.c
yes
checking for wait4... yes
checking for wait3... yes
yes
gcc-4.7 -g -O2   -I. -I../.././../gdb/gdb-7.5.1/gdb -I../.././../gdb/gdb-7.5.1/gdb/common -I../.././../gdb/gdb-7.5.1/gdb/config -DLOCALEDIR="\"/home/sparksco/android/arm-linux-androideabi/share/locale\"" -DHAVE_CONFIG_H -I../.././../gdb/gdb-7.5.1/gdb/../include/opcode -I../.././../gdb/gdb-7.5.1/gdb/../opcodes/.. -I../.././../gdb/gdb-7.5.1/gdb/../readline/.. -I../bfd -I../.././../gdb/gdb-7.5.1/gdb/../bfd -I../.././../gdb/gdb-7.5.1/gdb/../include -I../libdecnumber -I../.././../gdb/gdb-7.5.1/gdb/../libdecnumber  -I../.././../gdb/gdb-7.5.1/gdb/gnulib/import -Ibuild-gnulib/import   -DTUI=1 -I/home/sparksco/android/toolchain/aosp/build/temp-install/include  -Wall -Wdeclaration-after-statement -Wpointer-arith -Wformat-nonliteral -Wno-pointer-sign -Wno-unused -Wunused-value -Wunused-function -Wno-switch -Wno-char-subscripts -Wmissing-prototypes -Wdeclaration-after-statement  -c -o cli-dump.o -MT cli-dump.o -MMD -MP -MF .deps/cli-dump.Tpo ../.././../gdb/gdb-7.5.1/gdb/cli/cli-dump.c
gcc-4.7 -g -O2   -I. -I../.././../gdb/gdb-7.5.1/gdb -I../.././../gdb/gdb-7.5.1/gdb/common -I../.././../gdb/gdb-7.5.1/gdb/config -DLOCALEDIR="\"/home/sparksco/android/arm-linux-androideabi/share/locale\"" -DHAVE_CONFIG_H -I../.././../gdb/gdb-7.5.1/gdb/../include/opcode -I../.././../gdb/gdb-7.5.1/gdb/../opcodes/.. -I../.././../gdb/gdb-7.5.1/gdb/../readline/.. -I../bfd -I../.././../gdb/gdb-7.5.1/gdb/../bfd -I../.././../gdb/gdb-7.5.1/gdb/../include -I../libdecnumber -I../.././../gdb/gdb-7.5.1/gdb/../libdecnumber  -I../.././../gdb/gdb-7.5.1/gdb/gnulib/import -Ibuild-gnulib/import   -DTUI=1 -I/home/sparksco/android/toolchain/aosp/build/temp-install/include  -Wall -Wdeclaration-after-statement -Wpointer-arith -Wformat-nonliteral -Wno-pointer-sign -Wno-unused -Wunused-value -Wunused-function -Wno-switch -Wno-char-subscripts -Wmissing-prototypes -Wdeclaration-after-statement  -c -o cli-decode.o -MT cli-decode.o -MMD -MP -MF .deps/cli-decode.Tpo ../.././../gdb/gdb-7.5.1/gdb/cli/cli-decode.c
checking whether basename is declared... checking for wait4... gcc-4.7 -g -O2   -I. -I../.././../gdb/gdb-7.5.1/gdb -I../.././../gdb/gdb-7.5.1/gdb/common -I../.././../gdb/gdb-7.5.1/gdb/config -DLOCALEDIR="\"/home/sparksco/android/arm-linux-androideabi/share/locale\"" -DHAVE_CONFIG_H -I../.././../gdb/gdb-7.5.1/gdb/../include/opcode -I../.././../gdb/gdb-7.5.1/gdb/../opcodes/.. -I../.././../gdb/gdb-7.5.1/gdb/../readline/.. -I../bfd -I../.././../gdb/gdb-7.5.1/gdb/../bfd -I../.././../gdb/gdb-7.5.1/gdb/../include -I../libdecnumber -I../.././../gdb/gdb-7.5.1/gdb/../libdecnumber  -I../.././../gdb/gdb-7.5.1/gdb/gnulib/import -Ibuild-gnulib/import   -DTUI=1 -I/home/sparksco/android/toolchain/aosp/build/temp-install/include  -Wall -Wdeclaration-after-statement -Wpointer-arith -Wformat-nonliteral -Wno-pointer-sign -Wno-unused -Wunused-value -Wunused-function -Wno-switch -Wno-char-subscripts -Wmissing-prototypes -Wdeclaration-after-statement  -c -o cli-script.o -MT cli-script.o -MMD -MP -MF .deps/cli-script.Tpo ../.././../gdb/gdb-7.5.1/gdb/cli/cli-script.c
no
yes
checking whether ffs is declared... checking whether basename is declared... gcc-4.7 -g -O2   -I. -I../.././../gdb/gdb-7.5.1/gdb -I../.././../gdb/gdb-7.5.1/gdb/common -I../.././../gdb/gdb-7.5.1/gdb/config -DLOCALEDIR="\"/home/sparksco/android/arm-linux-androideabi/share/locale\"" -DHAVE_CONFIG_H -I../.././../gdb/gdb-7.5.1/gdb/../include/opcode -I../.././../gdb/gdb-7.5.1/gdb/../opcodes/.. -I../.././../gdb/gdb-7.5.1/gdb/../readline/.. -I../bfd -I../.././../gdb/gdb-7.5.1/gdb/../bfd -I../.././../gdb/gdb-7.5.1/gdb/../include -I../libdecnumber -I../.././../gdb/gdb-7.5.1/gdb/../libdecnumber  -I../.././../gdb/gdb-7.5.1/gdb/gnulib/import -Ibuild-gnulib/import   -DTUI=1 -I/home/sparksco/android/toolchain/aosp/build/temp-install/include  -Wall -Wdeclaration-after-statement -Wpointer-arith -Wformat-nonliteral -Wno-pointer-sign -Wno-unused -Wunused-value -Wunused-function -Wno-switch -Wno-char-subscripts -Wmissing-prototypes -Wdeclaration-after-statement  -c -o cli-cmds.o -MT cli-cmds.o -MMD -MP -MF .deps/cli-cmds.Tpo ../.././../gdb/gdb-7.5.1/gdb/cli/cli-cmds.c
yes
no
gcc-4.7 -g -O2   -I. -I../.././../gdb/gdb-7.5.1/gdb -I../.././../gdb/gdb-7.5.1/gdb/common -I../.././../gdb/gdb-7.5.1/gdb/config -DLOCALEDIR="\"/home/sparksco/android/arm-linux-androideabi/share/locale\"" -DHAVE_CONFIG_H -I../.././../gdb/gdb-7.5.1/gdb/../include/opcode -I../.././../gdb/gdb-7.5.1/gdb/../opcodes/.. -I../.././../gdb/gdb-7.5.1/gdb/../readline/.. -I../bfd -I../.././../gdb/gdb-7.5.1/gdb/../bfd -I../.././../gdb/gdb-7.5.1/gdb/../include -I../libdecnumber -I../.././../gdb/gdb-7.5.1/gdb/../libdecnumber  -I../.././../gdb/gdb-7.5.1/gdb/gnulib/import -Ibuild-gnulib/import   -DTUI=1 -I/home/sparksco/android/toolchain/aosp/build/temp-install/include  -Wall -Wdeclaration-after-statement -Wpointer-arith -Wformat-nonliteral -Wno-pointer-sign -Wno-unused -Wunused-value -Wunused-function -Wno-switch -Wno-char-subscripts -Wmissing-prototypes -Wdeclaration-after-statement  -c -o cli-setshow.o -MT cli-setshow.o -MMD -MP -MF .deps/cli-setshow.Tpo ../.././../gdb/gdb-7.5.1/gdb/cli/cli-setshow.c
checking whether asprintf is declared... checking whether ffs is declared... no
gcc-4.7 -g -O2   -I. -I../.././../gdb/gdb-7.5.1/gdb -I../.././../gdb/gdb-7.5.1/gdb/common -I../.././../gdb/gdb-7.5.1/gdb/config -DLOCALEDIR="\"/home/sparksco/android/arm-linux-androideabi/share/locale\"" -DHAVE_CONFIG_H -I../.././../gdb/gdb-7.5.1/gdb/../include/opcode -I../.././../gdb/gdb-7.5.1/gdb/../opcodes/.. -I../.././../gdb/gdb-7.5.1/gdb/../readline/.. -I../bfd -I../.././../gdb/gdb-7.5.1/gdb/../bfd -I../.././../gdb/gdb-7.5.1/gdb/../include -I../libdecnumber -I../.././../gdb/gdb-7.5.1/gdb/../libdecnumber  -I../.././../gdb/gdb-7.5.1/gdb/gnulib/import -Ibuild-gnulib/import   -DTUI=1 -I/home/sparksco/android/toolchain/aosp/build/temp-install/include  -Wall -Wdeclaration-after-statement -Wpointer-arith -Wformat-nonliteral -Wno-pointer-sign -Wno-unused -Wunused-value -Wunused-function -Wno-switch -Wno-char-subscripts -Wmissing-prototypes -Wdeclaration-after-statement  -c -o cli-logging.o -MT cli-logging.o -MMD -MP -MF .deps/cli-logging.Tpo ../.././../gdb/gdb-7.5.1/gdb/cli/cli-logging.c
checking whether vasprintf is declared... gcc-4.7 -g -O2   -I. -I../.././../gdb/gdb-7.5.1/gdb -I../.././../gdb/gdb-7.5.1/gdb/common -I../.././../gdb/gdb-7.5.1/gdb/config -DLOCALEDIR="\"/home/sparksco/android/arm-linux-androideabi/share/locale\"" -DHAVE_CONFIG_H -I../.././../gdb/gdb-7.5.1/gdb/../include/opcode -I../.././../gdb/gdb-7.5.1/gdb/../opcodes/.. -I../.././../gdb/gdb-7.5.1/gdb/../readline/.. -I../bfd -I../.././../gdb/gdb-7.5.1/gdb/../bfd -I../.././../gdb/gdb-7.5.1/gdb/../include -I../libdecnumber -I../.././../gdb/gdb-7.5.1/gdb/../libdecnumber  -I../.././../gdb/gdb-7.5.1/gdb/gnulib/import -Ibuild-gnulib/import   -DTUI=1 -I/home/sparksco/android/toolchain/aosp/build/temp-install/include  -Wall -Wdeclaration-after-statement -Wpointer-arith -Wformat-nonliteral -Wno-pointer-sign -Wno-unused -Wunused-value -Wunused-function -Wno-switch -Wno-char-subscripts -Wmissing-prototypes -Wdeclaration-after-statement  -c -o cli-interp.o -MT cli-interp.o -MMD -MP -MF .deps/cli-interp.Tpo ../.././../gdb/gdb-7.5.1/gdb/cli/cli-interp.c
yes
checking whether asprintf is declared... no
gcc-4.7 -g -O2   -I. -I../.././../gdb/gdb-7.5.1/gdb -I../.././../gdb/gdb-7.5.1/gdb/common -I../.././../gdb/gdb-7.5.1/gdb/config -DLOCALEDIR="\"/home/sparksco/android/arm-linux-androideabi/share/locale\"" -DHAVE_CONFIG_H -I../.././../gdb/gdb-7.5.1/gdb/../include/opcode -I../.././../gdb/gdb-7.5.1/gdb/../opcodes/.. -I../.././../gdb/gdb-7.5.1/gdb/../readline/.. -I../bfd -I../.././../gdb/gdb-7.5.1/gdb/../bfd -I../.././../gdb/gdb-7.5.1/gdb/../include -I../libdecnumber -I../.././../gdb/gdb-7.5.1/gdb/../libdecnumber  -I../.././../gdb/gdb-7.5.1/gdb/gnulib/import -Ibuild-gnulib/import   -DTUI=1 -I/home/sparksco/android/toolchain/aosp/build/temp-install/include  -Wall -Wdeclaration-after-statement -Wpointer-arith -Wformat-nonliteral -Wno-pointer-sign -Wno-unused -Wunused-value -Wunused-function -Wno-switch -Wno-char-subscripts -Wmissing-prototypes -Wdeclaration-after-statement  -c -o cli-utils.o -MT cli-utils.o -MMD -MP -MF .deps/cli-utils.Tpo ../.././../gdb/gdb-7.5.1/gdb/cli/cli-utils.c
gcc-4.7 -g -O2   -I. -I../.././../gdb/gdb-7.5.1/gdb -I../.././../gdb/gdb-7.5.1/gdb/common -I../.././../gdb/gdb-7.5.1/gdb/config -DLOCALEDIR="\"/home/sparksco/android/arm-linux-androideabi/share/locale\"" -DHAVE_CONFIG_H -I../.././../gdb/gdb-7.5.1/gdb/../include/opcode -I../.././../gdb/gdb-7.5.1/gdb/../opcodes/.. -I../.././../gdb/gdb-7.5.1/gdb/../readline/.. -I../bfd -I../.././../gdb/gdb-7.5.1/gdb/../bfd -I../.././../gdb/gdb-7.5.1/gdb/../include -I../libdecnumber -I../.././../gdb/gdb-7.5.1/gdb/../libdecnumber  -I../.././../gdb/gdb-7.5.1/gdb/gnulib/import -Ibuild-gnulib/import   -DTUI=1 -I/home/sparksco/android/toolchain/aosp/build/temp-install/include  -Wall -Wdeclaration-after-statement -Wpointer-arith -Wformat-nonliteral -Wno-pointer-sign -Wno-unused -Wunused-value -Wunused-function -Wno-switch -Wno-char-subscripts -Wmissing-prototypes -Wdeclaration-after-statement  -c -o mi-out.o -MT mi-out.o -MMD -MP -MF .deps/mi-out.Tpo ../.././../gdb/gdb-7.5.1/gdb/mi/mi-out.c
no
checking whether snprintf is declared... checking whether vasprintf is declared... no
gcc-4.7 -g -O2   -I. -I../.././../gdb/gdb-7.5.1/gdb -I../.././../gdb/gdb-7.5.1/gdb/common -I../.././../gdb/gdb-7.5.1/gdb/config -DLOCALEDIR="\"/home/sparksco/android/arm-linux-androideabi/share/locale\"" -DHAVE_CONFIG_H -I../.././../gdb/gdb-7.5.1/gdb/../include/opcode -I../.././../gdb/gdb-7.5.1/gdb/../opcodes/.. -I../.././../gdb/gdb-7.5.1/gdb/../readline/.. -I../bfd -I../.././../gdb/gdb-7.5.1/gdb/../bfd -I../.././../gdb/gdb-7.5.1/gdb/../include -I../libdecnumber -I../.././../gdb/gdb-7.5.1/gdb/../libdecnumber  -I../.././../gdb/gdb-7.5.1/gdb/gnulib/import -Ibuild-gnulib/import   -DTUI=1 -I/home/sparksco/android/toolchain/aosp/build/temp-install/include  -Wall -Wdeclaration-after-statement -Wpointer-arith -Wformat-nonliteral -Wno-pointer-sign -Wno-unused -Wunused-value -Wunused-function -Wno-switch -Wno-char-subscripts -Wmissing-prototypes -Wdeclaration-after-statement  -c -o mi-console.o -MT mi-console.o -MMD -MP -MF .deps/mi-console.Tpo ../.././../gdb/gdb-7.5.1/gdb/mi/mi-console.c
checking whether snprintf is declared... gcc-4.7 -g -O2   -I. -I../.././../gdb/gdb-7.5.1/gdb -I../.././../gdb/gdb-7.5.1/gdb/common -I../.././../gdb/gdb-7.5.1/gdb/config -DLOCALEDIR="\"/home/sparksco/android/arm-linux-androideabi/share/locale\"" -DHAVE_CONFIG_H -I../.././../gdb/gdb-7.5.1/gdb/../include/opcode -I../.././../gdb/gdb-7.5.1/gdb/../opcodes/.. -I../.././../gdb/gdb-7.5.1/gdb/../readline/.. -I../bfd -I../.././../gdb/gdb-7.5.1/gdb/../bfd -I../.././../gdb/gdb-7.5.1/gdb/../include -I../libdecnumber -I../.././../gdb/gdb-7.5.1/gdb/../libdecnumber  -I../.././../gdb/gdb-7.5.1/gdb/gnulib/import -Ibuild-gnulib/import   -DTUI=1 -I/home/sparksco/android/toolchain/aosp/build/temp-install/include  -Wall -Wdeclaration-after-statement -Wpointer-arith -Wformat-nonliteral -Wno-pointer-sign -Wno-unused -Wunused-value -Wunused-function -Wno-switch -Wno-char-subscripts -Wmissing-prototypes -Wdeclaration-after-statement  -c -o mi-cmds.o -MT mi-cmds.o -MMD -MP -MF .deps/mi-cmds.Tpo ../.././../gdb/gdb-7.5.1/gdb/mi/mi-cmds.c
gcc-4.7 -g -O2   -I. -I../.././../gdb/gdb-7.5.1/gdb -I../.././../gdb/gdb-7.5.1/gdb/common -I../.././../gdb/gdb-7.5.1/gdb/config -DLOCALEDIR="\"/home/sparksco/android/arm-linux-androideabi/share/locale\"" -DHAVE_CONFIG_H -I../.././../gdb/gdb-7.5.1/gdb/../include/opcode -I../.././../gdb/gdb-7.5.1/gdb/../opcodes/.. -I../.././../gdb/gdb-7.5.1/gdb/../readline/.. -I../bfd -I../.././../gdb/gdb-7.5.1/gdb/../bfd -I../.././../gdb/gdb-7.5.1/gdb/../include -I../libdecnumber -I../.././../gdb/gdb-7.5.1/gdb/../libdecnumber  -I../.././../gdb/gdb-7.5.1/gdb/gnulib/import -Ibuild-gnulib/import   -DTUI=1 -I/home/sparksco/android/toolchain/aosp/build/temp-install/include  -Wall -Wdeclaration-after-statement -Wpointer-arith -Wformat-nonliteral -Wno-pointer-sign -Wno-unused -Wunused-value -Wunused-function -Wno-switch -Wno-char-subscripts -Wmissing-prototypes -Wdeclaration-after-statement  -c -o mi-cmd-env.o -MT mi-cmd-env.o -MMD -MP -MF .deps/mi-cmd-env.Tpo ../.././../gdb/gdb-7.5.1/gdb/mi/mi-cmd-env.c
yes
gcc-4.7 -g -O2   -I. -I../.././../gdb/gdb-7.5.1/gdb -I../.././../gdb/gdb-7.5.1/gdb/common -I../.././../gdb/gdb-7.5.1/gdb/config -DLOCALEDIR="\"/home/sparksco/android/arm-linux-androideabi/share/locale\"" -DHAVE_CONFIG_H -I../.././../gdb/gdb-7.5.1/gdb/../include/opcode -I../.././../gdb/gdb-7.5.1/gdb/../opcodes/.. -I../.././../gdb/gdb-7.5.1/gdb/../readline/.. -I../bfd -I../.././../gdb/gdb-7.5.1/gdb/../bfd -I../.././../gdb/gdb-7.5.1/gdb/../include -I../libdecnumber -I../.././../gdb/gdb-7.5.1/gdb/../libdecnumber  -I../.././../gdb/gdb-7.5.1/gdb/gnulib/import -Ibuild-gnulib/import   -DTUI=1 -I/home/sparksco/android/toolchain/aosp/build/temp-install/include  -Wall -Wdeclaration-after-statement -Wpointer-arith -Wformat-nonliteral -Wno-pointer-sign -Wno-unused -Wunused-value -Wunused-function -Wno-switch -Wno-char-subscripts -Wmissing-prototypes -Wdeclaration-after-statement  -c -o mi-cmd-var.o -MT mi-cmd-var.o -MMD -MP -MF .deps/mi-cmd-var.Tpo ../.././../gdb/gdb-7.5.1/gdb/mi/mi-cmd-var.c
checking whether vsnprintf is declared... yes
checking whether vsnprintf is declared... gcc-4.7 -g -O2   -I. -I../.././../gdb/gdb-7.5.1/gdb -I../.././../gdb/gdb-7.5.1/gdb/common -I../.././../gdb/gdb-7.5.1/gdb/config -DLOCALEDIR="\"/home/sparksco/android/arm-linux-androideabi/share/locale\"" -DHAVE_CONFIG_H -I../.././../gdb/gdb-7.5.1/gdb/../include/opcode -I../.././../gdb/gdb-7.5.1/gdb/../opcodes/.. -I../.././../gdb/gdb-7.5.1/gdb/../readline/.. -I../bfd -I../.././../gdb/gdb-7.5.1/gdb/../bfd -I../.././../gdb/gdb-7.5.1/gdb/../include -I../libdecnumber -I../.././../gdb/gdb-7.5.1/gdb/../libdecnumber  -I../.././../gdb/gdb-7.5.1/gdb/gnulib/import -Ibuild-gnulib/import   -DTUI=1 -I/home/sparksco/android/toolchain/aosp/build/temp-install/include  -Wall -Wdeclaration-after-statement -Wpointer-arith -Wformat-nonliteral -Wno-pointer-sign -Wno-unused -Wunused-value -Wunused-function -Wno-switch -Wno-char-subscripts -Wmissing-prototypes -Wdeclaration-after-statement  -c -o mi-cmd-break.o -MT mi-cmd-break.o -MMD -MP -MF .deps/mi-cmd-break.Tpo ../.././../gdb/gdb-7.5.1/gdb/mi/mi-cmd-break.c
gcc-4.7 -g -O2   -I. -I../.././../gdb/gdb-7.5.1/gdb -I../.././../gdb/gdb-7.5.1/gdb/common -I../.././../gdb/gdb-7.5.1/gdb/config -DLOCALEDIR="\"/home/sparksco/android/arm-linux-androideabi/share/locale\"" -DHAVE_CONFIG_H -I../.././../gdb/gdb-7.5.1/gdb/../include/opcode -I../.././../gdb/gdb-7.5.1/gdb/../opcodes/.. -I../.././../gdb/gdb-7.5.1/gdb/../readline/.. -I../bfd -I../.././../gdb/gdb-7.5.1/gdb/../bfd -I../.././../gdb/gdb-7.5.1/gdb/../include -I../libdecnumber -I../.././../gdb/gdb-7.5.1/gdb/../libdecnumber  -I../.././../gdb/gdb-7.5.1/gdb/gnulib/import -Ibuild-gnulib/import   -DTUI=1 -I/home/sparksco/android/toolchain/aosp/build/temp-install/include  -Wall -Wdeclaration-after-statement -Wpointer-arith -Wformat-nonliteral -Wno-pointer-sign -Wno-unused -Wunused-value -Wunused-function -Wno-switch -Wno-char-subscripts -Wmissing-prototypes -Wdeclaration-after-statement  -c -o mi-cmd-stack.o -MT mi-cmd-stack.o -MMD -MP -MF .deps/mi-cmd-stack.Tpo ../.././../gdb/gdb-7.5.1/gdb/mi/mi-cmd-stack.c
yes
checking whether calloc is declared... yes
gcc-4.7 -g -O2   -I. -I../.././../gdb/gdb-7.5.1/gdb -I../.././../gdb/gdb-7.5.1/gdb/common -I../.././../gdb/gdb-7.5.1/gdb/config -DLOCALEDIR="\"/home/sparksco/android/arm-linux-androideabi/share/locale\"" -DHAVE_CONFIG_H -I../.././../gdb/gdb-7.5.1/gdb/../include/opcode -I../.././../gdb/gdb-7.5.1/gdb/../opcodes/.. -I../.././../gdb/gdb-7.5.1/gdb/../readline/.. -I../bfd -I../.././../gdb/gdb-7.5.1/gdb/../bfd -I../.././../gdb/gdb-7.5.1/gdb/../include -I../libdecnumber -I../.././../gdb/gdb-7.5.1/gdb/../libdecnumber  -I../.././../gdb/gdb-7.5.1/gdb/gnulib/import -Ibuild-gnulib/import   -DTUI=1 -I/home/sparksco/android/toolchain/aosp/build/temp-install/include  -Wall -Wdeclaration-after-statement -Wpointer-arith -Wformat-nonliteral -Wno-pointer-sign -Wno-unused -Wunused-value -Wunused-function -Wno-switch -Wno-char-subscripts -Wmissing-prototypes -Wdeclaration-after-statement  -c -o mi-cmd-file.o -MT mi-cmd-file.o -MMD -MP -MF .deps/mi-cmd-file.Tpo ../.././../gdb/gdb-7.5.1/gdb/mi/mi-cmd-file.c
checking whether calloc is declared... yes
gcc-4.7 -g -O2   -I. -I../.././../gdb/gdb-7.5.1/gdb -I../.././../gdb/gdb-7.5.1/gdb/common -I../.././../gdb/gdb-7.5.1/gdb/config -DLOCALEDIR="\"/home/sparksco/android/arm-linux-androideabi/share/locale\"" -DHAVE_CONFIG_H -I../.././../gdb/gdb-7.5.1/gdb/../include/opcode -I../.././../gdb/gdb-7.5.1/gdb/../opcodes/.. -I../.././../gdb/gdb-7.5.1/gdb/../readline/.. -I../bfd -I../.././../gdb/gdb-7.5.1/gdb/../bfd -I../.././../gdb/gdb-7.5.1/gdb/../include -I../libdecnumber -I../.././../gdb/gdb-7.5.1/gdb/../libdecnumber  -I../.././../gdb/gdb-7.5.1/gdb/gnulib/import -Ibuild-gnulib/import   -DTUI=1 -I/home/sparksco/android/toolchain/aosp/build/temp-install/include  -Wall -Wdeclaration-after-statement -Wpointer-arith -Wformat-nonliteral -Wno-pointer-sign -Wno-unused -Wunused-value -Wunused-function -Wno-switch -Wno-char-subscripts -Wmissing-prototypes -Wdeclaration-after-statement  -c -o mi-cmd-disas.o -MT mi-cmd-disas.o -MMD -MP -MF .deps/mi-cmd-disas.Tpo ../.././../gdb/gdb-7.5.1/gdb/mi/mi-cmd-disas.c
checking whether getenv is declared... gcc-4.7 -g -O2   -I. -I../.././../gdb/gdb-7.5.1/gdb -I../.././../gdb/gdb-7.5.1/gdb/common -I../.././../gdb/gdb-7.5.1/gdb/config -DLOCALEDIR="\"/home/sparksco/android/arm-linux-androideabi/share/locale\"" -DHAVE_CONFIG_H -I../.././../gdb/gdb-7.5.1/gdb/../include/opcode -I../.././../gdb/gdb-7.5.1/gdb/../opcodes/.. -I../.././../gdb/gdb-7.5.1/gdb/../readline/.. -I../bfd -I../.././../gdb/gdb-7.5.1/gdb/../bfd -I../.././../gdb/gdb-7.5.1/gdb/../include -I../libdecnumber -I../.././../gdb/gdb-7.5.1/gdb/../libdecnumber  -I../.././../gdb/gdb-7.5.1/gdb/gnulib/import -Ibuild-gnulib/import   -DTUI=1 -I/home/sparksco/android/toolchain/aosp/build/temp-install/include  -Wall -Wdeclaration-after-statement -Wpointer-arith -Wformat-nonliteral -Wno-pointer-sign -Wno-unused -Wunused-value -Wunused-function -Wno-switch -Wno-char-subscripts -Wmissing-prototypes -Wdeclaration-after-statement  -c -o mi-symbol-cmds.o -MT mi-symbol-cmds.o -MMD -MP -MF .deps/mi-symbol-cmds.Tpo ../.././../gdb/gdb-7.5.1/gdb/mi/mi-symbol-cmds.c
yes
gcc-4.7 -g -O2   -I. -I../.././../gdb/gdb-7.5.1/gdb -I../.././../gdb/gdb-7.5.1/gdb/common -I../.././../gdb/gdb-7.5.1/gdb/config -DLOCALEDIR="\"/home/sparksco/android/arm-linux-androideabi/share/locale\"" -DHAVE_CONFIG_H -I../.././../gdb/gdb-7.5.1/gdb/../include/opcode -I../.././../gdb/gdb-7.5.1/gdb/../opcodes/.. -I../.././../gdb/gdb-7.5.1/gdb/../readline/.. -I../bfd -I../.././../gdb/gdb-7.5.1/gdb/../bfd -I../.././../gdb/gdb-7.5.1/gdb/../include -I../libdecnumber -I../.././../gdb/gdb-7.5.1/gdb/../libdecnumber  -I../.././../gdb/gdb-7.5.1/gdb/gnulib/import -Ibuild-gnulib/import   -DTUI=1 -I/home/sparksco/android/toolchain/aosp/build/temp-install/include  -Wall -Wdeclaration-after-statement -Wpointer-arith -Wformat-nonliteral -Wno-pointer-sign -Wno-unused -Wunused-value -Wunused-function -Wno-switch -Wno-char-subscripts -Wmissing-prototypes -Wdeclaration-after-statement  -c -o mi-cmd-target.o -MT mi-cmd-target.o -MMD -MP -MF .deps/mi-cmd-target.Tpo ../.././../gdb/gdb-7.5.1/gdb/mi/mi-cmd-target.c
checking whether getenv is declared... yes
gcc-4.7 -g -O2   -I. -I../.././../gdb/gdb-7.5.1/gdb -I../.././../gdb/gdb-7.5.1/gdb/common -I../.././../gdb/gdb-7.5.1/gdb/config -DLOCALEDIR="\"/home/sparksco/android/arm-linux-androideabi/share/locale\"" -DHAVE_CONFIG_H -I../.././../gdb/gdb-7.5.1/gdb/../include/opcode -I../.././../gdb/gdb-7.5.1/gdb/../opcodes/.. -I../.././../gdb/gdb-7.5.1/gdb/../readline/.. -I../bfd -I../.././../gdb/gdb-7.5.1/gdb/../bfd -I../.././../gdb/gdb-7.5.1/gdb/../include -I../libdecnumber -I../.././../gdb/gdb-7.5.1/gdb/../libdecnumber  -I../.././../gdb/gdb-7.5.1/gdb/gnulib/import -Ibuild-gnulib/import   -DTUI=1 -I/home/sparksco/android/toolchain/aosp/build/temp-install/include  -Wall -Wdeclaration-after-statement -Wpointer-arith -Wformat-nonliteral -Wno-pointer-sign -Wno-unused -Wunused-value -Wunused-function -Wno-switch -Wno-char-subscripts -Wmissing-prototypes -Wdeclaration-after-statement  -c -o mi-cmd-info.o -MT mi-cmd-info.o -MMD -MP -MF .deps/mi-cmd-info.Tpo ../.././../gdb/gdb-7.5.1/gdb/mi/mi-cmd-info.c
checking whether getopt is declared... gcc-4.7 -g -O2   -I. -I../.././../gdb/gdb-7.5.1/gdb -I../.././../gdb/gdb-7.5.1/gdb/common -I../.././../gdb/gdb-7.5.1/gdb/config -DLOCALEDIR="\"/home/sparksco/android/arm-linux-androideabi/share/locale\"" -DHAVE_CONFIG_H -I../.././../gdb/gdb-7.5.1/gdb/../include/opcode -I../.././../gdb/gdb-7.5.1/gdb/../opcodes/.. -I../.././../gdb/gdb-7.5.1/gdb/../readline/.. -I../bfd -I../.././../gdb/gdb-7.5.1/gdb/../bfd -I../.././../gdb/gdb-7.5.1/gdb/../include -I../libdecnumber -I../.././../gdb/gdb-7.5.1/gdb/../libdecnumber  -I../.././../gdb/gdb-7.5.1/gdb/gnulib/import -Ibuild-gnulib/import   -DTUI=1 -I/home/sparksco/android/toolchain/aosp/build/temp-install/include  -Wall -Wdeclaration-after-statement -Wpointer-arith -Wformat-nonliteral -Wno-pointer-sign -Wno-unused -Wunused-value -Wunused-function -Wno-switch -Wno-char-subscripts -Wmissing-prototypes -Wdeclaration-after-statement  -c -o mi-interp.o -MT mi-interp.o -MMD -MP -MF .deps/mi-interp.Tpo ../.././../gdb/gdb-7.5.1/gdb/mi/mi-interp.c
yes
gcc-4.7 -g -O2   -I. -I../.././../gdb/gdb-7.5.1/gdb -I../.././../gdb/gdb-7.5.1/gdb/common -I../.././../gdb/gdb-7.5.1/gdb/config -DLOCALEDIR="\"/home/sparksco/android/arm-linux-androideabi/share/locale\"" -DHAVE_CONFIG_H -I../.././../gdb/gdb-7.5.1/gdb/../include/opcode -I../.././../gdb/gdb-7.5.1/gdb/../opcodes/.. -I../.././../gdb/gdb-7.5.1/gdb/../readline/.. -I../bfd -I../.././../gdb/gdb-7.5.1/gdb/../bfd -I../.././../gdb/gdb-7.5.1/gdb/../include -I../libdecnumber -I../.././../gdb/gdb-7.5.1/gdb/../libdecnumber  -I../.././../gdb/gdb-7.5.1/gdb/gnulib/import -Ibuild-gnulib/import   -DTUI=1 -I/home/sparksco/android/toolchain/aosp/build/temp-install/include  -Wall -Wdeclaration-after-statement -Wpointer-arith -Wformat-nonliteral -Wno-pointer-sign -Wno-unused -Wunused-value -Wunused-function -Wno-switch -Wno-char-subscripts -Wmissing-prototypes -Wdeclaration-after-statement  -c -o mi-main.o -MT mi-main.o -MMD -MP -MF .deps/mi-main.Tpo ../.././../gdb/gdb-7.5.1/gdb/mi/mi-main.c
gcc-4.7 -g -O2   -I. -I../.././../gdb/gdb-7.5.1/gdb -I../.././../gdb/gdb-7.5.1/gdb/common -I../.././../gdb/gdb-7.5.1/gdb/config -DLOCALEDIR="\"/home/sparksco/android/arm-linux-androideabi/share/locale\"" -DHAVE_CONFIG_H -I../.././../gdb/gdb-7.5.1/gdb/../include/opcode -I../.././../gdb/gdb-7.5.1/gdb/../opcodes/.. -I../.././../gdb/gdb-7.5.1/gdb/../readline/.. -I../bfd -I../.././../gdb/gdb-7.5.1/gdb/../bfd -I../.././../gdb/gdb-7.5.1/gdb/../include -I../libdecnumber -I../.././../gdb/gdb-7.5.1/gdb/../libdecnumber  -I../.././../gdb/gdb-7.5.1/gdb/gnulib/import -Ibuild-gnulib/import   -DTUI=1 -I/home/sparksco/android/toolchain/aosp/build/temp-install/include  -Wall -Wdeclaration-after-statement -Wpointer-arith -Wformat-nonliteral -Wno-pointer-sign -Wno-unused -Wunused-value -Wunused-function -Wno-switch -Wno-char-subscripts -Wmissing-prototypes -Wdeclaration-after-statement  -c -o mi-parse.o -MT mi-parse.o -MMD -MP -MF .deps/mi-parse.Tpo ../.././../gdb/gdb-7.5.1/gdb/mi/mi-parse.c
gcc-4.7 -g -O2   -I. -I../.././../gdb/gdb-7.5.1/gdb -I../.././../gdb/gdb-7.5.1/gdb/common -I../.././../gdb/gdb-7.5.1/gdb/config -DLOCALEDIR="\"/home/sparksco/android/arm-linux-androideabi/share/locale\"" -DHAVE_CONFIG_H -I../.././../gdb/gdb-7.5.1/gdb/../include/opcode -I../.././../gdb/gdb-7.5.1/gdb/../opcodes/.. -I../.././../gdb/gdb-7.5.1/gdb/../readline/.. -I../bfd -I../.././../gdb/gdb-7.5.1/gdb/../bfd -I../.././../gdb/gdb-7.5.1/gdb/../include -I../libdecnumber -I../.././../gdb/gdb-7.5.1/gdb/../libdecnumber  -I../.././../gdb/gdb-7.5.1/gdb/gnulib/import -Ibuild-gnulib/import   -DTUI=1 -I/home/sparksco/android/toolchain/aosp/build/temp-install/include  -Wall -Wdeclaration-after-statement -Wpointer-arith -Wformat-nonliteral -Wno-pointer-sign -Wno-unused -Wunused-value -Wunused-function -Wno-switch -Wno-char-subscripts -Wmissing-prototypes -Wdeclaration-after-statement  -c -o mi-getopt.o -MT mi-getopt.o -MMD -MP -MF .deps/mi-getopt.Tpo ../.././../gdb/gdb-7.5.1/gdb/mi/mi-getopt.c
checking whether getopt is declared... yes
checking whether malloc is declared... gcc-4.7 -g -O2   -I. -I../.././../gdb/gdb-7.5.1/gdb -I../.././../gdb/gdb-7.5.1/gdb/common -I../.././../gdb/gdb-7.5.1/gdb/config -DLOCALEDIR="\"/home/sparksco/android/arm-linux-androideabi/share/locale\"" -DHAVE_CONFIG_H -I../.././../gdb/gdb-7.5.1/gdb/../include/opcode -I../.././../gdb/gdb-7.5.1/gdb/../opcodes/.. -I../.././../gdb/gdb-7.5.1/gdb/../readline/.. -I../bfd -I../.././../gdb/gdb-7.5.1/gdb/../bfd -I../.././../gdb/gdb-7.5.1/gdb/../include -I../libdecnumber -I../.././../gdb/gdb-7.5.1/gdb/../libdecnumber  -I../.././../gdb/gdb-7.5.1/gdb/gnulib/import -Ibuild-gnulib/import   -DTUI=1 -I/home/sparksco/android/toolchain/aosp/build/temp-install/include  -Wall -Wdeclaration-after-statement -Wpointer-arith -Wformat-nonliteral -Wno-pointer-sign -Wno-unused -Wunused-value -Wunused-function -Wno-switch -Wno-char-subscripts -Wmissing-prototypes -Wdeclaration-after-statement  -c -o tui-command.o -MT tui-command.o -MMD -MP -MF .deps/tui-command.Tpo ../.././../gdb/gdb-7.5.1/gdb/tui/tui-command.c
gcc-4.7 -g -O2   -I. -I../.././../gdb/gdb-7.5.1/gdb -I../.././../gdb/gdb-7.5.1/gdb/common -I../.././../gdb/gdb-7.5.1/gdb/config -DLOCALEDIR="\"/home/sparksco/android/arm-linux-androideabi/share/locale\"" -DHAVE_CONFIG_H -I../.././../gdb/gdb-7.5.1/gdb/../include/opcode -I../.././../gdb/gdb-7.5.1/gdb/../opcodes/.. -I../.././../gdb/gdb-7.5.1/gdb/../readline/.. -I../bfd -I../.././../gdb/gdb-7.5.1/gdb/../bfd -I../.././../gdb/gdb-7.5.1/gdb/../include -I../libdecnumber -I../.././../gdb/gdb-7.5.1/gdb/../libdecnumber  -I../.././../gdb/gdb-7.5.1/gdb/gnulib/import -Ibuild-gnulib/import   -DTUI=1 -I/home/sparksco/android/toolchain/aosp/build/temp-install/include  -Wall -Wdeclaration-after-statement -Wpointer-arith -Wformat-nonliteral -Wno-pointer-sign -Wno-unused -Wunused-value -Wunused-function -Wno-switch -Wno-char-subscripts -Wmissing-prototypes -Wdeclaration-after-statement  -c -o tui-data.o -MT tui-data.o -MMD -MP -MF .deps/tui-data.Tpo ../.././../gdb/gdb-7.5.1/gdb/tui/tui-data.c
yes
checking whether realloc is declared... yes
yes
checking whether sbrk is declared... checking whether malloc is declared... gcc-4.7 -g -O2   -I. -I../.././../gdb/gdb-7.5.1/gdb -I../.././../gdb/gdb-7.5.1/gdb/common -I../.././../gdb/gdb-7.5.1/gdb/config -DLOCALEDIR="\"/home/sparksco/android/arm-linux-androideabi/share/locale\"" -DHAVE_CONFIG_H -I../.././../gdb/gdb-7.5.1/gdb/../include/opcode -I../.././../gdb/gdb-7.5.1/gdb/../opcodes/.. -I../.././../gdb/gdb-7.5.1/gdb/../readline/.. -I../bfd -I../.././../gdb/gdb-7.5.1/gdb/../bfd -I../.././../gdb/gdb-7.5.1/gdb/../include -I../libdecnumber -I../.././../gdb/gdb-7.5.1/gdb/../libdecnumber  -I../.././../gdb/gdb-7.5.1/gdb/gnulib/import -Ibuild-gnulib/import   -DTUI=1 -I/home/sparksco/android/toolchain/aosp/build/temp-install/include  -Wall -Wdeclaration-after-statement -Wpointer-arith -Wformat-nonliteral -Wno-pointer-sign -Wno-unused -Wunused-value -Wunused-function -Wno-switch -Wno-char-subscripts -Wmissing-prototypes -Wdeclaration-after-statement  -c -o tui-disasm.o -MT tui-disasm.o -MMD -MP -MF .deps/tui-disasm.Tpo ../.././../gdb/gdb-7.5.1/gdb/tui/tui-disasm.c
yes
gcc-4.7 -g -O2   -I. -I../.././../gdb/gdb-7.5.1/gdb -I../.././../gdb/gdb-7.5.1/gdb/common -I../.././../gdb/gdb-7.5.1/gdb/config -DLOCALEDIR="\"/home/sparksco/android/arm-linux-androideabi/share/locale\"" -DHAVE_CONFIG_H -I../.././../gdb/gdb-7.5.1/gdb/../include/opcode -I../.././../gdb/gdb-7.5.1/gdb/../opcodes/.. -I../.././../gdb/gdb-7.5.1/gdb/../readline/.. -I../bfd -I../.././../gdb/gdb-7.5.1/gdb/../bfd -I../.././../gdb/gdb-7.5.1/gdb/../include -I../libdecnumber -I../.././../gdb/gdb-7.5.1/gdb/../libdecnumber  -I../.././../gdb/gdb-7.5.1/gdb/gnulib/import -Ibuild-gnulib/import   -DTUI=1 -I/home/sparksco/android/toolchain/aosp/build/temp-install/include  -Wall -Wdeclaration-after-statement -Wpointer-arith -Wformat-nonliteral -Wno-pointer-sign -Wno-unused -Wunused-value -Wunused-function -Wno-switch -Wno-char-subscripts -Wmissing-prototypes -Wdeclaration-after-statement  -c -o tui-file.o -MT tui-file.o -MMD -MP -MF .deps/tui-file.Tpo ../.././../gdb/gdb-7.5.1/gdb/tui/tui-file.c
checking whether strverscmp is declared... yes
gcc-4.7 -g -O2   -I. -I../.././../gdb/gdb-7.5.1/gdb -I../.././../gdb/gdb-7.5.1/gdb/common -I../.././../gdb/gdb-7.5.1/gdb/config -DLOCALEDIR="\"/home/sparksco/android/arm-linux-androideabi/share/locale\"" -DHAVE_CONFIG_H -I../.././../gdb/gdb-7.5.1/gdb/../include/opcode -I../.././../gdb/gdb-7.5.1/gdb/../opcodes/.. -I../.././../gdb/gdb-7.5.1/gdb/../readline/.. -I../bfd -I../.././../gdb/gdb-7.5.1/gdb/../bfd -I../.././../gdb/gdb-7.5.1/gdb/../include -I../libdecnumber -I../.././../gdb/gdb-7.5.1/gdb/../libdecnumber  -I../.././../gdb/gdb-7.5.1/gdb/gnulib/import -Ibuild-gnulib/import   -DTUI=1 -I/home/sparksco/android/toolchain/aosp/build/temp-install/include  -Wall -Wdeclaration-after-statement -Wpointer-arith -Wformat-nonliteral -Wno-pointer-sign -Wno-unused -Wunused-value -Wunused-function -Wno-switch -Wno-char-subscripts -Wmissing-prototypes -Wdeclaration-after-statement  -c -o tui-hooks.o -MT tui-hooks.o -MMD -MP -MF .deps/tui-hooks.Tpo ../.././../gdb/gdb-7.5.1/gdb/tui/tui-hooks.c
checking whether realloc is declared... no
checking whether canonicalize_file_name must be declared... gcc-4.7 -g -O2   -I. -I../.././../gdb/gdb-7.5.1/gdb -I../.././../gdb/gdb-7.5.1/gdb/common -I../.././../gdb/gdb-7.5.1/gdb/config -DLOCALEDIR="\"/home/sparksco/android/arm-linux-androideabi/share/locale\"" -DHAVE_CONFIG_H -I../.././../gdb/gdb-7.5.1/gdb/../include/opcode -I../.././../gdb/gdb-7.5.1/gdb/../opcodes/.. -I../.././../gdb/gdb-7.5.1/gdb/../readline/.. -I../bfd -I../.././../gdb/gdb-7.5.1/gdb/../bfd -I../.././../gdb/gdb-7.5.1/gdb/../include -I../libdecnumber -I../.././../gdb/gdb-7.5.1/gdb/../libdecnumber  -I../.././../gdb/gdb-7.5.1/gdb/gnulib/import -Ibuild-gnulib/import   -DTUI=1 -I/home/sparksco/android/toolchain/aosp/build/temp-install/include  -Wall -Wdeclaration-after-statement -Wpointer-arith -Wformat-nonliteral -Wno-pointer-sign -Wno-unused -Wunused-value -Wunused-function -Wno-switch -Wno-char-subscripts -Wmissing-prototypes -Wdeclaration-after-statement  -c -o tui-interp.o -MT tui-interp.o -MMD -MP -MF .deps/tui-interp.Tpo ../.././../gdb/gdb-7.5.1/gdb/tui/tui-interp.c
gcc-4.7 -g -O2   -I. -I../.././../gdb/gdb-7.5.1/gdb -I../.././../gdb/gdb-7.5.1/gdb/common -I../.././../gdb/gdb-7.5.1/gdb/config -DLOCALEDIR="\"/home/sparksco/android/arm-linux-androideabi/share/locale\"" -DHAVE_CONFIG_H -I../.././../gdb/gdb-7.5.1/gdb/../include/opcode -I../.././../gdb/gdb-7.5.1/gdb/../opcodes/.. -I../.././../gdb/gdb-7.5.1/gdb/../readline/.. -I../bfd -I../.././../gdb/gdb-7.5.1/gdb/../bfd -I../.././../gdb/gdb-7.5.1/gdb/../include -I../libdecnumber -I../.././../gdb/gdb-7.5.1/gdb/../libdecnumber  -I../.././../gdb/gdb-7.5.1/gdb/gnulib/import -Ibuild-gnulib/import   -DTUI=1 -I/home/sparksco/android/toolchain/aosp/build/temp-install/include  -Wall -Wdeclaration-after-statement -Wpointer-arith -Wformat-nonliteral -Wno-pointer-sign -Wno-unused -Wunused-value -Wunused-function -Wno-switch -Wno-char-subscripts -Wmissing-prototypes -Wdeclaration-after-statement  -c -o tui-io.o -MT tui-io.o -MMD -MP -MF .deps/tui-io.Tpo ../.././../gdb/gdb-7.5.1/gdb/tui/tui-io.c
gcc-4.7 -g -O2   -I. -I../.././../gdb/gdb-7.5.1/gdb -I../.././../gdb/gdb-7.5.1/gdb/common -I../.././../gdb/gdb-7.5.1/gdb/config -DLOCALEDIR="\"/home/sparksco/android/arm-linux-androideabi/share/locale\"" -DHAVE_CONFIG_H -I../.././../gdb/gdb-7.5.1/gdb/../include/opcode -I../.././../gdb/gdb-7.5.1/gdb/../opcodes/.. -I../.././../gdb/gdb-7.5.1/gdb/../readline/.. -I../bfd -I../.././../gdb/gdb-7.5.1/gdb/../bfd -I../.././../gdb/gdb-7.5.1/gdb/../include -I../libdecnumber -I../.././../gdb/gdb-7.5.1/gdb/../libdecnumber  -I../.././../gdb/gdb-7.5.1/gdb/gnulib/import -Ibuild-gnulib/import   -DTUI=1 -I/home/sparksco/android/toolchain/aosp/build/temp-install/include  -Wall -Wdeclaration-after-statement -Wpointer-arith -Wformat-nonliteral -Wno-pointer-sign -Wno-unused -Wunused-value -Wunused-function -Wno-switch -Wno-char-subscripts -Wmissing-prototypes -Wdeclaration-after-statement  -c -o tui-layout.o -MT tui-layout.o -MMD -MP -MF .deps/tui-layout.Tpo ../.././../gdb/gdb-7.5.1/gdb/tui/tui-layout.c
yes
checking whether sbrk is declared... yes
checking for stdlib.h... (cached) yes
gcc-4.7 -g -O2   -I. -I../.././../gdb/gdb-7.5.1/gdb -I../.././../gdb/gdb-7.5.1/gdb/common -I../.././../gdb/gdb-7.5.1/gdb/config -DLOCALEDIR="\"/home/sparksco/android/arm-linux-androideabi/share/locale\"" -DHAVE_CONFIG_H -I../.././../gdb/gdb-7.5.1/gdb/../include/opcode -I../.././../gdb/gdb-7.5.1/gdb/../opcodes/.. -I../.././../gdb/gdb-7.5.1/gdb/../readline/.. -I../bfd -I../.././../gdb/gdb-7.5.1/gdb/../bfd -I../.././../gdb/gdb-7.5.1/gdb/../include -I../libdecnumber -I../.././../gdb/gdb-7.5.1/gdb/../libdecnumber  -I../.././../gdb/gdb-7.5.1/gdb/gnulib/import -Ibuild-gnulib/import   -DTUI=1 -I/home/sparksco/android/toolchain/aosp/build/temp-install/include  -Wall -Wdeclaration-after-statement -Wpointer-arith -Wformat-nonliteral -Wno-pointer-sign -Wno-unused -Wunused-value -Wunused-function -Wno-switch -Wno-char-subscripts -Wmissing-prototypes -Wdeclaration-after-statement  -c -o tui-out.o -MT tui-out.o -MMD -MP -MF .deps/tui-out.Tpo ../.././../gdb/gdb-7.5.1/gdb/tui/tui-out.c
checking for unistd.h... (cached) yes
gcc-4.7 -g -O2   -I. -I../.././../gdb/gdb-7.5.1/gdb -I../.././../gdb/gdb-7.5.1/gdb/common -I../.././../gdb/gdb-7.5.1/gdb/config -DLOCALEDIR="\"/home/sparksco/android/arm-linux-androideabi/share/locale\"" -DHAVE_CONFIG_H -I../.././../gdb/gdb-7.5.1/gdb/../include/opcode -I../.././../gdb/gdb-7.5.1/gdb/../opcodes/.. -I../.././../gdb/gdb-7.5.1/gdb/../readline/.. -I../bfd -I../.././../gdb/gdb-7.5.1/gdb/../bfd -I../.././../gdb/gdb-7.5.1/gdb/../include -I../libdecnumber -I../.././../gdb/gdb-7.5.1/gdb/../libdecnumber  -I../.././../gdb/gdb-7.5.1/gdb/gnulib/import -Ibuild-gnulib/import   -DTUI=1 -I/home/sparksco/android/toolchain/aosp/build/temp-install/include  -Wall -Wdeclaration-after-statement -Wpointer-arith -Wformat-nonliteral -Wno-pointer-sign -Wno-unused -Wunused-value -Wunused-function -Wno-switch -Wno-char-subscripts -Wmissing-prototypes -Wdeclaration-after-statement  -c -o tui-regs.o -MT tui-regs.o -MMD -MP -MF .deps/tui-regs.Tpo ../.././../gdb/gdb-7.5.1/gdb/tui/tui-regs.c
yes
checking for getpagesize... (cached) yes
checking for working mmap... checking whether strverscmp is declared... gcc-4.7 -g -O2   -I. -I../.././../gdb/gdb-7.5.1/gdb -I../.././../gdb/gdb-7.5.1/gdb/common -I../.././../gdb/gdb-7.5.1/gdb/config -DLOCALEDIR="\"/home/sparksco/android/arm-linux-androideabi/share/locale\"" -DHAVE_CONFIG_H -I../.././../gdb/gdb-7.5.1/gdb/../include/opcode -I../.././../gdb/gdb-7.5.1/gdb/../opcodes/.. -I../.././../gdb/gdb-7.5.1/gdb/../readline/.. -I../bfd -I../.././../gdb/gdb-7.5.1/gdb/../bfd -I../.././../gdb/gdb-7.5.1/gdb/../include -I../libdecnumber -I../.././../gdb/gdb-7.5.1/gdb/../libdecnumber  -I../.././../gdb/gdb-7.5.1/gdb/gnulib/import -Ibuild-gnulib/import   -DTUI=1 -I/home/sparksco/android/toolchain/aosp/build/temp-install/include  -Wall -Wdeclaration-after-statement -Wpointer-arith -Wformat-nonliteral -Wno-pointer-sign -Wno-unused -Wunused-value -Wunused-function -Wno-switch -Wno-char-subscripts -Wmissing-prototypes -Wdeclaration-after-statement  -c -o tui-source.o -MT tui-source.o -MMD -MP -MF .deps/tui-source.Tpo ../.././../gdb/gdb-7.5.1/gdb/tui/tui-source.c
gcc-4.7 -g -O2   -I. -I../.././../gdb/gdb-7.5.1/gdb -I../.././../gdb/gdb-7.5.1/gdb/common -I../.././../gdb/gdb-7.5.1/gdb/config -DLOCALEDIR="\"/home/sparksco/android/arm-linux-androideabi/share/locale\"" -DHAVE_CONFIG_H -I../.././../gdb/gdb-7.5.1/gdb/../include/opcode -I../.././../gdb/gdb-7.5.1/gdb/../opcodes/.. -I../.././../gdb/gdb-7.5.1/gdb/../readline/.. -I../bfd -I../.././../gdb/gdb-7.5.1/gdb/../bfd -I../.././../gdb/gdb-7.5.1/gdb/../include -I../libdecnumber -I../.././../gdb/gdb-7.5.1/gdb/../libdecnumber  -I../.././../gdb/gdb-7.5.1/gdb/gnulib/import -Ibuild-gnulib/import   -DTUI=1 -I/home/sparksco/android/toolchain/aosp/build/temp-install/include  -Wall -Wdeclaration-after-statement -Wpointer-arith -Wformat-nonliteral -Wno-pointer-sign -Wno-unused -Wunused-value -Wunused-function -Wno-switch -Wno-char-subscripts -Wmissing-prototypes -Wdeclaration-after-statement  -c -o tui-stack.o -MT tui-stack.o -MMD -MP -MF .deps/tui-stack.Tpo ../.././../gdb/gdb-7.5.1/gdb/tui/tui-stack.c
no
checking whether canonicalize_file_name must be declared... gcc-4.7 -g -O2   -I. -I../.././../gdb/gdb-7.5.1/gdb -I../.././../gdb/gdb-7.5.1/gdb/common -I../.././../gdb/gdb-7.5.1/gdb/config -DLOCALEDIR="\"/home/sparksco/android/arm-linux-androideabi/share/locale\"" -DHAVE_CONFIG_H -I../.././../gdb/gdb-7.5.1/gdb/../include/opcode -I../.././../gdb/gdb-7.5.1/gdb/../opcodes/.. -I../.././../gdb/gdb-7.5.1/gdb/../readline/.. -I../bfd -I../.././../gdb/gdb-7.5.1/gdb/../bfd -I../.././../gdb/gdb-7.5.1/gdb/../include -I../libdecnumber -I../.././../gdb/gdb-7.5.1/gdb/../libdecnumber  -I../.././../gdb/gdb-7.5.1/gdb/gnulib/import -Ibuild-gnulib/import   -DTUI=1 -I/home/sparksco/android/toolchain/aosp/build/temp-install/include  -Wall -Wdeclaration-after-statement -Wpointer-arith -Wformat-nonliteral -Wno-pointer-sign -Wno-unused -Wunused-value -Wunused-function -Wno-switch -Wno-char-subscripts -Wmissing-prototypes -Wdeclaration-after-statement  -c -o tui-win.o -MT tui-win.o -MMD -MP -MF .deps/tui-win.Tpo ../.././../gdb/gdb-7.5.1/gdb/tui/tui-win.c
gcc-4.7 -g -O2   -I. -I../.././../gdb/gdb-7.5.1/gdb -I../.././../gdb/gdb-7.5.1/gdb/common -I../.././../gdb/gdb-7.5.1/gdb/config -DLOCALEDIR="\"/home/sparksco/android/arm-linux-androideabi/share/locale\"" -DHAVE_CONFIG_H -I../.././../gdb/gdb-7.5.1/gdb/../include/opcode -I../.././../gdb/gdb-7.5.1/gdb/../opcodes/.. -I../.././../gdb/gdb-7.5.1/gdb/../readline/.. -I../bfd -I../.././../gdb/gdb-7.5.1/gdb/../bfd -I../.././../gdb/gdb-7.5.1/gdb/../include -I../libdecnumber -I../.././../gdb/gdb-7.5.1/gdb/../libdecnumber  -I../.././../gdb/gdb-7.5.1/gdb/gnulib/import -Ibuild-gnulib/import   -DTUI=1 -I/home/sparksco/android/toolchain/aosp/build/temp-install/include  -Wall -Wdeclaration-after-statement -Wpointer-arith -Wformat-nonliteral -Wno-pointer-sign -Wno-unused -Wunused-value -Wunused-function -Wno-switch -Wno-char-subscripts -Wmissing-prototypes -Wdeclaration-after-statement  -c -o tui-windata.o -MT tui-windata.o -MMD -MP -MF .deps/tui-windata.Tpo ../.././../gdb/gdb-7.5.1/gdb/tui/tui-windata.c
yes
checking for working strncmp... yes
yes
checking for stdlib.h... (cached) yes
gcc-4.7 -g -O2   -I. -I../.././../gdb/gdb-7.5.1/gdb -I../.././../gdb/gdb-7.5.1/gdb/common -I../.././../gdb/gdb-7.5.1/gdb/config -DLOCALEDIR="\"/home/sparksco/android/arm-linux-androideabi/share/locale\"" -DHAVE_CONFIG_H -I../.././../gdb/gdb-7.5.1/gdb/../include/opcode -I../.././../gdb/gdb-7.5.1/gdb/../opcodes/.. -I../.././../gdb/gdb-7.5.1/gdb/../readline/.. -I../bfd -I../.././../gdb/gdb-7.5.1/gdb/../bfd -I../.././../gdb/gdb-7.5.1/gdb/../include -I../libdecnumber -I../.././../gdb/gdb-7.5.1/gdb/../libdecnumber  -I../.././../gdb/gdb-7.5.1/gdb/gnulib/import -Ibuild-gnulib/import   -DTUI=1 -I/home/sparksco/android/toolchain/aosp/build/temp-install/include  -Wall -Wdeclaration-after-statement -Wpointer-arith -Wformat-nonliteral -Wno-pointer-sign -Wno-unused -Wunused-value -Wunused-function -Wno-switch -Wno-char-subscripts -Wmissing-prototypes -Wdeclaration-after-statement  -c -o tui-wingeneral.o -MT tui-wingeneral.o -MMD -MP -MF .deps/tui-wingeneral.Tpo ../.././../gdb/gdb-7.5.1/gdb/tui/tui-wingeneral.c
checking for unistd.h... (cached) yes
checking for getpagesize... (cached) yes
checking for working mmap... configure: updating cache ../config.cache
gcc-4.7 -g -O2   -I. -I../.././../gdb/gdb-7.5.1/gdb -I../.././../gdb/gdb-7.5.1/gdb/common -I../.././../gdb/gdb-7.5.1/gdb/config -DLOCALEDIR="\"/home/sparksco/android/arm-linux-androideabi/share/locale\"" -DHAVE_CONFIG_H -I../.././../gdb/gdb-7.5.1/gdb/../include/opcode -I../.././../gdb/gdb-7.5.1/gdb/../opcodes/.. -I../.././../gdb/gdb-7.5.1/gdb/../readline/.. -I../bfd -I../.././../gdb/gdb-7.5.1/gdb/../bfd -I../.././../gdb/gdb-7.5.1/gdb/../include -I../libdecnumber -I../.././../gdb/gdb-7.5.1/gdb/../libdecnumber  -I../.././../gdb/gdb-7.5.1/gdb/gnulib/import -Ibuild-gnulib/import   -DTUI=1 -I/home/sparksco/android/toolchain/aosp/build/temp-install/include  -Wall -Wdeclaration-after-statement -Wpointer-arith -Wformat-nonliteral -Wno-pointer-sign -Wno-unused -Wunused-value -Wunused-function -Wno-switch -Wno-char-subscripts -Wmissing-prototypes -Wdeclaration-after-statement  -c -o tui-winsource.o -MT tui-winsource.o -MMD -MP -MF .deps/tui-winsource.Tpo ../.././../gdb/gdb-7.5.1/gdb/tui/tui-winsource.c
gcc-4.7 -g -O2   -I. -I../.././../gdb/gdb-7.5.1/gdb -I../.././../gdb/gdb-7.5.1/gdb/common -I../.././../gdb/gdb-7.5.1/gdb/config -DLOCALEDIR="\"/home/sparksco/android/arm-linux-androideabi/share/locale\"" -DHAVE_CONFIG_H -I../.././../gdb/gdb-7.5.1/gdb/../include/opcode -I../.././../gdb/gdb-7.5.1/gdb/../opcodes/.. -I../.././../gdb/gdb-7.5.1/gdb/../readline/.. -I../bfd -I../.././../gdb/gdb-7.5.1/gdb/../bfd -I../.././../gdb/gdb-7.5.1/gdb/../include -I../libdecnumber -I../.././../gdb/gdb-7.5.1/gdb/../libdecnumber  -I../.././../gdb/gdb-7.5.1/gdb/gnulib/import -Ibuild-gnulib/import   -DTUI=1 -I/home/sparksco/android/toolchain/aosp/build/temp-install/include  -Wall -Wdeclaration-after-statement -Wpointer-arith -Wformat-nonliteral -Wno-pointer-sign -Wno-unused -Wunused-value -Wunused-function -Wno-switch -Wno-char-subscripts -Wmissing-prototypes -Wdeclaration-after-statement  -c -o tui.o -MT tui.o -MMD -MP -MF .deps/tui.Tpo ../.././../gdb/gdb-7.5.1/gdb/tui/tui.c
configure: creating ./config.status
gcc-4.7 -g -O2   -I. -I../.././../gdb/gdb-7.5.1/gdb -I../.././../gdb/gdb-7.5.1/gdb/common -I../.././../gdb/gdb-7.5.1/gdb/config -DLOCALEDIR="\"/home/sparksco/android/arm-linux-androideabi/share/locale\"" -DHAVE_CONFIG_H -I../.././../gdb/gdb-7.5.1/gdb/../include/opcode -I../.././../gdb/gdb-7.5.1/gdb/../opcodes/.. -I../.././../gdb/gdb-7.5.1/gdb/../readline/.. -I../bfd -I../.././../gdb/gdb-7.5.1/gdb/../bfd -I../.././../gdb/gdb-7.5.1/gdb/../include -I../libdecnumber -I../.././../gdb/gdb-7.5.1/gdb/../libdecnumber  -I../.././../gdb/gdb-7.5.1/gdb/gnulib/import -Ibuild-gnulib/import   -DTUI=1 -I/home/sparksco/android/toolchain/aosp/build/temp-install/include  -Wall -Wdeclaration-after-statement -Wpointer-arith -Wformat-nonliteral -Wno-pointer-sign -Wno-unused -Wunused-value -Wunused-function -Wno-switch -Wno-char-subscripts -Wmissing-prototypes -Wdeclaration-after-statement  -c -o python.o -MT python.o -MMD -MP -MF .deps/python.Tpo  ../.././../gdb/gdb-7.5.1/gdb/python/python.c
gcc-4.7 -g -O2   -I. -I../.././../gdb/gdb-7.5.1/gdb -I../.././../gdb/gdb-7.5.1/gdb/common -I../.././../gdb/gdb-7.5.1/gdb/config -DLOCALEDIR="\"/home/sparksco/android/arm-linux-androideabi/share/locale\"" -DHAVE_CONFIG_H -I../.././../gdb/gdb-7.5.1/gdb/../include/opcode -I../.././../gdb/gdb-7.5.1/gdb/../opcodes/.. -I../.././../gdb/gdb-7.5.1/gdb/../readline/.. -I../bfd -I../.././../gdb/gdb-7.5.1/gdb/../bfd -I../.././../gdb/gdb-7.5.1/gdb/../include -I../libdecnumber -I../.././../gdb/gdb-7.5.1/gdb/../libdecnumber  -I../.././../gdb/gdb-7.5.1/gdb/gnulib/import -Ibuild-gnulib/import   -DTUI=1 -I/home/sparksco/android/toolchain/aosp/build/temp-install/include  -Wall -Wdeclaration-after-statement -Wpointer-arith -Wformat-nonliteral -Wno-pointer-sign -Wno-unused -Wunused-value -Wunused-function -Wno-switch -Wno-char-subscripts -Wmissing-prototypes -Wdeclaration-after-statement  -c -o py-value.o -MT py-value.o -MMD -MP -MF .deps/py-value.Tpo  ../.././../gdb/gdb-7.5.1/gdb/python/py-value.c
gcc-4.7 -g -O2   -I. -I../.././../gdb/gdb-7.5.1/gdb -I../.././../gdb/gdb-7.5.1/gdb/common -I../.././../gdb/gdb-7.5.1/gdb/config -DLOCALEDIR="\"/home/sparksco/android/arm-linux-androideabi/share/locale\"" -DHAVE_CONFIG_H -I../.././../gdb/gdb-7.5.1/gdb/../include/opcode -I../.././../gdb/gdb-7.5.1/gdb/../opcodes/.. -I../.././../gdb/gdb-7.5.1/gdb/../readline/.. -I../bfd -I../.././../gdb/gdb-7.5.1/gdb/../bfd -I../.././../gdb/gdb-7.5.1/gdb/../include -I../libdecnumber -I../.././../gdb/gdb-7.5.1/gdb/../libdecnumber  -I../.././../gdb/gdb-7.5.1/gdb/gnulib/import -Ibuild-gnulib/import   -DTUI=1 -I/home/sparksco/android/toolchain/aosp/build/temp-install/include  -Wall -Wdeclaration-after-statement -Wpointer-arith -Wformat-nonliteral -Wno-pointer-sign -Wno-unused -Wunused-value -Wunused-function -Wno-switch -Wno-char-subscripts -Wmissing-prototypes -Wdeclaration-after-statement  -c -o py-prettyprint.o -MT py-prettyprint.o -MMD -MP -MF .deps/py-prettyprint.Tpo  ../.././../gdb/gdb-7.5.1/gdb/python/py-prettyprint.c
yes
checking for working strncmp... gcc-4.7 -g -O2   -I. -I../.././../gdb/gdb-7.5.1/gdb -I../.././../gdb/gdb-7.5.1/gdb/common -I../.././../gdb/gdb-7.5.1/gdb/config -DLOCALEDIR="\"/home/sparksco/android/arm-linux-androideabi/share/locale\"" -DHAVE_CONFIG_H -I../.././../gdb/gdb-7.5.1/gdb/../include/opcode -I../.././../gdb/gdb-7.5.1/gdb/../opcodes/.. -I../.././../gdb/gdb-7.5.1/gdb/../readline/.. -I../bfd -I../.././../gdb/gdb-7.5.1/gdb/../bfd -I../.././../gdb/gdb-7.5.1/gdb/../include -I../libdecnumber -I../.././../gdb/gdb-7.5.1/gdb/../libdecnumber  -I../.././../gdb/gdb-7.5.1/gdb/gnulib/import -Ibuild-gnulib/import   -DTUI=1 -I/home/sparksco/android/toolchain/aosp/build/temp-install/include  -Wall -Wdeclaration-after-statement -Wpointer-arith -Wformat-nonliteral -Wno-pointer-sign -Wno-unused -Wunused-value -Wunused-function -Wno-switch -Wno-char-subscripts -Wmissing-prototypes -Wdeclaration-after-statement  -c -o py-auto-load.o -MT py-auto-load.o -MMD -MP -MF .deps/py-auto-load.Tpo  ../.././../gdb/gdb-7.5.1/gdb/python/py-auto-load.c
gcc-4.7 -g -O2   -I. -I../.././../gdb/gdb-7.5.1/gdb -I../.././../gdb/gdb-7.5.1/gdb/common -I../.././../gdb/gdb-7.5.1/gdb/config -DLOCALEDIR="\"/home/sparksco/android/arm-linux-androideabi/share/locale\"" -DHAVE_CONFIG_H -I../.././../gdb/gdb-7.5.1/gdb/../include/opcode -I../.././../gdb/gdb-7.5.1/gdb/../opcodes/.. -I../.././../gdb/gdb-7.5.1/gdb/../readline/.. -I../bfd -I../.././../gdb/gdb-7.5.1/gdb/../bfd -I../.././../gdb/gdb-7.5.1/gdb/../include -I../libdecnumber -I../.././../gdb/gdb-7.5.1/gdb/../libdecnumber  -I../.././../gdb/gdb-7.5.1/gdb/gnulib/import -Ibuild-gnulib/import   -DTUI=1 -I/home/sparksco/android/toolchain/aosp/build/temp-install/include  -Wall -Wdeclaration-after-statement -Wpointer-arith -Wformat-nonliteral -Wno-pointer-sign -Wno-unused -Wunused-value -Wunused-function -Wno-switch -Wno-char-subscripts -Wmissing-prototypes -Wdeclaration-after-statement  -c -o elfread.o -MT elfread.o -MMD -MP -MF .deps/elfread.Tpo ../.././../gdb/gdb-7.5.1/gdb/elfread.c
yes
gcc-4.7 -g -O2   -I. -I../.././../gdb/gdb-7.5.1/gdb -I../.././../gdb/gdb-7.5.1/gdb/common -I../.././../gdb/gdb-7.5.1/gdb/config -DLOCALEDIR="\"/home/sparksco/android/arm-linux-androideabi/share/locale\"" -DHAVE_CONFIG_H -I../.././../gdb/gdb-7.5.1/gdb/../include/opcode -I../.././../gdb/gdb-7.5.1/gdb/../opcodes/.. -I../.././../gdb/gdb-7.5.1/gdb/../readline/.. -I../bfd -I../.././../gdb/gdb-7.5.1/gdb/../bfd -I../.././../gdb/gdb-7.5.1/gdb/../include -I../libdecnumber -I../.././../gdb/gdb-7.5.1/gdb/../libdecnumber  -I../.././../gdb/gdb-7.5.1/gdb/gnulib/import -Ibuild-gnulib/import   -DTUI=1 -I/home/sparksco/android/toolchain/aosp/build/temp-install/include  -Wall -Wdeclaration-after-statement -Wpointer-arith -Wformat-nonliteral -Wno-pointer-sign -Wno-unused -Wunused-value -Wunused-function -Wno-switch -Wno-char-subscripts -Wmissing-prototypes -Wdeclaration-after-statement  -c -o stap-probe.o -MT stap-probe.o -MMD -MP -MF .deps/stap-probe.Tpo ../.././../gdb/gdb-7.5.1/gdb/stap-probe.c
gcc-4.7 -g -O2   -I. -I../.././../gdb/gdb-7.5.1/gdb -I../.././../gdb/gdb-7.5.1/gdb/common -I../.././../gdb/gdb-7.5.1/gdb/config -DLOCALEDIR="\"/home/sparksco/android/arm-linux-androideabi/share/locale\"" -DHAVE_CONFIG_H -I../.././../gdb/gdb-7.5.1/gdb/../include/opcode -I../.././../gdb/gdb-7.5.1/gdb/../opcodes/.. -I../.././../gdb/gdb-7.5.1/gdb/../readline/.. -I../bfd -I../.././../gdb/gdb-7.5.1/gdb/../bfd -I../.././../gdb/gdb-7.5.1/gdb/../include -I../libdecnumber -I../.././../gdb/gdb-7.5.1/gdb/../libdecnumber  -I../.././../gdb/gdb-7.5.1/gdb/gnulib/import -Ibuild-gnulib/import   -DTUI=1 -I/home/sparksco/android/toolchain/aosp/build/temp-install/include  -Wall -Wdeclaration-after-statement -Wpointer-arith -Wformat-nonliteral -Wno-pointer-sign -Wno-unused -Wunused-value -Wunused-function -Wno-switch -Wno-char-subscripts -Wmissing-prototypes -Wdeclaration-after-statement  -c -o posix-hdep.o -MT posix-hdep.o -MMD -MP -MF .deps/posix-hdep.Tpo ../.././../gdb/gdb-7.5.1/gdb/posix-hdep.c
gcc-4.7 -g -O2   -I. -I../.././../gdb/gdb-7.5.1/gdb -I../.././../gdb/gdb-7.5.1/gdb/common -I../.././../gdb/gdb-7.5.1/gdb/config -DLOCALEDIR="\"/home/sparksco/android/arm-linux-androideabi/share/locale\"" -DHAVE_CONFIG_H -I../.././../gdb/gdb-7.5.1/gdb/../include/opcode -I../.././../gdb/gdb-7.5.1/gdb/../opcodes/.. -I../.././../gdb/gdb-7.5.1/gdb/../readline/.. -I../bfd -I../.././../gdb/gdb-7.5.1/gdb/../bfd -I../.././../gdb/gdb-7.5.1/gdb/../include -I../libdecnumber -I../.././../gdb/gdb-7.5.1/gdb/../libdecnumber  -I../.././../gdb/gdb-7.5.1/gdb/gnulib/import -Ibuild-gnulib/import   -DTUI=1 -I/home/sparksco/android/toolchain/aosp/build/temp-install/include  -Wall -Wdeclaration-after-statement -Wpointer-arith -Wformat-nonliteral -Wno-pointer-sign -Wno-unused -Wunused-value -Wunused-function -Wno-switch -Wno-char-subscripts -Wmissing-prototypes -Wdeclaration-after-statement  -c -o c-exp.o -MT c-exp.o -MMD -MP -MF .deps/c-exp.Tpo ../.././../gdb/gdb-7.5.1/gdb/c-exp.c
gcc-4.7 -g -O2   -I. -I../.././../gdb/gdb-7.5.1/gdb -I../.././../gdb/gdb-7.5.1/gdb/common -I../.././../gdb/gdb-7.5.1/gdb/config -DLOCALEDIR="\"/home/sparksco/android/arm-linux-androideabi/share/locale\"" -DHAVE_CONFIG_H -I../.././../gdb/gdb-7.5.1/gdb/../include/opcode -I../.././../gdb/gdb-7.5.1/gdb/../opcodes/.. -I../.././../gdb/gdb-7.5.1/gdb/../readline/.. -I../bfd -I../.././../gdb/gdb-7.5.1/gdb/../bfd -I../.././../gdb/gdb-7.5.1/gdb/../include -I../libdecnumber -I../.././../gdb/gdb-7.5.1/gdb/../libdecnumber  -I../.././../gdb/gdb-7.5.1/gdb/gnulib/import -Ibuild-gnulib/import   -DTUI=1 -I/home/sparksco/android/toolchain/aosp/build/temp-install/include  -Wall -Wdeclaration-after-statement -Wpointer-arith -Wformat-nonliteral -Wno-pointer-sign -Wno-unused -Wunused-value -Wunused-function -Wno-switch -Wno-char-subscripts -Wmissing-prototypes -Wdeclaration-after-statement  -c -o cp-name-parser.o -MT cp-name-parser.o -MMD -MP -MF .deps/cp-name-parser.Tpo ../.././../gdb/gdb-7.5.1/gdb/cp-name-parser.c
configure: updating cache ./config.cache
configure: creating ./config.status
gcc-4.7 -g -O2   -I. -I../.././../gdb/gdb-7.5.1/gdb -I../.././../gdb/gdb-7.5.1/gdb/common -I../.././../gdb/gdb-7.5.1/gdb/config -DLOCALEDIR="\"/home/sparksco/android/arm-linux-androideabi/share/locale\"" -DHAVE_CONFIG_H -I../.././../gdb/gdb-7.5.1/gdb/../include/opcode -I../.././../gdb/gdb-7.5.1/gdb/../opcodes/.. -I../.././../gdb/gdb-7.5.1/gdb/../readline/.. -I../bfd -I../.././../gdb/gdb-7.5.1/gdb/../bfd -I../.././../gdb/gdb-7.5.1/gdb/../include -I../libdecnumber -I../.././../gdb/gdb-7.5.1/gdb/../libdecnumber  -I../.././../gdb/gdb-7.5.1/gdb/gnulib/import -Ibuild-gnulib/import   -DTUI=1 -I/home/sparksco/android/toolchain/aosp/build/temp-install/include  -Wall -Wdeclaration-after-statement -Wpointer-arith -Wformat-nonliteral -Wno-pointer-sign -Wno-unused -Wunused-value -Wunused-function -Wno-switch -Wno-char-subscripts -Wmissing-prototypes -Wdeclaration-after-statement  -c -o objc-exp.o -MT objc-exp.o -MMD -MP -MF .deps/objc-exp.Tpo ../.././../gdb/gdb-7.5.1/gdb/objc-exp.c
gcc-4.7 -g -O2   -I. -I../.././../gdb/gdb-7.5.1/gdb -I../.././../gdb/gdb-7.5.1/gdb/common -I../.././../gdb/gdb-7.5.1/gdb/config -DLOCALEDIR="\"/home/sparksco/android/arm-linux-androideabi/share/locale\"" -DHAVE_CONFIG_H -I../.././../gdb/gdb-7.5.1/gdb/../include/opcode -I../.././../gdb/gdb-7.5.1/gdb/../opcodes/.. -I../.././../gdb/gdb-7.5.1/gdb/../readline/.. -I../bfd -I../.././../gdb/gdb-7.5.1/gdb/../bfd -I../.././../gdb/gdb-7.5.1/gdb/../include -I../libdecnumber -I../.././../gdb/gdb-7.5.1/gdb/../libdecnumber  -I../.././../gdb/gdb-7.5.1/gdb/gnulib/import -Ibuild-gnulib/import   -DTUI=1 -I/home/sparksco/android/toolchain/aosp/build/temp-install/include  -Wall -Wdeclaration-after-statement -Wpointer-arith -Wformat-nonliteral -Wno-pointer-sign -Wno-unused -Wunused-value -Wunused-function -Wno-switch -Wno-char-subscripts -Wmissing-prototypes -Wdeclaration-after-statement  -c -o ada-exp.o -MT ada-exp.o -MMD -MP -MF .deps/ada-exp.Tpo ../.././../gdb/gdb-7.5.1/gdb/ada-exp.c
gcc-4.7 -g -O2   -I. -I../.././../gdb/gdb-7.5.1/gdb -I../.././../gdb/gdb-7.5.1/gdb/common -I../.././../gdb/gdb-7.5.1/gdb/config -DLOCALEDIR="\"/home/sparksco/android/arm-linux-androideabi/share/locale\"" -DHAVE_CONFIG_H -I../.././../gdb/gdb-7.5.1/gdb/../include/opcode -I../.././../gdb/gdb-7.5.1/gdb/../opcodes/.. -I../.././../gdb/gdb-7.5.1/gdb/../readline/.. -I../bfd -I../.././../gdb/gdb-7.5.1/gdb/../bfd -I../.././../gdb/gdb-7.5.1/gdb/../include -I../libdecnumber -I../.././../gdb/gdb-7.5.1/gdb/../libdecnumber  -I../.././../gdb/gdb-7.5.1/gdb/gnulib/import -Ibuild-gnulib/import   -DTUI=1 -I/home/sparksco/android/toolchain/aosp/build/temp-install/include  -Wall -Wdeclaration-after-statement -Wpointer-arith -Wformat-nonliteral -Wno-pointer-sign -Wno-unused -Wunused-value -Wunused-function -Wno-switch -Wno-char-subscripts -Wmissing-prototypes -Wdeclaration-after-statement  -c -o jv-exp.o -MT jv-exp.o -MMD -MP -MF .deps/jv-exp.Tpo ../.././../gdb/gdb-7.5.1/gdb/jv-exp.c
gcc-4.7 -g -O2   -I. -I../.././../gdb/gdb-7.5.1/gdb -I../.././../gdb/gdb-7.5.1/gdb/common -I../.././../gdb/gdb-7.5.1/gdb/config -DLOCALEDIR="\"/home/sparksco/android/arm-linux-androideabi/share/locale\"" -DHAVE_CONFIG_H -I../.././../gdb/gdb-7.5.1/gdb/../include/opcode -I../.././../gdb/gdb-7.5.1/gdb/../opcodes/.. -I../.././../gdb/gdb-7.5.1/gdb/../readline/.. -I../bfd -I../.././../gdb/gdb-7.5.1/gdb/../bfd -I../.././../gdb/gdb-7.5.1/gdb/../include -I../libdecnumber -I../.././../gdb/gdb-7.5.1/gdb/../libdecnumber  -I../.././../gdb/gdb-7.5.1/gdb/gnulib/import -Ibuild-gnulib/import   -DTUI=1 -I/home/sparksco/android/toolchain/aosp/build/temp-install/include  -Wall -Wdeclaration-after-statement -Wpointer-arith -Wformat-nonliteral -Wno-pointer-sign -Wno-unused -Wunused-value -Wunused-function -Wno-switch -Wno-char-subscripts -Wmissing-prototypes -Wdeclaration-after-statement  -c -o f-exp.o -MT f-exp.o -MMD -MP -MF .deps/f-exp.Tpo ../.././../gdb/gdb-7.5.1/gdb/f-exp.c
config.status: creating Makefile
config.status: creating testsuite/Makefile
config.status: creating config.h
gcc-4.7 -g -O2   -I. -I../.././../gdb/gdb-7.5.1/gdb -I../.././../gdb/gdb-7.5.1/gdb/common -I../.././../gdb/gdb-7.5.1/gdb/config -DLOCALEDIR="\"/home/sparksco/android/arm-linux-androideabi/share/locale\"" -DHAVE_CONFIG_H -I../.././../gdb/gdb-7.5.1/gdb/../include/opcode -I../.././../gdb/gdb-7.5.1/gdb/../opcodes/.. -I../.././../gdb/gdb-7.5.1/gdb/../readline/.. -I../bfd -I../.././../gdb/gdb-7.5.1/gdb/../bfd -I../.././../gdb/gdb-7.5.1/gdb/../include -I../libdecnumber -I../.././../gdb/gdb-7.5.1/gdb/../libdecnumber  -I../.././../gdb/gdb-7.5.1/gdb/gnulib/import -Ibuild-gnulib/import   -DTUI=1 -I/home/sparksco/android/toolchain/aosp/build/temp-install/include  -Wall -Wdeclaration-after-statement -Wpointer-arith -Wformat-nonliteral -Wno-pointer-sign -Wno-unused -Wunused-value -Wunused-function -Wno-switch -Wno-char-subscripts -Wmissing-prototypes -Wdeclaration-after-statement  -c -o go-exp.o -MT go-exp.o -MMD -MP -MF .deps/go-exp.Tpo ../.././../gdb/gdb-7.5.1/gdb/go-exp.c
config.status: executing default commands
gcc-4.7 -g -O2   -I. -I../.././../gdb/gdb-7.5.1/gdb -I../.././../gdb/gdb-7.5.1/gdb/common -I../.././../gdb/gdb-7.5.1/gdb/config -DLOCALEDIR="\"/home/sparksco/android/arm-linux-androideabi/share/locale\"" -DHAVE_CONFIG_H -I../.././../gdb/gdb-7.5.1/gdb/../include/opcode -I../.././../gdb/gdb-7.5.1/gdb/../opcodes/.. -I../.././../gdb/gdb-7.5.1/gdb/../readline/.. -I../bfd -I../.././../gdb/gdb-7.5.1/gdb/../bfd -I../.././../gdb/gdb-7.5.1/gdb/../include -I../libdecnumber -I../.././../gdb/gdb-7.5.1/gdb/../libdecnumber  -I../.././../gdb/gdb-7.5.1/gdb/gnulib/import -Ibuild-gnulib/import   -DTUI=1 -I/home/sparksco/android/toolchain/aosp/build/temp-install/include  -Wall -Wdeclaration-after-statement -Wpointer-arith -Wformat-nonliteral -Wno-pointer-sign -Wno-unused -Wunused-value -Wunused-function -Wno-switch -Wno-char-subscripts -Wmissing-prototypes -Wdeclaration-after-statement  -c -o m2-exp.o -MT m2-exp.o -MMD -MP -MF .deps/m2-exp.Tpo ../.././../gdb/gdb-7.5.1/gdb/m2-exp.c
gcc-4.7 -g -O2   -I. -I../.././../gdb/gdb-7.5.1/gdb -I../.././../gdb/gdb-7.5.1/gdb/common -I../.././../gdb/gdb-7.5.1/gdb/config -DLOCALEDIR="\"/home/sparksco/android/arm-linux-androideabi/share/locale\"" -DHAVE_CONFIG_H -I../.././../gdb/gdb-7.5.1/gdb/../include/opcode -I../.././../gdb/gdb-7.5.1/gdb/../opcodes/.. -I../.././../gdb/gdb-7.5.1/gdb/../readline/.. -I../bfd -I../.././../gdb/gdb-7.5.1/gdb/../bfd -I../.././../gdb/gdb-7.5.1/gdb/../include -I../libdecnumber -I../.././../gdb/gdb-7.5.1/gdb/../libdecnumber  -I../.././../gdb/gdb-7.5.1/gdb/gnulib/import -Ibuild-gnulib/import   -DTUI=1 -I/home/sparksco/android/toolchain/aosp/build/temp-install/include  -Wall -Wdeclaration-after-statement -Wpointer-arith -Wformat-nonliteral -Wno-pointer-sign -Wno-unused -Wunused-value -Wunused-function -Wno-switch -Wno-char-subscripts -Wmissing-prototypes -Wdeclaration-after-statement  -c -o p-exp.o -MT p-exp.o -MMD -MP -MF .deps/p-exp.Tpo ../.././../gdb/gdb-7.5.1/gdb/p-exp.c
config.status: creating Makefile
gcc-4.7 -g -O2   -I. -I../.././../gdb/gdb-7.5.1/gdb -I../.././../gdb/gdb-7.5.1/gdb/common -I../.././../gdb/gdb-7.5.1/gdb/config -DLOCALEDIR="\"/home/sparksco/android/arm-linux-androideabi/share/locale\"" -DHAVE_CONFIG_H -I../.././../gdb/gdb-7.5.1/gdb/../include/opcode -I../.././../gdb/gdb-7.5.1/gdb/../opcodes/.. -I../.././../gdb/gdb-7.5.1/gdb/../readline/.. -I../bfd -I../.././../gdb/gdb-7.5.1/gdb/../bfd -I../.././../gdb/gdb-7.5.1/gdb/../include -I../libdecnumber -I../.././../gdb/gdb-7.5.1/gdb/../libdecnumber  -I../.././../gdb/gdb-7.5.1/gdb/gnulib/import -Ibuild-gnulib/import   -DTUI=1 -I/home/sparksco/android/toolchain/aosp/build/temp-install/include  -Wall -Wdeclaration-after-statement -Wpointer-arith -Wformat-nonliteral -Wno-pointer-sign -Wno-unused -Wunused-value -Wunused-function -Wno-switch -Wno-char-subscripts -Wmissing-prototypes -Wdeclaration-after-statement  -c -o version.o -MT version.o -MMD -MP -MF .deps/version.Tpo version.c
gcc-4.7 -g -O2   -I. -I../.././../gdb/gdb-7.5.1/gdb -I../.././../gdb/gdb-7.5.1/gdb/common -I../.././../gdb/gdb-7.5.1/gdb/config -DLOCALEDIR="\"/home/sparksco/android/arm-linux-androideabi/share/locale\"" -DHAVE_CONFIG_H -I../.././../gdb/gdb-7.5.1/gdb/../include/opcode -I../.././../gdb/gdb-7.5.1/gdb/../opcodes/.. -I../.././../gdb/gdb-7.5.1/gdb/../readline/.. -I../bfd -I../.././../gdb/gdb-7.5.1/gdb/../bfd -I../.././../gdb/gdb-7.5.1/gdb/../include -I../libdecnumber -I../.././../gdb/gdb-7.5.1/gdb/../libdecnumber  -I../.././../gdb/gdb-7.5.1/gdb/gnulib/import -Ibuild-gnulib/import   -DTUI=1 -I/home/sparksco/android/toolchain/aosp/build/temp-install/include  -Wall -Wdeclaration-after-statement -Wpointer-arith -Wformat-nonliteral -Wno-pointer-sign -Wno-unused -Wunused-value -Wunused-function -Wno-switch -Wno-char-subscripts -Wmissing-prototypes -Wdeclaration-after-statement  -c -o annotate.o -MT annotate.o -MMD -MP -MF .deps/annotate.Tpo ../.././../gdb/gdb-7.5.1/gdb/annotate.c
config.status: creating testsuite/Makefile
gcc-4.7 -g -O2   -I. -I../.././../gdb/gdb-7.5.1/gdb -I../.././../gdb/gdb-7.5.1/gdb/common -I../.././../gdb/gdb-7.5.1/gdb/config -DLOCALEDIR="\"/home/sparksco/android/arm-linux-androideabi/share/locale\"" -DHAVE_CONFIG_H -I../.././../gdb/gdb-7.5.1/gdb/../include/opcode -I../.././../gdb/gdb-7.5.1/gdb/../opcodes/.. -I../.././../gdb/gdb-7.5.1/gdb/../readline/.. -I../bfd -I../.././../gdb/gdb-7.5.1/gdb/../bfd -I../.././../gdb/gdb-7.5.1/gdb/../include -I../libdecnumber -I../.././../gdb/gdb-7.5.1/gdb/../libdecnumber  -I../.././../gdb/gdb-7.5.1/gdb/gnulib/import -Ibuild-gnulib/import   -DTUI=1 -I/home/sparksco/android/toolchain/aosp/build/temp-install/include  -Wall -Wdeclaration-after-statement -Wpointer-arith -Wformat-nonliteral -Wno-pointer-sign -Wno-unused -Wunused-value -Wunused-function -Wno-switch -Wno-char-subscripts -Wmissing-prototypes -Wdeclaration-after-statement  -c -o addrmap.o -MT addrmap.o -MMD -MP -MF .deps/addrmap.Tpo ../.././../gdb/gdb-7.5.1/gdb/addrmap.c
make[3]: Entering directory `/home/sparksco/android/toolchain/aosp/build/gcc-195953/build-x86_64-linux-gnu/libiberty'
if [ x"" != x ] && [ ! -d pic ]; then \
	  mkdir pic; \
	else true; fi
touch stamp-picdir
if [ x"" != x ]; then \
	  gcc-4.7 -c -DHAVE_CONFIG_H -g -O2  -I. -I../../.././../gcc/gcc-195953/libiberty/../include  -W -Wall -Wwrite-strings -Wc++-compat -Wstrict-prototypes -pedantic   ../../.././../gcc/gcc-195953/libiberty/dwarfnames.c -o pic/dwarfnames.o; \
	else true; fi
gcc-4.7 -c -DHAVE_CONFIG_H -g -O2  -I. -I../../.././../gcc/gcc-195953/libiberty/../include  -W -Wall -Wwrite-strings -Wc++-compat -Wstrict-prototypes -pedantic  ../../.././../gcc/gcc-195953/libiberty/dwarfnames.c -o dwarfnames.o
config.status: creating config.h
if [ x"" != x ]; then \
	  gcc-4.7 -c -DHAVE_CONFIG_H -g -O2  -I. -I../../.././../gcc/gcc-195953/libiberty/../include  -W -Wall -Wwrite-strings -Wc++-compat -Wstrict-prototypes -pedantic   ../../.././../gcc/gcc-195953/libiberty/dyn-string.c -o pic/dyn-string.o; \
	else true; fi
config.status: executing default commands
gcc-4.7 -c -DHAVE_CONFIG_H -g -O2  -I. -I../../.././../gcc/gcc-195953/libiberty/../include  -W -Wall -Wwrite-strings -Wc++-compat -Wstrict-prototypes -pedantic  ../../.././../gcc/gcc-195953/libiberty/dyn-string.c -o dyn-string.o
gcc-4.7 -g -O2   -I. -I../.././../gdb/gdb-7.5.1/gdb -I../.././../gdb/gdb-7.5.1/gdb/common -I../.././../gdb/gdb-7.5.1/gdb/config -DLOCALEDIR="\"/home/sparksco/android/arm-linux-androideabi/share/locale\"" -DHAVE_CONFIG_H -I../.././../gdb/gdb-7.5.1/gdb/../include/opcode -I../.././../gdb/gdb-7.5.1/gdb/../opcodes/.. -I../.././../gdb/gdb-7.5.1/gdb/../readline/.. -I../bfd -I../.././../gdb/gdb-7.5.1/gdb/../bfd -I../.././../gdb/gdb-7.5.1/gdb/../include -I../libdecnumber -I../.././../gdb/gdb-7.5.1/gdb/../libdecnumber  -I../.././../gdb/gdb-7.5.1/gdb/gnulib/import -Ibuild-gnulib/import   -DTUI=1 -I/home/sparksco/android/toolchain/aosp/build/temp-install/include  -Wall -Wdeclaration-after-statement -Wpointer-arith -Wformat-nonliteral -Wno-pointer-sign -Wno-unused -Wunused-value -Wunused-function -Wno-switch -Wno-char-subscripts -Wmissing-prototypes -Wdeclaration-after-statement  -c -o auto-load.o -MT auto-load.o -MMD -MP -MF .deps/auto-load.Tpo ../.././../gdb/gdb-7.5.1/gdb/auto-load.c
gcc-4.7 -g -O2   -I. -I../.././../gdb/gdb-7.5.1/gdb -I../.././../gdb/gdb-7.5.1/gdb/common -I../.././../gdb/gdb-7.5.1/gdb/config -DLOCALEDIR="\"/home/sparksco/android/arm-linux-androideabi/share/locale\"" -DHAVE_CONFIG_H -I../.././../gdb/gdb-7.5.1/gdb/../include/opcode -I../.././../gdb/gdb-7.5.1/gdb/../opcodes/.. -I../.././../gdb/gdb-7.5.1/gdb/../readline/.. -I../bfd -I../.././../gdb/gdb-7.5.1/gdb/../bfd -I../.././../gdb/gdb-7.5.1/gdb/../include -I../libdecnumber -I../.././../gdb/gdb-7.5.1/gdb/../libdecnumber  -I../.././../gdb/gdb-7.5.1/gdb/gnulib/import -Ibuild-gnulib/import   -DTUI=1 -I/home/sparksco/android/toolchain/aosp/build/temp-install/include  -Wall -Wdeclaration-after-statement -Wpointer-arith -Wformat-nonliteral -Wno-pointer-sign -Wno-unused -Wunused-value -Wunused-function -Wno-switch -Wno-char-subscripts -Wmissing-prototypes -Wdeclaration-after-statement  -c -o auxv.o -MT auxv.o -MMD -MP -MF .deps/auxv.Tpo ../.././../gdb/gdb-7.5.1/gdb/auxv.c
if [ x"" != x ]; then \
	  gcc-4.7 -c -DHAVE_CONFIG_H -g -O2  -I. -I../../.././../gcc/gcc-195953/libiberty/../include  -W -Wall -Wwrite-strings -Wc++-compat -Wstrict-prototypes -pedantic   ../../.././../gcc/gcc-195953/libiberty/fdmatch.c -o pic/fdmatch.o; \
	else true; fi
gcc-4.7 -g -O2   -I. -I../.././../gdb/gdb-7.5.1/gdb -I../.././../gdb/gdb-7.5.1/gdb/common -I../.././../gdb/gdb-7.5.1/gdb/config -DLOCALEDIR="\"/home/sparksco/android/arm-linux-androideabi/share/locale\"" -DHAVE_CONFIG_H -I../.././../gdb/gdb-7.5.1/gdb/../include/opcode -I../.././../gdb/gdb-7.5.1/gdb/../opcodes/.. -I../.././../gdb/gdb-7.5.1/gdb/../readline/.. -I../bfd -I../.././../gdb/gdb-7.5.1/gdb/../bfd -I../.././../gdb/gdb-7.5.1/gdb/../include -I../libdecnumber -I../.././../gdb/gdb-7.5.1/gdb/../libdecnumber  -I../.././../gdb/gdb-7.5.1/gdb/gnulib/import -Ibuild-gnulib/import   -DTUI=1 -I/home/sparksco/android/toolchain/aosp/build/temp-install/include  -Wall -Wdeclaration-after-statement -Wpointer-arith -Wformat-nonliteral -Wno-pointer-sign -Wno-unused -Wunused-value -Wunused-function -Wno-switch -Wno-char-subscripts -Wmissing-prototypes -Wdeclaration-after-statement  -c -o agent.o -MT agent.o -MMD -MP -MF .deps/agent.Tpo ../.././../gdb/gdb-7.5.1/gdb/agent.c
gcc-4.7 -g -O2   -I. -I../.././../gdb/gdb-7.5.1/gdb -I../.././../gdb/gdb-7.5.1/gdb/common -I../.././../gdb/gdb-7.5.1/gdb/config -DLOCALEDIR="\"/home/sparksco/android/arm-linux-androideabi/share/locale\"" -DHAVE_CONFIG_H -I../.././../gdb/gdb-7.5.1/gdb/../include/opcode -I../.././../gdb/gdb-7.5.1/gdb/../opcodes/.. -I../.././../gdb/gdb-7.5.1/gdb/../readline/.. -I../bfd -I../.././../gdb/gdb-7.5.1/gdb/../bfd -I../.././../gdb/gdb-7.5.1/gdb/../include -I../libdecnumber -I../.././../gdb/gdb-7.5.1/gdb/../libdecnumber  -I../.././../gdb/gdb-7.5.1/gdb/gnulib/import -Ibuild-gnulib/import   -DTUI=1 -I/home/sparksco/android/toolchain/aosp/build/temp-install/include  -Wall -Wdeclaration-after-statement -Wpointer-arith -Wformat-nonliteral -Wno-pointer-sign -Wno-unused -Wunused-value -Wunused-function -Wno-switch -Wno-char-subscripts -Wmissing-prototypes -Wdeclaration-after-statement  -c -o bfd-target.o -MT bfd-target.o -MMD -MP -MF .deps/bfd-target.Tpo ../.././../gdb/gdb-7.5.1/gdb/bfd-target.c
gcc-4.7 -g -O2   -I. -I../.././../gdb/gdb-7.5.1/gdb -I../.././../gdb/gdb-7.5.1/gdb/common -I../.././../gdb/gdb-7.5.1/gdb/config -DLOCALEDIR="\"/home/sparksco/android/arm-linux-androideabi/share/locale\"" -DHAVE_CONFIG_H -I../.././../gdb/gdb-7.5.1/gdb/../include/opcode -I../.././../gdb/gdb-7.5.1/gdb/../opcodes/.. -I../.././../gdb/gdb-7.5.1/gdb/../readline/.. -I../bfd -I../.././../gdb/gdb-7.5.1/gdb/../bfd -I../.././../gdb/gdb-7.5.1/gdb/../include -I../libdecnumber -I../.././../gdb/gdb-7.5.1/gdb/../libdecnumber  -I../.././../gdb/gdb-7.5.1/gdb/gnulib/import -Ibuild-gnulib/import   -DTUI=1 -I/home/sparksco/android/toolchain/aosp/build/temp-install/include  -Wall -Wdeclaration-after-statement -Wpointer-arith -Wformat-nonliteral -Wno-pointer-sign -Wno-unused -Wunused-value -Wunused-function -Wno-switch -Wno-char-subscripts -Wmissing-prototypes -Wdeclaration-after-statement  -c -o blockframe.o -MT blockframe.o -MMD -MP -MF .deps/blockframe.Tpo ../.././../gdb/gdb-7.5.1/gdb/blockframe.c
gcc-4.7 -c -DHAVE_CONFIG_H -g -O2  -I. -I../../.././../gcc/gcc-195953/libiberty/../include  -W -Wall -Wwrite-strings -Wc++-compat -Wstrict-prototypes -pedantic  ../../.././../gcc/gcc-195953/libiberty/fdmatch.c -o fdmatch.o
gcc-4.7 -g -O2   -I. -I../.././../gdb/gdb-7.5.1/gdb -I../.././../gdb/gdb-7.5.1/gdb/common -I../.././../gdb/gdb-7.5.1/gdb/config -DLOCALEDIR="\"/home/sparksco/android/arm-linux-androideabi/share/locale\"" -DHAVE_CONFIG_H -I../.././../gdb/gdb-7.5.1/gdb/../include/opcode -I../.././../gdb/gdb-7.5.1/gdb/../opcodes/.. -I../.././../gdb/gdb-7.5.1/gdb/../readline/.. -I../bfd -I../.././../gdb/gdb-7.5.1/gdb/../bfd -I../.././../gdb/gdb-7.5.1/gdb/../include -I../libdecnumber -I../.././../gdb/gdb-7.5.1/gdb/../libdecnumber  -I../.././../gdb/gdb-7.5.1/gdb/gnulib/import -Ibuild-gnulib/import   -DTUI=1 -I/home/sparksco/android/toolchain/aosp/build/temp-install/include  -Wall -Wdeclaration-after-statement -Wpointer-arith -Wformat-nonliteral -Wno-pointer-sign -Wno-unused -Wunused-value -Wunused-function -Wno-switch -Wno-char-subscripts -Wmissing-prototypes -Wdeclaration-after-statement  -c -o breakpoint.o -MT breakpoint.o -MMD -MP -MF .deps/breakpoint.Tpo ../.././../gdb/gdb-7.5.1/gdb/breakpoint.c
make[3]: Entering directory `/home/sparksco/android/toolchain/aosp/build/gcc-195953/libiberty'
if [ x"-fpic" != x ] && [ ! -d pic ]; then \
	  mkdir pic; \
	else true; fi
touch stamp-picdir
if [ x"-fpic" != x ]; then \
	  gcc-4.7 -c -DHAVE_CONFIG_H -g -O2  -I. -I../.././../gcc/gcc-195953/libiberty/../include  -W -Wall -Wwrite-strings -Wc++-compat -Wstrict-prototypes -pedantic  -fpic ../.././../gcc/gcc-195953/libiberty/dwarfnames.c -o pic/dwarfnames.o; \
	else true; fi
if [ x"-fpic" != x ]; then \
	  gcc-4.7 -c -DHAVE_CONFIG_H -g -O2  -I. -I../.././../gcc/gcc-195953/libiberty/../include  -W -Wall -Wwrite-strings -Wc++-compat -Wstrict-prototypes -pedantic  -fpic ../.././../gcc/gcc-195953/libiberty/dyn-string.c -o pic/dyn-string.o; \
	else true; fi
if [ x"" != x ]; then \
	  gcc-4.7 -c -DHAVE_CONFIG_H -g -O2  -I. -I../../.././../gcc/gcc-195953/libiberty/../include  -W -Wall -Wwrite-strings -Wc++-compat -Wstrict-prototypes -pedantic   ../../.././../gcc/gcc-195953/libiberty/fibheap.c -o pic/fibheap.o; \
	else true; fi
gcc-4.7 -c -DHAVE_CONFIG_H -g -O2  -I. -I../../.././../gcc/gcc-195953/libiberty/../include  -W -Wall -Wwrite-strings -Wc++-compat -Wstrict-prototypes -pedantic  ../../.././../gcc/gcc-195953/libiberty/fibheap.c -o fibheap.o
if [ x"-fpic" != x ]; then \
	  gcc-4.7 -c -DHAVE_CONFIG_H -g -O2  -I. -I../.././../gcc/gcc-195953/libiberty/../include  -W -Wall -Wwrite-strings -Wc++-compat -Wstrict-prototypes -pedantic  -fpic ../.././../gcc/gcc-195953/libiberty/fdmatch.c -o pic/fdmatch.o; \
	else true; fi
gcc-4.7 -g -O2   -I. -I../.././../gdb/gdb-7.5.1/gdb -I../.././../gdb/gdb-7.5.1/gdb/common -I../.././../gdb/gdb-7.5.1/gdb/config -DLOCALEDIR="\"/home/sparksco/android/arm-linux-androideabi/share/locale\"" -DHAVE_CONFIG_H -I../.././../gdb/gdb-7.5.1/gdb/../include/opcode -I../.././../gdb/gdb-7.5.1/gdb/../opcodes/.. -I../.././../gdb/gdb-7.5.1/gdb/../readline/.. -I../bfd -I../.././../gdb/gdb-7.5.1/gdb/../bfd -I../.././../gdb/gdb-7.5.1/gdb/../include -I../libdecnumber -I../.././../gdb/gdb-7.5.1/gdb/../libdecnumber  -I../.././../gdb/gdb-7.5.1/gdb/gnulib/import -Ibuild-gnulib/import   -DTUI=1 -I/home/sparksco/android/toolchain/aosp/build/temp-install/include  -Wall -Wdeclaration-after-statement -Wpointer-arith -Wformat-nonliteral -Wno-pointer-sign -Wno-unused -Wunused-value -Wunused-function -Wno-switch -Wno-char-subscripts -Wmissing-prototypes -Wdeclaration-after-statement  -c -o findvar.o -MT findvar.o -MMD -MP -MF .deps/findvar.Tpo ../.././../gdb/gdb-7.5.1/gdb/findvar.c
if [ x"" != x ]; then \
	  gcc-4.7 -c -DHAVE_CONFIG_H -g -O2  -I. -I../../.././../gcc/gcc-195953/libiberty/../include  -W -Wall -Wwrite-strings -Wc++-compat -Wstrict-prototypes -pedantic   ../../.././../gcc/gcc-195953/libiberty/filename_cmp.c -o pic/filename_cmp.o; \
	else true; fi
gcc-4.7 -g -O2   -I. -I../.././../gdb/gdb-7.5.1/gdb -I../.././../gdb/gdb-7.5.1/gdb/common -I../.././../gdb/gdb-7.5.1/gdb/config -DLOCALEDIR="\"/home/sparksco/android/arm-linux-androideabi/share/locale\"" -DHAVE_CONFIG_H -I../.././../gdb/gdb-7.5.1/gdb/../include/opcode -I../.././../gdb/gdb-7.5.1/gdb/../opcodes/.. -I../.././../gdb/gdb-7.5.1/gdb/../readline/.. -I../bfd -I../.././../gdb/gdb-7.5.1/gdb/../bfd -I../.././../gdb/gdb-7.5.1/gdb/../include -I../libdecnumber -I../.././../gdb/gdb-7.5.1/gdb/../libdecnumber  -I../.././../gdb/gdb-7.5.1/gdb/gnulib/import -Ibuild-gnulib/import   -DTUI=1 -I/home/sparksco/android/toolchain/aosp/build/temp-install/include  -Wall -Wdeclaration-after-statement -Wpointer-arith -Wformat-nonliteral -Wno-pointer-sign -Wno-unused -Wunused-value -Wunused-function -Wno-switch -Wno-char-subscripts -Wmissing-prototypes -Wdeclaration-after-statement  -c -o regcache.o -MT regcache.o -MMD -MP -MF .deps/regcache.Tpo ../.././../gdb/gdb-7.5.1/gdb/regcache.c
gcc-4.7 -c -DHAVE_CONFIG_H -g -O2  -I. -I../.././../gcc/gcc-195953/libiberty/../include  -W -Wall -Wwrite-strings -Wc++-compat -Wstrict-prototypes -pedantic  ../.././../gcc/gcc-195953/libiberty/dyn-string.c -o dyn-string.o
gcc-4.7 -g -O2   -I. -I../.././../gdb/gdb-7.5.1/gdb -I../.././../gdb/gdb-7.5.1/gdb/common -I../.././../gdb/gdb-7.5.1/gdb/config -DLOCALEDIR="\"/home/sparksco/android/arm-linux-androideabi/share/locale\"" -DHAVE_CONFIG_H -I../.././../gdb/gdb-7.5.1/gdb/../include/opcode -I../.././../gdb/gdb-7.5.1/gdb/../opcodes/.. -I../.././../gdb/gdb-7.5.1/gdb/../readline/.. -I../bfd -I../.././../gdb/gdb-7.5.1/gdb/../bfd -I../.././../gdb/gdb-7.5.1/gdb/../include -I../libdecnumber -I../.././../gdb/gdb-7.5.1/gdb/../libdecnumber  -I../.././../gdb/gdb-7.5.1/gdb/gnulib/import -Ibuild-gnulib/import   -DTUI=1 -I/home/sparksco/android/toolchain/aosp/build/temp-install/include  -Wall -Wdeclaration-after-statement -Wpointer-arith -Wformat-nonliteral -Wno-pointer-sign -Wno-unused -Wunused-value -Wunused-function -Wno-switch -Wno-char-subscripts -Wmissing-prototypes -Wdeclaration-after-statement  -c -o cleanups.o -MT cleanups.o -MMD -MP -MF .deps/cleanups.Tpo ../.././../gdb/gdb-7.5.1/gdb/cleanups.c
gcc-4.7 -c -DHAVE_CONFIG_H -g -O2  -I. -I../.././../gcc/gcc-195953/libiberty/../include  -W -Wall -Wwrite-strings -Wc++-compat -Wstrict-prototypes -pedantic  ../.././../gcc/gcc-195953/libiberty/dwarfnames.c -o dwarfnames.o
gcc-4.7 -c -DHAVE_CONFIG_H -g -O2  -I. -I../../.././../gcc/gcc-195953/libiberty/../include  -W -Wall -Wwrite-strings -Wc++-compat -Wstrict-prototypes -pedantic  ../../.././../gcc/gcc-195953/libiberty/filename_cmp.c -o filename_cmp.o
gcc-4.7 -c -DHAVE_CONFIG_H -g -O2  -I. -I../.././../gcc/gcc-195953/libiberty/../include  -W -Wall -Wwrite-strings -Wc++-compat -Wstrict-prototypes -pedantic  ../.././../gcc/gcc-195953/libiberty/fdmatch.c -o fdmatch.o
gcc-4.7 -g -O2   -I. -I../.././../gdb/gdb-7.5.1/gdb -I../.././../gdb/gdb-7.5.1/gdb/common -I../.././../gdb/gdb-7.5.1/gdb/config -DLOCALEDIR="\"/home/sparksco/android/arm-linux-androideabi/share/locale\"" -DHAVE_CONFIG_H -I../.././../gdb/gdb-7.5.1/gdb/../include/opcode -I../.././../gdb/gdb-7.5.1/gdb/../opcodes/.. -I../.././../gdb/gdb-7.5.1/gdb/../readline/.. -I../bfd -I../.././../gdb/gdb-7.5.1/gdb/../bfd -I../.././../gdb/gdb-7.5.1/gdb/../include -I../libdecnumber -I../.././../gdb/gdb-7.5.1/gdb/../libdecnumber  -I../.././../gdb/gdb-7.5.1/gdb/gnulib/import -Ibuild-gnulib/import   -DTUI=1 -I/home/sparksco/android/toolchain/aosp/build/temp-install/include  -Wall -Wdeclaration-after-statement -Wpointer-arith -Wformat-nonliteral -Wno-pointer-sign -Wno-unused -Wunused-value -Wunused-function -Wno-switch -Wno-char-subscripts -Wmissing-prototypes -Wdeclaration-after-statement  -c -o charset.o -MT charset.o -MMD -MP -MF .deps/charset.Tpo ../.././../gdb/gdb-7.5.1/gdb/charset.c
if [ x"" != x ]; then \
	  gcc-4.7 -c -DHAVE_CONFIG_H -g -O2  -I. -I../../.././../gcc/gcc-195953/libiberty/../include  -W -Wall -Wwrite-strings -Wc++-compat -Wstrict-prototypes -pedantic   ../../.././../gcc/gcc-195953/libiberty/floatformat.c -o pic/floatformat.o; \
	else true; fi
gcc-4.7 -c -DHAVE_CONFIG_H -g -O2  -I. -I../../.././../gcc/gcc-195953/libiberty/../include  -W -Wall -Wwrite-strings -Wc++-compat -Wstrict-prototypes -pedantic  ../../.././../gcc/gcc-195953/libiberty/floatformat.c -o floatformat.o
gcc-4.7 -g -O2   -I. -I../.././../gdb/gdb-7.5.1/gdb -I../.././../gdb/gdb-7.5.1/gdb/common -I../.././../gdb/gdb-7.5.1/gdb/config -DLOCALEDIR="\"/home/sparksco/android/arm-linux-androideabi/share/locale\"" -DHAVE_CONFIG_H -I../.././../gdb/gdb-7.5.1/gdb/../include/opcode -I../.././../gdb/gdb-7.5.1/gdb/../opcodes/.. -I../.././../gdb/gdb-7.5.1/gdb/../readline/.. -I../bfd -I../.././../gdb/gdb-7.5.1/gdb/../bfd -I../.././../gdb/gdb-7.5.1/gdb/../include -I../libdecnumber -I../.././../gdb/gdb-7.5.1/gdb/../libdecnumber  -I../.././../gdb/gdb-7.5.1/gdb/gnulib/import -Ibuild-gnulib/import   -DTUI=1 -I/home/sparksco/android/toolchain/aosp/build/temp-install/include  -Wall -Wdeclaration-after-statement -Wpointer-arith -Wformat-nonliteral -Wno-pointer-sign -Wno-unused -Wunused-value -Wunused-function -Wno-switch -Wno-char-subscripts -Wmissing-prototypes -Wdeclaration-after-statement  -c -o continuations.o -MT continuations.o -MMD -MP -MF .deps/continuations.Tpo ../.././../gdb/gdb-7.5.1/gdb/continuations.c
if [ x"" != x ]; then \
	  gcc-4.7 -c -DHAVE_CONFIG_H -g -O2  -I. -I../../.././../gcc/gcc-195953/libiberty/../include  -W -Wall -Wwrite-strings -Wc++-compat -Wstrict-prototypes -pedantic   ../../.././../gcc/gcc-195953/libiberty/fnmatch.c -o pic/fnmatch.o; \
	else true; fi
gcc-4.7 -c -DHAVE_CONFIG_H -g -O2  -I. -I../../.././../gcc/gcc-195953/libiberty/../include  -W -Wall -Wwrite-strings -Wc++-compat -Wstrict-prototypes -pedantic  ../../.././../gcc/gcc-195953/libiberty/fnmatch.c -o fnmatch.o
mkdir -p -- ./libcpp
Configuring in ./libcpp
if [ x"-fpic" != x ]; then \
	  gcc-4.7 -c -DHAVE_CONFIG_H -g -O2  -I. -I../.././../gcc/gcc-195953/libiberty/../include  -W -Wall -Wwrite-strings -Wc++-compat -Wstrict-prototypes -pedantic  -fpic ../.././../gcc/gcc-195953/libiberty/fibheap.c -o pic/fibheap.o; \
	else true; fi
if [ x"" != x ]; then \
	  gcc-4.7 -c -DHAVE_CONFIG_H -g -O2  -I. -I../../.././../gcc/gcc-195953/libiberty/../include  -W -Wall -Wwrite-strings -Wc++-compat -Wstrict-prototypes -pedantic   ../../.././../gcc/gcc-195953/libiberty/fopen_unlocked.c -o pic/fopen_unlocked.o; \
	else true; fi
gcc-4.7 -c -DHAVE_CONFIG_H -g -O2  -I. -I../../.././../gcc/gcc-195953/libiberty/../include  -W -Wall -Wwrite-strings -Wc++-compat -Wstrict-prototypes -pedantic  ../../.././../gcc/gcc-195953/libiberty/fopen_unlocked.c -o fopen_unlocked.o
gcc-4.7 -g -O2   -I. -I../.././../gdb/gdb-7.5.1/gdb -I../.././../gdb/gdb-7.5.1/gdb/common -I../.././../gdb/gdb-7.5.1/gdb/config -DLOCALEDIR="\"/home/sparksco/android/arm-linux-androideabi/share/locale\"" -DHAVE_CONFIG_H -I../.././../gdb/gdb-7.5.1/gdb/../include/opcode -I../.././../gdb/gdb-7.5.1/gdb/../opcodes/.. -I../.././../gdb/gdb-7.5.1/gdb/../readline/.. -I../bfd -I../.././../gdb/gdb-7.5.1/gdb/../bfd -I../.././../gdb/gdb-7.5.1/gdb/../include -I../libdecnumber -I../.././../gdb/gdb-7.5.1/gdb/../libdecnumber  -I../.././../gdb/gdb-7.5.1/gdb/gnulib/import -Ibuild-gnulib/import   -DTUI=1 -I/home/sparksco/android/toolchain/aosp/build/temp-install/include  -Wall -Wdeclaration-after-statement -Wpointer-arith -Wformat-nonliteral -Wno-pointer-sign -Wno-unused -Wunused-value -Wunused-function -Wno-switch -Wno-char-subscripts -Wmissing-prototypes -Wdeclaration-after-statement  -c -o corelow.o -MT corelow.o -MMD -MP -MF .deps/corelow.Tpo ../.././../gdb/gdb-7.5.1/gdb/corelow.c
if [ x"" != x ]; then \
	  gcc-4.7 -c -DHAVE_CONFIG_H -g -O2  -I. -I../../.././../gcc/gcc-195953/libiberty/../include  -W -Wall -Wwrite-strings -Wc++-compat -Wstrict-prototypes -pedantic   ../../.././../gcc/gcc-195953/libiberty/getopt.c -o pic/getopt.o; \
	else true; fi
gcc-4.7 -c -DHAVE_CONFIG_H -g -O2  -I. -I../../.././../gcc/gcc-195953/libiberty/../include  -W -Wall -Wwrite-strings -Wc++-compat -Wstrict-prototypes -pedantic  ../../.././../gcc/gcc-195953/libiberty/getopt.c -o getopt.o
gcc-4.7 -g -O2   -I. -I../.././../gdb/gdb-7.5.1/gdb -I../.././../gdb/gdb-7.5.1/gdb/common -I../.././../gdb/gdb-7.5.1/gdb/config -DLOCALEDIR="\"/home/sparksco/android/arm-linux-androideabi/share/locale\"" -DHAVE_CONFIG_H -I../.././../gdb/gdb-7.5.1/gdb/../include/opcode -I../.././../gdb/gdb-7.5.1/gdb/../opcodes/.. -I../.././../gdb/gdb-7.5.1/gdb/../readline/.. -I../bfd -I../.././../gdb/gdb-7.5.1/gdb/../bfd -I../.././../gdb/gdb-7.5.1/gdb/../include -I../libdecnumber -I../.././../gdb/gdb-7.5.1/gdb/../libdecnumber  -I../.././../gdb/gdb-7.5.1/gdb/gnulib/import -Ibuild-gnulib/import   -DTUI=1 -I/home/sparksco/android/toolchain/aosp/build/temp-install/include  -Wall -Wdeclaration-after-statement -Wpointer-arith -Wformat-nonliteral -Wno-pointer-sign -Wno-unused -Wunused-value -Wunused-function -Wno-switch -Wno-char-subscripts -Wmissing-prototypes -Wdeclaration-after-statement  -c -o disasm.o -MT disasm.o -MMD -MP -MF .deps/disasm.Tpo ../.././../gdb/gdb-7.5.1/gdb/disasm.c
if [ x"" != x ]; then \
	  gcc-4.7 -c -DHAVE_CONFIG_H -g -O2  -I. -I../../.././../gcc/gcc-195953/libiberty/../include  -W -Wall -Wwrite-strings -Wc++-compat -Wstrict-prototypes -pedantic   ../../.././../gcc/gcc-195953/libiberty/getopt1.c -o pic/getopt1.o; \
	else true; fi
gcc-4.7 -c -DHAVE_CONFIG_H -g -O2  -I. -I../../.././../gcc/gcc-195953/libiberty/../include  -W -Wall -Wwrite-strings -Wc++-compat -Wstrict-prototypes -pedantic  ../../.././../gcc/gcc-195953/libiberty/getopt1.c -o getopt1.o
if [ x"" != x ]; then \
	  gcc-4.7 -c -DHAVE_CONFIG_H -g -O2  -I. -I../../.././../gcc/gcc-195953/libiberty/../include  -W -Wall -Wwrite-strings -Wc++-compat -Wstrict-prototypes -pedantic   ../../.././../gcc/gcc-195953/libiberty/getpwd.c -o pic/getpwd.o; \
	else true; fi
gcc-4.7 -c -DHAVE_CONFIG_H -g -O2  -I. -I../.././../gcc/gcc-195953/libiberty/../include  -W -Wall -Wwrite-strings -Wc++-compat -Wstrict-prototypes -pedantic  ../.././../gcc/gcc-195953/libiberty/fibheap.c -o fibheap.o
gcc-4.7 -c -DHAVE_CONFIG_H -g -O2  -I. -I../../.././../gcc/gcc-195953/libiberty/../include  -W -Wall -Wwrite-strings -Wc++-compat -Wstrict-prototypes -pedantic  ../../.././../gcc/gcc-195953/libiberty/getpwd.c -o getpwd.o
if [ x"" != x ]; then \
	  gcc-4.7 -c -DHAVE_CONFIG_H -g -O2  -I. -I../../.././../gcc/gcc-195953/libiberty/../include  -W -Wall -Wwrite-strings -Wc++-compat -Wstrict-prototypes -pedantic   ../../.././../gcc/gcc-195953/libiberty/getruntime.c -o pic/getruntime.o; \
	else true; fi
gcc-4.7 -c -DHAVE_CONFIG_H -g -O2  -I. -I../../.././../gcc/gcc-195953/libiberty/../include  -W -Wall -Wwrite-strings -Wc++-compat -Wstrict-prototypes -pedantic  ../../.././../gcc/gcc-195953/libiberty/getruntime.c -o getruntime.o
if [ x"" != x ]; then \
	  gcc-4.7 -c -DHAVE_CONFIG_H -g -O2  -I. -I../../.././../gcc/gcc-195953/libiberty/../include  -W -Wall -Wwrite-strings -Wc++-compat -Wstrict-prototypes -pedantic   ../../.././../gcc/gcc-195953/libiberty/hashtab.c -o pic/hashtab.o; \
	else true; fi
gcc-4.7 -c -DHAVE_CONFIG_H -g -O2  -I. -I../../.././../gcc/gcc-195953/libiberty/../include  -W -Wall -Wwrite-strings -Wc++-compat -Wstrict-prototypes -pedantic  ../../.././../gcc/gcc-195953/libiberty/hashtab.c -o hashtab.o
if [ x"-fpic" != x ]; then \
	  gcc-4.7 -c -DHAVE_CONFIG_H -g -O2  -I. -I../.././../gcc/gcc-195953/libiberty/../include  -W -Wall -Wwrite-strings -Wc++-compat -Wstrict-prototypes -pedantic  -fpic ../.././../gcc/gcc-195953/libiberty/filename_cmp.c -o pic/filename_cmp.o; \
	else true; fi
gcc-4.7 -g -O2   -I. -I../.././../gdb/gdb-7.5.1/gdb -I../.././../gdb/gdb-7.5.1/gdb/common -I../.././../gdb/gdb-7.5.1/gdb/config -DLOCALEDIR="\"/home/sparksco/android/arm-linux-androideabi/share/locale\"" -DHAVE_CONFIG_H -I../.././../gdb/gdb-7.5.1/gdb/../include/opcode -I../.././../gdb/gdb-7.5.1/gdb/../opcodes/.. -I../.././../gdb/gdb-7.5.1/gdb/../readline/.. -I../bfd -I../.././../gdb/gdb-7.5.1/gdb/../bfd -I../.././../gdb/gdb-7.5.1/gdb/../include -I../libdecnumber -I../.././../gdb/gdb-7.5.1/gdb/../libdecnumber  -I../.././../gdb/gdb-7.5.1/gdb/gnulib/import -Ibuild-gnulib/import   -DTUI=1 -I/home/sparksco/android/toolchain/aosp/build/temp-install/include  -Wall -Wdeclaration-after-statement -Wpointer-arith -Wformat-nonliteral -Wno-pointer-sign -Wno-unused -Wunused-value -Wunused-function -Wno-switch -Wno-char-subscripts -Wmissing-prototypes -Wdeclaration-after-statement  -c -o dummy-frame.o -MT dummy-frame.o -MMD -MP -MF .deps/dummy-frame.Tpo ../.././../gdb/gdb-7.5.1/gdb/dummy-frame.c
if [ x"" != x ]; then \
	  gcc-4.7 -c -DHAVE_CONFIG_H -g -O2  -I. -I../../.././../gcc/gcc-195953/libiberty/../include  -W -Wall -Wwrite-strings -Wc++-compat -Wstrict-prototypes -pedantic   ../../.././../gcc/gcc-195953/libiberty/hex.c -o pic/hex.o; \
	else true; fi
gcc-4.7 -c -DHAVE_CONFIG_H -g -O2  -I. -I../../.././../gcc/gcc-195953/libiberty/../include  -W -Wall -Wwrite-strings -Wc++-compat -Wstrict-prototypes -pedantic  ../../.././../gcc/gcc-195953/libiberty/hex.c -o hex.o
gcc-4.7 -c -DHAVE_CONFIG_H -g -O2  -I. -I../.././../gcc/gcc-195953/libiberty/../include  -W -Wall -Wwrite-strings -Wc++-compat -Wstrict-prototypes -pedantic  ../.././../gcc/gcc-195953/libiberty/filename_cmp.c -o filename_cmp.o
if [ x"" != x ]; then \
	  gcc-4.7 -c -DHAVE_CONFIG_H -g -O2  -I. -I../../.././../gcc/gcc-195953/libiberty/../include  -W -Wall -Wwrite-strings -Wc++-compat -Wstrict-prototypes -pedantic   ../../.././../gcc/gcc-195953/libiberty/lbasename.c -o pic/lbasename.o; \
	else true; fi
gcc-4.7 -c -DHAVE_CONFIG_H -g -O2  -I. -I../../.././../gcc/gcc-195953/libiberty/../include  -W -Wall -Wwrite-strings -Wc++-compat -Wstrict-prototypes -pedantic  ../../.././../gcc/gcc-195953/libiberty/lbasename.c -o lbasename.o
if [ x"-fpic" != x ]; then \
	  gcc-4.7 -c -DHAVE_CONFIG_H -g -O2  -I. -I../.././../gcc/gcc-195953/libiberty/../include  -W -Wall -Wwrite-strings -Wc++-compat -Wstrict-prototypes -pedantic  -fpic ../.././../gcc/gcc-195953/libiberty/floatformat.c -o pic/floatformat.o; \
	else true; fi
if [ x"" != x ]; then \
	  gcc-4.7 -c -DHAVE_CONFIG_H -g -O2  -I. -I../../.././../gcc/gcc-195953/libiberty/../include  -W -Wall -Wwrite-strings -Wc++-compat -Wstrict-prototypes -pedantic   ../../.././../gcc/gcc-195953/libiberty/lrealpath.c -o pic/lrealpath.o; \
	else true; fi
gcc-4.7 -c -DHAVE_CONFIG_H -g -O2  -I. -I../../.././../gcc/gcc-195953/libiberty/../include  -W -Wall -Wwrite-strings -Wc++-compat -Wstrict-prototypes -pedantic  ../../.././../gcc/gcc-195953/libiberty/lrealpath.c -o lrealpath.o
if [ x"-fpic" != x ]; then \
	  gcc-4.7 -c -DHAVE_CONFIG_H -g -O2  -I. -I../.././../gcc/gcc-195953/libiberty/../include  -W -Wall -Wwrite-strings -Wc++-compat -Wstrict-prototypes -pedantic  -fpic ../.././../gcc/gcc-195953/libiberty/fnmatch.c -o pic/fnmatch.o; \
	else true; fi
if [ x"" != x ]; then \
	  gcc-4.7 -c -DHAVE_CONFIG_H -g -O2  -I. -I../../.././../gcc/gcc-195953/libiberty/../include  -W -Wall -Wwrite-strings -Wc++-compat -Wstrict-prototypes -pedantic   ../../.././../gcc/gcc-195953/libiberty/make-relative-prefix.c -o pic/make-relative-prefix.o; \
	else true; fi
gcc-4.7 -c -DHAVE_CONFIG_H -g -O2  -I. -I../../.././../gcc/gcc-195953/libiberty/../include  -W -Wall -Wwrite-strings -Wc++-compat -Wstrict-prototypes -pedantic  ../../.././../gcc/gcc-195953/libiberty/make-relative-prefix.c -o make-relative-prefix.o
gcc-4.7 -g -O2   -I. -I../.././../gdb/gdb-7.5.1/gdb -I../.././../gdb/gdb-7.5.1/gdb/common -I../.././../gdb/gdb-7.5.1/gdb/config -DLOCALEDIR="\"/home/sparksco/android/arm-linux-androideabi/share/locale\"" -DHAVE_CONFIG_H -I../.././../gdb/gdb-7.5.1/gdb/../include/opcode -I../.././../gdb/gdb-7.5.1/gdb/../opcodes/.. -I../.././../gdb/gdb-7.5.1/gdb/../readline/.. -I../bfd -I../.././../gdb/gdb-7.5.1/gdb/../bfd -I../.././../gdb/gdb-7.5.1/gdb/../include -I../libdecnumber -I../.././../gdb/gdb-7.5.1/gdb/../libdecnumber  -I../.././../gdb/gdb-7.5.1/gdb/gnulib/import -Ibuild-gnulib/import   -DTUI=1 -I/home/sparksco/android/toolchain/aosp/build/temp-install/include  -Wall -Wdeclaration-after-statement -Wpointer-arith -Wformat-nonliteral -Wno-pointer-sign -Wno-unused -Wunused-value -Wunused-function -Wno-switch -Wno-char-subscripts -Wmissing-prototypes -Wdeclaration-after-statement  -c -o dfp.o -MT dfp.o -MMD -MP -MF .deps/dfp.Tpo ../.././../gdb/gdb-7.5.1/gdb/dfp.c
gcc-4.7 -g -O2   -I. -I../.././../gdb/gdb-7.5.1/gdb -I../.././../gdb/gdb-7.5.1/gdb/common -I../.././../gdb/gdb-7.5.1/gdb/config -DLOCALEDIR="\"/home/sparksco/android/arm-linux-androideabi/share/locale\"" -DHAVE_CONFIG_H -I../.././../gdb/gdb-7.5.1/gdb/../include/opcode -I../.././../gdb/gdb-7.5.1/gdb/../opcodes/.. -I../.././../gdb/gdb-7.5.1/gdb/../readline/.. -I../bfd -I../.././../gdb/gdb-7.5.1/gdb/../bfd -I../.././../gdb/gdb-7.5.1/gdb/../include -I../libdecnumber -I../.././../gdb/gdb-7.5.1/gdb/../libdecnumber  -I../.././../gdb/gdb-7.5.1/gdb/gnulib/import -Ibuild-gnulib/import   -DTUI=1 -I/home/sparksco/android/toolchain/aosp/build/temp-install/include  -Wall -Wdeclaration-after-statement -Wpointer-arith -Wformat-nonliteral -Wno-pointer-sign -Wno-unused -Wunused-value -Wunused-function -Wno-switch -Wno-char-subscripts -Wmissing-prototypes -Wdeclaration-after-statement  -c -o source.o -MT source.o -MMD -MP -MF .deps/source.Tpo ../.././../gdb/gdb-7.5.1/gdb/source.c
gcc-4.7 -c -DHAVE_CONFIG_H -g -O2  -I. -I../.././../gcc/gcc-195953/libiberty/../include  -W -Wall -Wwrite-strings -Wc++-compat -Wstrict-prototypes -pedantic  ../.././../gcc/gcc-195953/libiberty/fnmatch.c -o fnmatch.o
gcc-4.7 -g -O2   -I. -I../.././../gdb/gdb-7.5.1/gdb -I../.././../gdb/gdb-7.5.1/gdb/common -I../.././../gdb/gdb-7.5.1/gdb/config -DLOCALEDIR="\"/home/sparksco/android/arm-linux-androideabi/share/locale\"" -DHAVE_CONFIG_H -I../.././../gdb/gdb-7.5.1/gdb/../include/opcode -I../.././../gdb/gdb-7.5.1/gdb/../opcodes/.. -I../.././../gdb/gdb-7.5.1/gdb/../readline/.. -I../bfd -I../.././../gdb/gdb-7.5.1/gdb/../bfd -I../.././../gdb/gdb-7.5.1/gdb/../include -I../libdecnumber -I../.././../gdb/gdb-7.5.1/gdb/../libdecnumber  -I../.././../gdb/gdb-7.5.1/gdb/gnulib/import -Ibuild-gnulib/import   -DTUI=1 -I/home/sparksco/android/toolchain/aosp/build/temp-install/include  -Wall -Wdeclaration-after-statement -Wpointer-arith -Wformat-nonliteral -Wno-pointer-sign -Wno-unused -Wunused-value -Wunused-function -Wno-switch -Wno-char-subscripts -Wmissing-prototypes -Wdeclaration-after-statement  -c -o value.o -MT value.o -MMD -MP -MF .deps/value.Tpo ../.././../gdb/gdb-7.5.1/gdb/value.c
gcc-4.7 -g -O2   -I. -I../.././../gdb/gdb-7.5.1/gdb -I../.././../gdb/gdb-7.5.1/gdb/common -I../.././../gdb/gdb-7.5.1/gdb/config -DLOCALEDIR="\"/home/sparksco/android/arm-linux-androideabi/share/locale\"" -DHAVE_CONFIG_H -I../.././../gdb/gdb-7.5.1/gdb/../include/opcode -I../.././../gdb/gdb-7.5.1/gdb/../opcodes/.. -I../.././../gdb/gdb-7.5.1/gdb/../readline/.. -I../bfd -I../.././../gdb/gdb-7.5.1/gdb/../bfd -I../.././../gdb/gdb-7.5.1/gdb/../include -I../libdecnumber -I../.././../gdb/gdb-7.5.1/gdb/../libdecnumber  -I../.././../gdb/gdb-7.5.1/gdb/gnulib/import -Ibuild-gnulib/import   -DTUI=1 -I/home/sparksco/android/toolchain/aosp/build/temp-install/include  -Wall -Wdeclaration-after-statement -Wpointer-arith -Wformat-nonliteral -Wno-pointer-sign -Wno-unused -Wunused-value -Wunused-function -Wno-switch -Wno-char-subscripts -Wmissing-prototypes -Wdeclaration-after-statement  -c -o eval.o -MT eval.o -MMD -MP -MF .deps/eval.Tpo ../.././../gdb/gdb-7.5.1/gdb/eval.c
if [ x"" != x ]; then \
	  gcc-4.7 -c -DHAVE_CONFIG_H -g -O2  -I. -I../../.././../gcc/gcc-195953/libiberty/../include  -W -Wall -Wwrite-strings -Wc++-compat -Wstrict-prototypes -pedantic   ../../.././../gcc/gcc-195953/libiberty/make-temp-file.c -o pic/make-temp-file.o; \
	else true; fi
gcc-4.7 -c -DHAVE_CONFIG_H -g -O2  -I. -I../../.././../gcc/gcc-195953/libiberty/../include  -W -Wall -Wwrite-strings -Wc++-compat -Wstrict-prototypes -pedantic  ../../.././../gcc/gcc-195953/libiberty/make-temp-file.c -o make-temp-file.o
gcc-4.7 -g -O2   -I. -I../.././../gdb/gdb-7.5.1/gdb -I../.././../gdb/gdb-7.5.1/gdb/common -I../.././../gdb/gdb-7.5.1/gdb/config -DLOCALEDIR="\"/home/sparksco/android/arm-linux-androideabi/share/locale\"" -DHAVE_CONFIG_H -I../.././../gdb/gdb-7.5.1/gdb/../include/opcode -I../.././../gdb/gdb-7.5.1/gdb/../opcodes/.. -I../.././../gdb/gdb-7.5.1/gdb/../readline/.. -I../bfd -I../.././../gdb/gdb-7.5.1/gdb/../bfd -I../.././../gdb/gdb-7.5.1/gdb/../include -I../libdecnumber -I../.././../gdb/gdb-7.5.1/gdb/../libdecnumber  -I../.././../gdb/gdb-7.5.1/gdb/gnulib/import -Ibuild-gnulib/import   -DTUI=1 -I/home/sparksco/android/toolchain/aosp/build/temp-install/include  -Wall -Wdeclaration-after-statement -Wpointer-arith -Wformat-nonliteral -Wno-pointer-sign -Wno-unused -Wunused-value -Wunused-function -Wno-switch -Wno-char-subscripts -Wmissing-prototypes -Wdeclaration-after-statement  -c -o valops.o -MT valops.o -MMD -MP -MF .deps/valops.Tpo ../.././../gdb/gdb-7.5.1/gdb/valops.c
gcc-4.7 -c -DHAVE_CONFIG_H -g -O2  -I. -I../.././../gcc/gcc-195953/libiberty/../include  -W -Wall -Wwrite-strings -Wc++-compat -Wstrict-prototypes -pedantic  ../.././../gcc/gcc-195953/libiberty/floatformat.c -o floatformat.o
gcc-4.7 -g -O2   -I. -I../.././../gdb/gdb-7.5.1/gdb -I../.././../gdb/gdb-7.5.1/gdb/common -I../.././../gdb/gdb-7.5.1/gdb/config -DLOCALEDIR="\"/home/sparksco/android/arm-linux-androideabi/share/locale\"" -DHAVE_CONFIG_H -I../.././../gdb/gdb-7.5.1/gdb/../include/opcode -I../.././../gdb/gdb-7.5.1/gdb/../opcodes/.. -I../.././../gdb/gdb-7.5.1/gdb/../readline/.. -I../bfd -I../.././../gdb/gdb-7.5.1/gdb/../bfd -I../.././../gdb/gdb-7.5.1/gdb/../include -I../libdecnumber -I../.././../gdb/gdb-7.5.1/gdb/../libdecnumber  -I../.././../gdb/gdb-7.5.1/gdb/gnulib/import -Ibuild-gnulib/import   -DTUI=1 -I/home/sparksco/android/toolchain/aosp/build/temp-install/include  -Wall -Wdeclaration-after-statement -Wpointer-arith -Wformat-nonliteral -Wno-pointer-sign -Wno-unused -Wunused-value -Wunused-function -Wno-switch -Wno-char-subscripts -Wmissing-prototypes -Wdeclaration-after-statement  -c -o valarith.o -MT valarith.o -MMD -MP -MF .deps/valarith.Tpo ../.././../gdb/gdb-7.5.1/gdb/valarith.c
if [ x"-fpic" != x ]; then \
	  gcc-4.7 -c -DHAVE_CONFIG_H -g -O2  -I. -I../.././../gcc/gcc-195953/libiberty/../include  -W -Wall -Wwrite-strings -Wc++-compat -Wstrict-prototypes -pedantic  -fpic ../.././../gcc/gcc-195953/libiberty/fopen_unlocked.c -o pic/fopen_unlocked.o; \
	else true; fi
if [ x"" != x ]; then \
	  gcc-4.7 -c -DHAVE_CONFIG_H -g -O2  -I. -I../../.././../gcc/gcc-195953/libiberty/../include  -W -Wall -Wwrite-strings -Wc++-compat -Wstrict-prototypes -pedantic   ../../.././../gcc/gcc-195953/libiberty/objalloc.c -o pic/objalloc.o; \
	else true; fi
gcc-4.7 -c -DHAVE_CONFIG_H -g -O2  -I. -I../../.././../gcc/gcc-195953/libiberty/../include  -W -Wall -Wwrite-strings -Wc++-compat -Wstrict-prototypes -pedantic  ../../.././../gcc/gcc-195953/libiberty/objalloc.c -o objalloc.o
if [ x"" != x ]; then \
	  gcc-4.7 -c -DHAVE_CONFIG_H -g -O2  -I. -I../../.././../gcc/gcc-195953/libiberty/../include  -W -Wall -Wwrite-strings -Wc++-compat -Wstrict-prototypes -pedantic   ../../.././../gcc/gcc-195953/libiberty/obstack.c -o pic/obstack.o; \
	else true; fi
gcc-4.7 -c -DHAVE_CONFIG_H -g -O2  -I. -I../.././../gcc/gcc-195953/libiberty/../include  -W -Wall -Wwrite-strings -Wc++-compat -Wstrict-prototypes -pedantic  ../.././../gcc/gcc-195953/libiberty/fopen_unlocked.c -o fopen_unlocked.o
gcc-4.7 -c -DHAVE_CONFIG_H -g -O2  -I. -I../../.././../gcc/gcc-195953/libiberty/../include  -W -Wall -Wwrite-strings -Wc++-compat -Wstrict-prototypes -pedantic  ../../.././../gcc/gcc-195953/libiberty/obstack.c -o obstack.o
if [ x"-fpic" != x ]; then \
	  gcc-4.7 -c -DHAVE_CONFIG_H -g -O2  -I. -I../.././../gcc/gcc-195953/libiberty/../include  -W -Wall -Wwrite-strings -Wc++-compat -Wstrict-prototypes -pedantic  -fpic ../.././../gcc/gcc-195953/libiberty/getopt.c -o pic/getopt.o; \
	else true; fi
if [ x"" != x ]; then \
	  gcc-4.7 -c -DHAVE_CONFIG_H -g -O2  -I. -I../../.././../gcc/gcc-195953/libiberty/../include  -W -Wall -Wwrite-strings -Wc++-compat -Wstrict-prototypes -pedantic   ../../.././../gcc/gcc-195953/libiberty/partition.c -o pic/partition.o; \
	else true; fi
gcc-4.7 -g -O2   -I. -I../.././../gdb/gdb-7.5.1/gdb -I../.././../gdb/gdb-7.5.1/gdb/common -I../.././../gdb/gdb-7.5.1/gdb/config -DLOCALEDIR="\"/home/sparksco/android/arm-linux-androideabi/share/locale\"" -DHAVE_CONFIG_H -I../.././../gdb/gdb-7.5.1/gdb/../include/opcode -I../.././../gdb/gdb-7.5.1/gdb/../opcodes/.. -I../.././../gdb/gdb-7.5.1/gdb/../readline/.. -I../bfd -I../.././../gdb/gdb-7.5.1/gdb/../bfd -I../.././../gdb/gdb-7.5.1/gdb/../include -I../libdecnumber -I../.././../gdb/gdb-7.5.1/gdb/../libdecnumber  -I../.././../gdb/gdb-7.5.1/gdb/gnulib/import -Ibuild-gnulib/import   -DTUI=1 -I/home/sparksco/android/toolchain/aosp/build/temp-install/include  -Wall -Wdeclaration-after-statement -Wpointer-arith -Wformat-nonliteral -Wno-pointer-sign -Wno-unused -Wunused-value -Wunused-function -Wno-switch -Wno-char-subscripts -Wmissing-prototypes -Wdeclaration-after-statement  -c -o valprint.o -MT valprint.o -MMD -MP -MF .deps/valprint.Tpo ../.././../gdb/gdb-7.5.1/gdb/valprint.c
gcc-4.7 -c -DHAVE_CONFIG_H -g -O2  -I. -I../../.././../gcc/gcc-195953/libiberty/../include  -W -Wall -Wwrite-strings -Wc++-compat -Wstrict-prototypes -pedantic  ../../.././../gcc/gcc-195953/libiberty/partition.c -o partition.o
gcc-4.7 -c -DHAVE_CONFIG_H -g -O2  -I. -I../.././../gcc/gcc-195953/libiberty/../include  -W -Wall -Wwrite-strings -Wc++-compat -Wstrict-prototypes -pedantic  ../.././../gcc/gcc-195953/libiberty/getopt.c -o getopt.o
if [ x"-fpic" != x ]; then \
	  gcc-4.7 -c -DHAVE_CONFIG_H -g -O2  -I. -I../.././../gcc/gcc-195953/libiberty/../include  -W -Wall -Wwrite-strings -Wc++-compat -Wstrict-prototypes -pedantic  -fpic ../.././../gcc/gcc-195953/libiberty/getopt1.c -o pic/getopt1.o; \
	else true; fi
gcc-4.7 -c -DHAVE_CONFIG_H -g -O2  -I. -I../.././../gcc/gcc-195953/libiberty/../include  -W -Wall -Wwrite-strings -Wc++-compat -Wstrict-prototypes -pedantic  ../.././../gcc/gcc-195953/libiberty/getopt1.c -o getopt1.o
if [ x"" != x ]; then \
	  gcc-4.7 -c -DHAVE_CONFIG_H -g -O2  -I. -I../../.././../gcc/gcc-195953/libiberty/../include  -W -Wall -Wwrite-strings -Wc++-compat -Wstrict-prototypes -pedantic   ../../.././../gcc/gcc-195953/libiberty/pexecute.c -o pic/pexecute.o; \
	else true; fi
gcc-4.7 -c -DHAVE_CONFIG_H -g -O2  -I. -I../../.././../gcc/gcc-195953/libiberty/../include  -W -Wall -Wwrite-strings -Wc++-compat -Wstrict-prototypes -pedantic  ../../.././../gcc/gcc-195953/libiberty/pexecute.c -o pexecute.o
if [ x"-fpic" != x ]; then \
	  gcc-4.7 -c -DHAVE_CONFIG_H -g -O2  -I. -I../.././../gcc/gcc-195953/libiberty/../include  -W -Wall -Wwrite-strings -Wc++-compat -Wstrict-prototypes -pedantic  -fpic ../.././../gcc/gcc-195953/libiberty/getpwd.c -o pic/getpwd.o; \
	else true; fi
if [ x"" != x ]; then \
	  gcc-4.7 -c -DHAVE_CONFIG_H -g -O2  -I. -I../../.././../gcc/gcc-195953/libiberty/../include  -W -Wall -Wwrite-strings -Wc++-compat -Wstrict-prototypes -pedantic   ../../.././../gcc/gcc-195953/libiberty/physmem.c -o pic/physmem.o; \
	else true; fi
gcc-4.7 -c -DHAVE_CONFIG_H -g -O2  -I. -I../../.././../gcc/gcc-195953/libiberty/../include  -W -Wall -Wwrite-strings -Wc++-compat -Wstrict-prototypes -pedantic  ../../.././../gcc/gcc-195953/libiberty/physmem.c -o physmem.o
gcc-4.7 -c -DHAVE_CONFIG_H -g -O2  -I. -I../.././../gcc/gcc-195953/libiberty/../include  -W -Wall -Wwrite-strings -Wc++-compat -Wstrict-prototypes -pedantic  ../.././../gcc/gcc-195953/libiberty/getpwd.c -o getpwd.o
if [ x"" != x ]; then \
	  gcc-4.7 -c -DHAVE_CONFIG_H -g -O2  -I. -I../../.././../gcc/gcc-195953/libiberty/../include  -W -Wall -Wwrite-strings -Wc++-compat -Wstrict-prototypes -pedantic   ../../.././../gcc/gcc-195953/libiberty/pex-common.c -o pic/pex-common.o; \
	else true; fi
configure: creating cache ./config.cache
gcc-4.7 -c -DHAVE_CONFIG_H -g -O2  -I. -I../../.././../gcc/gcc-195953/libiberty/../include  -W -Wall -Wwrite-strings -Wc++-compat -Wstrict-prototypes -pedantic  ../../.././../gcc/gcc-195953/libiberty/pex-common.c -o pex-common.o
gcc-4.7 -g -O2   -I. -I../.././../gdb/gdb-7.5.1/gdb -I../.././../gdb/gdb-7.5.1/gdb/common -I../.././../gdb/gdb-7.5.1/gdb/config -DLOCALEDIR="\"/home/sparksco/android/arm-linux-androideabi/share/locale\"" -DHAVE_CONFIG_H -I../.././../gdb/gdb-7.5.1/gdb/../include/opcode -I../.././../gdb/gdb-7.5.1/gdb/../opcodes/.. -I../.././../gdb/gdb-7.5.1/gdb/../readline/.. -I../bfd -I../.././../gdb/gdb-7.5.1/gdb/../bfd -I../.././../gdb/gdb-7.5.1/gdb/../include -I../libdecnumber -I../.././../gdb/gdb-7.5.1/gdb/../libdecnumber  -I../.././../gdb/gdb-7.5.1/gdb/gnulib/import -Ibuild-gnulib/import   -DTUI=1 -I/home/sparksco/android/toolchain/aosp/build/temp-install/include  -Wall -Wdeclaration-after-statement -Wpointer-arith -Wformat-nonliteral -Wno-pointer-sign -Wno-unused -Wunused-value -Wunused-function -Wno-switch -Wno-char-subscripts -Wmissing-prototypes -Wdeclaration-after-statement  `echo " -Wall -Wdeclaration-after-statement -Wpointer-arith -Wformat-nonliteral -Wno-pointer-sign -Wno-unused -Wunused-value -Wunused-function -Wno-switch -Wno-char-subscripts -Wmissing-prototypes -Wdeclaration-after-statement " | sed "s/ -Wformat-nonliteral / -Wno-format-nonliteral /g"` \
		-c -o printcmd.o -MT printcmd.o -MMD -MP -MF .deps/printcmd.Tpo ../.././../gdb/gdb-7.5.1/gdb/printcmd.c
if [ x"-fpic" != x ]; then \
	  gcc-4.7 -c -DHAVE_CONFIG_H -g -O2  -I. -I../.././../gcc/gcc-195953/libiberty/../include  -W -Wall -Wwrite-strings -Wc++-compat -Wstrict-prototypes -pedantic  -fpic ../.././../gcc/gcc-195953/libiberty/getruntime.c -o pic/getruntime.o; \
	else true; fi
checking build system type... gcc-4.7 -c -DHAVE_CONFIG_H -g -O2  -I. -I../.././../gcc/gcc-195953/libiberty/../include  -W -Wall -Wwrite-strings -Wc++-compat -Wstrict-prototypes -pedantic  ../.././../gcc/gcc-195953/libiberty/getruntime.c -o getruntime.o
x86_64-pc-linux-gnu
checking host system type... gcc-4.7 -g -O2   -I. -I../.././../gdb/gdb-7.5.1/gdb -I../.././../gdb/gdb-7.5.1/gdb/common -I../.././../gdb/gdb-7.5.1/gdb/config -DLOCALEDIR="\"/home/sparksco/android/arm-linux-androideabi/share/locale\"" -DHAVE_CONFIG_H -I../.././../gdb/gdb-7.5.1/gdb/../include/opcode -I../.././../gdb/gdb-7.5.1/gdb/../opcodes/.. -I../.././../gdb/gdb-7.5.1/gdb/../readline/.. -I../bfd -I../.././../gdb/gdb-7.5.1/gdb/../bfd -I../.././../gdb/gdb-7.5.1/gdb/../include -I../libdecnumber -I../.././../gdb/gdb-7.5.1/gdb/../libdecnumber  -I../.././../gdb/gdb-7.5.1/gdb/gnulib/import -Ibuild-gnulib/import   -DTUI=1 -I/home/sparksco/android/toolchain/aosp/build/temp-install/include  -Wall -Wdeclaration-after-statement -Wpointer-arith -Wformat-nonliteral -Wno-pointer-sign -Wno-unused -Wunused-value -Wunused-function -Wno-switch -Wno-char-subscripts -Wmissing-prototypes -Wdeclaration-after-statement  -c -o block.o -MT block.o -MMD -MP -MF .deps/block.Tpo ../.././../gdb/gdb-7.5.1/gdb/block.c
x86_64-pc-linux-gnu
checking target system type... if [ x"" != x ]; then \
	  gcc-4.7 -c -DHAVE_CONFIG_H -g -O2  -I. -I../../.././../gcc/gcc-195953/libiberty/../include  -W -Wall -Wwrite-strings -Wc++-compat -Wstrict-prototypes -pedantic   ../../.././../gcc/gcc-195953/libiberty/pex-one.c -o pic/pex-one.o; \
	else true; fi
if [ x"-fpic" != x ]; then \
	  gcc-4.7 -c -DHAVE_CONFIG_H -g -O2  -I. -I../.././../gcc/gcc-195953/libiberty/../include  -W -Wall -Wwrite-strings -Wc++-compat -Wstrict-prototypes -pedantic  -fpic ../.././../gcc/gcc-195953/libiberty/hashtab.c -o pic/hashtab.o; \
	else true; fi
gcc-4.7 -c -DHAVE_CONFIG_H -g -O2  -I. -I../../.././../gcc/gcc-195953/libiberty/../include  -W -Wall -Wwrite-strings -Wc++-compat -Wstrict-prototypes -pedantic  ../../.././../gcc/gcc-195953/libiberty/pex-one.c -o pex-one.o
if [ x"" != x ]; then \
	  gcc-4.7 -c -DHAVE_CONFIG_H -g -O2  -I. -I../../.././../gcc/gcc-195953/libiberty/../include  -W -Wall -Wwrite-strings -Wc++-compat -Wstrict-prototypes -pedantic   ../../.././../gcc/gcc-195953/libiberty/pex-unix.c -o pic/pex-unix.o; \
	else true; fi
arm-unknown-linux-androideabi
checking whether make sets $(MAKE)... gcc-4.7 -c -DHAVE_CONFIG_H -g -O2  -I. -I../../.././../gcc/gcc-195953/libiberty/../include  -W -Wall -Wwrite-strings -Wc++-compat -Wstrict-prototypes -pedantic  ../../.././../gcc/gcc-195953/libiberty/pex-unix.c -o pex-unix.o
yes
checking for a BSD-compatible install... if [ x"" != x ]; then \
	  gcc-4.7 -c -DHAVE_CONFIG_H -g -O2  -I. -I../../.././../gcc/gcc-195953/libiberty/../include  -W -Wall -Wwrite-strings -Wc++-compat -Wstrict-prototypes -pedantic   ../../.././../gcc/gcc-195953/libiberty/safe-ctype.c -o pic/safe-ctype.o; \
	else true; fi
/usr/bin/install -c
checking for x86_64-linux-gnu-gcc... gcc-4.7
gcc-4.7 -c -DHAVE_CONFIG_H -g -O2  -I. -I../../.././../gcc/gcc-195953/libiberty/../include  -W -Wall -Wwrite-strings -Wc++-compat -Wstrict-prototypes -pedantic  ../../.././../gcc/gcc-195953/libiberty/safe-ctype.c -o safe-ctype.o
gcc-4.7 -g -O2   -I. -I../.././../gdb/gdb-7.5.1/gdb -I../.././../gdb/gdb-7.5.1/gdb/common -I../.././../gdb/gdb-7.5.1/gdb/config -DLOCALEDIR="\"/home/sparksco/android/arm-linux-androideabi/share/locale\"" -DHAVE_CONFIG_H -I../.././../gdb/gdb-7.5.1/gdb/../include/opcode -I../.././../gdb/gdb-7.5.1/gdb/../opcodes/.. -I../.././../gdb/gdb-7.5.1/gdb/../readline/.. -I../bfd -I../.././../gdb/gdb-7.5.1/gdb/../bfd -I../.././../gdb/gdb-7.5.1/gdb/../include -I../libdecnumber -I../.././../gdb/gdb-7.5.1/gdb/../libdecnumber  -I../.././../gdb/gdb-7.5.1/gdb/gnulib/import -Ibuild-gnulib/import   -DTUI=1 -I/home/sparksco/android/toolchain/aosp/build/temp-install/include  -Wall -Wdeclaration-after-statement -Wpointer-arith -Wformat-nonliteral -Wno-pointer-sign -Wno-unused -Wunused-value -Wunused-function -Wno-switch -Wno-char-subscripts -Wmissing-prototypes -Wdeclaration-after-statement  -c -o symtab.o -MT symtab.o -MMD -MP -MF .deps/symtab.Tpo ../.././../gdb/gdb-7.5.1/gdb/symtab.c
if [ x"" != x ]; then \
	  gcc-4.7 -c -DHAVE_CONFIG_H -g -O2  -I. -I../../.././../gcc/gcc-195953/libiberty/../include  -W -Wall -Wwrite-strings -Wc++-compat -Wstrict-prototypes -pedantic   ../../.././../gcc/gcc-195953/libiberty/simple-object.c -o pic/simple-object.o; \
	else true; fi
checking for C compiler default output file name... gcc-4.7 -c -DHAVE_CONFIG_H -g -O2  -I. -I../../.././../gcc/gcc-195953/libiberty/../include  -W -Wall -Wwrite-strings -Wc++-compat -Wstrict-prototypes -pedantic  ../../.././../gcc/gcc-195953/libiberty/simple-object.c -o simple-object.o
if [ x"" != x ]; then \
	  gcc-4.7 -c -DHAVE_CONFIG_H -g -O2  -I. -I../../.././../gcc/gcc-195953/libiberty/../include  -W -Wall -Wwrite-strings -Wc++-compat -Wstrict-prototypes -pedantic   ../../.././../gcc/gcc-195953/libiberty/simple-object-coff.c -o pic/simple-object-coff.o; \
	else true; fi
gcc-4.7 -c -DHAVE_CONFIG_H -g -O2  -I. -I../../.././../gcc/gcc-195953/libiberty/../include  -W -Wall -Wwrite-strings -Wc++-compat -Wstrict-prototypes -pedantic  ../../.././../gcc/gcc-195953/libiberty/simple-object-coff.c -o simple-object-coff.o
gcc-4.7 -c -DHAVE_CONFIG_H -g -O2  -I. -I../.././../gcc/gcc-195953/libiberty/../include  -W -Wall -Wwrite-strings -Wc++-compat -Wstrict-prototypes -pedantic  ../.././../gcc/gcc-195953/libiberty/hashtab.c -o hashtab.o
a.out
checking whether the C compiler works... yes
checking whether we are cross compiling... no
checking for suffix of executables... if [ x"-fpic" != x ]; then \
	  gcc-4.7 -c -DHAVE_CONFIG_H -g -O2  -I. -I../.././../gcc/gcc-195953/libiberty/../include  -W -Wall -Wwrite-strings -Wc++-compat -Wstrict-prototypes -pedantic  -fpic ../.././../gcc/gcc-195953/libiberty/hex.c -o pic/hex.o; \
	else true; fi
if [ x"-fpic" != x ]; then \
	  gcc-4.7 -c -DHAVE_CONFIG_H -g -O2  -I. -I../.././../gcc/gcc-195953/libiberty/../include  -W -Wall -Wwrite-strings -Wc++-compat -Wstrict-prototypes -pedantic  -fpic ../.././../gcc/gcc-195953/libiberty/lbasename.c -o pic/lbasename.o; \
	else true; fi
gcc-4.7 -c -DHAVE_CONFIG_H -g -O2  -I. -I../.././../gcc/gcc-195953/libiberty/../include  -W -Wall -Wwrite-strings -Wc++-compat -Wstrict-prototypes -pedantic  ../.././../gcc/gcc-195953/libiberty/hex.c -o hex.o

checking for suffix of object files... gcc-4.7 -c -DHAVE_CONFIG_H -g -O2  -I. -I../.././../gcc/gcc-195953/libiberty/../include  -W -Wall -Wwrite-strings -Wc++-compat -Wstrict-prototypes -pedantic  ../.././../gcc/gcc-195953/libiberty/lbasename.c -o lbasename.o
o
checking whether we are using the GNU C compiler... if [ x"" != x ]; then \
	  gcc-4.7 -c -DHAVE_CONFIG_H -g -O2  -I. -I../../.././../gcc/gcc-195953/libiberty/../include  -W -Wall -Wwrite-strings -Wc++-compat -Wstrict-prototypes -pedantic   ../../.././../gcc/gcc-195953/libiberty/simple-object-elf.c -o pic/simple-object-elf.o; \
	else true; fi
gcc-4.7 -c -DHAVE_CONFIG_H -g -O2  -I. -I../../.././../gcc/gcc-195953/libiberty/../include  -W -Wall -Wwrite-strings -Wc++-compat -Wstrict-prototypes -pedantic  ../../.././../gcc/gcc-195953/libiberty/simple-object-elf.c -o simple-object-elf.o
if [ x"" != x ]; then \
	  gcc-4.7 -c -DHAVE_CONFIG_H -g -O2  -I. -I../../.././../gcc/gcc-195953/libiberty/../include  -W -Wall -Wwrite-strings -Wc++-compat -Wstrict-prototypes -pedantic   ../../.././../gcc/gcc-195953/libiberty/simple-object-mach-o.c -o pic/simple-object-mach-o.o; \
	else true; fi
gcc-4.7 -g -O2   -I. -I../.././../gdb/gdb-7.5.1/gdb -I../.././../gdb/gdb-7.5.1/gdb/common -I../.././../gdb/gdb-7.5.1/gdb/config -DLOCALEDIR="\"/home/sparksco/android/arm-linux-androideabi/share/locale\"" -DHAVE_CONFIG_H -I../.././../gdb/gdb-7.5.1/gdb/../include/opcode -I../.././../gdb/gdb-7.5.1/gdb/../opcodes/.. -I../.././../gdb/gdb-7.5.1/gdb/../readline/.. -I../bfd -I../.././../gdb/gdb-7.5.1/gdb/../bfd -I../.././../gdb/gdb-7.5.1/gdb/../include -I../libdecnumber -I../.././../gdb/gdb-7.5.1/gdb/../libdecnumber  -I../.././../gdb/gdb-7.5.1/gdb/gnulib/import -Ibuild-gnulib/import   -DTUI=1 -I/home/sparksco/android/toolchain/aosp/build/temp-install/include  -Wall -Wdeclaration-after-statement -Wpointer-arith -Wformat-nonliteral -Wno-pointer-sign -Wno-unused -Wunused-value -Wunused-function -Wno-switch -Wno-char-subscripts -Wmissing-prototypes -Wdeclaration-after-statement  -c -o psymtab.o -MT psymtab.o -MMD -MP -MF .deps/psymtab.Tpo ../.././../gdb/gdb-7.5.1/gdb/psymtab.c
gcc-4.7 -c -DHAVE_CONFIG_H -g -O2  -I. -I../../.././../gcc/gcc-195953/libiberty/../include  -W -Wall -Wwrite-strings -Wc++-compat -Wstrict-prototypes -pedantic  ../../.././../gcc/gcc-195953/libiberty/simple-object-mach-o.c -o simple-object-mach-o.o
if [ x"" != x ]; then \
	  gcc-4.7 -c -DHAVE_CONFIG_H -g -O2  -I. -I../../.././../gcc/gcc-195953/libiberty/../include  -W -Wall -Wwrite-strings -Wc++-compat -Wstrict-prototypes -pedantic   ../../.././../gcc/gcc-195953/libiberty/simple-object-xcoff.c -o pic/simple-object-xcoff.o; \
	else true; fi
gcc-4.7 -c -DHAVE_CONFIG_H -g -O2  -I. -I../../.././../gcc/gcc-195953/libiberty/../include  -W -Wall -Wwrite-strings -Wc++-compat -Wstrict-prototypes -pedantic  ../../.././../gcc/gcc-195953/libiberty/simple-object-xcoff.c -o simple-object-xcoff.o
if [ x"-fpic" != x ]; then \
	  gcc-4.7 -c -DHAVE_CONFIG_H -g -O2  -I. -I../.././../gcc/gcc-195953/libiberty/../include  -W -Wall -Wwrite-strings -Wc++-compat -Wstrict-prototypes -pedantic  -fpic ../.././../gcc/gcc-195953/libiberty/lrealpath.c -o pic/lrealpath.o; \
	else true; fi
yes
checking whether gcc-4.7 accepts -g... if [ x"-fpic" != x ]; then \
	  gcc-4.7 -c -DHAVE_CONFIG_H -g -O2  -I. -I../.././../gcc/gcc-195953/libiberty/../include  -W -Wall -Wwrite-strings -Wc++-compat -Wstrict-prototypes -pedantic  -fpic ../.././../gcc/gcc-195953/libiberty/make-relative-prefix.c -o pic/make-relative-prefix.o; \
	else true; fi
yes
checking for gcc-4.7 option to accept ISO C89... gcc-4.7 -c -DHAVE_CONFIG_H -g -O2  -I. -I../.././../gcc/gcc-195953/libiberty/../include  -W -Wall -Wwrite-strings -Wc++-compat -Wstrict-prototypes -pedantic  ../.././../gcc/gcc-195953/libiberty/lrealpath.c -o lrealpath.o
none needed
checking whether we are using the GNU C++ compiler... yes
checking whether g++-4.7 accepts -g... if [ x"" != x ]; then \
	  gcc-4.7 -c -DHAVE_CONFIG_H -g -O2  -I. -I../../.././../gcc/gcc-195953/libiberty/../include  -W -Wall -Wwrite-strings -Wc++-compat -Wstrict-prototypes -pedantic   ../../.././../gcc/gcc-195953/libiberty/sort.c -o pic/sort.o; \
	else true; fi
gcc-4.7 -c -DHAVE_CONFIG_H -g -O2  -I. -I../../.././../gcc/gcc-195953/libiberty/../include  -W -Wall -Wwrite-strings -Wc++-compat -Wstrict-prototypes -pedantic  ../../.././../gcc/gcc-195953/libiberty/sort.c -o sort.o
if [ x"-fpic" != x ]; then \
	  gcc-4.7 -c -DHAVE_CONFIG_H -g -O2  -I. -I../.././../gcc/gcc-195953/libiberty/../include  -W -Wall -Wwrite-strings -Wc++-compat -Wstrict-prototypes -pedantic  -fpic ../.././../gcc/gcc-195953/libiberty/make-temp-file.c -o pic/make-temp-file.o; \
	else true; fi
yes
checking for x86_64-linux-gnu-ranlib... ranlib
checking how to run the C preprocessor... if [ x"" != x ]; then \
	  gcc-4.7 -c -DHAVE_CONFIG_H -g -O2  -I. -I../../.././../gcc/gcc-195953/libiberty/../include  -W -Wall -Wwrite-strings -Wc++-compat -Wstrict-prototypes -pedantic   ../../.././../gcc/gcc-195953/libiberty/spaces.c -o pic/spaces.o; \
	else true; fi
gcc-4.7 -c -DHAVE_CONFIG_H -g -O2  -I. -I../.././../gcc/gcc-195953/libiberty/../include  -W -Wall -Wwrite-strings -Wc++-compat -Wstrict-prototypes -pedantic  ../.././../gcc/gcc-195953/libiberty/make-relative-prefix.c -o make-relative-prefix.o
gcc-4.7 -E
gcc-4.7 -c -DHAVE_CONFIG_H -g -O2  -I. -I../../.././../gcc/gcc-195953/libiberty/../include  -W -Wall -Wwrite-strings -Wc++-compat -Wstrict-prototypes -pedantic  ../../.././../gcc/gcc-195953/libiberty/spaces.c -o spaces.o
if [ x"" != x ]; then \
	  gcc-4.7 -c -DHAVE_CONFIG_H -g -O2  -I. -I../../.././../gcc/gcc-195953/libiberty/../include  -W -Wall -Wwrite-strings -Wc++-compat -Wstrict-prototypes -pedantic   ../../.././../gcc/gcc-195953/libiberty/splay-tree.c -o pic/splay-tree.o; \
	else true; fi
gcc-4.7 -c -DHAVE_CONFIG_H -g -O2  -I. -I../../.././../gcc/gcc-195953/libiberty/../include  -W -Wall -Wwrite-strings -Wc++-compat -Wstrict-prototypes -pedantic  ../../.././../gcc/gcc-195953/libiberty/splay-tree.c -o splay-tree.o
checking for grep that handles long lines and -e... /bin/grep
checking for egrep... gcc-4.7 -c -DHAVE_CONFIG_H -g -O2  -I. -I../.././../gcc/gcc-195953/libiberty/../include  -W -Wall -Wwrite-strings -Wc++-compat -Wstrict-prototypes -pedantic  ../.././../gcc/gcc-195953/libiberty/make-temp-file.c -o make-temp-file.o
if [ x"" != x ]; then \
	  gcc-4.7 -c -DHAVE_CONFIG_H -g -O2  -I. -I../../.././../gcc/gcc-195953/libiberty/../include  -W -Wall -Wwrite-strings -Wc++-compat -Wstrict-prototypes -pedantic   ../../.././../gcc/gcc-195953/libiberty/stack-limit.c -o pic/stack-limit.o; \
	else true; fi
gcc-4.7 -c -DHAVE_CONFIG_H -g -O2  -I. -I../../.././../gcc/gcc-195953/libiberty/../include  -W -Wall -Wwrite-strings -Wc++-compat -Wstrict-prototypes -pedantic  ../../.././../gcc/gcc-195953/libiberty/stack-limit.c -o stack-limit.o
if [ x"" != x ]; then \
	  gcc-4.7 -c -DHAVE_CONFIG_H -g -O2  -I. -I../../.././../gcc/gcc-195953/libiberty/../include  -W -Wall -Wwrite-strings -Wc++-compat -Wstrict-prototypes -pedantic   ../../.././../gcc/gcc-195953/libiberty/strerror.c -o pic/strerror.o; \
	else true; fi
/bin/grep -E
checking for ANSI C header files... gcc-4.7 -c -DHAVE_CONFIG_H -g -O2  -I. -I../../.././../gcc/gcc-195953/libiberty/../include  -W -Wall -Wwrite-strings -Wc++-compat -Wstrict-prototypes -pedantic  ../../.././../gcc/gcc-195953/libiberty/strerror.c -o strerror.o
gcc-4.7 -g -O2   -I. -I../.././../gdb/gdb-7.5.1/gdb -I../.././../gdb/gdb-7.5.1/gdb/common -I../.././../gdb/gdb-7.5.1/gdb/config -DLOCALEDIR="\"/home/sparksco/android/arm-linux-androideabi/share/locale\"" -DHAVE_CONFIG_H -I../.././../gdb/gdb-7.5.1/gdb/../include/opcode -I../.././../gdb/gdb-7.5.1/gdb/../opcodes/.. -I../.././../gdb/gdb-7.5.1/gdb/../readline/.. -I../bfd -I../.././../gdb/gdb-7.5.1/gdb/../bfd -I../.././../gdb/gdb-7.5.1/gdb/../include -I../libdecnumber -I../.././../gdb/gdb-7.5.1/gdb/../libdecnumber  -I../.././../gdb/gdb-7.5.1/gdb/gnulib/import -Ibuild-gnulib/import   -DTUI=1 -I/home/sparksco/android/toolchain/aosp/build/temp-install/include  -Wall -Wdeclaration-after-statement -Wpointer-arith -Wformat-nonliteral -Wno-pointer-sign -Wno-unused -Wunused-value -Wunused-function -Wno-switch -Wno-char-subscripts -Wmissing-prototypes -Wdeclaration-after-statement  -c -o symfile.o -MT symfile.o -MMD -MP -MF .deps/symfile.Tpo ../.././../gdb/gdb-7.5.1/gdb/symfile.c
if [ x"" != x ]; then \
	  gcc-4.7 -c -DHAVE_CONFIG_H -g -O2  -I. -I../../.././../gcc/gcc-195953/libiberty/../include  -W -Wall -Wwrite-strings -Wc++-compat -Wstrict-prototypes -pedantic   ../../.././../gcc/gcc-195953/libiberty/strsignal.c -o pic/strsignal.o; \
	else true; fi
gcc-4.7 -c -DHAVE_CONFIG_H -g -O2  -I. -I../../.././../gcc/gcc-195953/libiberty/../include  -W -Wall -Wwrite-strings -Wc++-compat -Wstrict-prototypes -pedantic  ../../.././../gcc/gcc-195953/libiberty/strsignal.c -o strsignal.o
if [ x"-fpic" != x ]; then \
	  gcc-4.7 -c -DHAVE_CONFIG_H -g -O2  -I. -I../.././../gcc/gcc-195953/libiberty/../include  -W -Wall -Wwrite-strings -Wc++-compat -Wstrict-prototypes -pedantic  -fpic ../.././../gcc/gcc-195953/libiberty/objalloc.c -o pic/objalloc.o; \
	else true; fi
if [ x"" != x ]; then \
	  gcc-4.7 -c -DHAVE_CONFIG_H -g -O2  -I. -I../../.././../gcc/gcc-195953/libiberty/../include  -W -Wall -Wwrite-strings -Wc++-compat -Wstrict-prototypes -pedantic   ../../.././../gcc/gcc-195953/libiberty/timeval-utils.c -o pic/timeval-utils.o; \
	else true; fi
gcc-4.7 -c -DHAVE_CONFIG_H -g -O2  -I. -I../../.././../gcc/gcc-195953/libiberty/../include  -W -Wall -Wwrite-strings -Wc++-compat -Wstrict-prototypes -pedantic  ../../.././../gcc/gcc-195953/libiberty/timeval-utils.c -o timeval-utils.o
gcc-4.7 -g -O2   -I. -I../.././../gdb/gdb-7.5.1/gdb -I../.././../gdb/gdb-7.5.1/gdb/common -I../.././../gdb/gdb-7.5.1/gdb/config -DLOCALEDIR="\"/home/sparksco/android/arm-linux-androideabi/share/locale\"" -DHAVE_CONFIG_H -I../.././../gdb/gdb-7.5.1/gdb/../include/opcode -I../.././../gdb/gdb-7.5.1/gdb/../opcodes/.. -I../.././../gdb/gdb-7.5.1/gdb/../readline/.. -I../bfd -I../.././../gdb/gdb-7.5.1/gdb/../bfd -I../.././../gdb/gdb-7.5.1/gdb/../include -I../libdecnumber -I../.././../gdb/gdb-7.5.1/gdb/../libdecnumber  -I../.././../gdb/gdb-7.5.1/gdb/gnulib/import -Ibuild-gnulib/import   -DTUI=1 -I/home/sparksco/android/toolchain/aosp/build/temp-install/include  -Wall -Wdeclaration-after-statement -Wpointer-arith -Wformat-nonliteral -Wno-pointer-sign -Wno-unused -Wunused-value -Wunused-function -Wno-switch -Wno-char-subscripts -Wmissing-prototypes -Wdeclaration-after-statement  -c -o symmisc.o -MT symmisc.o -MMD -MP -MF .deps/symmisc.Tpo ../.././../gdb/gdb-7.5.1/gdb/symmisc.c
gcc-4.7 -g -O2   -I. -I../.././../gdb/gdb-7.5.1/gdb -I../.././../gdb/gdb-7.5.1/gdb/common -I../.././../gdb/gdb-7.5.1/gdb/config -DLOCALEDIR="\"/home/sparksco/android/arm-linux-androideabi/share/locale\"" -DHAVE_CONFIG_H -I../.././../gdb/gdb-7.5.1/gdb/../include/opcode -I../.././../gdb/gdb-7.5.1/gdb/../opcodes/.. -I../.././../gdb/gdb-7.5.1/gdb/../readline/.. -I../bfd -I../.././../gdb/gdb-7.5.1/gdb/../bfd -I../.././../gdb/gdb-7.5.1/gdb/../include -I../libdecnumber -I../.././../gdb/gdb-7.5.1/gdb/../libdecnumber  -I../.././../gdb/gdb-7.5.1/gdb/gnulib/import -Ibuild-gnulib/import   -DTUI=1 -I/home/sparksco/android/toolchain/aosp/build/temp-install/include  -Wall -Wdeclaration-after-statement -Wpointer-arith -Wformat-nonliteral -Wno-pointer-sign -Wno-unused -Wunused-value -Wunused-function -Wno-switch -Wno-char-subscripts -Wmissing-prototypes -Wdeclaration-after-statement  -c -o linespec.o -MT linespec.o -MMD -MP -MF .deps/linespec.Tpo ../.././../gdb/gdb-7.5.1/gdb/linespec.c
if [ x"" != x ]; then \
	  gcc-4.7 -c -DHAVE_CONFIG_H -g -O2  -I. -I../../.././../gcc/gcc-195953/libiberty/../include  -W -Wall -Wwrite-strings -Wc++-compat -Wstrict-prototypes -pedantic   ../../.././../gcc/gcc-195953/libiberty/unlink-if-ordinary.c -o pic/unlink-if-ordinary.o; \
	else true; fi
gcc-4.7 -c -DHAVE_CONFIG_H -g -O2  -I. -I../../.././../gcc/gcc-195953/libiberty/../include  -W -Wall -Wwrite-strings -Wc++-compat -Wstrict-prototypes -pedantic  ../../.././../gcc/gcc-195953/libiberty/unlink-if-ordinary.c -o unlink-if-ordinary.o
if [ x"" != x ]; then \
	  gcc-4.7 -c -DHAVE_CONFIG_H -g -O2  -I. -I../../.././../gcc/gcc-195953/libiberty/../include  -W -Wall -Wwrite-strings -Wc++-compat -Wstrict-prototypes -pedantic   ../../.././../gcc/gcc-195953/libiberty/xatexit.c -o pic/xatexit.o; \
	else true; fi
gcc-4.7 -c -DHAVE_CONFIG_H -g -O2  -I. -I../.././../gcc/gcc-195953/libiberty/../include  -W -Wall -Wwrite-strings -Wc++-compat -Wstrict-prototypes -pedantic  ../.././../gcc/gcc-195953/libiberty/objalloc.c -o objalloc.o
gcc-4.7 -c -DHAVE_CONFIG_H -g -O2  -I. -I../../.././../gcc/gcc-195953/libiberty/../include  -W -Wall -Wwrite-strings -Wc++-compat -Wstrict-prototypes -pedantic  ../../.././../gcc/gcc-195953/libiberty/xatexit.c -o xatexit.o
if [ x"" != x ]; then \
	  gcc-4.7 -c -DHAVE_CONFIG_H -g -O2  -I. -I../../.././../gcc/gcc-195953/libiberty/../include  -W -Wall -Wwrite-strings -Wc++-compat -Wstrict-prototypes -pedantic   ../../.././../gcc/gcc-195953/libiberty/xexit.c -o pic/xexit.o; \
	else true; fi
gcc-4.7 -c -DHAVE_CONFIG_H -g -O2  -I. -I../../.././../gcc/gcc-195953/libiberty/../include  -W -Wall -Wwrite-strings -Wc++-compat -Wstrict-prototypes -pedantic  ../../.././../gcc/gcc-195953/libiberty/xexit.c -o xexit.o
if [ x"-fpic" != x ]; then \
	  gcc-4.7 -c -DHAVE_CONFIG_H -g -O2  -I. -I../.././../gcc/gcc-195953/libiberty/../include  -W -Wall -Wwrite-strings -Wc++-compat -Wstrict-prototypes -pedantic  -fpic ../.././../gcc/gcc-195953/libiberty/obstack.c -o pic/obstack.o; \
	else true; fi
yes
if [ x"" != x ]; then \
	  gcc-4.7 -c -DHAVE_CONFIG_H -g -O2  -I. -I../../.././../gcc/gcc-195953/libiberty/../include  -W -Wall -Wwrite-strings -Wc++-compat -Wstrict-prototypes -pedantic   ../../.././../gcc/gcc-195953/libiberty/xmalloc.c -o pic/xmalloc.o; \
	else true; fi
gcc-4.7 -c -DHAVE_CONFIG_H -g -O2  -I. -I../.././../gcc/gcc-195953/libiberty/../include  -W -Wall -Wwrite-strings -Wc++-compat -Wstrict-prototypes -pedantic  ../.././../gcc/gcc-195953/libiberty/obstack.c -o obstack.o
gcc-4.7 -c -DHAVE_CONFIG_H -g -O2  -I. -I../../.././../gcc/gcc-195953/libiberty/../include  -W -Wall -Wwrite-strings -Wc++-compat -Wstrict-prototypes -pedantic  ../../.././../gcc/gcc-195953/libiberty/xmalloc.c -o xmalloc.o
checking for sys/types.h... if [ x"" != x ]; then \
	  gcc-4.7 -c -DHAVE_CONFIG_H -g -O2  -I. -I../../.././../gcc/gcc-195953/libiberty/../include  -W -Wall -Wwrite-strings -Wc++-compat -Wstrict-prototypes -pedantic   ../../.././../gcc/gcc-195953/libiberty/xmemdup.c -o pic/xmemdup.o; \
	else true; fi
gcc-4.7 -c -DHAVE_CONFIG_H -g -O2  -I. -I../../.././../gcc/gcc-195953/libiberty/../include  -W -Wall -Wwrite-strings -Wc++-compat -Wstrict-prototypes -pedantic  ../../.././../gcc/gcc-195953/libiberty/xmemdup.c -o xmemdup.o
if [ x"-fpic" != x ]; then \
	  gcc-4.7 -c -DHAVE_CONFIG_H -g -O2  -I. -I../.././../gcc/gcc-195953/libiberty/../include  -W -Wall -Wwrite-strings -Wc++-compat -Wstrict-prototypes -pedantic  -fpic ../.././../gcc/gcc-195953/libiberty/partition.c -o pic/partition.o; \
	else true; fi
yes
checking for sys/stat.h... gcc-4.7 -g -O2   -I. -I../.././../gdb/gdb-7.5.1/gdb -I../.././../gdb/gdb-7.5.1/gdb/common -I../.././../gdb/gdb-7.5.1/gdb/config -DLOCALEDIR="\"/home/sparksco/android/arm-linux-androideabi/share/locale\"" -DHAVE_CONFIG_H -I../.././../gdb/gdb-7.5.1/gdb/../include/opcode -I../.././../gdb/gdb-7.5.1/gdb/../opcodes/.. -I../.././../gdb/gdb-7.5.1/gdb/../readline/.. -I../bfd -I../.././../gdb/gdb-7.5.1/gdb/../bfd -I../.././../gdb/gdb-7.5.1/gdb/../include -I../libdecnumber -I../.././../gdb/gdb-7.5.1/gdb/../libdecnumber  -I../.././../gdb/gdb-7.5.1/gdb/gnulib/import -Ibuild-gnulib/import   -DTUI=1 -I/home/sparksco/android/toolchain/aosp/build/temp-install/include  -Wall -Wdeclaration-after-statement -Wpointer-arith -Wformat-nonliteral -Wno-pointer-sign -Wno-unused -Wunused-value -Wunused-function -Wno-switch -Wno-char-subscripts -Wmissing-prototypes -Wdeclaration-after-statement  -c -o dictionary.o -MT dictionary.o -MMD -MP -MF .deps/dictionary.Tpo ../.././../gdb/gdb-7.5.1/gdb/dictionary.c
if [ x"" != x ]; then \
	  gcc-4.7 -c -DHAVE_CONFIG_H -g -O2  -I. -I../../.././../gcc/gcc-195953/libiberty/../include  -W -Wall -Wwrite-strings -Wc++-compat -Wstrict-prototypes -pedantic   ../../.././../gcc/gcc-195953/libiberty/xstrdup.c -o pic/xstrdup.o; \
	else true; fi
gcc-4.7 -c -DHAVE_CONFIG_H -g -O2  -I. -I../../.././../gcc/gcc-195953/libiberty/../include  -W -Wall -Wwrite-strings -Wc++-compat -Wstrict-prototypes -pedantic  ../../.././../gcc/gcc-195953/libiberty/xstrdup.c -o xstrdup.o
yes
if [ x"" != x ]; then \
	  gcc-4.7 -c -DHAVE_CONFIG_H -g -O2  -I. -I../../.././../gcc/gcc-195953/libiberty/../include  -W -Wall -Wwrite-strings -Wc++-compat -Wstrict-prototypes -pedantic   ../../.././../gcc/gcc-195953/libiberty/xstrerror.c -o pic/xstrerror.o; \
	else true; fi
gcc-4.7 -c -DHAVE_CONFIG_H -g -O2  -I. -I../../.././../gcc/gcc-195953/libiberty/../include  -W -Wall -Wwrite-strings -Wc++-compat -Wstrict-prototypes -pedantic  ../../.././../gcc/gcc-195953/libiberty/xstrerror.c -o xstrerror.o
gcc-4.7 -c -DHAVE_CONFIG_H -g -O2  -I. -I../.././../gcc/gcc-195953/libiberty/../include  -W -Wall -Wwrite-strings -Wc++-compat -Wstrict-prototypes -pedantic  ../.././../gcc/gcc-195953/libiberty/partition.c -o partition.o
checking for stdlib.h... if [ x"-fpic" != x ]; then \
	  gcc-4.7 -c -DHAVE_CONFIG_H -g -O2  -I. -I../.././../gcc/gcc-195953/libiberty/../include  -W -Wall -Wwrite-strings -Wc++-compat -Wstrict-prototypes -pedantic  -fpic ../.././../gcc/gcc-195953/libiberty/pexecute.c -o pic/pexecute.o; \
	else true; fi
if [ x"" != x ]; then \
	  gcc-4.7 -c -DHAVE_CONFIG_H -g -O2  -I. -I../../.././../gcc/gcc-195953/libiberty/../include  -W -Wall -Wwrite-strings -Wc++-compat -Wstrict-prototypes -pedantic   ../../.././../gcc/gcc-195953/libiberty/xstrndup.c -o pic/xstrndup.o; \
	else true; fi
gcc-4.7 -c -DHAVE_CONFIG_H -g -O2  -I. -I../../.././../gcc/gcc-195953/libiberty/../include  -W -Wall -Wwrite-strings -Wc++-compat -Wstrict-prototypes -pedantic  ../../.././../gcc/gcc-195953/libiberty/xstrndup.c -o xstrndup.o
yes
if [ x"-fpic" != x ]; then \
	  gcc-4.7 -c -DHAVE_CONFIG_H -g -O2  -I. -I../.././../gcc/gcc-195953/libiberty/../include  -W -Wall -Wwrite-strings -Wc++-compat -Wstrict-prototypes -pedantic  -fpic ../.././../gcc/gcc-195953/libiberty/physmem.c -o pic/physmem.o; \
	else true; fi
checking for string.h... if [ x"" != x ]; then \
	  gcc-4.7 -c -DHAVE_CONFIG_H -g -O2  -I. -I../../.././../gcc/gcc-195953/libiberty/../include  -W -Wall -Wwrite-strings -Wc++-compat -Wstrict-prototypes -pedantic   ../../.././../gcc/gcc-195953/libiberty/setproctitle.c -o pic/setproctitle.o; \
	else true; fi
gcc-4.7 -c -DHAVE_CONFIG_H -g -O2  -I. -I../../.././../gcc/gcc-195953/libiberty/../include  -W -Wall -Wwrite-strings -Wc++-compat -Wstrict-prototypes -pedantic  ../../.././../gcc/gcc-195953/libiberty/setproctitle.c -o setproctitle.o
if [ x"-fpic" != x ]; then \
	  gcc-4.7 -c -DHAVE_CONFIG_H -g -O2  -I. -I../.././../gcc/gcc-195953/libiberty/../include  -W -Wall -Wwrite-strings -Wc++-compat -Wstrict-prototypes -pedantic  -fpic ../.././../gcc/gcc-195953/libiberty/pex-common.c -o pic/pex-common.o; \
	else true; fi
gcc-4.7 -c -DHAVE_CONFIG_H -g -O2  -I. -I../.././../gcc/gcc-195953/libiberty/../include  -W -Wall -Wwrite-strings -Wc++-compat -Wstrict-prototypes -pedantic  ../.././../gcc/gcc-195953/libiberty/pexecute.c -o pexecute.o
echo ./regex.o ./cplus-dem.o ./cp-demangle.o ./md5.o ./sha1.o ./alloca.o ./argv.o ./choose-temp.o ./concat.o ./cp-demint.o ./crc32.o ./dwarfnames.o ./dyn-string.o ./fdmatch.o ./fibheap.o ./filename_cmp.o ./floatformat.o ./fnmatch.o ./fopen_unlocked.o ./getopt.o ./getopt1.o ./getpwd.o ./getruntime.o ./hashtab.o ./hex.o ./lbasename.o ./lrealpath.o ./make-relative-prefix.o ./make-temp-file.o ./objalloc.o ./obstack.o ./partition.o ./pexecute.o ./physmem.o ./pex-common.o ./pex-one.o ./pex-unix.o ./safe-ctype.o ./simple-object.o ./simple-object-coff.o ./simple-object-elf.o ./simple-object-mach-o.o ./simple-object-xcoff.o ./sort.o ./spaces.o ./splay-tree.o ./stack-limit.o ./strerror.o ./strsignal.o ./timeval-utils.o ./unlink-if-ordinary.o ./xatexit.o ./xexit.o ./xmalloc.o ./xmemdup.o ./xstrdup.o ./xstrerror.o ./xstrndup.o > required-list
yes
gcc-4.7 -c -DHAVE_CONFIG_H -g -O2  -I. -I../.././../gcc/gcc-195953/libiberty/../include  -W -Wall -Wwrite-strings -Wc++-compat -Wstrict-prototypes -pedantic  ../.././../gcc/gcc-195953/libiberty/physmem.c -o physmem.o
make[4]: Entering directory `/home/sparksco/android/toolchain/aosp/build/gcc-195953/build-x86_64-linux-gnu/libiberty/testsuite'
make[4]: Nothing to be done for `all'.
make[4]: Leaving directory `/home/sparksco/android/toolchain/aosp/build/gcc-195953/build-x86_64-linux-gnu/libiberty/testsuite'
if [ x"" != x ]; then \
	  gcc-4.7 -c -DHAVE_CONFIG_H -g -O2  -I. -I../../.././../gcc/gcc-195953/libiberty/../include  -W -Wall -Wwrite-strings -Wc++-compat -Wstrict-prototypes -pedantic   ../../.././../gcc/gcc-195953/libiberty/regex.c -o pic/regex.o; \
	else true; fi
gcc-4.7 -c -DHAVE_CONFIG_H -g -O2  -I. -I../../.././../gcc/gcc-195953/libiberty/../include  -W -Wall -Wwrite-strings -Wc++-compat -Wstrict-prototypes -pedantic  ../../.././../gcc/gcc-195953/libiberty/regex.c -o regex.o
checking for memory.h... if [ x"" != x ]; then \
	  gcc-4.7 -c -DHAVE_CONFIG_H -g -O2  -I. -I../../.././../gcc/gcc-195953/libiberty/../include  -W -Wall -Wwrite-strings -Wc++-compat -Wstrict-prototypes -pedantic   ../../.././../gcc/gcc-195953/libiberty/cplus-dem.c -o pic/cplus-dem.o; \
	else true; fi
yes
4.7 -c -DHAVE_CONFIG_H -g -O2  -I. -I../../.././../gcc/gcc-195953/libiberty/../include  -W -Wall -Wwrite-strings -Wc++-compat -Wstrict-prototypes -pedantic  ../../.././../gcc/gcc-195953/libiberty/cplus-dem.c -o cplus-dem.o
if [ x"" != x ]; then \
	  gcc-4.7 -c -DHAVE_CONFIG_H -g -O2  -I. -I../../.././../gcc/gcc-195953/libiberty/../include  -W -Wall -Wwrite-strings -Wc++-compat -Wstrict-prototypes -pedantic   ../../.././../gcc/gcc-195953/libiberty/cp-demangle.c -o pic/cp-demangle.o; \
	else true; fi
gcc-4.7 -c -DHAVE_CONFIG_H -g -O2  -I. -I../../.././../gcc/gcc-195953/libiberty/../include  -W -Wall -Wwrite-strings -Wc++-compat -Wstrict-prototypes -pedantic  ../../.././../gcc/gcc-195953/libiberty/cp-demangle.c -o cp-demangle.o
checking for strings.h... if [ x"-fpic" != x ]; then \
	  gcc-4.7 -c -DHAVE_CONFIG_H -g -O2  -I. -I../.././../gcc/gcc-195953/libiberty/../include  -W -Wall -Wwrite-strings -Wc++-compat -Wstrict-prototypes -pedantic  -fpic ../.././../gcc/gcc-195953/libiberty/pex-one.c -o pic/pex-one.o; \
	else true; fi
gcc-4.7 -c -DHAVE_CONFIG_H -g -O2  -I. -I../.././../gcc/gcc-195953/libiberty/../include  -W -Wall -Wwrite-strings -Wc++-compat -Wstrict-prototypes -pedantic  ../.././../gcc/gcc-195953/libiberty/pex-common.c -o pex-common.o
gcc-4.7 -c -DHAVE_CONFIG_H -g -O2  -I. -I../.././../gcc/gcc-195953/libiberty/../include  -W -Wall -Wwrite-strings -Wc++-compat -Wstrict-prototypes -pedantic  ../.././../gcc/gcc-195953/libiberty/pex-one.c -o pex-one.o
gcc-4.7 -g -O2   -I. -I../.././../gdb/gdb-7.5.1/gdb -I../.././../gdb/gdb-7.5.1/gdb/common -I../.././../gdb/gdb-7.5.1/gdb/config -DLOCALEDIR="\"/home/sparksco/android/arm-linux-androideabi/share/locale\"" -DHAVE_CONFIG_H -I../.././../gdb/gdb-7.5.1/gdb/../include/opcode -I../.././../gdb/gdb-7.5.1/gdb/../opcodes/.. -I../.././../gdb/gdb-7.5.1/gdb/../readline/.. -I../bfd -I../.././../gdb/gdb-7.5.1/gdb/../bfd -I../.././../gdb/gdb-7.5.1/gdb/../include -I../libdecnumber -I../.././../gdb/gdb-7.5.1/gdb/../libdecnumber  -I../.././../gdb/gdb-7.5.1/gdb/gnulib/import -Ibuild-gnulib/import   -DTUI=1 -I/home/sparksco/android/toolchain/aosp/build/temp-install/include  -Wall -Wdeclaration-after-statement -Wpointer-arith -Wformat-nonliteral -Wno-pointer-sign -Wno-unused -Wunused-value -Wunused-function -Wno-switch -Wno-char-subscripts -Wmissing-prototypes -Wdeclaration-after-statement  -c -o infcall.o -MT infcall.o -MMD -MP -MF .deps/infcall.Tpo ../.././../gdb/gdb-7.5.1/gdb/infcall.c
yes
gcc-4.7 -g -O2   -I. -I../.././../gdb/gdb-7.5.1/gdb -I../.././../gdb/gdb-7.5.1/gdb/common -I../.././../gdb/gdb-7.5.1/gdb/config -DLOCALEDIR="\"/home/sparksco/android/arm-linux-androideabi/share/locale\"" -DHAVE_CONFIG_H -I../.././../gdb/gdb-7.5.1/gdb/../include/opcode -I../.././../gdb/gdb-7.5.1/gdb/../opcodes/.. -I../.././../gdb/gdb-7.5.1/gdb/../readline/.. -I../bfd -I../.././../gdb/gdb-7.5.1/gdb/../bfd -I../.././../gdb/gdb-7.5.1/gdb/../include -I../libdecnumber -I../.././../gdb/gdb-7.5.1/gdb/../libdecnumber  -I../.././../gdb/gdb-7.5.1/gdb/gnulib/import -Ibuild-gnulib/import   -DTUI=1 -I/home/sparksco/android/toolchain/aosp/build/temp-install/include  -Wall -Wdeclaration-after-statement -Wpointer-arith -Wformat-nonliteral -Wno-pointer-sign -Wno-unused -Wunused-value -Wunused-function -Wno-switch -Wno-char-subscripts -Wmissing-prototypes -Wdeclaration-after-statement  -c -o infcmd.o -MT infcmd.o -MMD -MP -MF .deps/infcmd.Tpo ../.././../gdb/gdb-7.5.1/gdb/infcmd.c
checking for inttypes.h... if [ x"-fpic" != x ]; then \
	  gcc-4.7 -c -DHAVE_CONFIG_H -g -O2  -I. -I../.././../gcc/gcc-195953/libiberty/../include  -W -Wall -Wwrite-strings -Wc++-compat -Wstrict-prototypes -pedantic  -fpic ../.././../gcc/gcc-195953/libiberty/pex-unix.c -o pic/pex-unix.o; \
	else true; fi
yes
checking for stdint.h... if [ x"" != x ]; then \
	  gcc-4.7 -c -DHAVE_CONFIG_H -g -O2  -I. -I../../.././../gcc/gcc-195953/libiberty/../include  -W -Wall -Wwrite-strings -Wc++-compat -Wstrict-prototypes -pedantic   ../../.././../gcc/gcc-195953/libiberty/md5.c -o pic/md5.o; \
	else true; fi
gcc-4.7 -c -DHAVE_CONFIG_H -g -O2  -I. -I../../.././../gcc/gcc-195953/libiberty/../include  -W -Wall -Wwrite-strings -Wc++-compat -Wstrict-prototypes -pedantic  ../../.././../gcc/gcc-195953/libiberty/md5.c -o md5.o
gcc-4.7 -c -DHAVE_CONFIG_H -g -O2  -I. -I../.././../gcc/gcc-195953/libiberty/../include  -W -Wall -Wwrite-strings -Wc++-compat -Wstrict-prototypes -pedantic  ../.././../gcc/gcc-195953/libiberty/pex-unix.c -o pex-unix.o
yes
if [ x"" != x ]; then \
	  gcc-4.7 -c -DHAVE_CONFIG_H -g -O2  -I. -I../../.././../gcc/gcc-195953/libiberty/../include  -W -Wall -Wwrite-strings -Wc++-compat -Wstrict-prototypes -pedantic   ../../.././../gcc/gcc-195953/libiberty/sha1.c -o pic/sha1.o; \
	else true; fi
gcc-4.7 -c -DHAVE_CONFIG_H -g -O2  -I. -I../../.././../gcc/gcc-195953/libiberty/../include  -W -Wall -Wwrite-strings -Wc++-compat -Wstrict-prototypes -pedantic  ../../.././../gcc/gcc-195953/libiberty/sha1.c -o sha1.o
checking for unistd.h... gcc-4.7 -g -O2   -I. -I../.././../gdb/gdb-7.5.1/gdb -I../.././../gdb/gdb-7.5.1/gdb/common -I../.././../gdb/gdb-7.5.1/gdb/config -DLOCALEDIR="\"/home/sparksco/android/arm-linux-androideabi/share/locale\"" -DHAVE_CONFIG_H -I../.././../gdb/gdb-7.5.1/gdb/../include/opcode -I../.././../gdb/gdb-7.5.1/gdb/../opcodes/.. -I../.././../gdb/gdb-7.5.1/gdb/../readline/.. -I../bfd -I../.././../gdb/gdb-7.5.1/gdb/../bfd -I../.././../gdb/gdb-7.5.1/gdb/../include -I../libdecnumber -I../.././../gdb/gdb-7.5.1/gdb/../libdecnumber  -I../.././../gdb/gdb-7.5.1/gdb/gnulib/import -Ibuild-gnulib/import   -DTUI=1 -I/home/sparksco/android/toolchain/aosp/build/temp-install/include  -Wall -Wdeclaration-after-statement -Wpointer-arith -Wformat-nonliteral -Wno-pointer-sign -Wno-unused -Wunused-value -Wunused-function -Wno-switch -Wno-char-subscripts -Wmissing-prototypes -Wdeclaration-after-statement  -c -o infrun.o -MT infrun.o -MMD -MP -MF .deps/infrun.Tpo ../.././../gdb/gdb-7.5.1/gdb/infrun.c
if [ x"-fpic" != x ]; then \
	  gcc-4.7 -c -DHAVE_CONFIG_H -g -O2  -I. -I../.././../gcc/gcc-195953/libiberty/../include  -W -Wall -Wwrite-strings -Wc++-compat -Wstrict-prototypes -pedantic  -fpic ../.././../gcc/gcc-195953/libiberty/safe-ctype.c -o pic/safe-ctype.o; \
	else true; fi
if [ x"" != x ]; then \
	  gcc-4.7 -c -DHAVE_CONFIG_H -g -O2  -I. -I../../.././../gcc/gcc-195953/libiberty/../include  -W -Wall -Wwrite-strings -Wc++-compat -Wstrict-prototypes -pedantic   ../../.././../gcc/gcc-195953/libiberty/alloca.c -o pic/alloca.o; \
	else true; fi
gcc-4.7 -c -DHAVE_CONFIG_H -g -O2  -I. -I../../.././../gcc/gcc-195953/libiberty/../include  -W -Wall -Wwrite-strings -Wc++-compat -Wstrict-prototypes -pedantic  ../../.././../gcc/gcc-195953/libiberty/alloca.c -o alloca.o
yes
gcc-4.7 -c -DHAVE_CONFIG_H -g -O2  -I. -I../.././../gcc/gcc-195953/libiberty/../include  -W -Wall -Wwrite-strings -Wc++-compat -Wstrict-prototypes -pedantic  ../.././../gcc/gcc-195953/libiberty/safe-ctype.c -o safe-ctype.o
checking minix/config.h usability... if [ x"-fpic" != x ]; then \
	  gcc-4.7 -c -DHAVE_CONFIG_H -g -O2  -I. -I../.././../gcc/gcc-195953/libiberty/../include  -W -Wall -Wwrite-strings -Wc++-compat -Wstrict-prototypes -pedantic  -fpic ../.././../gcc/gcc-195953/libiberty/simple-object.c -o pic/simple-object.o; \
	else true; fi
gcc-4.7 -g -O2   -I. -I../.././../gdb/gdb-7.5.1/gdb -I../.././../gdb/gdb-7.5.1/gdb/common -I../.././../gdb/gdb-7.5.1/gdb/config -DLOCALEDIR="\"/home/sparksco/android/arm-linux-androideabi/share/locale\"" -DHAVE_CONFIG_H -I../.././../gdb/gdb-7.5.1/gdb/../include/opcode -I../.././../gdb/gdb-7.5.1/gdb/../opcodes/.. -I../.././../gdb/gdb-7.5.1/gdb/../readline/.. -I../bfd -I../.././../gdb/gdb-7.5.1/gdb/../bfd -I../.././../gdb/gdb-7.5.1/gdb/../include -I../libdecnumber -I../.././../gdb/gdb-7.5.1/gdb/../libdecnumber  -I../.././../gdb/gdb-7.5.1/gdb/gnulib/import -Ibuild-gnulib/import   -DTUI=1 -I/home/sparksco/android/toolchain/aosp/build/temp-install/include  -Wall -Wdeclaration-after-statement -Wpointer-arith -Wformat-nonliteral -Wno-pointer-sign -Wno-unused -Wunused-value -Wunused-function -Wno-switch -Wno-char-subscripts -Wmissing-prototypes -Wdeclaration-after-statement  -c -o expprint.o -MT expprint.o -MMD -MP -MF .deps/expprint.Tpo ../.././../gdb/gdb-7.5.1/gdb/expprint.c
if [ x"" != x ]; then \
	  gcc-4.7 -c -DHAVE_CONFIG_H -g -O2  -I. -I../../.././../gcc/gcc-195953/libiberty/../include  -W -Wall -Wwrite-strings -Wc++-compat -Wstrict-prototypes -pedantic   ../../.././../gcc/gcc-195953/libiberty/argv.c -o pic/argv.o; \
	else true; fi
gcc-4.7 -c -DHAVE_CONFIG_H -g -O2  -I. -I../../.././../gcc/gcc-195953/libiberty/../include  -W -Wall -Wwrite-strings -Wc++-compat -Wstrict-prototypes -pedantic  ../../.././../gcc/gcc-195953/libiberty/argv.c -o argv.o
if [ x"-fpic" != x ]; then \
	  gcc-4.7 -c -DHAVE_CONFIG_H -g -O2  -I. -I../.././../gcc/gcc-195953/libiberty/../include  -W -Wall -Wwrite-strings -Wc++-compat -Wstrict-prototypes -pedantic  -fpic ../.././../gcc/gcc-195953/libiberty/simple-object-coff.c -o pic/simple-object-coff.o; \
	else true; fi
gcc-4.7 -c -DHAVE_CONFIG_H -g -O2  -I. -I../.././../gcc/gcc-195953/libiberty/../include  -W -Wall -Wwrite-strings -Wc++-compat -Wstrict-prototypes -pedantic  ../.././../gcc/gcc-195953/libiberty/simple-object.c -o simple-object.o
no
checking minix/config.h presence... if [ x"" != x ]; then \
	  gcc-4.7 -c -DHAVE_CONFIG_H -g -O2  -I. -I../../.././../gcc/gcc-195953/libiberty/../include  -W -Wall -Wwrite-strings -Wc++-compat -Wstrict-prototypes -pedantic   ../../.././../gcc/gcc-195953/libiberty/choose-temp.c -o pic/choose-temp.o; \
	else true; fi
gcc-4.7 -c -DHAVE_CONFIG_H -g -O2  -I. -I../../.././../gcc/gcc-195953/libiberty/../include  -W -Wall -Wwrite-strings -Wc++-compat -Wstrict-prototypes -pedantic  ../../.././../gcc/gcc-195953/libiberty/choose-temp.c -o choose-temp.o
if [ x"" != x ]; then \
	  gcc-4.7 -c -DHAVE_CONFIG_H -g -O2  -I. -I../../.././../gcc/gcc-195953/libiberty/../include  -W -Wall -Wwrite-strings -Wc++-compat -Wstrict-prototypes -pedantic   ../../.././../gcc/gcc-195953/libiberty/concat.c -o pic/concat.o; \
	else true; fi
no
checking for minix/config.h... no
checking whether it is safe to define __EXTENSIONS__... gcc-4.7 -c -DHAVE_CONFIG_H -g -O2  -I. -I../../.././../gcc/gcc-195953/libiberty/../include  -W -Wall -Wwrite-strings -Wc++-compat -Wstrict-prototypes -pedantic  ../../.././../gcc/gcc-195953/libiberty/concat.c -o concat.o
if [ x"-fpic" != x ]; then \
	  gcc-4.7 -c -DHAVE_CONFIG_H -g -O2  -I. -I../.././../gcc/gcc-195953/libiberty/../include  -W -Wall -Wwrite-strings -Wc++-compat -Wstrict-prototypes -pedantic  -fpic ../.././../gcc/gcc-195953/libiberty/simple-object-elf.c -o pic/simple-object-elf.o; \
	else true; fi
if [ x"" != x ]; then \
	  gcc-4.7 -c -DHAVE_CONFIG_H -g -O2  -I. -I../../.././../gcc/gcc-195953/libiberty/../include  -W -Wall -Wwrite-strings -Wc++-compat -Wstrict-prototypes -pedantic   ../../.././../gcc/gcc-195953/libiberty/cp-demint.c -o pic/cp-demint.o; \
	else true; fi
gcc-4.7 -c -DHAVE_CONFIG_H -g -O2  -I. -I../../.././../gcc/gcc-195953/libiberty/../include  -W -Wall -Wwrite-strings -Wc++-compat -Wstrict-prototypes -pedantic  ../../.././../gcc/gcc-195953/libiberty/cp-demint.c -o cp-demint.o
yes
checking for special C compiler options needed for large files... no
checking for _FILE_OFFSET_BITS value needed for large files... gcc-4.7 -g -O2   -I. -I../.././../gdb/gdb-7.5.1/gdb -I../.././../gdb/gdb-7.5.1/gdb/common -I../.././../gdb/gdb-7.5.1/gdb/config -DLOCALEDIR="\"/home/sparksco/android/arm-linux-androideabi/share/locale\"" -DHAVE_CONFIG_H -I../.././../gdb/gdb-7.5.1/gdb/../include/opcode -I../.././../gdb/gdb-7.5.1/gdb/../opcodes/.. -I../.././../gdb/gdb-7.5.1/gdb/../readline/.. -I../bfd -I../.././../gdb/gdb-7.5.1/gdb/../bfd -I../.././../gdb/gdb-7.5.1/gdb/../include -I../libdecnumber -I../.././../gdb/gdb-7.5.1/gdb/../libdecnumber  -I../.././../gdb/gdb-7.5.1/gdb/gnulib/import -Ibuild-gnulib/import   -DTUI=1 -I/home/sparksco/android/toolchain/aosp/build/temp-install/include  -Wall -Wdeclaration-after-statement -Wpointer-arith -Wformat-nonliteral -Wno-pointer-sign -Wno-unused -Wunused-value -Wunused-function -Wno-switch -Wno-char-subscripts -Wmissing-prototypes -Wdeclaration-after-statement  -c -o environ.o -MT environ.o -MMD -MP -MF .deps/environ.Tpo ../.././../gdb/gdb-7.5.1/gdb/environ.c
no
gcc-4.7 -g -O2   -I. -I../.././../gdb/gdb-7.5.1/gdb -I../.././../gdb/gdb-7.5.1/gdb/common -I../.././../gdb/gdb-7.5.1/gdb/config -DLOCALEDIR="\"/home/sparksco/android/arm-linux-androideabi/share/locale\"" -DHAVE_CONFIG_H -I../.././../gdb/gdb-7.5.1/gdb/../include/opcode -I../.././../gdb/gdb-7.5.1/gdb/../opcodes/.. -I../.././../gdb/gdb-7.5.1/gdb/../readline/.. -I../bfd -I../.././../gdb/gdb-7.5.1/gdb/../bfd -I../.././../gdb/gdb-7.5.1/gdb/../include -I../libdecnumber -I../.././../gdb/gdb-7.5.1/gdb/../libdecnumber  -I../.././../gdb/gdb-7.5.1/gdb/gnulib/import -Ibuild-gnulib/import   -DTUI=1 -I/home/sparksco/android/toolchain/aosp/build/temp-install/include  -Wall -Wdeclaration-after-statement -Wpointer-arith -Wformat-nonliteral -Wno-pointer-sign -Wno-unused -Wunused-value -Wunused-function -Wno-switch -Wno-char-subscripts -Wmissing-prototypes -Wdeclaration-after-statement  -c -o stack.o -MT stack.o -MMD -MP -MF .deps/stack.Tpo ../.././../gdb/gdb-7.5.1/gdb/stack.c
checking for aclocal... aclocal
checking for autoconf... autoconf
checking for autoheader... autoheader
gcc-4.7 -c -DHAVE_CONFIG_H -g -O2  -I. -I../.././../gcc/gcc-195953/libiberty/../include  -W -Wall -Wwrite-strings -Wc++-compat -Wstrict-prototypes -pedantic  ../.././../gcc/gcc-195953/libiberty/simple-object-coff.c -o simple-object-coff.o
checking whether gcc-4.7 supports -W... if [ x"" != x ]; then \
	  gcc-4.7 -c -DHAVE_CONFIG_H -g -O2  -I. -I../../.././../gcc/gcc-195953/libiberty/../include  -W -Wall -Wwrite-strings -Wc++-compat -Wstrict-prototypes -pedantic   ../../.././../gcc/gcc-195953/libiberty/crc32.c -o pic/crc32.o; \
	else true; fi
gcc-4.7 -c -DHAVE_CONFIG_H -g -O2  -I. -I../../.././../gcc/gcc-195953/libiberty/../include  -W -Wall -Wwrite-strings -Wc++-compat -Wstrict-prototypes -pedantic  ../../.././../gcc/gcc-195953/libiberty/crc32.c -o crc32.o
yes
gcc-4.7 -g -O2   -I. -I../.././../gdb/gdb-7.5.1/gdb -I../.././../gdb/gdb-7.5.1/gdb/common -I../.././../gdb/gdb-7.5.1/gdb/config -DLOCALEDIR="\"/home/sparksco/android/arm-linux-androideabi/share/locale\"" -DHAVE_CONFIG_H -I../.././../gdb/gdb-7.5.1/gdb/../include/opcode -I../.././../gdb/gdb-7.5.1/gdb/../opcodes/.. -I../.././../gdb/gdb-7.5.1/gdb/../readline/.. -I../bfd -I../.././../gdb/gdb-7.5.1/gdb/../bfd -I../.././../gdb/gdb-7.5.1/gdb/../include -I../libdecnumber -I../.././../gdb/gdb-7.5.1/gdb/../libdecnumber  -I../.././../gdb/gdb-7.5.1/gdb/gnulib/import -Ibuild-gnulib/import   -DTUI=1 -I/home/sparksco/android/toolchain/aosp/build/temp-install/include  -Wall -Wdeclaration-after-statement -Wpointer-arith -Wformat-nonliteral -Wno-pointer-sign -Wno-unused -Wunused-value -Wunused-function -Wno-switch -Wno-char-subscripts -Wmissing-prototypes -Wdeclaration-after-statement  -c -o thread.o -MT thread.o -MMD -MP -MF .deps/thread.Tpo ../.././../gdb/gdb-7.5.1/gdb/thread.c
checking whether gcc-4.7 supports -Wall... gcc-4.7 -c -DHAVE_CONFIG_H -g -O2  -I. -I../.././../gcc/gcc-195953/libiberty/../include  -W -Wall -Wwrite-strings -Wc++-compat -Wstrict-prototypes -pedantic  ../.././../gcc/gcc-195953/libiberty/simple-object-elf.c -o simple-object-elf.o
if [ x"-fpic" != x ]; then \
	  gcc-4.7 -c -DHAVE_CONFIG_H -g -O2  -I. -I../.././../gcc/gcc-195953/libiberty/../include  -W -Wall -Wwrite-strings -Wc++-compat -Wstrict-prototypes -pedantic  -fpic ../.././../gcc/gcc-195953/libiberty/simple-object-mach-o.c -o pic/simple-object-mach-o.o; \
	else true; fi
yes
checking whether gcc-4.7 supports -Wnarrowing... if [ x"-fpic" != x ]; then \
	  gcc-4.7 -c -DHAVE_CONFIG_H -g -O2  -I. -I../.././../gcc/gcc-195953/libiberty/../include  -W -Wall -Wwrite-strings -Wc++-compat -Wstrict-prototypes -pedantic  -fpic ../.././../gcc/gcc-195953/libiberty/simple-object-xcoff.c -o pic/simple-object-xcoff.o; \
	else true; fi
yes
checking whether gcc-4.7 supports -Wwrite-strings... gcc-4.7 -g -O2   -I. -I../.././../gdb/gdb-7.5.1/gdb -I../.././../gdb/gdb-7.5.1/gdb/common -I../.././../gdb/gdb-7.5.1/gdb/config -DLOCALEDIR="\"/home/sparksco/android/arm-linux-androideabi/share/locale\"" -DHAVE_CONFIG_H -I../.././../gdb/gdb-7.5.1/gdb/../include/opcode -I../.././../gdb/gdb-7.5.1/gdb/../opcodes/.. -I../.././../gdb/gdb-7.5.1/gdb/../readline/.. -I../bfd -I../.././../gdb/gdb-7.5.1/gdb/../bfd -I../.././../gdb/gdb-7.5.1/gdb/../include -I../libdecnumber -I../.././../gdb/gdb-7.5.1/gdb/../libdecnumber  -I../.././../gdb/gdb-7.5.1/gdb/gnulib/import -Ibuild-gnulib/import   -DTUI=1 -I/home/sparksco/android/toolchain/aosp/build/temp-install/include  -Wall -Wdeclaration-after-statement -Wpointer-arith -Wformat-nonliteral -Wno-pointer-sign -Wno-unused -Wunused-value -Wunused-function -Wno-switch -Wno-char-subscripts -Wmissing-prototypes -Wdeclaration-after-statement  -c -o exceptions.o -MT exceptions.o -MMD -MP -MF .deps/exceptions.Tpo ../.././../gdb/gdb-7.5.1/gdb/exceptions.c
yes
checking whether gcc-4.7 supports -Wmissing-format-attribute... gcc-4.7 -c -DHAVE_CONFIG_H -g -O2  -I. -I../.././../gcc/gcc-195953/libiberty/../include  -W -Wall -Wwrite-strings -Wc++-compat -Wstrict-prototypes -pedantic  ../.././../gcc/gcc-195953/libiberty/simple-object-xcoff.c -o simple-object-xcoff.o
yes
gcc-4.7 -g -O2   -I. -I../.././../gdb/gdb-7.5.1/gdb -I../.././../gdb/gdb-7.5.1/gdb/common -I../.././../gdb/gdb-7.5.1/gdb/config -DLOCALEDIR="\"/home/sparksco/android/arm-linux-androideabi/share/locale\"" -DHAVE_CONFIG_H -I../.././../gdb/gdb-7.5.1/gdb/../include/opcode -I../.././../gdb/gdb-7.5.1/gdb/../opcodes/.. -I../.././../gdb/gdb-7.5.1/gdb/../readline/.. -I../bfd -I../.././../gdb/gdb-7.5.1/gdb/../bfd -I../.././../gdb/gdb-7.5.1/gdb/../include -I../libdecnumber -I../.././../gdb/gdb-7.5.1/gdb/../libdecnumber  -I../.././../gdb/gdb-7.5.1/gdb/gnulib/import -Ibuild-gnulib/import   -DTUI=1 -I/home/sparksco/android/toolchain/aosp/build/temp-install/include  -Wall -Wdeclaration-after-statement -Wpointer-arith -Wformat-nonliteral -Wno-pointer-sign -Wno-unused -Wunused-value -Wunused-function -Wno-switch -Wno-char-subscripts -Wmissing-prototypes -Wdeclaration-after-statement  -c -o filesystem.o -MT filesystem.o -MMD -MP -MF .deps/filesystem.Tpo ../.././../gdb/gdb-7.5.1/gdb/filesystem.c
checking whether gcc-4.7 supports -Wstrict-prototypes... gcc-4.7 -g -O2   -I. -I../.././../gdb/gdb-7.5.1/gdb -I../.././../gdb/gdb-7.5.1/gdb/common -I../.././../gdb/gdb-7.5.1/gdb/config -DLOCALEDIR="\"/home/sparksco/android/arm-linux-androideabi/share/locale\"" -DHAVE_CONFIG_H -I../.././../gdb/gdb-7.5.1/gdb/../include/opcode -I../.././../gdb/gdb-7.5.1/gdb/../opcodes/.. -I../.././../gdb/gdb-7.5.1/gdb/../readline/.. -I../bfd -I../.././../gdb/gdb-7.5.1/gdb/../bfd -I../.././../gdb/gdb-7.5.1/gdb/../include -I../libdecnumber -I../.././../gdb/gdb-7.5.1/gdb/../libdecnumber  -I../.././../gdb/gdb-7.5.1/gdb/gnulib/import -Ibuild-gnulib/import   -DTUI=1 -I/home/sparksco/android/toolchain/aosp/build/temp-install/include  -Wall -Wdeclaration-after-statement -Wpointer-arith -Wformat-nonliteral -Wno-pointer-sign -Wno-unused -Wunused-value -Wunused-function -Wno-switch -Wno-char-subscripts -Wmissing-prototypes -Wdeclaration-after-statement  -c -o inf-child.o -MT inf-child.o -MMD -MP -MF .deps/inf-child.Tpo ../.././../gdb/gdb-7.5.1/gdb/inf-child.c
yes
rm -f ./libiberty.a pic/./libiberty.a
checking whether gcc-4.7 supports -Wmissing-prototypes... gcc-4.7 -c -DHAVE_CONFIG_H -g -O2  -I. -I../.././../gcc/gcc-195953/libiberty/../include  -W -Wall -Wwrite-strings -Wc++-compat -Wstrict-prototypes -pedantic  ../.././../gcc/gcc-195953/libiberty/simple-object-mach-o.c -o simple-object-mach-o.o
ar rc ./libiberty.a \
	  ./regex.o ./cplus-dem.o ./cp-demangle.o ./md5.o ./sha1.o ./alloca.o ./argv.o ./choose-temp.o ./concat.o ./cp-demint.o ./crc32.o ./dwarfnames.o ./dyn-string.o ./fdmatch.o ./fibheap.o ./filename_cmp.o ./floatformat.o ./fnmatch.o ./fopen_unlocked.o ./getopt.o ./getopt1.o ./getpwd.o ./getruntime.o ./hashtab.o ./hex.o ./lbasename.o ./lrealpath.o ./make-relative-prefix.o ./make-temp-file.o ./objalloc.o ./obstack.o ./partition.o ./pexecute.o ./physmem.o ./pex-common.o ./pex-one.o ./pex-unix.o ./safe-ctype.o ./simple-object.o ./simple-object-coff.o ./simple-object-elf.o ./simple-object-mach-o.o ./simple-object-xcoff.o ./sort.o ./spaces.o ./splay-tree.o ./stack-limit.o ./strerror.o ./strsignal.o ./timeval-utils.o ./unlink-if-ordinary.o ./xatexit.o ./xexit.o ./xmalloc.o ./xmemdup.o ./xstrdup.o ./xstrerror.o ./xstrndup.o  ./setproctitle.o
ranlib ./libiberty.a
gcc-4.7 -g -O2   -I. -I../.././../gdb/gdb-7.5.1/gdb -I../.././../gdb/gdb-7.5.1/gdb/common -I../.././../gdb/gdb-7.5.1/gdb/config -DLOCALEDIR="\"/home/sparksco/android/arm-linux-androideabi/share/locale\"" -DHAVE_CONFIG_H -I../.././../gdb/gdb-7.5.1/gdb/../include/opcode -I../.././../gdb/gdb-7.5.1/gdb/../opcodes/.. -I../.././../gdb/gdb-7.5.1/gdb/../readline/.. -I../bfd -I../.././../gdb/gdb-7.5.1/gdb/../bfd -I../.././../gdb/gdb-7.5.1/gdb/../include -I../libdecnumber -I../.././../gdb/gdb-7.5.1/gdb/../libdecnumber  -I../.././../gdb/gdb-7.5.1/gdb/gnulib/import -Ibuild-gnulib/import   -DTUI=1 -I/home/sparksco/android/toolchain/aosp/build/temp-install/include  -Wall -Wdeclaration-after-statement -Wpointer-arith -Wformat-nonliteral -Wno-pointer-sign -Wno-unused -Wunused-value -Wunused-function -Wno-switch -Wno-char-subscripts -Wmissing-prototypes -Wdeclaration-after-statement  -c -o interps.o -MT interps.o -MMD -MP -MF .deps/interps.Tpo ../.././../gdb/gdb-7.5.1/gdb/interps.c
yes
checking whether gcc-4.7 supports -Wold-style-definition... if [ x"" != x ]; then \
	  cd pic; \
	  ar rc ./libiberty.a \
	    ./regex.o ./cplus-dem.o ./cp-demangle.o ./md5.o ./sha1.o ./alloca.o ./argv.o ./choose-temp.o ./concat.o ./cp-demint.o ./crc32.o ./dwarfnames.o ./dyn-string.o ./fdmatch.o ./fibheap.o ./filename_cmp.o ./floatformat.o ./fnmatch.o ./fopen_unlocked.o ./getopt.o ./getopt1.o ./getpwd.o ./getruntime.o ./hashtab.o ./hex.o ./lbasename.o ./lrealpath.o ./make-relative-prefix.o ./make-temp-file.o ./objalloc.o ./obstack.o ./partition.o ./pexecute.o ./physmem.o ./pex-common.o ./pex-one.o ./pex-unix.o ./safe-ctype.o ./simple-object.o ./simple-object-coff.o ./simple-object-elf.o ./simple-object-mach-o.o ./simple-object-xcoff.o ./sort.o ./spaces.o ./splay-tree.o ./stack-limit.o ./strerror.o ./strsignal.o ./timeval-utils.o ./unlink-if-ordinary.o ./xatexit.o ./xexit.o ./xmalloc.o ./xmemdup.o ./xstrdup.o ./xstrerror.o ./xstrndup.o  ./setproctitle.o; \
	  ranlib ./libiberty.a; \
	  cd ..; \
	else true; fi
gcc-4.7 -g -O2   -I. -I../.././../gdb/gdb-7.5.1/gdb -I../.././../gdb/gdb-7.5.1/gdb/common -I../.././../gdb/gdb-7.5.1/gdb/config -DLOCALEDIR="\"/home/sparksco/android/arm-linux-androideabi/share/locale\"" -DHAVE_CONFIG_H -I../.././../gdb/gdb-7.5.1/gdb/../include/opcode -I../.././../gdb/gdb-7.5.1/gdb/../opcodes/.. -I../.././../gdb/gdb-7.5.1/gdb/../readline/.. -I../bfd -I../.././../gdb/gdb-7.5.1/gdb/../bfd -I../.././../gdb/gdb-7.5.1/gdb/../include -I../libdecnumber -I../.././../gdb/gdb-7.5.1/gdb/../libdecnumber  -I../.././../gdb/gdb-7.5.1/gdb/gnulib/import -Ibuild-gnulib/import   -DTUI=1 -I/home/sparksco/android/toolchain/aosp/build/temp-install/include  -Wall -Wdeclaration-after-statement -Wpointer-arith -Wformat-nonliteral -Wno-pointer-sign -Wno-unused -Wunused-value -Wunused-function -Wno-switch -Wno-char-subscripts -Wmissing-prototypes -Wdeclaration-after-statement  -c -o main.o -MT main.o -MMD -MP -MF .deps/main.Tpo ../.././../gdb/gdb-7.5.1/gdb/main.c
make[3]: Leaving directory `/home/sparksco/android/toolchain/aosp/build/gcc-195953/build-x86_64-linux-gnu/libiberty'
gcc-4.7 -g -O2   -I. -I../.././../gdb/gdb-7.5.1/gdb -I../.././../gdb/gdb-7.5.1/gdb/common -I../.././../gdb/gdb-7.5.1/gdb/config -DLOCALEDIR="\"/home/sparksco/android/arm-linux-androideabi/share/locale\"" -DHAVE_CONFIG_H -I../.././../gdb/gdb-7.5.1/gdb/../include/opcode -I../.././../gdb/gdb-7.5.1/gdb/../opcodes/.. -I../.././../gdb/gdb-7.5.1/gdb/../readline/.. -I../bfd -I../.././../gdb/gdb-7.5.1/gdb/../bfd -I../.././../gdb/gdb-7.5.1/gdb/../include -I../libdecnumber -I../.././../gdb/gdb-7.5.1/gdb/../libdecnumber  -I../.././../gdb/gdb-7.5.1/gdb/gnulib/import -Ibuild-gnulib/import   -DTUI=1 -I/home/sparksco/android/toolchain/aosp/build/temp-install/include  -Wall -Wdeclaration-after-statement -Wpointer-arith -Wformat-nonliteral -Wno-pointer-sign -Wno-unused -Wunused-value -Wunused-function -Wno-switch -Wno-char-subscripts -Wmissing-prototypes -Wdeclaration-after-statement  -c -o macrotab.o -MT macrotab.o -MMD -MP -MF .deps/macrotab.Tpo ../.././../gdb/gdb-7.5.1/gdb/macrotab.c
yes
checking whether gcc-4.7 supports -Wc++-compat... gcc-4.7 -g -O2   -I. -I../.././../gdb/gdb-7.5.1/gdb -I../.././../gdb/gdb-7.5.1/gdb/common -I../.././../gdb/gdb-7.5.1/gdb/config -DLOCALEDIR="\"/home/sparksco/android/arm-linux-androideabi/share/locale\"" -DHAVE_CONFIG_H -I../.././../gdb/gdb-7.5.1/gdb/../include/opcode -I../.././../gdb/gdb-7.5.1/gdb/../opcodes/.. -I../.././../gdb/gdb-7.5.1/gdb/../readline/.. -I../bfd -I../.././../gdb/gdb-7.5.1/gdb/../bfd -I../.././../gdb/gdb-7.5.1/gdb/../include -I../libdecnumber -I../.././../gdb/gdb-7.5.1/gdb/../libdecnumber  -I../.././../gdb/gdb-7.5.1/gdb/gnulib/import -Ibuild-gnulib/import   -DTUI=1 -I/home/sparksco/android/toolchain/aosp/build/temp-install/include  -Wall -Wdeclaration-after-statement -Wpointer-arith -Wformat-nonliteral -Wno-pointer-sign -Wno-unused -Wunused-value -Wunused-function -Wno-switch -Wno-char-subscripts -Wmissing-prototypes -Wdeclaration-after-statement  -c -o macrocmd.o -MT macrocmd.o -MMD -MP -MF .deps/macrocmd.Tpo ../.././../gdb/gdb-7.5.1/gdb/macrocmd.c
make[3]: Entering directory `/home/sparksco/android/toolchain/aosp/build/gcc-195953/build-x86_64-linux-gnu/fixincludes'
gcc-4.7 -c -g -O2 -W -Wall -Wwrite-strings -Wstrict-prototypes -Wmissing-prototypes -Wold-style-definition -Wmissing-format-attribute -Wno-overlength-strings -pedantic -Wno-long-long   -DHAVE_CONFIG_H -I. -I../../.././../gcc/gcc-195953/fixincludes -I../include -I../../.././../gcc/gcc-195953/fixincludes/../include ../../.././../gcc/gcc-195953/fixincludes/fixincl.c
if [ x"-fpic" != x ]; then \
	  gcc-4.7 -c -DHAVE_CONFIG_H -g -O2  -I. -I../.././../gcc/gcc-195953/libiberty/../include  -W -Wall -Wwrite-strings -Wc++-compat -Wstrict-prototypes -pedantic  -fpic ../.././../gcc/gcc-195953/libiberty/sort.c -o pic/sort.o; \
	else true; fi
yes
checking whether gcc-4.7 supports -pedantic -Wlong-long... if [ x"-fpic" != x ]; then \
	  gcc-4.7 -c -DHAVE_CONFIG_H -g -O2  -I. -I../.././../gcc/gcc-195953/libiberty/../include  -W -Wall -Wwrite-strings -Wc++-compat -Wstrict-prototypes -pedantic  -fpic ../.././../gcc/gcc-195953/libiberty/spaces.c -o pic/spaces.o; \
	else true; fi
gcc-4.7 -c -DHAVE_CONFIG_H -g -O2  -I. -I../.././../gcc/gcc-195953/libiberty/../include  -W -Wall -Wwrite-strings -Wc++-compat -Wstrict-prototypes -pedantic  ../.././../gcc/gcc-195953/libiberty/sort.c -o sort.o
yes
gcc-4.7 -c -DHAVE_CONFIG_H -g -O2  -I. -I../.././../gcc/gcc-195953/libiberty/../include  -W -Wall -Wwrite-strings -Wc++-compat -Wstrict-prototypes -pedantic  ../.././../gcc/gcc-195953/libiberty/spaces.c -o spaces.o
checking whether gcc-4.7 supports -fno-exceptions... gcc-4.7 -c -g -O2 -W -Wall -Wwrite-strings -Wstrict-prototypes -Wmissing-prototypes -Wold-style-definition -Wmissing-format-attribute -Wno-overlength-strings -pedantic -Wno-long-long   -DHAVE_CONFIG_H -I. -I../../.././../gcc/gcc-195953/fixincludes -I../include -I../../.././../gcc/gcc-195953/fixincludes/../include ../../.././../gcc/gcc-195953/fixincludes/fixtests.c
if [ x"-fpic" != x ]; then \
	  gcc-4.7 -c -DHAVE_CONFIG_H -g -O2  -I. -I../.././../gcc/gcc-195953/libiberty/../include  -W -Wall -Wwrite-strings -Wc++-compat -Wstrict-prototypes -pedantic  -fpic ../.././../gcc/gcc-195953/libiberty/splay-tree.c -o pic/splay-tree.o; \
	else true; fi
if [ x"-fpic" != x ]; then \
	  gcc-4.7 -c -DHAVE_CONFIG_H -g -O2  -I. -I../.././../gcc/gcc-195953/libiberty/../include  -W -Wall -Wwrite-strings -Wc++-compat -Wstrict-prototypes -pedantic  -fpic ../.././../gcc/gcc-195953/libiberty/stack-limit.c -o pic/stack-limit.o; \
	else true; fi
if [ x"-fpic" != x ]; then \
	  gcc-4.7 -c -DHAVE_CONFIG_H -g -O2  -I. -I../.././../gcc/gcc-195953/libiberty/../include  -W -Wall -Wwrite-strings -Wc++-compat -Wstrict-prototypes -pedantic  -fpic ../.././../gcc/gcc-195953/libiberty/strerror.c -o pic/strerror.o; \
	else true; fi
yes
checking whether gcc-4.7 supports -fno-rtti... gcc-4.7 -g -O2   -I. -I../.././../gdb/gdb-7.5.1/gdb -I../.././../gdb/gdb-7.5.1/gdb/common -I../.././../gdb/gdb-7.5.1/gdb/config -DLOCALEDIR="\"/home/sparksco/android/arm-linux-androideabi/share/locale\"" -DHAVE_CONFIG_H -I../.././../gdb/gdb-7.5.1/gdb/../include/opcode -I../.././../gdb/gdb-7.5.1/gdb/../opcodes/.. -I../.././../gdb/gdb-7.5.1/gdb/../readline/.. -I../bfd -I../.././../gdb/gdb-7.5.1/gdb/../bfd -I../.././../gdb/gdb-7.5.1/gdb/../include -I../libdecnumber -I../.././../gdb/gdb-7.5.1/gdb/../libdecnumber  -I../.././../gdb/gdb-7.5.1/gdb/gnulib/import -Ibuild-gnulib/import   -DTUI=1 -I/home/sparksco/android/toolchain/aosp/build/temp-install/include  -Wall -Wdeclaration-after-statement -Wpointer-arith -Wformat-nonliteral -Wno-pointer-sign -Wno-unused -Wunused-value -Wunused-function -Wno-switch -Wno-char-subscripts -Wmissing-prototypes -Wdeclaration-after-statement  -c -o macroexp.o -MT macroexp.o -MMD -MP -MF .deps/macroexp.Tpo ../.././../gdb/gdb-7.5.1/gdb/macroexp.c
gcc-4.7 -c -DHAVE_CONFIG_H -g -O2  -I. -I../.././../gcc/gcc-195953/libiberty/../include  -W -Wall -Wwrite-strings -Wc++-compat -Wstrict-prototypes -pedantic  ../.././../gcc/gcc-195953/libiberty/stack-limit.c -o stack-limit.o
gcc-4.7 -c -g -O2 -W -Wall -Wwrite-strings -Wstrict-prototypes -Wmissing-prototypes -Wold-style-definition -Wmissing-format-attribute -Wno-overlength-strings -pedantic -Wno-long-long   -DHAVE_CONFIG_H -I. -I../../.././../gcc/gcc-195953/fixincludes -I../include -I../../.././../gcc/gcc-195953/fixincludes/../include ../../.././../gcc/gcc-195953/fixincludes/fixfixes.c
gcc-4.7 -g -O2   -I. -I../.././../gdb/gdb-7.5.1/gdb -I../.././../gdb/gdb-7.5.1/gdb/common -I../.././../gdb/gdb-7.5.1/gdb/config -DLOCALEDIR="\"/home/sparksco/android/arm-linux-androideabi/share/locale\"" -DHAVE_CONFIG_H -I../.././../gdb/gdb-7.5.1/gdb/../include/opcode -I../.././../gdb/gdb-7.5.1/gdb/../opcodes/.. -I../.././../gdb/gdb-7.5.1/gdb/../readline/.. -I../bfd -I../.././../gdb/gdb-7.5.1/gdb/../bfd -I../.././../gdb/gdb-7.5.1/gdb/../include -I../libdecnumber -I../.././../gdb/gdb-7.5.1/gdb/../libdecnumber  -I../.././../gdb/gdb-7.5.1/gdb/gnulib/import -Ibuild-gnulib/import   -DTUI=1 -I/home/sparksco/android/toolchain/aosp/build/temp-install/include  -Wall -Wdeclaration-after-statement -Wpointer-arith -Wformat-nonliteral -Wno-pointer-sign -Wno-unused -Wunused-value -Wunused-function -Wno-switch -Wno-char-subscripts -Wmissing-prototypes -Wdeclaration-after-statement  -c -o macroscope.o -MT macroscope.o -MMD -MP -MF .deps/macroscope.Tpo ../.././../gdb/gdb-7.5.1/gdb/macroscope.c
if [ x"-fpic" != x ]; then \
	  gcc-4.7 -c -DHAVE_CONFIG_H -g -O2  -I. -I../.././../gcc/gcc-195953/libiberty/../include  -W -Wall -Wwrite-strings -Wc++-compat -Wstrict-prototypes -pedantic  -fpic ../.././../gcc/gcc-195953/libiberty/strsignal.c -o pic/strsignal.o; \
	else true; fi
yes
gcc-4.7 -c -DHAVE_CONFIG_H -g -O2  -I. -I../.././../gcc/gcc-195953/libiberty/../include  -W -Wall -Wwrite-strings -Wc++-compat -Wstrict-prototypes -pedantic  ../.././../gcc/gcc-195953/libiberty/strerror.c -o strerror.o
gcc-4.7 -g -O2   -I. -I../.././../gdb/gdb-7.5.1/gdb -I../.././../gdb/gdb-7.5.1/gdb/common -I../.././../gdb/gdb-7.5.1/gdb/config -DLOCALEDIR="\"/home/sparksco/android/arm-linux-androideabi/share/locale\"" -DHAVE_CONFIG_H -I../.././../gdb/gdb-7.5.1/gdb/../include/opcode -I../.././../gdb/gdb-7.5.1/gdb/../opcodes/.. -I../.././../gdb/gdb-7.5.1/gdb/../readline/.. -I../bfd -I../.././../gdb/gdb-7.5.1/gdb/../bfd -I../.././../gdb/gdb-7.5.1/gdb/../include -I../libdecnumber -I../.././../gdb/gdb-7.5.1/gdb/../libdecnumber  -I../.././../gdb/gdb-7.5.1/gdb/gnulib/import -Ibuild-gnulib/import   -DTUI=1 -I/home/sparksco/android/toolchain/aosp/build/temp-install/include  -Wall -Wdeclaration-after-statement -Wpointer-arith -Wformat-nonliteral -Wno-pointer-sign -Wno-unused -Wunused-value -Wunused-function -Wno-switch -Wno-char-subscripts -Wmissing-prototypes -Wdeclaration-after-statement  -c -o mi-common.o -MT mi-common.o -MMD -MP -MF .deps/mi-common.Tpo ../.././../gdb/gdb-7.5.1/gdb/mi/mi-common.c
gcc-4.7 -c -DHAVE_CONFIG_H -g -O2  -I. -I../.././../gcc/gcc-195953/libiberty/../include  -W -Wall -Wwrite-strings -Wc++-compat -Wstrict-prototypes -pedantic  ../.././../gcc/gcc-195953/libiberty/splay-tree.c -o splay-tree.o
gcc-4.7 -c -g -O2 -W -Wall -Wwrite-strings -Wstrict-prototypes -Wmissing-prototypes -Wold-style-definition -Wmissing-format-attribute -Wno-overlength-strings -pedantic -Wno-long-long   -DHAVE_CONFIG_H -I. -I../../.././../gcc/gcc-195953/fixincludes -I../include -I../../.././../gcc/gcc-195953/fixincludes/../include ../../.././../gcc/gcc-195953/fixincludes/server.c
gcc-4.7 -g -O2   -I. -I../.././../gdb/gdb-7.5.1/gdb -I../.././../gdb/gdb-7.5.1/gdb/common -I../.././../gdb/gdb-7.5.1/gdb/config -DLOCALEDIR="\"/home/sparksco/android/arm-linux-androideabi/share/locale\"" -DHAVE_CONFIG_H -I../.././../gdb/gdb-7.5.1/gdb/../include/opcode -I../.././../gdb/gdb-7.5.1/gdb/../opcodes/.. -I../.././../gdb/gdb-7.5.1/gdb/../readline/.. -I../bfd -I../.././../gdb/gdb-7.5.1/gdb/../bfd -I../.././../gdb/gdb-7.5.1/gdb/../include -I../libdecnumber -I../.././../gdb/gdb-7.5.1/gdb/../libdecnumber  -I../.././../gdb/gdb-7.5.1/gdb/gnulib/import -Ibuild-gnulib/import   -DTUI=1 -I/home/sparksco/android/toolchain/aosp/build/temp-install/include  -Wall -Wdeclaration-after-statement -Wpointer-arith -Wformat-nonliteral -Wno-pointer-sign -Wno-unused -Wunused-value -Wunused-function -Wno-switch -Wno-char-subscripts -Wmissing-prototypes -Wdeclaration-after-statement  -c -o event-loop.o -MT event-loop.o -MMD -MP -MF .deps/event-loop.Tpo ../.././../gdb/gdb-7.5.1/gdb/event-loop.c
gcc-4.7 -c -DHAVE_CONFIG_H -g -O2  -I. -I../.././../gcc/gcc-195953/libiberty/../include  -W -Wall -Wwrite-strings -Wc++-compat -Wstrict-prototypes -pedantic  ../.././../gcc/gcc-195953/libiberty/strsignal.c -o strsignal.o
../../.././../gcc/gcc-195953/fixincludes/server.c: In function ‘server_setup’:
../../.././../gcc/gcc-195953/fixincludes/server.c:195:10: warning: ignoring return value of ‘getcwd’, declared with attribute warn_unused_result [-Wunused-result]
checking dependency style of g++-4.7... gcc-4.7 -c -g -O2 -W -Wall -Wwrite-strings -Wstrict-prototypes -Wmissing-prototypes -Wold-style-definition -Wmissing-format-attribute -Wno-overlength-strings -pedantic -Wno-long-long   -DHAVE_CONFIG_H -I. -I../../.././../gcc/gcc-195953/fixincludes -I../include -I../../.././../gcc/gcc-195953/fixincludes/../include ../../.././../gcc/gcc-195953/fixincludes/procopen.c
gcc-4.7 -g -O2   -I. -I../.././../gdb/gdb-7.5.1/gdb -I../.././../gdb/gdb-7.5.1/gdb/common -I../.././../gdb/gdb-7.5.1/gdb/config -DLOCALEDIR="\"/home/sparksco/android/arm-linux-androideabi/share/locale\"" -DHAVE_CONFIG_H -I../.././../gdb/gdb-7.5.1/gdb/../include/opcode -I../.././../gdb/gdb-7.5.1/gdb/../opcodes/.. -I../.././../gdb/gdb-7.5.1/gdb/../readline/.. -I../bfd -I../.././../gdb/gdb-7.5.1/gdb/../bfd -I../.././../gdb/gdb-7.5.1/gdb/../include -I../libdecnumber -I../.././../gdb/gdb-7.5.1/gdb/../libdecnumber  -I../.././../gdb/gdb-7.5.1/gdb/gnulib/import -Ibuild-gnulib/import   -DTUI=1 -I/home/sparksco/android/toolchain/aosp/build/temp-install/include  -Wall -Wdeclaration-after-statement -Wpointer-arith -Wformat-nonliteral -Wno-pointer-sign -Wno-unused -Wunused-value -Wunused-function -Wno-switch -Wno-char-subscripts -Wmissing-prototypes -Wdeclaration-after-statement  -c -o event-top.o -MT event-top.o -MMD -MP -MF .deps/event-top.Tpo ../.././../gdb/gdb-7.5.1/gdb/event-top.c
gcc-4.7 -g -O2   -I. -I../.././../gdb/gdb-7.5.1/gdb -I../.././../gdb/gdb-7.5.1/gdb/common -I../.././../gdb/gdb-7.5.1/gdb/config -DLOCALEDIR="\"/home/sparksco/android/arm-linux-androideabi/share/locale\"" -DHAVE_CONFIG_H -I../.././../gdb/gdb-7.5.1/gdb/../include/opcode -I../.././../gdb/gdb-7.5.1/gdb/../opcodes/.. -I../.././../gdb/gdb-7.5.1/gdb/../readline/.. -I../bfd -I../.././../gdb/gdb-7.5.1/gdb/../bfd -I../.././../gdb/gdb-7.5.1/gdb/../include -I../libdecnumber -I../.././../gdb/gdb-7.5.1/gdb/../libdecnumber  -I../.././../gdb/gdb-7.5.1/gdb/gnulib/import -Ibuild-gnulib/import   -DTUI=1 -I/home/sparksco/android/toolchain/aosp/build/temp-install/include  -Wall -Wdeclaration-after-statement -Wpointer-arith -Wformat-nonliteral -Wno-pointer-sign -Wno-unused -Wunused-value -Wunused-function -Wno-switch -Wno-char-subscripts -Wmissing-prototypes -Wdeclaration-after-statement  -c -o inf-loop.o -MT inf-loop.o -MMD -MP -MF .deps/inf-loop.Tpo ../.././../gdb/gdb-7.5.1/gdb/inf-loop.c
gcc-4.7 -g -O2   -I. -I../.././../gdb/gdb-7.5.1/gdb -I../.././../gdb/gdb-7.5.1/gdb/common -I../.././../gdb/gdb-7.5.1/gdb/config -DLOCALEDIR="\"/home/sparksco/android/arm-linux-androideabi/share/locale\"" -DHAVE_CONFIG_H -I../.././../gdb/gdb-7.5.1/gdb/../include/opcode -I../.././../gdb/gdb-7.5.1/gdb/../opcodes/.. -I../.././../gdb/gdb-7.5.1/gdb/../readline/.. -I../bfd -I../.././../gdb/gdb-7.5.1/gdb/../bfd -I../.././../gdb/gdb-7.5.1/gdb/../include -I../libdecnumber -I../.././../gdb/gdb-7.5.1/gdb/../libdecnumber  -I../.././../gdb/gdb-7.5.1/gdb/gnulib/import -Ibuild-gnulib/import   -DTUI=1 -I/home/sparksco/android/toolchain/aosp/build/temp-install/include  -Wall -Wdeclaration-after-statement -Wpointer-arith -Wformat-nonliteral -Wno-pointer-sign -Wno-unused -Wunused-value -Wunused-function -Wno-switch -Wno-char-subscripts -Wmissing-prototypes -Wdeclaration-after-statement  -c -o completer.o -MT completer.o -MMD -MP -MF .deps/completer.Tpo ../.././../gdb/gdb-7.5.1/gdb/completer.c
if [ x"-fpic" != x ]; then \
	  gcc-4.7 -c -DHAVE_CONFIG_H -g -O2  -I. -I../.././../gcc/gcc-195953/libiberty/../include  -W -Wall -Wwrite-strings -Wc++-compat -Wstrict-prototypes -pedantic  -fpic ../.././../gcc/gcc-195953/libiberty/timeval-utils.c -o pic/timeval-utils.o; \
	else true; fi
if [ x"-fpic" != x ]; then \
	  gcc-4.7 -c -DHAVE_CONFIG_H -g -O2  -I. -I../.././../gcc/gcc-195953/libiberty/../include  -W -Wall -Wwrite-strings -Wc++-compat -Wstrict-prototypes -pedantic  -fpic ../.././../gcc/gcc-195953/libiberty/unlink-if-ordinary.c -o pic/unlink-if-ordinary.o; \
	else true; fi
gcc3
checking whether time.h and sys/time.h may both be included... gcc-4.7 -g -O2   -I. -I../.././../gdb/gdb-7.5.1/gdb -I../.././../gdb/gdb-7.5.1/gdb/common -I../.././../gdb/gdb-7.5.1/gdb/config -DLOCALEDIR="\"/home/sparksco/android/arm-linux-androideabi/share/locale\"" -DHAVE_CONFIG_H -I../.././../gdb/gdb-7.5.1/gdb/../include/opcode -I../.././../gdb/gdb-7.5.1/gdb/../opcodes/.. -I../.././../gdb/gdb-7.5.1/gdb/../readline/.. -I../bfd -I../.././../gdb/gdb-7.5.1/gdb/../bfd -I../.././../gdb/gdb-7.5.1/gdb/../include -I../libdecnumber -I../.././../gdb/gdb-7.5.1/gdb/../libdecnumber  -I../.././../gdb/gdb-7.5.1/gdb/gnulib/import -Ibuild-gnulib/import   -DTUI=1 -I/home/sparksco/android/toolchain/aosp/build/temp-install/include  -Wall -Wdeclaration-after-statement -Wpointer-arith -Wformat-nonliteral -Wno-pointer-sign -Wno-unused -Wunused-value -Wunused-function -Wno-switch -Wno-char-subscripts -Wmissing-prototypes -Wdeclaration-after-statement  -c -o gdbarch.o -MT gdbarch.o -MMD -MP -MF .deps/gdbarch.Tpo ../.././../gdb/gdb-7.5.1/gdb/gdbarch.c
gcc-4.7 -c -g -O2 -W -Wall -Wwrite-strings -Wstrict-prototypes -Wmissing-prototypes -Wold-style-definition -Wmissing-format-attribute -Wno-overlength-strings -pedantic -Wno-long-long   -DHAVE_CONFIG_H -I. -I../../.././../gcc/gcc-195953/fixincludes -I../include -I../../.././../gcc/gcc-195953/fixincludes/../include ../../.././../gcc/gcc-195953/fixincludes/fixlib.c
gcc-4.7 -c -DHAVE_CONFIG_H -g -O2  -I. -I../.././../gcc/gcc-195953/libiberty/../include  -W -Wall -Wwrite-strings -Wc++-compat -Wstrict-prototypes -pedantic  ../.././../gcc/gcc-195953/libiberty/timeval-utils.c -o timeval-utils.o
yes
checking whether string.h and strings.h may both be included... gcc-4.7 -c -DHAVE_CONFIG_H -g -O2  -I. -I../.././../gcc/gcc-195953/libiberty/../include  -W -Wall -Wwrite-strings -Wc++-compat -Wstrict-prototypes -pedantic  ../.././../gcc/gcc-195953/libiberty/unlink-if-ordinary.c -o unlink-if-ordinary.o
gcc-4.7 -g -O2   -I. -I../.././../gdb/gdb-7.5.1/gdb -I../.././../gdb/gdb-7.5.1/gdb/common -I../.././../gdb/gdb-7.5.1/gdb/config -DLOCALEDIR="\"/home/sparksco/android/arm-linux-androideabi/share/locale\"" -DHAVE_CONFIG_H -I../.././../gdb/gdb-7.5.1/gdb/../include/opcode -I../.././../gdb/gdb-7.5.1/gdb/../opcodes/.. -I../.././../gdb/gdb-7.5.1/gdb/../readline/.. -I../bfd -I../.././../gdb/gdb-7.5.1/gdb/../bfd -I../.././../gdb/gdb-7.5.1/gdb/../include -I../libdecnumber -I../.././../gdb/gdb-7.5.1/gdb/../libdecnumber  -I../.././../gdb/gdb-7.5.1/gdb/gnulib/import -Ibuild-gnulib/import   -DTUI=1 -I/home/sparksco/android/toolchain/aosp/build/temp-install/include  -Wall -Wdeclaration-after-statement -Wpointer-arith -Wformat-nonliteral -Wno-pointer-sign -Wno-unused -Wunused-value -Wunused-function -Wno-switch -Wno-char-subscripts -Wmissing-prototypes -Wdeclaration-after-statement  -c -o arch-utils.o -MT arch-utils.o -MMD -MP -MF .deps/arch-utils.Tpo ../.././../gdb/gdb-7.5.1/gdb/arch-utils.c
yes
gcc-4.7 -c -g -O2 -W -Wall -Wwrite-strings -Wstrict-prototypes -Wmissing-prototypes -Wold-style-definition -Wmissing-format-attribute -Wno-overlength-strings -pedantic -Wno-long-long   -DHAVE_CONFIG_H -I. -I../../.././../gcc/gcc-195953/fixincludes -I../include -I../../.././../gcc/gcc-195953/fixincludes/../include ../../.././../gcc/gcc-195953/fixincludes/fixopts.c
checking locale.h usability... if [ x"-fpic" != x ]; then \
	  gcc-4.7 -c -DHAVE_CONFIG_H -g -O2  -I. -I../.././../gcc/gcc-195953/libiberty/../include  -W -Wall -Wwrite-strings -Wc++-compat -Wstrict-prototypes -pedantic  -fpic ../.././../gcc/gcc-195953/libiberty/xatexit.c -o pic/xatexit.o; \
	else true; fi
srcdir="../../.././../gcc/gcc-195953/fixincludes" /bin/bash ../../.././../gcc/gcc-195953/fixincludes/mkfixinc.sh arm-unknown-linux-androideabi
gcc-4.7 -c -DHAVE_CONFIG_H -g -O2  -I. -I../.././../gcc/gcc-195953/libiberty/../include  -W -Wall -Wwrite-strings -Wc++-compat -Wstrict-prototypes -pedantic  ../.././../gcc/gcc-195953/libiberty/xatexit.c -o xatexit.o
if [ x"-fpic" != x ]; then \
	  gcc-4.7 -c -DHAVE_CONFIG_H -g -O2  -I. -I../.././../gcc/gcc-195953/libiberty/../include  -W -Wall -Wwrite-strings -Wc++-compat -Wstrict-prototypes -pedantic  -fpic ../.././../gcc/gcc-195953/libiberty/xexit.c -o pic/xexit.o; \
	else true; fi
yes
checking locale.h presence... sed -e 's/@gcc_version@/4.8.0/' < mkheaders.almost > mkheadersT
yes
checking for locale.h... yes
checking fcntl.h usability... gcc-4.7 -c -DHAVE_CONFIG_H -g -O2  -I. -I../.././../gcc/gcc-195953/libiberty/../include  -W -Wall -Wwrite-strings -Wc++-compat -Wstrict-prototypes -pedantic  ../.././../gcc/gcc-195953/libiberty/xexit.c -o xexit.o
mv -f mkheadersT mkheaders
gcc-4.7 -g -O2  -o fixincl fixincl.o fixtests.o fixfixes.o server.o procopen.o fixlib.o fixopts.o ../libiberty/libiberty.a
if [ x"-fpic" != x ]; then \
	  gcc-4.7 -c -DHAVE_CONFIG_H -g -O2  -I. -I../.././../gcc/gcc-195953/libiberty/../include  -W -Wall -Wwrite-strings -Wc++-compat -Wstrict-prototypes -pedantic  -fpic ../.././../gcc/gcc-195953/libiberty/xmalloc.c -o pic/xmalloc.o; \
	else true; fi
gcc-4.7 -g -O2   -I. -I../.././../gdb/gdb-7.5.1/gdb -I../.././../gdb/gdb-7.5.1/gdb/common -I../.././../gdb/gdb-7.5.1/gdb/config -DLOCALEDIR="\"/home/sparksco/android/arm-linux-androideabi/share/locale\"" -DHAVE_CONFIG_H -I../.././../gdb/gdb-7.5.1/gdb/../include/opcode -I../.././../gdb/gdb-7.5.1/gdb/../opcodes/.. -I../.././../gdb/gdb-7.5.1/gdb/../readline/.. -I../bfd -I../.././../gdb/gdb-7.5.1/gdb/../bfd -I../.././../gdb/gdb-7.5.1/gdb/../include -I../libdecnumber -I../.././../gdb/gdb-7.5.1/gdb/../libdecnumber  -I../.././../gdb/gdb-7.5.1/gdb/gnulib/import -Ibuild-gnulib/import   -DTUI=1 -I/home/sparksco/android/toolchain/aosp/build/temp-install/include  -Wall -Wdeclaration-after-statement -Wpointer-arith -Wformat-nonliteral -Wno-pointer-sign -Wno-unused -Wunused-value -Wunused-function -Wno-switch -Wno-char-subscripts -Wmissing-prototypes -Wdeclaration-after-statement  -c -o gdbtypes.o -MT gdbtypes.o -MMD -MP -MF .deps/gdbtypes.Tpo ../.././../gdb/gdb-7.5.1/gdb/gdbtypes.c
if [ x"-fpic" != x ]; then \
	  gcc-4.7 -c -DHAVE_CONFIG_H -g -O2  -I. -I../.././../gcc/gcc-195953/libiberty/../include  -W -Wall -Wwrite-strings -Wc++-compat -Wstrict-prototypes -pedantic  -fpic ../.././../gcc/gcc-195953/libiberty/xmemdup.c -o pic/xmemdup.o; \
	else true; fi
gcc-4.7 -g -O2   -I. -I../.././../gdb/gdb-7.5.1/gdb -I../.././../gdb/gdb-7.5.1/gdb/common -I../.././../gdb/gdb-7.5.1/gdb/config -DLOCALEDIR="\"/home/sparksco/android/arm-linux-androideabi/share/locale\"" -DHAVE_CONFIG_H -I../.././../gdb/gdb-7.5.1/gdb/../include/opcode -I../.././../gdb/gdb-7.5.1/gdb/../opcodes/.. -I../.././../gdb/gdb-7.5.1/gdb/../readline/.. -I../bfd -I../.././../gdb/gdb-7.5.1/gdb/../bfd -I../.././../gdb/gdb-7.5.1/gdb/../include -I../libdecnumber -I../.././../gdb/gdb-7.5.1/gdb/../libdecnumber  -I../.././../gdb/gdb-7.5.1/gdb/gnulib/import -Ibuild-gnulib/import   -DTUI=1 -I/home/sparksco/android/toolchain/aosp/build/temp-install/include  -Wall -Wdeclaration-after-statement -Wpointer-arith -Wformat-nonliteral -Wno-pointer-sign -Wno-unused -Wunused-value -Wunused-function -Wno-switch -Wno-char-subscripts -Wmissing-prototypes -Wdeclaration-after-statement  -c -o osabi.o -MT osabi.o -MMD -MP -MF .deps/osabi.Tpo ../.././../gdb/gdb-7.5.1/gdb/osabi.c
echo timestamp > full-stamp
if [ x"-fpic" != x ]; then \
	  gcc-4.7 -c -DHAVE_CONFIG_H -g -O2  -I. -I../.././../gcc/gcc-195953/libiberty/../include  -W -Wall -Wwrite-strings -Wc++-compat -Wstrict-prototypes -pedantic  -fpic ../.././../gcc/gcc-195953/libiberty/xstrdup.c -o pic/xstrdup.o; \
	else true; fi
make[3]: Leaving directory `/home/sparksco/android/toolchain/aosp/build/gcc-195953/build-x86_64-linux-gnu/fixincludes'
if [ x"-fpic" != x ]; then \
	  gcc-4.7 -c -DHAVE_CONFIG_H -g -O2  -I. -I../.././../gcc/gcc-195953/libiberty/../include  -W -Wall -Wwrite-strings -Wc++-compat -Wstrict-prototypes -pedantic  -fpic ../.././../gcc/gcc-195953/libiberty/xstrerror.c -o pic/xstrerror.o; \
	else true; fi
yes
checking fcntl.h presence... gcc-4.7 -c -DHAVE_CONFIG_H -g -O2  -I. -I../.././../gcc/gcc-195953/libiberty/../include  -W -Wall -Wwrite-strings -Wc++-compat -Wstrict-prototypes -pedantic  ../.././../gcc/gcc-195953/libiberty/xmemdup.c -o xmemdup.o
gcc-4.7 -c -DHAVE_CONFIG_H -g -O2  -I. -I../.././../gcc/gcc-195953/libiberty/../include  -W -Wall -Wwrite-strings -Wc++-compat -Wstrict-prototypes -pedantic  ../.././../gcc/gcc-195953/libiberty/xmalloc.c -o xmalloc.o
yes
checking for fcntl.h... yes
gcc-4.7 -c -DHAVE_CONFIG_H -g -O2  -I. -I../.././../gcc/gcc-195953/libiberty/../include  -W -Wall -Wwrite-strings -Wc++-compat -Wstrict-prototypes -pedantic  ../.././../gcc/gcc-195953/libiberty/xstrdup.c -o xstrdup.o
gcc-4.7 -c -DHAVE_CONFIG_H -g -O2  -I. -I../.././../gcc/gcc-195953/libiberty/../include  -W -Wall -Wwrite-strings -Wc++-compat -Wstrict-prototypes -pedantic  ../.././../gcc/gcc-195953/libiberty/xstrerror.c -o xstrerror.o
if [ x"-fpic" != x ]; then \
	  gcc-4.7 -c -DHAVE_CONFIG_H -g -O2  -I. -I../.././../gcc/gcc-195953/libiberty/../include  -W -Wall -Wwrite-strings -Wc++-compat -Wstrict-prototypes -pedantic  -fpic ../.././../gcc/gcc-195953/libiberty/xstrndup.c -o pic/xstrndup.o; \
	else true; fi
checking limits.h usability... if [ x"-fpic" != x ]; then \
	  gcc-4.7 -c -DHAVE_CONFIG_H -g -O2  -I. -I../.././../gcc/gcc-195953/libiberty/../include  -W -Wall -Wwrite-strings -Wc++-compat -Wstrict-prototypes -pedantic  -fpic ../.././../gcc/gcc-195953/libiberty/setproctitle.c -o pic/setproctitle.o; \
	else true; fi
echo ./regex.o ./cplus-dem.o ./cp-demangle.o ./md5.o ./sha1.o ./alloca.o ./argv.o ./choose-temp.o ./concat.o ./cp-demint.o ./crc32.o ./dwarfnames.o ./dyn-string.o ./fdmatch.o ./fibheap.o ./filename_cmp.o ./floatformat.o ./fnmatch.o ./fopen_unlocked.o ./getopt.o ./getopt1.o ./getpwd.o ./getruntime.o ./hashtab.o ./hex.o ./lbasename.o ./lrealpath.o ./make-relative-prefix.o ./make-temp-file.o ./objalloc.o ./obstack.o ./partition.o ./pexecute.o ./physmem.o ./pex-common.o ./pex-one.o ./pex-unix.o ./safe-ctype.o ./simple-object.o ./simple-object-coff.o ./simple-object-elf.o ./simple-object-mach-o.o ./simple-object-xcoff.o ./sort.o ./spaces.o ./splay-tree.o ./stack-limit.o ./strerror.o ./strsignal.o ./timeval-utils.o ./unlink-if-ordinary.o ./xatexit.o ./xexit.o ./xmalloc.o ./xmemdup.o ./xstrdup.o ./xstrerror.o ./xstrndup.o > required-list
if [ x"-fpic" != x ]; then \
	  gcc-4.7 -c -DHAVE_CONFIG_H -g -O2  -I. -I../.././../gcc/gcc-195953/libiberty/../include  -W -Wall -Wwrite-strings -Wc++-compat -Wstrict-prototypes -pedantic  -fpic ../.././../gcc/gcc-195953/libiberty/regex.c -o pic/regex.o; \
	else true; fi
make[4]: Entering directory `/home/sparksco/android/toolchain/aosp/build/gcc-195953/libiberty/testsuite'
make[4]: Nothing to be done for `all'.
make[4]: Leaving directory `/home/sparksco/android/toolchain/aosp/build/gcc-195953/libiberty/testsuite'
if [ x"-fpic" != x ]; then \
	  gcc-4.7 -c -DHAVE_CONFIG_H -g -O2  -I. -I../.././../gcc/gcc-195953/libiberty/../include  -W -Wall -Wwrite-strings -Wc++-compat -Wstrict-prototypes -pedantic  -fpic ../.././../gcc/gcc-195953/libiberty/cplus-dem.c -o pic/cplus-dem.o; \
	else true; fi
if [ x"-fpic" != x ]; then \
	  gcc-4.7 -c -DHAVE_CONFIG_H -g -O2  -I. -I../.././../gcc/gcc-195953/libiberty/../include  -W -Wall -Wwrite-strings -Wc++-compat -Wstrict-prototypes -pedantic  -fpic ../.././../gcc/gcc-195953/libiberty/cp-demangle.c -o pic/cp-demangle.o; \
	else true; fi
gcc-4.7 -c -DHAVE_CONFIG_H -g -O2  -I. -I../.././../gcc/gcc-195953/libiberty/../include  -W -Wall -Wwrite-strings -Wc++-compat -Wstrict-prototypes -pedantic  ../.././../gcc/gcc-195953/libiberty/xstrndup.c -o xstrndup.o
gcc-4.7 -c -DHAVE_CONFIG_H -g -O2  -I. -I../.././../gcc/gcc-195953/libiberty/../include  -W -Wall -Wwrite-strings -Wc++-compat -Wstrict-prototypes -pedantic  ../.././../gcc/gcc-195953/libiberty/setproctitle.c -o setproctitle.o
yes
checking limits.h presence... yes
checking for limits.h... yes
if [ x"-fpic" != x ]; then \
	  gcc-4.7 -c -DHAVE_CONFIG_H -g -O2  -I. -I../.././../gcc/gcc-195953/libiberty/../include  -W -Wall -Wwrite-strings -Wc++-compat -Wstrict-prototypes -pedantic  -fpic ../.././../gcc/gcc-195953/libiberty/md5.c -o pic/md5.o; \
	else true; fi
checking stddef.h usability... if [ x"-fpic" != x ]; then \
	  gcc-4.7 -c -DHAVE_CONFIG_H -g -O2  -I. -I../.././../gcc/gcc-195953/libiberty/../include  -W -Wall -Wwrite-strings -Wc++-compat -Wstrict-prototypes -pedantic  -fpic ../.././../gcc/gcc-195953/libiberty/sha1.c -o pic/sha1.o; \
gcc-4.7 -g -O2   -I. -I../.././../gdb/gdb-7.5.1/gdb -I../.././../gdb/gdb-7.5.1/gdb/common -I../.././../gdb/gdb-7.5.1/gdb/config -DLOCALEDIR="\"/home/sparksco/android/arm-linux-androideabi/share/locale\"" -DHAVE_CONFIG_H -I../.././../gdb/gdb-7.5.1/gdb/../include/opcode -I../.././../gdb/gdb-7.5.1/gdb/../opcodes/.. -I../.././../gdb/gdb-7.5.1/gdb/../readline/.. -I../bfd -I../.././../gdb/gdb-7.5.1/gdb/../bfd -I../.././../gdb/gdb-7.5.1/gdb/../include -I../libdecnumber -I../.././../gdb/gdb-7.5.1/gdb/../libdecnumber  -I../.././../gdb/gdb-7.5.1/gdb/gnulib/import -Ibuild-gnulib/import   -DTUI=1 -I/home/sparksco/android/toolchain/aosp/build/temp-install/include  -Wall -Wdeclaration-after-statement -Wpointer-arith -Wformat-nonliteral -Wno-pointer-sign -Wno-unused -Wunused-value -Wunused-function -Wno-switch -Wno-char-subscripts -Wmissing-prototypes -Wdeclaration-after-statement  -c -o copying.o -MT copying.o -MMD -MP -MF .deps/copying.Tpo ../.././../gdb/gdb-7.5.1/gdb/copying.c
	else true; fi
yes
checking stddef.h presence... yes
checking for stddef.h... yes
gcc-4.7 -g -O2   -I. -I../.././../gdb/gdb-7.5.1/gdb -I../.././../gdb/gdb-7.5.1/gdb/common -I../.././../gdb/gdb-7.5.1/gdb/config -DLOCALEDIR="\"/home/sparksco/android/arm-linux-androideabi/share/locale\"" -DHAVE_CONFIG_H -I../.././../gdb/gdb-7.5.1/gdb/../include/opcode -I../.././../gdb/gdb-7.5.1/gdb/../opcodes/.. -I../.././../gdb/gdb-7.5.1/gdb/../readline/.. -I../bfd -I../.././../gdb/gdb-7.5.1/gdb/../bfd -I../.././../gdb/gdb-7.5.1/gdb/../include -I../libdecnumber -I../.././../gdb/gdb-7.5.1/gdb/../libdecnumber  -I../.././../gdb/gdb-7.5.1/gdb/gnulib/import -Ibuild-gnulib/import   -DTUI=1 -I/home/sparksco/android/toolchain/aosp/build/temp-install/include  -Wall -Wdeclaration-after-statement -Wpointer-arith -Wformat-nonliteral -Wno-pointer-sign -Wno-unused -Wunused-value -Wunused-function -Wno-switch -Wno-char-subscripts -Wmissing-prototypes -Wdeclaration-after-statement  -c -o memattr.o -MT memattr.o -MMD -MP -MF .deps/memattr.Tpo ../.././../gdb/gdb-7.5.1/gdb/memattr.c
checking for stdlib.h... (cached) yes
checking for strings.h... (cached) yes
gcc-4.7 -c -DHAVE_CONFIG_H -g -O2  -I. -I../.././../gcc/gcc-195953/libiberty/../include  -W -Wall -Wwrite-strings -Wc++-compat -Wstrict-prototypes -pedantic  ../.././../gcc/gcc-195953/libiberty/md5.c -o md5.o
checking for string.h... (cached) yes
if [ x"-fpic" != x ]; then \
	  gcc-4.7 -c -DHAVE_CONFIG_H -g -O2  -I. -I../.././../gcc/gcc-195953/libiberty/../include  -W -Wall -Wwrite-strings -Wc++-compat -Wstrict-prototypes -pedantic  -fpic ../.././../gcc/gcc-195953/libiberty/alloca.c -o pic/alloca.o; \
	else true; fi
checking sys/file.h usability... gcc-4.7 -c -DHAVE_CONFIG_H -g -O2  -I. -I../.././../gcc/gcc-195953/libiberty/../include  -W -Wall -Wwrite-strings -Wc++-compat -Wstrict-prototypes -pedantic  ../.././../gcc/gcc-195953/libiberty/alloca.c -o alloca.o
yes
checking sys/file.h presence... gcc-4.7 -g -O2   -I. -I../.././../gdb/gdb-7.5.1/gdb -I../.././../gdb/gdb-7.5.1/gdb/common -I../.././../gdb/gdb-7.5.1/gdb/config -DLOCALEDIR="\"/home/sparksco/android/arm-linux-androideabi/share/locale\"" -DHAVE_CONFIG_H -I../.././../gdb/gdb-7.5.1/gdb/../include/opcode -I../.././../gdb/gdb-7.5.1/gdb/../opcodes/.. -I../.././../gdb/gdb-7.5.1/gdb/../readline/.. -I../bfd -I../.././../gdb/gdb-7.5.1/gdb/../bfd -I../.././../gdb/gdb-7.5.1/gdb/../include -I../libdecnumber -I../.././../gdb/gdb-7.5.1/gdb/../libdecnumber  -I../.././../gdb/gdb-7.5.1/gdb/gnulib/import -Ibuild-gnulib/import   -DTUI=1 -I/home/sparksco/android/toolchain/aosp/build/temp-install/include  -Wall -Wdeclaration-after-statement -Wpointer-arith -Wformat-nonliteral -Wno-pointer-sign -Wno-unused -Wunused-value -Wunused-function -Wno-switch -Wno-char-subscripts -Wmissing-prototypes -Wdeclaration-after-statement  -c -o mem-break.o -MT mem-break.o -MMD -MP -MF .deps/mem-break.Tpo ../.././../gdb/gdb-7.5.1/gdb/mem-break.c
gcc-4.7 -g -O2   -I. -I../.././../gdb/gdb-7.5.1/gdb -I../.././../gdb/gdb-7.5.1/gdb/common -I../.././../gdb/gdb-7.5.1/gdb/config -DLOCALEDIR="\"/home/sparksco/android/arm-linux-androideabi/share/locale\"" -DHAVE_CONFIG_H -I../.././../gdb/gdb-7.5.1/gdb/../include/opcode -I../.././../gdb/gdb-7.5.1/gdb/../opcodes/.. -I../.././../gdb/gdb-7.5.1/gdb/../readline/.. -I../bfd -I../.././../gdb/gdb-7.5.1/gdb/../bfd -I../.././../gdb/gdb-7.5.1/gdb/../include -I../libdecnumber -I../.././../gdb/gdb-7.5.1/gdb/../libdecnumber  -I../.././../gdb/gdb-7.5.1/gdb/gnulib/import -Ibuild-gnulib/import   -DTUI=1 -I/home/sparksco/android/toolchain/aosp/build/temp-install/include  -Wall -Wdeclaration-after-statement -Wpointer-arith -Wformat-nonliteral -Wno-pointer-sign -Wno-unused -Wunused-value -Wunused-function -Wno-switch -Wno-char-subscripts -Wmissing-prototypes -Wdeclaration-after-statement  -c -o target.o -MT target.o -MMD -MP -MF .deps/target.Tpo ../.././../gdb/gdb-7.5.1/gdb/target.c
yes
checking for sys/file.h... yes
gcc-4.7 -c -DHAVE_CONFIG_H -g -O2  -I. -I../.././../gcc/gcc-195953/libiberty/../include  -W -Wall -Wwrite-strings -Wc++-compat -Wstrict-prototypes -pedantic  ../.././../gcc/gcc-195953/libiberty/sha1.c -o sha1.o
checking for unistd.h... (cached) yes
gcc-4.7 -g -O2   -I. -I../.././../gdb/gdb-7.5.1/gdb -I../.././../gdb/gdb-7.5.1/gdb/common -I../.././../gdb/gdb-7.5.1/gdb/config -DLOCALEDIR="\"/home/sparksco/android/arm-linux-androideabi/share/locale\"" -DHAVE_CONFIG_H -I../.././../gdb/gdb-7.5.1/gdb/../include/opcode -I../.././../gdb/gdb-7.5.1/gdb/../opcodes/.. -I../.././../gdb/gdb-7.5.1/gdb/../readline/.. -I../bfd -I../.././../gdb/gdb-7.5.1/gdb/../bfd -I../.././../gdb/gdb-7.5.1/gdb/../include -I../libdecnumber -I../.././../gdb/gdb-7.5.1/gdb/../libdecnumber  -I../.././../gdb/gdb-7.5.1/gdb/gnulib/import -Ibuild-gnulib/import   -DTUI=1 -I/home/sparksco/android/toolchain/aosp/build/temp-install/include  -Wall -Wdeclaration-after-statement -Wpointer-arith -Wformat-nonliteral -Wno-pointer-sign -Wno-unused -Wunused-value -Wunused-function -Wno-switch -Wno-char-subscripts -Wmissing-prototypes -Wdeclaration-after-statement  -c -o parse.o -MT parse.o -MMD -MP -MF .deps/parse.Tpo ../.././../gdb/gdb-7.5.1/gdb/parse.c
checking whether byte ordering is bigendian... gcc-4.7 -g -O2   -I. -I../.././../gdb/gdb-7.5.1/gdb -I../.././../gdb/gdb-7.5.1/gdb/common -I../.././../gdb/gdb-7.5.1/gdb/config -DLOCALEDIR="\"/home/sparksco/android/arm-linux-androideabi/share/locale\"" -DHAVE_CONFIG_H -I../.././../gdb/gdb-7.5.1/gdb/../include/opcode -I../.././../gdb/gdb-7.5.1/gdb/../opcodes/.. -I../.././../gdb/gdb-7.5.1/gdb/../readline/.. -I../bfd -I../.././../gdb/gdb-7.5.1/gdb/../bfd -I../.././../gdb/gdb-7.5.1/gdb/../include -I../libdecnumber -I../.././../gdb/gdb-7.5.1/gdb/../libdecnumber  -I../.././../gdb/gdb-7.5.1/gdb/gnulib/import -Ibuild-gnulib/import   -DTUI=1 -I/home/sparksco/android/toolchain/aosp/build/temp-install/include  -Wall -Wdeclaration-after-statement -Wpointer-arith -Wformat-nonliteral -Wno-pointer-sign -Wno-unused -Wunused-value -Wunused-function -Wno-switch -Wno-char-subscripts -Wmissing-prototypes -Wdeclaration-after-statement  -c -o language.o -MT language.o -MMD -MP -MF .deps/language.Tpo ../.././../gdb/gdb-7.5.1/gdb/language.c
gcc-4.7 -g -O2   -I. -I../.././../gdb/gdb-7.5.1/gdb -I../.././../gdb/gdb-7.5.1/gdb/common -I../.././../gdb/gdb-7.5.1/gdb/config -DLOCALEDIR="\"/home/sparksco/android/arm-linux-androideabi/share/locale\"" -DHAVE_CONFIG_H -I../.././../gdb/gdb-7.5.1/gdb/../include/opcode -I../.././../gdb/gdb-7.5.1/gdb/../opcodes/.. -I../.././../gdb/gdb-7.5.1/gdb/../readline/.. -I../bfd -I../.././../gdb/gdb-7.5.1/gdb/../bfd -I../.././../gdb/gdb-7.5.1/gdb/../include -I../libdecnumber -I../.././../gdb/gdb-7.5.1/gdb/../libdecnumber  -I../.././../gdb/gdb-7.5.1/gdb/gnulib/import -Ibuild-gnulib/import   -DTUI=1 -I/home/sparksco/android/toolchain/aosp/build/temp-install/include  -Wall -Wdeclaration-after-statement -Wpointer-arith -Wformat-nonliteral -Wno-pointer-sign -Wno-unused -Wunused-value -Wunused-function -Wno-switch -Wno-char-subscripts -Wmissing-prototypes -Wdeclaration-after-statement  -c -o buildsym.o -MT buildsym.o -MMD -MP -MF .deps/buildsym.Tpo ../.././../gdb/gdb-7.5.1/gdb/buildsym.c
no
checking for an ANSI C-conforming const... if [ x"-fpic" != x ]; then \
	  gcc-4.7 -c -DHAVE_CONFIG_H -g -O2  -I. -I../.././../gcc/gcc-195953/libiberty/../include  -W -Wall -Wwrite-strings -Wc++-compat -Wstrict-prototypes -pedantic  -fpic ../.././../gcc/gcc-195953/libiberty/argv.c -o pic/argv.o; \
	else true; fi
yes
checking for inline... gcc-4.7 -c -DHAVE_CONFIG_H -g -O2  -I. -I../.././../gcc/gcc-195953/libiberty/../include  -W -Wall -Wwrite-strings -Wc++-compat -Wstrict-prototypes -pedantic  ../.././../gcc/gcc-195953/libiberty/cplus-dem.c -o cplus-dem.o
if [ x"-fpic" != x ]; then \
	  gcc-4.7 -c -DHAVE_CONFIG_H -g -O2  -I. -I../.././../gcc/gcc-195953/libiberty/../include  -W -Wall -Wwrite-strings -Wc++-compat -Wstrict-prototypes -pedantic  -fpic ../.././../gcc/gcc-195953/libiberty/choose-temp.c -o pic/choose-temp.o; \
	else true; fi
inline
checking for obstacks... gcc-4.7 -c -DHAVE_CONFIG_H -g -O2  -I. -I../.././../gcc/gcc-195953/libiberty/../include  -W -Wall -Wwrite-strings -Wc++-compat -Wstrict-prototypes -pedantic  ../.././../gcc/gcc-195953/libiberty/choose-temp.c -o choose-temp.o
if [ x"-fpic" != x ]; then \
	  gcc-4.7 -c -DHAVE_CONFIG_H -g -O2  -I. -I../.././../gcc/gcc-195953/libiberty/../include  -W -Wall -Wwrite-strings -Wc++-compat -Wstrict-prototypes -pedantic  -fpic ../.././../gcc/gcc-195953/libiberty/concat.c -o pic/concat.o; \
	else true; fi
gcc-4.7 -c -DHAVE_CONFIG_H -g -O2  -I. -I../.././../gcc/gcc-195953/libiberty/../include  -W -Wall -Wwrite-strings -Wc++-compat -Wstrict-prototypes -pedantic  ../.././../gcc/gcc-195953/libiberty/argv.c -o argv.o
gcc-4.7 -g -O2   -I. -I../.././../gdb/gdb-7.5.1/gdb -I../.././../gdb/gdb-7.5.1/gdb/common -I../.././../gdb/gdb-7.5.1/gdb/config -DLOCALEDIR="\"/home/sparksco/android/arm-linux-androideabi/share/locale\"" -DHAVE_CONFIG_H -I../.././../gdb/gdb-7.5.1/gdb/../include/opcode -I../.././../gdb/gdb-7.5.1/gdb/../opcodes/.. -I../.././../gdb/gdb-7.5.1/gdb/../readline/.. -I../bfd -I../.././../gdb/gdb-7.5.1/gdb/../bfd -I../.././../gdb/gdb-7.5.1/gdb/../include -I../libdecnumber -I../.././../gdb/gdb-7.5.1/gdb/../libdecnumber  -I../.././../gdb/gdb-7.5.1/gdb/gnulib/import -Ibuild-gnulib/import   -DTUI=1 -I/home/sparksco/android/toolchain/aosp/build/temp-install/include  -Wall -Wdeclaration-after-statement -Wpointer-arith -Wformat-nonliteral -Wno-pointer-sign -Wno-unused -Wunused-value -Wunused-function -Wno-switch -Wno-char-subscripts -Wmissing-prototypes -Wdeclaration-after-statement  -c -o findcmd.o -MT findcmd.o -MMD -MP -MF .deps/findcmd.Tpo ../.././../gdb/gdb-7.5.1/gdb/findcmd.c
yes
checking for off_t... if [ x"-fpic" != x ]; then \
	  gcc-4.7 -c -DHAVE_CONFIG_H -g -O2  -I. -I../.././../gcc/gcc-195953/libiberty/../include  -W -Wall -Wwrite-strings -Wc++-compat -Wstrict-prototypes -pedantic  -fpic ../.././../gcc/gcc-195953/libiberty/cp-demint.c -o pic/cp-demint.o; \
	else true; fi
if [ x"-fpic" != x ]; then \
	  gcc-4.7 -c -DHAVE_CONFIG_H -g -O2  -I. -I../.././../gcc/gcc-195953/libiberty/../include  -W -Wall -Wwrite-strings -Wc++-compat -Wstrict-prototypes -pedantic  -fpic ../.././../gcc/gcc-195953/libiberty/crc32.c -o pic/crc32.o; \
	else true; fi
gcc-4.7 -c -DHAVE_CONFIG_H -g -O2  -I. -I../.././../gcc/gcc-195953/libiberty/../include  -W -Wall -Wwrite-strings -Wc++-compat -Wstrict-prototypes -pedantic  ../.././../gcc/gcc-195953/libiberty/concat.c -o concat.o
gcc-4.7 -g -O2   -I. -I../.././../gdb/gdb-7.5.1/gdb -I../.././../gdb/gdb-7.5.1/gdb/common -I../.././../gdb/gdb-7.5.1/gdb/config -DLOCALEDIR="\"/home/sparksco/android/arm-linux-androideabi/share/locale\"" -DHAVE_CONFIG_H -I../.././../gdb/gdb-7.5.1/gdb/../include/opcode -I../.././../gdb/gdb-7.5.1/gdb/../opcodes/.. -I../.././../gdb/gdb-7.5.1/gdb/../readline/.. -I../bfd -I../.././../gdb/gdb-7.5.1/gdb/../bfd -I../.././../gdb/gdb-7.5.1/gdb/../include -I../libdecnumber -I../.././../gdb/gdb-7.5.1/gdb/../libdecnumber  -I../.././../gdb/gdb-7.5.1/gdb/gnulib/import -Ibuild-gnulib/import   -DTUI=1 -I/home/sparksco/android/toolchain/aosp/build/temp-install/include  -Wall -Wdeclaration-after-statement -Wpointer-arith -Wformat-nonliteral -Wno-pointer-sign -Wno-unused -Wunused-value -Wunused-function -Wno-switch -Wno-char-subscripts -Wmissing-prototypes -Wdeclaration-after-statement  -c -o std-regs.o -MT std-regs.o -MMD -MP -MF .deps/std-regs.Tpo ../.././../gdb/gdb-7.5.1/gdb/std-regs.c
gcc-4.7 -c -DHAVE_CONFIG_H -g -O2  -I. -I../.././../gcc/gcc-195953/libiberty/../include  -W -Wall -Wwrite-strings -Wc++-compat -Wstrict-prototypes -pedantic  ../.././../gcc/gcc-195953/libiberty/crc32.c -o crc32.o
gcc-4.7 -c -DHAVE_CONFIG_H -g -O2  -I. -I../.././../gcc/gcc-195953/libiberty/../include  -W -Wall -Wwrite-strings -Wc++-compat -Wstrict-prototypes -pedantic  ../.././../gcc/gcc-195953/libiberty/cp-demint.c -o cp-demint.o
gcc-4.7 -g -O2   -I. -I../.././../gdb/gdb-7.5.1/gdb -I../.././../gdb/gdb-7.5.1/gdb/common -I../.././../gdb/gdb-7.5.1/gdb/config -DLOCALEDIR="\"/home/sparksco/android/arm-linux-androideabi/share/locale\"" -DHAVE_CONFIG_H -I../.././../gdb/gdb-7.5.1/gdb/../include/opcode -I../.././../gdb/gdb-7.5.1/gdb/../opcodes/.. -I../.././../gdb/gdb-7.5.1/gdb/../readline/.. -I../bfd -I../.././../gdb/gdb-7.5.1/gdb/../bfd -I../.././../gdb/gdb-7.5.1/gdb/../include -I../libdecnumber -I../.././../gdb/gdb-7.5.1/gdb/../libdecnumber  -I../.././../gdb/gdb-7.5.1/gdb/gnulib/import -Ibuild-gnulib/import   -DTUI=1 -I/home/sparksco/android/toolchain/aosp/build/temp-install/include  -Wall -Wdeclaration-after-statement -Wpointer-arith -Wformat-nonliteral -Wno-pointer-sign -Wno-unused -Wunused-value -Wunused-function -Wno-switch -Wno-char-subscripts -Wmissing-prototypes -Wdeclaration-after-statement  -c -o signals.o -MT signals.o -MMD -MP -MF .deps/signals.Tpo ../.././../gdb/gdb-7.5.1/gdb/common/signals.c
gcc-4.7 -g -O2   -I. -I../.././../gdb/gdb-7.5.1/gdb -I../.././../gdb/gdb-7.5.1/gdb/common -I../.././../gdb/gdb-7.5.1/gdb/config -DLOCALEDIR="\"/home/sparksco/android/arm-linux-androideabi/share/locale\"" -DHAVE_CONFIG_H -I../.././../gdb/gdb-7.5.1/gdb/../include/opcode -I../.././../gdb/gdb-7.5.1/gdb/../opcodes/.. -I../.././../gdb/gdb-7.5.1/gdb/../readline/.. -I../bfd -I../.././../gdb/gdb-7.5.1/gdb/../bfd -I../.././../gdb/gdb-7.5.1/gdb/../include -I../libdecnumber -I../.././../gdb/gdb-7.5.1/gdb/../libdecnumber  -I../.././../gdb/gdb-7.5.1/gdb/gnulib/import -Ibuild-gnulib/import   -DTUI=1 -I/home/sparksco/android/toolchain/aosp/build/temp-install/include  -Wall -Wdeclaration-after-statement -Wpointer-arith -Wformat-nonliteral -Wno-pointer-sign -Wno-unused -Wunused-value -Wunused-function -Wno-switch -Wno-char-subscripts -Wmissing-prototypes -Wdeclaration-after-statement  -c -o exec.o -MT exec.o -MMD -MP -MF .deps/exec.Tpo ../.././../gdb/gdb-7.5.1/gdb/exec.c
yes
checking for size_t... gcc-4.7 -g -O2   -I. -I../.././../gdb/gdb-7.5.1/gdb -I../.././../gdb/gdb-7.5.1/gdb/common -I../.././../gdb/gdb-7.5.1/gdb/config -DLOCALEDIR="\"/home/sparksco/android/arm-linux-androideabi/share/locale\"" -DHAVE_CONFIG_H -I../.././../gdb/gdb-7.5.1/gdb/../include/opcode -I../.././../gdb/gdb-7.5.1/gdb/../opcodes/.. -I../.././../gdb/gdb-7.5.1/gdb/../readline/.. -I../bfd -I../.././../gdb/gdb-7.5.1/gdb/../bfd -I../.././../gdb/gdb-7.5.1/gdb/../include -I../libdecnumber -I../.././../gdb/gdb-7.5.1/gdb/../libdecnumber  -I../.././../gdb/gdb-7.5.1/gdb/gnulib/import -Ibuild-gnulib/import   -DTUI=1 -I/home/sparksco/android/toolchain/aosp/build/temp-install/include  -Wall -Wdeclaration-after-statement -Wpointer-arith -Wformat-nonliteral -Wno-pointer-sign -Wno-unused -Wunused-value -Wunused-function -Wno-switch -Wno-char-subscripts -Wmissing-prototypes -Wdeclaration-after-statement  -c -o reverse.o -MT reverse.o -MMD -MP -MF .deps/reverse.Tpo ../.././../gdb/gdb-7.5.1/gdb/reverse.c
gcc-4.7 -g -O2   -I. -I../.././../gdb/gdb-7.5.1/gdb -I../.././../gdb/gdb-7.5.1/gdb/common -I../.././../gdb/gdb-7.5.1/gdb/config -DLOCALEDIR="\"/home/sparksco/android/arm-linux-androideabi/share/locale\"" -DHAVE_CONFIG_H -I../.././../gdb/gdb-7.5.1/gdb/../include/opcode -I../.././../gdb/gdb-7.5.1/gdb/../opcodes/.. -I../.././../gdb/gdb-7.5.1/gdb/../readline/.. -I../bfd -I../.././../gdb/gdb-7.5.1/gdb/../bfd -I../.././../gdb/gdb-7.5.1/gdb/../include -I../libdecnumber -I../.././../gdb/gdb-7.5.1/gdb/../libdecnumber  -I../.././../gdb/gdb-7.5.1/gdb/gnulib/import -Ibuild-gnulib/import   -DTUI=1 -I/home/sparksco/android/toolchain/aosp/build/temp-install/include  -Wall -Wdeclaration-after-statement -Wpointer-arith -Wformat-nonliteral -Wno-pointer-sign -Wno-unused -Wunused-value -Wunused-function -Wno-switch -Wno-char-subscripts -Wmissing-prototypes -Wdeclaration-after-statement  -c -o bcache.o -MT bcache.o -MMD -MP -MF .deps/bcache.Tpo ../.././../gdb/gdb-7.5.1/gdb/bcache.c
gcc-4.7 -g -O2   -I. -I../.././../gdb/gdb-7.5.1/gdb -I../.././../gdb/gdb-7.5.1/gdb/common -I../.././../gdb/gdb-7.5.1/gdb/config -DLOCALEDIR="\"/home/sparksco/android/arm-linux-androideabi/share/locale\"" -DHAVE_CONFIG_H -I../.././../gdb/gdb-7.5.1/gdb/../include/opcode -I../.././../gdb/gdb-7.5.1/gdb/../opcodes/.. -I../.././../gdb/gdb-7.5.1/gdb/../readline/.. -I../bfd -I../.././../gdb/gdb-7.5.1/gdb/../bfd -I../.././../gdb/gdb-7.5.1/gdb/../include -I../libdecnumber -I../.././../gdb/gdb-7.5.1/gdb/../libdecnumber  -I../.././../gdb/gdb-7.5.1/gdb/gnulib/import -Ibuild-gnulib/import   -DTUI=1 -I/home/sparksco/android/toolchain/aosp/build/temp-install/include  -Wall -Wdeclaration-after-statement -Wpointer-arith -Wformat-nonliteral -Wno-pointer-sign -Wno-unused -Wunused-value -Wunused-function -Wno-switch -Wno-char-subscripts -Wmissing-prototypes -Wdeclaration-after-statement  -c -o objfiles.o -MT objfiles.o -MMD -MP -MF .deps/objfiles.Tpo ../.././../gdb/gdb-7.5.1/gdb/objfiles.c
gcc-4.7 -g -O2   -I. -I../.././../gdb/gdb-7.5.1/gdb -I../.././../gdb/gdb-7.5.1/gdb/common -I../.././../gdb/gdb-7.5.1/gdb/config -DLOCALEDIR="\"/home/sparksco/android/arm-linux-androideabi/share/locale\"" -DHAVE_CONFIG_H -I../.././../gdb/gdb-7.5.1/gdb/../include/opcode -I../.././../gdb/gdb-7.5.1/gdb/../opcodes/.. -I../.././../gdb/gdb-7.5.1/gdb/../readline/.. -I../bfd -I../.././../gdb/gdb-7.5.1/gdb/../bfd -I../.././../gdb/gdb-7.5.1/gdb/../include -I../libdecnumber -I../.././../gdb/gdb-7.5.1/gdb/../libdecnumber  -I../.././../gdb/gdb-7.5.1/gdb/gnulib/import -Ibuild-gnulib/import   -DTUI=1 -I/home/sparksco/android/toolchain/aosp/build/temp-install/include  -Wall -Wdeclaration-after-statement -Wpointer-arith -Wformat-nonliteral -Wno-pointer-sign -Wno-unused -Wunused-value -Wunused-function -Wno-switch -Wno-char-subscripts -Wmissing-prototypes -Wdeclaration-after-statement  -c -o observer.o -MT observer.o -MMD -MP -MF .deps/observer.Tpo ../.././../gdb/gdb-7.5.1/gdb/observer.c
gcc-4.7 -c -DHAVE_CONFIG_H -g -O2  -I. -I../.././../gcc/gcc-195953/libiberty/../include  -W -Wall -Wwrite-strings -Wc++-compat -Wstrict-prototypes -pedantic  ../.././../gcc/gcc-195953/libiberty/cp-demangle.c -o cp-demangle.o
yes
checking for ssize_t... gcc-4.7 -g -O2   -I. -I../.././../gdb/gdb-7.5.1/gdb -I../.././../gdb/gdb-7.5.1/gdb/common -I../.././../gdb/gdb-7.5.1/gdb/config -DLOCALEDIR="\"/home/sparksco/android/arm-linux-androideabi/share/locale\"" -DHAVE_CONFIG_H -I../.././../gdb/gdb-7.5.1/gdb/../include/opcode -I../.././../gdb/gdb-7.5.1/gdb/../opcodes/.. -I../.././../gdb/gdb-7.5.1/gdb/../readline/.. -I../bfd -I../.././../gdb/gdb-7.5.1/gdb/../bfd -I../.././../gdb/gdb-7.5.1/gdb/../include -I../libdecnumber -I../.././../gdb/gdb-7.5.1/gdb/../libdecnumber  -I../.././../gdb/gdb-7.5.1/gdb/gnulib/import -Ibuild-gnulib/import   -DTUI=1 -I/home/sparksco/android/toolchain/aosp/build/temp-install/include  -Wall -Wdeclaration-after-statement -Wpointer-arith -Wformat-nonliteral -Wno-pointer-sign -Wno-unused -Wunused-value -Wunused-function -Wno-switch -Wno-char-subscripts -Wmissing-prototypes -Wdeclaration-after-statement  -c -o minsyms.o -MT minsyms.o -MMD -MP -MF .deps/minsyms.Tpo ../.././../gdb/gdb-7.5.1/gdb/minsyms.c
gcc-4.7 -g -O2   -I. -I../.././../gdb/gdb-7.5.1/gdb -I../.././../gdb/gdb-7.5.1/gdb/common -I../.././../gdb/gdb-7.5.1/gdb/config -DLOCALEDIR="\"/home/sparksco/android/arm-linux-androideabi/share/locale\"" -DHAVE_CONFIG_H -I../.././../gdb/gdb-7.5.1/gdb/../include/opcode -I../.././../gdb/gdb-7.5.1/gdb/../opcodes/.. -I../.././../gdb/gdb-7.5.1/gdb/../readline/.. -I../bfd -I../.././../gdb/gdb-7.5.1/gdb/../bfd -I../.././../gdb/gdb-7.5.1/gdb/../include -I../libdecnumber -I../.././../gdb/gdb-7.5.1/gdb/../libdecnumber  -I../.././../gdb/gdb-7.5.1/gdb/gnulib/import -Ibuild-gnulib/import   -DTUI=1 -I/home/sparksco/android/toolchain/aosp/build/temp-install/include  -Wall -Wdeclaration-after-statement -Wpointer-arith -Wformat-nonliteral -Wno-pointer-sign -Wno-unused -Wunused-value -Wunused-function -Wno-switch -Wno-char-subscripts -Wmissing-prototypes -Wdeclaration-after-statement  -c -o maint.o -MT maint.o -MMD -MP -MF .deps/maint.Tpo ../.././../gdb/gdb-7.5.1/gdb/maint.c
yes
checking for uintptr_t... gcc-4.7 -c -DHAVE_CONFIG_H -g -O2  -I. -I../.././../gcc/gcc-195953/libiberty/../include  -W -Wall -Wwrite-strings -Wc++-compat -Wstrict-prototypes -pedantic  ../.././../gcc/gcc-195953/libiberty/regex.c -o regex.o
gcc-4.7 -g -O2   -I. -I../.././../gdb/gdb-7.5.1/gdb -I../.././../gdb/gdb-7.5.1/gdb/common -I../.././../gdb/gdb-7.5.1/gdb/config -DLOCALEDIR="\"/home/sparksco/android/arm-linux-androideabi/share/locale\"" -DHAVE_CONFIG_H -I../.././../gdb/gdb-7.5.1/gdb/../include/opcode -I../.././../gdb/gdb-7.5.1/gdb/../opcodes/.. -I../.././../gdb/gdb-7.5.1/gdb/../readline/.. -I../bfd -I../.././../gdb/gdb-7.5.1/gdb/../bfd -I../.././../gdb/gdb-7.5.1/gdb/../include -I../libdecnumber -I../.././../gdb/gdb-7.5.1/gdb/../libdecnumber  -I../.././../gdb/gdb-7.5.1/gdb/gnulib/import -Ibuild-gnulib/import   -DTUI=1 -I/home/sparksco/android/toolchain/aosp/build/temp-install/include  -Wall -Wdeclaration-after-statement -Wpointer-arith -Wformat-nonliteral -Wno-pointer-sign -Wno-unused -Wunused-value -Wunused-function -Wno-switch -Wno-char-subscripts -Wmissing-prototypes -Wdeclaration-after-statement  -c -o demangle.o -MT demangle.o -MMD -MP -MF .deps/demangle.Tpo ../.././../gdb/gdb-7.5.1/gdb/demangle.c
gcc-4.7 -g -O2   -I. -I../.././../gdb/gdb-7.5.1/gdb -I../.././../gdb/gdb-7.5.1/gdb/common -I../.././../gdb/gdb-7.5.1/gdb/config -DLOCALEDIR="\"/home/sparksco/android/arm-linux-androideabi/share/locale\"" -DHAVE_CONFIG_H -I../.././../gdb/gdb-7.5.1/gdb/../include/opcode -I../.././../gdb/gdb-7.5.1/gdb/../opcodes/.. -I../.././../gdb/gdb-7.5.1/gdb/../readline/.. -I../bfd -I../.././../gdb/gdb-7.5.1/gdb/../bfd -I../.././../gdb/gdb-7.5.1/gdb/../include -I../libdecnumber -I../.././../gdb/gdb-7.5.1/gdb/../libdecnumber  -I../.././../gdb/gdb-7.5.1/gdb/gnulib/import -Ibuild-gnulib/import   -DTUI=1 -I/home/sparksco/android/toolchain/aosp/build/temp-install/include  -Wall -Wdeclaration-after-statement -Wpointer-arith -Wformat-nonliteral -Wno-pointer-sign -Wno-unused -Wunused-value -Wunused-function -Wno-switch -Wno-char-subscripts -Wmissing-prototypes -Wdeclaration-after-statement  -c -o dbxread.o -MT dbxread.o -MMD -MP -MF .deps/dbxread.Tpo ../.././../gdb/gdb-7.5.1/gdb/dbxread.c
yes
checking for ptrdiff_t... gcc-4.7 -g -O2   -I. -I../.././../gdb/gdb-7.5.1/gdb -I../.././../gdb/gdb-7.5.1/gdb/common -I../.././../gdb/gdb-7.5.1/gdb/config -DLOCALEDIR="\"/home/sparksco/android/arm-linux-androideabi/share/locale\"" -DHAVE_CONFIG_H -I../.././../gdb/gdb-7.5.1/gdb/../include/opcode -I../.././../gdb/gdb-7.5.1/gdb/../opcodes/.. -I../.././../gdb/gdb-7.5.1/gdb/../readline/.. -I../bfd -I../.././../gdb/gdb-7.5.1/gdb/../bfd -I../.././../gdb/gdb-7.5.1/gdb/../include -I../libdecnumber -I../.././../gdb/gdb-7.5.1/gdb/../libdecnumber  -I../.././../gdb/gdb-7.5.1/gdb/gnulib/import -Ibuild-gnulib/import   -DTUI=1 -I/home/sparksco/android/toolchain/aosp/build/temp-install/include  -Wall -Wdeclaration-after-statement -Wpointer-arith -Wformat-nonliteral -Wno-pointer-sign -Wno-unused -Wunused-value -Wunused-function -Wno-switch -Wno-char-subscripts -Wmissing-prototypes -Wdeclaration-after-statement  -c -o coffread.o -MT coffread.o -MMD -MP -MF .deps/coffread.Tpo ../.././../gdb/gdb-7.5.1/gdb/coffread.c
gcc-4.7 -g -O2   -I. -I../.././../gdb/gdb-7.5.1/gdb -I../.././../gdb/gdb-7.5.1/gdb/common -I../.././../gdb/gdb-7.5.1/gdb/config -DLOCALEDIR="\"/home/sparksco/android/arm-linux-androideabi/share/locale\"" -DHAVE_CONFIG_H -I../.././../gdb/gdb-7.5.1/gdb/../include/opcode -I../.././../gdb/gdb-7.5.1/gdb/../opcodes/.. -I../.././../gdb/gdb-7.5.1/gdb/../readline/.. -I../bfd -I../.././../gdb/gdb-7.5.1/gdb/../bfd -I../.././../gdb/gdb-7.5.1/gdb/../include -I../libdecnumber -I../.././../gdb/gdb-7.5.1/gdb/../libdecnumber  -I../.././../gdb/gdb-7.5.1/gdb/gnulib/import -Ibuild-gnulib/import   -DTUI=1 -I/home/sparksco/android/toolchain/aosp/build/temp-install/include  -Wall -Wdeclaration-after-statement -Wpointer-arith -Wformat-nonliteral -Wno-pointer-sign -Wno-unused -Wunused-value -Wunused-function -Wno-switch -Wno-char-subscripts -Wmissing-prototypes -Wdeclaration-after-statement  -c -o coff-pe-read.o -MT coff-pe-read.o -MMD -MP -MF .deps/coff-pe-read.Tpo ../.././../gdb/gdb-7.5.1/gdb/coff-pe-read.c
yes
checking whether struct tm is in sys/time.h or time.h... gcc-4.7 -g -O2   -I. -I../.././../gdb/gdb-7.5.1/gdb -I../.././../gdb/gdb-7.5.1/gdb/common -I../.././../gdb/gdb-7.5.1/gdb/config -DLOCALEDIR="\"/home/sparksco/android/arm-linux-androideabi/share/locale\"" -DHAVE_CONFIG_H -I../.././../gdb/gdb-7.5.1/gdb/../include/opcode -I../.././../gdb/gdb-7.5.1/gdb/../opcodes/.. -I../.././../gdb/gdb-7.5.1/gdb/../readline/.. -I../bfd -I../.././../gdb/gdb-7.5.1/gdb/../bfd -I../.././../gdb/gdb-7.5.1/gdb/../include -I../libdecnumber -I../.././../gdb/gdb-7.5.1/gdb/../libdecnumber  -I../.././../gdb/gdb-7.5.1/gdb/gnulib/import -Ibuild-gnulib/import   -DTUI=1 -I/home/sparksco/android/toolchain/aosp/build/temp-install/include  -Wall -Wdeclaration-after-statement -Wpointer-arith -Wformat-nonliteral -Wno-pointer-sign -Wno-unused -Wunused-value -Wunused-function -Wno-switch -Wno-char-subscripts -Wmissing-prototypes -Wdeclaration-after-statement  -c -o dwarf2read.o -MT dwarf2read.o -MMD -MP -MF .deps/dwarf2read.Tpo ../.././../gdb/gdb-7.5.1/gdb/dwarf2read.c
gcc-4.7 -g -O2   -I. -I../.././../gdb/gdb-7.5.1/gdb -I../.././../gdb/gdb-7.5.1/gdb/common -I../.././../gdb/gdb-7.5.1/gdb/config -DLOCALEDIR="\"/home/sparksco/android/arm-linux-androideabi/share/locale\"" -DHAVE_CONFIG_H -I../.././../gdb/gdb-7.5.1/gdb/../include/opcode -I../.././../gdb/gdb-7.5.1/gdb/../opcodes/.. -I../.././../gdb/gdb-7.5.1/gdb/../readline/.. -I../bfd -I../.././../gdb/gdb-7.5.1/gdb/../bfd -I../.././../gdb/gdb-7.5.1/gdb/../include -I../libdecnumber -I../.././../gdb/gdb-7.5.1/gdb/../libdecnumber  -I../.././../gdb/gdb-7.5.1/gdb/gnulib/import -Ibuild-gnulib/import   -DTUI=1 -I/home/sparksco/android/toolchain/aosp/build/temp-install/include  -Wall -Wdeclaration-after-statement -Wpointer-arith -Wformat-nonliteral -Wno-pointer-sign -Wno-unused -Wunused-value -Wunused-function -Wno-switch -Wno-char-subscripts -Wmissing-prototypes -Wdeclaration-after-statement  -c -o mipsread.o -MT mipsread.o -MMD -MP -MF .deps/mipsread.Tpo ../.././../gdb/gdb-7.5.1/gdb/mipsread.c
gcc-4.7 -g -O2   -I. -I../.././../gdb/gdb-7.5.1/gdb -I../.././../gdb/gdb-7.5.1/gdb/common -I../.././../gdb/gdb-7.5.1/gdb/config -DLOCALEDIR="\"/home/sparksco/android/arm-linux-androideabi/share/locale\"" -DHAVE_CONFIG_H -I../.././../gdb/gdb-7.5.1/gdb/../include/opcode -I../.././../gdb/gdb-7.5.1/gdb/../opcodes/.. -I../.././../gdb/gdb-7.5.1/gdb/../readline/.. -I../bfd -I../.././../gdb/gdb-7.5.1/gdb/../bfd -I../.././../gdb/gdb-7.5.1/gdb/../include -I../libdecnumber -I../.././../gdb/gdb-7.5.1/gdb/../libdecnumber  -I../.././../gdb/gdb-7.5.1/gdb/gnulib/import -Ibuild-gnulib/import   -DTUI=1 -I/home/sparksco/android/toolchain/aosp/build/temp-install/include  -Wall -Wdeclaration-after-statement -Wpointer-arith -Wformat-nonliteral -Wno-pointer-sign -Wno-unused -Wunused-value -Wunused-function -Wno-switch -Wno-char-subscripts -Wmissing-prototypes -Wdeclaration-after-statement  -c -o stabsread.o -MT stabsread.o -MMD -MP -MF .deps/stabsread.Tpo ../.././../gdb/gdb-7.5.1/gdb/stabsread.c
time.h
checking size of int... gcc-4.7 -g -O2   -I. -I../.././../gdb/gdb-7.5.1/gdb -I../.././../gdb/gdb-7.5.1/gdb/common -I../.././../gdb/gdb-7.5.1/gdb/config -DLOCALEDIR="\"/home/sparksco/android/arm-linux-androideabi/share/locale\"" -DHAVE_CONFIG_H -I../.././../gdb/gdb-7.5.1/gdb/../include/opcode -I../.././../gdb/gdb-7.5.1/gdb/../opcodes/.. -I../.././../gdb/gdb-7.5.1/gdb/../readline/.. -I../bfd -I../.././../gdb/gdb-7.5.1/gdb/../bfd -I../.././../gdb/gdb-7.5.1/gdb/../include -I../libdecnumber -I../.././../gdb/gdb-7.5.1/gdb/../libdecnumber  -I../.././../gdb/gdb-7.5.1/gdb/gnulib/import -Ibuild-gnulib/import   -DTUI=1 -I/home/sparksco/android/toolchain/aosp/build/temp-install/include  -Wall -Wdeclaration-after-statement -Wpointer-arith -Wformat-nonliteral -Wno-pointer-sign -Wno-unused -Wunused-value -Wunused-function -Wno-switch -Wno-char-subscripts -Wmissing-prototypes -Wdeclaration-after-statement  -c -o corefile.o -MT corefile.o -MMD -MP -MF .deps/corefile.Tpo ../.././../gdb/gdb-7.5.1/gdb/corefile.c
gcc-4.7 -g -O2   -I. -I../.././../gdb/gdb-7.5.1/gdb -I../.././../gdb/gdb-7.5.1/gdb/common -I../.././../gdb/gdb-7.5.1/gdb/config -DLOCALEDIR="\"/home/sparksco/android/arm-linux-androideabi/share/locale\"" -DHAVE_CONFIG_H -I../.././../gdb/gdb-7.5.1/gdb/../include/opcode -I../.././../gdb/gdb-7.5.1/gdb/../opcodes/.. -I../.././../gdb/gdb-7.5.1/gdb/../readline/.. -I../bfd -I../.././../gdb/gdb-7.5.1/gdb/../bfd -I../.././../gdb/gdb-7.5.1/gdb/../include -I../libdecnumber -I../.././../gdb/gdb-7.5.1/gdb/../libdecnumber  -I../.././../gdb/gdb-7.5.1/gdb/gnulib/import -Ibuild-gnulib/import   -DTUI=1 -I/home/sparksco/android/toolchain/aosp/build/temp-install/include  -Wall -Wdeclaration-after-statement -Wpointer-arith -Wformat-nonliteral -Wno-pointer-sign -Wno-unused -Wunused-value -Wunused-function -Wno-switch -Wno-char-subscripts -Wmissing-prototypes -Wdeclaration-after-statement  -c -o dwarf2expr.o -MT dwarf2expr.o -MMD -MP -MF .deps/dwarf2expr.Tpo ../.././../gdb/gdb-7.5.1/gdb/dwarf2expr.c
4
checking size of long... gcc-4.7 -g -O2   -I. -I../.././../gdb/gdb-7.5.1/gdb -I../.././../gdb/gdb-7.5.1/gdb/common -I../.././../gdb/gdb-7.5.1/gdb/config -DLOCALEDIR="\"/home/sparksco/android/arm-linux-androideabi/share/locale\"" -DHAVE_CONFIG_H -I../.././../gdb/gdb-7.5.1/gdb/../include/opcode -I../.././../gdb/gdb-7.5.1/gdb/../opcodes/.. -I../.././../gdb/gdb-7.5.1/gdb/../readline/.. -I../bfd -I../.././../gdb/gdb-7.5.1/gdb/../bfd -I../.././../gdb/gdb-7.5.1/gdb/../include -I../libdecnumber -I../.././../gdb/gdb-7.5.1/gdb/../libdecnumber  -I../.././../gdb/gdb-7.5.1/gdb/gnulib/import -Ibuild-gnulib/import   -DTUI=1 -I/home/sparksco/android/toolchain/aosp/build/temp-install/include  -Wall -Wdeclaration-after-statement -Wpointer-arith -Wformat-nonliteral -Wno-pointer-sign -Wno-unused -Wunused-value -Wunused-function -Wno-switch -Wno-char-subscripts -Wmissing-prototypes -Wdeclaration-after-statement  -c -o dwarf2loc.o -MT dwarf2loc.o -MMD -MP -MF .deps/dwarf2loc.Tpo ../.././../gdb/gdb-7.5.1/gdb/dwarf2loc.c
8
checking for clearerr_unlocked... gcc-4.7 -g -O2   -I. -I../.././../gdb/gdb-7.5.1/gdb -I../.././../gdb/gdb-7.5.1/gdb/common -I../.././../gdb/gdb-7.5.1/gdb/config -DLOCALEDIR="\"/home/sparksco/android/arm-linux-androideabi/share/locale\"" -DHAVE_CONFIG_H -I../.././../gdb/gdb-7.5.1/gdb/../include/opcode -I../.././../gdb/gdb-7.5.1/gdb/../opcodes/.. -I../.././../gdb/gdb-7.5.1/gdb/../readline/.. -I../bfd -I../.././../gdb/gdb-7.5.1/gdb/../bfd -I../.././../gdb/gdb-7.5.1/gdb/../include -I../libdecnumber -I../.././../gdb/gdb-7.5.1/gdb/../libdecnumber  -I../.././../gdb/gdb-7.5.1/gdb/gnulib/import -Ibuild-gnulib/import   -DTUI=1 -I/home/sparksco/android/toolchain/aosp/build/temp-install/include  -Wall -Wdeclaration-after-statement -Wpointer-arith -Wformat-nonliteral -Wno-pointer-sign -Wno-unused -Wunused-value -Wunused-function -Wno-switch -Wno-char-subscripts -Wmissing-prototypes -Wdeclaration-after-statement  -c -o dwarf2-frame.o -MT dwarf2-frame.o -MMD -MP -MF .deps/dwarf2-frame.Tpo ../.././../gdb/gdb-7.5.1/gdb/dwarf2-frame.c
yes
gcc-4.7 -g -O2   -I. -I../.././../gdb/gdb-7.5.1/gdb -I../.././../gdb/gdb-7.5.1/gdb/common -I../.././../gdb/gdb-7.5.1/gdb/config -DLOCALEDIR="\"/home/sparksco/android/arm-linux-androideabi/share/locale\"" -DHAVE_CONFIG_H -I../.././../gdb/gdb-7.5.1/gdb/../include/opcode -I../.././../gdb/gdb-7.5.1/gdb/../opcodes/.. -I../.././../gdb/gdb-7.5.1/gdb/../readline/.. -I../bfd -I../.././../gdb/gdb-7.5.1/gdb/../bfd -I../.././../gdb/gdb-7.5.1/gdb/../include -I../libdecnumber -I../.././../gdb/gdb-7.5.1/gdb/../libdecnumber  -I../.././../gdb/gdb-7.5.1/gdb/gnulib/import -Ibuild-gnulib/import   -DTUI=1 -I/home/sparksco/android/toolchain/aosp/build/temp-install/include  -Wall -Wdeclaration-after-statement -Wpointer-arith -Wformat-nonliteral -Wno-pointer-sign -Wno-unused -Wunused-value -Wunused-function -Wno-switch -Wno-char-subscripts -Wmissing-prototypes -Wdeclaration-after-statement  -c -o dwarf2-frame-tailcall.o -MT dwarf2-frame-tailcall.o -MMD -MP -MF .deps/dwarf2-frame-tailcall.Tpo ../.././../gdb/gdb-7.5.1/gdb/dwarf2-frame-tailcall.c
checking for feof_unlocked... gcc-4.7 -g -O2   -I. -I../.././../gdb/gdb-7.5.1/gdb -I../.././../gdb/gdb-7.5.1/gdb/common -I../.././../gdb/gdb-7.5.1/gdb/config -DLOCALEDIR="\"/home/sparksco/android/arm-linux-androideabi/share/locale\"" -DHAVE_CONFIG_H -I../.././../gdb/gdb-7.5.1/gdb/../include/opcode -I../.././../gdb/gdb-7.5.1/gdb/../opcodes/.. -I../.././../gdb/gdb-7.5.1/gdb/../readline/.. -I../bfd -I../.././../gdb/gdb-7.5.1/gdb/../bfd -I../.././../gdb/gdb-7.5.1/gdb/../include -I../libdecnumber -I../.././../gdb/gdb-7.5.1/gdb/../libdecnumber  -I../.././../gdb/gdb-7.5.1/gdb/gnulib/import -Ibuild-gnulib/import   -DTUI=1 -I/home/sparksco/android/toolchain/aosp/build/temp-install/include  -Wall -Wdeclaration-after-statement -Wpointer-arith -Wformat-nonliteral -Wno-pointer-sign -Wno-unused -Wunused-value -Wunused-function -Wno-switch -Wno-char-subscripts -Wmissing-prototypes -Wdeclaration-after-statement  -c -o ada-lang.o -MT ada-lang.o -MMD -MP -MF .deps/ada-lang.Tpo ../.././../gdb/gdb-7.5.1/gdb/ada-lang.c
yes
checking for ferror_unlocked... gcc-4.7 -g -O2   -I. -I../.././../gdb/gdb-7.5.1/gdb -I../.././../gdb/gdb-7.5.1/gdb/common -I../.././../gdb/gdb-7.5.1/gdb/config -DLOCALEDIR="\"/home/sparksco/android/arm-linux-androideabi/share/locale\"" -DHAVE_CONFIG_H -I../.././../gdb/gdb-7.5.1/gdb/../include/opcode -I../.././../gdb/gdb-7.5.1/gdb/../opcodes/.. -I../.././../gdb/gdb-7.5.1/gdb/../readline/.. -I../bfd -I../.././../gdb/gdb-7.5.1/gdb/../bfd -I../.././../gdb/gdb-7.5.1/gdb/../include -I../libdecnumber -I../.././../gdb/gdb-7.5.1/gdb/../libdecnumber  -I../.././../gdb/gdb-7.5.1/gdb/gnulib/import -Ibuild-gnulib/import   -DTUI=1 -I/home/sparksco/android/toolchain/aosp/build/temp-install/include  -Wall -Wdeclaration-after-statement -Wpointer-arith -Wformat-nonliteral -Wno-pointer-sign -Wno-unused -Wunused-value -Wunused-function -Wno-switch -Wno-char-subscripts -Wmissing-prototypes -Wdeclaration-after-statement  -c -o c-lang.o -MT c-lang.o -MMD -MP -MF .deps/c-lang.Tpo ../.././../gdb/gdb-7.5.1/gdb/c-lang.c
gcc-4.7 -g -O2   -I. -I../.././../gdb/gdb-7.5.1/gdb -I../.././../gdb/gdb-7.5.1/gdb/common -I../.././../gdb/gdb-7.5.1/gdb/config -DLOCALEDIR="\"/home/sparksco/android/arm-linux-androideabi/share/locale\"" -DHAVE_CONFIG_H -I../.././../gdb/gdb-7.5.1/gdb/../include/opcode -I../.././../gdb/gdb-7.5.1/gdb/../opcodes/.. -I../.././../gdb/gdb-7.5.1/gdb/../readline/.. -I../bfd -I../.././../gdb/gdb-7.5.1/gdb/../bfd -I../.././../gdb/gdb-7.5.1/gdb/../include -I../libdecnumber -I../.././../gdb/gdb-7.5.1/gdb/../libdecnumber  -I../.././../gdb/gdb-7.5.1/gdb/gnulib/import -Ibuild-gnulib/import   -DTUI=1 -I/home/sparksco/android/toolchain/aosp/build/temp-install/include  -Wall -Wdeclaration-after-statement -Wpointer-arith -Wformat-nonliteral -Wno-pointer-sign -Wno-unused -Wunused-value -Wunused-function -Wno-switch -Wno-char-subscripts -Wmissing-prototypes -Wdeclaration-after-statement  -c -o d-lang.o -MT d-lang.o -MMD -MP -MF .deps/d-lang.Tpo ../.././../gdb/gdb-7.5.1/gdb/d-lang.c
yes
checking for fflush_unlocked... yes
gcc-4.7 -g -O2   -I. -I../.././../gdb/gdb-7.5.1/gdb -I../.././../gdb/gdb-7.5.1/gdb/common -I../.././../gdb/gdb-7.5.1/gdb/config -DLOCALEDIR="\"/home/sparksco/android/arm-linux-androideabi/share/locale\"" -DHAVE_CONFIG_H -I../.././../gdb/gdb-7.5.1/gdb/../include/opcode -I../.././../gdb/gdb-7.5.1/gdb/../opcodes/.. -I../.././../gdb/gdb-7.5.1/gdb/../readline/.. -I../bfd -I../.././../gdb/gdb-7.5.1/gdb/../bfd -I../.././../gdb/gdb-7.5.1/gdb/../include -I../libdecnumber -I../.././../gdb/gdb-7.5.1/gdb/../libdecnumber  -I../.././../gdb/gdb-7.5.1/gdb/gnulib/import -Ibuild-gnulib/import   -DTUI=1 -I/home/sparksco/android/toolchain/aosp/build/temp-install/include  -Wall -Wdeclaration-after-statement -Wpointer-arith -Wformat-nonliteral -Wno-pointer-sign -Wno-unused -Wunused-value -Wunused-function -Wno-switch -Wno-char-subscripts -Wmissing-prototypes -Wdeclaration-after-statement  -c -o f-lang.o -MT f-lang.o -MMD -MP -MF .deps/f-lang.Tpo ../.././../gdb/gdb-7.5.1/gdb/f-lang.c
checking for fgetc_unlocked... gcc-4.7 -g -O2   -I. -I../.././../gdb/gdb-7.5.1/gdb -I../.././../gdb/gdb-7.5.1/gdb/common -I../.././../gdb/gdb-7.5.1/gdb/config -DLOCALEDIR="\"/home/sparksco/android/arm-linux-androideabi/share/locale\"" -DHAVE_CONFIG_H -I../.././../gdb/gdb-7.5.1/gdb/../include/opcode -I../.././../gdb/gdb-7.5.1/gdb/../opcodes/.. -I../.././../gdb/gdb-7.5.1/gdb/../readline/.. -I../bfd -I../.././../gdb/gdb-7.5.1/gdb/../bfd -I../.././../gdb/gdb-7.5.1/gdb/../include -I../libdecnumber -I../.././../gdb/gdb-7.5.1/gdb/../libdecnumber  -I../.././../gdb/gdb-7.5.1/gdb/gnulib/import -Ibuild-gnulib/import   -DTUI=1 -I/home/sparksco/android/toolchain/aosp/build/temp-install/include  -Wall -Wdeclaration-after-statement -Wpointer-arith -Wformat-nonliteral -Wno-pointer-sign -Wno-unused -Wunused-value -Wunused-function -Wno-switch -Wno-char-subscripts -Wmissing-prototypes -Wdeclaration-after-statement  -c -o objc-lang.o -MT objc-lang.o -MMD -MP -MF .deps/objc-lang.Tpo ../.././../gdb/gdb-7.5.1/gdb/objc-lang.c
yes
gcc-4.7 -g -O2   -I. -I../.././../gdb/gdb-7.5.1/gdb -I../.././../gdb/gdb-7.5.1/gdb/common -I../.././../gdb/gdb-7.5.1/gdb/config -DLOCALEDIR="\"/home/sparksco/android/arm-linux-androideabi/share/locale\"" -DHAVE_CONFIG_H -I../.././../gdb/gdb-7.5.1/gdb/../include/opcode -I../.././../gdb/gdb-7.5.1/gdb/../opcodes/.. -I../.././../gdb/gdb-7.5.1/gdb/../readline/.. -I../bfd -I../.././../gdb/gdb-7.5.1/gdb/../bfd -I../.././../gdb/gdb-7.5.1/gdb/../include -I../libdecnumber -I../.././../gdb/gdb-7.5.1/gdb/../libdecnumber  -I../.././../gdb/gdb-7.5.1/gdb/gnulib/import -Ibuild-gnulib/import   -DTUI=1 -I/home/sparksco/android/toolchain/aosp/build/temp-install/include  -Wall -Wdeclaration-after-statement -Wpointer-arith -Wformat-nonliteral -Wno-pointer-sign -Wno-unused -Wunused-value -Wunused-function -Wno-switch -Wno-char-subscripts -Wmissing-prototypes -Wdeclaration-after-statement  -c -o ada-tasks.o -MT ada-tasks.o -MMD -MP -MF .deps/ada-tasks.Tpo ../.././../gdb/gdb-7.5.1/gdb/ada-tasks.c
checking for fgets_unlocked... gcc-4.7 -g -O2   -I. -I../.././../gdb/gdb-7.5.1/gdb -I../.././../gdb/gdb-7.5.1/gdb/common -I../.././../gdb/gdb-7.5.1/gdb/config -DLOCALEDIR="\"/home/sparksco/android/arm-linux-androideabi/share/locale\"" -DHAVE_CONFIG_H -I../.././../gdb/gdb-7.5.1/gdb/../include/opcode -I../.././../gdb/gdb-7.5.1/gdb/../opcodes/.. -I../.././../gdb/gdb-7.5.1/gdb/../readline/.. -I../bfd -I../.././../gdb/gdb-7.5.1/gdb/../bfd -I../.././../gdb/gdb-7.5.1/gdb/../include -I../libdecnumber -I../.././../gdb/gdb-7.5.1/gdb/../libdecnumber  -I../.././../gdb/gdb-7.5.1/gdb/gnulib/import -Ibuild-gnulib/import   -DTUI=1 -I/home/sparksco/android/toolchain/aosp/build/temp-install/include  -Wall -Wdeclaration-after-statement -Wpointer-arith -Wformat-nonliteral -Wno-pointer-sign -Wno-unused -Wunused-value -Wunused-function -Wno-switch -Wno-char-subscripts -Wmissing-prototypes -Wdeclaration-after-statement  -c -o ada-varobj.o -MT ada-varobj.o -MMD -MP -MF .deps/ada-varobj.Tpo ../.././../gdb/gdb-7.5.1/gdb/ada-varobj.c
yes
gcc-4.7 -g -O2   -I. -I../.././../gdb/gdb-7.5.1/gdb -I../.././../gdb/gdb-7.5.1/gdb/common -I../.././../gdb/gdb-7.5.1/gdb/config -DLOCALEDIR="\"/home/sparksco/android/arm-linux-androideabi/share/locale\"" -DHAVE_CONFIG_H -I../.././../gdb/gdb-7.5.1/gdb/../include/opcode -I../.././../gdb/gdb-7.5.1/gdb/../opcodes/.. -I../.././../gdb/gdb-7.5.1/gdb/../readline/.. -I../bfd -I../.././../gdb/gdb-7.5.1/gdb/../bfd -I../.././../gdb/gdb-7.5.1/gdb/../include -I../libdecnumber -I../.././../gdb/gdb-7.5.1/gdb/../libdecnumber  -I../.././../gdb/gdb-7.5.1/gdb/gnulib/import -Ibuild-gnulib/import   -DTUI=1 -I/home/sparksco/android/toolchain/aosp/build/temp-install/include  -Wall -Wdeclaration-after-statement -Wpointer-arith -Wformat-nonliteral -Wno-pointer-sign -Wno-unused -Wunused-value -Wunused-function -Wno-switch -Wno-char-subscripts -Wmissing-prototypes -Wdeclaration-after-statement  -c -o ui-out.o -MT ui-out.o -MMD -MP -MF .deps/ui-out.Tpo ../.././../gdb/gdb-7.5.1/gdb/ui-out.c
checking for fileno_unlocked... gcc-4.7 -g -O2   -I. -I../.././../gdb/gdb-7.5.1/gdb -I../.././../gdb/gdb-7.5.1/gdb/common -I../.././../gdb/gdb-7.5.1/gdb/config -DLOCALEDIR="\"/home/sparksco/android/arm-linux-androideabi/share/locale\"" -DHAVE_CONFIG_H -I../.././../gdb/gdb-7.5.1/gdb/../include/opcode -I../.././../gdb/gdb-7.5.1/gdb/../opcodes/.. -I../.././../gdb/gdb-7.5.1/gdb/../readline/.. -I../bfd -I../.././../gdb/gdb-7.5.1/gdb/../bfd -I../.././../gdb/gdb-7.5.1/gdb/../include -I../libdecnumber -I../.././../gdb/gdb-7.5.1/gdb/../libdecnumber  -I../.././../gdb/gdb-7.5.1/gdb/gnulib/import -Ibuild-gnulib/import   -DTUI=1 -I/home/sparksco/android/toolchain/aosp/build/temp-install/include  -Wall -Wdeclaration-after-statement -Wpointer-arith -Wformat-nonliteral -Wno-pointer-sign -Wno-unused -Wunused-value -Wunused-function -Wno-switch -Wno-char-subscripts -Wmissing-prototypes -Wdeclaration-after-statement  -c -o cli-out.o -MT cli-out.o -MMD -MP -MF .deps/cli-out.Tpo ../.././../gdb/gdb-7.5.1/gdb/cli-out.c
yes
rm -f ./libiberty.a pic/./libiberty.a
ar rc ./libiberty.a \
	  ./regex.o ./cplus-dem.o ./cp-demangle.o ./md5.o ./sha1.o ./alloca.o ./argv.o ./choose-temp.o ./concat.o ./cp-demint.o ./crc32.o ./dwarfnames.o ./dyn-string.o ./fdmatch.o ./fibheap.o ./filename_cmp.o ./floatformat.o ./fnmatch.o ./fopen_unlocked.o ./getopt.o ./getopt1.o ./getpwd.o ./getruntime.o ./hashtab.o ./hex.o ./lbasename.o ./lrealpath.o ./make-relative-prefix.o ./make-temp-file.o ./objalloc.o ./obstack.o ./partition.o ./pexecute.o ./physmem.o ./pex-common.o ./pex-one.o ./pex-unix.o ./safe-ctype.o ./simple-object.o ./simple-object-coff.o ./simple-object-elf.o ./simple-object-mach-o.o ./simple-object-xcoff.o ./sort.o ./spaces.o ./splay-tree.o ./stack-limit.o ./strerror.o ./strsignal.o ./timeval-utils.o ./unlink-if-ordinary.o ./xatexit.o ./xexit.o ./xmalloc.o ./xmemdup.o ./xstrdup.o ./xstrerror.o ./xstrndup.o  ./setproctitle.o
checking for fprintf_unlocked... gcc-4.7 -g -O2   -I. -I../.././../gdb/gdb-7.5.1/gdb -I../.././../gdb/gdb-7.5.1/gdb/common -I../.././../gdb/gdb-7.5.1/gdb/config -DLOCALEDIR="\"/home/sparksco/android/arm-linux-androideabi/share/locale\"" -DHAVE_CONFIG_H -I../.././../gdb/gdb-7.5.1/gdb/../include/opcode -I../.././../gdb/gdb-7.5.1/gdb/../opcodes/.. -I../.././../gdb/gdb-7.5.1/gdb/../readline/.. -I../bfd -I../.././../gdb/gdb-7.5.1/gdb/../bfd -I../.././../gdb/gdb-7.5.1/gdb/../include -I../libdecnumber -I../.././../gdb/gdb-7.5.1/gdb/../libdecnumber  -I../.././../gdb/gdb-7.5.1/gdb/gnulib/import -Ibuild-gnulib/import   -DTUI=1 -I/home/sparksco/android/toolchain/aosp/build/temp-install/include  -Wall -Wdeclaration-after-statement -Wpointer-arith -Wformat-nonliteral -Wno-pointer-sign -Wno-unused -Wunused-value -Wunused-function -Wno-switch -Wno-char-subscripts -Wmissing-prototypes -Wdeclaration-after-statement  -c -o varobj.o -MT varobj.o -MMD -MP -MF .deps/varobj.Tpo ../.././../gdb/gdb-7.5.1/gdb/varobj.c
ranlib ./libiberty.a
if [ x"-fpic" != x ]; then \
	  cd pic; \
	  ar rc ./libiberty.a \
	    ./regex.o ./cplus-dem.o ./cp-demangle.o ./md5.o ./sha1.o ./alloca.o ./argv.o ./choose-temp.o ./concat.o ./cp-demint.o ./crc32.o ./dwarfnames.o ./dyn-string.o ./fdmatch.o ./fibheap.o ./filename_cmp.o ./floatformat.o ./fnmatch.o ./fopen_unlocked.o ./getopt.o ./getopt1.o ./getpwd.o ./getruntime.o ./hashtab.o ./hex.o ./lbasename.o ./lrealpath.o ./make-relative-prefix.o ./make-temp-file.o ./objalloc.o ./obstack.o ./partition.o ./pexecute.o ./physmem.o ./pex-common.o ./pex-one.o ./pex-unix.o ./safe-ctype.o ./simple-object.o ./simple-object-coff.o ./simple-object-elf.o ./simple-object-mach-o.o ./simple-object-xcoff.o ./sort.o ./spaces.o ./splay-tree.o ./stack-limit.o ./strerror.o ./strsignal.o ./timeval-utils.o ./unlink-if-ordinary.o ./xatexit.o ./xexit.o ./xmalloc.o ./xmemdup.o ./xstrdup.o ./xstrerror.o ./xstrndup.o  ./setproctitle.o; \
	  ranlib ./libiberty.a; \
	  cd ..; \
	else true; fi
make[3]: Leaving directory `/home/sparksco/android/toolchain/aosp/build/gcc-195953/libiberty'
gcc-4.7 -g -O2   -I. -I../.././../gdb/gdb-7.5.1/gdb -I../.././../gdb/gdb-7.5.1/gdb/common -I../.././../gdb/gdb-7.5.1/gdb/config -DLOCALEDIR="\"/home/sparksco/android/arm-linux-androideabi/share/locale\"" -DHAVE_CONFIG_H -I../.././../gdb/gdb-7.5.1/gdb/../include/opcode -I../.././../gdb/gdb-7.5.1/gdb/../opcodes/.. -I../.././../gdb/gdb-7.5.1/gdb/../readline/.. -I../bfd -I../.././../gdb/gdb-7.5.1/gdb/../bfd -I../.././../gdb/gdb-7.5.1/gdb/../include -I../libdecnumber -I../.././../gdb/gdb-7.5.1/gdb/../libdecnumber  -I../.././../gdb/gdb-7.5.1/gdb/gnulib/import -Ibuild-gnulib/import   -DTUI=1 -I/home/sparksco/android/toolchain/aosp/build/temp-install/include  -Wall -Wdeclaration-after-statement -Wpointer-arith -Wformat-nonliteral -Wno-pointer-sign -Wno-unused -Wunused-value -Wunused-function -Wno-switch -Wno-char-subscripts -Wmissing-prototypes -Wdeclaration-after-statement  -c -o vec.o -MT vec.o -MMD -MP -MF .deps/vec.Tpo ../.././../gdb/gdb-7.5.1/gdb/common/vec.c
no
checking for fputc_unlocked... gcc-4.7 -g -O2   -I. -I../.././../gdb/gdb-7.5.1/gdb -I../.././../gdb/gdb-7.5.1/gdb/common -I../.././../gdb/gdb-7.5.1/gdb/config -DLOCALEDIR="\"/home/sparksco/android/arm-linux-androideabi/share/locale\"" -DHAVE_CONFIG_H -I../.././../gdb/gdb-7.5.1/gdb/../include/opcode -I../.././../gdb/gdb-7.5.1/gdb/../opcodes/.. -I../.././../gdb/gdb-7.5.1/gdb/../readline/.. -I../bfd -I../.././../gdb/gdb-7.5.1/gdb/../bfd -I../.././../gdb/gdb-7.5.1/gdb/../include -I../libdecnumber -I../.././../gdb/gdb-7.5.1/gdb/../libdecnumber  -I../.././../gdb/gdb-7.5.1/gdb/gnulib/import -Ibuild-gnulib/import   -DTUI=1 -I/home/sparksco/android/toolchain/aosp/build/temp-install/include  -Wall -Wdeclaration-after-statement -Wpointer-arith -Wformat-nonliteral -Wno-pointer-sign -Wno-unused -Wunused-value -Wunused-function -Wno-switch -Wno-char-subscripts -Wmissing-prototypes -Wdeclaration-after-statement  -c -o go-lang.o -MT go-lang.o -MMD -MP -MF .deps/go-lang.Tpo ../.././../gdb/gdb-7.5.1/gdb/go-lang.c
make[3]: Entering directory `/home/sparksco/android/toolchain/aosp/build/gcc-195953/lto-plugin'
make[3]: Entering directory `/home/sparksco/android/toolchain/aosp/build/gcc-195953/fixincludes'
gcc-4.7 -c -g -O2 -W -Wall -Wwrite-strings -Wstrict-prototypes -Wmissing-prototypes -Wold-style-definition -Wmissing-format-attribute -Wno-overlength-strings -pedantic -Wno-long-long   -DHAVE_CONFIG_H -I. -I../.././../gcc/gcc-195953/fixincludes -I../include -I../.././../gcc/gcc-195953/fixincludes/../include ../.././../gcc/gcc-195953/fixincludes/fixincl.c
make  all-am
make[4]: Entering directory `/home/sparksco/android/toolchain/aosp/build/gcc-195953/lto-plugin'
/bin/bash ./libtool --tag=CC --tag=disable-static  --mode=compile gcc-4.7 -DHAVE_CONFIG_H -I. -I../.././../gcc/gcc-195953/lto-plugin  -I../.././../gcc/gcc-195953/lto-plugin/../include -DHAVE_CONFIG_H  -Wall -g -O2 -c -o lto-plugin.lo ../.././../gcc/gcc-195953/lto-plugin/lto-plugin.c
yes
gcc-4.7 -g -O2   -I. -I../.././../gdb/gdb-7.5.1/gdb -I../.././../gdb/gdb-7.5.1/gdb/common -I../.././../gdb/gdb-7.5.1/gdb/config -DLOCALEDIR="\"/home/sparksco/android/arm-linux-androideabi/share/locale\"" -DHAVE_CONFIG_H -I../.././../gdb/gdb-7.5.1/gdb/../include/opcode -I../.././../gdb/gdb-7.5.1/gdb/../opcodes/.. -I../.././../gdb/gdb-7.5.1/gdb/../readline/.. -I../bfd -I../.././../gdb/gdb-7.5.1/gdb/../bfd -I../.././../gdb/gdb-7.5.1/gdb/../include -I../libdecnumber -I../.././../gdb/gdb-7.5.1/gdb/../libdecnumber  -I../.././../gdb/gdb-7.5.1/gdb/gnulib/import -Ibuild-gnulib/import   -DTUI=1 -I/home/sparksco/android/toolchain/aosp/build/temp-install/include  -Wall -Wdeclaration-after-statement -Wpointer-arith -Wformat-nonliteral -Wno-pointer-sign -Wno-unused -Wunused-value -Wunused-function -Wno-switch -Wno-char-subscripts -Wmissing-prototypes -Wdeclaration-after-statement  -c -o go-valprint.o -MT go-valprint.o -MMD -MP -MF .deps/go-valprint.Tpo ../.././../gdb/gdb-7.5.1/gdb/go-valprint.c
checking for fputs_unlocked... gcc-4.7 -g -O2   -I. -I../.././../gdb/gdb-7.5.1/gdb -I../.././../gdb/gdb-7.5.1/gdb/common -I../.././../gdb/gdb-7.5.1/gdb/config -DLOCALEDIR="\"/home/sparksco/android/arm-linux-androideabi/share/locale\"" -DHAVE_CONFIG_H -I../.././../gdb/gdb-7.5.1/gdb/../include/opcode -I../.././../gdb/gdb-7.5.1/gdb/../opcodes/.. -I../.././../gdb/gdb-7.5.1/gdb/../readline/.. -I../bfd -I../.././../gdb/gdb-7.5.1/gdb/../bfd -I../.././../gdb/gdb-7.5.1/gdb/../include -I../libdecnumber -I../.././../gdb/gdb-7.5.1/gdb/../libdecnumber  -I../.././../gdb/gdb-7.5.1/gdb/gnulib/import -Ibuild-gnulib/import   -DTUI=1 -I/home/sparksco/android/toolchain/aosp/build/temp-install/include  -Wall -Wdeclaration-after-statement -Wpointer-arith -Wformat-nonliteral -Wno-pointer-sign -Wno-unused -Wunused-value -Wunused-function -Wno-switch -Wno-char-subscripts -Wmissing-prototypes -Wdeclaration-after-statement  -c -o go-typeprint.o -MT go-typeprint.o -MMD -MP -MF .deps/go-typeprint.Tpo ../.././../gdb/gdb-7.5.1/gdb/go-typeprint.c
libtool: compile:  gcc-4.7 -DHAVE_CONFIG_H -I. -I../.././../gcc/gcc-195953/lto-plugin -I../.././../gcc/gcc-195953/lto-plugin/../include -DHAVE_CONFIG_H -Wall -g -O2 -c ../.././../gcc/gcc-195953/lto-plugin/lto-plugin.c  -fPIC -DPIC -o .libs/lto-plugin.o
yes
gcc-4.7 -g -O2   -I. -I../.././../gdb/gdb-7.5.1/gdb -I../.././../gdb/gdb-7.5.1/gdb/common -I../.././../gdb/gdb-7.5.1/gdb/config -DLOCALEDIR="\"/home/sparksco/android/arm-linux-androideabi/share/locale\"" -DHAVE_CONFIG_H -I../.././../gdb/gdb-7.5.1/gdb/../include/opcode -I../.././../gdb/gdb-7.5.1/gdb/../opcodes/.. -I../.././../gdb/gdb-7.5.1/gdb/../readline/.. -I../bfd -I../.././../gdb/gdb-7.5.1/gdb/../bfd -I../.././../gdb/gdb-7.5.1/gdb/../include -I../libdecnumber -I../.././../gdb/gdb-7.5.1/gdb/../libdecnumber  -I../.././../gdb/gdb-7.5.1/gdb/gnulib/import -Ibuild-gnulib/import   -DTUI=1 -I/home/sparksco/android/toolchain/aosp/build/temp-install/include  -Wall -Wdeclaration-after-statement -Wpointer-arith -Wformat-nonliteral -Wno-pointer-sign -Wno-unused -Wunused-value -Wunused-function -Wno-switch -Wno-char-subscripts -Wmissing-prototypes -Wdeclaration-after-statement  -c -o jv-lang.o -MT jv-lang.o -MMD -MP -MF .deps/jv-lang.Tpo ../.././../gdb/gdb-7.5.1/gdb/jv-lang.c
checking for fread_unlocked... gcc-4.7 -g -O2   -I. -I../.././../gdb/gdb-7.5.1/gdb -I../.././../gdb/gdb-7.5.1/gdb/common -I../.././../gdb/gdb-7.5.1/gdb/config -DLOCALEDIR="\"/home/sparksco/android/arm-linux-androideabi/share/locale\"" -DHAVE_CONFIG_H -I../.././../gdb/gdb-7.5.1/gdb/../include/opcode -I../.././../gdb/gdb-7.5.1/gdb/../opcodes/.. -I../.././../gdb/gdb-7.5.1/gdb/../readline/.. -I../bfd -I../.././../gdb/gdb-7.5.1/gdb/../bfd -I../.././../gdb/gdb-7.5.1/gdb/../include -I../libdecnumber -I../.././../gdb/gdb-7.5.1/gdb/../libdecnumber  -I../.././../gdb/gdb-7.5.1/gdb/gnulib/import -Ibuild-gnulib/import   -DTUI=1 -I/home/sparksco/android/toolchain/aosp/build/temp-install/include  -Wall -Wdeclaration-after-statement -Wpointer-arith -Wformat-nonliteral -Wno-pointer-sign -Wno-unused -Wunused-value -Wunused-function -Wno-switch -Wno-char-subscripts -Wmissing-prototypes -Wdeclaration-after-statement  -c -o jv-valprint.o -MT jv-valprint.o -MMD -MP -MF .deps/jv-valprint.Tpo ../.././../gdb/gdb-7.5.1/gdb/jv-valprint.c
gcc-4.7 -g -O2   -I. -I../.././../gdb/gdb-7.5.1/gdb -I../.././../gdb/gdb-7.5.1/gdb/common -I../.././../gdb/gdb-7.5.1/gdb/config -DLOCALEDIR="\"/home/sparksco/android/arm-linux-androideabi/share/locale\"" -DHAVE_CONFIG_H -I../.././../gdb/gdb-7.5.1/gdb/../include/opcode -I../.././../gdb/gdb-7.5.1/gdb/../opcodes/.. -I../.././../gdb/gdb-7.5.1/gdb/../readline/.. -I../bfd -I../.././../gdb/gdb-7.5.1/gdb/../bfd -I../.././../gdb/gdb-7.5.1/gdb/../include -I../libdecnumber -I../.././../gdb/gdb-7.5.1/gdb/../libdecnumber  -I../.././../gdb/gdb-7.5.1/gdb/gnulib/import -Ibuild-gnulib/import   -DTUI=1 -I/home/sparksco/android/toolchain/aosp/build/temp-install/include  -Wall -Wdeclaration-after-statement -Wpointer-arith -Wformat-nonliteral -Wno-pointer-sign -Wno-unused -Wunused-value -Wunused-function -Wno-switch -Wno-char-subscripts -Wmissing-prototypes -Wdeclaration-after-statement  -c -o jv-typeprint.o -MT jv-typeprint.o -MMD -MP -MF .deps/jv-typeprint.Tpo ../.././../gdb/gdb-7.5.1/gdb/jv-typeprint.c
gcc-4.7 -g -O2   -I. -I../.././../gdb/gdb-7.5.1/gdb -I../.././../gdb/gdb-7.5.1/gdb/common -I../.././../gdb/gdb-7.5.1/gdb/config -DLOCALEDIR="\"/home/sparksco/android/arm-linux-androideabi/share/locale\"" -DHAVE_CONFIG_H -I../.././../gdb/gdb-7.5.1/gdb/../include/opcode -I../.././../gdb/gdb-7.5.1/gdb/../opcodes/.. -I../.././../gdb/gdb-7.5.1/gdb/../readline/.. -I../bfd -I../.././../gdb/gdb-7.5.1/gdb/../bfd -I../.././../gdb/gdb-7.5.1/gdb/../include -I../libdecnumber -I../.././../gdb/gdb-7.5.1/gdb/../libdecnumber  -I../.././../gdb/gdb-7.5.1/gdb/gnulib/import -Ibuild-gnulib/import   -DTUI=1 -I/home/sparksco/android/toolchain/aosp/build/temp-install/include  -Wall -Wdeclaration-after-statement -Wpointer-arith -Wformat-nonliteral -Wno-pointer-sign -Wno-unused -Wunused-value -Wunused-function -Wno-switch -Wno-char-subscripts -Wmissing-prototypes -Wdeclaration-after-statement  -c -o m2-lang.o -MT m2-lang.o -MMD -MP -MF .deps/m2-lang.Tpo ../.././../gdb/gdb-7.5.1/gdb/m2-lang.c
yes
checking for fwrite_unlocked... gcc-4.7 -c -g -O2 -W -Wall -Wwrite-strings -Wstrict-prototypes -Wmissing-prototypes -Wold-style-definition -Wmissing-format-attribute -Wno-overlength-strings -pedantic -Wno-long-long   -DHAVE_CONFIG_H -I. -I../.././../gcc/gcc-195953/fixincludes -I../include -I../.././../gcc/gcc-195953/fixincludes/../include ../.././../gcc/gcc-195953/fixincludes/fixtests.c
/bin/bash ./libtool --tag=CC --tag=disable-static  --mode=link gcc-4.7 -Wall -g -O2  -module -bindir /home/sparksco/android/arm-linux-androideabi/libexec/gcc/arm-linux-androideabi/4.8.0  -static-libstdc++ -static-libgcc  -o liblto_plugin.la -rpath /home/sparksco/android/arm-linux-androideabi/libexec/gcc/arm-linux-androideabi/4.8.0 lto-plugin.lo -Wc,../libiberty/pic/libiberty.a 
gcc-4.7 -c -g -O2 -W -Wall -Wwrite-strings -Wstrict-prototypes -Wmissing-prototypes -Wold-style-definition -Wmissing-format-attribute -Wno-overlength-strings -pedantic -Wno-long-long   -DHAVE_CONFIG_H -I. -I../.././../gcc/gcc-195953/fixincludes -I../include -I../.././../gcc/gcc-195953/fixincludes/../include ../.././../gcc/gcc-195953/fixincludes/fixfixes.c
gcc-4.7 -g -O2   -I. -I../.././../gdb/gdb-7.5.1/gdb -I../.././../gdb/gdb-7.5.1/gdb/common -I../.././../gdb/gdb-7.5.1/gdb/config -DLOCALEDIR="\"/home/sparksco/android/arm-linux-androideabi/share/locale\"" -DHAVE_CONFIG_H -I../.././../gdb/gdb-7.5.1/gdb/../include/opcode -I../.././../gdb/gdb-7.5.1/gdb/../opcodes/.. -I../.././../gdb/gdb-7.5.1/gdb/../readline/.. -I../bfd -I../.././../gdb/gdb-7.5.1/gdb/../bfd -I../.././../gdb/gdb-7.5.1/gdb/../include -I../libdecnumber -I../.././../gdb/gdb-7.5.1/gdb/../libdecnumber  -I../.././../gdb/gdb-7.5.1/gdb/gnulib/import -Ibuild-gnulib/import   -DTUI=1 -I/home/sparksco/android/toolchain/aosp/build/temp-install/include  -Wall -Wdeclaration-after-statement -Wpointer-arith -Wformat-nonliteral -Wno-pointer-sign -Wno-unused -Wunused-value -Wunused-function -Wno-switch -Wno-char-subscripts -Wmissing-prototypes -Wdeclaration-after-statement  -c -o opencl-lang.o -MT opencl-lang.o -MMD -MP -MF .deps/opencl-lang.Tpo ../.././../gdb/gdb-7.5.1/gdb/opencl-lang.c
yes
gcc-4.7 -c -g -O2 -W -Wall -Wwrite-strings -Wstrict-prototypes -Wmissing-prototypes -Wold-style-definition -Wmissing-format-attribute -Wno-overlength-strings -pedantic -Wno-long-long   -DHAVE_CONFIG_H -I. -I../.././../gcc/gcc-195953/fixincludes -I../include -I../.././../gcc/gcc-195953/fixincludes/../include ../.././../gcc/gcc-195953/fixincludes/server.c
checking for getchar_unlocked... gcc-4.7 -g -O2   -I. -I../.././../gdb/gdb-7.5.1/gdb -I../.././../gdb/gdb-7.5.1/gdb/common -I../.././../gdb/gdb-7.5.1/gdb/config -DLOCALEDIR="\"/home/sparksco/android/arm-linux-androideabi/share/locale\"" -DHAVE_CONFIG_H -I../.././../gdb/gdb-7.5.1/gdb/../include/opcode -I../.././../gdb/gdb-7.5.1/gdb/../opcodes/.. -I../.././../gdb/gdb-7.5.1/gdb/../readline/.. -I../bfd -I../.././../gdb/gdb-7.5.1/gdb/../bfd -I../.././../gdb/gdb-7.5.1/gdb/../include -I../libdecnumber -I../.././../gdb/gdb-7.5.1/gdb/../libdecnumber  -I../.././../gdb/gdb-7.5.1/gdb/gnulib/import -Ibuild-gnulib/import   -DTUI=1 -I/home/sparksco/android/toolchain/aosp/build/temp-install/include  -Wall -Wdeclaration-after-statement -Wpointer-arith -Wformat-nonliteral -Wno-pointer-sign -Wno-unused -Wunused-value -Wunused-function -Wno-switch -Wno-char-subscripts -Wmissing-prototypes -Wdeclaration-after-statement  -c -o p-lang.o -MT p-lang.o -MMD -MP -MF .deps/p-lang.Tpo ../.././../gdb/gdb-7.5.1/gdb/p-lang.c
libtool: link: gcc-4.7 -shared  .libs/lto-plugin.o    ../libiberty/pic/libiberty.a   -Wl,-soname -Wl,liblto_plugin.so.0 -o .libs/liblto_plugin.so.0.0.0
../.././../gcc/gcc-195953/fixincludes/server.c: In function ‘server_setup’:
../.././../gcc/gcc-195953/fixincludes/server.c:195:10: warning: ignoring return value of ‘getcwd’, declared with attribute warn_unused_result [-Wunused-result]
yes
gcc-4.7 -c -g -O2 -W -Wall -Wwrite-strings -Wstrict-prototypes -Wmissing-prototypes -Wold-style-definition -Wmissing-format-attribute -Wno-overlength-strings -pedantic -Wno-long-long   -DHAVE_CONFIG_H -I. -I../.././../gcc/gcc-195953/fixincludes -I../include -I../.././../gcc/gcc-195953/fixincludes/../include ../.././../gcc/gcc-195953/fixincludes/procopen.c
gcc-4.7 -c -g -O2 -W -Wall -Wwrite-strings -Wstrict-prototypes -Wmissing-prototypes -Wold-style-definition -Wmissing-format-attribute -Wno-overlength-strings -pedantic -Wno-long-long   -DHAVE_CONFIG_H -I. -I../.././../gcc/gcc-195953/fixincludes -I../include -I../.././../gcc/gcc-195953/fixincludes/../include ../.././../gcc/gcc-195953/fixincludes/fixlib.c
checking for getc_unlocked... libtool: link: (cd ".libs" && rm -f "liblto_plugin.so.0" && ln -s "liblto_plugin.so.0.0.0" "liblto_plugin.so.0")
libtool: link: (cd ".libs" && rm -f "liblto_plugin.so" && ln -s "liblto_plugin.so.0.0.0" "liblto_plugin.so")
gcc-4.7 -c -g -O2 -W -Wall -Wwrite-strings -Wstrict-prototypes -Wmissing-prototypes -Wold-style-definition -Wmissing-format-attribute -Wno-overlength-strings -pedantic -Wno-long-long   -DHAVE_CONFIG_H -I. -I../.././../gcc/gcc-195953/fixincludes -I../include -I../.././../gcc/gcc-195953/fixincludes/../include ../.././../gcc/gcc-195953/fixincludes/fixopts.c
gcc-4.7 -g -O2   -I. -I../.././../gdb/gdb-7.5.1/gdb -I../.././../gdb/gdb-7.5.1/gdb/common -I../.././../gdb/gdb-7.5.1/gdb/config -DLOCALEDIR="\"/home/sparksco/android/arm-linux-androideabi/share/locale\"" -DHAVE_CONFIG_H -I../.././../gdb/gdb-7.5.1/gdb/../include/opcode -I../.././../gdb/gdb-7.5.1/gdb/../opcodes/.. -I../.././../gdb/gdb-7.5.1/gdb/../readline/.. -I../bfd -I../.././../gdb/gdb-7.5.1/gdb/../bfd -I../.././../gdb/gdb-7.5.1/gdb/../include -I../libdecnumber -I../.././../gdb/gdb-7.5.1/gdb/../libdecnumber  -I../.././../gdb/gdb-7.5.1/gdb/gnulib/import -Ibuild-gnulib/import   -DTUI=1 -I/home/sparksco/android/toolchain/aosp/build/temp-install/include  -Wall -Wdeclaration-after-statement -Wpointer-arith -Wformat-nonliteral -Wno-pointer-sign -Wno-unused -Wunused-value -Wunused-function -Wno-switch -Wno-char-subscripts -Wmissing-prototypes -Wdeclaration-after-statement  -c -o p-typeprint.o -MT p-typeprint.o -MMD -MP -MF .deps/p-typeprint.Tpo ../.././../gdb/gdb-7.5.1/gdb/p-typeprint.c
srcdir="../.././../gcc/gcc-195953/fixincludes" /bin/bash ../.././../gcc/gcc-195953/fixincludes/mkfixinc.sh arm-unknown-linux-androideabi
yes
sed -e 's/@gcc_version@/4.8.0/' < mkheaders.almost > mkheadersT
checking for putchar_unlocked... libtool: link: ( cd ".libs" && rm -f "liblto_plugin.la" && ln -s "../liblto_plugin.la" "liblto_plugin.la" )
mv -f mkheadersT mkheaders
mkdir -p -- .././gcc
gcc-4.7 -g -O2   -I. -I../.././../gdb/gdb-7.5.1/gdb -I../.././../gdb/gdb-7.5.1/gdb/common -I../.././../gdb/gdb-7.5.1/gdb/config -DLOCALEDIR="\"/home/sparksco/android/arm-linux-androideabi/share/locale\"" -DHAVE_CONFIG_H -I../.././../gdb/gdb-7.5.1/gdb/../include/opcode -I../.././../gdb/gdb-7.5.1/gdb/../opcodes/.. -I../.././../gdb/gdb-7.5.1/gdb/../readline/.. -I../bfd -I../.././../gdb/gdb-7.5.1/gdb/../bfd -I../.././../gdb/gdb-7.5.1/gdb/../include -I../libdecnumber -I../.././../gdb/gdb-7.5.1/gdb/../libdecnumber  -I../.././../gdb/gdb-7.5.1/gdb/gnulib/import -Ibuild-gnulib/import   -DTUI=1 -I/home/sparksco/android/toolchain/aosp/build/temp-install/include  -Wall -Wdeclaration-after-statement -Wpointer-arith -Wformat-nonliteral -Wno-pointer-sign -Wno-unused -Wunused-value -Wunused-function -Wno-switch -Wno-char-subscripts -Wmissing-prototypes -Wdeclaration-after-statement  -c -o p-valprint.o -MT p-valprint.o -MMD -MP -MF .deps/p-valprint.Tpo ../.././../gdb/gdb-7.5.1/gdb/p-valprint.c
gcc-4.7 -g -O2 -static-libstdc++ -static-libgcc  -o fixincl fixincl.o fixtests.o fixfixes.o server.o procopen.o fixlib.o fixopts.o ../libiberty/libiberty.a
libtool: install: /usr/bin/install -c .libs/liblto_plugin.so.0.0.0 /home/sparksco/android/toolchain/aosp/build/gcc-195953/lto-plugin/.././gcc/liblto_plugin.so.0.0.0
gcc-4.7 -g -O2   -I. -I../.././../gdb/gdb-7.5.1/gdb -I../.././../gdb/gdb-7.5.1/gdb/common -I../.././../gdb/gdb-7.5.1/gdb/config -DLOCALEDIR="\"/home/sparksco/android/arm-linux-androideabi/share/locale\"" -DHAVE_CONFIG_H -I../.././../gdb/gdb-7.5.1/gdb/../include/opcode -I../.././../gdb/gdb-7.5.1/gdb/../opcodes/.. -I../.././../gdb/gdb-7.5.1/gdb/../readline/.. -I../bfd -I../.././../gdb/gdb-7.5.1/gdb/../bfd -I../.././../gdb/gdb-7.5.1/gdb/../include -I../libdecnumber -I../.././../gdb/gdb-7.5.1/gdb/../libdecnumber  -I../.././../gdb/gdb-7.5.1/gdb/gnulib/import -Ibuild-gnulib/import   -DTUI=1 -I/home/sparksco/android/toolchain/aosp/build/temp-install/include  -Wall -Wdeclaration-after-statement -Wpointer-arith -Wformat-nonliteral -Wno-pointer-sign -Wno-unused -Wunused-value -Wunused-function -Wno-switch -Wno-char-subscripts -Wmissing-prototypes -Wdeclaration-after-statement  -c -o sentinel-frame.o -MT sentinel-frame.o -MMD -MP -MF .deps/sentinel-frame.Tpo ../.././../gdb/gdb-7.5.1/gdb/sentinel-frame.c
libtool: install: (cd /home/sparksco/android/toolchain/aosp/build/gcc-195953/lto-plugin/.././gcc && { ln -s -f liblto_plugin.so.0.0.0 liblto_plugin.so.0 || { rm -f liblto_plugin.so.0 && ln -s liblto_plugin.so.0.0.0 liblto_plugin.so.0; }; })
libtool: install: (cd /home/sparksco/android/toolchain/aosp/build/gcc-195953/lto-plugin/.././gcc && { ln -s -f liblto_plugin.so.0.0.0 liblto_plugin.so || { rm -f liblto_plugin.so && ln -s liblto_plugin.so.0.0.0 liblto_plugin.so; }; })
libtool: install: /usr/bin/install -c .libs/liblto_plugin.lai /home/sparksco/android/toolchain/aosp/build/gcc-195953/lto-plugin/.././gcc/liblto_plugin.la
libtool: install: warning: remember to run `libtool --finish /home/sparksco/android/arm-linux-androideabi/libexec/gcc/arm-linux-androideabi/4.8.0'
make[4]: Leaving directory `/home/sparksco/android/toolchain/aosp/build/gcc-195953/lto-plugin'
make[3]: Leaving directory `/home/sparksco/android/toolchain/aosp/build/gcc-195953/lto-plugin'
gcc-4.7 -g -O2   -I. -I../.././../gdb/gdb-7.5.1/gdb -I../.././../gdb/gdb-7.5.1/gdb/common -I../.././../gdb/gdb-7.5.1/gdb/config -DLOCALEDIR="\"/home/sparksco/android/arm-linux-androideabi/share/locale\"" -DHAVE_CONFIG_H -I../.././../gdb/gdb-7.5.1/gdb/../include/opcode -I../.././../gdb/gdb-7.5.1/gdb/../opcodes/.. -I../.././../gdb/gdb-7.5.1/gdb/../readline/.. -I../bfd -I../.././../gdb/gdb-7.5.1/gdb/../bfd -I../.././../gdb/gdb-7.5.1/gdb/../include -I../libdecnumber -I../.././../gdb/gdb-7.5.1/gdb/../libdecnumber  -I../.././../gdb/gdb-7.5.1/gdb/gnulib/import -Ibuild-gnulib/import   -DTUI=1 -I/home/sparksco/android/toolchain/aosp/build/temp-install/include  -Wall -Wdeclaration-after-statement -Wpointer-arith -Wformat-nonliteral -Wno-pointer-sign -Wno-unused -Wunused-value -Wunused-function -Wno-switch -Wno-char-subscripts -Wmissing-prototypes -Wdeclaration-after-statement  -c -o complaints.o -MT complaints.o -MMD -MP -MF .deps/complaints.Tpo ../.././../gdb/gdb-7.5.1/gdb/complaints.c
echo timestamp > full-stamp
make[3]: Leaving directory `/home/sparksco/android/toolchain/aosp/build/gcc-195953/fixincludes'
gcc-4.7 -g -O2   -I. -I../.././../gdb/gdb-7.5.1/gdb -I../.././../gdb/gdb-7.5.1/gdb/common -I../.././../gdb/gdb-7.5.1/gdb/config -DLOCALEDIR="\"/home/sparksco/android/arm-linux-androideabi/share/locale\"" -DHAVE_CONFIG_H -I../.././../gdb/gdb-7.5.1/gdb/../include/opcode -I../.././../gdb/gdb-7.5.1/gdb/../opcodes/.. -I../.././../gdb/gdb-7.5.1/gdb/../readline/.. -I../bfd -I../.././../gdb/gdb-7.5.1/gdb/../bfd -I../.././../gdb/gdb-7.5.1/gdb/../include -I../libdecnumber -I../.././../gdb/gdb-7.5.1/gdb/../libdecnumber  -I../.././../gdb/gdb-7.5.1/gdb/gnulib/import -Ibuild-gnulib/import   -DTUI=1 -I/home/sparksco/android/toolchain/aosp/build/temp-install/include  -Wall -Wdeclaration-after-statement -Wpointer-arith -Wformat-nonliteral -Wno-pointer-sign -Wno-unused -Wunused-value -Wunused-function -Wno-switch -Wno-char-subscripts -Wmissing-prototypes -Wdeclaration-after-statement  -c -o typeprint.o -MT typeprint.o -MMD -MP -MF .deps/typeprint.Tpo ../.././../gdb/gdb-7.5.1/gdb/typeprint.c
yes
Configuring in ./gcc
checking for putc_unlocked... gcc-4.7 -g -O2   -I. -I../.././../gdb/gdb-7.5.1/gdb -I../.././../gdb/gdb-7.5.1/gdb/common -I../.././../gdb/gdb-7.5.1/gdb/config -DLOCALEDIR="\"/home/sparksco/android/arm-linux-androideabi/share/locale\"" -DHAVE_CONFIG_H -I../.././../gdb/gdb-7.5.1/gdb/../include/opcode -I../.././../gdb/gdb-7.5.1/gdb/../opcodes/.. -I../.././../gdb/gdb-7.5.1/gdb/../readline/.. -I../bfd -I../.././../gdb/gdb-7.5.1/gdb/../bfd -I../.././../gdb/gdb-7.5.1/gdb/../include -I../libdecnumber -I../.././../gdb/gdb-7.5.1/gdb/../libdecnumber  -I../.././../gdb/gdb-7.5.1/gdb/gnulib/import -Ibuild-gnulib/import   -DTUI=1 -I/home/sparksco/android/toolchain/aosp/build/temp-install/include  -Wall -Wdeclaration-after-statement -Wpointer-arith -Wformat-nonliteral -Wno-pointer-sign -Wno-unused -Wunused-value -Wunused-function -Wno-switch -Wno-char-subscripts -Wmissing-prototypes -Wdeclaration-after-statement  -c -o ada-typeprint.o -MT ada-typeprint.o -MMD -MP -MF .deps/ada-typeprint.Tpo ../.././../gdb/gdb-7.5.1/gdb/ada-typeprint.c
gcc-4.7 -g -O2   -I. -I../.././../gdb/gdb-7.5.1/gdb -I../.././../gdb/gdb-7.5.1/gdb/common -I../.././../gdb/gdb-7.5.1/gdb/config -DLOCALEDIR="\"/home/sparksco/android/arm-linux-androideabi/share/locale\"" -DHAVE_CONFIG_H -I../.././../gdb/gdb-7.5.1/gdb/../include/opcode -I../.././../gdb/gdb-7.5.1/gdb/../opcodes/.. -I../.././../gdb/gdb-7.5.1/gdb/../readline/.. -I../bfd -I../.././../gdb/gdb-7.5.1/gdb/../bfd -I../.././../gdb/gdb-7.5.1/gdb/../include -I../libdecnumber -I../.././../gdb/gdb-7.5.1/gdb/../libdecnumber  -I../.././../gdb/gdb-7.5.1/gdb/gnulib/import -Ibuild-gnulib/import   -DTUI=1 -I/home/sparksco/android/toolchain/aosp/build/temp-install/include  -Wall -Wdeclaration-after-statement -Wpointer-arith -Wformat-nonliteral -Wno-pointer-sign -Wno-unused -Wunused-value -Wunused-function -Wno-switch -Wno-char-subscripts -Wmissing-prototypes -Wdeclaration-after-statement  -c -o c-typeprint.o -MT c-typeprint.o -MMD -MP -MF .deps/c-typeprint.Tpo ../.././../gdb/gdb-7.5.1/gdb/c-typeprint.c
gcc-4.7 -g -O2   -I. -I../.././../gdb/gdb-7.5.1/gdb -I../.././../gdb/gdb-7.5.1/gdb/common -I../.././../gdb/gdb-7.5.1/gdb/config -DLOCALEDIR="\"/home/sparksco/android/arm-linux-androideabi/share/locale\"" -DHAVE_CONFIG_H -I../.././../gdb/gdb-7.5.1/gdb/../include/opcode -I../.././../gdb/gdb-7.5.1/gdb/../opcodes/.. -I../.././../gdb/gdb-7.5.1/gdb/../readline/.. -I../bfd -I../.././../gdb/gdb-7.5.1/gdb/../bfd -I../.././../gdb/gdb-7.5.1/gdb/../include -I../libdecnumber -I../.././../gdb/gdb-7.5.1/gdb/../libdecnumber  -I../.././../gdb/gdb-7.5.1/gdb/gnulib/import -Ibuild-gnulib/import   -DTUI=1 -I/home/sparksco/android/toolchain/aosp/build/temp-install/include  -Wall -Wdeclaration-after-statement -Wpointer-arith -Wformat-nonliteral -Wno-pointer-sign -Wno-unused -Wunused-value -Wunused-function -Wno-switch -Wno-char-subscripts -Wmissing-prototypes -Wdeclaration-after-statement  -c -o f-typeprint.o -MT f-typeprint.o -MMD -MP -MF .deps/f-typeprint.Tpo ../.././../gdb/gdb-7.5.1/gdb/f-typeprint.c
yes
gcc-4.7 -g -O2   -I. -I../.././../gdb/gdb-7.5.1/gdb -I../.././../gdb/gdb-7.5.1/gdb/common -I../.././../gdb/gdb-7.5.1/gdb/config -DLOCALEDIR="\"/home/sparksco/android/arm-linux-androideabi/share/locale\"" -DHAVE_CONFIG_H -I../.././../gdb/gdb-7.5.1/gdb/../include/opcode -I../.././../gdb/gdb-7.5.1/gdb/../opcodes/.. -I../.././../gdb/gdb-7.5.1/gdb/../readline/.. -I../bfd -I../.././../gdb/gdb-7.5.1/gdb/../bfd -I../.././../gdb/gdb-7.5.1/gdb/../include -I../libdecnumber -I../.././../gdb/gdb-7.5.1/gdb/../libdecnumber  -I../.././../gdb/gdb-7.5.1/gdb/gnulib/import -Ibuild-gnulib/import   -DTUI=1 -I/home/sparksco/android/toolchain/aosp/build/temp-install/include  -Wall -Wdeclaration-after-statement -Wpointer-arith -Wformat-nonliteral -Wno-pointer-sign -Wno-unused -Wunused-value -Wunused-function -Wno-switch -Wno-char-subscripts -Wmissing-prototypes -Wdeclaration-after-statement  -c -o m2-typeprint.o -MT m2-typeprint.o -MMD -MP -MF .deps/m2-typeprint.Tpo ../.././../gdb/gdb-7.5.1/gdb/m2-typeprint.c
checking whether abort is declared... gcc-4.7 -g -O2   -I. -I../.././../gdb/gdb-7.5.1/gdb -I../.././../gdb/gdb-7.5.1/gdb/common -I../.././../gdb/gdb-7.5.1/gdb/config -DLOCALEDIR="\"/home/sparksco/android/arm-linux-androideabi/share/locale\"" -DHAVE_CONFIG_H -I../.././../gdb/gdb-7.5.1/gdb/../include/opcode -I../.././../gdb/gdb-7.5.1/gdb/../opcodes/.. -I../.././../gdb/gdb-7.5.1/gdb/../readline/.. -I../bfd -I../.././../gdb/gdb-7.5.1/gdb/../bfd -I../.././../gdb/gdb-7.5.1/gdb/../include -I../libdecnumber -I../.././../gdb/gdb-7.5.1/gdb/../libdecnumber  -I../.././../gdb/gdb-7.5.1/gdb/gnulib/import -Ibuild-gnulib/import   -DTUI=1 -I/home/sparksco/android/toolchain/aosp/build/temp-install/include  -Wall -Wdeclaration-after-statement -Wpointer-arith -Wformat-nonliteral -Wno-pointer-sign -Wno-unused -Wunused-value -Wunused-function -Wno-switch -Wno-char-subscripts -Wmissing-prototypes -Wdeclaration-after-statement  -c -o ada-valprint.o -MT ada-valprint.o -MMD -MP -MF .deps/ada-valprint.Tpo ../.././../gdb/gdb-7.5.1/gdb/ada-valprint.c
yes
checking whether asprintf is declared... gcc-4.7 -g -O2   -I. -I../.././../gdb/gdb-7.5.1/gdb -I../.././../gdb/gdb-7.5.1/gdb/common -I../.././../gdb/gdb-7.5.1/gdb/config -DLOCALEDIR="\"/home/sparksco/android/arm-linux-androideabi/share/locale\"" -DHAVE_CONFIG_H -I../.././../gdb/gdb-7.5.1/gdb/../include/opcode -I../.././../gdb/gdb-7.5.1/gdb/../opcodes/.. -I../.././../gdb/gdb-7.5.1/gdb/../readline/.. -I../bfd -I../.././../gdb/gdb-7.5.1/gdb/../bfd -I../.././../gdb/gdb-7.5.1/gdb/../include -I../libdecnumber -I../.././../gdb/gdb-7.5.1/gdb/../libdecnumber  -I../.././../gdb/gdb-7.5.1/gdb/gnulib/import -Ibuild-gnulib/import   -DTUI=1 -I/home/sparksco/android/toolchain/aosp/build/temp-install/include  -Wall -Wdeclaration-after-statement -Wpointer-arith -Wformat-nonliteral -Wno-pointer-sign -Wno-unused -Wunused-value -Wunused-function -Wno-switch -Wno-char-subscripts -Wmissing-prototypes -Wdeclaration-after-statement  -c -o c-valprint.o -MT c-valprint.o -MMD -MP -MF .deps/c-valprint.Tpo ../.././../gdb/gdb-7.5.1/gdb/c-valprint.c
gcc-4.7 -g -O2   -I. -I../.././../gdb/gdb-7.5.1/gdb -I../.././../gdb/gdb-7.5.1/gdb/common -I../.././../gdb/gdb-7.5.1/gdb/config -DLOCALEDIR="\"/home/sparksco/android/arm-linux-androideabi/share/locale\"" -DHAVE_CONFIG_H -I../.././../gdb/gdb-7.5.1/gdb/../include/opcode -I../.././../gdb/gdb-7.5.1/gdb/../opcodes/.. -I../.././../gdb/gdb-7.5.1/gdb/../readline/.. -I../bfd -I../.././../gdb/gdb-7.5.1/gdb/../bfd -I../.././../gdb/gdb-7.5.1/gdb/../include -I../libdecnumber -I../.././../gdb/gdb-7.5.1/gdb/../libdecnumber  -I../.././../gdb/gdb-7.5.1/gdb/gnulib/import -Ibuild-gnulib/import   -DTUI=1 -I/home/sparksco/android/toolchain/aosp/build/temp-install/include  -Wall -Wdeclaration-after-statement -Wpointer-arith -Wformat-nonliteral -Wno-pointer-sign -Wno-unused -Wunused-value -Wunused-function -Wno-switch -Wno-char-subscripts -Wmissing-prototypes -Wdeclaration-after-statement  -c -o cp-valprint.o -MT cp-valprint.o -MMD -MP -MF .deps/cp-valprint.Tpo ../.././../gdb/gdb-7.5.1/gdb/cp-valprint.c
yes
checking whether basename is declared... gcc-4.7 -g -O2   -I. -I../.././../gdb/gdb-7.5.1/gdb -I../.././../gdb/gdb-7.5.1/gdb/common -I../.././../gdb/gdb-7.5.1/gdb/config -DLOCALEDIR="\"/home/sparksco/android/arm-linux-androideabi/share/locale\"" -DHAVE_CONFIG_H -I../.././../gdb/gdb-7.5.1/gdb/../include/opcode -I../.././../gdb/gdb-7.5.1/gdb/../opcodes/.. -I../.././../gdb/gdb-7.5.1/gdb/../readline/.. -I../bfd -I../.././../gdb/gdb-7.5.1/gdb/../bfd -I../.././../gdb/gdb-7.5.1/gdb/../include -I../libdecnumber -I../.././../gdb/gdb-7.5.1/gdb/../libdecnumber  -I../.././../gdb/gdb-7.5.1/gdb/gnulib/import -Ibuild-gnulib/import   -DTUI=1 -I/home/sparksco/android/toolchain/aosp/build/temp-install/include  -Wall -Wdeclaration-after-statement -Wpointer-arith -Wformat-nonliteral -Wno-pointer-sign -Wno-unused -Wunused-value -Wunused-function -Wno-switch -Wno-char-subscripts -Wmissing-prototypes -Wdeclaration-after-statement  -c -o d-valprint.o -MT d-valprint.o -MMD -MP -MF .deps/d-valprint.Tpo ../.././../gdb/gdb-7.5.1/gdb/d-valprint.c
gcc-4.7 -g -O2   -I. -I../.././../gdb/gdb-7.5.1/gdb -I../.././../gdb/gdb-7.5.1/gdb/common -I../.././../gdb/gdb-7.5.1/gdb/config -DLOCALEDIR="\"/home/sparksco/android/arm-linux-androideabi/share/locale\"" -DHAVE_CONFIG_H -I../.././../gdb/gdb-7.5.1/gdb/../include/opcode -I../.././../gdb/gdb-7.5.1/gdb/../opcodes/.. -I../.././../gdb/gdb-7.5.1/gdb/../readline/.. -I../bfd -I../.././../gdb/gdb-7.5.1/gdb/../bfd -I../.././../gdb/gdb-7.5.1/gdb/../include -I../libdecnumber -I../.././../gdb/gdb-7.5.1/gdb/../libdecnumber  -I../.././../gdb/gdb-7.5.1/gdb/gnulib/import -Ibuild-gnulib/import   -DTUI=1 -I/home/sparksco/android/toolchain/aosp/build/temp-install/include  -Wall -Wdeclaration-after-statement -Wpointer-arith -Wformat-nonliteral -Wno-pointer-sign -Wno-unused -Wunused-value -Wunused-function -Wno-switch -Wno-char-subscripts -Wmissing-prototypes -Wdeclaration-after-statement  -c -o f-valprint.o -MT f-valprint.o -MMD -MP -MF .deps/f-valprint.Tpo ../.././../gdb/gdb-7.5.1/gdb/f-valprint.c
yes
checking whether errno is declared... no
gcc-4.7 -g -O2   -I. -I../.././../gdb/gdb-7.5.1/gdb -I../.././../gdb/gdb-7.5.1/gdb/common -I../.././../gdb/gdb-7.5.1/gdb/config -DLOCALEDIR="\"/home/sparksco/android/arm-linux-androideabi/share/locale\"" -DHAVE_CONFIG_H -I../.././../gdb/gdb-7.5.1/gdb/../include/opcode -I../.././../gdb/gdb-7.5.1/gdb/../opcodes/.. -I../.././../gdb/gdb-7.5.1/gdb/../readline/.. -I../bfd -I../.././../gdb/gdb-7.5.1/gdb/../bfd -I../.././../gdb/gdb-7.5.1/gdb/../include -I../libdecnumber -I../.././../gdb/gdb-7.5.1/gdb/../libdecnumber  -I../.././../gdb/gdb-7.5.1/gdb/gnulib/import -Ibuild-gnulib/import   -DTUI=1 -I/home/sparksco/android/toolchain/aosp/build/temp-install/include  -Wall -Wdeclaration-after-statement -Wpointer-arith -Wformat-nonliteral -Wno-pointer-sign -Wno-unused -Wunused-value -Wunused-function -Wno-switch -Wno-char-subscripts -Wmissing-prototypes -Wdeclaration-after-statement  -c -o m2-valprint.o -MT m2-valprint.o -MMD -MP -MF .deps/m2-valprint.Tpo ../.././../gdb/gdb-7.5.1/gdb/m2-valprint.c
gcc-4.7 -g -O2   -I. -I../.././../gdb/gdb-7.5.1/gdb -I../.././../gdb/gdb-7.5.1/gdb/common -I../.././../gdb/gdb-7.5.1/gdb/config -DLOCALEDIR="\"/home/sparksco/android/arm-linux-androideabi/share/locale\"" -DHAVE_CONFIG_H -I../.././../gdb/gdb-7.5.1/gdb/../include/opcode -I../.././../gdb/gdb-7.5.1/gdb/../opcodes/.. -I../.././../gdb/gdb-7.5.1/gdb/../readline/.. -I../bfd -I../.././../gdb/gdb-7.5.1/gdb/../bfd -I../.././../gdb/gdb-7.5.1/gdb/../include -I../libdecnumber -I../.././../gdb/gdb-7.5.1/gdb/../libdecnumber  -I../.././../gdb/gdb-7.5.1/gdb/gnulib/import -Ibuild-gnulib/import   -DTUI=1 -I/home/sparksco/android/toolchain/aosp/build/temp-install/include  -Wall -Wdeclaration-after-statement -Wpointer-arith -Wformat-nonliteral -Wno-pointer-sign -Wno-unused -Wunused-value -Wunused-function -Wno-switch -Wno-char-subscripts -Wmissing-prototypes -Wdeclaration-after-statement  -c -o serial.o -MT serial.o -MMD -MP -MF .deps/serial.Tpo ../.././../gdb/gdb-7.5.1/gdb/serial.c
gcc-4.7 -g -O2   -I. -I../.././../gdb/gdb-7.5.1/gdb -I../.././../gdb/gdb-7.5.1/gdb/common -I../.././../gdb/gdb-7.5.1/gdb/config -DLOCALEDIR="\"/home/sparksco/android/arm-linux-androideabi/share/locale\"" -DHAVE_CONFIG_H -I../.././../gdb/gdb-7.5.1/gdb/../include/opcode -I../.././../gdb/gdb-7.5.1/gdb/../opcodes/.. -I../.././../gdb/gdb-7.5.1/gdb/../readline/.. -I../bfd -I../.././../gdb/gdb-7.5.1/gdb/../bfd -I../.././../gdb/gdb-7.5.1/gdb/../include -I../libdecnumber -I../.././../gdb/gdb-7.5.1/gdb/../libdecnumber  -I../.././../gdb/gdb-7.5.1/gdb/gnulib/import -Ibuild-gnulib/import   -DTUI=1 -I/home/sparksco/android/toolchain/aosp/build/temp-install/include  -Wall -Wdeclaration-after-statement -Wpointer-arith -Wformat-nonliteral -Wno-pointer-sign -Wno-unused -Wunused-value -Wunused-function -Wno-switch -Wno-char-subscripts -Wmissing-prototypes -Wdeclaration-after-statement  -c -o mdebugread.o -MT mdebugread.o -MMD -MP -MF .deps/mdebugread.Tpo ../.././../gdb/gdb-7.5.1/gdb/mdebugread.c
checking whether getopt is declared... gcc-4.7 -g -O2   -I. -I../.././../gdb/gdb-7.5.1/gdb -I../.././../gdb/gdb-7.5.1/gdb/common -I../.././../gdb/gdb-7.5.1/gdb/config -DLOCALEDIR="\"/home/sparksco/android/arm-linux-androideabi/share/locale\"" -DHAVE_CONFIG_H -I../.././../gdb/gdb-7.5.1/gdb/../include/opcode -I../.././../gdb/gdb-7.5.1/gdb/../opcodes/.. -I../.././../gdb/gdb-7.5.1/gdb/../readline/.. -I../bfd -I../.././../gdb/gdb-7.5.1/gdb/../bfd -I../.././../gdb/gdb-7.5.1/gdb/../include -I../libdecnumber -I../.././../gdb/gdb-7.5.1/gdb/../libdecnumber  -I../.././../gdb/gdb-7.5.1/gdb/gnulib/import -Ibuild-gnulib/import   -DTUI=1 -I/home/sparksco/android/toolchain/aosp/build/temp-install/include  -Wall -Wdeclaration-after-statement -Wpointer-arith -Wformat-nonliteral -Wno-pointer-sign -Wno-unused -Wunused-value -Wunused-function -Wno-switch -Wno-char-subscripts -Wmissing-prototypes -Wdeclaration-after-statement  -c -o top.o -MT top.o -MMD -MP -MF .deps/top.Tpo ../.././../gdb/gdb-7.5.1/gdb/top.c
gcc-4.7 -g -O2   -I. -I../.././../gdb/gdb-7.5.1/gdb -I../.././../gdb/gdb-7.5.1/gdb/common -I../.././../gdb/gdb-7.5.1/gdb/config -DLOCALEDIR="\"/home/sparksco/android/arm-linux-androideabi/share/locale\"" -DHAVE_CONFIG_H -I../.././../gdb/gdb-7.5.1/gdb/../include/opcode -I../.././../gdb/gdb-7.5.1/gdb/../opcodes/.. -I../.././../gdb/gdb-7.5.1/gdb/../readline/.. -I../bfd -I../.././../gdb/gdb-7.5.1/gdb/../bfd -I../.././../gdb/gdb-7.5.1/gdb/../include -I../libdecnumber -I../.././../gdb/gdb-7.5.1/gdb/../libdecnumber  -I../.././../gdb/gdb-7.5.1/gdb/gnulib/import -Ibuild-gnulib/import   -DTUI=1 -I/home/sparksco/android/toolchain/aosp/build/temp-install/include  -Wall -Wdeclaration-after-statement -Wpointer-arith -Wformat-nonliteral -Wno-pointer-sign -Wno-unused -Wunused-value -Wunused-function -Wno-switch -Wno-char-subscripts -Wmissing-prototypes -Wdeclaration-after-statement  -c -o utils.o -MT utils.o -MMD -MP -MF .deps/utils.Tpo ../.././../gdb/gdb-7.5.1/gdb/utils.c
yes
gcc-4.7 -g -O2   -I. -I../.././../gdb/gdb-7.5.1/gdb -I../.././../gdb/gdb-7.5.1/gdb/common -I../.././../gdb/gdb-7.5.1/gdb/config -DLOCALEDIR="\"/home/sparksco/android/arm-linux-androideabi/share/locale\"" -DHAVE_CONFIG_H -I../.././../gdb/gdb-7.5.1/gdb/../include/opcode -I../.././../gdb/gdb-7.5.1/gdb/../opcodes/.. -I../.././../gdb/gdb-7.5.1/gdb/../readline/.. -I../bfd -I../.././../gdb/gdb-7.5.1/gdb/../bfd -I../.././../gdb/gdb-7.5.1/gdb/../include -I../libdecnumber -I../.././../gdb/gdb-7.5.1/gdb/../libdecnumber  -I../.././../gdb/gdb-7.5.1/gdb/gnulib/import -Ibuild-gnulib/import   -DTUI=1 -I/home/sparksco/android/toolchain/aosp/build/temp-install/include  -Wall -Wdeclaration-after-statement -Wpointer-arith -Wformat-nonliteral -Wno-pointer-sign -Wno-unused -Wunused-value -Wunused-function -Wno-switch -Wno-char-subscripts -Wmissing-prototypes -Wdeclaration-after-statement  -c -o ui-file.o -MT ui-file.o -MMD -MP -MF .deps/ui-file.Tpo ../.././../gdb/gdb-7.5.1/gdb/ui-file.c
checking whether vasprintf is declared... gcc-4.7 -g -O2   -I. -I../.././../gdb/gdb-7.5.1/gdb -I../.././../gdb/gdb-7.5.1/gdb/common -I../.././../gdb/gdb-7.5.1/gdb/config -DLOCALEDIR="\"/home/sparksco/android/arm-linux-androideabi/share/locale\"" -DHAVE_CONFIG_H -I../.././../gdb/gdb-7.5.1/gdb/../include/opcode -I../.././../gdb/gdb-7.5.1/gdb/../opcodes/.. -I../.././../gdb/gdb-7.5.1/gdb/../readline/.. -I../bfd -I../.././../gdb/gdb-7.5.1/gdb/../bfd -I../.././../gdb/gdb-7.5.1/gdb/../include -I../libdecnumber -I../.././../gdb/gdb-7.5.1/gdb/../libdecnumber  -I../.././../gdb/gdb-7.5.1/gdb/gnulib/import -Ibuild-gnulib/import   -DTUI=1 -I/home/sparksco/android/toolchain/aosp/build/temp-install/include  -Wall -Wdeclaration-after-statement -Wpointer-arith -Wformat-nonliteral -Wno-pointer-sign -Wno-unused -Wunused-value -Wunused-function -Wno-switch -Wno-char-subscripts -Wmissing-prototypes -Wdeclaration-after-statement  -c -o user-regs.o -MT user-regs.o -MMD -MP -MF .deps/user-regs.Tpo ../.././../gdb/gdb-7.5.1/gdb/user-regs.c
yes
gcc-4.7 -g -O2   -I. -I../.././../gdb/gdb-7.5.1/gdb -I../.././../gdb/gdb-7.5.1/gdb/common -I../.././../gdb/gdb-7.5.1/gdb/config -DLOCALEDIR="\"/home/sparksco/android/arm-linux-androideabi/share/locale\"" -DHAVE_CONFIG_H -I../.././../gdb/gdb-7.5.1/gdb/../include/opcode -I../.././../gdb/gdb-7.5.1/gdb/../opcodes/.. -I../.././../gdb/gdb-7.5.1/gdb/../readline/.. -I../bfd -I../.././../gdb/gdb-7.5.1/gdb/../bfd -I../.././../gdb/gdb-7.5.1/gdb/../include -I../libdecnumber -I../.././../gdb/gdb-7.5.1/gdb/../libdecnumber  -I../.././../gdb/gdb-7.5.1/gdb/gnulib/import -Ibuild-gnulib/import   -DTUI=1 -I/home/sparksco/android/toolchain/aosp/build/temp-install/include  -Wall -Wdeclaration-after-statement -Wpointer-arith -Wformat-nonliteral -Wno-pointer-sign -Wno-unused -Wunused-value -Wunused-function -Wno-switch -Wno-char-subscripts -Wmissing-prototypes -Wdeclaration-after-statement  -c -o frame.o -MT frame.o -MMD -MP -MF .deps/frame.Tpo ../.././../gdb/gdb-7.5.1/gdb/frame.c
configure: creating cache ./config.cache
checking whether clearerr_unlocked is declared... checking build system type... gcc-4.7 -g -O2   -I. -I../.././../gdb/gdb-7.5.1/gdb -I../.././../gdb/gdb-7.5.1/gdb/common -I../.././../gdb/gdb-7.5.1/gdb/config -DLOCALEDIR="\"/home/sparksco/android/arm-linux-androideabi/share/locale\"" -DHAVE_CONFIG_H -I../.././../gdb/gdb-7.5.1/gdb/../include/opcode -I../.././../gdb/gdb-7.5.1/gdb/../opcodes/.. -I../.././../gdb/gdb-7.5.1/gdb/../readline/.. -I../bfd -I../.././../gdb/gdb-7.5.1/gdb/../bfd -I../.././../gdb/gdb-7.5.1/gdb/../include -I../libdecnumber -I../.././../gdb/gdb-7.5.1/gdb/../libdecnumber  -I../.././../gdb/gdb-7.5.1/gdb/gnulib/import -Ibuild-gnulib/import   -DTUI=1 -I/home/sparksco/android/toolchain/aosp/build/temp-install/include  -Wall -Wdeclaration-after-statement -Wpointer-arith -Wformat-nonliteral -Wno-pointer-sign -Wno-unused -Wunused-value -Wunused-function -Wno-switch -Wno-char-subscripts -Wmissing-prototypes -Wdeclaration-after-statement  -c -o frame-unwind.o -MT frame-unwind.o -MMD -MP -MF .deps/frame-unwind.Tpo ../.././../gdb/gdb-7.5.1/gdb/frame-unwind.c
yes
x86_64-pc-linux-gnu
checking host system type... checking whether feof_unlocked is declared... x86_64-pc-linux-gnu
checking target system type... gcc-4.7 -g -O2   -I. -I../.././../gdb/gdb-7.5.1/gdb -I../.././../gdb/gdb-7.5.1/gdb/common -I../.././../gdb/gdb-7.5.1/gdb/config -DLOCALEDIR="\"/home/sparksco/android/arm-linux-androideabi/share/locale\"" -DHAVE_CONFIG_H -I../.././../gdb/gdb-7.5.1/gdb/../include/opcode -I../.././../gdb/gdb-7.5.1/gdb/../opcodes/.. -I../.././../gdb/gdb-7.5.1/gdb/../readline/.. -I../bfd -I../.././../gdb/gdb-7.5.1/gdb/../bfd -I../.././../gdb/gdb-7.5.1/gdb/../include -I../libdecnumber -I../.././../gdb/gdb-7.5.1/gdb/../libdecnumber  -I../.././../gdb/gdb-7.5.1/gdb/gnulib/import -Ibuild-gnulib/import   -DTUI=1 -I/home/sparksco/android/toolchain/aosp/build/temp-install/include  -Wall -Wdeclaration-after-statement -Wpointer-arith -Wformat-nonliteral -Wno-pointer-sign -Wno-unused -Wunused-value -Wunused-function -Wno-switch -Wno-char-subscripts -Wmissing-prototypes -Wdeclaration-after-statement  -c -o doublest.o -MT doublest.o -MMD -MP -MF .deps/doublest.Tpo ../.././../gdb/gdb-7.5.1/gdb/doublest.c
yes
checking whether ferror_unlocked is declared... arm-unknown-linux-androideabi
checking LIBRARY_PATH variable... ok
checking GCC_EXEC_PREFIX variable... ok
checking whether to place generated files in the source directory... no
checking whether a default linker was specified... no
checking whether a default assembler was specified... no
checking for x86_64-linux-gnu-gcc... gcc-4.7
gcc-4.7 -g -O2   -I. -I../.././../gdb/gdb-7.5.1/gdb -I../.././../gdb/gdb-7.5.1/gdb/common -I../.././../gdb/gdb-7.5.1/gdb/config -DLOCALEDIR="\"/home/sparksco/android/arm-linux-androideabi/share/locale\"" -DHAVE_CONFIG_H -I../.././../gdb/gdb-7.5.1/gdb/../include/opcode -I../.././../gdb/gdb-7.5.1/gdb/../opcodes/.. -I../.././../gdb/gdb-7.5.1/gdb/../readline/.. -I../bfd -I../.././../gdb/gdb-7.5.1/gdb/../bfd -I../.././../gdb/gdb-7.5.1/gdb/../include -I../libdecnumber -I../.././../gdb/gdb-7.5.1/gdb/../libdecnumber  -I../.././../gdb/gdb-7.5.1/gdb/gnulib/import -Ibuild-gnulib/import   -DTUI=1 -I/home/sparksco/android/toolchain/aosp/build/temp-install/include  -Wall -Wdeclaration-after-statement -Wpointer-arith -Wformat-nonliteral -Wno-pointer-sign -Wno-unused -Wunused-value -Wunused-function -Wno-switch -Wno-char-subscripts -Wmissing-prototypes -Wdeclaration-after-statement  -c -o frame-base.o -MT frame-base.o -MMD -MP -MF .deps/frame-base.Tpo ../.././../gdb/gdb-7.5.1/gdb/frame-base.c
gcc-4.7 -g -O2   -I. -I../.././../gdb/gdb-7.5.1/gdb -I../.././../gdb/gdb-7.5.1/gdb/common -I../.././../gdb/gdb-7.5.1/gdb/config -DLOCALEDIR="\"/home/sparksco/android/arm-linux-androideabi/share/locale\"" -DHAVE_CONFIG_H -I../.././../gdb/gdb-7.5.1/gdb/../include/opcode -I../.././../gdb/gdb-7.5.1/gdb/../opcodes/.. -I../.././../gdb/gdb-7.5.1/gdb/../readline/.. -I../bfd -I../.././../gdb/gdb-7.5.1/gdb/../bfd -I../.././../gdb/gdb-7.5.1/gdb/../include -I../libdecnumber -I../.././../gdb/gdb-7.5.1/gdb/../libdecnumber  -I../.././../gdb/gdb-7.5.1/gdb/gnulib/import -Ibuild-gnulib/import   -DTUI=1 -I/home/sparksco/android/toolchain/aosp/build/temp-install/include  -Wall -Wdeclaration-after-statement -Wpointer-arith -Wformat-nonliteral -Wno-pointer-sign -Wno-unused -Wunused-value -Wunused-function -Wno-switch -Wno-char-subscripts -Wmissing-prototypes -Wdeclaration-after-statement  -c -o inline-frame.o -MT inline-frame.o -MMD -MP -MF .deps/inline-frame.Tpo ../.././../gdb/gdb-7.5.1/gdb/inline-frame.c
yes
checking for C compiler default output file name... checking whether fflush_unlocked is declared... gcc-4.7 -g -O2   -I. -I../.././../gdb/gdb-7.5.1/gdb -I../.././../gdb/gdb-7.5.1/gdb/common -I../.././../gdb/gdb-7.5.1/gdb/config -DLOCALEDIR="\"/home/sparksco/android/arm-linux-androideabi/share/locale\"" -DHAVE_CONFIG_H -I../.././../gdb/gdb-7.5.1/gdb/../include/opcode -I../.././../gdb/gdb-7.5.1/gdb/../opcodes/.. -I../.././../gdb/gdb-7.5.1/gdb/../readline/.. -I../bfd -I../.././../gdb/gdb-7.5.1/gdb/../bfd -I../.././../gdb/gdb-7.5.1/gdb/../include -I../libdecnumber -I../.././../gdb/gdb-7.5.1/gdb/../libdecnumber  -I../.././../gdb/gdb-7.5.1/gdb/gnulib/import -Ibuild-gnulib/import   -DTUI=1 -I/home/sparksco/android/toolchain/aosp/build/temp-install/include  -Wall -Wdeclaration-after-statement -Wpointer-arith -Wformat-nonliteral -Wno-pointer-sign -Wno-unused -Wunused-value -Wunused-function -Wno-switch -Wno-char-subscripts -Wmissing-prototypes -Wdeclaration-after-statement  -c -o gnu-v2-abi.o -MT gnu-v2-abi.o -MMD -MP -MF .deps/gnu-v2-abi.Tpo ../.././../gdb/gdb-7.5.1/gdb/gnu-v2-abi.c
gcc-4.7 -g -O2   -I. -I../.././../gdb/gdb-7.5.1/gdb -I../.././../gdb/gdb-7.5.1/gdb/common -I../.././../gdb/gdb-7.5.1/gdb/config -DLOCALEDIR="\"/home/sparksco/android/arm-linux-androideabi/share/locale\"" -DHAVE_CONFIG_H -I../.././../gdb/gdb-7.5.1/gdb/../include/opcode -I../.././../gdb/gdb-7.5.1/gdb/../opcodes/.. -I../.././../gdb/gdb-7.5.1/gdb/../readline/.. -I../bfd -I../.././../gdb/gdb-7.5.1/gdb/../bfd -I../.././../gdb/gdb-7.5.1/gdb/../include -I../libdecnumber -I../.././../gdb/gdb-7.5.1/gdb/../libdecnumber  -I../.././../gdb/gdb-7.5.1/gdb/gnulib/import -Ibuild-gnulib/import   -DTUI=1 -I/home/sparksco/android/toolchain/aosp/build/temp-install/include  -Wall -Wdeclaration-after-statement -Wpointer-arith -Wformat-nonliteral -Wno-pointer-sign -Wno-unused -Wunused-value -Wunused-function -Wno-switch -Wno-char-subscripts -Wmissing-prototypes -Wdeclaration-after-statement  -c -o gnu-v3-abi.o -MT gnu-v3-abi.o -MMD -MP -MF .deps/gnu-v3-abi.Tpo ../.././../gdb/gdb-7.5.1/gdb/gnu-v3-abi.c
a.out
checking whether the C compiler works... yes
checking whether fgetc_unlocked is declared... yes
checking whether we are cross compiling... no
checking for suffix of executables... gcc-4.7 -g -O2   -I. -I../.././../gdb/gdb-7.5.1/gdb -I../.././../gdb/gdb-7.5.1/gdb/common -I../.././../gdb/gdb-7.5.1/gdb/config -DLOCALEDIR="\"/home/sparksco/android/arm-linux-androideabi/share/locale\"" -DHAVE_CONFIG_H -I../.././../gdb/gdb-7.5.1/gdb/../include/opcode -I../.././../gdb/gdb-7.5.1/gdb/../opcodes/.. -I../.././../gdb/gdb-7.5.1/gdb/../readline/.. -I../bfd -I../.././../gdb/gdb-7.5.1/gdb/../bfd -I../.././../gdb/gdb-7.5.1/gdb/../include -I../libdecnumber -I../.././../gdb/gdb-7.5.1/gdb/../libdecnumber  -I../.././../gdb/gdb-7.5.1/gdb/gnulib/import -Ibuild-gnulib/import   -DTUI=1 -I/home/sparksco/android/toolchain/aosp/build/temp-install/include  -Wall -Wdeclaration-after-statement -Wpointer-arith -Wformat-nonliteral -Wno-pointer-sign -Wno-unused -Wunused-value -Wunused-function -Wno-switch -Wno-char-subscripts -Wmissing-prototypes -Wdeclaration-after-statement  -c -o cp-abi.o -MT cp-abi.o -MMD -MP -MF .deps/cp-abi.Tpo ../.././../gdb/gdb-7.5.1/gdb/cp-abi.c
gcc-4.7 -g -O2   -I. -I../.././../gdb/gdb-7.5.1/gdb -I../.././../gdb/gdb-7.5.1/gdb/common -I../.././../gdb/gdb-7.5.1/gdb/config -DLOCALEDIR="\"/home/sparksco/android/arm-linux-androideabi/share/locale\"" -DHAVE_CONFIG_H -I../.././../gdb/gdb-7.5.1/gdb/../include/opcode -I../.././../gdb/gdb-7.5.1/gdb/../opcodes/.. -I../.././../gdb/gdb-7.5.1/gdb/../readline/.. -I../bfd -I../.././../gdb/gdb-7.5.1/gdb/../bfd -I../.././../gdb/gdb-7.5.1/gdb/../include -I../libdecnumber -I../.././../gdb/gdb-7.5.1/gdb/../libdecnumber  -I../.././../gdb/gdb-7.5.1/gdb/gnulib/import -Ibuild-gnulib/import   -DTUI=1 -I/home/sparksco/android/toolchain/aosp/build/temp-install/include  -Wall -Wdeclaration-after-statement -Wpointer-arith -Wformat-nonliteral -Wno-pointer-sign -Wno-unused -Wunused-value -Wunused-function -Wno-switch -Wno-char-subscripts -Wmissing-prototypes -Wdeclaration-after-statement  -c -o cp-support.o -MT cp-support.o -MMD -MP -MF .deps/cp-support.Tpo ../.././../gdb/gdb-7.5.1/gdb/cp-support.c
yes

checking for suffix of object files... checking whether fgets_unlocked is declared... gcc-4.7 -g -O2   -I. -I../.././../gdb/gdb-7.5.1/gdb -I../.././../gdb/gdb-7.5.1/gdb/common -I../.././../gdb/gdb-7.5.1/gdb/config -DLOCALEDIR="\"/home/sparksco/android/arm-linux-androideabi/share/locale\"" -DHAVE_CONFIG_H -I../.././../gdb/gdb-7.5.1/gdb/../include/opcode -I../.././../gdb/gdb-7.5.1/gdb/../opcodes/.. -I../.././../gdb/gdb-7.5.1/gdb/../readline/.. -I../bfd -I../.././../gdb/gdb-7.5.1/gdb/../bfd -I../.././../gdb/gdb-7.5.1/gdb/../include -I../libdecnumber -I../.././../gdb/gdb-7.5.1/gdb/../libdecnumber  -I../.././../gdb/gdb-7.5.1/gdb/gnulib/import -Ibuild-gnulib/import   -DTUI=1 -I/home/sparksco/android/toolchain/aosp/build/temp-install/include  -Wall -Wdeclaration-after-statement -Wpointer-arith -Wformat-nonliteral -Wno-pointer-sign -Wno-unused -Wunused-value -Wunused-function -Wno-switch -Wno-char-subscripts -Wmissing-prototypes -Wdeclaration-after-statement  -c -o cp-namespace.o -MT cp-namespace.o -MMD -MP -MF .deps/cp-namespace.Tpo ../.././../gdb/gdb-7.5.1/gdb/cp-namespace.c
o
checking whether we are using the GNU C compiler... yes
gcc-4.7 -g -O2   -I. -I../.././../gdb/gdb-7.5.1/gdb -I../.././../gdb/gdb-7.5.1/gdb/common -I../.././../gdb/gdb-7.5.1/gdb/config -DLOCALEDIR="\"/home/sparksco/android/arm-linux-androideabi/share/locale\"" -DHAVE_CONFIG_H -I../.././../gdb/gdb-7.5.1/gdb/../include/opcode -I../.././../gdb/gdb-7.5.1/gdb/../opcodes/.. -I../.././../gdb/gdb-7.5.1/gdb/../readline/.. -I../bfd -I../.././../gdb/gdb-7.5.1/gdb/../bfd -I../.././../gdb/gdb-7.5.1/gdb/../include -I../libdecnumber -I../.././../gdb/gdb-7.5.1/gdb/../libdecnumber  -I../.././../gdb/gdb-7.5.1/gdb/gnulib/import -Ibuild-gnulib/import   -DTUI=1 -I/home/sparksco/android/toolchain/aosp/build/temp-install/include  -Wall -Wdeclaration-after-statement -Wpointer-arith -Wformat-nonliteral -Wno-pointer-sign -Wno-unused -Wunused-value -Wunused-function -Wno-switch -Wno-char-subscripts -Wmissing-prototypes -Wdeclaration-after-statement  -c -o reggroups.o -MT reggroups.o -MMD -MP -MF .deps/reggroups.Tpo ../.././../gdb/gdb-7.5.1/gdb/reggroups.c
yes
checking whether gcc-4.7 accepts -g... checking whether fileno_unlocked is declared... yes
checking for gcc-4.7 option to accept ISO C89... gcc-4.7 -g -O2   -I. -I../.././../gdb/gdb-7.5.1/gdb -I../.././../gdb/gdb-7.5.1/gdb/common -I../.././../gdb/gdb-7.5.1/gdb/config -DLOCALEDIR="\"/home/sparksco/android/arm-linux-androideabi/share/locale\"" -DHAVE_CONFIG_H -I../.././../gdb/gdb-7.5.1/gdb/../include/opcode -I../.././../gdb/gdb-7.5.1/gdb/../opcodes/.. -I../.././../gdb/gdb-7.5.1/gdb/../readline/.. -I../bfd -I../.././../gdb/gdb-7.5.1/gdb/../bfd -I../.././../gdb/gdb-7.5.1/gdb/../include -I../libdecnumber -I../.././../gdb/gdb-7.5.1/gdb/../libdecnumber  -I../.././../gdb/gdb-7.5.1/gdb/gnulib/import -Ibuild-gnulib/import   -DTUI=1 -I/home/sparksco/android/toolchain/aosp/build/temp-install/include  -Wall -Wdeclaration-after-statement -Wpointer-arith -Wformat-nonliteral -Wno-pointer-sign -Wno-unused -Wunused-value -Wunused-function -Wno-switch -Wno-char-subscripts -Wmissing-prototypes -Wdeclaration-after-statement  -c -o regset.o -MT regset.o -MMD -MP -MF .deps/regset.Tpo ../.././../gdb/gdb-7.5.1/gdb/regset.c
none needed
checking whether gcc-4.7 and cc understand -c and -o together... gcc-4.7 -g -O2   -I. -I../.././../gdb/gdb-7.5.1/gdb -I../.././../gdb/gdb-7.5.1/gdb/common -I../.././../gdb/gdb-7.5.1/gdb/config -DLOCALEDIR="\"/home/sparksco/android/arm-linux-androideabi/share/locale\"" -DHAVE_CONFIG_H -I../.././../gdb/gdb-7.5.1/gdb/../include/opcode -I../.././../gdb/gdb-7.5.1/gdb/../opcodes/.. -I../.././../gdb/gdb-7.5.1/gdb/../readline/.. -I../bfd -I../.././../gdb/gdb-7.5.1/gdb/../bfd -I../.././../gdb/gdb-7.5.1/gdb/../include -I../libdecnumber -I../.././../gdb/gdb-7.5.1/gdb/../libdecnumber  -I../.././../gdb/gdb-7.5.1/gdb/gnulib/import -Ibuild-gnulib/import   -DTUI=1 -I/home/sparksco/android/toolchain/aosp/build/temp-install/include  -Wall -Wdeclaration-after-statement -Wpointer-arith -Wformat-nonliteral -Wno-pointer-sign -Wno-unused -Wunused-value -Wunused-function -Wno-switch -Wno-char-subscripts -Wmissing-prototypes -Wdeclaration-after-statement  -c -o trad-frame.o -MT trad-frame.o -MMD -MP -MF .deps/trad-frame.Tpo ../.././../gdb/gdb-7.5.1/gdb/trad-frame.c
yes
checking whether fprintf_unlocked is declared... gcc-4.7 -g -O2   -I. -I../.././../gdb/gdb-7.5.1/gdb -I../.././../gdb/gdb-7.5.1/gdb/common -I../.././../gdb/gdb-7.5.1/gdb/config -DLOCALEDIR="\"/home/sparksco/android/arm-linux-androideabi/share/locale\"" -DHAVE_CONFIG_H -I../.././../gdb/gdb-7.5.1/gdb/../include/opcode -I../.././../gdb/gdb-7.5.1/gdb/../opcodes/.. -I../.././../gdb/gdb-7.5.1/gdb/../readline/.. -I../bfd -I../.././../gdb/gdb-7.5.1/gdb/../bfd -I../.././../gdb/gdb-7.5.1/gdb/../include -I../libdecnumber -I../.././../gdb/gdb-7.5.1/gdb/../libdecnumber  -I../.././../gdb/gdb-7.5.1/gdb/gnulib/import -Ibuild-gnulib/import   -DTUI=1 -I/home/sparksco/android/toolchain/aosp/build/temp-install/include  -Wall -Wdeclaration-after-statement -Wpointer-arith -Wformat-nonliteral -Wno-pointer-sign -Wno-unused -Wunused-value -Wunused-function -Wno-switch -Wno-char-subscripts -Wmissing-prototypes -Wdeclaration-after-statement  -c -o tramp-frame.o -MT tramp-frame.o -MMD -MP -MF .deps/tramp-frame.Tpo ../.././../gdb/gdb-7.5.1/gdb/tramp-frame.c
no
checking whether fputc_unlocked is declared... gcc-4.7 -g -O2   -I. -I../.././../gdb/gdb-7.5.1/gdb -I../.././../gdb/gdb-7.5.1/gdb/common -I../.././../gdb/gdb-7.5.1/gdb/config -DLOCALEDIR="\"/home/sparksco/android/arm-linux-androideabi/share/locale\"" -DHAVE_CONFIG_H -I../.././../gdb/gdb-7.5.1/gdb/../include/opcode -I../.././../gdb/gdb-7.5.1/gdb/../opcodes/.. -I../.././../gdb/gdb-7.5.1/gdb/../readline/.. -I../bfd -I../.././../gdb/gdb-7.5.1/gdb/../bfd -I../.././../gdb/gdb-7.5.1/gdb/../include -I../libdecnumber -I../.././../gdb/gdb-7.5.1/gdb/../libdecnumber  -I../.././../gdb/gdb-7.5.1/gdb/gnulib/import -Ibuild-gnulib/import   -DTUI=1 -I/home/sparksco/android/toolchain/aosp/build/temp-install/include  -Wall -Wdeclaration-after-statement -Wpointer-arith -Wformat-nonliteral -Wno-pointer-sign -Wno-unused -Wunused-value -Wunused-function -Wno-switch -Wno-char-subscripts -Wmissing-prototypes -Wdeclaration-after-statement  -c -o solib.o -MT solib.o -MMD -MP -MF .deps/solib.Tpo ../.././../gdb/gdb-7.5.1/gdb/solib.c
gcc-4.7 -g -O2   -I. -I../.././../gdb/gdb-7.5.1/gdb -I../.././../gdb/gdb-7.5.1/gdb/common -I../.././../gdb/gdb-7.5.1/gdb/config -DLOCALEDIR="\"/home/sparksco/android/arm-linux-androideabi/share/locale\"" -DHAVE_CONFIG_H -I../.././../gdb/gdb-7.5.1/gdb/../include/opcode -I../.././../gdb/gdb-7.5.1/gdb/../opcodes/.. -I../.././../gdb/gdb-7.5.1/gdb/../readline/.. -I../bfd -I../.././../gdb/gdb-7.5.1/gdb/../bfd -I../.././../gdb/gdb-7.5.1/gdb/../include -I../libdecnumber -I../.././../gdb/gdb-7.5.1/gdb/../libdecnumber  -I../.././../gdb/gdb-7.5.1/gdb/gnulib/import -Ibuild-gnulib/import   -DTUI=1 -I/home/sparksco/android/toolchain/aosp/build/temp-install/include  -Wall -Wdeclaration-after-statement -Wpointer-arith -Wformat-nonliteral -Wno-pointer-sign -Wno-unused -Wunused-value -Wunused-function -Wno-switch -Wno-char-subscripts -Wmissing-prototypes -Wdeclaration-after-statement  -c -o solib-target.o -MT solib-target.o -MMD -MP -MF .deps/solib-target.Tpo ../.././../gdb/gdb-7.5.1/gdb/solib-target.c
yes
checking whether fputs_unlocked is declared... gcc-4.7 -g -O2   -I. -I../.././../gdb/gdb-7.5.1/gdb -I../.././../gdb/gdb-7.5.1/gdb/common -I../.././../gdb/gdb-7.5.1/gdb/config -DLOCALEDIR="\"/home/sparksco/android/arm-linux-androideabi/share/locale\"" -DHAVE_CONFIG_H -I../.././../gdb/gdb-7.5.1/gdb/../include/opcode -I../.././../gdb/gdb-7.5.1/gdb/../opcodes/.. -I../.././../gdb/gdb-7.5.1/gdb/../readline/.. -I../bfd -I../.././../gdb/gdb-7.5.1/gdb/../bfd -I../.././../gdb/gdb-7.5.1/gdb/../include -I../libdecnumber -I../.././../gdb/gdb-7.5.1/gdb/../libdecnumber  -I../.././../gdb/gdb-7.5.1/gdb/gnulib/import -Ibuild-gnulib/import   -DTUI=1 -I/home/sparksco/android/toolchain/aosp/build/temp-install/include  -Wall -Wdeclaration-after-statement -Wpointer-arith -Wformat-nonliteral -Wno-pointer-sign -Wno-unused -Wunused-value -Wunused-function -Wno-switch -Wno-char-subscripts -Wmissing-prototypes -Wdeclaration-after-statement  -c -o prologue-value.o -MT prologue-value.o -MMD -MP -MF .deps/prologue-value.Tpo ../.././../gdb/gdb-7.5.1/gdb/prologue-value.c
yes
gcc-4.7 -g -O2   -I. -I../.././../gdb/gdb-7.5.1/gdb -I../.././../gdb/gdb-7.5.1/gdb/common -I../.././../gdb/gdb-7.5.1/gdb/config -DLOCALEDIR="\"/home/sparksco/android/arm-linux-androideabi/share/locale\"" -DHAVE_CONFIG_H -I../.././../gdb/gdb-7.5.1/gdb/../include/opcode -I../.././../gdb/gdb-7.5.1/gdb/../opcodes/.. -I../.././../gdb/gdb-7.5.1/gdb/../readline/.. -I../bfd -I../.././../gdb/gdb-7.5.1/gdb/../bfd -I../.././../gdb/gdb-7.5.1/gdb/../include -I../libdecnumber -I../.././../gdb/gdb-7.5.1/gdb/../libdecnumber  -I../.././../gdb/gdb-7.5.1/gdb/gnulib/import -Ibuild-gnulib/import   -DTUI=1 -I/home/sparksco/android/toolchain/aosp/build/temp-install/include  -Wall -Wdeclaration-after-statement -Wpointer-arith -Wformat-nonliteral -Wno-pointer-sign -Wno-unused -Wunused-value -Wunused-function -Wno-switch -Wno-char-subscripts -Wmissing-prototypes -Wdeclaration-after-statement  -c -o memory-map.o -MT memory-map.o -MMD -MP -MF .deps/memory-map.Tpo ../.././../gdb/gdb-7.5.1/gdb/memory-map.c
gcc-4.7 -g -O2   -I. -I../.././../gdb/gdb-7.5.1/gdb -I../.././../gdb/gdb-7.5.1/gdb/common -I../.././../gdb/gdb-7.5.1/gdb/config -DLOCALEDIR="\"/home/sparksco/android/arm-linux-androideabi/share/locale\"" -DHAVE_CONFIG_H -I../.././../gdb/gdb-7.5.1/gdb/../include/opcode -I../.././../gdb/gdb-7.5.1/gdb/../opcodes/.. -I../.././../gdb/gdb-7.5.1/gdb/../readline/.. -I../bfd -I../.././../gdb/gdb-7.5.1/gdb/../bfd -I../.././../gdb/gdb-7.5.1/gdb/../include -I../libdecnumber -I../.././../gdb/gdb-7.5.1/gdb/../libdecnumber  -I../.././../gdb/gdb-7.5.1/gdb/gnulib/import -Ibuild-gnulib/import   -DTUI=1 -I/home/sparksco/android/toolchain/aosp/build/temp-install/include  -Wall -Wdeclaration-after-statement -Wpointer-arith -Wformat-nonliteral -Wno-pointer-sign -Wno-unused -Wunused-value -Wunused-function -Wno-switch -Wno-char-subscripts -Wmissing-prototypes -Wdeclaration-after-statement  -c -o memrange.o -MT memrange.o -MMD -MP -MF .deps/memrange.Tpo ../.././../gdb/gdb-7.5.1/gdb/memrange.c
gcc-4.7 -g -O2   -I. -I../.././../gdb/gdb-7.5.1/gdb -I../.././../gdb/gdb-7.5.1/gdb/common -I../.././../gdb/gdb-7.5.1/gdb/config -DLOCALEDIR="\"/home/sparksco/android/arm-linux-androideabi/share/locale\"" -DHAVE_CONFIG_H -I../.././../gdb/gdb-7.5.1/gdb/../include/opcode -I../.././../gdb/gdb-7.5.1/gdb/../opcodes/.. -I../.././../gdb/gdb-7.5.1/gdb/../readline/.. -I../bfd -I../.././../gdb/gdb-7.5.1/gdb/../bfd -I../.././../gdb/gdb-7.5.1/gdb/../include -I../libdecnumber -I../.././../gdb/gdb-7.5.1/gdb/../libdecnumber  -I../.././../gdb/gdb-7.5.1/gdb/gnulib/import -Ibuild-gnulib/import   -DTUI=1 -I/home/sparksco/android/toolchain/aosp/build/temp-install/include  -Wall -Wdeclaration-after-statement -Wpointer-arith -Wformat-nonliteral -Wno-pointer-sign -Wno-unused -Wunused-value -Wunused-function -Wno-switch -Wno-char-subscripts -Wmissing-prototypes -Wdeclaration-after-statement  -c -o xml-support.o -MT xml-support.o -MMD -MP -MF .deps/xml-support.Tpo ../.././../gdb/gdb-7.5.1/gdb/xml-support.c
checking whether we are using the GNU C++ compiler... yes
checking whether fread_unlocked is declared... gcc-4.7 -g -O2   -I. -I../.././../gdb/gdb-7.5.1/gdb -I../.././../gdb/gdb-7.5.1/gdb/common -I../.././../gdb/gdb-7.5.1/gdb/config -DLOCALEDIR="\"/home/sparksco/android/arm-linux-androideabi/share/locale\"" -DHAVE_CONFIG_H -I../.././../gdb/gdb-7.5.1/gdb/../include/opcode -I../.././../gdb/gdb-7.5.1/gdb/../opcodes/.. -I../.././../gdb/gdb-7.5.1/gdb/../readline/.. -I../bfd -I../.././../gdb/gdb-7.5.1/gdb/../bfd -I../.././../gdb/gdb-7.5.1/gdb/../include -I../libdecnumber -I../.././../gdb/gdb-7.5.1/gdb/../libdecnumber  -I../.././../gdb/gdb-7.5.1/gdb/gnulib/import -Ibuild-gnulib/import   -DTUI=1 -I/home/sparksco/android/toolchain/aosp/build/temp-install/include  -Wall -Wdeclaration-after-statement -Wpointer-arith -Wformat-nonliteral -Wno-pointer-sign -Wno-unused -Wunused-value -Wunused-function -Wno-switch -Wno-char-subscripts -Wmissing-prototypes -Wdeclaration-after-statement  -c -o xml-syscall.o -MT xml-syscall.o -MMD -MP -MF .deps/xml-syscall.Tpo ../.././../gdb/gdb-7.5.1/gdb/xml-syscall.c
yes
checking whether g++-4.7 accepts -g... gcc-4.7 -g -O2   -I. -I../.././../gdb/gdb-7.5.1/gdb -I../.././../gdb/gdb-7.5.1/gdb/common -I../.././../gdb/gdb-7.5.1/gdb/config -DLOCALEDIR="\"/home/sparksco/android/arm-linux-androideabi/share/locale\"" -DHAVE_CONFIG_H -I../.././../gdb/gdb-7.5.1/gdb/../include/opcode -I../.././../gdb/gdb-7.5.1/gdb/../opcodes/.. -I../.././../gdb/gdb-7.5.1/gdb/../readline/.. -I../bfd -I../.././../gdb/gdb-7.5.1/gdb/../bfd -I../.././../gdb/gdb-7.5.1/gdb/../include -I../libdecnumber -I../.././../gdb/gdb-7.5.1/gdb/../libdecnumber  -I../.././../gdb/gdb-7.5.1/gdb/gnulib/import -Ibuild-gnulib/import   -DTUI=1 -I/home/sparksco/android/toolchain/aosp/build/temp-install/include  -Wall -Wdeclaration-after-statement -Wpointer-arith -Wformat-nonliteral -Wno-pointer-sign -Wno-unused -Wunused-value -Wunused-function -Wno-switch -Wno-char-subscripts -Wmissing-prototypes -Wdeclaration-after-statement  -c -o xml-utils.o -MT xml-utils.o -MMD -MP -MF .deps/xml-utils.Tpo ../.././../gdb/gdb-7.5.1/gdb/common/xml-utils.c
yes
checking for x86_64-linux-gnu-gnatbind... no
checking for x86_64-linux-gnu-gnatmake... no
checking whether compiler driver understands Ada... gcc-4.7 -g -O2   -I. -I../.././../gdb/gdb-7.5.1/gdb -I../.././../gdb/gdb-7.5.1/gdb/common -I../.././../gdb/gdb-7.5.1/gdb/config -DLOCALEDIR="\"/home/sparksco/android/arm-linux-androideabi/share/locale\"" -DHAVE_CONFIG_H -I../.././../gdb/gdb-7.5.1/gdb/../include/opcode -I../.././../gdb/gdb-7.5.1/gdb/../opcodes/.. -I../.././../gdb/gdb-7.5.1/gdb/../readline/.. -I../bfd -I../.././../gdb/gdb-7.5.1/gdb/../bfd -I../.././../gdb/gdb-7.5.1/gdb/../include -I../libdecnumber -I../.././../gdb/gdb-7.5.1/gdb/../libdecnumber  -I../.././../gdb/gdb-7.5.1/gdb/gnulib/import -Ibuild-gnulib/import   -DTUI=1 -I/home/sparksco/android/toolchain/aosp/build/temp-install/include  -Wall -Wdeclaration-after-statement -Wpointer-arith -Wformat-nonliteral -Wno-pointer-sign -Wno-unused -Wunused-value -Wunused-function -Wno-switch -Wno-char-subscripts -Wmissing-prototypes -Wdeclaration-after-statement  -c -o target-descriptions.o -MT target-descriptions.o -MMD -MP -MF .deps/target-descriptions.Tpo ../.././../gdb/gdb-7.5.1/gdb/target-descriptions.c
no
gcc-4.7 -g -O2   -I. -I../.././../gdb/gdb-7.5.1/gdb -I../.././../gdb/gdb-7.5.1/gdb/common -I../.././../gdb/gdb-7.5.1/gdb/config -DLOCALEDIR="\"/home/sparksco/android/arm-linux-androideabi/share/locale\"" -DHAVE_CONFIG_H -I../.././../gdb/gdb-7.5.1/gdb/../include/opcode -I../.././../gdb/gdb-7.5.1/gdb/../opcodes/.. -I../.././../gdb/gdb-7.5.1/gdb/../readline/.. -I../bfd -I../.././../gdb/gdb-7.5.1/gdb/../bfd -I../.././../gdb/gdb-7.5.1/gdb/../include -I../libdecnumber -I../.././../gdb/gdb-7.5.1/gdb/../libdecnumber  -I../.././../gdb/gdb-7.5.1/gdb/gnulib/import -Ibuild-gnulib/import   -DTUI=1 -I/home/sparksco/android/toolchain/aosp/build/temp-install/include  -Wall -Wdeclaration-after-statement -Wpointer-arith -Wformat-nonliteral -Wno-pointer-sign -Wno-unused -Wunused-value -Wunused-function -Wno-switch -Wno-char-subscripts -Wmissing-prototypes -Wdeclaration-after-statement  -c -o target-memory.o -MT target-memory.o -MMD -MP -MF .deps/target-memory.Tpo ../.././../gdb/gdb-7.5.1/gdb/target-memory.c
yes
checking how to run the C preprocessor... checking whether fwrite_unlocked is declared... gcc-4.7 -g -O2   -I. -I../.././../gdb/gdb-7.5.1/gdb -I../.././../gdb/gdb-7.5.1/gdb/common -I../.././../gdb/gdb-7.5.1/gdb/config -DLOCALEDIR="\"/home/sparksco/android/arm-linux-androideabi/share/locale\"" -DHAVE_CONFIG_H -I../.././../gdb/gdb-7.5.1/gdb/../include/opcode -I../.././../gdb/gdb-7.5.1/gdb/../opcodes/.. -I../.././../gdb/gdb-7.5.1/gdb/../readline/.. -I../bfd -I../.././../gdb/gdb-7.5.1/gdb/../bfd -I../.././../gdb/gdb-7.5.1/gdb/../include -I../libdecnumber -I../.././../gdb/gdb-7.5.1/gdb/../libdecnumber  -I../.././../gdb/gdb-7.5.1/gdb/gnulib/import -Ibuild-gnulib/import   -DTUI=1 -I/home/sparksco/android/toolchain/aosp/build/temp-install/include  -Wall -Wdeclaration-after-statement -Wpointer-arith -Wformat-nonliteral -Wno-pointer-sign -Wno-unused -Wunused-value -Wunused-function -Wno-switch -Wno-char-subscripts -Wmissing-prototypes -Wdeclaration-after-statement  -c -o xml-tdesc.o -MT xml-tdesc.o -MMD -MP -MF .deps/xml-tdesc.Tpo ../.././../gdb/gdb-7.5.1/gdb/xml-tdesc.c
gcc-4.7 -E
yes
checking for grep that handles long lines and -e... /bin/grep
checking for egrep... /bin/grep -E
checking for ANSI C header files... gcc-4.7 -g -O2   -I. -I../.././../gdb/gdb-7.5.1/gdb -I../.././../gdb/gdb-7.5.1/gdb/common -I../.././../gdb/gdb-7.5.1/gdb/config -DLOCALEDIR="\"/home/sparksco/android/arm-linux-androideabi/share/locale\"" -DHAVE_CONFIG_H -I../.././../gdb/gdb-7.5.1/gdb/../include/opcode -I../.././../gdb/gdb-7.5.1/gdb/../opcodes/.. -I../.././../gdb/gdb-7.5.1/gdb/../readline/.. -I../bfd -I../.././../gdb/gdb-7.5.1/gdb/../bfd -I../.././../gdb/gdb-7.5.1/gdb/../include -I../libdecnumber -I../.././../gdb/gdb-7.5.1/gdb/../libdecnumber  -I../.././../gdb/gdb-7.5.1/gdb/gnulib/import -Ibuild-gnulib/import   -DTUI=1 -I/home/sparksco/android/toolchain/aosp/build/temp-install/include  -Wall -Wdeclaration-after-statement -Wpointer-arith -Wformat-nonliteral -Wno-pointer-sign -Wno-unused -Wunused-value -Wunused-function -Wno-switch -Wno-char-subscripts -Wmissing-prototypes -Wdeclaration-after-statement  -c -o xml-builtin.o -MT xml-builtin.o -MMD -MP -MF .deps/xml-builtin.Tpo xml-builtin.c
gcc-4.7 -g -O2   -I. -I../.././../gdb/gdb-7.5.1/gdb -I../.././../gdb/gdb-7.5.1/gdb/common -I../.././../gdb/gdb-7.5.1/gdb/config -DLOCALEDIR="\"/home/sparksco/android/arm-linux-androideabi/share/locale\"" -DHAVE_CONFIG_H -I../.././../gdb/gdb-7.5.1/gdb/../include/opcode -I../.././../gdb/gdb-7.5.1/gdb/../opcodes/.. -I../.././../gdb/gdb-7.5.1/gdb/../readline/.. -I../bfd -I../.././../gdb/gdb-7.5.1/gdb/../bfd -I../.././../gdb/gdb-7.5.1/gdb/../include -I../libdecnumber -I../.././../gdb/gdb-7.5.1/gdb/../libdecnumber  -I../.././../gdb/gdb-7.5.1/gdb/gnulib/import -Ibuild-gnulib/import   -DTUI=1 -I/home/sparksco/android/toolchain/aosp/build/temp-install/include  -Wall -Wdeclaration-after-statement -Wpointer-arith -Wformat-nonliteral -Wno-pointer-sign -Wno-unused -Wunused-value -Wunused-function -Wno-switch -Wno-char-subscripts -Wmissing-prototypes -Wdeclaration-after-statement  -c -o inferior.o -MT inferior.o -MMD -MP -MF .deps/inferior.Tpo ../.././../gdb/gdb-7.5.1/gdb/inferior.c
checking whether getchar_unlocked is declared... gcc-4.7 -g -O2   -I. -I../.././../gdb/gdb-7.5.1/gdb -I../.././../gdb/gdb-7.5.1/gdb/common -I../.././../gdb/gdb-7.5.1/gdb/config -DLOCALEDIR="\"/home/sparksco/android/arm-linux-androideabi/share/locale\"" -DHAVE_CONFIG_H -I../.././../gdb/gdb-7.5.1/gdb/../include/opcode -I../.././../gdb/gdb-7.5.1/gdb/../opcodes/.. -I../.././../gdb/gdb-7.5.1/gdb/../readline/.. -I../bfd -I../.././../gdb/gdb-7.5.1/gdb/../bfd -I../.././../gdb/gdb-7.5.1/gdb/../include -I../libdecnumber -I../.././../gdb/gdb-7.5.1/gdb/../libdecnumber  -I../.././../gdb/gdb-7.5.1/gdb/gnulib/import -Ibuild-gnulib/import   -DTUI=1 -I/home/sparksco/android/toolchain/aosp/build/temp-install/include  -Wall -Wdeclaration-after-statement -Wpointer-arith -Wformat-nonliteral -Wno-pointer-sign -Wno-unused -Wunused-value -Wunused-function -Wno-switch -Wno-char-subscripts -Wmissing-prototypes -Wdeclaration-after-statement  -c -o osdata.o -MT osdata.o -MMD -MP -MF .deps/osdata.Tpo ../.././../gdb/gdb-7.5.1/gdb/osdata.c
yes
checking whether getc_unlocked is declared... gcc-4.7 -g -O2   -I. -I../.././../gdb/gdb-7.5.1/gdb -I../.././../gdb/gdb-7.5.1/gdb/common -I../.././../gdb/gdb-7.5.1/gdb/config -DLOCALEDIR="\"/home/sparksco/android/arm-linux-androideabi/share/locale\"" -DHAVE_CONFIG_H -I../.././../gdb/gdb-7.5.1/gdb/../include/opcode -I../.././../gdb/gdb-7.5.1/gdb/../opcodes/.. -I../.././../gdb/gdb-7.5.1/gdb/../readline/.. -I../bfd -I../.././../gdb/gdb-7.5.1/gdb/../bfd -I../.././../gdb/gdb-7.5.1/gdb/../include -I../libdecnumber -I../.././../gdb/gdb-7.5.1/gdb/../libdecnumber  -I../.././../gdb/gdb-7.5.1/gdb/gnulib/import -Ibuild-gnulib/import   -DTUI=1 -I/home/sparksco/android/toolchain/aosp/build/temp-install/include  -Wall -Wdeclaration-after-statement -Wpointer-arith -Wformat-nonliteral -Wno-pointer-sign -Wno-unused -Wunused-value -Wunused-function -Wno-switch -Wno-char-subscripts -Wmissing-prototypes -Wdeclaration-after-statement  -c -o gdb_usleep.o -MT gdb_usleep.o -MMD -MP -MF .deps/gdb_usleep.Tpo ../.././../gdb/gdb-7.5.1/gdb/gdb_usleep.c
gcc-4.7 -g -O2   -I. -I../.././../gdb/gdb-7.5.1/gdb -I../.././../gdb/gdb-7.5.1/gdb/common -I../.././../gdb/gdb-7.5.1/gdb/config -DLOCALEDIR="\"/home/sparksco/android/arm-linux-androideabi/share/locale\"" -DHAVE_CONFIG_H -I../.././../gdb/gdb-7.5.1/gdb/../include/opcode -I../.././../gdb/gdb-7.5.1/gdb/../opcodes/.. -I../.././../gdb/gdb-7.5.1/gdb/../readline/.. -I../bfd -I../.././../gdb/gdb-7.5.1/gdb/../bfd -I../.././../gdb/gdb-7.5.1/gdb/../include -I../libdecnumber -I../.././../gdb/gdb-7.5.1/gdb/../libdecnumber  -I../.././../gdb/gdb-7.5.1/gdb/gnulib/import -Ibuild-gnulib/import   -DTUI=1 -I/home/sparksco/android/toolchain/aosp/build/temp-install/include  -Wall -Wdeclaration-after-statement -Wpointer-arith -Wformat-nonliteral -Wno-pointer-sign -Wno-unused -Wunused-value -Wunused-function -Wno-switch -Wno-char-subscripts -Wmissing-prototypes -Wdeclaration-after-statement  -c -o record.o -MT record.o -MMD -MP -MF .deps/record.Tpo ../.././../gdb/gdb-7.5.1/gdb/record.c
yes
gcc-4.7 -g -O2   -I. -I../.././../gdb/gdb-7.5.1/gdb -I../.././../gdb/gdb-7.5.1/gdb/common -I../.././../gdb/gdb-7.5.1/gdb/config -DLOCALEDIR="\"/home/sparksco/android/arm-linux-androideabi/share/locale\"" -DHAVE_CONFIG_H -I../.././../gdb/gdb-7.5.1/gdb/../include/opcode -I../.././../gdb/gdb-7.5.1/gdb/../opcodes/.. -I../.././../gdb/gdb-7.5.1/gdb/../readline/.. -I../bfd -I../.././../gdb/gdb-7.5.1/gdb/../bfd -I../.././../gdb/gdb-7.5.1/gdb/../include -I../libdecnumber -I../.././../gdb/gdb-7.5.1/gdb/../libdecnumber  -I../.././../gdb/gdb-7.5.1/gdb/gnulib/import -Ibuild-gnulib/import   -DTUI=1 -I/home/sparksco/android/toolchain/aosp/build/temp-install/include  -Wall -Wdeclaration-after-statement -Wpointer-arith -Wformat-nonliteral -Wno-pointer-sign -Wno-unused -Wunused-value -Wunused-function -Wno-switch -Wno-char-subscripts -Wmissing-prototypes -Wdeclaration-after-statement  -c -o gcore.o -MT gcore.o -MMD -MP -MF .deps/gcore.Tpo ../.././../gdb/gdb-7.5.1/gdb/gcore.c
checking whether putchar_unlocked is declared... yes
gcc-4.7 -g -O2   -I. -I../.././../gdb/gdb-7.5.1/gdb -I../.././../gdb/gdb-7.5.1/gdb/common -I../.././../gdb/gdb-7.5.1/gdb/config -DLOCALEDIR="\"/home/sparksco/android/arm-linux-androideabi/share/locale\"" -DHAVE_CONFIG_H -I../.././../gdb/gdb-7.5.1/gdb/../include/opcode -I../.././../gdb/gdb-7.5.1/gdb/../opcodes/.. -I../.././../gdb/gdb-7.5.1/gdb/../readline/.. -I../bfd -I../.././../gdb/gdb-7.5.1/gdb/../bfd -I../.././../gdb/gdb-7.5.1/gdb/../include -I../libdecnumber -I../.././../gdb/gdb-7.5.1/gdb/../libdecnumber  -I../.././../gdb/gdb-7.5.1/gdb/gnulib/import -Ibuild-gnulib/import   -DTUI=1 -I/home/sparksco/android/toolchain/aosp/build/temp-install/include  -Wall -Wdeclaration-after-statement -Wpointer-arith -Wformat-nonliteral -Wno-pointer-sign -Wno-unused -Wunused-value -Wunused-function -Wno-switch -Wno-char-subscripts -Wmissing-prototypes -Wdeclaration-after-statement  -c -o jit.o -MT jit.o -MMD -MP -MF .deps/jit.Tpo ../.././../gdb/gdb-7.5.1/gdb/jit.c
checking for sys/types.h... gcc-4.7 -g -O2   -I. -I../.././../gdb/gdb-7.5.1/gdb -I../.././../gdb/gdb-7.5.1/gdb/common -I../.././../gdb/gdb-7.5.1/gdb/config -DLOCALEDIR="\"/home/sparksco/android/arm-linux-androideabi/share/locale\"" -DHAVE_CONFIG_H -I../.././../gdb/gdb-7.5.1/gdb/../include/opcode -I../.././../gdb/gdb-7.5.1/gdb/../opcodes/.. -I../.././../gdb/gdb-7.5.1/gdb/../readline/.. -I../bfd -I../.././../gdb/gdb-7.5.1/gdb/../bfd -I../.././../gdb/gdb-7.5.1/gdb/../include -I../libdecnumber -I../.././../gdb/gdb-7.5.1/gdb/../libdecnumber  -I../.././../gdb/gdb-7.5.1/gdb/gnulib/import -Ibuild-gnulib/import   -DTUI=1 -I/home/sparksco/android/toolchain/aosp/build/temp-install/include  -Wall -Wdeclaration-after-statement -Wpointer-arith -Wformat-nonliteral -Wno-pointer-sign -Wno-unused -Wunused-value -Wunused-function -Wno-switch -Wno-char-subscripts -Wmissing-prototypes -Wdeclaration-after-statement  -c -o progspace.o -MT progspace.o -MMD -MP -MF .deps/progspace.Tpo ../.././../gdb/gdb-7.5.1/gdb/progspace.c
gcc-4.7 -g -O2   -I. -I../.././../gdb/gdb-7.5.1/gdb -I../.././../gdb/gdb-7.5.1/gdb/common -I../.././../gdb/gdb-7.5.1/gdb/config -DLOCALEDIR="\"/home/sparksco/android/arm-linux-androideabi/share/locale\"" -DHAVE_CONFIG_H -I../.././../gdb/gdb-7.5.1/gdb/../include/opcode -I../.././../gdb/gdb-7.5.1/gdb/../opcodes/.. -I../.././../gdb/gdb-7.5.1/gdb/../readline/.. -I../bfd -I../.././../gdb/gdb-7.5.1/gdb/../bfd -I../.././../gdb/gdb-7.5.1/gdb/../include -I../libdecnumber -I../.././../gdb/gdb-7.5.1/gdb/../libdecnumber  -I../.././../gdb/gdb-7.5.1/gdb/gnulib/import -Ibuild-gnulib/import   -DTUI=1 -I/home/sparksco/android/toolchain/aosp/build/temp-install/include  -Wall -Wdeclaration-after-statement -Wpointer-arith -Wformat-nonliteral -Wno-pointer-sign -Wno-unused -Wunused-value -Wunused-function -Wno-switch -Wno-char-subscripts -Wmissing-prototypes -Wdeclaration-after-statement  -c -o skip.o -MT skip.o -MMD -MP -MF .deps/skip.Tpo ../.././../gdb/gdb-7.5.1/gdb/skip.c
yes
yes
checking whether putc_unlocked is declared... checking for sys/stat.h... gcc-4.7 -g -O2   -I. -I../.././../gdb/gdb-7.5.1/gdb -I../.././../gdb/gdb-7.5.1/gdb/common -I../.././../gdb/gdb-7.5.1/gdb/config -DLOCALEDIR="\"/home/sparksco/android/arm-linux-androideabi/share/locale\"" -DHAVE_CONFIG_H -I../.././../gdb/gdb-7.5.1/gdb/../include/opcode -I../.././../gdb/gdb-7.5.1/gdb/../opcodes/.. -I../.././../gdb/gdb-7.5.1/gdb/../readline/.. -I../bfd -I../.././../gdb/gdb-7.5.1/gdb/../bfd -I../.././../gdb/gdb-7.5.1/gdb/../include -I../libdecnumber -I../.././../gdb/gdb-7.5.1/gdb/../libdecnumber  -I../.././../gdb/gdb-7.5.1/gdb/gnulib/import -Ibuild-gnulib/import   -DTUI=1 -I/home/sparksco/android/toolchain/aosp/build/temp-install/include  -Wall -Wdeclaration-after-statement -Wpointer-arith -Wformat-nonliteral -Wno-pointer-sign -Wno-unused -Wunused-value -Wunused-function -Wno-switch -Wno-char-subscripts -Wmissing-prototypes -Wdeclaration-after-statement  -c -o probe.o -MT probe.o -MMD -MP -MF .deps/probe.Tpo ../.././../gdb/gdb-7.5.1/gdb/probe.c
yes
yes
checking for working alloca.h... checking for stdlib.h... gcc-4.7 -g -O2   -I. -I../.././../gdb/gdb-7.5.1/gdb -I../.././../gdb/gdb-7.5.1/gdb/common -I../.././../gdb/gdb-7.5.1/gdb/config -DLOCALEDIR="\"/home/sparksco/android/arm-linux-androideabi/share/locale\"" -DHAVE_CONFIG_H -I../.././../gdb/gdb-7.5.1/gdb/../include/opcode -I../.././../gdb/gdb-7.5.1/gdb/../opcodes/.. -I../.././../gdb/gdb-7.5.1/gdb/../readline/.. -I../bfd -I../.././../gdb/gdb-7.5.1/gdb/../bfd -I../.././../gdb/gdb-7.5.1/gdb/../include -I../libdecnumber -I../.././../gdb/gdb-7.5.1/gdb/../libdecnumber  -I../.././../gdb/gdb-7.5.1/gdb/gnulib/import -Ibuild-gnulib/import   -DTUI=1 -I/home/sparksco/android/toolchain/aosp/build/temp-install/include  -Wall -Wdeclaration-after-statement -Wpointer-arith -Wformat-nonliteral -Wno-pointer-sign -Wno-unused -Wunused-value -Wunused-function -Wno-switch -Wno-char-subscripts -Wmissing-prototypes -Wdeclaration-after-statement  -c -o common-utils.o -MT common-utils.o -MMD -MP -MF .deps/common-utils.Tpo ../.././../gdb/gdb-7.5.1/gdb/common/common-utils.c
gcc-4.7 -g -O2   -I. -I../.././../gdb/gdb-7.5.1/gdb -I../.././../gdb/gdb-7.5.1/gdb/common -I../.././../gdb/gdb-7.5.1/gdb/config -DLOCALEDIR="\"/home/sparksco/android/arm-linux-androideabi/share/locale\"" -DHAVE_CONFIG_H -I../.././../gdb/gdb-7.5.1/gdb/../include/opcode -I../.././../gdb/gdb-7.5.1/gdb/../opcodes/.. -I../.././../gdb/gdb-7.5.1/gdb/../readline/.. -I../bfd -I../.././../gdb/gdb-7.5.1/gdb/../bfd -I../.././../gdb/gdb-7.5.1/gdb/../include -I../libdecnumber -I../.././../gdb/gdb-7.5.1/gdb/../libdecnumber  -I../.././../gdb/gdb-7.5.1/gdb/gnulib/import -Ibuild-gnulib/import   -DTUI=1 -I/home/sparksco/android/toolchain/aosp/build/temp-install/include  -Wall -Wdeclaration-after-statement -Wpointer-arith -Wformat-nonliteral -Wno-pointer-sign -Wno-unused -Wunused-value -Wunused-function -Wno-switch -Wno-char-subscripts -Wmissing-prototypes -Wdeclaration-after-statement  -c -o buffer.o -MT buffer.o -MMD -MP -MF .deps/buffer.Tpo ../.././../gdb/gdb-7.5.1/gdb/common/buffer.c
yes
checking for alloca... gcc-4.7 -g -O2   -I. -I../.././../gdb/gdb-7.5.1/gdb -I../.././../gdb/gdb-7.5.1/gdb/common -I../.././../gdb/gdb-7.5.1/gdb/config -DLOCALEDIR="\"/home/sparksco/android/arm-linux-androideabi/share/locale\"" -DHAVE_CONFIG_H -I../.././../gdb/gdb-7.5.1/gdb/../include/opcode -I../.././../gdb/gdb-7.5.1/gdb/../opcodes/.. -I../.././../gdb/gdb-7.5.1/gdb/../readline/.. -I../bfd -I../.././../gdb/gdb-7.5.1/gdb/../bfd -I../.././../gdb/gdb-7.5.1/gdb/../include -I../libdecnumber -I../.././../gdb/gdb-7.5.1/gdb/../libdecnumber  -I../.././../gdb/gdb-7.5.1/gdb/gnulib/import -Ibuild-gnulib/import   -DTUI=1 -I/home/sparksco/android/toolchain/aosp/build/temp-install/include  -Wall -Wdeclaration-after-statement -Wpointer-arith -Wformat-nonliteral -Wno-pointer-sign -Wno-unused -Wunused-value -Wunused-function -Wno-switch -Wno-char-subscripts -Wmissing-prototypes -Wdeclaration-after-statement  -c -o ptid.o -MT ptid.o -MMD -MP -MF .deps/ptid.Tpo ../.././../gdb/gdb-7.5.1/gdb/common/ptid.c
yes
gcc-4.7 -g -O2   -I. -I../.././../gdb/gdb-7.5.1/gdb -I../.././../gdb/gdb-7.5.1/gdb/common -I../.././../gdb/gdb-7.5.1/gdb/config -DLOCALEDIR="\"/home/sparksco/android/arm-linux-androideabi/share/locale\"" -DHAVE_CONFIG_H -I../.././../gdb/gdb-7.5.1/gdb/../include/opcode -I../.././../gdb/gdb-7.5.1/gdb/../opcodes/.. -I../.././../gdb/gdb-7.5.1/gdb/../readline/.. -I../bfd -I../.././../gdb/gdb-7.5.1/gdb/../bfd -I../.././../gdb/gdb-7.5.1/gdb/../include -I../libdecnumber -I../.././../gdb/gdb-7.5.1/gdb/../libdecnumber  -I../.././../gdb/gdb-7.5.1/gdb/gnulib/import -Ibuild-gnulib/import   -DTUI=1 -I/home/sparksco/android/toolchain/aosp/build/temp-install/include  -Wall -Wdeclaration-after-statement -Wpointer-arith -Wformat-nonliteral -Wno-pointer-sign -Wno-unused -Wunused-value -Wunused-function -Wno-switch -Wno-char-subscripts -Wmissing-prototypes -Wdeclaration-after-statement  -c -o gdb-dlfcn.o -MT gdb-dlfcn.o -MMD -MP -MF .deps/gdb-dlfcn.Tpo ../.././../gdb/gdb-7.5.1/gdb/gdb-dlfcn.c
checking for string.h... gcc-4.7 -g -O2   -I. -I../.././../gdb/gdb-7.5.1/gdb -I../.././../gdb/gdb-7.5.1/gdb/common -I../.././../gdb/gdb-7.5.1/gdb/config -DLOCALEDIR="\"/home/sparksco/android/arm-linux-androideabi/share/locale\"" -DHAVE_CONFIG_H -I../.././../gdb/gdb-7.5.1/gdb/../include/opcode -I../.././../gdb/gdb-7.5.1/gdb/../opcodes/.. -I../.././../gdb/gdb-7.5.1/gdb/../readline/.. -I../bfd -I../.././../gdb/gdb-7.5.1/gdb/../bfd -I../.././../gdb/gdb-7.5.1/gdb/../include -I../libdecnumber -I../.././../gdb/gdb-7.5.1/gdb/../libdecnumber  -I../.././../gdb/gdb-7.5.1/gdb/gnulib/import -Ibuild-gnulib/import   -DTUI=1 -I/home/sparksco/android/toolchain/aosp/build/temp-install/include  -Wall -Wdeclaration-after-statement -Wpointer-arith -Wformat-nonliteral -Wno-pointer-sign -Wno-unused -Wunused-value -Wunused-function -Wno-switch -Wno-char-subscripts -Wmissing-prototypes -Wdeclaration-after-statement  -c -o common-agent.o -MT common-agent.o -MMD -MP -MF .deps/common-agent.Tpo ../.././../gdb/gdb-7.5.1/gdb/common/agent.c
yes
checking for ANSI C header files... (cached) yes
checking for nl_langinfo and CODESET... yes
gcc-4.7 -g -O2   -I. -I../.././../gdb/gdb-7.5.1/gdb -I../.././../gdb/gdb-7.5.1/gdb/common -I../.././../gdb/gdb-7.5.1/gdb/config -DLOCALEDIR="\"/home/sparksco/android/arm-linux-androideabi/share/locale\"" -DHAVE_CONFIG_H -I../.././../gdb/gdb-7.5.1/gdb/../include/opcode -I../.././../gdb/gdb-7.5.1/gdb/../opcodes/.. -I../.././../gdb/gdb-7.5.1/gdb/../readline/.. -I../bfd -I../.././../gdb/gdb-7.5.1/gdb/../bfd -I../.././../gdb/gdb-7.5.1/gdb/../include -I../libdecnumber -I../.././../gdb/gdb-7.5.1/gdb/../libdecnumber  -I../.././../gdb/gdb-7.5.1/gdb/gnulib/import -Ibuild-gnulib/import   -DTUI=1 -I/home/sparksco/android/toolchain/aosp/build/temp-install/include  -Wall -Wdeclaration-after-statement -Wpointer-arith -Wformat-nonliteral -Wno-pointer-sign -Wno-unused -Wunused-value -Wunused-function -Wno-switch -Wno-char-subscripts -Wmissing-prototypes -Wdeclaration-after-statement  -c -o format.o -MT format.o -MMD -MP -MF .deps/format.Tpo ../.././../gdb/gdb-7.5.1/gdb/common/format.c
gcc-4.7 -g -O2   -I. -I../.././../gdb/gdb-7.5.1/gdb -I../.././../gdb/gdb-7.5.1/gdb/common -I../.././../gdb/gdb-7.5.1/gdb/config -DLOCALEDIR="\"/home/sparksco/android/arm-linux-androideabi/share/locale\"" -DHAVE_CONFIG_H -I../.././../gdb/gdb-7.5.1/gdb/../include/opcode -I../.././../gdb/gdb-7.5.1/gdb/../opcodes/.. -I../.././../gdb/gdb-7.5.1/gdb/../readline/.. -I../bfd -I../.././../gdb/gdb-7.5.1/gdb/../bfd -I../.././../gdb/gdb-7.5.1/gdb/../include -I../libdecnumber -I../.././../gdb/gdb-7.5.1/gdb/../libdecnumber  -I../.././../gdb/gdb-7.5.1/gdb/gnulib/import -Ibuild-gnulib/import   -DTUI=1 -I/home/sparksco/android/toolchain/aosp/build/temp-install/include  -Wall -Wdeclaration-after-statement -Wpointer-arith -Wformat-nonliteral -Wno-pointer-sign -Wno-unused -Wunused-value -Wunused-function -Wno-switch -Wno-char-subscripts -Wmissing-prototypes -Wdeclaration-after-statement  -c -o inflow.o -MT inflow.o -MMD -MP -MF .deps/inflow.Tpo ../.././../gdb/gdb-7.5.1/gdb/inflow.c
checking for memory.h... yes
yes
checking whether NLS is requested... no
checking for uchar... checking for strings.h... 
checking for ld used by GCC... ld
checking if the linker (ld) is GNU ld... yes
checking for shared library run path origin... yes
checking for inttypes.h... done
checking for iconv... yes
checking for stdint.h... yes
checking for iconv declaration... yes
checking for unistd.h... install-shextern size_t iconv (iconv_t cd, char * *inbuf, size_t *inbytesleft, char * *outbuf, size_t *outbytesleft);
yes
checking minix/config.h usability... configure: updating cache ./config.cache
configure: creating ./config.status
no
checking minix/config.h presence... no
checking for minix/config.h... no
checking whether it is safe to define __EXTENSIONS__... Making init.c
config.status: creating Makefile
yes
checking how to run the C preprocessor... gcc-4.7 -E
config.status: creating config.h
config.status: executing depdir commands
mkdir -p -- .deps
checking for inline... inline
checking for special C compiler options needed for large files... no
checking for _FILE_OFFSET_BITS value needed for large files... no
checking size of void *... make[3]: Entering directory `/home/sparksco/android/toolchain/aosp/build/gcc-195953/libcpp'
g++-4.7  -I../.././../gcc/gcc-195953/libcpp -I. -I../.././../gcc/gcc-195953/libcpp/../include -I../.././../gcc/gcc-195953/libcpp/include  -g -O2 -W -Wall -Wno-narrowing -Wwrite-strings -Wmissing-format-attribute -pedantic -Wno-long-long  -fno-exceptions -fno-rtti -I../.././../gcc/gcc-195953/libcpp -I. -I../.././../gcc/gcc-195953/libcpp/../include -I../.././../gcc/gcc-195953/libcpp/include  -c -o charset.o -MT charset.o -MMD -MP -MF .deps/charset.Tpo ../.././../gcc/gcc-195953/libcpp/charset.c
g++-4.7  -I../.././../gcc/gcc-195953/libcpp -I. -I../.././../gcc/gcc-195953/libcpp/../include -I../.././../gcc/gcc-195953/libcpp/include  -g -O2 -W -Wall -Wno-narrowing -Wwrite-strings -Wmissing-format-attribute -pedantic -Wno-long-long  -fno-exceptions -fno-rtti -I../.././../gcc/gcc-195953/libcpp -I. -I../.././../gcc/gcc-195953/libcpp/../include -I../.././../gcc/gcc-195953/libcpp/include  -c -o directives.o -MT directives.o -MMD -MP -MF .deps/directives.Tpo ../.././../gcc/gcc-195953/libcpp/directives.c
g++-4.7  -I../.././../gcc/gcc-195953/libcpp -I. -I../.././../gcc/gcc-195953/libcpp/../include -I../.././../gcc/gcc-195953/libcpp/include  -g -O2 -W -Wall -Wno-narrowing -Wwrite-strings -Wmissing-format-attribute -pedantic -Wno-long-long  -fno-exceptions -fno-rtti -I../.././../gcc/gcc-195953/libcpp -I. -I../.././../gcc/gcc-195953/libcpp/../include -I../.././../gcc/gcc-195953/libcpp/include  -c -o directives-only.o -MT directives-only.o -MMD -MP -MF .deps/directives-only.Tpo ../.././../gcc/gcc-195953/libcpp/directives-only.c
g++-4.7  -I../.././../gcc/gcc-195953/libcpp -I. -I../.././../gcc/gcc-195953/libcpp/../include -I../.././../gcc/gcc-195953/libcpp/include  -g -O2 -W -Wall -Wno-narrowing -Wwrite-strings -Wmissing-format-attribute -pedantic -Wno-long-long  -fno-exceptions -fno-rtti -I../.././../gcc/gcc-195953/libcpp -I. -I../.././../gcc/gcc-195953/libcpp/../include -I../.././../gcc/gcc-195953/libcpp/include  -c -o errors.o -MT errors.o -MMD -MP -MF .deps/errors.Tpo ../.././../gcc/gcc-195953/libcpp/errors.c
g++-4.7  -I../.././../gcc/gcc-195953/libcpp -I. -I../.././../gcc/gcc-195953/libcpp/../include -I../.././../gcc/gcc-195953/libcpp/include  -g -O2 -W -Wall -Wno-narrowing -Wwrite-strings -Wmissing-format-attribute -pedantic -Wno-long-long  -fno-exceptions -fno-rtti -I../.././../gcc/gcc-195953/libcpp -I. -I../.././../gcc/gcc-195953/libcpp/../include -I../.././../gcc/gcc-195953/libcpp/include  -c -o expr.o -MT expr.o -MMD -MP -MF .deps/expr.Tpo ../.././../gcc/gcc-195953/libcpp/expr.c
g++-4.7  -I../.././../gcc/gcc-195953/libcpp -I. -I../.././../gcc/gcc-195953/libcpp/../include -I../.././../gcc/gcc-195953/libcpp/include  -g -O2 -W -Wall -Wno-narrowing -Wwrite-strings -Wmissing-format-attribute -pedantic -Wno-long-long  -fno-exceptions -fno-rtti -I../.././../gcc/gcc-195953/libcpp -I. -I../.././../gcc/gcc-195953/libcpp/../include -I../.././../gcc/gcc-195953/libcpp/include  -c -o files.o -MT files.o -MMD -MP -MF .deps/files.Tpo ../.././../gcc/gcc-195953/libcpp/files.c
g++-4.7  -I../.././../gcc/gcc-195953/libcpp -I. -I../.././../gcc/gcc-195953/libcpp/../include -I../.././../gcc/gcc-195953/libcpp/include  -g -O2 -W -Wall -Wno-narrowing -Wwrite-strings -Wmissing-format-attribute -pedantic -Wno-long-long  -fno-exceptions -fno-rtti -I../.././../gcc/gcc-195953/libcpp -I. -I../.././../gcc/gcc-195953/libcpp/../include -I../.././../gcc/gcc-195953/libcpp/include  -c -o identifiers.o -MT identifiers.o -MMD -MP -MF .deps/identifiers.Tpo ../.././../gcc/gcc-195953/libcpp/identifiers.c
echo "#define LOCALEDIR \"/home/sparksco/android/arm-linux-androideabi/share/locale\"" > localedir.new
../.././../gcc/gcc-195953/libcpp/../move-if-change localedir.new localedir.h
echo timestamp > localedir.hs
g++-4.7  -I../.././../gcc/gcc-195953/libcpp -I. -I../.././../gcc/gcc-195953/libcpp/../include -I../.././../gcc/gcc-195953/libcpp/include  -g -O2 -W -Wall -Wno-narrowing -Wwrite-strings -Wmissing-format-attribute -pedantic -Wno-long-long  -fno-exceptions -fno-rtti -I../.././../gcc/gcc-195953/libcpp -I. -I../.././../gcc/gcc-195953/libcpp/../include -I../.././../gcc/gcc-195953/libcpp/include  -c -o lex.o -MT lex.o -MMD -MP -MF .deps/lex.Tpo ../.././../gcc/gcc-195953/libcpp/lex.c
../.././../gcc/gcc-195953/libcpp/expr.c: In function ‘unsigned int cpp_classify_number(cpp_reader*, const cpp_token*, const char**, source_location)’:
../.././../gcc/gcc-195953/libcpp/expr.c:629:18: warning: format not a string literal and no format arguments [-Wformat-security]
../.././../gcc/gcc-195953/libcpp/expr.c:632:39: warning: format not a string literal and no format arguments [-Wformat-security]
8
checking size of short... g++-4.7  -I../.././../gcc/gcc-195953/libcpp -I. -I../.././../gcc/gcc-195953/libcpp/../include -I../.././../gcc/gcc-195953/libcpp/include  -g -O2 -W -Wall -Wno-narrowing -Wwrite-strings -Wmissing-format-attribute -pedantic -Wno-long-long  -fno-exceptions -fno-rtti -I../.././../gcc/gcc-195953/libcpp -I. -I../.././../gcc/gcc-195953/libcpp/../include -I../.././../gcc/gcc-195953/libcpp/include  -c -o line-map.o -MT line-map.o -MMD -MP -MF .deps/line-map.Tpo ../.././../gcc/gcc-195953/libcpp/line-map.c
../.././../gcc/gcc-195953/libcpp/directives.c: In function ‘void cpp_define_formatted(cpp_reader*, const char*, ...)’:
../.././../gcc/gcc-195953/libcpp/directives.c:2380:28: warning: ignoring return value of ‘int vasprintf(char**, const char*, __va_list_tag*)’, declared with attribute warn_unused_result [-Wunused-result]
g++-4.7  -I../.././../gcc/gcc-195953/libcpp -I. -I../.././../gcc/gcc-195953/libcpp/../include -I../.././../gcc/gcc-195953/libcpp/include  -g -O2 -W -Wall -Wno-narrowing -Wwrite-strings -Wmissing-format-attribute -pedantic -Wno-long-long  -fno-exceptions -fno-rtti -I../.././../gcc/gcc-195953/libcpp -I. -I../.././../gcc/gcc-195953/libcpp/../include -I../.././../gcc/gcc-195953/libcpp/include  -c -o macro.o -MT macro.o -MMD -MP -MF .deps/macro.Tpo ../.././../gcc/gcc-195953/libcpp/macro.c
g++-4.7  -I../.././../gcc/gcc-195953/libcpp -I. -I../.././../gcc/gcc-195953/libcpp/../include -I../.././../gcc/gcc-195953/libcpp/include  -g -O2 -W -Wall -Wno-narrowing -Wwrite-strings -Wmissing-format-attribute -pedantic -Wno-long-long  -fno-exceptions -fno-rtti -I../.././../gcc/gcc-195953/libcpp -I. -I../.././../gcc/gcc-195953/libcpp/../include -I../.././../gcc/gcc-195953/libcpp/include  -c -o mkdeps.o -MT mkdeps.o -MMD -MP -MF .deps/mkdeps.Tpo ../.././../gcc/gcc-195953/libcpp/mkdeps.c
../.././../gcc/gcc-195953/libcpp/macro.c: In function ‘bool create_iso_definition(cpp_reader*, cpp_macro*)’:
../.././../gcc/gcc-195953/libcpp/macro.c:2965:58: warning: format not a string literal and no format arguments [-Wformat-security]
../.././../gcc/gcc-195953/libcpp/macro.c:2978:58: warning: format not a string literal and no format arguments [-Wformat-security]
2
checking size of int... g++-4.7  -I../.././../gcc/gcc-195953/libcpp -I. -I../.././../gcc/gcc-195953/libcpp/../include -I../.././../gcc/gcc-195953/libcpp/include  -g -O2 -W -Wall -Wno-narrowing -Wwrite-strings -Wmissing-format-attribute -pedantic -Wno-long-long  -fno-exceptions -fno-rtti -I../.././../gcc/gcc-195953/libcpp -I. -I../.././../gcc/gcc-195953/libcpp/../include -I../.././../gcc/gcc-195953/libcpp/include  -c -o pch.o -MT pch.o -MMD -MP -MF .deps/pch.Tpo ../.././../gcc/gcc-195953/libcpp/pch.c
4
checking size of long... g++-4.7  -I../.././../gcc/gcc-195953/libcpp -I. -I../.././../gcc/gcc-195953/libcpp/../include -I../.././../gcc/gcc-195953/libcpp/include  -g -O2 -W -Wall -Wno-narrowing -Wwrite-strings -Wmissing-format-attribute -pedantic -Wno-long-long  -fno-exceptions -fno-rtti -I../.././../gcc/gcc-195953/libcpp -I. -I../.././../gcc/gcc-195953/libcpp/../include -I../.././../gcc/gcc-195953/libcpp/include  -c -o symtab.o -MT symtab.o -MMD -MP -MF .deps/symtab.Tpo ../.././../gcc/gcc-195953/libcpp/symtab.c
8
checking for long long... g++-4.7  -I../.././../gcc/gcc-195953/libcpp -I. -I../.././../gcc/gcc-195953/libcpp/../include -I../.././../gcc/gcc-195953/libcpp/include  -g -O2 -W -Wall -Wno-narrowing -Wwrite-strings -Wmissing-format-attribute -pedantic -Wno-long-long  -fno-exceptions -fno-rtti -I../.././../gcc/gcc-195953/libcpp -I. -I../.././../gcc/gcc-195953/libcpp/../include -I../.././../gcc/gcc-195953/libcpp/include  -c -o traditional.o -MT traditional.o -MMD -MP -MF .deps/traditional.Tpo ../.././../gcc/gcc-195953/libcpp/traditional.c
yes
checking size of long long... g++-4.7  -I../.././../gcc/gcc-195953/libcpp -I. -I../.././../gcc/gcc-195953/libcpp/../include -I../.././../gcc/gcc-195953/libcpp/include  -g -O2 -W -Wall -Wno-narrowing -Wwrite-strings -Wmissing-format-attribute -pedantic -Wno-long-long  -fno-exceptions -fno-rtti -I../.././../gcc/gcc-195953/libcpp -I. -I../.././../gcc/gcc-195953/libcpp/../include -I../.././../gcc/gcc-195953/libcpp/include  -c -o init.o -MT init.o -MMD -MP -MF .deps/init.Tpo ../.././../gcc/gcc-195953/libcpp/init.c
8
checking for __int64... no
checking for int8_t... yes
checking for int16_t... gcc-4.7 -g -O2   -I. -I../.././../gdb/gdb-7.5.1/gdb -I../.././../gdb/gdb-7.5.1/gdb/common -I../.././../gdb/gdb-7.5.1/gdb/config -DLOCALEDIR="\"/home/sparksco/android/arm-linux-androideabi/share/locale\"" -DHAVE_CONFIG_H -I../.././../gdb/gdb-7.5.1/gdb/../include/opcode -I../.././../gdb/gdb-7.5.1/gdb/../opcodes/.. -I../.././../gdb/gdb-7.5.1/gdb/../readline/.. -I../bfd -I../.././../gdb/gdb-7.5.1/gdb/../bfd -I../.././../gdb/gdb-7.5.1/gdb/../include -I../libdecnumber -I../.././../gdb/gdb-7.5.1/gdb/../libdecnumber  -I../.././../gdb/gdb-7.5.1/gdb/gnulib/import -Ibuild-gnulib/import   -DTUI=1 -I/home/sparksco/android/toolchain/aosp/build/temp-install/include  -Wall -Wdeclaration-after-statement -Wpointer-arith -Wformat-nonliteral -Wno-pointer-sign -Wno-unused -Wunused-value -Wunused-function -Wno-switch -Wno-char-subscripts -Wmissing-prototypes -Wdeclaration-after-statement  -c -o init.o -MT init.o -MMD -MP -MF .deps/init.Tpo init.c
yes
checking for int32_t... rm -f libcpp.a
ar cru libcpp.a charset.o directives.o directives-only.o errors.o expr.o files.o identifiers.o init.o lex.o line-map.o macro.o mkdeps.o pch.o symtab.o traditional.o
ranlib libcpp.a
make[3]: Leaving directory `/home/sparksco/android/toolchain/aosp/build/gcc-195953/libcpp'
rm -f gdb
gcc-4.7 -g -O2      \
		-o gdb gdb.o arm-tdep.o arm-linux-tdep.o glibc-tdep.o solib-svr4.o symfile-mem.o linux-tdep.o ser-base.o ser-unix.o ser-pipe.o ser-tcp.o  remote.o dcache.o tracepoint.o ax-general.o ax-gdb.o remote-fileio.o  cli-dump.o cli-decode.o cli-script.o cli-cmds.o cli-setshow.o cli-logging.o cli-interp.o cli-utils.o mi-out.o mi-console.o mi-cmds.o mi-cmd-env.o mi-cmd-var.o mi-cmd-break.o mi-cmd-stack.o mi-cmd-file.o mi-cmd-disas.o mi-symbol-cmds.o mi-cmd-target.o mi-cmd-info.o mi-interp.o mi-main.o mi-parse.o mi-getopt.o tui-command.o tui-data.o tui-disasm.o tui-file.o tui-hooks.o tui-interp.o tui-io.o tui-layout.o tui-out.o tui-regs.o tui-source.o tui-stack.o tui-win.o tui-windata.o tui-wingeneral.o tui-winsource.o tui.o python.o py-value.o py-prettyprint.o py-auto-load.o elfread.o stap-probe.o posix-hdep.o c-exp.o cp-name-parser.o objc-exp.o ada-exp.o jv-exp.o f-exp.o go-exp.o m2-exp.o p-exp.o version.o annotate.o addrmap.o auto-load.o auxv.o agent.o bfd-target.o blockframe.o breakpoint.o findvar.o regcache.o cleanups.o charset.o continuations.o corelow.o disasm.o dummy-frame.o dfp.o source.o value.o eval.o valops.o valarith.o valprint.o printcmd.o block.o symtab.o psymtab.o symfile.o symmisc.o linespec.o dictionary.o infcall.o infcmd.o infrun.o expprint.o environ.o stack.o thread.o exceptions.o filesystem.o inf-child.o interps.o main.o macrotab.o macrocmd.o macroexp.o macroscope.o mi-common.o event-loop.o event-top.o inf-loop.o completer.o gdbarch.o arch-utils.o gdbtypes.o osabi.o copying.o memattr.o mem-break.o target.o parse.o language.o buildsym.o findcmd.o std-regs.o signals.o exec.o reverse.o bcache.o objfiles.o observer.o minsyms.o maint.o demangle.o dbxread.o coffread.o coff-pe-read.o dwarf2read.o mipsread.o stabsread.o corefile.o dwarf2expr.o dwarf2loc.o dwarf2-frame.o dwarf2-frame-tailcall.o ada-lang.o c-lang.o d-lang.o f-lang.o objc-lang.o ada-tasks.o ada-varobj.o ui-out.o cli-out.o varobj.o vec.o go-lang.o go-valprint.o go-typeprint.o jv-lang.o jv-valprint.o jv-typeprint.o m2-lang.o opencl-lang.o p-lang.o p-typeprint.o p-valprint.o sentinel-frame.o complaints.o typeprint.o ada-typeprint.o c-typeprint.o f-typeprint.o m2-typeprint.o ada-valprint.o c-valprint.o cp-valprint.o d-valprint.o f-valprint.o m2-valprint.o serial.o mdebugread.o top.o utils.o ui-file.o user-regs.o frame.o frame-unwind.o doublest.o frame-base.o inline-frame.o gnu-v2-abi.o gnu-v3-abi.o cp-abi.o cp-support.o cp-namespace.o reggroups.o regset.o trad-frame.o tramp-frame.o solib.o solib-target.o prologue-value.o memory-map.o memrange.o xml-support.o xml-syscall.o xml-utils.o target-descriptions.o target-memory.o xml-tdesc.o xml-builtin.o inferior.o osdata.o gdb_usleep.o record.o gcore.o jit.o progspace.o skip.o probe.o common-utils.o buffer.o ptid.o gdb-dlfcn.o common-agent.o format.o inflow.o    init.o \
		   ../readline/libreadline.a ../opcodes/libopcodes.a ../bfd/libbfd.a  ../libiberty/libiberty.a ../libdecnumber/libdecnumber.a    -ldl -lncurses -lz -lm /home/sparksco/android/toolchain/aosp/build/temp-install/lib/libexpat.a ../libiberty/libiberty.a  build-gnulib/import/libgnu.a 
yes
checking for int64_t... yes
checking for long long int... yes
checking for intmax_t... yes
checking for intptr_t... yes
checking for uint8_t... yes
checking for uint16_t... yes
checking for uint32_t... yes
checking for uint64_t... yes
checking for unsigned long long int... yes
checking for uintmax_t... yes
checking for uintptr_t... yes
checking whether gcc-4.7 supports -W... yes
checking whether gcc-4.7 supports -Wall... yes
checking whether gcc-4.7 supports -Wnarrowing... make[4]: Entering directory `/home/sparksco/android/toolchain/aosp/build/gdb-7.5.1/gdb'
make[5]: Entering directory `/home/sparksco/android/toolchain/aosp/build/gdb-7.5.1/gdb/doc'
make[5]: Nothing to be done for `all'.
make[5]: Leaving directory `/home/sparksco/android/toolchain/aosp/build/gdb-7.5.1/gdb/doc'
make[5]: Entering directory `/home/sparksco/android/toolchain/aosp/build/gdb-7.5.1/gdb/data-directory'
rm -rf ./syscalls
yes
rm -rf ./python
mkdir ./syscalls
files='gdb/__init__.py gdb/types.py gdb/printing.py gdb/prompt.py gdb/command/__init__.py gdb/command/pretty_printers.py gdb/command/prompt.py gdb/command/explore.py' ; \
	for file in $files ; do \
	  dir=`echo "$file" | sed 's,/[^/]*$,,'` ; \
	  /bin/bash ../../.././../gdb/gdb-7.5.1/gdb/data-directory/../../mkinstalldirs ./python/$dir ; \
	  /usr/bin/install -c -m 644 ../../.././../gdb/gdb-7.5.1/gdb/data-directory/../python/lib/$file ./python/$dir ; \
	done
checking whether gcc-4.7 supports -Wwrite-strings... files='gdb-syscalls.dtd ppc-linux.xml ppc64-linux.xml i386-linux.xml amd64-linux.xml sparc-linux.xml sparc64-linux.xml mips-o32-linux.xml mips-n32-linux.xml mips-n64-linux.xml' ; \
	for file in $files ; do \
	  f=../../.././../gdb/gdb-7.5.1/gdb/data-directory/../syscalls/$file ; \
	  if test -f $f ; then \
	    /usr/bin/install -c -m 644 $f ./syscalls ; \
	  fi ; \
	done
mkdir -p -- ./python/gdb
touch stamp-syscalls
yes
checking whether gcc-4.7 supports -Wcast-qual... mkdir -p -- ./python/gdb/command
yes
checking whether gcc-4.7 supports -Wstrict-prototypes... touch stamp-python
make[5]: Leaving directory `/home/sparksco/android/toolchain/aosp/build/gdb-7.5.1/gdb/data-directory'
make[5]: Entering directory `/home/sparksco/android/toolchain/aosp/build/gdb-7.5.1/gdb/build-gnulib'
make[6]: Entering directory `/home/sparksco/android/toolchain/aosp/build/gdb-7.5.1/gdb/build-gnulib'
yes
make[7]: Entering directory `/home/sparksco/android/toolchain/aosp/build/gdb-7.5.1/gdb/build-gnulib/import'
make  all-recursive
checking whether gcc-4.7 supports -Wmissing-prototypes... make[8]: Entering directory `/home/sparksco/android/toolchain/aosp/build/gdb-7.5.1/gdb/build-gnulib/import'
make[9]: Entering directory `/home/sparksco/android/toolchain/aosp/build/gdb-7.5.1/gdb/build-gnulib/import'
make[9]: Nothing to be done for `all-am'.
make[9]: Leaving directory `/home/sparksco/android/toolchain/aosp/build/gdb-7.5.1/gdb/build-gnulib/import'
make[8]: Leaving directory `/home/sparksco/android/toolchain/aosp/build/gdb-7.5.1/gdb/build-gnulib/import'
make[7]: Leaving directory `/home/sparksco/android/toolchain/aosp/build/gdb-7.5.1/gdb/build-gnulib/import'
make[6]: Leaving directory `/home/sparksco/android/toolchain/aosp/build/gdb-7.5.1/gdb/build-gnulib'
make[5]: Leaving directory `/home/sparksco/android/toolchain/aosp/build/gdb-7.5.1/gdb/build-gnulib'
yes
make[4]: Leaving directory `/home/sparksco/android/toolchain/aosp/build/gdb-7.5.1/gdb'
make[3]: Leaving directory `/home/sparksco/android/toolchain/aosp/build/gdb-7.5.1/gdb'
make[2]: Leaving directory `/home/sparksco/android/toolchain/aosp/build/gdb-7.5.1'
make[1]: Leaving directory `/home/sparksco/android/toolchain/aosp/build/gdb-7.5.1'
checking whether gcc-4.7 supports -Wmissing-format-attribute... yes
checking whether gcc-4.7 supports -Wold-style-definition... yes
checking whether gcc-4.7 supports -Wc++-compat... yes
checking whether gcc-4.7 supports -pedantic -Wlong-long -Wvariadic-macros -Woverlength-strings... yes
checking whether gcc-4.7 supports -fno-exceptions... yes
checking whether gcc-4.7 supports -fno-rtti... yes
checking whether gcc-4.7 supports -fasynchronous-unwind-tables... yes
checking valgrind.h usability... no
checking valgrind.h presence... no
checking for valgrind.h... no
checking for multiarch configuration... no, disabled auto check (cross build configured without --with-sysroot)
configure: WARNING: decimal float is not supported for this target, ignored
checking whether make sets $(MAKE)... yes
checking for gawk... gawk
checking whether ln -s works... yes
checking whether ln works... yes
checking for x86_64-linux-gnu-ranlib... ranlib
checking for a BSD compatible install... /usr/bin/install -c
checking for cmp's capabilities... gnucompare
checking for mktemp... yes
checking for makeinfo... makeinfo --split-size=5000000
checking for modern makeinfo... yes
checking for recent Pod::Man... yes
checking for flex... flex
checking for bison... bison
checking for nm... nm
checking for ar... ar
checking for ANSI C header files... (cached) yes
checking whether time.h and sys/time.h may both be included... yes
checking whether string.h and strings.h may both be included... yes
checking for sys/wait.h that is POSIX.1 compatible... yes
checking for limits.h... yes
checking for stddef.h... yes
checking for string.h... (cached) yes
checking for strings.h... (cached) yes
checking for stdlib.h... (cached) yes
checking for time.h... yes
checking for iconv.h... yes
checking for fcntl.h... yes
checking for unistd.h... (cached) yes
checking for sys/file.h... yes
checking for sys/time.h... yes
checking for sys/mman.h... yes
checking for sys/resource.h... yes
checking for sys/param.h... yes
checking for sys/times.h... yes
checking for sys/stat.h... (cached) yes
checking for direct.h... no
checking for malloc.h... yes
checking for langinfo.h... yes
checking for ldfcn.h... no
checking for locale.h... yes
checking for wchar.h... yes
checking for libintl.h... yes
checking for thread.h... no
checking for pthread.h... yes
checking for CHAR_BIT... yes
checking whether byte ordering is bigendian... no
checking how to run the C++ preprocessor... g++-4.7 -E
checking for unordered_map... no
checking for tr1/unordered_map... yes
checking for ext/hash_map... yes
checking for collect2 libraries... none required
checking for library containing exc_resume... no
checking for library containing kstat_open... no
checking for library containing ldexp... none required
checking for inttypes.h... yes
checking for times... yes
checking for clock... yes
checking for kill... yes
checking for getrlimit... yes
checking for setrlimit... yes
checking for atoll... yes
checking for atoq... no
checking for sysconf... yes
checking for strsignal... yes
checking for getrusage... yes
checking for nl_langinfo... yes
checking for gettimeofday... yes
checking for mbstowcs... yes
checking for wcswidth... yes
checking for mmap... yes
checking for setlocale... yes
checking for clearerr_unlocked... yes
checking for feof_unlocked... yes
checking for ferror_unlocked... yes
checking for fflush_unlocked... yes
checking for fgetc_unlocked... yes
checking for fgets_unlocked... yes
checking for fileno_unlocked... yes
checking for fprintf_unlocked... no
checking for fputc_unlocked... yes
checking for fputs_unlocked... yes
checking for fread_unlocked... yes
checking for fwrite_unlocked... yes
checking for getchar_unlocked... yes
checking for getc_unlocked... yes
checking for putchar_unlocked... yes
checking for putc_unlocked... yes
checking for madvise... yes
checking whether mbstowcs works... yes
checking for ssize_t... yes
checking for caddr_t... yes
checking for sys/mman.h... (cached) yes
checking for mmap... (cached) yes
checking whether read-only mmap of a plain file works... yes
checking whether mmap from /dev/zero works... yes
checking for MAP_ANON(YMOUS)... yes
checking whether mmap with MAP_ANON(YMOUS) works... yes
checking for pid_t... yes
checking for vfork.h... no
checking for fork... yes
checking for vfork... yes
checking for working fork... yes
checking for working vfork... (cached) yes
checking for ld used by GCC... ld
checking if the linker (ld) is GNU ld... yes
checking for shared library run path origin... done
checking for iconv... yes
checking for iconv declaration... install-shextern size_t iconv (iconv_t cd, char * *inbuf, size_t *inbytesleft, char * *outbuf, size_t *outbytesleft);
checking for LC_MESSAGES... yes
checking for nl_langinfo and CODESET... yes
checking whether getenv is declared... yes
checking whether atol is declared... yes
checking whether asprintf is declared... yes
checking whether sbrk is declared... yes
checking whether abort is declared... yes
checking whether atof is declared... yes
checking whether getcwd is declared... yes
checking whether getwd is declared... yes
checking whether strsignal is declared... yes
checking whether strstr is declared... yes
checking whether stpcpy is declared... yes
checking whether strverscmp is declared... yes
checking whether errno is declared... yes
checking whether snprintf is declared... yes
checking whether vsnprintf is declared... yes
checking whether vasprintf is declared... yes
checking whether malloc is declared... yes
checking whether realloc is declared... yes
checking whether calloc is declared... yes
checking whether free is declared... yes
checking whether basename is declared... yes
checking whether getopt is declared... yes
checking whether clock is declared... yes
checking whether getpagesize is declared... yes
checking whether ffs is declared... yes
checking whether clearerr_unlocked is declared... yes
checking whether feof_unlocked is declared... yes
checking whether ferror_unlocked is declared... yes
checking whether fflush_unlocked is declared... yes
checking whether fgetc_unlocked is declared... yes
checking whether fgets_unlocked is declared... yes
checking whether fileno_unlocked is declared... yes
checking whether fprintf_unlocked is declared... no
checking whether fputc_unlocked is declared... yes
checking whether fputs_unlocked is declared... yes
checking whether fread_unlocked is declared... yes
checking whether fwrite_unlocked is declared... yes
checking whether getchar_unlocked is declared... yes
checking whether getc_unlocked is declared... yes
checking whether putchar_unlocked is declared... yes
checking whether putc_unlocked is declared... yes
checking whether getrlimit is declared... yes
checking whether setrlimit is declared... yes
checking whether getrusage is declared... yes
checking whether ldgetname is declared... no
checking whether times is declared... yes
checking whether sigaltstack is declared... yes
checking whether madvise is declared... yes
checking for struct tms... yes
checking for clock_t... yes
checking for F_SETLKW... yes
checking if mkdir takes one argument... no
For  real value is 
For  real value is 
Using `../.././../gcc/gcc-195953/gcc/config/arm/arm.c' for machine-specific logic.
Using `../.././../gcc/gcc-195953/gcc/config/arm/arm.md' as machine description file.
Using the following target machine macro files:
	../.././../gcc/gcc-195953/gcc/config/dbxelf.h
	../.././../gcc/gcc-195953/gcc/config/elfos.h
	../.././../gcc/gcc-195953/gcc/config/gnu-user.h
	../.././../gcc/gcc-195953/gcc/config/linux.h
	../.././../gcc/gcc-195953/gcc/config/linux-android.h
	../.././../gcc/gcc-195953/gcc/config/glibc-stdint.h
	../.././../gcc/gcc-195953/gcc/config/arm/elf.h
	../.././../gcc/gcc-195953/gcc/config/arm/linux-gas.h
	../.././../gcc/gcc-195953/gcc/config/arm/linux-elf.h
	../.././../gcc/gcc-195953/gcc/config/arm/bpabi.h
	../.././../gcc/gcc-195953/gcc/config/arm/linux-eabi.h
	../.././../gcc/gcc-195953/gcc/config/arm/aout.h
	../.././../gcc/gcc-195953/gcc/config/arm/arm.h
	../.././../gcc/gcc-195953/gcc/config/initfini-array.h
Using host-linux.o for host machine hooks.
checking whether NLS is requested... no
checking how to print strings... printf
checking for a sed that does not truncate output... /bin/sed
checking for fgrep... /bin/grep -F
checking for ld used by gcc-4.7... ld
checking if the linker (ld) is GNU ld... yes
checking for BSD- or MS-compatible name lister (nm)... nm
checking the name lister (nm) interface... BSD nm
checking whether ln -s works... yes
checking the maximum length of command line arguments... 3458764513820540925
checking whether the shell understands some XSI constructs... yes
checking whether the shell understands "+="... yes
checking for ld option to reload object files... -r
checking for x86_64-linux-gnu-objdump... objdump
checking how to recognize dependent libraries... pass_all
checking for x86_64-linux-gnu-ar... (cached) ar
checking for x86_64-linux-gnu-strip... no
checking for strip... strip
checking for x86_64-linux-gnu-ranlib... (cached) ranlib
checking command to parse nm output from gcc-4.7 object... ok
checking for dlfcn.h... yes
checking for objdir... .libs
checking if gcc-4.7 supports -fno-rtti -fno-exceptions... no
checking for gcc-4.7 option to produce PIC... -fPIC -DPIC
checking if gcc-4.7 PIC flag -fPIC -DPIC works... yes
checking if gcc-4.7 static flag -static works... yes
checking if gcc-4.7 supports -c -o file.o... yes
checking if gcc-4.7 supports -c -o file.o... (cached) yes
checking whether the gcc-4.7 linker (ld -m elf_x86_64) supports shared libraries... yes
checking dynamic linker characteristics... GNU/Linux ld.so
checking how to hardcode library paths into programs... immediate
checking whether stripping libraries is possible... yes
checking if libtool supports shared libraries... yes
checking whether to build shared libraries... no
checking whether to build static libraries... yes
checking how to run the C++ preprocessor... g++-4.7 -E
checking for ld used by g++-4.7... ld -m elf_x86_64
checking if the linker (ld -m elf_x86_64) is GNU ld... yes
checking whether the g++-4.7 linker (ld -m elf_x86_64) supports shared libraries... yes
checking for g++-4.7 option to produce PIC... -fPIC -DPIC
checking if g++-4.7 PIC flag -fPIC -DPIC works... yes
checking if g++-4.7 static flag -static works... yes
checking if g++-4.7 supports -c -o file.o... yes
checking if g++-4.7 supports -c -o file.o... (cached) yes
checking whether the g++-4.7 linker (ld -m elf_x86_64) supports shared libraries... yes
checking dynamic linker characteristics... (cached) GNU/Linux ld.so
checking how to hardcode library paths into programs... immediate
checking what assembler to use... /home/sparksco/android/toolchain/aosp/build/binutils-2.23.1/gas/as-new
checking whether we are using gold... no
checking what linker to use... /home/sparksco/android/toolchain/aosp/build/binutils-2.23.1/ld/ld-new
checking what nm to use... /home/sparksco/android/toolchain/aosp/build/binutils-2.23.1/binutils/nm-new
checking what objdump to use... /home/sparksco/android/toolchain/aosp/build/binutils-2.23.1/binutils/objdump
checking for readelf... /usr/bin/readelf
checking what readelf to use... /usr/bin/readelf
checking assembler flags...  
checking assembler for .balign and .p2align... yes
checking assembler for .p2align with maximum skip... yes
checking assembler for .literal16... no
checking assembler for working .subsection -1... yes
checking assembler for .weak... yes
checking assembler for .weakref... yes
checking assembler for .nsubspa comdat... no
checking assembler for .hidden... yes
checking linker for .hidden support... yes
checking linker read-only and read-write section mixing... read-write
checking for .preinit_array/.init_array/.fini_array support... checking cross compile... guessing... no
checking assembler for .sleb128 and .uleb128... yes
checking assembler for cfi directives... yes
checking assembler for working cfi advance... yes
checking assembler for cfi personality directive... yes
checking assembler for cfi sections directive... yes
checking assembler for eh_frame optimization... no
checking assembler for section merging support... yes
checking assembler for COMDAT group support (GNU as)... no
checking assembler for COMDAT group support (GNU as, %type)... yes
checking assembler for line table discriminator support... yes
checking linker -Bstatic/-Bdynamic option... yes
checking linker --demangle support... yes
checking linker plugin support... 2
checking assembler for dwarf2 debug_line support... yes
checking assembler for buggy dwarf2 .file directive... no
checking assembler for --gdwarf2 option... yes
checking assembler for --gstabs option... yes
checking assembler for --debug-prefix-map option... yes
checking assembler for .lcomm with alignment... no
checking assembler for gnu_unique_object... yes
checking assembler for tolerance to line number 0... yes
checking linker PT_GNU_EH_FRAME support... yes
checking linker position independent executable support... yes
checking linker EH-compatible garbage collection of sections... no
checking linker EH garbage collection of sections bug... no
checking linker --as-needed support... yes
checking linker --build-id support... yes
checking linker *_sol2 emulation support... no
checking linker --sysroot support... yes
checking __stack_chk_fail in target C library... no
checking sys/sdt.h in the target C library... no
checking dl_iterate_phdr in target C library... unknown
checking whether to enable maintainer-specific portions of Makefiles... no
Links are now set up to build a cross-compiler
 from x86_64-pc-linux-gnu to arm-unknown-linux-androideabi.
checking for exported symbols... yes
checking for -rdynamic... yes
checking for library containing dlopen... -ldl
checking for -fPIC -shared... yes
configure: updating cache ./config.cache
configure: creating ./config.status
config.status: creating as
config.status: creating collect-ld
config.status: creating nm
config.status: creating Makefile
config.status: creating ada/gcc-interface/Makefile
config.status: creating ada/Makefile
config.status: creating auto-host.h
config.status: executing default commands
make[3]: Entering directory `/home/sparksco/android/toolchain/aosp/build/gcc-195953/gcc'
TARGET_CPU_DEFAULT="" \
	HEADERS="auto-host.h ansidecl.h" DEFINES="" \
	/bin/bash ../.././../gcc/gcc-195953/gcc/mkconfig.sh config.h
TARGET_CPU_DEFAULT="TARGET_CPU_generic" \
	HEADERS="options.h insn-constants.h config/dbxelf.h config/elfos.h config/gnu-user.h config/linux.h config/linux-android.h config/glibc-stdint.h config/arm/elf.h config/arm/linux-gas.h config/arm/linux-elf.h config/arm/bpabi.h config/arm/linux-eabi.h config/arm/aout.h config/arm/arm.h config/initfini-array.h defaults.h" DEFINES="LIBC_GLIBC=1 LIBC_UCLIBC=2 LIBC_BIONIC=3 DEFAULT_LIBC=LIBC_BIONIC ANDROID_DEFAULT=1" \
	/bin/bash ../.././../gcc/gcc-195953/gcc/mkconfig.sh tm.h
gawk -f ../.././../gcc/gcc-195953/gcc/opt-gather.awk ../.././../gcc/gcc-195953/gcc/ada/gcc-interface/lang.opt ../.././../gcc/gcc-195953/gcc/fortran/lang.opt ../.././../gcc/gcc-195953/gcc/go/lang.opt ../.././../gcc/gcc-195953/gcc/java/lang.opt ../.././../gcc/gcc-195953/gcc/lto/lang.opt ../.././../gcc/gcc-195953/gcc/c-family/c.opt ../.././../gcc/gcc-195953/gcc/common.opt ../.././../gcc/gcc-195953/gcc/config/arm/arm-tables.opt ../.././../gcc/gcc-195953/gcc/config/arm/arm.opt ../.././../gcc/gcc-195953/gcc/config/gnu-user.opt ../.././../gcc/gcc-195953/gcc/config/linux.opt ../.././../gcc/gcc-195953/gcc/config/linux-android.opt > tmp-optionlist
TARGET_CPU_DEFAULT="" \
	HEADERS="auto-host.h ansidecl.h" DEFINES="" \
	/bin/bash ../.././../gcc/gcc-195953/gcc/mkconfig.sh bconfig.h
flex  -ogengtype-lex.c ../.././../gcc/gcc-195953/gcc/gengtype-lex.l && { \
	  echo '#include "bconfig.h"' > gengtype-lex.c.tmp; \
	  cat gengtype-lex.c >> gengtype-lex.c.tmp; \
	  mv gengtype-lex.c.tmp gengtype-lex.c; \
	}
g++-4.7 -c   -g -O2 -DIN_GCC -DCROSS_DIRECTORY_STRUCTURE  -fno-exceptions -fno-rtti -fasynchronous-unwind-tables -W -Wall -Wno-narrowing -Wwrite-strings -Wcast-qual -Wmissing-format-attribute -pedantic -Wno-long-long -Wno-variadic-macros -Wno-overlength-strings -fno-common  -DHAVE_CONFIG_H -DGENERATOR_FILE -I. -Ibuild -I../.././../gcc/gcc-195953/gcc -I../.././../gcc/gcc-195953/gcc/build -I../.././../gcc/gcc-195953/gcc/../include -I../.././../gcc/gcc-195953/gcc/../libcpp/include -I/home/sparksco/android/toolchain/aosp/build/temp-install/include -I/home/sparksco/android/toolchain/aosp/build/temp-install/include -I/home/sparksco/android/toolchain/aosp/build/temp-install/include  -I../.././../gcc/gcc-195953/gcc/../libdecnumber -I../.././../gcc/gcc-195953/gcc/../libdecnumber/dpd -I../libdecnumber -I../.././../gcc/gcc-195953/gcc/../libbacktrace    \
	-DBASEVER="\"4.8.0\"" -DDATESTAMP="\" 20130211\"" \
	-DREVISION="\"\"" \
	-DDEVPHASE="\" (experimental)\"" -DPKGVERSION="\"(GCC) \"" \
	-DBUGURL="\"<http://gcc.gnu.org/bugs.html>\"" -o build/version.o ../.././../gcc/gcc-195953/gcc/version.c
echo "#define BUILDING_GCC_MAJOR `echo 4.8.0 | sed -e 's/^\([0-9]*\).*$/\1/'`" > bversion.h
/bin/bash ../.././../gcc/gcc-195953/gcc/../move-if-change tmp-gi.list gtyp-input.list
TARGET_CPU_DEFAULT="" \
	HEADERS="config/arm/arm-protos.h tm-preds.h" DEFINES="" \
	/bin/bash ../.././../gcc/gcc-195953/gcc/mkconfig.sh tm_p.h
echo "#define BUILDING_GCC_MINOR `echo 4.8.0 | sed -e 's/^[0-9]*\.\([0-9]*\).*$/\1/'`" >> bversion.h
rm -f tmp-all-tree.def
echo timestamp > s-gtyp-input
echo "#define BUILDING_GCC_PATCHLEVEL `echo 4.8.0 | sed -e 's/^[0-9]*\.[0-9]*\.\([0-9]*\)$/\1/'`" >> bversion.h
echo '#include "tree.def"' > tmp-all-tree.def
if test yes = yes \
	   || test -n ""; then \
	  /bin/bash ../.././../gcc/gcc-195953/gcc/genmultilib \
	    "march=armv7-a mthumb" \
	    "armv7-a thumb" \
	    "" \
	    "" \
	    "" \
	    "" \
	    "" \
	    "" \
	    "" \
	    "" \
	    "yes" \
	    > tmp-mlib.h; \
	else \
	  /bin/bash ../.././../gcc/gcc-195953/gcc/genmultilib '' '' '' '' '' '' '' '' \
	    "" '' no \
	    > tmp-mlib.h; \
	fi
lsf="../.././../gcc/gcc-195953/gcc/cp/lang-specs.h ../.././../gcc/gcc-195953/gcc/lto/lang-specs.h"; for f in $lsf; do \
	    echo "#include \"$f\""; \
	done | sed 's|../.././../gcc/gcc-195953/gcc/||' > tmp-specs.h
echo "#define BUILDING_GCC_VERSION (BUILDING_GCC_MAJOR * 1000 + BUILDING_GCC_MINOR)" >> bversion.h
echo 'END_OF_BASE_TREE_CODES' >> tmp-all-tree.def
/bin/bash ../.././../gcc/gcc-195953/gcc/../move-if-change tmp-specs.h specs.h
echo timestamp > s-bversion
echo "g++-4.7   -g -O2 -DIN_GCC -DCROSS_DIRECTORY_STRUCTURE  -fno-exceptions -fno-rtti -fasynchronous-unwind-tables -W -Wall -Wno-narrowing -Wwrite-strings -Wcast-qual -Wmissing-format-attribute -pedantic -Wno-long-long -Wno-variadic-macros -Wno-overlength-strings -fno-common  -DHAVE_CONFIG_H -static-libstdc++ -static-libgcc " > checksum-options.tmp \
	&& ../.././../gcc/gcc-195953/gcc/../move-if-change checksum-options.tmp checksum-options
echo '#include "c-family/c-common.def"' >> tmp-all-tree.def
echo timestamp > s-specs
cp ../.././../gcc/gcc-195953/gcc/gcc-ar.c gcc-nm.c
cp ../.././../gcc/gcc-195953/gcc/gcc-ar.c gcc-ranlib.c
ltf="../.././../gcc/gcc-195953/gcc/ada/gcc-interface/ada-tree.def ../.././../gcc/gcc-195953/gcc/cp/cp-tree.def ../.././../gcc/gcc-195953/gcc/java/java-tree.def ../.././../gcc/gcc-195953/gcc/objc/objc-tree.def"; for f in $ltf; do \
	  echo "#include \"$f\""; \
	done | sed 's|../.././../gcc/gcc-195953/gcc/||' >> tmp-all-tree.def
TARGET_CPU_DEFAULT="" \
	HEADERS="auto-host.h ansidecl.h" DEFINES="USED_FOR_TARGET " \
	/bin/bash ../.././../gcc/gcc-195953/gcc/mkconfig.sh tconfig.h
/bin/bash ../.././../gcc/gcc-195953/gcc/../move-if-change tmp-all-tree.def all-tree.def
(echo "@set version-GCC 4.8.0"; \
	 if [ "experimental" = "experimental" ]; \
	 then echo "@set DEVELOPMENT"; \
	 else echo "@clear DEVELOPMENT"; \
	 fi) > gcc-vers.texiT
echo timestamp > s-alltree
echo @set srcdir /home/sparksco/android/toolchain/aosp/build/gcc-195953/gcc/../.././../gcc/gcc-195953/gcc >> gcc-vers.texiT
if [ -n "(GCC) " ]; then \
	  echo "@set VERSION_PACKAGE (GCC) " >> gcc-vers.texiT; \
	fi
echo timestamp > gcov.pod
echo timestamp > cpp.pod
echo "@set BUGURL @uref{http://gcc.gnu.org/bugs.html}" >> gcc-vers.texiT; \
	mv -f gcc-vers.texiT gcc-vers.texi
perl ../.././../gcc/gcc-195953/gcc/../contrib/texi2pod.pl -DBUGURL="@uref{http://gcc.gnu.org/bugs.html}" ../.././../gcc/gcc-195953/gcc/doc/cpp.texi > cpp.pod
echo timestamp > gfdl.pod
echo timestamp > gpl.pod
echo timestamp > fsf-funding.pod
perl ../.././../gcc/gcc-195953/gcc/../contrib/texi2pod.pl -DBUGURL="@uref{http://gcc.gnu.org/bugs.html}" ../.././../gcc/gcc-195953/gcc/doc/gcov.texi > gcov.pod
perl ../.././../gcc/gcc-195953/gcc/../contrib/texi2pod.pl ../.././../gcc/gcc-195953/gcc/doc/include/fdl.texi > gfdl.pod
perl ../.././../gcc/gcc-195953/gcc/../contrib/texi2pod.pl ../.././../gcc/gcc-195953/gcc/doc/include/funding.texi > fsf-funding.pod
perl ../.././../gcc/gcc-195953/gcc/../contrib/texi2pod.pl ../.././../gcc/gcc-195953/gcc/doc/include/gpl_v3.texi > gpl.pod
g++-4.7 -c   -g -O2 -DIN_GCC -DCROSS_DIRECTORY_STRUCTURE  -fno-exceptions -fno-rtti -fasynchronous-unwind-tables -W -Wall -Wno-narrowing -Wwrite-strings -Wcast-qual -Wmissing-format-attribute -pedantic -Wno-long-long -Wno-variadic-macros -Wno-overlength-strings -fno-common  -DHAVE_CONFIG_H -DGENERATOR_FILE -I. -Ibuild -I../.././../gcc/gcc-195953/gcc -I../.././../gcc/gcc-195953/gcc/build -I../.././../gcc/gcc-195953/gcc/../include -I../.././../gcc/gcc-195953/gcc/../libcpp/include -I/home/sparksco/android/toolchain/aosp/build/temp-install/include -I/home/sparksco/android/toolchain/aosp/build/temp-install/include -I/home/sparksco/android/toolchain/aosp/build/temp-install/include  -I../.././../gcc/gcc-195953/gcc/../libdecnumber -I../.././../gcc/gcc-195953/gcc/../libdecnumber/dpd -I../libdecnumber -I../.././../gcc/gcc-195953/gcc/../libbacktrace    \
		-o build/genhooks.o ../.././../gcc/gcc-195953/gcc/genhooks.c
g++-4.7 -c   -g -O2 -DIN_GCC -DCROSS_DIRECTORY_STRUCTURE  -fno-exceptions -fno-rtti -fasynchronous-unwind-tables -W -Wall -Wno-narrowing -Wwrite-strings -Wcast-qual -Wmissing-format-attribute -pedantic -Wno-long-long -Wno-variadic-macros -Wno-overlength-strings -fno-common  -DHAVE_CONFIG_H -DGENERATOR_FILE -I. -Ibuild -I../.././../gcc/gcc-195953/gcc -I../.././../gcc/gcc-195953/gcc/build -I../.././../gcc/gcc-195953/gcc/../include -I../.././../gcc/gcc-195953/gcc/../libcpp/include -I/home/sparksco/android/toolchain/aosp/build/temp-install/include -I/home/sparksco/android/toolchain/aosp/build/temp-install/include -I/home/sparksco/android/toolchain/aosp/build/temp-install/include  -I../.././../gcc/gcc-195953/gcc/../libdecnumber -I../.././../gcc/gcc-195953/gcc/../libdecnumber/dpd -I../libdecnumber -I../.././../gcc/gcc-195953/gcc/../libbacktrace    \
		-o build/genchecksum.o ../.././../gcc/gcc-195953/gcc/genchecksum.c
g++-4.7 -c   -g -O2 -DIN_GCC -DCROSS_DIRECTORY_STRUCTURE  -fno-exceptions -fno-rtti -fasynchronous-unwind-tables -W -Wall -Wno-narrowing -Wwrite-strings -Wcast-qual -Wmissing-format-attribute -pedantic -Wno-long-long -Wno-variadic-macros -Wno-overlength-strings -fno-common  -DHAVE_CONFIG_H -DGENERATOR_FILE -I. -Ibuild -I../.././../gcc/gcc-195953/gcc -I../.././../gcc/gcc-195953/gcc/build -I../.././../gcc/gcc-195953/gcc/../include -I../.././../gcc/gcc-195953/gcc/../libcpp/include -I/home/sparksco/android/toolchain/aosp/build/temp-install/include -I/home/sparksco/android/toolchain/aosp/build/temp-install/include -I/home/sparksco/android/toolchain/aosp/build/temp-install/include  -I../.././../gcc/gcc-195953/gcc/../libdecnumber -I../.././../gcc/gcc-195953/gcc/../libdecnumber/dpd -I../libdecnumber -I../.././../gcc/gcc-195953/gcc/../libbacktrace    \
		-o build/genenums.o ../.././../gcc/gcc-195953/gcc/genenums.c
g++-4.7 -c  -DSTANDARD_STARTFILE_PREFIX=\"../../../\" -DSTANDARD_EXEC_PREFIX=\"/home/sparksco/android/arm-linux-androideabi/lib/gcc/\" -DSTANDARD_LIBEXEC_PREFIX=\"/home/sparksco/android/arm-linux-androideabi/libexec/gcc/\" -DDEFAULT_TARGET_VERSION=\"4.8.0\" -DDEFAULT_TARGET_MACHINE=\"arm-linux-androideabi\" -DSTANDARD_BINDIR_PREFIX=\"/home/sparksco/android/arm-linux-androideabi/bin/\" -DTOOLDIR_BASE_PREFIX=\"../../../../\"  `test "X${SHLIB}" = "X" || test "no" != "yes" || echo "-DENABLE_SHARED_LIBGCC"` -DCONFIGURE_SPECS="\"\"" -DTARGET_MACHINE=\"arm-linux-androideabi\" -DPERSONALITY=\"ar\" -g -O2 -DIN_GCC -DCROSS_DIRECTORY_STRUCTURE  -fno-exceptions -fno-rtti -fasynchronous-unwind-tables -W -Wall -Wno-narrowing -Wwrite-strings -Wcast-qual -Wmissing-format-attribute -pedantic -Wno-long-long -Wno-variadic-macros -Wno-overlength-strings -fno-common  -DHAVE_CONFIG_H -I. -I. -I../.././../gcc/gcc-195953/gcc -I../.././../gcc/gcc-195953/gcc/. -I../.././../gcc/gcc-195953/gcc/../include -I../.././../gcc/gcc-195953/gcc/../libcpp/include -I/home/sparksco/android/toolchain/aosp/build/temp-install/include -I/home/sparksco/android/toolchain/aosp/build/temp-install/include -I/home/sparksco/android/toolchain/aosp/build/temp-install/include  -I../.././../gcc/gcc-195953/gcc/../libdecnumber -I../.././../gcc/gcc-195953/gcc/../libdecnumber/dpd -I../libdecnumber -I../.././../gcc/gcc-195953/gcc/../libbacktrace    ../.././../gcc/gcc-195953/gcc/gcc-ar.c -o gcc-ar.o
g++-4.7 -c  -DSTANDARD_STARTFILE_PREFIX=\"../../../\" -DSTANDARD_EXEC_PREFIX=\"/home/sparksco/android/arm-linux-androideabi/lib/gcc/\" -DSTANDARD_LIBEXEC_PREFIX=\"/home/sparksco/android/arm-linux-androideabi/libexec/gcc/\" -DDEFAULT_TARGET_VERSION=\"4.8.0\" -DDEFAULT_TARGET_MACHINE=\"arm-linux-androideabi\" -DSTANDARD_BINDIR_PREFIX=\"/home/sparksco/android/arm-linux-androideabi/bin/\" -DTOOLDIR_BASE_PREFIX=\"../../../../\"  `test "X${SHLIB}" = "X" || test "no" != "yes" || echo "-DENABLE_SHARED_LIBGCC"` -DCONFIGURE_SPECS="\"\"" -DTARGET_MACHINE=\"arm-linux-androideabi\" -DPERSONALITY=\"nm\" -g -O2 -DIN_GCC -DCROSS_DIRECTORY_STRUCTURE  -fno-exceptions -fno-rtti -fasynchronous-unwind-tables -W -Wall -Wno-narrowing -Wwrite-strings -Wcast-qual -Wmissing-format-attribute -pedantic -Wno-long-long -Wno-variadic-macros -Wno-overlength-strings -fno-common  -DHAVE_CONFIG_H -I. -I. -I../.././../gcc/gcc-195953/gcc -I../.././../gcc/gcc-195953/gcc/. -I../.././../gcc/gcc-195953/gcc/../include -I../.././../gcc/gcc-195953/gcc/../libcpp/include -I/home/sparksco/android/toolchain/aosp/build/temp-install/include -I/home/sparksco/android/toolchain/aosp/build/temp-install/include -I/home/sparksco/android/toolchain/aosp/build/temp-install/include  -I../.././../gcc/gcc-195953/gcc/../libdecnumber -I../.././../gcc/gcc-195953/gcc/../libdecnumber/dpd -I../libdecnumber -I../.././../gcc/gcc-195953/gcc/../libbacktrace    gcc-nm.c -o gcc-nm.o
g++-4.7 -c  -DSTANDARD_STARTFILE_PREFIX=\"../../../\" -DSTANDARD_EXEC_PREFIX=\"/home/sparksco/android/arm-linux-androideabi/lib/gcc/\" -DSTANDARD_LIBEXEC_PREFIX=\"/home/sparksco/android/arm-linux-androideabi/libexec/gcc/\" -DDEFAULT_TARGET_VERSION=\"4.8.0\" -DDEFAULT_TARGET_MACHINE=\"arm-linux-androideabi\" -DSTANDARD_BINDIR_PREFIX=\"/home/sparksco/android/arm-linux-androideabi/bin/\" -DTOOLDIR_BASE_PREFIX=\"../../../../\"  `test "X${SHLIB}" = "X" || test "no" != "yes" || echo "-DENABLE_SHARED_LIBGCC"` -DCONFIGURE_SPECS="\"\"" -DTARGET_MACHINE=\"arm-linux-androideabi\" -DPERSONALITY=\"ranlib\" -g -O2 -DIN_GCC -DCROSS_DIRECTORY_STRUCTURE  -fno-exceptions -fno-rtti -fasynchronous-unwind-tables -W -Wall -Wno-narrowing -Wwrite-strings -Wcast-qual -Wmissing-format-attribute -pedantic -Wno-long-long -Wno-variadic-macros -Wno-overlength-strings -fno-common  -DHAVE_CONFIG_H -I. -I. -I../.././../gcc/gcc-195953/gcc -I../.././../gcc/gcc-195953/gcc/. -I../.././../gcc/gcc-195953/gcc/../include -I../.././../gcc/gcc-195953/gcc/../libcpp/include -I/home/sparksco/android/toolchain/aosp/build/temp-install/include -I/home/sparksco/android/toolchain/aosp/build/temp-install/include -I/home/sparksco/android/toolchain/aosp/build/temp-install/include  -I../.././../gcc/gcc-195953/gcc/../libdecnumber -I../.././../gcc/gcc-195953/gcc/../libdecnumber/dpd -I../libdecnumber -I../.././../gcc/gcc-195953/gcc/../libbacktrace    gcc-ranlib.c -o gcc-ranlib.o
g++-4.7 -c  -DGENERATOR_FILE -g -O2 -DIN_GCC -DCROSS_DIRECTORY_STRUCTURE  -fno-exceptions -fno-rtti -fasynchronous-unwind-tables -W -Wall -Wno-narrowing -Wwrite-strings -Wcast-qual -Wmissing-format-attribute -pedantic -Wno-long-long -Wno-variadic-macros -Wno-overlength-strings -fno-common  -DHAVE_CONFIG_H -I. -I. -I../.././../gcc/gcc-195953/gcc -I../.././../gcc/gcc-195953/gcc/. -I../.././../gcc/gcc-195953/gcc/../include -I../.././../gcc/gcc-195953/gcc/../libcpp/include -I/home/sparksco/android/toolchain/aosp/build/temp-install/include -I/home/sparksco/android/toolchain/aosp/build/temp-install/include -I/home/sparksco/android/toolchain/aosp/build/temp-install/include  -I../.././../gcc/gcc-195953/gcc/../libdecnumber -I../.././../gcc/gcc-195953/gcc/../libdecnumber/dpd -I../libdecnumber -I../.././../gcc/gcc-195953/gcc/../libbacktrace    ../.././../gcc/gcc-195953/gcc/gengtype.c -o gengtype.o
g++-4.7 -c  -DGENERATOR_FILE -g -O2 -DIN_GCC -DCROSS_DIRECTORY_STRUCTURE  -fno-exceptions -fno-rtti -fasynchronous-unwind-tables -W -Wall -Wno-narrowing -Wwrite-strings -Wcast-qual -Wmissing-format-attribute -pedantic -Wno-long-long -Wno-variadic-macros -Wno-overlength-strings -fno-common -Wno-error -DHAVE_CONFIG_H -I. -I. -I../.././../gcc/gcc-195953/gcc -I../.././../gcc/gcc-195953/gcc/. -I../.././../gcc/gcc-195953/gcc/../include -I../.././../gcc/gcc-195953/gcc/../libcpp/include -I/home/sparksco/android/toolchain/aosp/build/temp-install/include -I/home/sparksco/android/toolchain/aosp/build/temp-install/include -I/home/sparksco/android/toolchain/aosp/build/temp-install/include  -I../.././../gcc/gcc-195953/gcc/../libdecnumber -I../.././../gcc/gcc-195953/gcc/../libdecnumber/dpd -I../libdecnumber -I../.././../gcc/gcc-195953/gcc/../libbacktrace    gengtype-lex.c -o gengtype-lex.o
In file included from ../.././../gcc/gcc-195953/gcc/sys/param.h:27:0,
                 from ../.././../gcc/gcc-195953/gcc/system.h:258,
                 from ../.././../gcc/gcc-195953/gcc/genchecksum.c:21:
../.././../gcc/gcc-195953/gcc/limits.h:125:3: warning: #include_next is a GCC extension [enabled by default]
In file included from ../.././../gcc/gcc-195953/gcc/sys/param.h:27:0,
                 from ../.././../gcc/gcc-195953/gcc/system.h:258,
                 from ../.././../gcc/gcc-195953/gcc/genenums.c:21:
../.././../gcc/gcc-195953/gcc/limits.h:125:3: warning: #include_next is a GCC extension [enabled by default]
In file included from ../.././../gcc/gcc-195953/gcc/signal.h:33:0,
                 from ../.././../gcc/gcc-195953/gcc/sys/wait.h:31,
                 from ../.././../gcc/gcc-195953/gcc/system.h:352,
                 from ../.././../gcc/gcc-195953/gcc/genchecksum.c:21:
../.././../gcc/gcc-195953/gcc/bits/sigset.h:119:65: warning: invoking macro __SIGSETFN argument 3: empty macro arguments are undefined in ISO C90 and ISO C++98 [enabled by default]
../.././../gcc/gcc-195953/gcc/bits/sigset.h:120:66: warning: invoking macro __SIGSETFN argument 3: empty macro arguments are undefined in ISO C90 and ISO C++98 [enabled by default]
In file included from ../.././../gcc/gcc-195953/gcc/signal.h:33:0,
                 from ../.././../gcc/gcc-195953/gcc/sys/wait.h:31,
                 from ../.././../gcc/gcc-195953/gcc/system.h:352,
                 from ../.././../gcc/gcc-195953/gcc/genenums.c:21:
../.././../gcc/gcc-195953/gcc/bits/sigset.h:119:65: warning: invoking macro __SIGSETFN argument 3: empty macro arguments are undefined in ISO C90 and ISO C++98 [enabled by default]
../.././../gcc/gcc-195953/gcc/bits/sigset.h:120:66: warning: invoking macro __SIGSETFN argument 3: empty macro arguments are undefined in ISO C90 and ISO C++98 [enabled by default]
In file included from ../.././../gcc/gcc-195953/gcc/sys/param.h:27:0,
                 from ../.././../gcc/gcc-195953/gcc/system.h:258,
                 from ../.././../gcc/gcc-195953/gcc/gcc-ar.c:22:
../.././../gcc/gcc-195953/gcc/limits.h:125:3: warning: #include_next is a GCC extension [enabled by default]
In file included from ../.././../gcc/gcc-195953/gcc/signal.h:33:0,
                 from ../.././../gcc/gcc-195953/gcc/sys/wait.h:31,
                 from ../.././../gcc/gcc-195953/gcc/system.h:352,
                 from ../.././../gcc/gcc-195953/gcc/gcc-ar.c:22:
../.././../gcc/gcc-195953/gcc/bits/sigset.h:119:65: warning: invoking macro __SIGSETFN argument 3: empty macro arguments are undefined in ISO C90 and ISO C++98 [enabled by default]
../.././../gcc/gcc-195953/gcc/bits/sigset.h:120:66: warning: invoking macro __SIGSETFN argument 3: empty macro arguments are undefined in ISO C90 and ISO C++98 [enabled by default]
In file included from ../.././../gcc/gcc-195953/gcc/sys/param.h:27:0,
                 from ../.././../gcc/gcc-195953/gcc/system.h:258,
                 from gcc-ranlib.c:22:
../.././../gcc/gcc-195953/gcc/limits.h:125:3: warning: #include_next is a GCC extension [enabled by default]
In file included from ../.././../gcc/gcc-195953/gcc/signal.h:33:0,
                 from ../.././../gcc/gcc-195953/gcc/sys/wait.h:31,
                 from ../.././../gcc/gcc-195953/gcc/system.h:352,
                 from gcc-ranlib.c:22:
../.././../gcc/gcc-195953/gcc/bits/sigset.h:119:65: warning: invoking macro __SIGSETFN argument 3: empty macro arguments are undefined in ISO C90 and ISO C++98 [enabled by default]
../.././../gcc/gcc-195953/gcc/bits/sigset.h:120:66: warning: invoking macro __SIGSETFN argument 3: empty macro arguments are undefined in ISO C90 and ISO C++98 [enabled by default]
In file included from ../.././../gcc/gcc-195953/gcc/sys/param.h:27:0,
                 from ../.././../gcc/gcc-195953/gcc/system.h:258,
                 from gcc-nm.c:22:
../.././../gcc/gcc-195953/gcc/limits.h:125:3: warning: #include_next is a GCC extension [enabled by default]
In file included from ../.././../gcc/gcc-195953/gcc/signal.h:33:0,
                 from ../.././../gcc/gcc-195953/gcc/sys/wait.h:31,
                 from ../.././../gcc/gcc-195953/gcc/system.h:352,
                 from gcc-nm.c:22:
../.././../gcc/gcc-195953/gcc/bits/sigset.h:119:65: warning: invoking macro __SIGSETFN argument 3: empty macro arguments are undefined in ISO C90 and ISO C++98 [enabled by default]
../.././../gcc/gcc-195953/gcc/bits/sigset.h:120:66: warning: invoking macro __SIGSETFN argument 3: empty macro arguments are undefined in ISO C90 and ISO C++98 [enabled by default]
In file included from ../.././../gcc/gcc-195953/gcc/fcntl.h:34:0,
                 from ../.././../gcc/gcc-195953/gcc/system.h:311,
                 from ../.././../gcc/gcc-195953/gcc/genchecksum.c:21:
../.././../gcc/gcc-195953/gcc/bits/fcntl.h:259:27: warning: ISO C++ forbids zero-size array ‘f_handle’ [-pedantic]
In file included from ../.././../gcc/gcc-195953/gcc/fcntl.h:34:0,
                 from ../.././../gcc/gcc-195953/gcc/system.h:311,
                 from ../.././../gcc/gcc-195953/gcc/genenums.c:21:
../.././../gcc/gcc-195953/gcc/bits/fcntl.h:259:27: warning: ISO C++ forbids zero-size array ‘f_handle’ [-pedantic]
In file included from ../.././../gcc/gcc-195953/gcc/sys/param.h:27:0,
                 from ../.././../gcc/gcc-195953/gcc/system.h:258,
                 from ../.././../gcc/gcc-195953/gcc/genhooks.c:21:
../.././../gcc/gcc-195953/gcc/limits.h:125:3: warning: #include_next is a GCC extension [enabled by default]
In file included from ../.././../gcc/gcc-195953/gcc/signal.h:33:0,
                 from ../.././../gcc/gcc-195953/gcc/sys/wait.h:31,
                 from ../.././../gcc/gcc-195953/gcc/system.h:352,
                 from ../.././../gcc/gcc-195953/gcc/genhooks.c:21:
../.././../gcc/gcc-195953/gcc/bits/sigset.h:119:65: warning: invoking macro __SIGSETFN argument 3: empty macro arguments are undefined in ISO C90 and ISO C++98 [enabled by default]
../.././../gcc/gcc-195953/gcc/bits/sigset.h:120:66: warning: invoking macro __SIGSETFN argument 3: empty macro arguments are undefined in ISO C90 and ISO C++98 [enabled by default]
In file included from ../.././../gcc/gcc-195953/gcc/sys/param.h:27:0,
                 from ../.././../gcc/gcc-195953/gcc/system.h:258,
                 from ../.././../gcc/gcc-195953/gcc/gengtype.c:25:
../.././../gcc/gcc-195953/gcc/limits.h:125:3: warning: #include_next is a GCC extension [enabled by default]
In file included from ../.././../gcc/gcc-195953/gcc/signal.h:33:0,
                 from ../.././../gcc/gcc-195953/gcc/sys/wait.h:31,
                 from ../.././../gcc/gcc-195953/gcc/system.h:352,
                 from ../.././../gcc/gcc-195953/gcc/gengtype.c:25:
../.././../gcc/gcc-195953/gcc/bits/sigset.h:119:65: warning: invoking macro __SIGSETFN argument 3: empty macro arguments are undefined in ISO C90 and ISO C++98 [enabled by default]
../.././../gcc/gcc-195953/gcc/bits/sigset.h:120:66: warning: invoking macro __SIGSETFN argument 3: empty macro arguments are undefined in ISO C90 and ISO C++98 [enabled by default]
In file included from ../.././../gcc/gcc-195953/gcc/fcntl.h:34:0,
                 from ../.././../gcc/gcc-195953/gcc/system.h:311,
                 from ../.././../gcc/gcc-195953/gcc/gcc-ar.c:22:
../.././../gcc/gcc-195953/gcc/bits/fcntl.h:259:27: warning: ISO C++ forbids zero-size array ‘f_handle’ [-pedantic]
/bin/bash ../.././../gcc/gcc-195953/gcc/../move-if-change tmp-mlib.h multilib.h
In file included from ../.././../gcc/gcc-195953/gcc/sys/param.h:27:0,
                 from ../.././../gcc/gcc-195953/gcc/system.h:258,
                 from ../.././../gcc/gcc-195953/gcc/gengtype-lex.l:29:
../.././../gcc/gcc-195953/gcc/limits.h:125:3: warning: #include_next is a GCC extension [enabled by default]
In file included from ../.././../gcc/gcc-195953/gcc/signal.h:33:0,
                 from ../.././../gcc/gcc-195953/gcc/sys/wait.h:31,
                 from ../.././../gcc/gcc-195953/gcc/system.h:352,
                 from ../.././../gcc/gcc-195953/gcc/gengtype-lex.l:29:
../.././../gcc/gcc-195953/gcc/bits/sigset.h:119:65: warning: invoking macro __SIGSETFN argument 3: empty macro arguments are undefined in ISO C90 and ISO C++98 [enabled by default]
In file included from ../.././../gcc/gcc-195953/gcc/fcntl.h:34:0,
                 from ../.././../gcc/gcc-195953/gcc/system.h:311,
                 from gcc-ranlib.c:22:
../.././../gcc/gcc-195953/gcc/bits/fcntl.h:259:27: warning: ISO C++ forbids zero-size array ‘f_handle’ [-pedantic]
../.././../gcc/gcc-195953/gcc/bits/sigset.h:120:66: warning: invoking macro __SIGSETFN argument 3: empty macro arguments are undefined in ISO C90 and ISO C++98 [enabled by default]
In file included from ../.././../gcc/gcc-195953/gcc/fcntl.h:34:0,
                 from ../.././../gcc/gcc-195953/gcc/system.h:311,
                 from gcc-nm.c:22:
../.././../gcc/gcc-195953/gcc/bits/fcntl.h:259:27: warning: ISO C++ forbids zero-size array ‘f_handle’ [-pedantic]
g++-4.7 -c  -DGENERATOR_FILE -g -O2 -DIN_GCC -DCROSS_DIRECTORY_STRUCTURE  -fno-exceptions -fno-rtti -fasynchronous-unwind-tables -W -Wall -Wno-narrowing -Wwrite-strings -Wcast-qual -Wmissing-format-attribute -pedantic -Wno-long-long -Wno-variadic-macros -Wno-overlength-strings -fno-common  -DHAVE_CONFIG_H -I. -I. -I../.././../gcc/gcc-195953/gcc -I../.././../gcc/gcc-195953/gcc/. -I../.././../gcc/gcc-195953/gcc/../include -I../.././../gcc/gcc-195953/gcc/../libcpp/include -I/home/sparksco/android/toolchain/aosp/build/temp-install/include -I/home/sparksco/android/toolchain/aosp/build/temp-install/include -I/home/sparksco/android/toolchain/aosp/build/temp-install/include  -I../.././../gcc/gcc-195953/gcc/../libdecnumber -I../.././../gcc/gcc-195953/gcc/../libdecnumber/dpd -I../libdecnumber -I../.././../gcc/gcc-195953/gcc/../libbacktrace    ../.././../gcc/gcc-195953/gcc/gengtype-parse.c -o gengtype-parse.o
In file included from ../.././../gcc/gcc-195953/gcc/fcntl.h:34:0,
                 from ../.././../gcc/gcc-195953/gcc/system.h:311,
                 from ../.././../gcc/gcc-195953/gcc/genhooks.c:21:
../.././../gcc/gcc-195953/gcc/bits/fcntl.h:259:27: warning: ISO C++ forbids zero-size array ‘f_handle’ [-pedantic]
echo timestamp > s-mlib
g++-4.7 -c  -DGENERATOR_FILE -g -O2 -DIN_GCC -DCROSS_DIRECTORY_STRUCTURE  -fno-exceptions -fno-rtti -fasynchronous-unwind-tables -W -Wall -Wno-narrowing -Wwrite-strings -Wcast-qual -Wmissing-format-attribute -pedantic -Wno-long-long -Wno-variadic-macros -Wno-overlength-strings -fno-common  -DHAVE_CONFIG_H -I. -I. -I../.././../gcc/gcc-195953/gcc -I../.././../gcc/gcc-195953/gcc/. -I../.././../gcc/gcc-195953/gcc/../include -I../.././../gcc/gcc-195953/gcc/../libcpp/include -I/home/sparksco/android/toolchain/aosp/build/temp-install/include -I/home/sparksco/android/toolchain/aosp/build/temp-install/include -I/home/sparksco/android/toolchain/aosp/build/temp-install/include  -I../.././../gcc/gcc-195953/gcc/../libdecnumber -I../.././../gcc/gcc-195953/gcc/../libdecnumber/dpd -I../libdecnumber -I../.././../gcc/gcc-195953/gcc/../libbacktrace    ../.././../gcc/gcc-195953/gcc/gengtype-state.c -o gengtype-state.o
In file included from ../.././../gcc/gcc-195953/gcc/fcntl.h:34:0,
                 from ../.././../gcc/gcc-195953/gcc/system.h:311,
                 from ../.././../gcc/gcc-195953/gcc/gengtype.c:25:
../.././../gcc/gcc-195953/gcc/bits/fcntl.h:259:27: warning: ISO C++ forbids zero-size array ‘f_handle’ [-pedantic]
In file included from ../.././../gcc/gcc-195953/gcc/fcntl.h:34:0,
                 from ../.././../gcc/gcc-195953/gcc/system.h:311,
                 from ../.././../gcc/gcc-195953/gcc/gengtype-lex.l:29:
../.././../gcc/gcc-195953/gcc/bits/fcntl.h:259:27: warning: ISO C++ forbids zero-size array ‘f_handle’ [-pedantic]
../.././../gcc/gcc-195953/gcc/genhooks.c: In function ‘void emit_documentation(const char*)’:
../.././../gcc/gcc-195953/gcc/genhooks.c:140:31: warning: ignoring return value of ‘int fscanf(FILE*, const char*, ...)’, declared with attribute warn_unused_result [-Wunused-result]
../.././../gcc/gcc-195953/gcc/genhooks.c:131:3: warning: ignoring return value of ‘int fscanf(FILE*, const char*, ...)’, declared with attribute warn_unused_result [-Wunused-result]
../.././../gcc/gcc-195953/gcc/genhooks.c:193:34: warning: ignoring return value of ‘int fscanf(FILE*, const char*, ...)’, declared with attribute warn_unused_result [-Wunused-result]
../.././../gcc/gcc-195953/gcc/genhooks.c:199:31: warning: ignoring return value of ‘int fscanf(FILE*, const char*, ...)’, declared with attribute warn_unused_result [-Wunused-result]
g++-4.7 -c   -g -O2 -DIN_GCC -DCROSS_DIRECTORY_STRUCTURE  -fno-exceptions -fno-rtti -fasynchronous-unwind-tables -W -Wall -Wno-narrowing -Wwrite-strings -Wcast-qual -Wmissing-format-attribute -pedantic -Wno-long-long -Wno-variadic-macros -Wno-overlength-strings -fno-common  -DHAVE_CONFIG_H -I. -I. -I../.././../gcc/gcc-195953/gcc -I../.././../gcc/gcc-195953/gcc/. -I../.././../gcc/gcc-195953/gcc/../include -I../.././../gcc/gcc-195953/gcc/../libcpp/include -I/home/sparksco/android/toolchain/aosp/build/temp-install/include -I/home/sparksco/android/toolchain/aosp/build/temp-install/include -I/home/sparksco/android/toolchain/aosp/build/temp-install/include  -I../.././../gcc/gcc-195953/gcc/../libdecnumber -I../.././../gcc/gcc-195953/gcc/../libdecnumber/dpd -I../libdecnumber -I../.././../gcc/gcc-195953/gcc/../libbacktrace    ../.././../gcc/gcc-195953/gcc/errors.c -o errors.o
In file included from ../.././../gcc/gcc-195953/gcc/sys/param.h:27:0,
                 from ../.././../gcc/gcc-195953/gcc/system.h:258,
                 from ../.././../gcc/gcc-195953/gcc/gengtype-parse.c:25:
../.././../gcc/gcc-195953/gcc/limits.h:125:3: warning: #include_next is a GCC extension [enabled by default]
In file included from ../.././../gcc/gcc-195953/gcc/signal.h:33:0,
                 from ../.././../gcc/gcc-195953/gcc/sys/wait.h:31,
                 from ../.././../gcc/gcc-195953/gcc/system.h:352,
                 from ../.././../gcc/gcc-195953/gcc/gengtype-parse.c:25:
../.././../gcc/gcc-195953/gcc/bits/sigset.h:119:65: warning: invoking macro __SIGSETFN argument 3: empty macro arguments are undefined in ISO C90 and ISO C++98 [enabled by default]
../.././../gcc/gcc-195953/gcc/bits/sigset.h:120:66: warning: invoking macro __SIGSETFN argument 3: empty macro arguments are undefined in ISO C90 and ISO C++98 [enabled by default]
In file included from ../.././../gcc/gcc-195953/gcc/sys/param.h:27:0,
                 from ../.././../gcc/gcc-195953/gcc/system.h:258,
                 from ../.././../gcc/gcc-195953/gcc/gengtype-state.c:31:
../.././../gcc/gcc-195953/gcc/limits.h:125:3: warning: #include_next is a GCC extension [enabled by default]
if [ xinfo = xinfo ]; then \
		makeinfo --split-size=5000000 --split-size=5000000 --no-split -I . -I ../.././../gcc/gcc-195953/gcc/doc \
			-I ../.././../gcc/gcc-195953/gcc/doc/include -o doc/cpp.info ../.././../gcc/gcc-195953/gcc/doc/cpp.texi; \
	fi
In file included from ../.././../gcc/gcc-195953/gcc/signal.h:33:0,
                 from ../.././../gcc/gcc-195953/gcc/sys/wait.h:31,
                 from ../.././../gcc/gcc-195953/gcc/system.h:352,
                 from ../.././../gcc/gcc-195953/gcc/gengtype-state.c:31:
../.././../gcc/gcc-195953/gcc/bits/sigset.h:119:65: warning: invoking macro __SIGSETFN argument 3: empty macro arguments are undefined in ISO C90 and ISO C++98 [enabled by default]
../.././../gcc/gcc-195953/gcc/bits/sigset.h:120:66: warning: invoking macro __SIGSETFN argument 3: empty macro arguments are undefined in ISO C90 and ISO C++98 [enabled by default]
if [ xinfo = xinfo ]; then \
		makeinfo --split-size=5000000 --split-size=5000000 --no-split -I . -I ../.././../gcc/gcc-195953/gcc/doc \
			-I ../.././../gcc/gcc-195953/gcc/doc/include -o doc/gcc.info ../.././../gcc/gcc-195953/gcc/doc/gcc.texi; \
	fi
In file included from ../.././../gcc/gcc-195953/gcc/sys/param.h:27:0,
                 from ../.././../gcc/gcc-195953/gcc/system.h:258,
                 from ../.././../gcc/gcc-195953/gcc/errors.c:29:
../.././../gcc/gcc-195953/gcc/limits.h:125:3: warning: #include_next is a GCC extension [enabled by default]
In file included from ../.././../gcc/gcc-195953/gcc/signal.h:33:0,
                 from ../.././../gcc/gcc-195953/gcc/sys/wait.h:31,
                 from ../.././../gcc/gcc-195953/gcc/system.h:352,
                 from ../.././../gcc/gcc-195953/gcc/errors.c:29:
../.././../gcc/gcc-195953/gcc/bits/sigset.h:119:65: warning: invoking macro __SIGSETFN argument 3: empty macro arguments are undefined in ISO C90 and ISO C++98 [enabled by default]
../.././../gcc/gcc-195953/gcc/bits/sigset.h:120:66: warning: invoking macro __SIGSETFN argument 3: empty macro arguments are undefined in ISO C90 and ISO C++98 [enabled by default]
In file included from ../.././../gcc/gcc-195953/gcc/fcntl.h:34:0,
                 from ../.././../gcc/gcc-195953/gcc/system.h:311,
                 from ../.././../gcc/gcc-195953/gcc/gengtype-parse.c:25:
../.././../gcc/gcc-195953/gcc/bits/fcntl.h:259:27: warning: ISO C++ forbids zero-size array ‘f_handle’ [-pedantic]
if [ xinfo = xinfo ]; then \
		makeinfo --split-size=5000000 --split-size=5000000 --no-split -I ../.././../gcc/gcc-195953/gcc/doc \
			-I ../.././../gcc/gcc-195953/gcc/doc/include -o doc/gccinstall.info ../.././../gcc/gcc-195953/gcc/doc/install.texi; \
	fi
In file included from ../.././../gcc/gcc-195953/gcc/fcntl.h:34:0,
                 from ../.././../gcc/gcc-195953/gcc/system.h:311,
                 from ../.././../gcc/gcc-195953/gcc/gengtype-state.c:31:
../.././../gcc/gcc-195953/gcc/bits/fcntl.h:259:27: warning: ISO C++ forbids zero-size array ‘f_handle’ [-pedantic]
In file included from ../.././../gcc/gcc-195953/gcc/fcntl.h:34:0,
                 from ../.././../gcc/gcc-195953/gcc/system.h:311,
                 from ../.././../gcc/gcc-195953/gcc/errors.c:29:
../.././../gcc/gcc-195953/gcc/bits/fcntl.h:259:27: warning: ISO C++ forbids zero-size array ‘f_handle’ [-pedantic]
if [ xinfo = xinfo ]; then \
		makeinfo --split-size=5000000 --split-size=5000000 --no-split -I . -I ../.././../gcc/gcc-195953/gcc/doc \
			-I ../.././../gcc/gcc-195953/gcc/doc/include -o doc/cppinternals.info ../.././../gcc/gcc-195953/gcc/doc/cppinternals.texi; \
	fi
echo timestamp > doc/gcov.1
(pod2man --center="GNU" --release="gcc-4.8.0" --date=2013-02-11 --section=1 gcov.pod > doc/gcov.1.T$$ && \
		mv -f doc/gcov.1.T$$ doc/gcov.1) || \
		(rm -f doc/gcov.1.T$$ && exit 1)
echo timestamp > doc/cpp.1
echo timestamp > gcc.pod
(pod2man --center="GNU" --release="gcc-4.8.0" --date=2013-02-11 --section=1 cpp.pod > doc/cpp.1.T$$ && \
		mv -f doc/cpp.1.T$$ doc/cpp.1) || \
		(rm -f doc/cpp.1.T$$ && exit 1)
perl ../.././../gcc/gcc-195953/gcc/../contrib/texi2pod.pl ../.././../gcc/gcc-195953/gcc/doc/invoke.texi > gcc.pod
echo timestamp > doc/gfdl.7
(pod2man --center="GNU" --release="gcc-4.8.0" --date=2013-02-11 --section=7 gfdl.pod > doc/gfdl.7.T$$ && \
		mv -f doc/gfdl.7.T$$ doc/gfdl.7) || \
		(rm -f doc/gfdl.7.T$$ && exit 1)
echo timestamp > doc/gpl.7
(pod2man --center="GNU" --release="gcc-4.8.0" --date=2013-02-11 --section=7 gpl.pod > doc/gpl.7.T$$ && \
		mv -f doc/gpl.7.T$$ doc/gpl.7) || \
		(rm -f doc/gpl.7.T$$ && exit 1)
echo timestamp > doc/fsf-funding.7
(pod2man --center="GNU" --release="gcc-4.8.0" --date=2013-02-11 --section=7 fsf-funding.pod > doc/fsf-funding.7.T$$ && \
		mv -f doc/fsf-funding.7.T$$ doc/fsf-funding.7) || \
		(rm -f doc/fsf-funding.7.T$$ && exit 1)
g++-4.7 -c   -g -O2 -DIN_GCC -DCROSS_DIRECTORY_STRUCTURE  -fno-exceptions -fno-rtti -fasynchronous-unwind-tables -W -Wall -Wno-narrowing -Wwrite-strings -Wcast-qual -Wmissing-format-attribute -pedantic -Wno-long-long -Wno-variadic-macros -Wno-overlength-strings -fno-common  -DHAVE_CONFIG_H -DGENERATOR_FILE -I. -Ibuild -I../.././../gcc/gcc-195953/gcc -I../.././../gcc/gcc-195953/gcc/build -I../.././../gcc/gcc-195953/gcc/../include -I../.././../gcc/gcc-195953/gcc/../libcpp/include -I/home/sparksco/android/toolchain/aosp/build/temp-install/include -I/home/sparksco/android/toolchain/aosp/build/temp-install/include -I/home/sparksco/android/toolchain/aosp/build/temp-install/include  -I../.././../gcc/gcc-195953/gcc/../libdecnumber -I../.././../gcc/gcc-195953/gcc/../libdecnumber/dpd -I../libdecnumber -I../.././../gcc/gcc-195953/gcc/../libbacktrace    \
		-o build/genconstants.o ../.././../gcc/gcc-195953/gcc/genconstants.c
g++-4.7 -c   -g -O2 -DIN_GCC -DCROSS_DIRECTORY_STRUCTURE  -fno-exceptions -fno-rtti -fasynchronous-unwind-tables -W -Wall -Wno-narrowing -Wwrite-strings -Wcast-qual -Wmissing-format-attribute -pedantic -Wno-long-long -Wno-variadic-macros -Wno-overlength-strings -fno-common  -DHAVE_CONFIG_H -DGENERATOR_FILE -I. -Ibuild -I../.././../gcc/gcc-195953/gcc -I../.././../gcc/gcc-195953/gcc/build -I../.././../gcc/gcc-195953/gcc/../include -I../.././../gcc/gcc-195953/gcc/../libcpp/include -I/home/sparksco/android/toolchain/aosp/build/temp-install/include -I/home/sparksco/android/toolchain/aosp/build/temp-install/include -I/home/sparksco/android/toolchain/aosp/build/temp-install/include  -I../.././../gcc/gcc-195953/gcc/../libdecnumber -I../.././../gcc/gcc-195953/gcc/../libdecnumber/dpd -I../libdecnumber -I../.././../gcc/gcc-195953/gcc/../libbacktrace    \
		-o build/read-md.o ../.././../gcc/gcc-195953/gcc/read-md.c
In file included from ../.././../gcc/gcc-195953/gcc/sys/param.h:27:0,
                 from ../.././../gcc/gcc-195953/gcc/system.h:258,
                 from ../.././../gcc/gcc-195953/gcc/read-md.c:21:
../.././../gcc/gcc-195953/gcc/limits.h:125:3: warning: #include_next is a GCC extension [enabled by default]
In file included from ../.././../gcc/gcc-195953/gcc/signal.h:33:0,
                 from ../.././../gcc/gcc-195953/gcc/sys/wait.h:31,
                 from ../.././../gcc/gcc-195953/gcc/system.h:352,
                 from ../.././../gcc/gcc-195953/gcc/read-md.c:21:
../.././../gcc/gcc-195953/gcc/bits/sigset.h:119:65: warning: invoking macro __SIGSETFN argument 3: empty macro arguments are undefined in ISO C90 and ISO C++98 [enabled by default]
../.././../gcc/gcc-195953/gcc/bits/sigset.h:120:66: warning: invoking macro __SIGSETFN argument 3: empty macro arguments are undefined in ISO C90 and ISO C++98 [enabled by default]
In file included from ../.././../gcc/gcc-195953/gcc/sys/param.h:27:0,
                 from ../.././../gcc/gcc-195953/gcc/system.h:258,
                 from ../.././../gcc/gcc-195953/gcc/genconstants.c:28:
../.././../gcc/gcc-195953/gcc/limits.h:125:3: warning: #include_next is a GCC extension [enabled by default]
In file included from ../.././../gcc/gcc-195953/gcc/signal.h:33:0,
                 from ../.././../gcc/gcc-195953/gcc/sys/wait.h:31,
                 from ../.././../gcc/gcc-195953/gcc/system.h:352,
                 from ../.././../gcc/gcc-195953/gcc/genconstants.c:28:
../.././../gcc/gcc-195953/gcc/bits/sigset.h:119:65: warning: invoking macro __SIGSETFN argument 3: empty macro arguments are undefined in ISO C90 and ISO C++98 [enabled by default]
../.././../gcc/gcc-195953/gcc/bits/sigset.h:120:66: warning: invoking macro __SIGSETFN argument 3: empty macro arguments are undefined in ISO C90 and ISO C++98 [enabled by default]
In file included from ../.././../gcc/gcc-195953/gcc/fcntl.h:34:0,
                 from ../.././../gcc/gcc-195953/gcc/system.h:311,
                 from ../.././../gcc/gcc-195953/gcc/read-md.c:21:
../.././../gcc/gcc-195953/gcc/bits/fcntl.h:259:27: warning: ISO C++ forbids zero-size array ‘f_handle’ [-pedantic]
In file included from ../.././../gcc/gcc-195953/gcc/fcntl.h:34:0,
                 from ../.././../gcc/gcc-195953/gcc/system.h:311,
                 from ../.././../gcc/gcc-195953/gcc/genconstants.c:28:
../.././../gcc/gcc-195953/gcc/bits/fcntl.h:259:27: warning: ISO C++ forbids zero-size array ‘f_handle’ [-pedantic]
g++-4.7 -c   -g -O2 -DIN_GCC -DCROSS_DIRECTORY_STRUCTURE  -fno-exceptions -fno-rtti -fasynchronous-unwind-tables -W -Wall -Wno-narrowing -Wwrite-strings -Wcast-qual -Wmissing-format-attribute -pedantic -Wno-long-long -Wno-variadic-macros -Wno-overlength-strings -fno-common  -DHAVE_CONFIG_H -DGENERATOR_FILE -I. -Ibuild -I../.././../gcc/gcc-195953/gcc -I../.././../gcc/gcc-195953/gcc/build -I../.././../gcc/gcc-195953/gcc/../include -I../.././../gcc/gcc-195953/gcc/../libcpp/include -I/home/sparksco/android/toolchain/aosp/build/temp-install/include -I/home/sparksco/android/toolchain/aosp/build/temp-install/include -I/home/sparksco/android/toolchain/aosp/build/temp-install/include  -I../.././../gcc/gcc-195953/gcc/../libdecnumber -I../.././../gcc/gcc-195953/gcc/../libdecnumber/dpd -I../libdecnumber -I../.././../gcc/gcc-195953/gcc/../libbacktrace    \
		-o build/errors.o ../.././../gcc/gcc-195953/gcc/errors.c
g++-4.7 -c   -g -O2 -DIN_GCC -DCROSS_DIRECTORY_STRUCTURE  -fno-exceptions -fno-rtti -fasynchronous-unwind-tables -W -Wall -Wno-narrowing -Wwrite-strings -Wcast-qual -Wmissing-format-attribute -pedantic -Wno-long-long -Wno-variadic-macros -Wno-overlength-strings -fno-common  -DHAVE_CONFIG_H -DGENERATOR_FILE -I. -Ibuild -I../.././../gcc/gcc-195953/gcc -I../.././../gcc/gcc-195953/gcc/build -I../.././../gcc/gcc-195953/gcc/../include -I../.././../gcc/gcc-195953/gcc/../libcpp/include -I/home/sparksco/android/toolchain/aosp/build/temp-install/include -I/home/sparksco/android/toolchain/aosp/build/temp-install/include -I/home/sparksco/android/toolchain/aosp/build/temp-install/include  -I../.././../gcc/gcc-195953/gcc/../libdecnumber -I../.././../gcc/gcc-195953/gcc/../libdecnumber/dpd -I../libdecnumber -I../.././../gcc/gcc-195953/gcc/../libbacktrace    \
		-o build/genmddeps.o ../.././../gcc/gcc-195953/gcc/genmddeps.c
g++-4.7 -c   -g -O2 -DIN_GCC -DCROSS_DIRECTORY_STRUCTURE  -fno-exceptions -fno-rtti -fasynchronous-unwind-tables -W -Wall -Wno-narrowing -Wwrite-strings -Wcast-qual -Wmissing-format-attribute -pedantic -Wno-long-long -Wno-variadic-macros -Wno-overlength-strings -fno-common  -DHAVE_CONFIG_H -DGENERATOR_FILE -I. -Ibuild -I../.././../gcc/gcc-195953/gcc -I../.././../gcc/gcc-195953/gcc/build -I../.././../gcc/gcc-195953/gcc/../include -I../.././../gcc/gcc-195953/gcc/../libcpp/include -I/home/sparksco/android/toolchain/aosp/build/temp-install/include -I/home/sparksco/android/toolchain/aosp/build/temp-install/include -I/home/sparksco/android/toolchain/aosp/build/temp-install/include  -I../.././../gcc/gcc-195953/gcc/../libdecnumber -I../.././../gcc/gcc-195953/gcc/../libdecnumber/dpd -I../libdecnumber -I../.././../gcc/gcc-195953/gcc/../libbacktrace    \
		-o build/genmodes.o ../.././../gcc/gcc-195953/gcc/genmodes.c
g++-4.7 -c   -g -O2 -DIN_GCC -DCROSS_DIRECTORY_STRUCTURE  -fno-exceptions -fno-rtti -fasynchronous-unwind-tables -W -Wall -Wno-narrowing -Wwrite-strings -Wcast-qual -Wmissing-format-attribute -pedantic -Wno-long-long -Wno-variadic-macros -Wno-overlength-strings -fno-common  -DHAVE_CONFIG_H -DGENERATOR_FILE -I. -Ibuild -I../.././../gcc/gcc-195953/gcc -I../.././../gcc/gcc-195953/gcc/build -I../.././../gcc/gcc-195953/gcc/../include -I../.././../gcc/gcc-195953/gcc/../libcpp/include -I/home/sparksco/android/toolchain/aosp/build/temp-install/include -I/home/sparksco/android/toolchain/aosp/build/temp-install/include -I/home/sparksco/android/toolchain/aosp/build/temp-install/include  -I../.././../gcc/gcc-195953/gcc/../libdecnumber -I../.././../gcc/gcc-195953/gcc/../libdecnumber/dpd -I../libdecnumber -I../.././../gcc/gcc-195953/gcc/../libbacktrace    \
		-o build/gengtype.o ../.././../gcc/gcc-195953/gcc/gengtype.c
In file included from ../.././../gcc/gcc-195953/gcc/sys/param.h:27:0,
                 from ../.././../gcc/gcc-195953/gcc/system.h:258,
                 from ../.././../gcc/gcc-195953/gcc/errors.c:29:
../.././../gcc/gcc-195953/gcc/limits.h:125:3: warning: #include_next is a GCC extension [enabled by default]
In file included from ../.././../gcc/gcc-195953/gcc/signal.h:33:0,
                 from ../.././../gcc/gcc-195953/gcc/sys/wait.h:31,
                 from ../.././../gcc/gcc-195953/gcc/system.h:352,
                 from ../.././../gcc/gcc-195953/gcc/errors.c:29:
../.././../gcc/gcc-195953/gcc/bits/sigset.h:119:65: warning: invoking macro __SIGSETFN argument 3: empty macro arguments are undefined in ISO C90 and ISO C++98 [enabled by default]
../.././../gcc/gcc-195953/gcc/bits/sigset.h:120:66: warning: invoking macro __SIGSETFN argument 3: empty macro arguments are undefined in ISO C90 and ISO C++98 [enabled by default]
In file included from ../.././../gcc/gcc-195953/gcc/sys/param.h:27:0,
                 from ../.././../gcc/gcc-195953/gcc/system.h:258,
                 from ../.././../gcc/gcc-195953/gcc/genmddeps.c:19:
../.././../gcc/gcc-195953/gcc/limits.h:125:3: warning: #include_next is a GCC extension [enabled by default]
In file included from ../.././../gcc/gcc-195953/gcc/signal.h:33:0,
                 from ../.././../gcc/gcc-195953/gcc/sys/wait.h:31,
                 from ../.././../gcc/gcc-195953/gcc/system.h:352,
                 from ../.././../gcc/gcc-195953/gcc/genmddeps.c:19:
../.././../gcc/gcc-195953/gcc/bits/sigset.h:119:65: warning: invoking macro __SIGSETFN argument 3: empty macro arguments are undefined in ISO C90 and ISO C++98 [enabled by default]
../.././../gcc/gcc-195953/gcc/bits/sigset.h:120:66: warning: invoking macro __SIGSETFN argument 3: empty macro arguments are undefined in ISO C90 and ISO C++98 [enabled by default]
In file included from ../.././../gcc/gcc-195953/gcc/sys/param.h:27:0,
                 from ../.././../gcc/gcc-195953/gcc/system.h:258,
                 from ../.././../gcc/gcc-195953/gcc/genmodes.c:21:
../.././../gcc/gcc-195953/gcc/limits.h:125:3: warning: #include_next is a GCC extension [enabled by default]
In file included from ../.././../gcc/gcc-195953/gcc/fcntl.h:34:0,
                 from ../.././../gcc/gcc-195953/gcc/system.h:311,
                 from ../.././../gcc/gcc-195953/gcc/errors.c:29:
../.././../gcc/gcc-195953/gcc/bits/fcntl.h:259:27: warning: ISO C++ forbids zero-size array ‘f_handle’ [-pedantic]
/bin/bash ../.././../gcc/gcc-195953/gcc/../move-if-change tmp-optionlist optionlist
In file included from ../.././../gcc/gcc-195953/gcc/signal.h:33:0,
                 from ../.././../gcc/gcc-195953/gcc/sys/wait.h:31,
                 from ../.././../gcc/gcc-195953/gcc/system.h:352,
                 from ../.././../gcc/gcc-195953/gcc/genmodes.c:21:
../.././../gcc/gcc-195953/gcc/bits/sigset.h:119:65: warning: invoking macro __SIGSETFN argument 3: empty macro arguments are undefined in ISO C90 and ISO C++98 [enabled by default]
../.././../gcc/gcc-195953/gcc/bits/sigset.h:120:66: warning: invoking macro __SIGSETFN argument 3: empty macro arguments are undefined in ISO C90 and ISO C++98 [enabled by default]
In file included from ../.././../gcc/gcc-195953/gcc/fcntl.h:34:0,
                 from ../.././../gcc/gcc-195953/gcc/system.h:311,
                 from ../.././../gcc/gcc-195953/gcc/genmddeps.c:19:
../.././../gcc/gcc-195953/gcc/bits/fcntl.h:259:27: warning: ISO C++ forbids zero-size array ‘f_handle’ [-pedantic]
In file included from ../.././../gcc/gcc-195953/gcc/sys/param.h:27:0,
                 from ../.././../gcc/gcc-195953/gcc/system.h:258,
                 from ../.././../gcc/gcc-195953/gcc/gengtype.c:25:
../.././../gcc/gcc-195953/gcc/limits.h:125:3: warning: #include_next is a GCC extension [enabled by default]
In file included from ../.././../gcc/gcc-195953/gcc/signal.h:33:0,
                 from ../.././../gcc/gcc-195953/gcc/sys/wait.h:31,
                 from ../.././../gcc/gcc-195953/gcc/system.h:352,
                 from ../.././../gcc/gcc-195953/gcc/gengtype.c:25:
../.././../gcc/gcc-195953/gcc/bits/sigset.h:119:65: warning: invoking macro __SIGSETFN argument 3: empty macro arguments are undefined in ISO C90 and ISO C++98 [enabled by default]
../.././../gcc/gcc-195953/gcc/bits/sigset.h:120:66: warning: invoking macro __SIGSETFN argument 3: empty macro arguments are undefined in ISO C90 and ISO C++98 [enabled by default]
echo timestamp > s-options
In file included from ../.././../gcc/gcc-195953/gcc/fcntl.h:34:0,
                 from ../.././../gcc/gcc-195953/gcc/system.h:311,
                 from ../.././../gcc/gcc-195953/gcc/genmodes.c:21:
../.././../gcc/gcc-195953/gcc/bits/fcntl.h:259:27: warning: ISO C++ forbids zero-size array ‘f_handle’ [-pedantic]
g++-4.7 -c   -g -O2 -DIN_GCC -DCROSS_DIRECTORY_STRUCTURE  -fno-exceptions -fno-rtti -fasynchronous-unwind-tables -W -Wall -Wno-narrowing -Wwrite-strings -Wcast-qual -Wmissing-format-attribute -pedantic -Wno-long-long -Wno-variadic-macros -Wno-overlength-strings -fno-common -Wno-error -DHAVE_CONFIG_H -DGENERATOR_FILE -I. -Ibuild -I../.././../gcc/gcc-195953/gcc -I../.././../gcc/gcc-195953/gcc/build -I../.././../gcc/gcc-195953/gcc/../include -I../.././../gcc/gcc-195953/gcc/../libcpp/include -I/home/sparksco/android/toolchain/aosp/build/temp-install/include -I/home/sparksco/android/toolchain/aosp/build/temp-install/include -I/home/sparksco/android/toolchain/aosp/build/temp-install/include  -I../.././../gcc/gcc-195953/gcc/../libdecnumber -I../.././../gcc/gcc-195953/gcc/../libdecnumber/dpd -I../libdecnumber -I../.././../gcc/gcc-195953/gcc/../libbacktrace    \
		-o build/gengtype-lex.o gengtype-lex.c
g++-4.7 -c   -g -O2 -DIN_GCC -DCROSS_DIRECTORY_STRUCTURE  -fno-exceptions -fno-rtti -fasynchronous-unwind-tables -W -Wall -Wno-narrowing -Wwrite-strings -Wcast-qual -Wmissing-format-attribute -pedantic -Wno-long-long -Wno-variadic-macros -Wno-overlength-strings -fno-common  -DHAVE_CONFIG_H -DGENERATOR_FILE -I. -Ibuild -I../.././../gcc/gcc-195953/gcc -I../.././../gcc/gcc-195953/gcc/build -I../.././../gcc/gcc-195953/gcc/../include -I../.././../gcc/gcc-195953/gcc/../libcpp/include -I/home/sparksco/android/toolchain/aosp/build/temp-install/include -I/home/sparksco/android/toolchain/aosp/build/temp-install/include -I/home/sparksco/android/toolchain/aosp/build/temp-install/include  -I../.././../gcc/gcc-195953/gcc/../libdecnumber -I../.././../gcc/gcc-195953/gcc/../libdecnumber/dpd -I../libdecnumber -I../.././../gcc/gcc-195953/gcc/../libbacktrace    \
		-o build/gengtype-parse.o ../.././../gcc/gcc-195953/gcc/gengtype-parse.c
g++-4.7 -c   -g -O2 -DIN_GCC -DCROSS_DIRECTORY_STRUCTURE  -fno-exceptions -fno-rtti -fasynchronous-unwind-tables -W -Wall -Wno-narrowing -Wwrite-strings -Wcast-qual -Wmissing-format-attribute -pedantic -Wno-long-long -Wno-variadic-macros -Wno-overlength-strings -fno-common  -DHAVE_CONFIG_H -DGENERATOR_FILE -I. -Ibuild -I../.././../gcc/gcc-195953/gcc -I../.././../gcc/gcc-195953/gcc/build -I../.././../gcc/gcc-195953/gcc/../include -I../.././../gcc/gcc-195953/gcc/../libcpp/include -I/home/sparksco/android/toolchain/aosp/build/temp-install/include -I/home/sparksco/android/toolchain/aosp/build/temp-install/include -I/home/sparksco/android/toolchain/aosp/build/temp-install/include  -I../.././../gcc/gcc-195953/gcc/../libdecnumber -I../.././../gcc/gcc-195953/gcc/../libdecnumber/dpd -I../libdecnumber -I../.././../gcc/gcc-195953/gcc/../libbacktrace    \
		-o build/gengtype-state.o ../.././../gcc/gcc-195953/gcc/gengtype-state.c
In file included from ../.././../gcc/gcc-195953/gcc/sys/param.h:27:0,
                 from ../.././../gcc/gcc-195953/gcc/system.h:258,
                 from ../.././../gcc/gcc-195953/gcc/gengtype-lex.l:29:
../.././../gcc/gcc-195953/gcc/limits.h:125:3: warning: #include_next is a GCC extension [enabled by default]
In file included from ../.././../gcc/gcc-195953/gcc/signal.h:33:0,
                 from ../.././../gcc/gcc-195953/gcc/sys/wait.h:31,
                 from ../.././../gcc/gcc-195953/gcc/system.h:352,
                 from ../.././../gcc/gcc-195953/gcc/gengtype-lex.l:29:
../.././../gcc/gcc-195953/gcc/bits/sigset.h:119:65: warning: invoking macro __SIGSETFN argument 3: empty macro arguments are undefined in ISO C90 and ISO C++98 [enabled by default]
../.././../gcc/gcc-195953/gcc/bits/sigset.h:120:66: warning: invoking macro __SIGSETFN argument 3: empty macro arguments are undefined in ISO C90 and ISO C++98 [enabled by default]
In file included from ../.././../gcc/gcc-195953/gcc/fcntl.h:34:0,
                 from ../.././../gcc/gcc-195953/gcc/system.h:311,
                 from ../.././../gcc/gcc-195953/gcc/gengtype.c:25:
../.././../gcc/gcc-195953/gcc/bits/fcntl.h:259:27: warning: ISO C++ forbids zero-size array ‘f_handle’ [-pedantic]
In file included from ../.././../gcc/gcc-195953/gcc/sys/param.h:27:0,
                 from ../.././../gcc/gcc-195953/gcc/system.h:258,
                 from ../.././../gcc/gcc-195953/gcc/gengtype-parse.c:25:
../.././../gcc/gcc-195953/gcc/limits.h:125:3: warning: #include_next is a GCC extension [enabled by default]
In file included from ../.././../gcc/gcc-195953/gcc/signal.h:33:0,
                 from ../.././../gcc/gcc-195953/gcc/sys/wait.h:31,
                 from ../.././../gcc/gcc-195953/gcc/system.h:352,
                 from ../.././../gcc/gcc-195953/gcc/gengtype-parse.c:25:
../.././../gcc/gcc-195953/gcc/bits/sigset.h:119:65: warning: invoking macro __SIGSETFN argument 3: empty macro arguments are undefined in ISO C90 and ISO C++98 [enabled by default]
../.././../gcc/gcc-195953/gcc/bits/sigset.h:120:66: warning: invoking macro __SIGSETFN argument 3: empty macro arguments are undefined in ISO C90 and ISO C++98 [enabled by default]
In file included from ../.././../gcc/gcc-195953/gcc/sys/param.h:27:0,
                 from ../.././../gcc/gcc-195953/gcc/system.h:258,
                 from ../.././../gcc/gcc-195953/gcc/gengtype-state.c:31:
../.././../gcc/gcc-195953/gcc/limits.h:125:3: warning: #include_next is a GCC extension [enabled by default]
In file included from ../.././../gcc/gcc-195953/gcc/fcntl.h:34:0,
                 from ../.././../gcc/gcc-195953/gcc/system.h:311,
                 from ../.././../gcc/gcc-195953/gcc/gengtype-lex.l:29:
../.././../gcc/gcc-195953/gcc/bits/fcntl.h:259:27: warning: ISO C++ forbids zero-size array ‘f_handle’ [-pedantic]
In file included from ../.././../gcc/gcc-195953/gcc/fcntl.h:34:0,
                 from ../.././../gcc/gcc-195953/gcc/system.h:311,
                 from ../.././../gcc/gcc-195953/gcc/gengtype-parse.c:25:
../.././../gcc/gcc-195953/gcc/bits/fcntl.h:259:27: warning: ISO C++ forbids zero-size array ‘f_handle’ [-pedantic]
In file included from ../.././../gcc/gcc-195953/gcc/signal.h:33:0,
                 from ../.././../gcc/gcc-195953/gcc/sys/wait.h:31,
                 from ../.././../gcc/gcc-195953/gcc/system.h:352,
                 from ../.././../gcc/gcc-195953/gcc/gengtype-state.c:31:
../.././../gcc/gcc-195953/gcc/bits/sigset.h:119:65: warning: invoking macro __SIGSETFN argument 3: empty macro arguments are undefined in ISO C90 and ISO C++98 [enabled by default]
../.././../gcc/gcc-195953/gcc/bits/sigset.h:120:66: warning: invoking macro __SIGSETFN argument 3: empty macro arguments are undefined in ISO C90 and ISO C++98 [enabled by default]
In file included from ../.././../gcc/gcc-195953/gcc/fcntl.h:34:0,
                 from ../.././../gcc/gcc-195953/gcc/system.h:311,
                 from ../.././../gcc/gcc-195953/gcc/gengtype-state.c:31:
../.././../gcc/gcc-195953/gcc/bits/fcntl.h:259:27: warning: ISO C++ forbids zero-size array ‘f_handle’ [-pedantic]
g++-4.7 -c   -g -O2 -DIN_GCC -DCROSS_DIRECTORY_STRUCTURE  -fno-exceptions -fno-rtti -fasynchronous-unwind-tables -W -Wall -Wno-narrowing -Wwrite-strings -Wcast-qual -Wmissing-format-attribute -pedantic -Wno-long-long -Wno-variadic-macros -Wno-overlength-strings -fno-common  -DHAVE_CONFIG_H -DGENERATOR_FILE -I. -Ibuild -I../.././../gcc/gcc-195953/gcc -I../.././../gcc/gcc-195953/gcc/build -I../.././../gcc/gcc-195953/gcc/../include -I../.././../gcc/gcc-195953/gcc/../libcpp/include -I/home/sparksco/android/toolchain/aosp/build/temp-install/include -I/home/sparksco/android/toolchain/aosp/build/temp-install/include -I/home/sparksco/android/toolchain/aosp/build/temp-install/include  -I../.././../gcc/gcc-195953/gcc/../libdecnumber -I../.././../gcc/gcc-195953/gcc/../libdecnumber/dpd -I../libdecnumber -I../.././../gcc/gcc-195953/gcc/../libbacktrace    \
		-o build/gengenrtl.o ../.././../gcc/gcc-195953/gcc/gengenrtl.c
In file included from ../.././../gcc/gcc-195953/gcc/sys/param.h:27:0,
                 from ../.././../gcc/gcc-195953/gcc/system.h:258,
                 from ../.././../gcc/gcc-195953/gcc/gengenrtl.c:22:
../.././../gcc/gcc-195953/gcc/limits.h:125:3: warning: #include_next is a GCC extension [enabled by default]
g++-4.7   -g -O2 -DIN_GCC -DCROSS_DIRECTORY_STRUCTURE  -fno-exceptions -fno-rtti -fasynchronous-unwind-tables -W -Wall -Wno-narrowing -Wwrite-strings -Wcast-qual -Wmissing-format-attribute -pedantic -Wno-long-long -Wno-variadic-macros -Wno-overlength-strings -fno-common  -DHAVE_CONFIG_H -DGENERATOR_FILE -static-libstdc++ -static-libgcc  -o build/genhooks \
	    build/genhooks.o build/errors.o ../build-x86_64-linux-gnu/libiberty/libiberty.a
In file included from ../.././../gcc/gcc-195953/gcc/signal.h:33:0,
                 from ../.././../gcc/gcc-195953/gcc/sys/wait.h:31,
                 from ../.././../gcc/gcc-195953/gcc/system.h:352,
                 from ../.././../gcc/gcc-195953/gcc/gengenrtl.c:22:
../.././../gcc/gcc-195953/gcc/bits/sigset.h:119:65: warning: invoking macro __SIGSETFN argument 3: empty macro arguments are undefined in ISO C90 and ISO C++98 [enabled by default]
../.././../gcc/gcc-195953/gcc/bits/sigset.h:120:66: warning: invoking macro __SIGSETFN argument 3: empty macro arguments are undefined in ISO C90 and ISO C++98 [enabled by default]
g++-4.7   -g -O2 -DIN_GCC -DCROSS_DIRECTORY_STRUCTURE  -fno-exceptions -fno-rtti -fasynchronous-unwind-tables -W -Wall -Wno-narrowing -Wwrite-strings -Wcast-qual -Wmissing-format-attribute -pedantic -Wno-long-long -Wno-variadic-macros -Wno-overlength-strings -fno-common  -DHAVE_CONFIG_H -DGENERATOR_FILE -static-libstdc++ -static-libgcc  -o build/genchecksum \
	    build/genchecksum.o ../build-x86_64-linux-gnu/libiberty/libiberty.a
g++-4.7   -g -O2 -DIN_GCC -DCROSS_DIRECTORY_STRUCTURE  -fno-exceptions -fno-rtti -fasynchronous-unwind-tables -W -Wall -Wno-narrowing -Wwrite-strings -Wcast-qual -Wmissing-format-attribute -pedantic -Wno-long-long -Wno-variadic-macros -Wno-overlength-strings -fno-common  -DHAVE_CONFIG_H -DGENERATOR_FILE -static-libstdc++ -static-libgcc  -o build/genenums \
	    build/genenums.o build/read-md.o build/errors.o ../build-x86_64-linux-gnu/libiberty/libiberty.a
In file included from ../.././../gcc/gcc-195953/gcc/fcntl.h:34:0,
                 from ../.././../gcc/gcc-195953/gcc/system.h:311,
                 from ../.././../gcc/gcc-195953/gcc/gengenrtl.c:22:
../.././../gcc/gcc-195953/gcc/bits/fcntl.h:259:27: warning: ISO C++ forbids zero-size array ‘f_handle’ [-pedantic]
echo timestamp > doc/gcc.1
(pod2man --center="GNU" --release="gcc-4.8.0" --date=2013-02-11 --section=1 gcc.pod > doc/gcc.1.T$$ && \
		mv -f doc/gcc.1.T$$ doc/gcc.1) || \
		(rm -f doc/gcc.1.T$$ && exit 1)
g++-4.7   -g -O2 -DIN_GCC -DCROSS_DIRECTORY_STRUCTURE  -fno-exceptions -fno-rtti -fasynchronous-unwind-tables -W -Wall -Wno-narrowing -Wwrite-strings -Wcast-qual -Wmissing-format-attribute -pedantic -Wno-long-long -Wno-variadic-macros -Wno-overlength-strings -fno-common  -DHAVE_CONFIG_H -DGENERATOR_FILE -static-libstdc++ -static-libgcc  -o build/genconstants \
	    build/genconstants.o build/read-md.o build/errors.o ../build-x86_64-linux-gnu/libiberty/libiberty.a
g++-4.7   -g -O2 -DIN_GCC -DCROSS_DIRECTORY_STRUCTURE  -fno-exceptions -fno-rtti -fasynchronous-unwind-tables -W -Wall -Wno-narrowing -Wwrite-strings -Wcast-qual -Wmissing-format-attribute -pedantic -Wno-long-long -Wno-variadic-macros -Wno-overlength-strings -fno-common  -DHAVE_CONFIG_H -DGENERATOR_FILE -static-libstdc++ -static-libgcc  -o build/genmddeps \
	    build/genmddeps.o build/read-md.o build/errors.o ../build-x86_64-linux-gnu/libiberty/libiberty.a
g++-4.7   -g -O2 -DIN_GCC -DCROSS_DIRECTORY_STRUCTURE  -fno-exceptions -fno-rtti -fasynchronous-unwind-tables -W -Wall -Wno-narrowing -Wwrite-strings -Wcast-qual -Wmissing-format-attribute -pedantic -Wno-long-long -Wno-variadic-macros -Wno-overlength-strings -fno-common  -DHAVE_CONFIG_H -DGENERATOR_FILE -static-libstdc++ -static-libgcc  -o build/genmodes \
	    build/genmodes.o build/errors.o ../build-x86_64-linux-gnu/libiberty/libiberty.a
build/genhooks "Target Hook" \
					     > tmp-target-hooks-def.h
build/genhooks "C Target Hook" \
					     > tmp-c-target-hooks-def.h
/bin/bash ../.././../gcc/gcc-195953/gcc/../move-if-change tmp-target-hooks-def.h \
					     target-hooks-def.h
/bin/bash ../.././../gcc/gcc-195953/gcc/../move-if-change tmp-c-target-hooks-def.h \
					     c-family/c-target-hooks-def.h
echo timestamp > s-target-hooks-def-h
gawk -f ../.././../gcc/gcc-195953/gcc/opt-functions.awk -f ../.././../gcc/gcc-195953/gcc/opt-read.awk \
	       -f ../.././../gcc/gcc-195953/gcc/optc-save-gen.awk \
	       -v header_name="config.h system.h coretypes.h tm.h" < optionlist > options-save.c
echo timestamp > s-c-target-hooks-def-h
build/genhooks "Common Target Hook" \
					     > tmp-common-target-hooks-def.h
gawk -f ../.././../gcc/gcc-195953/gcc/opt-functions.awk -f ../.././../gcc/gcc-195953/gcc/opt-read.awk \
	       -f ../.././../gcc/gcc-195953/gcc/optc-gen.awk \
	       -v header_name="config.h system.h coretypes.h options.h tm.h" < optionlist > options.c
build/genhooks -d \
			../.././../gcc/gcc-195953/gcc/doc/tm.texi.in > tmp-tm.texi
/bin/bash ../.././../gcc/gcc-195953/gcc/../move-if-change tmp-common-target-hooks-def.h \
					     common/common-target-hooks-def.h
case `echo X|tr X '\101'` in \
	  A) tr -d '\015' < tmp-tm.texi > tmp2-tm.texi ;; \
	  *) tr -d '\r' < tmp-tm.texi > tmp2-tm.texi ;; \
	esac
echo timestamp > s-common-target-hooks-def-h
gawk -f ../.././../gcc/gcc-195953/gcc/opt-functions.awk -f ../.././../gcc/gcc-195953/gcc/opt-read.awk \
	       -f ../.././../gcc/gcc-195953/gcc/opth-gen.awk \
	       < optionlist > tmp-options.h
mv tmp2-tm.texi tmp-tm.texi
/bin/bash ../.././../gcc/gcc-195953/gcc/../move-if-change tmp-tm.texi tm.texi
build/genmddeps ../.././../gcc/gcc-195953/gcc/config/arm/arm.md > tmp-mddeps
build/genmodes -h > tmp-modes.h
/bin/bash ../.././../gcc/gcc-195953/gcc/../move-if-change tmp-mddeps mddeps.mk
g++-4.7   -g -O2 -DIN_GCC -DCROSS_DIRECTORY_STRUCTURE  -fno-exceptions -fno-rtti -fasynchronous-unwind-tables -W -Wall -Wno-narrowing -Wwrite-strings -Wcast-qual -Wmissing-format-attribute -pedantic -Wno-long-long -Wno-variadic-macros -Wno-overlength-strings -fno-common  -DHAVE_CONFIG_H -DGENERATOR_FILE -static-libstdc++ -static-libgcc  -o build/gengenrtl \
	    build/gengenrtl.o build/errors.o ../build-x86_64-linux-gnu/libiberty/libiberty.a
/bin/bash ../.././../gcc/gcc-195953/gcc/../move-if-change tmp-modes.h insn-modes.h
echo timestamp > s-mddeps
build/genmodes -m > tmp-min-modes.c
/bin/bash ../.././../gcc/gcc-195953/gcc/../move-if-change tmp-min-modes.c min-insn-modes.c
echo timestamp > s-modes-m
build/genmodes > tmp-modes.c
echo timestamp > s-modes-h
/bin/bash ../.././../gcc/gcc-195953/gcc/../move-if-change tmp-modes.c insn-modes.c
build/genenums ../.././../gcc/gcc-195953/gcc/config/arm/arm.md \
	   > tmp-enums.c
echo timestamp > s-modes
/bin/bash ../.././../gcc/gcc-195953/gcc/../move-if-change tmp-enums.c insn-enums.c
build/genconstants ../.././../gcc/gcc-195953/gcc/config/arm/arm.md \
	   > tmp-constants.h
echo timestamp > s-enums
/bin/bash ../.././../gcc/gcc-195953/gcc/../move-if-change tmp-constants.h insn-constants.h
build/gengenrtl > tmp-genrtl.h
echo timestamp > s-constants
/bin/bash ../.././../gcc/gcc-195953/gcc/../move-if-change tmp-genrtl.h genrtl.h
if [ xinfo = xinfo ]; then \
		makeinfo --split-size=5000000 --split-size=5000000 --no-split -I . -I ../.././../gcc/gcc-195953/gcc/doc \
			-I ../.././../gcc/gcc-195953/gcc/doc/include -o doc/gccint.info ../.././../gcc/gcc-195953/gcc/doc/gccint.texi; \
	fi
echo timestamp > s-genrtl-h
g++-4.7 -c   -g -O2 -DIN_GCC -DCROSS_DIRECTORY_STRUCTURE  -fno-exceptions -fno-rtti -fasynchronous-unwind-tables -W -Wall -Wno-narrowing -Wwrite-strings -Wcast-qual -Wmissing-format-attribute -pedantic -Wno-long-long -Wno-variadic-macros -Wno-overlength-strings -fno-common  -DHAVE_CONFIG_H -DGENERATOR_FILE -I. -Ibuild -I../.././../gcc/gcc-195953/gcc -I../.././../gcc/gcc-195953/gcc/build -I../.././../gcc/gcc-195953/gcc/../include -I../.././../gcc/gcc-195953/gcc/../libcpp/include -I/home/sparksco/android/toolchain/aosp/build/temp-install/include -I/home/sparksco/android/toolchain/aosp/build/temp-install/include -I/home/sparksco/android/toolchain/aosp/build/temp-install/include  -I../.././../gcc/gcc-195953/gcc/../libdecnumber -I../.././../gcc/gcc-195953/gcc/../libdecnumber/dpd -I../libdecnumber -I../.././../gcc/gcc-195953/gcc/../libbacktrace    \
		-o build/min-insn-modes.o min-insn-modes.c
In file included from ../.././../gcc/gcc-195953/gcc/sys/param.h:27:0,
                 from ../.././../gcc/gcc-195953/gcc/system.h:258,
                 from min-insn-modes.c:5:
../.././../gcc/gcc-195953/gcc/limits.h:125:3: warning: #include_next is a GCC extension [enabled by default]
In file included from ../.././../gcc/gcc-195953/gcc/signal.h:33:0,
                 from ../.././../gcc/gcc-195953/gcc/sys/wait.h:31,
                 from ../.././../gcc/gcc-195953/gcc/system.h:352,
                 from min-insn-modes.c:5:
../.././../gcc/gcc-195953/gcc/bits/sigset.h:119:65: warning: invoking macro __SIGSETFN argument 3: empty macro arguments are undefined in ISO C90 and ISO C++98 [enabled by default]
../.././../gcc/gcc-195953/gcc/bits/sigset.h:120:66: warning: invoking macro __SIGSETFN argument 3: empty macro arguments are undefined in ISO C90 and ISO C++98 [enabled by default]
In file included from ../.././../gcc/gcc-195953/gcc/fcntl.h:34:0,
                 from ../.././../gcc/gcc-195953/gcc/system.h:311,
                 from min-insn-modes.c:5:
../.././../gcc/gcc-195953/gcc/bits/fcntl.h:259:27: warning: ISO C++ forbids zero-size array ‘f_handle’ [-pedantic]
/bin/bash ../.././../gcc/gcc-195953/gcc/../move-if-change tmp-options.h options.h
echo timestamp > s-options-h
g++-4.7 -c   -g -O2 -DIN_GCC -DCROSS_DIRECTORY_STRUCTURE  -fno-exceptions -fno-rtti -fasynchronous-unwind-tables -W -Wall -Wno-narrowing -Wwrite-strings -Wcast-qual -Wmissing-format-attribute -pedantic -Wno-long-long -Wno-variadic-macros -Wno-overlength-strings -fno-common  -DHAVE_CONFIG_H -DGENERATOR_FILE -I. -Ibuild -I../.././../gcc/gcc-195953/gcc -I../.././../gcc/gcc-195953/gcc/build -I../.././../gcc/gcc-195953/gcc/../include -I../.././../gcc/gcc-195953/gcc/../libcpp/include -I/home/sparksco/android/toolchain/aosp/build/temp-install/include -I/home/sparksco/android/toolchain/aosp/build/temp-install/include -I/home/sparksco/android/toolchain/aosp/build/temp-install/include  -I../.././../gcc/gcc-195953/gcc/../libdecnumber -I../.././../gcc/gcc-195953/gcc/../libdecnumber/dpd -I../libdecnumber -I../.././../gcc/gcc-195953/gcc/../libbacktrace    \
		-o build/gencheck.o ../.././../gcc/gcc-195953/gcc/gencheck.c
In file included from ../.././../gcc/gcc-195953/gcc/sys/param.h:27:0,
                 from ../.././../gcc/gcc-195953/gcc/system.h:258,
                 from ../.././../gcc/gcc-195953/gcc/gencheck.c:21:
../.././../gcc/gcc-195953/gcc/limits.h:125:3: warning: #include_next is a GCC extension [enabled by default]
In file included from ../.././../gcc/gcc-195953/gcc/signal.h:33:0,
                 from ../.././../gcc/gcc-195953/gcc/sys/wait.h:31,
                 from ../.././../gcc/gcc-195953/gcc/system.h:352,
                 from ../.././../gcc/gcc-195953/gcc/gencheck.c:21:
../.././../gcc/gcc-195953/gcc/bits/sigset.h:119:65: warning: invoking macro __SIGSETFN argument 3: empty macro arguments are undefined in ISO C90 and ISO C++98 [enabled by default]
../.././../gcc/gcc-195953/gcc/bits/sigset.h:120:66: warning: invoking macro __SIGSETFN argument 3: empty macro arguments are undefined in ISO C90 and ISO C++98 [enabled by default]
In file included from ../.././../gcc/gcc-195953/gcc/fcntl.h:34:0,
                 from ../.././../gcc/gcc-195953/gcc/system.h:311,
                 from ../.././../gcc/gcc-195953/gcc/gencheck.c:21:
../.././../gcc/gcc-195953/gcc/bits/fcntl.h:259:27: warning: ISO C++ forbids zero-size array ‘f_handle’ [-pedantic]
g++-4.7   -g -O2 -DIN_GCC -DCROSS_DIRECTORY_STRUCTURE  -fno-exceptions -fno-rtti -fasynchronous-unwind-tables -W -Wall -Wno-narrowing -Wwrite-strings -Wcast-qual -Wmissing-format-attribute -pedantic -Wno-long-long -Wno-variadic-macros -Wno-overlength-strings -fno-common  -DHAVE_CONFIG_H -DGENERATOR_FILE -static-libstdc++ -static-libgcc  -o build/gencheck \
	    build/gencheck.o ../build-x86_64-linux-gnu/libiberty/libiberty.a
build/gencheck > tmp-check.h
/bin/bash ../.././../gcc/gcc-195953/gcc/../move-if-change tmp-check.h tree-check.h
echo timestamp > s-check
g++-4.7   -g -O2 -DIN_GCC -DCROSS_DIRECTORY_STRUCTURE  -fno-exceptions -fno-rtti -fasynchronous-unwind-tables -W -Wall -Wno-narrowing -Wwrite-strings -Wcast-qual -Wmissing-format-attribute -pedantic -Wno-long-long -Wno-variadic-macros -Wno-overlength-strings -fno-common  -DHAVE_CONFIG_H -DGENERATOR_FILE -static-libstdc++ -static-libgcc  -o build/gengtype \
	    build/gengtype.o build/errors.o build/gengtype-lex.o build/gengtype-parse.o build/gengtype-state.o build/version.o ../build-x86_64-linux-gnu/libiberty/libiberty.a
build/gengtype  \
                    -S ../.././../gcc/gcc-195953/gcc -I gtyp-input.list -w tmp-gtype.state
/bin/bash ../.././../gcc/gcc-195953/gcc/../move-if-change tmp-gtype.state gtype.state
build/gengtype  \
                    -r gtype.state
echo timestamp > s-gtype
g++-4.7 -c   -g -O2 -DIN_GCC -DCROSS_DIRECTORY_STRUCTURE  -fno-exceptions -fno-rtti -fasynchronous-unwind-tables -W -Wall -Wno-narrowing -Wwrite-strings -Wcast-qual -Wmissing-format-attribute -pedantic -Wno-long-long -Wno-variadic-macros -Wno-overlength-strings -fno-common  -DHAVE_CONFIG_H -DGENERATOR_FILE -I. -Ibuild -I../.././../gcc/gcc-195953/gcc -I../.././../gcc/gcc-195953/gcc/build -I../.././../gcc/gcc-195953/gcc/../include -I../.././../gcc/gcc-195953/gcc/../libcpp/include -I/home/sparksco/android/toolchain/aosp/build/temp-install/include -I/home/sparksco/android/toolchain/aosp/build/temp-install/include -I/home/sparksco/android/toolchain/aosp/build/temp-install/include  -I../.././../gcc/gcc-195953/gcc/../libdecnumber -I../.././../gcc/gcc-195953/gcc/../libdecnumber/dpd -I../libdecnumber -I../.././../gcc/gcc-195953/gcc/../libbacktrace    \
		-o build/genattrtab.o ../.././../gcc/gcc-195953/gcc/genattrtab.c
g++-4.7 -c   -g -O2 -DIN_GCC -DCROSS_DIRECTORY_STRUCTURE  -fno-exceptions -fno-rtti -fasynchronous-unwind-tables -W -Wall -Wno-narrowing -Wwrite-strings -Wcast-qual -Wmissing-format-attribute -pedantic -Wno-long-long -Wno-variadic-macros -Wno-overlength-strings -fno-common  -DHAVE_CONFIG_H -DGENERATOR_FILE -I. -Ibuild -I../.././../gcc/gcc-195953/gcc -I../.././../gcc/gcc-195953/gcc/build -I../.././../gcc/gcc-195953/gcc/../include -I../.././../gcc/gcc-195953/gcc/../libcpp/include -I/home/sparksco/android/toolchain/aosp/build/temp-install/include -I/home/sparksco/android/toolchain/aosp/build/temp-install/include -I/home/sparksco/android/toolchain/aosp/build/temp-install/include  -I../.././../gcc/gcc-195953/gcc/../libdecnumber -I../.././../gcc/gcc-195953/gcc/../libdecnumber/dpd -I../libdecnumber -I../.././../gcc/gcc-195953/gcc/../libbacktrace    \
		-o build/genautomata.o ../.././../gcc/gcc-195953/gcc/genautomata.c
g++-4.7 -c   -g -O2 -DIN_GCC -DCROSS_DIRECTORY_STRUCTURE  -fno-exceptions -fno-rtti -fasynchronous-unwind-tables -W -Wall -Wno-narrowing -Wwrite-strings -Wcast-qual -Wmissing-format-attribute -pedantic -Wno-long-long -Wno-variadic-macros -Wno-overlength-strings -fno-common  -DHAVE_CONFIG_H -DGENERATOR_FILE -I. -Ibuild -I../.././../gcc/gcc-195953/gcc -I../.././../gcc/gcc-195953/gcc/build -I../.././../gcc/gcc-195953/gcc/../include -I../.././../gcc/gcc-195953/gcc/../libcpp/include -I/home/sparksco/android/toolchain/aosp/build/temp-install/include -I/home/sparksco/android/toolchain/aosp/build/temp-install/include -I/home/sparksco/android/toolchain/aosp/build/temp-install/include  -I../.././../gcc/gcc-195953/gcc/../libdecnumber -I../.././../gcc/gcc-195953/gcc/../libdecnumber/dpd -I../libdecnumber -I../.././../gcc/gcc-195953/gcc/../libbacktrace    \
		-o build/genemit.o ../.././../gcc/gcc-195953/gcc/genemit.c
g++-4.7 -c   -g -O2 -DIN_GCC -DCROSS_DIRECTORY_STRUCTURE  -fno-exceptions -fno-rtti -fasynchronous-unwind-tables -W -Wall -Wno-narrowing -Wwrite-strings -Wcast-qual -Wmissing-format-attribute -pedantic -Wno-long-long -Wno-variadic-macros -Wno-overlength-strings -fno-common  -DHAVE_CONFIG_H -DGENERATOR_FILE -I. -Ibuild -I../.././../gcc/gcc-195953/gcc -I../.././../gcc/gcc-195953/gcc/build -I../.././../gcc/gcc-195953/gcc/../include -I../.././../gcc/gcc-195953/gcc/../libcpp/include -I/home/sparksco/android/toolchain/aosp/build/temp-install/include -I/home/sparksco/android/toolchain/aosp/build/temp-install/include -I/home/sparksco/android/toolchain/aosp/build/temp-install/include  -I../.././../gcc/gcc-195953/gcc/../libdecnumber -I../.././../gcc/gcc-195953/gcc/../libdecnumber/dpd -I../libdecnumber -I../.././../gcc/gcc-195953/gcc/../libbacktrace    \
		-o build/genopinit.o ../.././../gcc/gcc-195953/gcc/genopinit.c
g++-4.7 -c   -g -O2 -DIN_GCC -DCROSS_DIRECTORY_STRUCTURE  -fno-exceptions -fno-rtti -fasynchronous-unwind-tables -W -Wall -Wno-narrowing -Wwrite-strings -Wcast-qual -Wmissing-format-attribute -pedantic -Wno-long-long -Wno-variadic-macros -Wno-overlength-strings -fno-common  -DHAVE_CONFIG_H -DGENERATOR_FILE -I. -Ibuild -I../.././../gcc/gcc-195953/gcc -I../.././../gcc/gcc-195953/gcc/build -I../.././../gcc/gcc-195953/gcc/../include -I../.././../gcc/gcc-195953/gcc/../libcpp/include -I/home/sparksco/android/toolchain/aosp/build/temp-install/include -I/home/sparksco/android/toolchain/aosp/build/temp-install/include -I/home/sparksco/android/toolchain/aosp/build/temp-install/include  -I../.././../gcc/gcc-195953/gcc/../libdecnumber -I../.././../gcc/gcc-195953/gcc/../libdecnumber/dpd -I../libdecnumber -I../.././../gcc/gcc-195953/gcc/../libbacktrace    \
		-o build/genextract.o ../.././../gcc/gcc-195953/gcc/genextract.c
g++-4.7 -c   -g -O2 -DIN_GCC -DCROSS_DIRECTORY_STRUCTURE  -fno-exceptions -fno-rtti -fasynchronous-unwind-tables -W -Wall -Wno-narrowing -Wwrite-strings -Wcast-qual -Wmissing-format-attribute -pedantic -Wno-long-long -Wno-variadic-macros -Wno-overlength-strings -fno-common  -DHAVE_CONFIG_H -DGENERATOR_FILE -I. -Ibuild -I../.././../gcc/gcc-195953/gcc -I../.././../gcc/gcc-195953/gcc/build -I../.././../gcc/gcc-195953/gcc/../include -I../.././../gcc/gcc-195953/gcc/../libcpp/include -I/home/sparksco/android/toolchain/aosp/build/temp-install/include -I/home/sparksco/android/toolchain/aosp/build/temp-install/include -I/home/sparksco/android/toolchain/aosp/build/temp-install/include  -I../.././../gcc/gcc-195953/gcc/../libdecnumber -I../.././../gcc/gcc-195953/gcc/../libdecnumber/dpd -I../libdecnumber -I../.././../gcc/gcc-195953/gcc/../libbacktrace    \
		-o build/genoutput.o ../.././../gcc/gcc-195953/gcc/genoutput.c
g++-4.7 -c   -g -O2 -DIN_GCC -DCROSS_DIRECTORY_STRUCTURE  -fno-exceptions -fno-rtti -fasynchronous-unwind-tables -W -Wall -Wno-narrowing -Wwrite-strings -Wcast-qual -Wmissing-format-attribute -pedantic -Wno-long-long -Wno-variadic-macros -Wno-overlength-strings -fno-common  -DHAVE_CONFIG_H -DGENERATOR_FILE -I. -Ibuild -I../.././../gcc/gcc-195953/gcc -I../.././../gcc/gcc-195953/gcc/build -I../.././../gcc/gcc-195953/gcc/../include -I../.././../gcc/gcc-195953/gcc/../libcpp/include -I/home/sparksco/android/toolchain/aosp/build/temp-install/include -I/home/sparksco/android/toolchain/aosp/build/temp-install/include -I/home/sparksco/android/toolchain/aosp/build/temp-install/include  -I../.././../gcc/gcc-195953/gcc/../libdecnumber -I../.././../gcc/gcc-195953/gcc/../libdecnumber/dpd -I../libdecnumber -I../.././../gcc/gcc-195953/gcc/../libbacktrace    \
		-o build/genpeep.o ../.././../gcc/gcc-195953/gcc/genpeep.c
g++-4.7 -c   -g -O2 -DIN_GCC -DCROSS_DIRECTORY_STRUCTURE  -fno-exceptions -fno-rtti -fasynchronous-unwind-tables -W -Wall -Wno-narrowing -Wwrite-strings -Wcast-qual -Wmissing-format-attribute -pedantic -Wno-long-long -Wno-variadic-macros -Wno-overlength-strings -fno-common  -DHAVE_CONFIG_H -DGENERATOR_FILE -I. -Ibuild -I../.././../gcc/gcc-195953/gcc -I../.././../gcc/gcc-195953/gcc/build -I../.././../gcc/gcc-195953/gcc/../include -I../.././../gcc/gcc-195953/gcc/../libcpp/include -I/home/sparksco/android/toolchain/aosp/build/temp-install/include -I/home/sparksco/android/toolchain/aosp/build/temp-install/include -I/home/sparksco/android/toolchain/aosp/build/temp-install/include  -I../.././../gcc/gcc-195953/gcc/../libdecnumber -I../.././../gcc/gcc-195953/gcc/../libdecnumber/dpd -I../libdecnumber -I../.././../gcc/gcc-195953/gcc/../libbacktrace    \
		-o build/genrecog.o ../.././../gcc/gcc-195953/gcc/genrecog.c
g++-4.7 -c   -g -O2 -DIN_GCC -DCROSS_DIRECTORY_STRUCTURE  -fno-exceptions -fno-rtti -fasynchronous-unwind-tables -W -Wall -Wno-narrowing -Wwrite-strings -Wcast-qual -Wmissing-format-attribute -pedantic -Wno-long-long -Wno-variadic-macros -Wno-overlength-strings -fno-common  -DHAVE_CONFIG_H -I. -I. -I../.././../gcc/gcc-195953/gcc -I../.././../gcc/gcc-195953/gcc/. -I../.././../gcc/gcc-195953/gcc/../include -I../.././../gcc/gcc-195953/gcc/../libcpp/include -I/home/sparksco/android/toolchain/aosp/build/temp-install/include -I/home/sparksco/android/toolchain/aosp/build/temp-install/include -I/home/sparksco/android/toolchain/aosp/build/temp-install/include  -I../.././../gcc/gcc-195953/gcc/../libdecnumber -I../.././../gcc/gcc-195953/gcc/../libdecnumber/dpd -I../libdecnumber -I../.././../gcc/gcc-195953/gcc/../libbacktrace    ../.././../gcc/gcc-195953/gcc/lto-wrapper.c -o lto-wrapper.o
In file included from ../.././../gcc/gcc-195953/gcc/sys/param.h:27:0,
                 from ../.././../gcc/gcc-195953/gcc/system.h:258,
                 from ../.././../gcc/gcc-195953/gcc/genattrtab.c:106:
../.././../gcc/gcc-195953/gcc/limits.h:125:3: warning: #include_next is a GCC extension [enabled by default]
In file included from ../.././../gcc/gcc-195953/gcc/signal.h:33:0,
                 from ../.././../gcc/gcc-195953/gcc/sys/wait.h:31,
                 from ../.././../gcc/gcc-195953/gcc/system.h:352,
                 from ../.././../gcc/gcc-195953/gcc/genattrtab.c:106:
../.././../gcc/gcc-195953/gcc/bits/sigset.h:119:65: warning: invoking macro __SIGSETFN argument 3: empty macro arguments are undefined in ISO C90 and ISO C++98 [enabled by default]
../.././../gcc/gcc-195953/gcc/bits/sigset.h:120:66: warning: invoking macro __SIGSETFN argument 3: empty macro arguments are undefined in ISO C90 and ISO C++98 [enabled by default]
In file included from ../.././../gcc/gcc-195953/gcc/sys/param.h:27:0,
                 from ../.././../gcc/gcc-195953/gcc/system.h:258,
                 from ../.././../gcc/gcc-195953/gcc/genoutput.c:87:
../.././../gcc/gcc-195953/gcc/limits.h:125:3: warning: #include_next is a GCC extension [enabled by default]
In file included from ../.././../gcc/gcc-195953/gcc/signal.h:33:0,
                 from ../.././../gcc/gcc-195953/gcc/sys/wait.h:31,
                 from ../.././../gcc/gcc-195953/gcc/system.h:352,
                 from ../.././../gcc/gcc-195953/gcc/genoutput.c:87:
../.././../gcc/gcc-195953/gcc/bits/sigset.h:119:65: warning: invoking macro __SIGSETFN argument 3: empty macro arguments are undefined in ISO C90 and ISO C++98 [enabled by default]
../.././../gcc/gcc-195953/gcc/bits/sigset.h:120:66: warning: invoking macro __SIGSETFN argument 3: empty macro arguments are undefined in ISO C90 and ISO C++98 [enabled by default]
In file included from ../.././../gcc/gcc-195953/gcc/sys/param.h:27:0,
                 from ../.././../gcc/gcc-195953/gcc/system.h:258,
                 from ../.././../gcc/gcc-195953/gcc/genemit.c:22:
../.././../gcc/gcc-195953/gcc/limits.h:125:3: warning: #include_next is a GCC extension [enabled by default]
In file included from ../.././../gcc/gcc-195953/gcc/sys/param.h:27:0,
                 from ../.././../gcc/gcc-195953/gcc/system.h:258,
                 from ../.././../gcc/gcc-195953/gcc/lto-wrapper.c:41:
../.././../gcc/gcc-195953/gcc/limits.h:125:3: warning: #include_next is a GCC extension [enabled by default]
In file included from ../.././../gcc/gcc-195953/gcc/sys/param.h:27:0,
                 from ../.././../gcc/gcc-195953/gcc/system.h:258,
                 from ../.././../gcc/gcc-195953/gcc/genopinit.c:22:
../.././../gcc/gcc-195953/gcc/limits.h:125:3: warning: #include_next is a GCC extension [enabled by default]
In file included from ../.././../gcc/gcc-195953/gcc/signal.h:33:0,
                 from ../.././../gcc/gcc-195953/gcc/sys/wait.h:31,
                 from ../.././../gcc/gcc-195953/gcc/system.h:352,
                 from ../.././../gcc/gcc-195953/gcc/genemit.c:22:
../.././../gcc/gcc-195953/gcc/bits/sigset.h:119:65: warning: invoking macro __SIGSETFN argument 3: empty macro arguments are undefined in ISO C90 and ISO C++98 [enabled by default]
../.././../gcc/gcc-195953/gcc/bits/sigset.h:120:66: warning: invoking macro __SIGSETFN argument 3: empty macro arguments are undefined in ISO C90 and ISO C++98 [enabled by default]
In file included from ../.././../gcc/gcc-195953/gcc/signal.h:33:0,
                 from ../.././../gcc/gcc-195953/gcc/sys/wait.h:31,
                 from ../.././../gcc/gcc-195953/gcc/system.h:352,
                 from ../.././../gcc/gcc-195953/gcc/lto-wrapper.c:41:
../.././../gcc/gcc-195953/gcc/bits/sigset.h:119:65: warning: invoking macro __SIGSETFN argument 3: empty macro arguments are undefined in ISO C90 and ISO C++98 [enabled by default]
../.././../gcc/gcc-195953/gcc/bits/sigset.h:120:66: warning: invoking macro __SIGSETFN argument 3: empty macro arguments are undefined in ISO C90 and ISO C++98 [enabled by default]
In file included from ../.././../gcc/gcc-195953/gcc/signal.h:33:0,
                 from ../.././../gcc/gcc-195953/gcc/sys/wait.h:31,
                 from ../.././../gcc/gcc-195953/gcc/system.h:352,
                 from ../.././../gcc/gcc-195953/gcc/genopinit.c:22:
../.././../gcc/gcc-195953/gcc/bits/sigset.h:119:65: warning: invoking macro __SIGSETFN argument 3: empty macro arguments are undefined in ISO C90 and ISO C++98 [enabled by default]
../.././../gcc/gcc-195953/gcc/bits/sigset.h:120:66: warning: invoking macro __SIGSETFN argument 3: empty macro arguments are undefined in ISO C90 and ISO C++98 [enabled by default]
In file included from ../.././../gcc/gcc-195953/gcc/sys/param.h:27:0,
                 from ../.././../gcc/gcc-195953/gcc/system.h:258,
                 from ../.././../gcc/gcc-195953/gcc/genextract.c:22:
../.././../gcc/gcc-195953/gcc/limits.h:125:3: warning: #include_next is a GCC extension [enabled by default]
In file included from ../.././../gcc/gcc-195953/gcc/sys/param.h:27:0,
                 from ../.././../gcc/gcc-195953/gcc/system.h:258,
                 from ../.././../gcc/gcc-195953/gcc/genautomata.c:108:
../.././../gcc/gcc-195953/gcc/limits.h:125:3: warning: #include_next is a GCC extension [enabled by default]
In file included from ../.././../gcc/gcc-195953/gcc/sys/param.h:27:0,
                 from ../.././../gcc/gcc-195953/gcc/system.h:258,
                 from ../.././../gcc/gcc-195953/gcc/genpeep.c:22:
../.././../gcc/gcc-195953/gcc/limits.h:125:3: warning: #include_next is a GCC extension [enabled by default]
In file included from ../.././../gcc/gcc-195953/gcc/signal.h:33:0,
                 from ../.././../gcc/gcc-195953/gcc/sys/wait.h:31,
                 from ../.././../gcc/gcc-195953/gcc/system.h:352,
                 from ../.././../gcc/gcc-195953/gcc/genpeep.c:22:
../.././../gcc/gcc-195953/gcc/bits/sigset.h:119:65: warning: invoking macro __SIGSETFN argument 3: empty macro arguments are undefined in ISO C90 and ISO C++98 [enabled by default]
../.././../gcc/gcc-195953/gcc/bits/sigset.h:120:66: warning: invoking macro __SIGSETFN argument 3: empty macro arguments are undefined in ISO C90 and ISO C++98 [enabled by default]
In file included from ../.././../gcc/gcc-195953/gcc/signal.h:33:0,
                 from ../.././../gcc/gcc-195953/gcc/sys/wait.h:31,
                 from ../.././../gcc/gcc-195953/gcc/system.h:352,
                 from ../.././../gcc/gcc-195953/gcc/genautomata.c:108:
../.././../gcc/gcc-195953/gcc/bits/sigset.h:119:65: warning: invoking macro __SIGSETFN argument 3: empty macro arguments are undefined in ISO C90 and ISO C++98 [enabled by default]
../.././../gcc/gcc-195953/gcc/bits/sigset.h:120:66: warning: invoking macro __SIGSETFN argument 3: empty macro arguments are undefined in ISO C90 and ISO C++98 [enabled by default]
In file included from ../.././../gcc/gcc-195953/gcc/signal.h:33:0,
                 from ../.././../gcc/gcc-195953/gcc/sys/wait.h:31,
                 from ../.././../gcc/gcc-195953/gcc/system.h:352,
                 from ../.././../gcc/gcc-195953/gcc/genextract.c:22:
../.././../gcc/gcc-195953/gcc/bits/sigset.h:119:65: warning: invoking macro __SIGSETFN argument 3: empty macro arguments are undefined in ISO C90 and ISO C++98 [enabled by default]
../.././../gcc/gcc-195953/gcc/bits/sigset.h:120:66: warning: invoking macro __SIGSETFN argument 3: empty macro arguments are undefined in ISO C90 and ISO C++98 [enabled by default]
In file included from ../.././../gcc/gcc-195953/gcc/sys/param.h:27:0,
                 from ../.././../gcc/gcc-195953/gcc/system.h:258,
                 from ../.././../gcc/gcc-195953/gcc/genrecog.c:52:
../.././../gcc/gcc-195953/gcc/limits.h:125:3: warning: #include_next is a GCC extension [enabled by default]
In file included from ../.././../gcc/gcc-195953/gcc/signal.h:33:0,
                 from ../.././../gcc/gcc-195953/gcc/sys/wait.h:31,
                 from ../.././../gcc/gcc-195953/gcc/system.h:352,
                 from ../.././../gcc/gcc-195953/gcc/genrecog.c:52:
../.././../gcc/gcc-195953/gcc/bits/sigset.h:119:65: warning: invoking macro __SIGSETFN argument 3: empty macro arguments are undefined in ISO C90 and ISO C++98 [enabled by default]
../.././../gcc/gcc-195953/gcc/bits/sigset.h:120:66: warning: invoking macro __SIGSETFN argument 3: empty macro arguments are undefined in ISO C90 and ISO C++98 [enabled by default]
In file included from ../.././../gcc/gcc-195953/gcc/fcntl.h:34:0,
                 from ../.././../gcc/gcc-195953/gcc/system.h:311,
                 from ../.././../gcc/gcc-195953/gcc/genoutput.c:87:
../.././../gcc/gcc-195953/gcc/bits/fcntl.h:259:27: warning: ISO C++ forbids zero-size array ‘f_handle’ [-pedantic]
In file included from ../.././../gcc/gcc-195953/gcc/fcntl.h:34:0,
                 from ../.././../gcc/gcc-195953/gcc/system.h:311,
                 from ../.././../gcc/gcc-195953/gcc/genattrtab.c:106:
../.././../gcc/gcc-195953/gcc/bits/fcntl.h:259:27: warning: ISO C++ forbids zero-size array ‘f_handle’ [-pedantic]
In file included from ../.././../gcc/gcc-195953/gcc/math.h:71:0,
                 from ../.././../gcc/gcc-195953/gcc/genautomata.c:116:
../.././../gcc/gcc-195953/gcc/bits/mathcalls.h:55:35: warning: invoking macro __MATHCALL argument 2: empty macro arguments are undefined in ISO C90 and ISO C++98 [enabled by default]In file included from ../.././../gcc/gcc-195953/gcc/fcntl.h:34:0,
                 from ../.././../gcc/gcc-195953/gcc/system.h:311,
                 from ../.././../gcc/gcc-195953/gcc/lto-wrapper.c:41:
../.././../gcc/gcc-195953/gcc/bits/fcntl.h:259:27: warning: ISO C++ forbids zero-size array ‘f_handle’ [-pedantic]

../.././../gcc/gcc-195953/gcc/bits/mathcalls.h:55:35: warning: invoking macro __MATHDECL argument 3: empty macro arguments are undefined in ISO C90 and ISO C++98 [enabled by default]
../.././../gcc/gcc-195953/gcc/bits/mathcalls.h:55:35: warning: invoking macro __MATHDECL argument 3: empty macro arguments are undefined in ISO C90 and ISO C++98 [enabled by default]
../.././../gcc/gcc-195953/gcc/bits/mathcalls.h:55:35: warning: invoking macro __MATHDECL_1 argument 3: empty macro arguments are undefined in ISO C90 and ISO C++98 [enabled by default]
../.././../gcc/gcc-195953/gcc/bits/mathcalls.h:55:35: warning: invoking macro __MATH_PRECNAME argument 2: empty macro arguments are undefined in ISO C90 and ISO C++98 [enabled by default]
../.././../gcc/gcc-195953/gcc/bits/mathcalls.h:55:35: warning: invoking macro __CONCAT argument 2: empty macro arguments are undefined in ISO C90 and ISO C++98 [enabled by default]
../.././../gcc/gcc-195953/gcc/bits/mathcalls.h:55:1: warning: invoking macro __MATHDECL_1 argument 3: empty macro arguments are undefined in ISO C90 and ISO C++98 [enabled by default]
../.././../gcc/gcc-195953/gcc/bits/mathcalls.h:55:1: warning: invoking macro __MATH_PRECNAME argument 2: empty macro arguments are undefined in ISO C90 and ISO C++98 [enabled by default]
../.././../gcc/gcc-195953/gcc/bits/mathcalls.h:55:1: warning: invoking macro __CONCAT argument 2: empty macro arguments are undefined in ISO C90 and ISO C++98 [enabled by default]
../.././../gcc/gcc-195953/gcc/bits/mathcalls.h:57:35: warning: invoking macro __MATHCALL argument 2: empty macro arguments are undefined in ISO C90 and ISO C++98 [enabled by default]
../.././../gcc/gcc-195953/gcc/bits/mathcalls.h:57:35: warning: invoking macro __MATHDECL argument 3: empty macro arguments are undefined in ISO C90 and ISO C++98 [enabled by default]
../.././../gcc/gcc-195953/gcc/bits/mathcalls.h:57:35: warning: invoking macro __MATHDECL argument 3: empty macro arguments are undefined in ISO C90 and ISO C++98 [enabled by default]
../.././../gcc/gcc-195953/gcc/bits/mathcalls.h:57:35: warning: invoking macro __MATHDECL_1 argument 3: empty macro arguments are undefined in ISO C90 and ISO C++98 [enabled by default]
../.././../gcc/gcc-195953/gcc/bits/mathcalls.h:57:35: warning: invoking macro __MATH_PRECNAME argument 2: empty macro arguments are undefined in ISO C90 and ISO C++98 [enabled by default]
../.././../gcc/gcc-195953/gcc/bits/mathcalls.h:57:35: warning: invoking macro __CONCAT argument 2: empty macro arguments are undefined in ISO C90 and ISO C++98 [enabled by default]
../.././../gcc/gcc-195953/gcc/bits/mathcalls.h:57:1: warning: invoking macro __MATHDECL_1 argument 3: empty macro arguments are undefined in ISO C90 and ISO C++98 [enabled by default]
../.././../gcc/gcc-195953/gcc/bits/mathcalls.h:57:1: warning: invoking macro __MATH_PRECNAME argument 2: empty macro arguments are undefined in ISO C90 and ISO C++98 [enabled by default]
../.././../gcc/gcc-195953/gcc/bits/mathcalls.h:57:1: warning: invoking macro __CONCAT argument 2: empty macro arguments are undefined in ISO C90 and ISO C++98 [enabled by default]
../.././../gcc/gcc-195953/gcc/bits/mathcalls.h:59:35: warning: invoking macro __MATHCALL argument 2: empty macro arguments are undefined in ISO C90 and ISO C++98 [enabled by default]
../.././../gcc/gcc-195953/gcc/bits/mathcalls.h:59:35: warning: invoking macro __MATHDECL argument 3: empty macro arguments are undefined in ISO C90 and ISO C++98 [enabled by default]
../.././../gcc/gcc-195953/gcc/bits/mathcalls.h:59:35: warning: invoking macro __MATHDECL argument 3: empty macro arguments are undefined in ISO C90 and ISO C++98 [enabled by default]
../.././../gcc/gcc-195953/gcc/bits/mathcalls.h:59:35: warning: invoking macro __MATHDECL_1 argument 3: empty macro arguments are undefined in ISO C90 and ISO C++98 [enabled by default]
../.././../gcc/gcc-195953/gcc/bits/mathcalls.h:59:35: warning: invoking macro __MATH_PRECNAME argument 2: empty macro arguments are undefined in ISO C90 and ISO C++98 [enabled by default]
../.././../gcc/gcc-195953/gcc/bits/mathcalls.h:59:35: warning: invoking macro __CONCAT argument 2: empty macro arguments are undefined in ISO C90 and ISO C++98 [enabled by default]
../.././../gcc/gcc-195953/gcc/bits/mathcalls.h:59:1: warning: invoking macro __MATHDECL_1 argument 3: empty macro arguments are undefined in ISO C90 and ISO C++98 [enabled by default]
../.././../gcc/gcc-195953/gcc/bits/mathcalls.h:59:1: warning: invoking macro __MATH_PRECNAME argument 2: empty macro arguments are undefined in ISO C90 and ISO C++98 [enabled by default]
../.././../gcc/gcc-195953/gcc/bits/mathcalls.h:59:1: warning: invoking macro __CONCAT argument 2: empty macro arguments are undefined in ISO C90 and ISO C++98 [enabled by default]
../.././../gcc/gcc-195953/gcc/bits/mathcalls.h:61:51: warning: invoking macro __MATHCALL argument 2: empty macro arguments are undefined in ISO C90 and ISO C++98 [enabled by default]
../.././../gcc/gcc-195953/gcc/bits/mathcalls.h:61:51: warning: invoking macro __MATHDECL argument 3: empty macro arguments are undefined in ISO C90 and ISO C++98 [enabled by default]
../.././../gcc/gcc-195953/gcc/bits/mathcalls.h:61:51: warning: invoking macro __MATHDECL argument 3: empty macro arguments are undefined in ISO C90 and ISO C++98 [enabled by default]
../.././../gcc/gcc-195953/gcc/bits/mathcalls.h:61:51: warning: invoking macro __MATHDECL_1 argument 3: empty macro arguments are undefined in ISO C90 and ISO C++98 [enabled by default]
../.././../gcc/gcc-195953/gcc/bits/mathcalls.h:61:51: warning: invoking macro __MATH_PRECNAME argument 2: empty macro arguments are undefined in ISO C90 and ISO C++98 [enabled by default]
../.././../gcc/gcc-195953/gcc/bits/mathcalls.h:61:51: warning: invoking macro __CONCAT argument 2: empty macro arguments are undefined in ISO C90 and ISO C++98 [enabled by default]
../.././../gcc/gcc-195953/gcc/bits/mathcalls.h:61:1: warning: invoking macro __MATHDECL_1 argument 3: empty macro arguments are undefined in ISO C90 and ISO C++98 [enabled by default]
../.././../gcc/gcc-195953/gcc/bits/mathcalls.h:61:1: warning: invoking macro __MATH_PRECNAME argument 2: empty macro arguments are undefined in ISO C90 and ISO C++98 [enabled by default]
../.././../gcc/gcc-195953/gcc/bits/mathcalls.h:61:1: warning: invoking macro __CONCAT argument 2: empty macro arguments are undefined in ISO C90 and ISO C++98 [enabled by default]
../.././../gcc/gcc-195953/gcc/bits/mathcalls.h:64:34: warning: invoking macro __MATHCALL argument 2: empty macro arguments are undefined in ISO C90 and ISO C++98 [enabled by default]
../.././../gcc/gcc-195953/gcc/bits/mathcalls.h:64:34: warning: invoking macro __MATHDECL argument 3: empty macro arguments are undefined in ISO C90 and ISO C++98 [enabled by default]
../.././../gcc/gcc-195953/gcc/bits/mathcalls.h:64:34: warning: invoking macro __MATHDECL argument 3: empty macro arguments are undefined in ISO C90 and ISO C++98 [enabled by default]
../.././../gcc/gcc-195953/gcc/bits/mathcalls.h:64:34: warning: invoking macro __MATHDECL_1 argument 3: empty macro arguments are undefined in ISO C90 and ISO C++98 [enabled by default]
../.././../gcc/gcc-195953/gcc/bits/mathcalls.h:64:34: warning: invoking macro __MATH_PRECNAME argument 2: empty macro arguments are undefined in ISO C90 and ISO C++98 [enabled by default]
../.././../gcc/gcc-195953/gcc/bits/mathcalls.h:64:34: warning: invoking macro __CONCAT argument 2: empty macro arguments are undefined in ISO C90 and ISO C++98 [enabled by default]
../.././../gcc/gcc-195953/gcc/bits/mathcalls.h:64:1: warning: invoking macro __MATHDECL_1 argument 3: empty macro arguments are undefined in ISO C90 and ISO C++98 [enabled by default]
../.././../gcc/gcc-195953/gcc/bits/mathcalls.h:64:1: warning: invoking macro __MATH_PRECNAME argument 2: empty macro arguments are undefined in ISO C90 and ISO C++98 [enabled by default]
../.././../gcc/gcc-195953/gcc/bits/mathcalls.h:64:1: warning: invoking macro __CONCAT argument 2: empty macro arguments are undefined in ISO C90 and ISO C++98 [enabled by default]
../.././../gcc/gcc-195953/gcc/bits/mathcalls.h:66:34: warning: invoking macro __MATHCALL argument 2: empty macro arguments are undefined in ISO C90 and ISO C++98 [enabled by default]
../.././../gcc/gcc-195953/gcc/bits/mathcalls.h:66:34: warning: invoking macro __MATHDECL argument 3: empty macro arguments are undefined in ISO C90 and ISO C++98 [enabled by default]
../.././../gcc/gcc-195953/gcc/bits/mathcalls.h:66:34: warning: invoking macro __MATHDECL argument 3: empty macro arguments are undefined in ISO C90 and ISO C++98 [enabled by default]
../.././../gcc/gcc-195953/gcc/bits/mathcalls.h:66:34: warning: invoking macro __MATHDECL_1 argument 3: empty macro arguments are undefined in ISO C90 and ISO C++98 [enabled by default]
../.././../gcc/gcc-195953/gcc/bits/mathcalls.h:66:34: warning: invoking macro __MATH_PRECNAME argument 2: empty macro arguments are undefined in ISO C90 and ISO C++98 [enabled by default]
../.././../gcc/gcc-195953/gcc/bits/mathcalls.h:66:34: warning: invoking macro __CONCAT argument 2: empty macro arguments are undefined in ISO C90 and ISO C++98 [enabled by default]
../.././../gcc/gcc-195953/gcc/bits/mathcalls.h:66:1: warning: invoking macro __MATHDECL_1 argument 3: empty macro arguments are undefined in ISO C90 and ISO C++98 [enabled by default]
../.././../gcc/gcc-195953/gcc/bits/mathcalls.h:66:1: warning: invoking macro __MATH_PRECNAME argument 2: empty macro arguments are undefined in ISO C90 and ISO C++98 [enabled by default]
../.././../gcc/gcc-195953/gcc/bits/mathcalls.h:66:1: warning: invoking macro __CONCAT argument 2: empty macro arguments are undefined in ISO C90 and ISO C++98 [enabled by default]
../.././../gcc/gcc-195953/gcc/bits/mathcalls.h:68:34: warning: invoking macro __MATHCALL argument 2: empty macro arguments are undefined in ISO C90 and ISO C++98 [enabled by default]
../.././../gcc/gcc-195953/gcc/bits/mathcalls.h:68:34: warning: invoking macro __MATHDECL argument 3: empty macro arguments are undefined in ISO C90 and ISO C++98 [enabled by default]
../.././../gcc/gcc-195953/gcc/bits/mathcalls.h:68:34: warning: invoking macro __MATHDECL argument 3: empty macro arguments are undefined in ISO C90 and ISO C++98 [enabled by default]
../.././../gcc/gcc-195953/gcc/bits/mathcalls.h:68:34: warning: invoking macro __MATHDECL_1 argument 3: empty macro arguments are undefined in ISO C90 and ISO C++98 [enabled by default]
../.././../gcc/gcc-195953/gcc/bits/mathcalls.h:68:34: warning: invoking macro __MATH_PRECNAME argument 2: empty macro arguments are undefined in ISO C90 and ISO C++98 [enabled by default]
../.././../gcc/gcc-195953/gcc/bits/mathcalls.h:68:34: warning: invoking macro __CONCAT argument 2: empty macro arguments are undefined in ISO C90 and ISO C++98 [enabled by default]
../.././../gcc/gcc-195953/gcc/bits/mathcalls.h:68:1: warning: invoking macro __MATHDECL_1 argument 3: empty macro arguments are undefined in ISO C90 and ISO C++98 [enabled by default]
../.././../gcc/gcc-195953/gcc/bits/mathcalls.h:68:1: warning: invoking macro __MATH_PRECNAME argument 2: empty macro arguments are undefined in ISO C90 and ISO C++98 [enabled by default]
../.././../gcc/gcc-195953/gcc/bits/mathcalls.h:68:1: warning: invoking macro __CONCAT argument 2: empty macro arguments are undefined in ISO C90 and ISO C++98 [enabled by default]
../.././../gcc/gcc-195953/gcc/bits/mathcalls.h:73:35: warning: invoking macro __MATHCALL argument 2: empty macro arguments are undefined in ISO C90 and ISO C++98 [enabled by default]
../.././../gcc/gcc-195953/gcc/bits/mathcalls.h:73:35: warning: invoking macro __MATHDECL argument 3: empty macro arguments are undefined in ISO C90 and ISO C++98 [enabled by default]
../.././../gcc/gcc-195953/gcc/bits/mathcalls.h:73:35: warning: invoking macro __MATHDECL argument 3: empty macro arguments are undefined in ISO C90 and ISO C++98 [enabled by default]
../.././../gcc/gcc-195953/gcc/bits/mathcalls.h:73:35: warning: invoking macro __MATHDECL_1 argument 3: empty macro arguments are undefined in ISO C90 and ISO C++98 [enabled by default]
../.././../gcc/gcc-195953/gcc/bits/mathcalls.h:73:35: warning: invoking macro __MATH_PRECNAME argument 2: empty macro arguments are undefined in ISO C90 and ISO C++98 [enabled by default]
../.././../gcc/gcc-195953/gcc/bits/mathcalls.h:73:35: warning: invoking macro __CONCAT argument 2: empty macro arguments are undefined in ISO C90 and ISO C++98 [enabled by default]
../.././../gcc/gcc-195953/gcc/bits/mathcalls.h:73:1: warning: invoking macro __MATHDECL_1 argument 3: empty macro arguments are undefined in ISO C90 and ISO C++98 [enabled by default]
../.././../gcc/gcc-195953/gcc/bits/mathcalls.h:73:1: warning: invoking macro __MATH_PRECNAME argument 2: empty macro arguments are undefined in ISO C90 and ISO C++98 [enabled by default]
../.././../gcc/gcc-195953/gcc/bits/mathcalls.h:73:1: warning: invoking macro __CONCAT argument 2: empty macro arguments are undefined in ISO C90 and ISO C++98 [enabled by default]
../.././../gcc/gcc-195953/gcc/bits/mathcalls.h:75:35: warning: invoking macro __MATHCALL argument 2: empty macro arguments are undefined in ISO C90 and ISO C++98 [enabled by default]
../.././../gcc/gcc-195953/gcc/bits/mathcalls.h:75:35: warning: invoking macro __MATHDECL argument 3: empty macro arguments are undefined in ISO C90 and ISO C++98 [enabled by default]
../.././../gcc/gcc-195953/gcc/bits/mathcalls.h:75:35: warning: invoking macro __MATHDECL argument 3: empty macro arguments are undefined in ISO C90 and ISO C++98 [enabled by default]
../.././../gcc/gcc-195953/gcc/bits/mathcalls.h:75:35: warning: invoking macro __MATHDECL_1 argument 3: empty macro arguments are undefined in ISO C90 and ISO C++98 [enabled by default]
../.././../gcc/gcc-195953/gcc/bits/mathcalls.h:75:35: warning: invoking macro __MATH_PRECNAME argument 2: empty macro arguments are undefined in ISO C90 and ISO C++98 [enabled by default]
../.././../gcc/gcc-195953/gcc/bits/mathcalls.h:75:35: warning: invoking macro __CONCAT argument 2: empty macro arguments are undefined in ISO C90 and ISO C++98 [enabled by default]
../.././../gcc/gcc-195953/gcc/bits/mathcalls.h:75:1: warning: invoking macro __MATHDECL_1 argument 3: empty macro arguments are undefined in ISO C90 and ISO C++98 [enabled by default]
../.././../gcc/gcc-195953/gcc/bits/mathcalls.h:75:1: warning: invoking macro __MATH_PRECNAME argument 2: empty macro arguments are undefined in ISO C90 and ISO C++98 [enabled by default]
../.././../gcc/gcc-195953/gcc/bits/mathcalls.h:75:1: warning: invoking macro __CONCAT argument 2: empty macro arguments are undefined in ISO C90 and ISO C++98 [enabled by default]
../.././../gcc/gcc-195953/gcc/bits/mathcalls.h:77:35: warning: invoking macro __MATHCALL argument 2: empty macro arguments are undefined in ISO C90 and ISO C++98 [enabled by default]
../.././../gcc/gcc-195953/gcc/bits/mathcalls.h:77:35: warning: invoking macro __MATHDECL argument 3: empty macro arguments are undefined in ISO C90 and ISO C++98 [enabled by default]
../.././../gcc/gcc-195953/gcc/bits/mathcalls.h:77:35: warning: invoking macro __MATHDECL argument 3: empty macro arguments are undefined in ISO C90 and ISO C++98 [enabled by default]
../.././../gcc/gcc-195953/gcc/bits/mathcalls.h:77:35: warning: invoking macro __MATHDECL_1 argument 3: empty macro arguments are undefined in ISO C90 and ISO C++98 [enabled by default]
../.././../gcc/gcc-195953/gcc/bits/mathcalls.h:77:35: warning: invoking macro __MATH_PRECNAME argument 2: empty macro arguments are undefined in ISO C90 and ISO C++98 [enabled by default]
../.././../gcc/gcc-195953/gcc/bits/mathcalls.h:77:35: warning: invoking macro __CONCAT argument 2: empty macro arguments are undefined in ISO C90 and ISO C++98 [enabled by default]
../.././../gcc/gcc-195953/gcc/bits/mathcalls.h:77:1: warning: invoking macro __MATHDECL_1 argument 3: empty macro arguments are undefined in ISO C90 and ISO C++98 [enabled by default]
../.././../gcc/gcc-195953/gcc/bits/mathcalls.h:77:1: warning: invoking macro __MATH_PRECNAME argument 2: empty macro arguments are undefined in ISO C90 and ISO C++98 [enabled by default]
../.././../gcc/gcc-195953/gcc/bits/mathcalls.h:77:1: warning: invoking macro __CONCAT argument 2: empty macro arguments are undefined in ISO C90 and ISO C++98 [enabled by default]
../.././../gcc/gcc-195953/gcc/bits/mathcalls.h:83:59: warning: invoking macro __MATHDECL argument 3: empty macro arguments are undefined in ISO C90 and ISO C++98 [enabled by default]
../.././../gcc/gcc-195953/gcc/bits/mathcalls.h:83:59: warning: invoking macro __MATHDECL argument 3: empty macro arguments are undefined in ISO C90 and ISO C++98 [enabled by default]
../.././../gcc/gcc-195953/gcc/bits/mathcalls.h:83:59: warning: invoking macro __MATHDECL_1 argument 3: empty macro arguments are undefined in ISO C90 and ISO C++98 [enabled by default]
../.././../gcc/gcc-195953/gcc/bits/mathcalls.h:83:59: warning: invoking macro __MATH_PRECNAME argument 2: empty macro arguments are undefined in ISO C90 and ISO C++98 [enabled by default]
../.././../gcc/gcc-195953/gcc/bits/mathcalls.h:83:59: warning: invoking macro __CONCAT argument 2: empty macro arguments are undefined in ISO C90 and ISO C++98 [enabled by default]
../.././../gcc/gcc-195953/gcc/bits/mathcalls.h:83:1: warning: invoking macro __MATHDECL_1 argument 3: empty macro arguments are undefined in ISO C90 and ISO C++98 [enabled by default]
../.././../gcc/gcc-195953/gcc/bits/mathcalls.h:83:1: warning: invoking macro __MATH_PRECNAME argument 2: empty macro arguments are undefined in ISO C90 and ISO C++98 [enabled by default]
../.././../gcc/gcc-195953/gcc/bits/mathcalls.h:83:1: warning: invoking macro __CONCAT argument 2: empty macro arguments are undefined in ISO C90 and ISO C++98 [enabled by default]
../.././../gcc/gcc-195953/gcc/bits/mathcalls.h:89:36: warning: invoking macro __MATHCALL argument 2: empty macro arguments are undefined in ISO C90 and ISO C++98 [enabled by default]
../.././../gcc/gcc-195953/gcc/bits/mathcalls.h:89:36: warning: invoking macro __MATHDECL argument 3: empty macro arguments are undefined in ISO C90 and ISO C++98 [enabled by default]
../.././../gcc/gcc-195953/gcc/bits/mathcalls.h:89:36: warning: invoking macro __MATHDECL argument 3: empty macro arguments are undefined in ISO C90 and ISO C++98 [enabled by default]
../.././../gcc/gcc-195953/gcc/bits/mathcalls.h:89:36: warning: invoking macro __MATHDECL_1 argument 3: empty macro arguments are undefined in ISO C90 and ISO C++98 [enabled by default]
../.././../gcc/gcc-195953/gcc/bits/mathcalls.h:89:36: warning: invoking macro __MATH_PRECNAME argument 2: empty macro arguments are undefined in ISO C90 and ISO C++98 [enabled by default]
../.././../gcc/gcc-195953/gcc/bits/mathcalls.h:89:36: warning: invoking macro __CONCAT argument 2: empty macro arguments are undefined in ISO C90 and ISO C++98 [enabled by default]
../.././../gcc/gcc-195953/gcc/bits/mathcalls.h:89:1: warning: invoking macro __MATHDECL_1 argument 3: empty macro arguments are undefined in ISO C90 and ISO C++98 [enabled by default]
../.././../gcc/gcc-195953/gcc/bits/mathcalls.h:89:1: warning: invoking macro __MATH_PRECNAME argument 2: empty macro arguments are undefined in ISO C90 and ISO C++98 [enabled by default]
../.././../gcc/gcc-195953/gcc/bits/mathcalls.h:89:1: warning: invoking macro __CONCAT argument 2: empty macro arguments are undefined in ISO C90 and ISO C++98 [enabled by default]
../.././../gcc/gcc-195953/gcc/bits/mathcalls.h:91:36: warning: invoking macro __MATHCALL argument 2: empty macro arguments are undefined in ISO C90 and ISO C++98 [enabled by default]
../.././../gcc/gcc-195953/gcc/bits/mathcalls.h:91:36: warning: invoking macro __MATHDECL argument 3: empty macro arguments are undefined in ISO C90 and ISO C++98 [enabled by default]
../.././../gcc/gcc-195953/gcc/bits/mathcalls.h:91:36: warning: invoking macro __MATHDECL argument 3: empty macro arguments are undefined in ISO C90 and ISO C++98 [enabled by default]
../.././../gcc/gcc-195953/gcc/bits/mathcalls.h:91:36: warning: invoking macro __MATHDECL_1 argument 3: empty macro arguments are undefined in ISO C90 and ISO C++98 [enabled by default]
../.././../gcc/gcc-195953/gcc/bits/mathcalls.h:91:36: warning: invoking macro __MATH_PRECNAME argument 2: empty macro arguments are undefined in ISO C90 and ISO C++98 [enabled by default]
../.././../gcc/gcc-195953/gcc/bits/mathcalls.h:91:36: warning: invoking macro __CONCAT argument 2: empty macro arguments are undefined in ISO C90 and ISO C++98 [enabled by default]
../.././../gcc/gcc-195953/gcc/bits/mathcalls.h:91:1: warning: invoking macro __MATHDECL_1 argument 3: empty macro arguments are undefined in ISO C90 and ISO C++98 [enabled by default]
../.././../gcc/gcc-195953/gcc/bits/mathcalls.h:91:1: warning: invoking macro __MATH_PRECNAME argument 2: empty macro arguments are undefined in ISO C90 and ISO C++98 [enabled by default]
../.././../gcc/gcc-195953/gcc/bits/mathcalls.h:91:1: warning: invoking macro __CONCAT argument 2: empty macro arguments are undefined in ISO C90 and ISO C++98 [enabled by default]
../.././../gcc/gcc-195953/gcc/bits/mathcalls.h:93:36: warning: invoking macro __MATHCALL argument 2: empty macro arguments are undefined in ISO C90 and ISO C++98 [enabled by default]
../.././../gcc/gcc-195953/gcc/bits/mathcalls.h:93:36: warning: invoking macro __MATHDECL argument 3: empty macro arguments are undefined in ISO C90 and ISO C++98 [enabled by default]
../.././../gcc/gcc-195953/gcc/bits/mathcalls.h:93:36: warning: invoking macro __MATHDECL argument 3: empty macro arguments are undefined in ISO C90 and ISO C++98 [enabled by default]
../.././../gcc/gcc-195953/gcc/bits/mathcalls.h:93:36: warning: invoking macro __MATHDECL_1 argument 3: empty macro arguments are undefined in ISO C90 and ISO C++98 [enabled by default]
../.././../gcc/gcc-195953/gcc/bits/mathcalls.h:93:36: warning: invoking macro __MATH_PRECNAME argument 2: empty macro arguments are undefined in ISO C90 and ISO C++98 [enabled by default]
../.././../gcc/gcc-195953/gcc/bits/mathcalls.h:93:36: warning: invoking macro __CONCAT argument 2: empty macro arguments are undefined in ISO C90 and ISO C++98 [enabled by default]
../.././../gcc/gcc-195953/gcc/bits/mathcalls.h:93:1: warning: invoking macro __MATHDECL_1 argument 3: empty macro arguments are undefined in ISO C90 and ISO C++98 [enabled by default]
../.././../gcc/gcc-195953/gcc/bits/mathcalls.h:93:1: warning: invoking macro __MATH_PRECNAME argument 2: empty macro arguments are undefined in ISO C90 and ISO C++98 [enabled by default]
../.././../gcc/gcc-195953/gcc/bits/mathcalls.h:93:1: warning: invoking macro __CONCAT argument 2: empty macro arguments are undefined in ISO C90 and ISO C++98 [enabled by default]
../.././../gcc/gcc-195953/gcc/bits/mathcalls.h:101:34: warning: invoking macro __MATHCALL argument 2: empty macro arguments are undefined in ISO C90 and ISO C++98 [enabled by default]
../.././../gcc/gcc-195953/gcc/bits/mathcalls.h:101:34: warning: invoking macro __MATHDECL argument 3: empty macro arguments are undefined in ISO C90 and ISO C++98 [enabled by default]
../.././../gcc/gcc-195953/gcc/bits/mathcalls.h:101:34: warning: invoking macro __MATHDECL argument 3: empty macro arguments are undefined in ISO C90 and ISO C++98 [enabled by default]
../.././../gcc/gcc-195953/gcc/bits/mathcalls.h:101:34: warning: invoking macro __MATHDECL_1 argument 3: empty macro arguments are undefined in ISO C90 and ISO C++98 [enabled by default]
../.././../gcc/gcc-195953/gcc/bits/mathcalls.h:101:34: warning: invoking macro __MATH_PRECNAME argument 2: empty macro arguments are undefined in ISO C90 and ISO C++98 [enabled by default]
../.././../gcc/gcc-195953/gcc/bits/mathcalls.h:101:34: warning: invoking macro __CONCAT argument 2: empty macro arguments are undefined in ISO C90 and ISO C++98 [enabled by default]
../.././../gcc/gcc-195953/gcc/bits/mathcalls.h:101:1: warning: invoking macro __MATHDECL_1 argument 3: empty macro arguments are undefined in ISO C90 and ISO C++98 [enabled by default]
../.././../gcc/gcc-195953/gcc/bits/mathcalls.h:101:1: warning: invoking macro __MATH_PRECNAME argument 2: empty macro arguments are undefined in ISO C90 and ISO C++98 [enabled by default]
../.././../gcc/gcc-195953/gcc/bits/mathcalls.h:101:1: warning: invoking macro __CONCAT argument 2: empty macro arguments are undefined in ISO C90 and ISO C++98 [enabled by default]
../.././../gcc/gcc-195953/gcc/bits/mathcalls.h:104:53: warning: invoking macro __MATHCALL argument 2: empty macro arguments are undefined in ISO C90 and ISO C++98 [enabled by default]
../.././../gcc/gcc-195953/gcc/bits/mathcalls.h:104:53: warning: invoking macro __MATHDECL argument 3: empty macro arguments are undefined in ISO C90 and ISO C++98 [enabled by default]
../.././../gcc/gcc-195953/gcc/bits/mathcalls.h:104:53: warning: invoking macro __MATHDECL argument 3: empty macro arguments are undefined in ISO C90 and ISO C++98 [enabled by default]
../.././../gcc/gcc-195953/gcc/bits/mathcalls.h:104:53: warning: invoking macro __MATHDECL_1 argument 3: empty macro arguments are undefined in ISO C90 and ISO C++98 [enabled by default]
../.././../gcc/gcc-195953/gcc/bits/mathcalls.h:104:53: warning: invoking macro __MATH_PRECNAME argument 2: empty macro arguments are undefined in ISO C90 and ISO C++98 [enabled by default]
../.././../gcc/gcc-195953/gcc/bits/mathcalls.h:104:53: warning: invoking macro __CONCAT argument 2: empty macro arguments are undefined in ISO C90 and ISO C++98 [enabled by default]
../.././../gcc/gcc-195953/gcc/bits/mathcalls.h:104:1: warning: invoking macro __MATHDECL_1 argument 3: empty macro arguments are undefined in ISO C90 and ISO C++98 [enabled by default]
../.././../gcc/gcc-195953/gcc/bits/mathcalls.h:104:1: warning: invoking macro __MATH_PRECNAME argument 2: empty macro arguments are undefined in ISO C90 and ISO C++98 [enabled by default]
../.././../gcc/gcc-195953/gcc/bits/mathcalls.h:104:1: warning: invoking macro __CONCAT argument 2: empty macro arguments are undefined in ISO C90 and ISO C++98 [enabled by default]
../.././../gcc/gcc-195953/gcc/bits/mathcalls.h:107:52: warning: invoking macro __MATHCALL argument 2: empty macro arguments are undefined in ISO C90 and ISO C++98 [enabled by default]
../.././../gcc/gcc-195953/gcc/bits/mathcalls.h:107:52: warning: invoking macro __MATHDECL argument 3: empty macro arguments are undefined in ISO C90 and ISO C++98 [enabled by default]
../.././../gcc/gcc-195953/gcc/bits/mathcalls.h:107:52: warning: invoking macro __MATHDECL argument 3: empty macro arguments are undefined in ISO C90 and ISO C++98 [enabled by default]
../.././../gcc/gcc-195953/gcc/bits/mathcalls.h:107:52: warning: invoking macro __MATHDECL_1 argument 3: empty macro arguments are undefined in ISO C90 and ISO C++98 [enabled by default]
../.././../gcc/gcc-195953/gcc/bits/mathcalls.h:107:52: warning: invoking macro __MATH_PRECNAME argument 2: empty macro arguments are undefined in ISO C90 and ISO C++98 [enabled by default]
../.././../gcc/gcc-195953/gcc/bits/mathcalls.h:107:52: warning: invoking macro __CONCAT argument 2: empty macro arguments are undefined in ISO C90 and ISO C++98 [enabled by default]
../.././../gcc/gcc-195953/gcc/bits/mathcalls.h:107:1: warning: invoking macro __MATHDECL_1 argument 3: empty macro arguments are undefined in ISO C90 and ISO C++98 [enabled by default]
../.././../gcc/gcc-195953/gcc/bits/mathcalls.h:107:1: warning: invoking macro __MATH_PRECNAME argument 2: empty macro arguments are undefined in ISO C90 and ISO C++98 [enabled by default]
../.././../gcc/gcc-195953/gcc/bits/mathcalls.h:107:1: warning: invoking macro __CONCAT argument 2: empty macro arguments are undefined in ISO C90 and ISO C++98 [enabled by default]
../.././../gcc/gcc-195953/gcc/bits/mathcalls.h:110:34: warning: invoking macro __MATHCALL argument 2: empty macro arguments are undefined in ISO C90 and ISO C++98 [enabled by default]
../.././../gcc/gcc-195953/gcc/bits/mathcalls.h:110:34: warning: invoking macro __MATHDECL argument 3: empty macro arguments are undefined in ISO C90 and ISO C++98 [enabled by default]
../.././../gcc/gcc-195953/gcc/bits/mathcalls.h:110:34: warning: invoking macro __MATHDECL argument 3: empty macro arguments are undefined in ISO C90 and ISO C++98 [enabled by default]
../.././../gcc/gcc-195953/gcc/bits/mathcalls.h:110:34: warning: invoking macro __MATHDECL_1 argument 3: empty macro arguments are undefined in ISO C90 and ISO C++98 [enabled by default]
../.././../gcc/gcc-195953/gcc/bits/mathcalls.h:110:34: warning: invoking macro __MATH_PRECNAME argument 2: empty macro arguments are undefined in ISO C90 and ISO C++98 [enabled by default]
../.././../gcc/gcc-195953/gcc/bits/mathcalls.h:110:34: warning: invoking macro __CONCAT argument 2: empty macro arguments are undefined in ISO C90 and ISO C++98 [enabled by default]
../.././../gcc/gcc-195953/gcc/bits/mathcalls.h:110:1: warning: invoking macro __MATHDECL_1 argument 3: empty macro arguments are undefined in ISO C90 and ISO C++98 [enabled by default]
../.././../gcc/gcc-195953/gcc/bits/mathcalls.h:110:1: warning: invoking macro __MATH_PRECNAME argument 2: empty macro arguments are undefined in ISO C90 and ISO C++98 [enabled by default]
g++-4.7 -c   -g -O2 -DIN_GCC -DCROSS_DIRECTORY_STRUCTURE  -fno-exceptions -fno-rtti -fasynchronous-unwind-tables -W -Wall -Wno-narrowing -Wwrite-strings -Wcast-qual -Wmissing-forma
		-o build/genflags.o ../.././../gcc/gcc-195953/gcc/genflags.c
../.././../gcc/gcc-195953/gcc/bits/mathcalls.h:113:36: warning: invoking macro __MATHCALL argument 2: empty macro arguments are undefined in ISO C90 and ISO C++98 [enabled by default]
../.././../gcc/gcc-195953/gcc/bits/mathcalls.h:113:36: warning: invoking macro __MATHDECL argument 3: empty macro arguments are undefined in ISO C90 and ISO C++98 [enabled by default]
../.././../gcc/gcc-195953/gcc/bits/mathcalls.h:113:36: warning: invoking macro __MATHDECL argument 3: empty macro arguments are undefined in ISO C90 and ISO C++98 [enabled by default]
../.././../gcc/gcc-195953/gcc/bits/mathcalls.h:113:36: warning: invoking macro __MATHDECL_1 argument 3: empty macro arguments are undefined in ISO C90 and ISO C++98 [enabled by default]
../.././../gcc/gcc-195953/gcc/bits/mathcalls.h:113:36: warning: invoking macro __MATH_PRECNAME argument 2: empty macro arguments are undefined in ISO C90 and ISO C++98 [enabled by default]
../.././../gcc/gcc-195953/gcc/bits/mathcalls.h:113:36: warning: invoking macro __CONCAT argument 2: empty macro arguments are undefined in ISO C90 and ISO C++98 [enabled by default]
../.././../gcc/gcc-195953/gcc/bits/mathcalls.h:113:1: warning: invoking macro __MATHDECL_1 argument 3: empty macro arguments are undefined in ISO C90 and ISO C++98 [enabled by default]
../.././../gcc/gcc-195953/gcc/bits/mathcalls.h:113:1: warning: invoking macro __MATH_PRECNAME argument 2: empty macro arguments are undefined in ISO C90 and ISO C++98 [enabled by default]
../.././../gcc/gcc-195953/gcc/bits/mathcalls.h:113:1: warning: invoking macro __CONCAT argument 2: empty macro arguments are undefined in ISO C90 and ISO C++98 [enabled by default]
../.././../gcc/gcc-195953/gcc/bits/mathcalls.h:116:54: warning: invoking macro __MATHCALL argument 2: empty macro arguments are undefined in ISO C90 and ISO C++98 [enabled by default]
../.././../gcc/gcc-195953/gcc/bits/mathcalls.h:116:54: warning: invoking macro __MATHDECL argument 3: empty macro arguments are undefined in ISO C90 and ISO C++98 [enabled by default]
../.././../gcc/gcc-195953/gcc/bits/mathcalls.h:116:54: warning: invoking macro __MATHDECL argument 3: empty macro arguments are undefined in ISO C90 and ISO C++98 [enabled by default]
../.././../gcc/gcc-195953/gcc/bits/mathcalls.h:116:54: warning: invoking macro __MATHDECL_1 argument 3: empty macro arguments are undefined in ISO C90 and ISO C++98 [enabled by default]
../.././../gcc/gcc-195953/gcc/bits/mathcalls.h:116:54: warning: invoking macro __MATH_PRECNAME argument 2: empty macro arguments are undefined in ISO C90 and ISO C++98 [enabled by default]
../.././../gcc/gcc-195953/gcc/bits/mathcalls.h:116:54: warning: invoking macro __CONCAT argument 2: empty macro arguments are undefined in ISO C90 and ISO C++98 [enabled by default]
../.././../gcc/gcc-195953/gcc/bits/mathcalls.h:116:1: warning: invoking macro __MATHDECL_1 argument 3: empty macro arguments are undefined in ISO C90 and ISO C++98 [enabled by default]
../.././../gcc/gcc-195953/gcc/bits/mathcalls.h:116:1: warning: invoking macro __MATH_PRECNAME argument 2: empty macro arguments are undefined in ISO C90 and ISO C++98 [enabled by default]
../.././../gcc/gcc-195953/gcc/bits/mathcalls.h:116:1: warning: invoking macro __CONCAT argument 2: empty macro arguments are undefined in ISO C90 and ISO C++98 [enabled by default]
../.././../gcc/gcc-195953/gcc/bits/mathcalls.h:122:36: warning: invoking macro __MATHCALL argument 2: empty macro arguments are undefined in ISO C90 and ISO C++98 [enabled by default]
../.././../gcc/gcc-195953/gcc/bits/mathcalls.h:122:36: warning: invoking macro __MATHDECL argument 3: empty macro arguments are undefined in ISO C90 and ISO C++98 [enabled by default]
../.././../gcc/gcc-195953/gcc/bits/mathcalls.h:122:36: warning: invoking macro __MATHDECL argument 3: empty macro arguments are undefined in ISO C90 and ISO C++98 [enabled by default]
../.././../gcc/gcc-195953/gcc/bits/mathcalls.h:122:36: warning: invoking macro __MATHDECL_1 argument 3: empty macro arguments are undefined in ISO C90 and ISO C++98 [enabled by default]
../.././../gcc/gcc-195953/gcc/bits/mathcalls.h:122:36: warning: invoking macro __MATH_PRECNAME argument 2: empty macro arguments are undefined in ISO C90 and ISO C++98 [enabled by default]
../.././../gcc/gcc-195953/gcc/bits/mathcalls.h:122:36: warning: invoking macro __CONCAT argument 2: empty macro arguments are undefined in ISO C90 and ISO C++98 [enabled by default]
../.././../gcc/gcc-195953/gcc/bits/mathcalls.h:122:1: warning: invoking macro __MATHDECL_1 argument 3: empty macro arguments are undefined in ISO C90 and ISO C++98 [enabled by default]
../.././../gcc/gcc-195953/gcc/bits/mathcalls.h:122:1: warning: invoking macro __MATH_PRECNAME argument 2: empty macro arguments are undefined in ISO C90 and ISO C++98 [enabled by default]
../.././../gcc/gcc-195953/gcc/bits/mathcalls.h:122:1: warning: invoking macro __CONCAT argument 2: empty macro arguments are undefined in ISO C90 and ISO C++98 [enabled by default]
../.././../gcc/gcc-195953/gcc/bits/mathcalls.h:124:36: warning: invoking macro __MATHCALL argument 2: empty macro arguments are undefined in ISO C90 and ISO C++98 [enabled by default]
../.././../gcc/gcc-195953/gcc/bits/mathcalls.h:124:36: warning: invoking macro __MATHDECL argument 3: empty macro arguments are undefined in ISO C90 and ISO C++98 [enabled by default]
../.././../gcc/gcc-195953/gcc/bits/mathcalls.h:124:36: warning: invoking macro __MATHDECL argument 3: empty macro arguments are undefined in ISO C90 and ISO C++98 [enabled by default]
../.././../gcc/gcc-195953/gcc/bits/mathcalls.h:124:36: warning: invoking macro __MATHDECL_1 argument 3: empty macro arguments are undefined in ISO C90 and ISO C++98 [enabled by default]
../.././../gcc/gcc-195953/gcc/bits/mathcalls.h:124:36: warning: invoking macro __MATH_PRECNAME argument 2: empty macro arguments are undefined in ISO C90 and ISO C++98 [enabled by default]
../.././../gcc/gcc-195953/gcc/bits/mathcalls.h:124:36: warning: invoking macro __CONCAT argument 2: empty macro arguments are undefined in ISO C90 and ISO C++98 [enabled by default]
../.././../gcc/gcc-195953/gcc/bits/mathcalls.h:124:1: warning: invoking macro __MATHDECL_1 argument 3: empty macro arguments are undefined in ISO C90 and ISO C++98 [enabled by default]
../.././../gcc/gcc-195953/gcc/bits/mathcalls.h:124:1: warning: invoking macro __MATH_PRECNAME argument 2: empty macro arguments are undefined in ISO C90 and ISO C++98 [enabled by default]
../.././../gcc/gcc-195953/gcc/bits/mathcalls.h:124:1: warning: invoking macro __CONCAT argument 2: empty macro arguments are undefined in ISO C90 and ISO C++98 [enabled by default]
../.././../gcc/gcc-195953/gcc/bits/mathcalls.h:130:36: warning: invoking macro __MATHCALL argument 2: empty macro arguments are undefined in ISO C90 and ISO C++98 [enabled by default]
../.././../gcc/gcc-195953/gcc/bits/mathcalls.h:130:36: warning: invoking macro __MATHDECL argument 3: empty macro arguments are undefined in ISO C90 and ISO C++98 [enabled by default]
../.././../gcc/gcc-195953/gcc/bits/mathcalls.h:130:36: warning: invoking macro __MATHDECL argument 3: empty macro arguments are undefined in ISO C90 and ISO C++98 [enabled by default]
../.././../gcc/gcc-195953/gcc/bits/mathcalls.h:130:36: warning: invoking macro __MATHDECL_1 argument 3: empty macro arguments are undefined in ISO C90 and ISO C++98 [enabled by default]
../.././../gcc/gcc-195953/gcc/bits/mathcalls.h:130:36: warning: invoking macro __MATH_PRECNAME argument 2: empty macro arguments are undefined in ISO C90 and ISO C++98 [enabled by default]
../.././../gcc/gcc-195953/gcc/bits/mathcalls.h:130:36: warning: invoking macro __CONCAT argument 2: empty macro arguments are undefined in ISO C90 and ISO C++98 [enabled by default]
../.././../gcc/gcc-195953/gcc/bits/mathcalls.h:130:1: warning: invoking macro __MATHDECL_1 argument 3: empty macro arguments are undefined in ISO C90 and ISO C++98 [enabled by default]
../.././../gcc/gcc-195953/gcc/bits/mathcalls.h:130:1: warning: invoking macro __MATH_PRECNAME argument 2: empty macro arguments are undefined in ISO C90 and ISO C++98 [enabled by default]
../.././../gcc/gcc-195953/gcc/bits/mathcalls.h:130:1: warning: invoking macro __CONCAT argument 2: empty macro arguments are undefined in ISO C90 and ISO C++98 [enabled by default]
../.././../gcc/gcc-195953/gcc/bits/mathcalls.h:133:36: warning: invoking macro __MATHCALL argument 2: empty macro arguments are undefined in ISO C90 and ISO C++98 [enabled by default]
../.././../gcc/gcc-195953/gcc/bits/mathcalls.h:133:36: warning: invoking macro __MATHDECL argument 3: empty macro arguments are undefined in ISO C90 and ISO C++98 [enabled by default]
../.././../gcc/gcc-195953/gcc/bits/mathcalls.h:133:36: warning: invoking macro __MATHDECL argument 3: empty macro arguments are undefined in ISO C90 and ISO C++98 [enabled by default]
../.././../gcc/gcc-195953/gcc/bits/mathcalls.h:133:36: warning: invoking macro __MATHDECL_1 argument 3: empty macro arguments are undefined in ISO C90 and ISO C++98 [enabled by default]
../.././../gcc/gcc-195953/gcc/bits/mathcalls.h:133:36: warning: invoking macro __MATH_PRECNAME argument 2: empty macro arguments are undefined in ISO C90 and ISO C++98 [enabled by default]
../.././../gcc/gcc-195953/gcc/bits/mathcalls.h:133:36: warning: invoking macro __CONCAT argument 2: empty macro arguments are undefined in ISO C90 and ISO C++98 [enabled by default]
../.././../gcc/gcc-195953/gcc/bits/mathcalls.h:133:1: warning: invoking macro __MATHDECL_1 argument 3: empty macro arguments are undefined in ISO C90 and ISO C++98 [enabled by default]
../.././../gcc/gcc-195953/gcc/bits/mathcalls.h:133:1: warning: invoking macro __MATH_PRECNAME argument 2: empty macro arguments are undefined in ISO C90 and ISO C++98 [enabled by default]
../.././../gcc/gcc-195953/gcc/bits/mathcalls.h:133:1: warning: invoking macro __CONCAT argument 2: empty macro arguments are undefined in ISO C90 and ISO C++98 [enabled by default]
../.././../gcc/gcc-195953/gcc/bits/mathcalls.h:136:35: warning: invoking macro __MATHCALL argument 2: empty macro arguments are undefined in ISO C90 and ISO C++98 [enabled by default]
../.././../gcc/gcc-195953/gcc/bits/mathcalls.h:136:35: warning: invoking macro __MATHDECL argument 3: empty macro arguments are undefined in ISO C90 and ISO C++98 [enabled by default]
../.././../gcc/gcc-195953/gcc/bits/mathcalls.h:136:35: warning: invoking macro __MATHDECL argument 3: empty macro arguments are undefined in ISO C90 and ISO C++98 [enabled by default]
../.././../gcc/gcc-195953/gcc/bits/mathcalls.h:136:35: warning: invoking macro __MATHDECL_1 argument 3: empty macro arguments are undefined in ISO C90 and ISO C++98 [enabled by default]
../.././../gcc/gcc-195953/gcc/bits/mathcalls.h:136:35: warning: invoking macro __MATH_PRECNAME argument 2: empty macro arguments are undefined in ISO C90 and ISO C++98 [enabled by default]
../.././../gcc/gcc-195953/gcc/bits/mathcalls.h:136:35: warning: invoking macro __CONCAT argument 2: empty macro arguments are undefined in ISO C90 and ISO C++98 [enabled by default]
../.././../gcc/gcc-195953/gcc/bits/mathcalls.h:136:1: warning: invoking macro __MATHDECL_1 argument 3: empty macro arguments are undefined in ISO C90 and ISO C++98 [enabled by default]
../.././../gcc/gcc-195953/gcc/bits/mathcalls.h:136:1: warning: invoking macro __MATH_PRECNAME argument 2: empty macro arguments are undefined in ISO C90 and ISO C++98 [enabled by default]
../.././../gcc/gcc-195953/gcc/bits/mathcalls.h:136:1: warning: invoking macro __CONCAT argument 2: empty macro arguments are undefined in ISO C90 and ISO C++98 [enabled by default]
../.././../gcc/gcc-195953/gcc/bits/mathcalls.h:143:35: warning: invoking macro __MATHCALL argument 2: empty macro arguments are undefined in ISO C90 and ISO C++98 [enabled by default]
../.././../gcc/gcc-195953/gcc/bits/mathcalls.h:143:35: warning: invoking macro __MATHDECL argument 3: empty macro arguments are undefined in ISO C90 and ISO C++98 [enabled by default]
../.././../gcc/gcc-195953/gcc/bits/mathcalls.h:143:35: warning: invoking macro __MATHDECL argument 3: empty macro arguments are undefined in ISO C90 and ISO C++98 [enabled by default]
../.././../gcc/gcc-195953/gcc/bits/mathcalls.h:143:35: warning: invoking macro __MATHDECL_1 argument 3: empty macro arguments are undefined in ISO C90 and ISO C++98 [enabled by default]
../.././../gcc/gcc-195953/gcc/bits/mathcalls.h:143:35: warning: invoking macro __MATH_PRECNAME argument 2: empty macro arguments are undefined in ISO C90 and ISO C++98 [enabled by default]
../.././../gcc/gcc-195953/gcc/bits/mathcalls.h:143:35: warning: invoking macro __CONCAT argument 2: empty macro arguments are undefined in ISO C90 and ISO C++98 [enabled by default]
../.././../gcc/gcc-195953/gcc/bits/mathcalls.h:143:1: warning: invoking macro __MATHDECL_1 argument 3: empty macro arguments are undefined in ISO C90 and ISO C++98 [enabled by default]
../.././../gcc/gcc-195953/gcc/bits/mathcalls.h:143:1: warning: invoking macro __MATH_PRECNAME argument 2: empty macro arguments are undefined in ISO C90 and ISO C++98 [enabled by default]
../.././../gcc/gcc-195953/gcc/bits/mathcalls.h:143:1: warning: invoking macro __CONCAT argument 2: empty macro arguments are undefined in ISO C90 and ISO C++98 [enabled by default]
../.././../gcc/gcc-195953/gcc/bits/mathcalls.h:146:35: warning: invoking macro __MATHCALL argument 2: empty macro arguments are undefined in ISO C90 and ISO C++98 [enabled by default]
../.././../gcc/gcc-195953/gcc/bits/mathcalls.h:146:35: warning: invoking macro __MATHDECL argument 3: empty macro arguments are undefined in ISO C90 and ISO C++98 [enabled by default]
../.././../gcc/gcc-195953/gcc/bits/mathcalls.h:146:35: warning: invoking macro __MATHDECL argument 3: empty macro arguments are undefined in ISO C90 and ISO C++98 [enabled by default]
../.././../gcc/gcc-195953/gcc/bits/mathcalls.h:146:35: warning: invoking macro __MATHDECL_1 argument 3: empty macro arguments are undefined in ISO C90 and ISO C++98 [enabled by default]
../.././../gcc/gcc-195953/gcc/bits/mathcalls.h:146:35: warning: invoking macro __MATH_PRECNAME argument 2: empty macro arguments are undefined in ISO C90 and ISO C++98 [enabled by default]
../.././../gcc/gcc-195953/gcc/bits/mathcalls.h:146:35: warning: invoking macro __CONCAT argument 2: empty macro arguments are undefined in ISO C90 and ISO C++98 [enabled by default]
../.././../gcc/gcc-195953/gcc/bits/mathcalls.h:146:1: warning: invoking macro __MATHDECL_1 argument 3: empty macro arguments are undefined in ISO C90 and ISO C++98 [enabled by default]
../.././../gcc/gcc-195953/gcc/bits/mathcalls.h:146:1: warning: invoking macro __MATH_PRECNAME argument 2: empty macro arguments are undefined in ISO C90 and ISO C++98 [enabled by default]
../.././../gcc/gcc-195953/gcc/bits/mathcalls.h:146:1: warning: invoking macro __CONCAT argument 2: empty macro arguments are undefined in ISO C90 and ISO C++98 [enabled by default]
../.././../gcc/gcc-195953/gcc/bits/mathcalls.h:155:49: warning: invoking macro __MATHCALL argument 2: empty macro arguments are undefined in ISO C90 and ISO C++98 [enabled by default]
../.././../gcc/gcc-195953/gcc/bits/mathcalls.h:155:49: warning: invoking macro __MATHDECL argument 3: empty macro arguments are undefined in ISO C90 and ISO C++98 [enabled by default]
../.././../gcc/gcc-195953/gcc/bits/mathcalls.h:155:49: warning: invoking macro __MATHDECL argument 3: empty macro arguments are undefined in ISO C90 and ISO C++98 [enabled by default]
../.././../gcc/gcc-195953/gcc/bits/mathcalls.h:155:49: warning: invoking macro __MATHDECL_1 argument 3: empty macro arguments are undefined in ISO C90 and ISO C++98 [enabled by default]
../.././../gcc/gcc-195953/gcc/bits/mathcalls.h:155:49: warning: invoking macro __MATH_PRECNAME argument 2: empty macro arguments are undefined in ISO C90 and ISO C++98 [enabled by default]
../.././../gcc/gcc-195953/gcc/bits/mathcalls.h:155:49: warning: invoking macro __CONCAT argument 2: empty macro arguments are undefined in ISO C90 and ISO C++98 [enabled by default]
../.././../gcc/gcc-195953/gcc/bits/mathcalls.h:155:1: warning: invoking macro __MATHDECL_1 argument 3: empty macro arguments are undefined in ISO C90 and ISO C++98 [enabled by default]
../.././../gcc/gcc-195953/gcc/bits/mathcalls.h:155:1: warning: invoking macro __MATH_PRECNAME argument 2: empty macro arguments are undefined in ISO C90 and ISO C++98 [enabled by default]
../.././../gcc/gcc-195953/gcc/bits/mathcalls.h:155:1: warning: invoking macro __CONCAT argument 2: empty macro arguments are undefined in ISO C90 and ISO C++98 [enabled by default]
../.././../gcc/gcc-195953/gcc/bits/mathcalls.h:158:35: warning: invoking macro __MATHCALL argument 2: empty macro arguments are undefined in ISO C90 and ISO C++98 [enabled by default]
../.././../gcc/gcc-195953/gcc/bits/mathcalls.h:158:35: warning: invoking macro __MATHDECL argument 3: empty macro arguments are undefined in ISO C90 and ISO C++98 [enabled by default]
../.././../gcc/gcc-195953/gcc/bits/mathcalls.h:158:35: warning: invoking macro __MATHDECL argument 3: empty macro arguments are undefined in ISO C90 and ISO C++98 [enabled by default]
../.././../gcc/gcc-195953/gcc/bits/mathcalls.h:158:35: warning: invoking macro __MATHDECL_1 argument 3: empty macro arguments are undefined in ISO C90 and ISO C++98 [enabled by default]
../.././../gcc/gcc-195953/gcc/bits/mathcalls.h:158:35: warning: invoking macro __MATH_PRECNAME argument 2: empty macro arguments are undefined in ISO C90 and ISO C++98 [enabled by default]
../.././../gcc/gcc-195953/gcc/bits/mathcalls.h:158:35: warning: invoking macro __CONCAT argument 2: empty macro arguments are undefined in ISO C90 and ISO C++98 [enabled by default]
../.././../gcc/gcc-195953/gcc/bits/mathcalls.h:158:1: warning: invoking macro __MATHDECL_1 argument 3: empty macro arguments are undefined in ISO C90 and ISO C++98 [enabled by default]
../.././../gcc/gcc-195953/gcc/bits/mathcalls.h:158:1: warning: invoking macro __MATH_PRECNAME argument 2: empty macro arguments are undefined in ISO C90 and ISO C++98 [enabled by default]
../.././../gcc/gcc-195953/gcc/bits/mathcalls.h:158:1: warning: invoking macro __CONCAT argument 2: empty macro arguments are undefined in ISO C90 and ISO C++98 [enabled by default]
../.././../gcc/gcc-195953/gcc/bits/mathcalls.h:164:51: warning: invoking macro __MATHCALL argument 2: empty macro arguments are undefined in ISO C90 and ISO C++98 [enabled by default]
../.././../gcc/gcc-195953/gcc/bits/mathcalls.h:164:51: warning: invoking macro __MATHDECL argument 3: empty macro arguments are undefined in ISO C90 and ISO C++98 [enabled by default]
../.././../gcc/gcc-195953/gcc/bits/mathcalls.h:164:51: warning: invoking macro __MATHDECL argument 3: empty macro arguments are undefined in ISO C90 and ISO C++98 [enabled by default]
../.././../gcc/gcc-195953/gcc/bits/mathcalls.h:164:51: warning: invoking macro __MATHDECL_1 argument 3: empty macro arguments are undefined in ISO C90 and ISO C++98 [enabled by default]
../.././../gcc/gcc-195953/gcc/bits/mathcalls.h:164:51: warning: invoking macro __MATH_PRECNAME argument 2: empty macro arguments are undefined in ISO C90 and ISO C++98 [enabled by default]
../.././../gcc/gcc-195953/gcc/bits/mathcalls.h:164:51: warning: invoking macro __CONCAT argument 2: empty macro arguments are undefined in ISO C90 and ISO C++98 [enabled by default]
../.././../gcc/gcc-195953/gcc/bits/mathcalls.h:164:1: warning: invoking macro __MATHDECL_1 argument 3: empty macro arguments are undefined in ISO C90 and ISO C++98 [enabled by default]
../.././../gcc/gcc-195953/gcc/bits/mathcalls.h:164:1: warning: invoking macro __MATH_PRECNAME argument 2: empty macro arguments are undefined in ISO C90 and ISO C++98 [enabled by default]
../.././../gcc/gcc-195953/gcc/bits/mathcalls.h:164:1: warning: invoking macro __CONCAT argument 2: empty macro arguments are undefined in ISO C90 and ISO C++98 [enabled by default]
../.././../gcc/gcc-195953/gcc/bits/mathcalls.h:171:35: warning: invoking macro __MATHCALL argument 2: empty macro arguments are undefined in ISO C90 and ISO C++98 [enabled by default]
../.././../gcc/gcc-195953/gcc/bits/mathcalls.h:171:35: warning: invoking macro __MATHDECL argument 3: empty macro arguments are undefined in ISO C90 and ISO C++98 [enabled by default]
../.././../gcc/gcc-195953/gcc/bits/mathcalls.h:171:35: warning: invoking macro __MATHDECL argument 3: empty macro arguments are undefined in ISO C90 and ISO C++98 [enabled by default]
../.././../gcc/gcc-195953/gcc/bits/mathcalls.h:171:35: warning: invoking macro __MATHDECL_1 argument 3: empty macro arguments are undefined in ISO C90 and ISO C++98 [enabled by default]
../.././../gcc/gcc-195953/gcc/bits/mathcalls.h:171:35: warning: invoking macro __MATH_PRECNAME argument 2: empty macro arguments are undefined in ISO C90 and ISO C++98 [enabled by default]
../.././../gcc/gcc-195953/gcc/bits/mathcalls.h:171:35: warning: invoking macro __CONCAT argument 2: empty macro arguments are undefined in ISO C90 and ISO C++98 [enabled by default]
../.././../gcc/gcc-195953/gcc/bits/mathcalls.h:171:1: warning: invoking macro __MATHDECL_1 argument 3: empty macro arguments are undefined in ISO C90 and ISO C++98 [enabled by default]
../.././../gcc/gcc-195953/gcc/bits/mathcalls.h:171:1: warning: invoking macro __MATH_PRECNAME argument 2: empty macro arguments are undefined in ISO C90 and ISO C++98 [enabled by default]
../.././../gcc/gcc-195953/gcc/bits/mathcalls.h:171:1: warning: invoking macro __CONCAT argument 2: empty macro arguments are undefined in ISO C90 and ISO C++98 [enabled by default]
../.././../gcc/gcc-195953/gcc/bits/mathcalls.h:180:49: warning: invoking macro __MATHCALLX argument 2: empty macro arguments are undefined in ISO C90 and ISO C++98 [enabled by default]
../.././../gcc/gcc-195953/gcc/bits/mathcalls.h:180:49: warning: invoking macro __MATHDECLX argument 3: empty macro arguments are undefined in ISO C90 and ISO C++98 [enabled by default]
../.././../gcc/gcc-195953/gcc/bits/mathcalls.h:180:49: warning: invoking macro __MATHDECLX argument 3: empty macro arguments are undefined in ISO C90 and ISO C++98 [enabled by default]
../.././../gcc/gcc-195953/gcc/bits/mathcalls.h:180:49: warning: invoking macro __MATHDECL_1 argument 3: empty macro arguments are undefined in ISO C90 and ISO C++98 [enabled by default]
../.././../gcc/gcc-195953/gcc/bits/mathcalls.h:180:49: warning: invoking macro __MATH_PRECNAME argument 2: empty macro arguments are undefined in ISO C90 and ISO C++98 [enabled by default]
../.././../gcc/gcc-195953/gcc/bits/mathcalls.h:180:49: warning: invoking macro __CONCAT argument 2: empty macro arguments are undefined in ISO C90 and ISO C++98 [enabled by default]
../.././../gcc/gcc-195953/gcc/bits/mathcalls.h:180:1: warning: invoking macro __MATHDECL_1 argument 3: empty macro arguments are undefined in ISO C90 and ISO C++98 [enabled by default]
../.././../gcc/gcc-195953/gcc/bits/mathcalls.h:180:1: warning: invoking macro __MATH_PRECNAME argument 2: empty macro arguments are undefined in ISO C90 and ISO C++98 [enabled by default]
../.././../gcc/gcc-195953/gcc/bits/mathcalls.h:180:1: warning: invoking macro __CONCAT argument 2: empty macro arguments are undefined in ISO C90 and ISO C++98 [enabled by default]
../.././../gcc/gcc-195953/gcc/bits/mathcalls.h:183:49: warning: invoking macro __MATHCALLX argument 2: empty macro arguments are undefined in ISO C90 and ISO C++98 [enabled by default]
../.././../gcc/gcc-195953/gcc/bits/mathcalls.h:183:49: warning: invoking macro __MATHDECLX argument 3: empty macro arguments are undefined in ISO C90 and ISO C++98 [enabled by default]
../.././../gcc/gcc-195953/gcc/bits/mathcalls.h:183:49: warning: invoking macro __MATHDECLX argument 3: empty macro arguments are undefined in ISO C90 and ISO C++98 [enabled by default]
../.././../gcc/gcc-195953/gcc/bits/mathcalls.h:183:49: warning: invoking macro __MATHDECL_1 argument 3: empty macro arguments are undefined in ISO C90 and ISO C++98 [enabled by default]
../.././../gcc/gcc-195953/gcc/bits/mathcalls.h:183:49: warning: invoking macro __MATH_PRECNAME argument 2: empty macro arguments are undefined in ISO C90 and ISO C++98 [enabled by default]
../.././../gcc/gcc-195953/gcc/bits/mathcalls.h:183:49: warning: invoking macro __CONCAT argument 2: empty macro arguments are undefined in ISO C90 and ISO C++98 [enabled by default]
../.././../gcc/gcc-195953/gcc/bits/mathcalls.h:183:1: warning: invoking macro __MATHDECL_1 argument 3: empty macro arguments are undefined in ISO C90 and ISO C++98 [enabled by default]
../.././../gcc/gcc-195953/gcc/bits/mathcalls.h:183:1: warning: invoking macro __MATH_PRECNAME argument 2: empty macro arguments are undefined in ISO C90 and ISO C++98 [enabled by default]
../.././../gcc/gcc-195953/gcc/bits/mathcalls.h:183:1: warning: invoking macro __CONCAT argument 2: empty macro arguments are undefined in ISO C90 and ISO C++98 [enabled by default]
../.././../gcc/gcc-195953/gcc/bits/mathcalls.h:186:50: warning: invoking macro __MATHCALLX argument 2: empty macro arguments are undefined in ISO C90 and ISO C++98 [enabled by default]
../.././../gcc/gcc-195953/gcc/bits/mathcalls.h:186:50: warning: invoking macro __MATHDECLX argument 3: empty macro arguments are undefined in ISO C90 and ISO C++98 [enabled by default]
../.././../gcc/gcc-195953/gcc/bits/mathcalls.h:186:50: warning: invoking macro __MATHDECLX argument 3: empty macro arguments are undefined in ISO C90 and ISO C++98 [enabled by default]
../.././../gcc/gcc-195953/gcc/bits/mathcalls.h:186:50: warning: invoking macro __MATHDECL_1 argument 3: empty macro arguments are undefined in ISO C90 and ISO C++98 [enabled by default]
../.././../gcc/gcc-195953/gcc/bits/mathcalls.h:186:50: warning: invoking macro __MATH_PRECNAME argument 2: empty macro arguments are undefined in ISO C90 and ISO C++98 [enabled by default]
../.././../gcc/gcc-195953/gcc/bits/mathcalls.h:186:50: warning: invoking macro __CONCAT argument 2: empty macro arguments are undefined in ISO C90 and ISO C++98 [enabled by default]
../.././../gcc/gcc-195953/gcc/bits/mathcalls.h:186:1: warning: invoking macro __MATHDECL_1 argument 3: empty macro arguments are undefined in ISO C90 and ISO C++98 [enabled by default]
../.././../gcc/gcc-195953/gcc/bits/mathcalls.h:186:1: warning: invoking macro __MATH_PRECNAME argument 2: empty macro arguments are undefined in ISO C90 and ISO C++98 [enabled by default]
../.././../gcc/gcc-195953/gcc/bits/mathcalls.h:186:1: warning: invoking macro __CONCAT argument 2: empty macro arguments are undefined in ISO C90 and ISO C++98 [enabled by default]
../.././../gcc/gcc-195953/gcc/bits/mathcalls.h:189:50: warning: invoking macro __MATHCALL argument 2: empty macro arguments are undefined in ISO C90 and ISO C++98 [enabled by default]
../.././../gcc/gcc-195953/gcc/bits/mathcalls.h:189:50: warning: invoking macro __MATHDECL argument 3: empty macro arguments are undefined in ISO C90 and ISO C++98 [enabled by default]
../.././../gcc/gcc-195953/gcc/bits/mathcalls.h:189:50: warning: invoking macro __MATHDECL argument 3: empty macro arguments are undefined in ISO C90 and ISO C++98 [enabled by default]
../.././../gcc/gcc-195953/gcc/bits/mathcalls.h:189:50: warning: invoking macro __MATHDECL_1 argument 3: empty macro arguments are undefined in ISO C90 and ISO C++98 [enabled by default]
../.././../gcc/gcc-195953/gcc/bits/mathcalls.h:189:50: warning: invoking macro __MATH_PRECNAME argument 2: empty macro arguments are undefined in ISO C90 and ISO C++98 [enabled by default]
../.././../gcc/gcc-195953/gcc/bits/mathcalls.h:189:50: warning: invoking macro __CONCAT argument 2: empty macro arguments are undefined in ISO C90 and ISO C++98 [enabled by default]
../.././../gcc/gcc-195953/gcc/bits/mathcalls.h:189:1: warning: invoking macro __MATHDECL_1 argument 3: empty macro arguments are undefined in ISO C90 and ISO C++98 [enabled by default]
../.././../gcc/gcc-195953/gcc/bits/mathcalls.h:189:1: warning: invoking macro __MATH_PRECNAME argument 2: empty macro arguments are undefined in ISO C90 and ISO C++98 [enabled by default]
../.././../gcc/gcc-195953/gcc/bits/mathcalls.h:189:1: warning: invoking macro __CONCAT argument 2: empty macro arguments are undefined in ISO C90 and ISO C++98 [enabled by default]
../.././../gcc/gcc-195953/gcc/bits/mathcalls.h:194:48: warning: invoking macro __MATHDECL_1 argument 3: empty macro arguments are undefined in ISO C90 and ISO C++98 [enabled by default]
../.././../gcc/gcc-195953/gcc/bits/mathcalls.h:194:48: warning: invoking macro __MATH_PRECNAME argument 2: empty macro arguments are undefined in ISO C90 and ISO C++98 [enabled by default]
../.././../gcc/gcc-195953/gcc/bits/mathcalls.h:194:48: warning: invoking macro __CONCAT argument 2: empty macro arguments are undefined in ISO C90 and ISO C++98 [enabled by default]
../.././../gcc/gcc-195953/gcc/bits/mathcalls.h:197:49: warning: invoking macro __MATHDECL_1 argument 3: empty macro arguments are undefined in ISO C90 and ISO C++98 [enabled by default]
../.././../gcc/gcc-195953/gcc/bits/mathcalls.h:197:49: warning: invoking macro __MATH_PRECNAME argument 2: empty macro arguments are undefined in ISO C90 and ISO C++98 [enabled by default]
../.././../gcc/gcc-195953/gcc/bits/mathcalls.h:197:49: warning: invoking macro __CONCAT argument 2: empty macro arguments are undefined in ISO C90 and ISO C++98 [enabled by default]
../.././../gcc/gcc-195953/gcc/bits/mathcalls.h:203:46: warning: invoking macro __MATHDECL_1 argument 3: empty macro arguments are undefined in ISO C90 and ISO C++98 [enabled by default]
../.././../gcc/gcc-195953/gcc/bits/mathcalls.h:203:46: warning: invoking macro __MATH_PRECNAME argument 2: empty macro arguments are undefined in ISO C90 and ISO C++98 [enabled by default]
../.././../gcc/gcc-195953/gcc/bits/mathcalls.h:203:46: warning: invoking macro __CONCAT argument 2: empty macro arguments are undefined in ISO C90 and ISO C++98 [enabled by default]
../.././../gcc/gcc-195953/gcc/bits/mathcalls.h:206:47: warning: invoking macro __MATHDECL_1 argument 3: empty macro arguments are undefined in ISO C90 and ISO C++98 [enabled by default]
../.././../gcc/gcc-195953/gcc/bits/mathcalls.h:206:47: warning: invoking macro __MATH_PRECNAME argument 2: empty macro arguments are undefined in ISO C90 and ISO C++98 [enabled by default]
../.././../gcc/gcc-195953/gcc/bits/mathcalls.h:206:47: warning: invoking macro __CONCAT argument 2: empty macro arguments are undefined in ISO C90 and ISO C++98 [enabled by default]
../.././../gcc/gcc-195953/gcc/bits/mathcalls.h:209:50: warning: invoking macro __MATHCALL argument 2: empty macro arguments are undefined in ISO C90 and ISO C++98 [enabled by default]
../.././../gcc/gcc-195953/gcc/bits/mathcalls.h:209:50: warning: invoking macro __MATHDECL argument 3: empty macro arguments are undefined in ISO C90 and ISO C++98 [enabled by default]
../.././../gcc/gcc-195953/gcc/bits/mathcalls.h:209:50: warning: invoking macro __MATHDECL argument 3: empty macro arguments are undefined in ISO C90 and ISO C++98 [enabled by default]
../.././../gcc/gcc-195953/gcc/bits/mathcalls.h:209:50: warning: invoking macro __MATHDECL_1 argument 3: empty macro arguments are undefined in ISO C90 and ISO C++98 [enabled by default]
../.././../gcc/gcc-195953/gcc/bits/mathcalls.h:209:50: warning: invoking macro __MATH_PRECNAME argument 2: empty macro arguments are undefined in ISO C90 and ISO C++98 [enabled by default]
../.././../gcc/gcc-195953/gcc/bits/mathcalls.h:209:50: warning: invoking macro __CONCAT argument 2: empty macro arguments are undefined in ISO C90 and ISO C++98 [enabled by default]
../.././../gcc/gcc-195953/gcc/bits/mathcalls.h:209:1: warning: invoking macro __MATHDECL_1 argument 3: empty macro arguments are undefined in ISO C90 and ISO C++98 [enabled by default]
../.././../gcc/gcc-195953/gcc/bits/mathcalls.h:209:1: warning: invoking macro __MATH_PRECNAME argument 2: empty macro arguments are undefined in ISO C90 and ISO C++98 [enabled by default]
../.././../gcc/gcc-195953/gcc/bits/mathcalls.h:209:1: warning: invoking macro __CONCAT argument 2: empty macro arguments are undefined in ISO C90 and ISO C++98 [enabled by default]
../.././../gcc/gcc-195953/gcc/bits/mathcalls.h:213:42: warning: invoking macro __MATHCALL argument 2: empty macro arguments are undefined in ISO C90 and ISO C++98 [enabled by default]
../.././../gcc/gcc-195953/gcc/bits/mathcalls.h:213:42: warning: invoking macro __MATHDECL argument 3: empty macro arguments are undefined in ISO C90 and ISO C++98 [enabled by default]
../.././../gcc/gcc-195953/gcc/bits/mathcalls.h:213:42: warning: invoking macro __MATHDECL argument 3: empty macro arguments are undefined in ISO C90 and ISO C++98 [enabled by default]
../.././../gcc/gcc-195953/gcc/bits/mathcalls.h:213:42: warning: invoking macro __MATHDECL_1 argument 3: empty macro arguments are undefined in ISO C90 and ISO C++98 [enabled by default]
../.././../gcc/gcc-195953/gcc/bits/mathcalls.h:213:42: warning: invoking macro __MATH_PRECNAME argument 2: empty macro arguments are undefined in ISO C90 and ISO C++98 [enabled by default]
../.././../gcc/gcc-195953/gcc/bits/mathcalls.h:213:42: warning: invoking macro __CONCAT argument 2: empty macro arguments are undefined in ISO C90 and ISO C++98 [enabled by default]
../.././../gcc/gcc-195953/gcc/bits/mathcalls.h:213:1: warning: invoking macro __MATHDECL_1 argument 3: empty macro arguments are undefined in ISO C90 and ISO C++98 [enabled by default]
../.././../gcc/gcc-195953/gcc/bits/mathcalls.h:213:1: warning: invoking macro __MATH_PRECNAME argument 2: empty macro arguments are undefined in ISO C90 and ISO C++98 [enabled by default]
../.././../gcc/gcc-195953/gcc/bits/mathcalls.h:213:1: warning: invoking macro __CONCAT argument 2: empty macro arguments are undefined in ISO C90 and ISO C++98 [enabled by default]
../.././../gcc/gcc-195953/gcc/bits/mathcalls.h:219:68: warning: invoking macro __MATHCALLX argument 2: empty macro arguments are undefined in ISO C90 and ISO C++98 [enabled by default]
../.././../gcc/gcc-195953/gcc/bits/mathcalls.h:219:68: warning: invoking macro __MATHDECLX argument 3: empty macro arguments are undefined in ISO C90 and ISO C++98 [enabled by default]
../.././../gcc/gcc-195953/gcc/bits/mathcalls.h:219:68: warning: invoking macro __MATHDECLX argument 3: empty macro arguments are undefined in ISO C90 and ISO C++98 [enabled by default]
../.././../gcc/gcc-195953/gcc/bits/mathcalls.h:219:68: warning: invoking macro __MATHDECL_1 argument 3: empty macro arguments are undefined in ISO C90 and ISO C++98 [enabled by default]
../.././../gcc/gcc-195953/gcc/bits/mathcalls.h:219:68: warning: invoking macro __MATH_PRECNAME argument 2: empty macro arguments are undefined in ISO C90 and ISO C++98 [enabled by default]
../.././../gcc/gcc-195953/gcc/bits/mathcalls.h:219:68: warning: invoking macro __CONCAT argument 2: empty macro arguments are undefined in ISO C90 and ISO C++98 [enabled by default]
../.././../gcc/gcc-195953/gcc/bits/mathcalls.h:219:1: warning: invoking macro __MATHDECL_1 argument 3: empty macro arguments are undefined in ISO C90 and ISO C++98 [enabled by default]
../.././../gcc/gcc-195953/gcc/bits/mathcalls.h:219:1: warning: invoking macro __MATH_PRECNAME argument 2: empty macro arguments are undefined in ISO C90 and ISO C++98 [enabled by default]
../.././../gcc/gcc-195953/gcc/bits/mathcalls.h:219:1: warning: invoking macro __CONCAT argument 2: empty macro arguments are undefined in ISO C90 and ISO C++98 [enabled by default]
../.././../gcc/gcc-195953/gcc/bits/mathcalls.h:226:55: warning: invoking macro __MATHCALLX argument 2: empty macro arguments are undefined in ISO C90 and ISO C++98 [enabled by default]
../.././../gcc/gcc-195953/gcc/bits/mathcalls.h:226:55: warning: invoking macro __MATHDECLX argument 3: empty macro arguments are undefined in ISO C90 and ISO C++98 [enabled by default]
../.././../gcc/gcc-195953/gcc/bits/mathcalls.h:226:55: warning: invoking macro __MATHDECLX argument 3: empty macro arguments are undefined in ISO C90 and ISO C++98 [enabled by default]
../.././../gcc/gcc-195953/gcc/bits/mathcalls.h:226:55: warning: invoking macro __MATHDECL_1 argument 3: empty macro arguments are undefined in ISO C90 and ISO C++98 [enabled by default]
../.././../gcc/gcc-195953/gcc/bits/mathcalls.h:226:55: warning: invoking macro __MATH_PRECNAME argument 2: empty macro arguments are undefined in ISO C90 and ISO C++98 [enabled by default]
../.././../gcc/gcc-195953/gcc/bits/mathcalls.h:226:55: warning: invoking macro __CONCAT argument 2: empty macro arguments are undefined in ISO C90 and ISO C++98 [enabled by default]
../.././../gcc/gcc-195953/gcc/bits/mathcalls.h:226:1: warning: invoking macro __MATHDECL_1 argument 3: empty macro arguments are undefined in ISO C90 and ISO C++98 [enabled by default]
../.././../gcc/gcc-195953/gcc/bits/mathcalls.h:226:1: warning: invoking macro __MATH_PRECNAME argument 2: empty macro arguments are undefined in ISO C90 and ISO C++98 [enabled by default]
../.././../gcc/gcc-195953/gcc/bits/mathcalls.h:226:1: warning: invoking macro __CONCAT argument 2: empty macro arguments are undefined in ISO C90 and ISO C++98 [enabled by default]
../.././../gcc/gcc-195953/gcc/bits/mathcalls.h:232:48: warning: invoking macro __MATHDECL_1 argument 3: empty macro arguments are undefined in ISO C90 and ISO C++98 [enabled by default]
../.././../gcc/gcc-195953/gcc/bits/mathcalls.h:232:48: warning: invoking macro __MATH_PRECNAME argument 2: empty macro arguments are undefined in ISO C90 and ISO C++98 [enabled by default]
../.././../gcc/gcc-195953/gcc/bits/mathcalls.h:232:48: warning: invoking macro __CONCAT argument 2: empty macro arguments are undefined in ISO C90 and ISO C++98 [enabled by default]
../.././../gcc/gcc-195953/gcc/bits/mathcalls.h:236:46: warning: invoking macro __MATHDECL_1 argument 3: empty macro arguments are undefined in ISO C90 and ISO C++98 [enabled by default]
../.././../gcc/gcc-195953/gcc/bits/mathcalls.h:236:46: warning: invoking macro __MATH_PRECNAME argument 2: empty macro arguments are undefined in ISO C90 and ISO C++98 [enabled by default]
../.././../gcc/gcc-195953/gcc/bits/mathcalls.h:236:46: warning: invoking macro __CONCAT argument 2: empty macro arguments are undefined in ISO C90 and ISO C++98 [enabled by default]
../.././../gcc/gcc-195953/gcc/bits/mathcalls.h:239:29: warning: invoking macro __MATHCALL argument 2: empty macro arguments are undefined in ISO C90 and ISO C++98 [enabled by default]
../.././../gcc/gcc-195953/gcc/bits/mathcalls.h:239:29: warning: invoking macro __MATHDECL argument 3: empty macro arguments are undefined in ISO C90 and ISO C++98 [enabled by default]
../.././../gcc/gcc-195953/gcc/bits/mathcalls.h:239:29: warning: invoking macro __MATHDECL argument 3: empty macro arguments are undefined in ISO C90 and ISO C++98 [enabled by default]
../.././../gcc/gcc-195953/gcc/bits/mathcalls.h:239:29: warning: invoking macro __MATHDECL_1 argument 3: empty macro arguments are undefined in ISO C90 and ISO C++98 [enabled by default]
../.././../gcc/gcc-195953/gcc/bits/mathcalls.h:239:29: warning: invoking macro __MATH_PRECNAME argument 2: empty macro arguments are undefined in ISO C90 and ISO C++98 [enabled by default]
../.././../gcc/gcc-195953/gcc/bits/mathcalls.h:239:29: warning: invoking macro __CONCAT argument 2: empty macro arguments are undefined in ISO C90 and ISO C++98 [enabled by default]
../.././../gcc/gcc-195953/gcc/bits/mathcalls.h:239:1: warning: invoking macro __MATHDECL_1 argument 3: empty macro arguments are undefined in ISO C90 and ISO C++98 [enabled by default]
../.././../gcc/gcc-195953/gcc/bits/mathcalls.h:239:1: warning: invoking macro __MATH_PRECNAME argument 2: empty macro arguments are undefined in ISO C90 and ISO C++98 [enabled by default]
../.././../gcc/gcc-195953/gcc/bits/mathcalls.h:239:1: warning: invoking macro __CONCAT argument 2: empty macro arguments are undefined in ISO C90 and ISO C++98 [enabled by default]
../.././../gcc/gcc-195953/gcc/bits/mathcalls.h:240:29: warning: invoking macro __MATHCALL argument 2: empty macro arguments are undefined in ISO C90 and ISO C++98 [enabled by default]
../.././../gcc/gcc-195953/gcc/bits/mathcalls.h:240:29: warning: invoking macro __MATHDECL argument 3: empty macro arguments are undefined in ISO C90 and ISO C++98 [enabled by default]
../.././../gcc/gcc-195953/gcc/bits/mathcalls.h:240:29: warning: invoking macro __MATHDECL argument 3: empty macro arguments are undefined in ISO C90 and ISO C++98 [enabled by default]
../.././../gcc/gcc-195953/gcc/bits/mathcalls.h:240:29: warning: invoking macro __MATHDECL_1 argument 3: empty macro arguments are undefined in ISO C90 and ISO C++98 [enabled by default]
../.././../gcc/gcc-195953/gcc/bits/mathcalls.h:240:29: warning: invoking macro __MATH_PRECNAME argument 2: empty macro arguments are undefined in ISO C90 and ISO C++98 [enabled by default]
../.././../gcc/gcc-195953/gcc/bits/mathcalls.h:240:29: warning: invoking macro __CONCAT argument 2: empty macro arguments are undefined in ISO C90 and ISO C++98 [enabled by default]
../.././../gcc/gcc-195953/gcc/bits/mathcalls.h:240:1: warning: invoking macro __MATHDECL_1 argument 3: empty macro arguments are undefined in ISO C90 and ISO C++98 [enabled by default]
../.././../gcc/gcc-195953/gcc/bits/mathcalls.h:240:1: warning: invoking macro __MATH_PRECNAME argument 2: empty macro arguments are undefined in ISO C90 and ISO C++98 [enabled by default]
../.././../gcc/gcc-195953/gcc/bits/mathcalls.h:240:1: warning: invoking macro __CONCAT argument 2: empty macro arguments are undefined in ISO C90 and ISO C++98 [enabled by default]
../.././../gcc/gcc-195953/gcc/bits/mathcalls.h:241:34: warning: invoking macro __MATHCALL argument 2: empty macro arguments are undefined in ISO C90 and ISO C++98 [enabled by default]
../.././../gcc/gcc-195953/gcc/bits/mathcalls.h:241:34: warning: invoking macro __MATHDECL argument 3: empty macro arguments are undefined in ISO C90 and ISO C++98 [enabled by default]
../.././../gcc/gcc-195953/gcc/bits/mathcalls.h:241:34: warning: invoking macro __MATHDECL argument 3: empty macro arguments are undefined in ISO C90 and ISO C++98 [enabled by default]
../.././../gcc/gcc-195953/gcc/bits/mathcalls.h:241:34: warning: invoking macro __MATHDECL_1 argument 3: empty macro arguments are undefined in ISO C90 and ISO C++98 [enabled by default]
../.././../gcc/gcc-195953/gcc/bits/mathcalls.h:241:34: warning: invoking macro __MATH_PRECNAME argument 2: empty macro arguments are undefined in ISO C90 and ISO C++98 [enabled by default]
../.././../gcc/gcc-195953/gcc/bits/mathcalls.h:241:34: warning: invoking macro __CONCAT argument 2: empty macro arguments are undefined in ISO C90 and ISO C++98 [enabled by default]
../.././../gcc/gcc-195953/gcc/bits/mathcalls.h:241:1: warning: invoking macro __MATHDECL_1 argument 3: empty macro arguments are undefined in ISO C90 and ISO C++98 [enabled by default]
../.././../gcc/gcc-195953/gcc/bits/mathcalls.h:241:1: warning: invoking macro __MATH_PRECNAME argument 2: empty macro arguments are undefined in ISO C90 and ISO C++98 [enabled by default]
../.././../gcc/gcc-195953/gcc/bits/mathcalls.h:241:1: warning: invoking macro __CONCAT argument 2: empty macro arguments are undefined in ISO C90 and ISO C++98 [enabled by default]
../.././../gcc/gcc-195953/gcc/bits/mathcalls.h:242:29: warning: invoking macro __MATHCALL argument 2: empty macro arguments are undefined in ISO C90 and ISO C++98 [enabled by default]
../.././../gcc/gcc-195953/gcc/bits/mathcalls.h:242:29: warning: invoking macro __MATHDECL argument 3: empty macro arguments are undefined in ISO C90 and ISO C++98 [enabled by default]
../.././../gcc/gcc-195953/gcc/bits/mathcalls.h:242:29: warning: invoking macro __MATHDECL argument 3: empty macro arguments are undefined in ISO C90 and ISO C++98 [enabled by default]
../.././../gcc/gcc-195953/gcc/bits/mathcalls.h:242:29: warning: invoking macro __MATHDECL_1 argument 3: empty macro arguments are undefined in ISO C90 and ISO C++98 [enabled by default]
../.././../gcc/gcc-195953/gcc/bits/mathcalls.h:242:29: warning: invoking macro __MATH_PRECNAME argument 2: empty macro arguments are undefined in ISO C90 and ISO C++98 [enabled by default]
../.././../gcc/gcc-195953/gcc/bits/mathcalls.h:242:29: warning: invoking macro __CONCAT argument 2: empty macro arguments are undefined in ISO C90 and ISO C++98 [enabled by default]
../.././../gcc/gcc-195953/gcc/bits/mathcalls.h:242:1: warning: invoking macro __MATHDECL_1 argument 3: empty macro arguments are undefined in ISO C90 and ISO C++98 [enabled by default]
../.././../gcc/gcc-195953/gcc/bits/mathcalls.h:242:1: warning: invoking macro __MATH_PRECNAME argument 2: empty macro arguments are undefined in ISO C90 and ISO C++98 [enabled by default]
../.././../gcc/gcc-195953/gcc/bits/mathcalls.h:242:1: warning: invoking macro __CONCAT argument 2: empty macro arguments are undefined in ISO C90 and ISO C++98 [enabled by default]
../.././../gcc/gcc-195953/gcc/bits/mathcalls.h:243:29: warning: invoking macro __MATHCALL argument 2: empty macro arguments are undefined in ISO C90 and ISO C++98 [enabled by default]
../.././../gcc/gcc-195953/gcc/bits/mathcalls.h:243:29: warning: invoking macro __MATHDECL argument 3: empty macro arguments are undefined in ISO C90 and ISO C++98 [enabled by default]
../.././../gcc/gcc-195953/gcc/bits/mathcalls.h:243:29: warning: invoking macro __MATHDECL argument 3: empty macro arguments are undefined in ISO C90 and ISO C++98 [enabled by default]
../.././../gcc/gcc-195953/gcc/bits/mathcalls.h:243:29: warning: invoking macro __MATHDECL_1 argument 3: empty macro arguments are undefined in ISO C90 and ISO C++98 [enabled by default]
../.././../gcc/gcc-195953/gcc/bits/mathcalls.h:243:29: warning: invoking macro __MATH_PRECNAME argument 2: empty macro arguments are undefined in ISO C90 and ISO C++98 [enabled by default]
../.././../gcc/gcc-195953/gcc/bits/mathcalls.h:243:29: warning: invoking macro __CONCAT argument 2: empty macro arguments are undefined in ISO C90 and ISO C++98 [enabled by default]
../.././../gcc/gcc-195953/gcc/bits/mathcalls.h:243:1: warning: invoking macro __MATHDECL_1 argument 3: empty macro arguments are undefined in ISO C90 and ISO C++98 [enabled by default]
../.././../gcc/gcc-195953/gcc/bits/mathcalls.h:243:1: warning: invoking macro __MATH_PRECNAME argument 2: empty macro arguments are undefined in ISO C90 and ISO C++98 [enabled by default]
../.././../gcc/gcc-195953/gcc/bits/mathcalls.h:243:1: warning: invoking macro __CONCAT argument 2: empty macro arguments are undefined in ISO C90 and ISO C++98 [enabled by default]
../.././../gcc/gcc-195953/gcc/bits/mathcalls.h:244:34: warning: invoking macro __MATHCALL argument 2: empty macro arguments are undefined in ISO C90 and ISO C++98 [enabled by default]
../.././../gcc/gcc-195953/gcc/bits/mathcalls.h:244:34: warning: invoking macro __MATHDECL argument 3: empty macro arguments are undefined in ISO C90 and ISO C++98 [enabled by default]
../.././../gcc/gcc-195953/gcc/bits/mathcalls.h:244:34: warning: invoking macro __MATHDECL argument 3: empty macro arguments are undefined in ISO C90 and ISO C++98 [enabled by default]
../.././../gcc/gcc-195953/gcc/bits/mathcalls.h:244:34: warning: invoking macro __MATHDECL_1 argument 3: empty macro arguments are undefined in ISO C90 and ISO C++98 [enabled by default]
../.././../gcc/gcc-195953/gcc/bits/mathcalls.h:244:34: warning: invoking macro __MATH_PRECNAME argument 2: empty macro arguments are undefined in ISO C90 and ISO C++98 [enabled by default]
../.././../gcc/gcc-195953/gcc/bits/mathcalls.h:244:34: warning: invoking macro __CONCAT argument 2: empty macro arguments are undefined in ISO C90 and ISO C++98 [enabled by default]
../.././../gcc/gcc-195953/gcc/bits/mathcalls.h:244:1: warning: invoking macro __MATHDECL_1 argument 3: empty macro arguments are undefined in ISO C90 and ISO C++98 [enabled by default]
../.././../gcc/gcc-195953/gcc/bits/mathcalls.h:244:1: warning: invoking macro __MATH_PRECNAME argument 2: empty macro arguments are undefined in ISO C90 and ISO C++98 [enabled by default]
../.././../gcc/gcc-195953/gcc/bits/mathcalls.h:244:1: warning: invoking macro __CONCAT argument 2: empty macro arguments are undefined in ISO C90 and ISO C++98 [enabled by default]
../.././../gcc/gcc-195953/gcc/bits/mathcalls.h:251:30: warning: invoking macro __MATHCALL argument 2: empty macro arguments are undefined in ISO C90 and ISO C++98 [enabled by default]
../.././../gcc/gcc-195953/gcc/bits/mathcalls.h:251:30: warning: invoking macro __MATHDECL argument 3: empty macro arguments are undefined in ISO C90 and ISO C++98 [enabled by default]
../.././../gcc/gcc-195953/gcc/bits/mathcalls.h:251:30: warning: invoking macro __MATHDECL argument 3: empty macro arguments are undefined in ISO C90 and ISO C++98 [enabled by default]
../.././../gcc/gcc-195953/gcc/bits/mathcalls.h:251:30: warning: invoking macro __MATHDECL_1 argument 3: empty macro arguments are undefined in ISO C90 and ISO C++98 [enabled by default]
../.././../gcc/gcc-195953/gcc/bits/mathcalls.h:251:30: warning: invoking macro __MATH_PRECNAME argument 2: empty macro arguments are undefined in ISO C90 and ISO C++98 [enabled by default]
../.././../gcc/gcc-195953/gcc/bits/mathcalls.h:251:30: warning: invoking macro __CONCAT argument 2: empty macro arguments are undefined in ISO C90 and ISO C++98 [enabled by default]
../.././../gcc/gcc-195953/gcc/bits/mathcalls.h:251:1: warning: invoking macro __MATHDECL_1 argument 3: empty macro arguments are undefined in ISO C90 and ISO C++98 [enabled by default]
../.././../gcc/gcc-195953/gcc/bits/mathcalls.h:251:1: warning: invoking macro __MATH_PRECNAME argument 2: empty macro arguments are undefined in ISO C90 and ISO C++98 [enabled by default]
../.././../gcc/gcc-195953/gcc/bits/mathcalls.h:251:1: warning: invoking macro __CONCAT argument 2: empty macro arguments are undefined in ISO C90 and ISO C++98 [enabled by default]
../.././../gcc/gcc-195953/gcc/bits/mathcalls.h:252:31: warning: invoking macro __MATHCALL argument 2: empty macro arguments are undefined in ISO C90 and ISO C++98 [enabled by default]
../.././../gcc/gcc-195953/gcc/bits/mathcalls.h:252:31: warning: invoking macro __MATHDECL argument 3: empty macro arguments are undefined in ISO C90 and ISO C++98 [enabled by default]
../.././../gcc/gcc-195953/gcc/bits/mathcalls.h:252:31: warning: invoking macro __MATHDECL argument 3: empty macro arguments are undefined in ISO C90 and ISO C++98 [enabled by default]
../.././../gcc/gcc-195953/gcc/bits/mathcalls.h:252:31: warning: invoking macro __MATHDECL_1 argument 3: empty macro arguments are undefined in ISO C90 and ISO C++98 [enabled by default]
../.././../gcc/gcc-195953/gcc/bits/mathcalls.h:252:31: warning: invoking macro __MATH_PRECNAME argument 2: empty macro arguments are undefined in ISO C90 and ISO C++98 [enabled by default]
../.././../gcc/gcc-195953/gcc/bits/mathcalls.h:252:31: warning: invoking macro __CONCAT argument 2: empty macro arguments are undefined in ISO C90 and ISO C++98 [enabled by default]
../.././../gcc/gcc-195953/gcc/bits/mathcalls.h:252:1: warning: invoking macro __MATHDECL_1 argument 3: empty macro arguments are undefined in ISO C90 and ISO C++98 [enabled by default]
../.././../gcc/gcc-195953/gcc/bits/mathcalls.h:252:1: warning: invoking macro __MATH_PRECNAME argument 2: empty macro arguments are undefined in ISO C90 and ISO C++98 [enabled by default]
../.././../gcc/gcc-195953/gcc/bits/mathcalls.h:252:1: warning: invoking macro __CONCAT argument 2: empty macro arguments are undefined in ISO C90 and ISO C++98 [enabled by default]
../.././../gcc/gcc-195953/gcc/bits/mathcalls.h:253:33: warning: invoking macro __MATHCALL argument 2: empty macro arguments are undefined in ISO C90 and ISO C++98 [enabled by default]
../.././../gcc/gcc-195953/gcc/bits/mathcalls.h:253:33: warning: invoking macro __MATHDECL argument 3: empty macro arguments are undefined in ISO C90 and ISO C++98 [enabled by default]
../.././../gcc/gcc-195953/gcc/bits/mathcalls.h:253:33: warning: invoking macro __MATHDECL argument 3: empty macro arguments are undefined in ISO C90 and ISO C++98 [enabled by default]
../.././../gcc/gcc-195953/gcc/bits/mathcalls.h:253:33: warning: invoking macro __MATHDECL_1 argument 3: empty macro arguments are undefined in ISO C90 and ISO C++98 [enabled by default]
../.././../gcc/gcc-195953/gcc/bits/mathcalls.h:253:33: warning: invoking macro __MATH_PRECNAME argument 2: empty macro arguments are undefined in ISO C90 and ISO C++98 [enabled by default]
../.././../gcc/gcc-195953/gcc/bits/mathcalls.h:253:33: warning: invoking macro __CONCAT argument 2: empty macro arguments are undefined in ISO C90 and ISO C++98 [enabled by default]
../.././../gcc/gcc-195953/gcc/bits/mathcalls.h:253:1: warning: invoking macro __MATHDECL_1 argument 3: empty macro arguments are undefined in ISO C90 and ISO C++98 [enabled by default]
../.././../gcc/gcc-195953/gcc/bits/mathcalls.h:253:1: warning: invoking macro __MATH_PRECNAME argument 2: empty macro arguments are undefined in ISO C90 and ISO C++98 [enabled by default]
../.././../gcc/gcc-195953/gcc/bits/mathcalls.h:253:1: warning: invoking macro __CONCAT argument 2: empty macro arguments are undefined in ISO C90 and ISO C++98 [enabled by default]
../.././../gcc/gcc-195953/gcc/bits/mathcalls.h:260:33: warning: invoking macro __MATHCALL argument 2: empty macro arguments are undefined in ISO C90 and ISO C++98 [enabled by default]
../.././../gcc/gcc-195953/gcc/bits/mathcalls.h:260:33: warning: invoking macro __MATHDECL argument 3: empty macro arguments are undefined in ISO C90 and ISO C++98 [enabled by default]
../.././../gcc/gcc-195953/gcc/bits/mathcalls.h:260:33: warning: invoking macro __MATHDECL argument 3: empty macro arguments are undefined in ISO C90 and ISO C++98 [enabled by default]
../.././../gcc/gcc-195953/gcc/bits/mathcalls.h:260:33: warning: invoking macro __MATHDECL_1 argument 3: empty macro arguments are undefined in ISO C90 and ISO C++98 [enabled by default]
../.././../gcc/gcc-195953/gcc/bits/mathcalls.h:260:33: warning: invoking macro __MATH_PRECNAME argument 2: empty macro arguments are undefined in ISO C90 and ISO C++98 [enabled by default]
../.././../gcc/gcc-195953/gcc/bits/mathcalls.h:260:33: warning: invoking macro __CONCAT argument 2: empty macro arguments are undefined in ISO C90 and ISO C++98 [enabled by default]
../.././../gcc/gcc-195953/gcc/bits/mathcalls.h:260:1: warning: invoking macro __MATHDECL_1 argument 3: empty macro arguments are undefined in ISO C90 and ISO C++98 [enabled by default]
../.././../gcc/gcc-195953/gcc/bits/mathcalls.h:260:1: warning: invoking macro __MATH_PRECNAME argument 2: empty macro arguments are undefined in ISO C90 and ISO C++98 [enabled by default]
../.././../gcc/gcc-195953/gcc/bits/mathcalls.h:260:1: warning: invoking macro __CONCAT argument 2: empty macro arguments are undefined in ISO C90 and ISO C++98 [enabled by default]
../.././../gcc/gcc-195953/gcc/bits/mathcalls.h:266:32: warning: invoking macro __MATHCALL argument 2: empty macro arguments are undefined in ISO C90 and ISO C++98 [enabled by default]
../.././../gcc/gcc-195953/gcc/bits/mathcalls.h:266:32: warning: invoking macro __MATHDECL argument 3: empty macro arguments are undefined in ISO C90 and ISO C++98 [enabled by default]
../.././../gcc/gcc-195953/gcc/bits/mathcalls.h:266:32: warning: invoking macro __MATHDECL argument 3: empty macro arguments are undefined in ISO C90 and ISO C++98 [enabled by default]
../.././../gcc/gcc-195953/gcc/bits/mathcalls.h:266:32: warning: invoking macro __MATHDECL_1 argument 3: empty macro arguments are undefined in ISO C90 and ISO C++98 [enabled by default]
../.././../gcc/gcc-195953/gcc/bits/mathcalls.h:266:32: warning: invoking macro __MATH_PRECNAME argument 2: empty macro arguments are undefined in ISO C90 and ISO C++98 [enabled by default]
../.././../gcc/gcc-195953/gcc/bits/mathcalls.h:266:32: warning: invoking macro __CONCAT argument 2: empty macro arguments are undefined in ISO C90 and ISO C++98 [enabled by default]
../.././../gcc/gcc-195953/gcc/bits/mathcalls.h:266:1: warning: invoking macro __MATHDECL_1 argument 3: empty macro arguments are undefined in ISO C90 and ISO C++98 [enabled by default]
../.././../gcc/gcc-195953/gcc/bits/mathcalls.h:266:1: warning: invoking macro __MATH_PRECNAME argument 2: empty macro arguments are undefined in ISO C90 and ISO C++98 [enabled by default]
../.././../gcc/gcc-195953/gcc/bits/mathcalls.h:266:1: warning: invoking macro __CONCAT argument 2: empty macro arguments are undefined in ISO C90 and ISO C++98 [enabled by default]
../.././../gcc/gcc-195953/gcc/bits/mathcalls.h:281:35: warning: invoking macro __MATHCALL argument 2: empty macro arguments are undefined in ISO C90 and ISO C++98 [enabled by default]
../.././../gcc/gcc-195953/gcc/bits/mathcalls.h:281:35: warning: invoking macro __MATHDECL argument 3: empty macro arguments are undefined in ISO C90 and ISO C++98 [enabled by default]
../.././../gcc/gcc-195953/gcc/bits/mathcalls.h:281:35: warning: invoking macro __MATHDECL argument 3: empty macro arguments are undefined in ISO C90 and ISO C++98 [enabled by default]
../.././../gcc/gcc-195953/gcc/bits/mathcalls.h:281:35: warning: invoking macro __MATHDECL_1 argument 3: empty macro arguments are undefined in ISO C90 and ISO C++98 [enabled by default]
../.././../gcc/gcc-195953/gcc/bits/mathcalls.h:281:35: warning: invoking macro __MATH_PRECNAME argument 2: empty macro arguments are undefined in ISO C90 and ISO C++98 [enabled by default]
../.././../gcc/gcc-195953/gcc/bits/mathcalls.h:281:35: warning: invoking macro __CONCAT argument 2: empty macro arguments are undefined in ISO C90 and ISO C++98 [enabled by default]
../.././../gcc/gcc-195953/gcc/bits/mathcalls.h:281:1: warning: invoking macro __MATHDECL_1 argument 3: empty macro arguments are undefined in ISO C90 and ISO C++98 [enabled by default]
../.././../gcc/gcc-195953/gcc/bits/mathcalls.h:281:1: warning: invoking macro __MATH_PRECNAME argument 2: empty macro arguments are undefined in ISO C90 and ISO C++98 [enabled by default]
../.././../gcc/gcc-195953/gcc/bits/mathcalls.h:281:1: warning: invoking macro __CONCAT argument 2: empty macro arguments are undefined in ISO C90 and ISO C++98 [enabled by default]
../.././../gcc/gcc-195953/gcc/bits/mathcalls.h:284:69: warning: invoking macro __MATHCALLX argument 2: empty macro arguments are undefined in ISO C90 and ISO C++98 [enabled by default]
../.././../gcc/gcc-195953/gcc/bits/mathcalls.h:284:69: warning: invoking macro __MATHDECLX argument 3: empty macro arguments are undefined in ISO C90 and ISO C++98 [enabled by default]
../.././../gcc/gcc-195953/gcc/bits/mathcalls.h:284:69: warning: invoking macro __MATHDECLX argument 3: empty macro arguments are undefined in ISO C90 and ISO C++98 [enabled by default]
../.././../gcc/gcc-195953/gcc/bits/mathcalls.h:284:69: warning: invoking macro __MATHDECL_1 argument 3: empty macro arguments are undefined in ISO C90 and ISO C++98 [enabled by default]
../.././../gcc/gcc-195953/gcc/bits/mathcalls.h:284:69: warning: invoking macro __MATH_PRECNAME argument 2: empty macro arguments are undefined in ISO C90 and ISO C++98 [enabled by default]
../.././../gcc/gcc-195953/gcc/bits/mathcalls.h:284:69: warning: invoking macro __CONCAT argument 2: empty macro arguments are undefined in ISO C90 and ISO C++98 [enabled by default]
../.././../gcc/gcc-195953/gcc/bits/mathcalls.h:284:1: warning: invoking macro __MATHDECL_1 argument 3: empty macro arguments are undefined in ISO C90 and ISO C++98 [enabled by default]
../.././../gcc/gcc-195953/gcc/bits/mathcalls.h:284:1: warning: invoking macro __MATH_PRECNAME argument 2: empty macro arguments are undefined in ISO C90 and ISO C++98 [enabled by default]
../.././../gcc/gcc-195953/gcc/bits/mathcalls.h:284:1: warning: invoking macro __CONCAT argument 2: empty macro arguments are undefined in ISO C90 and ISO C++98 [enabled by default]
../.././../gcc/gcc-195953/gcc/bits/mathcalls.h:286:72: warning: invoking macro __MATHCALLX argument 2: empty macro arguments are undefined in ISO C90 and ISO C++98 [enabled by default]
../.././../gcc/gcc-195953/gcc/bits/mathcalls.h:286:72: warning: invoking macro __MATHDECLX argument 3: empty macro arguments are undefined in ISO C90 and ISO C++98 [enabled by default]
../.././../gcc/gcc-195953/gcc/bits/mathcalls.h:286:72: warning: invoking macro __MATHDECLX argument 3: empty macro arguments are undefined in ISO C90 and ISO C++98 [enabled by default]
../.././../gcc/gcc-195953/gcc/bits/mathcalls.h:286:72: warning: invoking macro __MATHDECL_1 argument 3: empty macro arguments are undefined in ISO C90 and ISO C++98 [enabled by default]
../.././../gcc/gcc-195953/gcc/bits/mathcalls.h:286:72: warning: invoking macro __MATH_PRECNAME argument 2: empty macro arguments are undefined in ISO C90 and ISO C++98 [enabled by default]
../.././../gcc/gcc-195953/gcc/bits/mathcalls.h:286:72: warning: invoking macro __CONCAT argument 2: empty macro arguments are undefined in ISO C90 and ISO C++98 [enabled by default]
../.././../gcc/gcc-195953/gcc/bits/mathcalls.h:286:1: warning: invoking macro __MATHDECL_1 argument 3: empty macro arguments are undefined in ISO C90 and ISO C++98 [enabled by default]
../.././../gcc/gcc-195953/gcc/bits/mathcalls.h:286:1: warning: invoking macro __MATH_PRECNAME argument 2: empty macro arguments are undefined in ISO C90 and ISO C++98 [enabled by default]
../.././../gcc/gcc-195953/gcc/bits/mathcalls.h:286:1: warning: invoking macro __CONCAT argument 2: empty macro arguments are undefined in ISO C90 and ISO C++98 [enabled by default]
../.././../gcc/gcc-195953/gcc/bits/mathcalls.h:290:55: warning: invoking macro __MATHCALL argument 2: empty macro arguments are undefined in ISO C90 and ISO C++98 [enabled by default]
../.././../gcc/gcc-195953/gcc/bits/mathcalls.h:290:55: warning: invoking macro __MATHDECL argument 3: empty macro arguments are undefined in ISO C90 and ISO C++98 [enabled by default]
../.././../gcc/gcc-195953/gcc/bits/mathcalls.h:290:55: warning: invoking macro __MATHDECL argument 3: empty macro arguments are undefined in ISO C90 and ISO C++98 [enabled by default]
../.././../gcc/gcc-195953/gcc/bits/mathcalls.h:290:55: warning: invoking macro __MATHDECL_1 argument 3: empty macro arguments are undefined in ISO C90 and ISO C++98 [enabled by default]
../.././../gcc/gcc-195953/gcc/bits/mathcalls.h:290:55: warning: invoking macro __MATH_PRECNAME argument 2: empty macro arguments are undefined in ISO C90 and ISO C++98 [enabled by default]
../.././../gcc/gcc-195953/gcc/bits/mathcalls.h:290:55: warning: invoking macro __CONCAT argument 2: empty macro arguments are undefined in ISO C90 and ISO C++98 [enabled by default]
../.././../gcc/gcc-195953/gcc/bits/mathcalls.h:290:1: warning: invoking macro __MATHDECL_1 argument 3: empty macro arguments are undefined in ISO C90 and ISO C++98 [enabled by default]
../.././../gcc/gcc-195953/gcc/bits/mathcalls.h:290:1: warning: invoking macro __MATH_PRECNAME argument 2: empty macro arguments are undefined in ISO C90 and ISO C++98 [enabled by default]
../.././../gcc/gcc-195953/gcc/bits/mathcalls.h:290:1: warning: invoking macro __CONCAT argument 2: empty macro arguments are undefined in ISO C90 and ISO C++98 [enabled by default]
../.././../gcc/gcc-195953/gcc/bits/mathcalls.h:294:46: warning: invoking macro __MATHCALL argument 2: empty macro arguments are undefined in ISO C90 and ISO C++98 [enabled by default]
../.././../gcc/gcc-195953/gcc/bits/mathcalls.h:294:46: warning: invoking macro __MATHDECL argument 3: empty macro arguments are undefined in ISO C90 and ISO C++98 [enabled by default]
../.././../gcc/gcc-195953/gcc/bits/mathcalls.h:294:46: warning: invoking macro __MATHDECL argument 3: empty macro arguments are undefined in ISO C90 and ISO C++98 [enabled by default]
../.././../gcc/gcc-195953/gcc/bits/mathcalls.h:294:46: warning: invoking macro __MATHDECL_1 argument 3: empty macro arguments are undefined in ISO C90 and ISO C++98 [enabled by default]
../.././../gcc/gcc-195953/gcc/bits/mathcalls.h:294:46: warning: invoking macro __MATH_PRECNAME argument 2: empty macro arguments are undefined in ISO C90 and ISO C++98 [enabled by default]
../.././../gcc/gcc-195953/gcc/bits/mathcalls.h:294:46: warning: invoking macro __CONCAT argument 2: empty macro arguments are undefined in ISO C90 and ISO C++98 [enabled by default]
../.././../gcc/gcc-195953/gcc/bits/mathcalls.h:294:1: warning: invoking macro __MATHDECL_1 argument 3: empty macro arguments are undefined in ISO C90 and ISO C++98 [enabled by default]
../.././../gcc/gcc-195953/gcc/bits/mathcalls.h:294:1: warning: invoking macro __MATH_PRECNAME argument 2: empty macro arguments are undefined in ISO C90 and ISO C++98 [enabled by default]
../.././../gcc/gcc-195953/gcc/bits/mathcalls.h:294:1: warning: invoking macro __CONCAT argument 2: empty macro arguments are undefined in ISO C90 and ISO C++98 [enabled by default]
../.././../gcc/gcc-195953/gcc/bits/mathcalls.h:298:40: warning: invoking macro __MATHDECL argument 3: empty macro arguments are undefined in ISO C90 and ISO C++98 [enabled by default]
../.././../gcc/gcc-195953/gcc/bits/mathcalls.h:298:40: warning: invoking macro __MATHDECL argument 3: empty macro arguments are undefined in ISO C90 and ISO C++98 [enabled by default]
../.././../gcc/gcc-195953/gcc/bits/mathcalls.h:298:40: warning: invoking macro __MATHDECL_1 argument 3: empty macro arguments are undefined in ISO C90 and ISO C++98 [enabled by default]
../.././../gcc/gcc-195953/gcc/bits/mathcalls.h:298:40: warning: invoking macro __MATH_PRECNAME argument 2: empty macro arguments are undefined in ISO C90 and ISO C++98 [enabled by default]
../.././../gcc/gcc-195953/gcc/bits/mathcalls.h:298:40: warning: invoking macro __CONCAT argument 2: empty macro arguments are undefined in ISO C90 and ISO C++98 [enabled by default]
../.././../gcc/gcc-195953/gcc/bits/mathcalls.h:298:1: warning: invoking macro __MATHDECL_1 argument 3: empty macro arguments are undefined in ISO C90 and ISO C++98 [enabled by default]
../.././../gcc/gcc-195953/gcc/bits/mathcalls.h:298:1: warning: invoking macro __MATH_PRECNAME argument 2: empty macro arguments are undefined in ISO C90 and ISO C++98 [enabled by default]
../.././../gcc/gcc-195953/gcc/bits/mathcalls.h:298:1: warning: invoking macro __CONCAT argument 2: empty macro arguments are undefined in ISO C90 and ISO C++98 [enabled by default]
../.././../gcc/gcc-195953/gcc/bits/mathcalls.h:303:52: warning: invoking macro __MATHCALL argument 2: empty macro arguments are undefined in ISO C90 and ISO C++98 [enabled by default]
../.././../gcc/gcc-195953/gcc/bits/mathcalls.h:303:52: warning: invoking macro __MATHDECL argument 3: empty macro arguments are undefined in ISO C90 and ISO C++98 [enabled by default]
../.././../gcc/gcc-195953/gcc/bits/mathcalls.h:303:52: warning: invoking macro __MATHDECL argument 3: empty macro arguments are undefined in ISO C90 and ISO C++98 [enabled by default]
../.././../gcc/gcc-195953/gcc/bits/mathcalls.h:303:52: warning: invoking macro __MATHDECL_1 argument 3: empty macro arguments are undefined in ISO C90 and ISO C++98 [enabled by default]
../.././../gcc/gcc-195953/gcc/bits/mathcalls.h:303:52: warning: invoking macro __MATH_PRECNAME argument 2: empty macro arguments are undefined in ISO C90 and ISO C++98 [enabled by default]
../.././../gcc/gcc-195953/gcc/bits/mathcalls.h:303:52: warning: invoking macro __CONCAT argument 2: empty macro arguments are undefined in ISO C90 and ISO C++98 [enabled by default]
../.././../gcc/gcc-195953/gcc/bits/mathcalls.h:303:1: warning: invoking macro __MATHDECL_1 argument 3: empty macro arguments are undefined in ISO C90 and ISO C++98 [enabled by default]
../.././../gcc/gcc-195953/gcc/bits/mathcalls.h:303:1: warning: invoking macro __MATH_PRECNAME argument 2: empty macro arguments are undefined in ISO C90 and ISO C++98 [enabled by default]
../.././../gcc/gcc-195953/gcc/bits/mathcalls.h:303:1: warning: invoking macro __CONCAT argument 2: empty macro arguments are undefined in ISO C90 and ISO C++98 [enabled by default]
../.././../gcc/gcc-195953/gcc/bits/mathcalls.h:307:40: warning: invoking macro __MATHCALL argument 2: empty macro arguments are undefined in ISO C90 and ISO C++98 [enabled by default]
../.././../gcc/gcc-195953/gcc/bits/mathcalls.h:307:40: warning: invoking macro __MATHDECL argument 3: empty macro arguments are undefined in ISO C90 and ISO C++98 [enabled by default]
../.././../gcc/gcc-195953/gcc/bits/mathcalls.h:307:40: warning: invoking macro __MATHDECL argument 3: empty macro arguments are undefined in ISO C90 and ISO C++98 [enabled by default]
../.././../gcc/gcc-195953/gcc/bits/mathcalls.h:307:40: warning: invoking macro __MATHDECL_1 argument 3: empty macro arguments are undefined in ISO C90 and ISO C++98 [enabled by default]
../.././../gcc/gcc-195953/gcc/bits/mathcalls.h:307:40: warning: invoking macro __MATH_PRECNAME argument 2: empty macro arguments are undefined in ISO C90 and ISO C++98 [enabled by default]
../.././../gcc/gcc-195953/gcc/bits/mathcalls.h:307:40: warning: invoking macro __CONCAT argument 2: empty macro arguments are undefined in ISO C90 and ISO C++98 [enabled by default]
../.././../gcc/gcc-195953/gcc/bits/mathcalls.h:307:1: warning: invoking macro __MATHDECL_1 argument 3: empty macro arguments are undefined in ISO C90 and ISO C++98 [enabled by default]
../.././../gcc/gcc-195953/gcc/bits/mathcalls.h:307:1: warning: invoking macro __MATH_PRECNAME argument 2: empty macro arguments are undefined in ISO C90 and ISO C++98 [enabled by default]
../.././../gcc/gcc-195953/gcc/bits/mathcalls.h:307:1: warning: invoking macro __CONCAT argument 2: empty macro arguments are undefined in ISO C90 and ISO C++98 [enabled by default]
../.././../gcc/gcc-195953/gcc/bits/mathcalls.h:311:50: warning: invoking macro __MATHCALLX argument 2: empty macro arguments are undefined in ISO C90 and ISO C++98 [enabled by default]
../.././../gcc/gcc-195953/gcc/bits/mathcalls.h:311:50: warning: invoking macro __MATHDECLX argument 3: empty macro arguments are undefined in ISO C90 and ISO C++98 [enabled by default]
../.././../gcc/gcc-195953/gcc/bits/mathcalls.h:311:50: warning: invoking macro __MATHDECLX argument 3: empty macro arguments are undefined in ISO C90 and ISO C++98 [enabled by default]
../.././../gcc/gcc-195953/gcc/bits/mathcalls.h:311:50: warning: invoking macro __MATHDECL_1 argument 3: empty macro arguments are undefined in ISO C90 and ISO C++98 [enabled by default]
../.././../gcc/gcc-195953/gcc/bits/mathcalls.h:311:50: warning: invoking macro __MATH_PRECNAME argument 2: empty macro arguments are undefined in ISO C90 and ISO C++98 [enabled by default]
../.././../gcc/gcc-195953/gcc/bits/mathcalls.h:311:50: warning: invoking macro __CONCAT argument 2: empty macro arguments are undefined in ISO C90 and ISO C++98 [enabled by default]
../.././../gcc/gcc-195953/gcc/bits/mathcalls.h:311:1: warning: invoking macro __MATHDECL_1 argument 3: empty macro arguments are undefined in ISO C90 and ISO C++98 [enabled by default]
../.././../gcc/gcc-195953/gcc/bits/mathcalls.h:311:1: warning: invoking macro __MATH_PRECNAME argument 2: empty macro arguments are undefined in ISO C90 and ISO C++98 [enabled by default]
../.././../gcc/gcc-195953/gcc/bits/mathcalls.h:311:1: warning: invoking macro __CONCAT argument 2: empty macro arguments are undefined in ISO C90 and ISO C++98 [enabled by default]
../.././../gcc/gcc-195953/gcc/bits/mathcalls.h:315:50: warning: invoking macro __MATHCALLX argument 2: empty macro arguments are undefined in ISO C90 and ISO C++98 [enabled by default]
../.././../gcc/gcc-195953/gcc/bits/mathcalls.h:315:50: warning: invoking macro __MATHDECLX argument 3: empty macro arguments are undefined in ISO C90 and ISO C++98 [enabled by default]
../.././../gcc/gcc-195953/gcc/bits/mathcalls.h:315:50: warning: invoking macro __MATHDECLX argument 3: empty macro arguments are undefined in ISO C90 and ISO C++98 [enabled by default]
../.././../gcc/gcc-195953/gcc/bits/mathcalls.h:315:50: warning: invoking macro __MATHDECL_1 argument 3: empty macro arguments are undefined in ISO C90 and ISO C++98 [enabled by default]
../.././../gcc/gcc-195953/gcc/bits/mathcalls.h:315:50: warning: invoking macro __MATH_PRECNAME argument 2: empty macro arguments are undefined in ISO C90 and ISO C++98 [enabled by default]
../.././../gcc/gcc-195953/gcc/bits/mathcalls.h:315:50: warning: invoking macro __CONCAT argument 2: empty macro arguments are undefined in ISO C90 and ISO C++98 [enabled by default]
../.././../gcc/gcc-195953/gcc/bits/mathcalls.h:315:1: warning: invoking macro __MATHDECL_1 argument 3: empty macro arguments are undefined in ISO C90 and ISO C++98 [enabled by default]
../.././../gcc/gcc-195953/gcc/bits/mathcalls.h:315:1: warning: invoking macro __MATH_PRECNAME argument 2: empty macro arguments are undefined in ISO C90 and ISO C++98 [enabled by default]
../.././../gcc/gcc-195953/gcc/bits/mathcalls.h:315:1: warning: invoking macro __CONCAT argument 2: empty macro arguments are undefined in ISO C90 and ISO C++98 [enabled by default]
../.././../gcc/gcc-195953/gcc/bits/mathcalls.h:320:64: warning: invoking macro __MATHCALL argument 2: empty macro arguments are undefined in ISO C90 and ISO C++98 [enabled by default]
../.././../gcc/gcc-195953/gcc/bits/mathcalls.h:320:64: warning: invoking macro __MATHDECL argument 3: empty macro arguments are undefined in ISO C90 and ISO C++98 [enabled by default]
In file included from ../.././../gcc/gcc-195953/gcc/fcntl.h:34:0,
                 from ../.././../gcc/gcc-195953/gcc/system.h:311,
                 from ../.././../gcc/gcc-195953/gcc/genopinit.c:22:
../.././../gcc/gcc-195953/gcc/bits/fcntl.h:259:27: warning: ISO C++ forbids zero-size array ‘f_handle’ [-pedantic]
../.././../gcc/gcc-195953/gcc/bits/mathcalls.h:320:64: warning: invoking macro __MATHDECL argument 3: empty macro arguments are undefined in ISO C90 and ISO C++98 [enabled by default]
../.././../gcc/gcc-195953/gcc/bits/mathcalls.h:320:64: warning: invoking macro __MATHDECL_1 argument 3: empty macro arguments are undefined in ISO C90 and ISO C++98 [enabled by default]
../.././../gcc/gcc-195953/gcc/bits/mathcalls.h:320:64: warning: invoking macro __MATH_PRECNAME argument 2: empty macro arguments are undefined in ISO C90 and ISO C++98 [enabled by default]
../.././../gcc/gcc-195953/gcc/bits/mathcalls.h:320:64: warning: invoking macro __CONCAT argument 2: empty macro arguments are undefined in ISO C90 and ISO C++98 [enabled by default]
../.././../gcc/gcc-195953/gcc/bits/mathcalls.h:320:1: warning: invoking macro __MATHDECL_1 argument 3: empty macro arguments are undefined in ISO C90 and ISO C++98 [enabled by default]
../.././../gcc/gcc-195953/gcc/bits/mathcalls.h:320:1: warning: invoking macro __MATH_PRECNAME argument 2: empty macro arguments are undefined in ISO C90 and ISO C++98 [enabled by default]
../.././../gcc/gcc-195953/gcc/bits/mathcalls.h:320:1: warning: invoking macro __CONCAT argument 2: empty macro arguments are undefined in ISO C90 and ISO C++98 [enabled by default]
../.././../gcc/gcc-195953/gcc/bits/mathcalls.h:327:45: warning: invoking macro __MATHDECL argument 3: empty macro arguments are undefined in ISO C90 and ISO C++98 [enabled by default]
../.././../gcc/gcc-195953/gcc/bits/mathcalls.h:327:45: warning: invoking macro __MATHDECL argument 3: empty macro arguments are undefined in ISO C90 and ISO C++98 [enabled by default]
../.././../gcc/gcc-195953/gcc/bits/mathcalls.h:327:45: warning: invoking macro __MATHDECL_1 argument 3: empty macro arguments are undefined in ISO C90 and ISO C++98 [enabled by default]
../.././../gcc/gcc-195953/gcc/bits/mathcalls.h:327:45: warning: invoking macro __MATH_PRECNAME argument 2: empty macro arguments are undefined in ISO C90 and ISO C++98 [enabled by default]
../.././../gcc/gcc-195953/gcc/bits/mathcalls.h:327:45: warning: invoking macro __CONCAT argument 2: empty macro arguments are undefined in ISO C90 and ISO C++98 [enabled by default]
../.././../gcc/gcc-195953/gcc/bits/mathcalls.h:327:1: warning: invoking macro __MATHDECL_1 argument 3: empty macro arguments are undefined in ISO C90 and ISO C++98 [enabled by default]
../.././../gcc/gcc-195953/gcc/bits/mathcalls.h:327:1: warning: invoking macro __MATH_PRECNAME argument 2: empty macro arguments are undefined in ISO C90 and ISO C++98 [enabled by default]
../.././../gcc/gcc-195953/gcc/bits/mathcalls.h:327:1: warning: invoking macro __CONCAT argument 2: empty macro arguments are undefined in ISO C90 and ISO C++98 [enabled by default]
../.././../gcc/gcc-195953/gcc/bits/mathcalls.h:328:51: warning: invoking macro __MATHDECL argument 3: empty macro arguments are undefined in ISO C90 and ISO C++98 [enabled by default]
../.././../gcc/gcc-195953/gcc/bits/mathcalls.h:328:51: warning: invoking macro __MATHDECL argument 3: empty macro arguments are undefined in ISO C90 and ISO C++98 [enabled by default]
../.././../gcc/gcc-195953/gcc/bits/mathcalls.h:328:51: warning: invoking macro __MATHDECL_1 argument 3: empty macro arguments are undefined in ISO C90 and ISO C++98 [enabled by default]
../.././../gcc/gcc-195953/gcc/bits/mathcalls.h:328:51: warning: invoking macro __MATH_PRECNAME argument 2: empty macro arguments are undefined in ISO C90 and ISO C++98 [enabled by default]
../.././../gcc/gcc-195953/gcc/bits/mathcalls.h:328:51: warning: invoking macro __CONCAT argument 2: empty macro arguments are undefined in ISO C90 and ISO C++98 [enabled by default]
../.././../gcc/gcc-195953/gcc/bits/mathcalls.h:328:1: warning: invoking macro __MATHDECL_1 argument 3: empty macro arguments are undefined in ISO C90 and ISO C++98 [enabled by default]
../.././../gcc/gcc-195953/gcc/bits/mathcalls.h:328:1: warning: invoking macro __MATH_PRECNAME argument 2: empty macro arguments are undefined in ISO C90 and ISO C++98 [enabled by default]
../.././../gcc/gcc-195953/gcc/bits/mathcalls.h:328:1: warning: invoking macro __CONCAT argument 2: empty macro arguments are undefined in ISO C90 and ISO C++98 [enabled by default]
../.././../gcc/gcc-195953/gcc/bits/mathcalls.h:332:46: warning: invoking macro __MATHDECL argument 3: empty macro arguments are undefined in ISO C90 and ISO C++98 [enabled by default]
../.././../gcc/gcc-195953/gcc/bits/mathcalls.h:332:46: warning: invoking macro __MATHDECL argument 3: empty macro arguments are undefined in ISO C90 and ISO C++98 [enabled by default]
../.././../gcc/gcc-195953/gcc/bits/mathcalls.h:332:46: warning: invoking macro __MATHDECL_1 argument 3: empty macro arguments are undefined in ISO C90 and ISO C++98 [enabled by default]
../.././../gcc/gcc-195953/gcc/bits/mathcalls.h:332:46: warning: invoking macro __MATH_PRECNAME argument 2: empty macro arguments are undefined in ISO C90 and ISO C++98 [enabled by default]
../.././../gcc/gcc-195953/gcc/bits/mathcalls.h:332:46: warning: invoking macro __CONCAT argument 2: empty macro arguments are undefined in ISO C90 and ISO C++98 [enabled by default]
../.././../gcc/gcc-195953/gcc/bits/mathcalls.h:332:1: warning: invoking macro __MATHDECL_1 argument 3: empty macro arguments are undefined in ISO C90 and ISO C++98 [enabled by default]
../.././../gcc/gcc-195953/gcc/bits/mathcalls.h:332:1: warning: invoking macro __MATH_PRECNAME argument 2: empty macro arguments are undefined in ISO C90 and ISO C++98 [enabled by default]
../.././../gcc/gcc-195953/gcc/bits/mathcalls.h:332:1: warning: invoking macro __CONCAT argument 2: empty macro arguments are undefined in ISO C90 and ISO C++98 [enabled by default]
../.././../gcc/gcc-195953/gcc/bits/mathcalls.h:333:52: warning: invoking macro __MATHDECL argument 3: empty macro arguments are undefined in ISO C90 and ISO C++98 [enabled by default]
../.././../gcc/gcc-195953/gcc/bits/mathcalls.h:333:52: warning: invoking macro __MATHDECL argument 3: empty macro arguments are undefined in ISO C90 and ISO C++98 [enabled by default]
../.././../gcc/gcc-195953/gcc/bits/mathcalls.h:333:52: warning: invoking macro __MATHDECL_1 argument 3: empty macro arguments are undefined in ISO C90 and ISO C++98 [enabled by default]
../.././../gcc/gcc-195953/gcc/bits/mathcalls.h:333:52: warning: invoking macro __MATH_PRECNAME argument 2: empty macro arguments are undefined in ISO C90 and ISO C++98 [enabled by default]
../.././../gcc/gcc-195953/gcc/bits/mathcalls.h:333:52: warning: invoking macro __CONCAT argument 2: empty macro arguments are undefined in ISO C90 and ISO C++98 [enabled by default]
../.././../gcc/gcc-195953/gcc/bits/mathcalls.h:333:1: warning: invoking macro __MATHDECL_1 argument 3: empty macro arguments are undefined in ISO C90 and ISO C++98 [enabled by default]
../.././../gcc/gcc-195953/gcc/bits/mathcalls.h:333:1: warning: invoking macro __MATH_PRECNAME argument 2: empty macro arguments are undefined in ISO C90 and ISO C++98 [enabled by default]
../.././../gcc/gcc-195953/gcc/bits/mathcalls.h:333:1: warning: invoking macro __CONCAT argument 2: empty macro arguments are undefined in ISO C90 and ISO C++98 [enabled by default]
../.././../gcc/gcc-195953/gcc/bits/mathcalls.h:337:50: warning: invoking macro __MATHCALL argument 2: empty macro arguments are undefined in ISO C90 and ISO C++98 [enabled by default]
../.././../gcc/gcc-195953/gcc/bits/mathcalls.h:337:50: warning: invoking macro __MATHDECL argument 3: empty macro arguments are undefined in ISO C90 and ISO C++98 [enabled by default]
../.././../gcc/gcc-195953/gcc/bits/mathcalls.h:337:50: warning: invoking macro __MATHDECL argument 3: empty macro arguments are undefined in ISO C90 and ISO C++98 [enabled by default]
../.././../gcc/gcc-195953/gcc/bits/mathcalls.h:337:50: warning: invoking macro __MATHDECL_1 argument 3: empty macro arguments are undefined in ISO C90 and ISO C++98 [enabled by default]
../.././../gcc/gcc-195953/gcc/bits/mathcalls.h:337:50: warning: invoking macro __MATH_PRECNAME argument 2: empty macro arguments are undefined in ISO C90 and ISO C++98 [enabled by default]
../.././../gcc/gcc-195953/gcc/bits/mathcalls.h:337:50: warning: invoking macro __CONCAT argument 2: empty macro arguments are undefined in ISO C90 and ISO C++98 [enabled by default]
../.././../gcc/gcc-195953/gcc/bits/mathcalls.h:337:1: warning: invoking macro __MATHDECL_1 argument 3: empty macro arguments are undefined in ISO C90 and ISO C++98 [enabled by default]
../.././../gcc/gcc-195953/gcc/bits/mathcalls.h:337:1: warning: invoking macro __MATH_PRECNAME argument 2: empty macro arguments are undefined in ISO C90 and ISO C++98 [enabled by default]
../.././../gcc/gcc-195953/gcc/bits/mathcalls.h:337:1: warning: invoking macro __CONCAT argument 2: empty macro arguments are undefined in ISO C90 and ISO C++98 [enabled by default]
../.././../gcc/gcc-195953/gcc/bits/mathcalls.h:340:50: warning: invoking macro __MATHCALL argument 2: empty macro arguments are undefined in ISO C90 and ISO C++98 [enabled by default]
../.././../gcc/gcc-195953/gcc/bits/mathcalls.h:340:50: warning: invoking macro __MATHDECL argument 3: empty macro arguments are undefined in ISO C90 and ISO C++98 [enabled by default]
../.././../gcc/gcc-195953/gcc/bits/mathcalls.h:340:50: warning: invoking macro __MATHDECL argument 3: empty macro arguments are undefined in ISO C90 and ISO C++98 [enabled by default]
../.././../gcc/gcc-195953/gcc/bits/mathcalls.h:340:50: warning: invoking macro __MATHDECL_1 argument 3: empty macro arguments are undefined in ISO C90 and ISO C++98 [enabled by default]
../.././../gcc/gcc-195953/gcc/bits/mathcalls.h:340:50: warning: invoking macro __MATH_PRECNAME argument 2: empty macro arguments are undefined in ISO C90 and ISO C++98 [enabled by default]
../.././../gcc/gcc-195953/gcc/bits/mathcalls.h:340:50: warning: invoking macro __CONCAT argument 2: empty macro arguments are undefined in ISO C90 and ISO C++98 [enabled by default]
../.././../gcc/gcc-195953/gcc/bits/mathcalls.h:340:1: warning: invoking macro __MATHDECL_1 argument 3: empty macro arguments are undefined in ISO C90 and ISO C++98 [enabled by default]
../.././../gcc/gcc-195953/gcc/bits/mathcalls.h:340:1: warning: invoking macro __MATH_PRECNAME argument 2: empty macro arguments are undefined in ISO C90 and ISO C++98 [enabled by default]
../.././../gcc/gcc-195953/gcc/bits/mathcalls.h:340:1: warning: invoking macro __CONCAT argument 2: empty macro arguments are undefined in ISO C90 and ISO C++98 [enabled by default]
../.././../gcc/gcc-195953/gcc/bits/mathcalls.h:343:50: warning: invoking macro __MATHCALL argument 2: empty macro arguments are undefined in ISO C90 and ISO C++98 [enabled by default]
../.././../gcc/gcc-195953/gcc/bits/mathcalls.h:343:50: warning: invoking macro __MATHDECL argument 3: empty macro arguments are undefined in ISO C90 and ISO C++98 [enabled by default]
../.././../gcc/gcc-195953/gcc/bits/mathcalls.h:343:50: warning: invoking macro __MATHDECL argument 3: empty macro arguments are undefined in ISO C90 and ISO C++98 [enabled by default]
../.././../gcc/gcc-195953/gcc/bits/mathcalls.h:343:50: warning: invoking macro __MATHDECL_1 argument 3: empty macro arguments are undefined in ISO C90 and ISO C++98 [enabled by default]
../.././../gcc/gcc-195953/gcc/bits/mathcalls.h:343:50: warning: invoking macro __MATH_PRECNAME argument 2: empty macro arguments are undefined in ISO C90 and ISO C++98 [enabled by default]
../.././../gcc/gcc-195953/gcc/bits/mathcalls.h:343:50: warning: invoking macro __CONCAT argument 2: empty macro arguments are undefined in ISO C90 and ISO C++98 [enabled by default]
../.././../gcc/gcc-195953/gcc/bits/mathcalls.h:343:1: warning: invoking macro __MATHDECL_1 argument 3: empty macro arguments are undefined in ISO C90 and ISO C++98 [enabled by default]
../.././../gcc/gcc-195953/gcc/bits/mathcalls.h:343:1: warning: invoking macro __MATH_PRECNAME argument 2: empty macro arguments are undefined in ISO C90 and ISO C++98 [enabled by default]
../.././../gcc/gcc-195953/gcc/bits/mathcalls.h:343:1: warning: invoking macro __CONCAT argument 2: empty macro arguments are undefined in ISO C90 and ISO C++98 [enabled by default]
../.././../gcc/gcc-195953/gcc/bits/mathcalls.h:347:54: warning: invoking macro __MATHDECL_1 argument 3: empty macro arguments are undefined in ISO C90 and ISO C++98 [enabled by default]
../.././../gcc/gcc-195953/gcc/bits/mathcalls.h:347:54: warning: invoking macro __MATH_PRECNAME argument 2: empty macro arguments are undefined in ISO C90 and ISO C++98 [enabled by default]
../.././../gcc/gcc-195953/gcc/bits/mathcalls.h:347:54: warning: invoking macro __CONCAT argument 2: empty macro arguments are undefined in ISO C90 and ISO C++98 [enabled by default]
../.././../gcc/gcc-195953/gcc/bits/mathcalls.h:351:51: warning: invoking macro __MATHDECL_1 argument 3: empty macro arguments are undefined in ISO C90 and ISO C++98 [enabled by default]
../.././../gcc/gcc-195953/gcc/bits/mathcalls.h:351:51: warning: invoking macro __MATH_PRECNAME argument 2: empty macro arguments are undefined in ISO C90 and ISO C++98 [enabled by default]
../.././../gcc/gcc-195953/gcc/bits/mathcalls.h:351:51: warning: invoking macro __CONCAT argument 2: empty macro arguments are undefined in ISO C90 and ISO C++98 [enabled by default]
../.././../gcc/gcc-195953/gcc/bits/mathcalls.h:356:64: warning: invoking macro __MATHCALL argument 2: empty macro arguments are undefined in ISO C90 and ISO C++98 [enabled by default]
../.././../gcc/gcc-195953/gcc/bits/mathcalls.h:356:64: warning: invoking macro __MATHDECL argument 3: empty macro arguments are undefined in ISO C90 and ISO C++98 [enabled by default]
../.././../gcc/gcc-195953/gcc/bits/mathcalls.h:356:64: warning: invoking macro __MATHDECL argument 3: empty macro arguments are undefined in ISO C90 and ISO C++98 [enabled by default]
../.././../gcc/gcc-195953/gcc/bits/mathcalls.h:356:64: warning: invoking macro __MATHDECL_1 argument 3: empty macro arguments are undefined in ISO C90 and ISO C++98 [enabled by default]
../.././../gcc/gcc-195953/gcc/bits/mathcalls.h:356:64: warning: invoking macro __MATH_PRECNAME argument 2: empty macro arguments are undefined in ISO C90 and ISO C++98 [enabled by default]
../.././../gcc/gcc-195953/gcc/bits/mathcalls.h:356:64: warning: invoking macro __CONCAT argument 2: empty macro arguments are undefined in ISO C90 and ISO C++98 [enabled by default]
../.././../gcc/gcc-195953/gcc/bits/mathcalls.h:356:1: warning: invoking macro __MATHDECL_1 argument 3: empty macro arguments are undefined in ISO C90 and ISO C++98 [enabled by default]
../.././../gcc/gcc-195953/gcc/bits/mathcalls.h:356:1: warning: invoking macro __MATH_PRECNAME argument 2: empty macro arguments are undefined in ISO C90 and ISO C++98 [enabled by default]
../.././../gcc/gcc-195953/gcc/bits/mathcalls.h:356:1: warning: invoking macro __CONCAT argument 2: empty macro arguments are undefined in ISO C90 and ISO C++98 [enabled by default]
../.././../gcc/gcc-195953/gcc/bits/mathcalls.h:365:51: warning: invoking macro __MATHCALL argument 2: empty macro arguments are undefined in ISO C90 and ISO C++98 [enabled by default]
../.././../gcc/gcc-195953/gcc/bits/mathcalls.h:365:51: warning: invoking macro __MATHDECL argument 3: empty macro arguments are undefined in ISO C90 and ISO C++98 [enabled by default]
../.././../gcc/gcc-195953/gcc/bits/mathcalls.h:365:51: warning: invoking macro __MATHDECL argument 3: empty macro arguments are undefined in ISO C90 and ISO C++98 [enabled by default]
../.././../gcc/gcc-195953/gcc/bits/mathcalls.h:365:51: warning: invoking macro __MATHDECL_1 argument 3: empty macro arguments are undefined in ISO C90 and ISO C++98 [enabled by default]
../.././../gcc/gcc-195953/gcc/bits/mathcalls.h:365:51: warning: invoking macro __MATH_PRECNAME argument 2: empty macro arguments are undefined in ISO C90 and ISO C++98 [enabled by default]
../.././../gcc/gcc-195953/gcc/bits/mathcalls.h:365:51: warning: invoking macro __CONCAT argument 2: empty macro arguments are undefined in ISO C90 and ISO C++98 [enabled by default]
../.././../gcc/gcc-195953/gcc/bits/mathcalls.h:365:1: warning: invoking macro __MATHDECL_1 argument 3: empty macro arguments are undefined in ISO C90 and ISO C++98 [enabled by default]
../.././../gcc/gcc-195953/gcc/bits/mathcalls.h:365:1: warning: invoking macro __MATH_PRECNAME argument 2: empty macro arguments are undefined in ISO C90 and ISO C++98 [enabled by default]
../.././../gcc/gcc-195953/gcc/bits/mathcalls.h:365:1: warning: invoking macro __CONCAT argument 2: empty macro arguments are undefined in ISO C90 and ISO C++98 [enabled by default]
In file included from ../.././../gcc/gcc-195953/gcc/math.h:94:0,
                 from ../.././../gcc/gcc-195953/gcc/genautomata.c:116:
../.././../gcc/gcc-195953/gcc/bits/mathcalls.h:55:35: warning: invoking macro __MATHCALL argument 2: empty macro arguments are undefined in ISO C90 and ISO C++98 [enabled by default]
../.././../gcc/gcc-195953/gcc/bits/mathcalls.h:55:35: warning: invoking macro __MATHDECL argument 3: empty macro arguments are undefined in ISO C90 and ISO C++98 [enabled by default]
../.././../gcc/gcc-195953/gcc/bits/mathcalls.h:55:35: warning: invoking macro __MATHDECL argument 3: empty macro arguments are undefined in ISO C90 and ISO C++98 [enabled by default]
../.././../gcc/gcc-195953/gcc/bits/mathcalls.h:55:35: warning: invoking macro __MATHDECL_1 argument 3: empty macro arguments are undefined in ISO C90 and ISO C++98 [enabled by default]
../.././../gcc/gcc-195953/gcc/bits/mathcalls.h:55:35: warning: invoking macro __MATH_PRECNAME argument 2: empty macro arguments are undefined in ISO C90 and ISO C++98 [enabled by default]
../.././../gcc/gcc-195953/gcc/bits/mathcalls.h:55:1: warning: invoking macro __MATHDECL_1 argument 3: empty macro arguments are undefined in ISO C90 and ISO C++98 [enabled by default]
../.././../gcc/gcc-195953/gcc/bits/mathcalls.h:55:1: warning: invoking macro __MATH_PRECNAME argument 2: empty macro arguments are undefined in ISO C90 and ISO C++98 [enabled by default]
../.././../gcc/gcc-195953/gcc/bits/mathcalls.h:57:35: warning: invoking macro __MATHCALL argument 2: empty macro arguments are undefined in ISO C90 and ISO C++98 [enabled by default]
../.././../gcc/gcc-195953/gcc/bits/mathcalls.h:57:35: warning: invoking macro __MATHDECL argument 3: empty macro arguments are undefined in ISO C90 and ISO C++98 [enabled by default]
../.././../gcc/gcc-195953/gcc/bits/mathcalls.h:57:35: warning: invoking macro __MATHDECL argument 3: empty macro arguments are undefined in ISO C90 and ISO C++98 [enabled by default]
../.././../gcc/gcc-195953/gcc/bits/mathcalls.h:57:35: warning: invoking macro __MATHDECL_1 argument 3: empty macro arguments are undefined in ISO C90 and ISO C++98 [enabled by default]
../.././../gcc/gcc-195953/gcc/bits/mathcalls.h:57:35: warning: invoking macro __MATH_PRECNAME argument 2: empty macro arguments are undefined in ISO C90 and ISO C++98 [enabled by default]
../.././../gcc/gcc-195953/gcc/bits/mathcalls.h:57:1: warning: invoking macro __MATHDECL_1 argument 3: empty macro arguments are undefined in ISO C90 and ISO C++98 [enabled by default]
../.././../gcc/gcc-195953/gcc/bits/mathcalls.h:57:1: warning: invoking macro __MATH_PRECNAME argument 2: empty macro arguments are undefined in ISO C90 and ISO C++98 [enabled by default]
../.././../gcc/gcc-195953/gcc/bits/mathcalls.h:59:35: warning: invoking macro __MATHCALL argument 2: empty macro arguments are undefined in ISO C90 and ISO C++98 [enabled by default]
../.././../gcc/gcc-195953/gcc/bits/mathcalls.h:59:35: warning: invoking macro __MATHDECL argument 3: empty macro arguments are undefined in ISO C90 and ISO C++98 [enabled by default]
../.././../gcc/gcc-195953/gcc/bits/mathcalls.h:59:35: warning: invoking macro __MATHDECL argument 3: empty macro arguments are undefined in ISO C90 and ISO C++98 [enabled by default]
../.././../gcc/gcc-195953/gcc/bits/mathcalls.h:59:35: warning: invoking macro __MATHDECL_1 argument 3: empty macro arguments are undefined in ISO C90 and ISO C++98 [enabled by default]
../.././../gcc/gcc-195953/gcc/bits/mathcalls.h:59:35: warning: invoking macro __MATH_PRECNAME argument 2: empty macro arguments are undefined in ISO C90 and ISO C++98 [enabled by default]
../.././../gcc/gcc-195953/gcc/bits/mathcalls.h:59:1: warning: invoking macro __MATHDECL_1 argument 3: empty macro arguments are undefined in ISO C90 and ISO C++98 [enabled by default]
../.././../gcc/gcc-195953/gcc/bits/mathcalls.h:59:1: warning: invoking macro __MATH_PRECNAME argument 2: empty macro arguments are undefined in ISO C90 and ISO C++98 [enabled by default]
../.././../gcc/gcc-195953/gcc/bits/mathcalls.h:61:51: warning: invoking macro __MATHCALL argument 2: empty macro arguments are undefined in ISO C90 and ISO C++98 [enabled by default]
../.././../gcc/gcc-195953/gcc/bits/mathcalls.h:61:51: warning: invoking macro __MATHDECL argument 3: empty macro arguments are undefined in ISO C90 and ISO C++98 [enabled by default]
../.././../gcc/gcc-195953/gcc/bits/mathcalls.h:61:51: warning: invoking macro __MATHDECL argument 3: empty macro arguments are undefined in ISO C90 and ISO C++98 [enabled by default]
../.././../gcc/gcc-195953/gcc/bits/mathcalls.h:61:51: warning: invoking macro __MATHDECL_1 argument 3: empty macro arguments are undefined in ISO C90 and ISO C++98 [enabled by default]
../.././../gcc/gcc-195953/gcc/bits/mathcalls.h:61:51: warning: invoking macro __MATH_PRECNAME argument 2: empty macro arguments are undefined in ISO C90 and ISO C++98 [enabled by default]
../.././../gcc/gcc-195953/gcc/bits/mathcalls.h:61:1: warning: invoking macro __MATHDECL_1 argument 3: empty macro arguments are undefined in ISO C90 and ISO C++98 [enabled by default]
../.././../gcc/gcc-195953/gcc/bits/mathcalls.h:61:1: warning: invoking macro __MATH_PRECNAME argument 2: empty macro arguments are undefined in ISO C90 and ISO C++98 [enabled by default]
../.././../gcc/gcc-195953/gcc/bits/mathcalls.h:64:34: warning: invoking macro __MATHCALL argument 2: empty macro arguments are undefined in ISO C90 and ISO C++98 [enabled by default]
../.././../gcc/gcc-195953/gcc/bits/mathcalls.h:64:34: warning: invoking macro __MATHDECL argument 3: empty macro arguments are undefined in ISO C90 and ISO C++98 [enabled by default]
../.././../gcc/gcc-195953/gcc/bits/mathcalls.h:64:34: warning: invoking macro __MATHDECL argument 3: empty macro arguments are undefined in ISO C90 and ISO C++98 [enabled by default]
../.././../gcc/gcc-195953/gcc/bits/mathcalls.h:64:34: warning: invoking macro __MATHDECL_1 argument 3: empty macro arguments are undefined in ISO C90 and ISO C++98 [enabled by default]
../.././../gcc/gcc-195953/gcc/bits/mathcalls.h:64:34: warning: invoking macro __MATH_PRECNAME argument 2: empty macro arguments are undefined in ISO C90 and ISO C++98 [enabled by default]
../.././../gcc/gcc-195953/gcc/bits/mathcalls.h:64:1: warning: invoking macro __MATHDECL_1 argument 3: empty macro arguments are undefined in ISO C90 and ISO C++98 [enabled by default]
../.././../gcc/gcc-195953/gcc/bits/mathcalls.h:64:1: warning: invoking macro __MATH_PRECNAME argument 2: empty macro arguments are undefined in ISO C90 and ISO C++98 [enabled by default]
../.././../gcc/gcc-195953/gcc/bits/mathcalls.h:66:34: warning: invoking macro __MATHCALL argument 2: empty macro arguments are undefined in ISO C90 and ISO C++98 [enabled by default]
../.././../gcc/gcc-195953/gcc/bits/mathcalls.h:66:34: warning: invoking macro __MATHDECL argument 3: empty macro arguments are undefined in ISO C90 and ISO C++98 [enabled by default]
../.././../gcc/gcc-195953/gcc/bits/mathcalls.h:66:34: warning: invoking macro __MATHDECL argument 3: empty macro arguments are undefined in ISO C90 and ISO C++98 [enabled by default]
../.././../gcc/gcc-195953/gcc/bits/mathcalls.h:66:34: warning: invoking macro __MATHDECL_1 argument 3: empty macro arguments are undefined in ISO C90 and ISO C++98 [enabled by default]
../.././../gcc/gcc-195953/gcc/bits/mathcalls.h:66:34: warning: invoking macro __MATH_PRECNAME argument 2: empty macro arguments are undefined in ISO C90 and ISO C++98 [enabled by default]
../.././../gcc/gcc-195953/gcc/bits/mathcalls.h:66:1: warning: invoking macro __MATHDECL_1 argument 3: empty macro arguments are undefined in ISO C90 and ISO C++98 [enabled by default]
../.././../gcc/gcc-195953/gcc/bits/mathcalls.h:66:1: warning: invoking macro __MATH_PRECNAME argument 2: empty macro arguments are undefined in ISO C90 and ISO C++98 [enabled by default]
../.././../gcc/gcc-195953/gcc/bits/mathcalls.h:68:34: warning: invoking macro __MATHCALL argument 2: empty macro arguments are undefined in ISO C90 and ISO C++98 [enabled by default]
../.././../gcc/gcc-195953/gcc/bits/mathcalls.h:68:34: warning: invoking macro __MATHDECL argument 3: empty macro arguments are undefined in ISO C90 and ISO C++98 [enabled by default]
../.././../gcc/gcc-195953/gcc/bits/mathcalls.h:68:34: warning: invoking macro __MATHDECL argument 3: empty macro arguments are undefined in ISO C90 and ISO C++98 [enabled by default]
../.././../gcc/gcc-195953/gcc/bits/mathcalls.h:68:34: warning: invoking macro __MATHDECL_1 argument 3: empty macro arguments are undefined in ISO C90 and ISO C++98 [enabled by default]
../.././../gcc/gcc-195953/gcc/bits/mathcalls.h:68:34: warning: invoking macro __MATH_PRECNAME argument 2: empty macro arguments are undefined in ISO C90 and ISO C++98 [enabled by default]
../.././../gcc/gcc-195953/gcc/bits/mathcalls.h:68:1: warning: invoking macro __MATHDECL_1 argument 3: empty macro arguments are undefined in ISO C90 and ISO C++98 [enabled by default]
../.././../gcc/gcc-195953/gcc/bits/mathcalls.h:68:1: warning: invoking macro __MATH_PRECNAME argument 2: empty macro arguments are undefined in ISO C90 and ISO C++98 [enabled by default]
../.././../gcc/gcc-195953/gcc/bits/mathcalls.h:73:35: warning: invoking macro __MATHCALL argument 2: empty macro arguments are undefined in ISO C90 and ISO C++98 [enabled by default]
../.././../gcc/gcc-195953/gcc/bits/mathcalls.h:73:35: warning: invoking macro __MATHDECL argument 3: empty macro arguments are undefined in ISO C90 and ISO C++98 [enabled by default]
../.././../gcc/gcc-195953/gcc/bits/mathcalls.h:73:35: warning: invoking macro __MATHDECL argument 3: empty macro arguments are undefined in ISO C90 and ISO C++98 [enabled by default]
../.././../gcc/gcc-195953/gcc/bits/mathcalls.h:73:35: warning: invoking macro __MATHDECL_1 argument 3: empty macro arguments are undefined in ISO C90 and ISO C++98 [enabled by default]
../.././../gcc/gcc-195953/gcc/bits/mathcalls.h:73:35: warning: invoking macro __MATH_PRECNAME argument 2: empty macro arguments are undefined in ISO C90 and ISO C++98 [enabled by default]
../.././../gcc/gcc-195953/gcc/bits/mathcalls.h:73:1: warning: invoking macro __MATHDECL_1 argument 3: empty macro arguments are undefined in ISO C90 and ISO C++98 [enabled by default]
../.././../gcc/gcc-195953/gcc/bits/mathcalls.h:73:1: warning: invoking macro __MATH_PRECNAME argument 2: empty macro arguments are undefined in ISO C90 and ISO C++98 [enabled by default]
../.././../gcc/gcc-195953/gcc/bits/mathcalls.h:75:35: warning: invoking macro __MATHCALL argument 2: empty macro arguments are undefined in ISO C90 and ISO C++98 [enabled by default]
../.././../gcc/gcc-195953/gcc/bits/mathcalls.h:75:35: warning: invoking macro __MATHDECL argument 3: empty macro arguments are undefined in ISO C90 and ISO C++98 [enabled by default]
../.././../gcc/gcc-195953/gcc/bits/mathcalls.h:75:35: warning: invoking macro __MATHDECL argument 3: empty macro arguments are undefined in ISO C90 and ISO C++98 [enabled by default]
../.././../gcc/gcc-195953/gcc/bits/mathcalls.h:75:35: warning: invoking macro __MATHDECL_1 argument 3: empty macro arguments are undefined in ISO C90 and ISO C++98 [enabled by default]
../.././../gcc/gcc-195953/gcc/bits/mathcalls.h:75:35: warning: invoking macro __MATH_PRECNAME argument 2: empty macro arguments are undefined in ISO C90 and ISO C++98 [enabled by default]
../.././../gcc/gcc-195953/gcc/bits/mathcalls.h:75:1: warning: invoking macro __MATHDECL_1 argument 3: empty macro arguments are undefined in ISO C90 and ISO C++98 [enabled by default]
../.././../gcc/gcc-195953/gcc/bits/mathcalls.h:75:1: warning: invoking macro __MATH_PRECNAME argument 2: empty macro arguments are undefined in ISO C90 and ISO C++98 [enabled by default]
../.././../gcc/gcc-195953/gcc/bits/mathcalls.h:77:35: warning: invoking macro __MATHCALL argument 2: empty macro arguments are undefined in ISO C90 and ISO C++98 [enabled by default]
../.././../gcc/gcc-195953/gcc/bits/mathcalls.h:77:35: warning: invoking macro __MATHDECL argument 3: empty macro arguments are undefined in ISO C90 and ISO C++98 [enabled by default]
../.././../gcc/gcc-195953/gcc/bits/mathcalls.h:77:35: warning: invoking macro __MATHDECL argument 3: empty macro arguments are undefined in ISO C90 and ISO C++98 [enabled by default]
../.././../gcc/gcc-195953/gcc/bits/mathcalls.h:77:35: warning: invoking macro __MATHDECL_1 argument 3: empty macro arguments are undefined in ISO C90 and ISO C++98 [enabled by default]
../.././../gcc/gcc-195953/gcc/bits/mathcalls.h:77:35: warning: invoking macro __MATH_PRECNAME argument 2: empty macro arguments are undefined in ISO C90 and ISO C++98 [enabled by default]
../.././../gcc/gcc-195953/gcc/bits/mathcalls.h:77:1: warning: invoking macro __MATHDECL_1 argument 3: empty macro arguments are undefined in ISO C90 and ISO C++98 [enabled by default]
../.././../gcc/gcc-195953/gcc/bits/mathcalls.h:77:1: warning: invoking macro __MATH_PRECNAME argument 2: empty macro arguments are undefined in ISO C90 and ISO C++98 [enabled by default]
../.././../gcc/gcc-195953/gcc/bits/mathcalls.h:83:59: warning: invoking macro __MATHDECL argument 3: empty macro arguments are undefined in ISO C90 and ISO C++98 [enabled by default]
../.././../gcc/gcc-195953/gcc/bits/mathcalls.h:83:59: warning: invoking macro __MATHDECL argument 3: empty macro arguments are undefined in ISO C90 and ISO C++98 [enabled by default]
../.././../gcc/gcc-195953/gcc/bits/mathcalls.h:83:59: warning: invoking macro __MATHDECL_1 argument 3: empty macro arguments are undefined in ISO C90 and ISO C++98 [enabled by default]
../.././../gcc/gcc-195953/gcc/bits/mathcalls.h:83:59: warning: invoking macro __MATH_PRECNAME argument 2: empty macro arguments are undefined in ISO C90 and ISO C++98 [enabled by default]
../.././../gcc/gcc-195953/gcc/bits/mathcalls.h:83:1: warning: invoking macro __MATHDECL_1 argument 3: empty macro arguments are undefined in ISO C90 and ISO C++98 [enabled by default]
../.././../gcc/gcc-195953/gcc/bits/mathcalls.h:83:1: warning: invoking macro __MATH_PRECNAME argument 2: empty macro arguments are undefined in ISO C90 and ISO C++98 [enabled by default]
../.././../gcc/gcc-195953/gcc/bits/mathcalls.h:89:36: warning: invoking macro __MATHCALL argument 2: empty macro arguments are undefined in ISO C90 and ISO C++98 [enabled by default]
../.././../gcc/gcc-195953/gcc/bits/mathcalls.h:89:36: warning: invoking macro __MATHDECL argument 3: empty macro arguments are undefined in ISO C90 and ISO C++98 [enabled by default]
../.././../gcc/gcc-195953/gcc/bits/mathcalls.h:89:36: warning: invoking macro __MATHDECL argument 3: empty macro arguments are undefined in ISO C90 and ISO C++98 [enabled by default]
../.././../gcc/gcc-195953/gcc/bits/mathcalls.h:89:36: warning: invoking macro __MATHDECL_1 argument 3: empty macro arguments are undefined in ISO C90 and ISO C++98 [enabled by default]
../.././../gcc/gcc-195953/gcc/bits/mathcalls.h:89:36: warning: invoking macro __MATH_PRECNAME argument 2: empty macro arguments are undefined in ISO C90 and ISO C++98 [enabled by default]
../.././../gcc/gcc-195953/gcc/bits/mathcalls.h:89:1: warning: invoking macro __MATHDECL_1 argument 3: empty macro arguments are undefined in ISO C90 and ISO C++98 [enabled by default]
../.././../gcc/gcc-195953/gcc/bits/mathcalls.h:89:1: warning: invoking macro __MATH_PRECNAME argument 2: empty macro arguments are undefined in ISO C90 and ISO C++98 [enabled by default]
../.././../gcc/gcc-195953/gcc/bits/mathcalls.h:91:36: warning: invoking macro __MATHCALL argument 2: empty macro arguments are undefined in ISO C90 and ISO C++98 [enabled by default]
../.././../gcc/gcc-195953/gcc/bits/mathcalls.h:91:36: warning: invoking macro __MATHDECL argument 3: empty macro arguments are undefined in ISO C90 and ISO C++98 [enabled by default]
../.././../gcc/gcc-195953/gcc/bits/mathcalls.h:91:36: warning: invoking macro __MATHDECL argument 3: empty macro arguments are undefined in ISO C90 and ISO C++98 [enabled by default]
../.././../gcc/gcc-195953/gcc/bits/mathcalls.h:91:36: warning: invoking macro __MATHDECL_1 argument 3: empty macro arguments are undefined in ISO C90 and ISO C++98 [enabled by default]
../.././../gcc/gcc-195953/gcc/bits/mathcalls.h:91:36: warning: invoking macro __MATH_PRECNAME argument 2: empty macro arguments are undefined in ISO C90 and ISO C++98 [enabled by default]
../.././../gcc/gcc-195953/gcc/bits/mathcalls.h:91:1: warning: invoking macro __MATHDECL_1 argument 3: empty macro arguments are undefined in ISO C90 and ISO C++98 [enabled by default]
../.././../gcc/gcc-195953/gcc/bits/mathcalls.h:91:1: warning: invoking macro __MATH_PRECNAME argument 2: empty macro arguments are undefined in ISO C90 and ISO C++98 [enabled by default]
../.././../gcc/gcc-195953/gcc/bits/mathcalls.h:93:36: warning: invoking macro __MATHCALL argument 2: empty macro arguments are undefined in ISO C90 and ISO C++98 [enabled by default]
../.././../gcc/gcc-195953/gcc/bits/mathcalls.h:93:36: warning: invoking macro __MATHDECL argument 3: empty macro arguments are undefined in ISO C90 and ISO C++98 [enabled by default]
../.././../gcc/gcc-195953/gcc/bits/mathcalls.h:93:36: warning: invoking macro __MATHDECL argument 3: empty macro arguments are undefined in ISO C90 and ISO C++98 [enabled by default]
../.././../gcc/gcc-195953/gcc/bits/mathcalls.h:93:36: warning: invoking macro __MATHDECL_1 argument 3: empty macro arguments are undefined in ISO C90 and ISO C++98 [enabled by default]
../.././../gcc/gcc-195953/gcc/bits/mathcalls.h:93:36: warning: invoking macro __MATH_PRECNAME argument 2: empty macro arguments are undefined in ISO C90 and ISO C++98 [enabled by default]
../.././../gcc/gcc-195953/gcc/bits/mathcalls.h:93:1: warning: invoking macro __MATHDECL_1 argument 3: empty macro arguments are undefined in ISO C90 and ISO C++98 [enabled by default]
../.././../gcc/gcc-195953/gcc/bits/mathcalls.h:93:1: warning: invoking macro __MATH_PRECNAME argument 2: empty macro arguments are undefined in ISO C90 and ISO C++98 [enabled by default]
../.././../gcc/gcc-195953/gcc/bits/mathcalls.h:101:34: warning: invoking macro __MATHCALL argument 2: empty macro arguments are undefined in ISO C90 and ISO C++98 [enabled by default]
../.././../gcc/gcc-195953/gcc/bits/mathcalls.h:101:34: warning: invoking macro __MATHDECL argument 3: empty macro arguments are undefined in ISO C90 and ISO C++98 [enabled by default]
../.././../gcc/gcc-195953/gcc/bits/mathcalls.h:101:34: warning: invoking macro __MATHDECL argument 3: empty macro arguments are undefined in ISO C90 and ISO C++98 [enabled by default]
../.././../gcc/gcc-195953/gcc/bits/mathcalls.h:101:34: warning: invoking macro __MATHDECL_1 argument 3: empty macro arguments are undefined in ISO C90 and ISO C++98 [enabled by default]
../.././../gcc/gcc-195953/gcc/bits/mathcalls.h:101:34: warning: invoking macro __MATH_PRECNAME argument 2: empty macro arguments are undefined in ISO C90 and ISO C++98 [enabled by default]
../.././../gcc/gcc-195953/gcc/bits/mathcalls.h:101:1: warning: invoking macro __MATHDECL_1 argument 3: empty macro arguments are undefined in ISO C90 and ISO C++98 [enabled by default]
../.././../gcc/gcc-195953/gcc/bits/mathcalls.h:101:1: warning: invoking macro __MATH_PRECNAME argument 2: empty macro arguments are undefined in ISO C90 and ISO C++98 [enabled by default]
../.././../gcc/gcc-195953/gcc/bits/mathcalls.h:104:53: warning: invoking macro __MATHCALL argument 2: empty macro arguments are undefined in ISO C90 and ISO C++98 [enabled by default]
../.././../gcc/gcc-195953/gcc/bits/mathcalls.h:104:53: warning: invoking macro __MATHDECL argument 3: empty macro arguments are undefined in ISO C90 and ISO C++98 [enabled by default]
../.././../gcc/gcc-195953/gcc/bits/mathcalls.h:104:53: warning: invoking macro __MATHDECL argument 3: empty macro arguments are undefined in ISO C90 and ISO C++98 [enabled by default]
../.././../gcc/gcc-195953/gcc/bits/mathcalls.h:104:53: warning: invoking macro __MATHDECL_1 argument 3: empty macro arguments are undefined in ISO C90 and ISO C++98 [enabled by default]
../.././../gcc/gcc-195953/gcc/bits/mathcalls.h:104:53: warning: invoking macro __MATH_PRECNAME argument 2: empty macro arguments are undefined in ISO C90 and ISO C++98 [enabled by default]
../.././../gcc/gcc-195953/gcc/bits/mathcalls.h:104:1: warning: invoking macro __MATHDECL_1 argument 3: empty macro arguments are undefined in ISO C90 and ISO C++98 [enabled by default]
../.././../gcc/gcc-195953/gcc/bits/mathcalls.h:104:1: warning: invoking macro __MATH_PRECNAME argument 2: empty macro arguments are undefined in ISO C90 and ISO C++98 [enabled by default]
../.././../gcc/gcc-195953/gcc/bits/mathcalls.h:107:52: warning: invoking macro __MATHCALL argument 2: empty macro arguments are undefined in ISO C90 and ISO C++98 [enabled by default]
../.././../gcc/gcc-195953/gcc/bits/mathcalls.h:107:52: warning: invoking macro __MATHDECL argument 3: empty macro arguments are undefined in ISO C90 and ISO C++98 [enabled by default]
../.././../gcc/gcc-195953/gcc/bits/mathcalls.h:107:52: warning: invoking macro __MATHDECL argument 3: empty macro arguments are undefined in ISO C90 and ISO C++98 [enabled by default]
../.././../gcc/gcc-195953/gcc/bits/mathcalls.h:107:52: warning: invoking macro __MATHDECL_1 argument 3: empty macro arguments are undefined in ISO C90 and ISO C++98 [enabled by default]
../.././../gcc/gcc-195953/gcc/bits/mathcalls.h:107:52: warning: invoking macro __MATH_PRECNAME argument 2: empty macro arguments are undefined in ISO C90 and ISO C++98 [enabled by default]
../.././../gcc/gcc-195953/gcc/bits/mathcalls.h:107:1: warning: invoking macro __MATHDECL_1 argument 3: empty macro arguments are undefined in ISO C90 and ISO C++98 [enabled by default]
../.././../gcc/gcc-195953/gcc/bits/mathcalls.h:107:1: warning: invoking macro __MATH_PRECNAME argument 2: empty macro arguments are undefined in ISO C90 and ISO C++98 [enabled by default]
../.././../gcc/gcc-195953/gcc/bits/mathcalls.h:110:34: warning: invoking macro __MATHCALL argument 2: empty macro arguments are undefined in ISO C90 and ISO C++98 [enabled by default]
../.././../gcc/gcc-195953/gcc/bits/mathcalls.h:110:34: warning: invoking macro __MATHDECL argument 3: empty macro arguments are undefined in ISO C90 and ISO C++98 [enabled by default]
../.././../gcc/gcc-195953/gcc/bits/mathcalls.h:110:34: warning: invoking macro __MATHDECL argument 3: empty macro arguments are undefined in ISO C90 and ISO C++98 [enabled by default]
../.././../gcc/gcc-195953/gcc/bits/mathcalls.h:110:34: warning: invoking macro __MATHDECL_1 argument 3: empty macro arguments are undefined in ISO C90 and ISO C++98 [enabled by default]
../.././../gcc/gcc-195953/gcc/bits/mathcalls.h:110:34: warning: invoking macro __MATH_PRECNAME argument 2: empty macro arguments are undefined in ISO C90 and ISO C++98 [enabled by default]
../.././../gcc/gcc-195953/gcc/bits/mathcalls.h:110:1: warning: invoking macro __MATHDECL_1 argument 3: empty macro arguments are undefined in ISO C90 and ISO C++98 [enabled by default]
../.././../gcc/gcc-195953/gcc/bits/mathcalls.h:110:1: warning: invoking macro __MATH_PRECNAME argument 2: empty macro arguments are undefined in ISO C90 and ISO C++98 [enabled by default]
../.././../gcc/gcc-195953/gcc/bits/mathcalls.h:113:36: warning: invoking macro __MATHCALL argument 2: empty macro arguments are undefined in ISO C90 and ISO C++98 [enabled by default]
../.././../gcc/gcc-195953/gcc/bits/mathcalls.h:113:36: warning: invoking macro __MATHDECL argument 3: empty macro arguments are undefined in ISO C90 and ISO C++98 [enabled by default]
../.././../gcc/gcc-195953/gcc/bits/mathcalls.h:113:36: warning: invoking macro __MATHDECL argument 3: empty macro arguments are undefined in ISO C90 and ISO C++98 [enabled by default]
../.././../gcc/gcc-195953/gcc/bits/mathcalls.h:113:36: warning: invoking macro __MATHDECL_1 argument 3: empty macro arguments are undefined in ISO C90 and ISO C++98 [enabled by default]
../.././../gcc/gcc-195953/gcc/bits/mathcalls.h:113:36: warning: invoking macro __MATH_PRECNAME argument 2: empty macro arguments are undefined in ISO C90 and ISO C++98 [enabled by default]
../.././../gcc/gcc-195953/gcc/bits/mathcalls.h:113:1: warning: invoking macro __MATHDECL_1 argument 3: empty macro arguments are undefined in ISO C90 and ISO C++98 [enabled by default]
../.././../gcc/gcc-195953/gcc/bits/mathcalls.h:113:1: warning: invoking macro __MATH_PRECNAME argument 2: empty macro arguments are undefined in ISO C90 and ISO C++98 [enabled by default]
../.././../gcc/gcc-195953/gcc/bits/mathcalls.h:116:54: warning: invoking macro __MATHCALL argument 2: empty macro arguments are undefined in ISO C90 and ISO C++98 [enabled by default]
../.././../gcc/gcc-195953/gcc/bits/mathcalls.h:116:54: warning: invoking macro __MATHDECL argument 3: empty macro arguments are undefined in ISO C90 and ISO C++98 [enabled by default]
../.././../gcc/gcc-195953/gcc/bits/mathcalls.h:116:54: warning: invoking macro __MATHDECL argument 3: empty macro arguments are undefined in ISO C90 and ISO C++98 [enabled by default]
../.././../gcc/gcc-195953/gcc/bits/mathcalls.h:116:54: warning: invoking macro __MATHDECL_1 argument 3: empty macro arguments are undefined in ISO C90 and ISO C++98 [enabled by default]
../.././../gcc/gcc-195953/gcc/bits/mathcalls.h:116:54: warning: invoking macro __MATH_PRECNAME argument 2: empty macro arguments are undefined in ISO C90 and ISO C++98 [enabled by default]
../.././../gcc/gcc-195953/gcc/bits/mathcalls.h:116:1: warning: invoking macro __MATHDECL_1 argument 3: empty macro arguments are undefined in ISO C90 and ISO C++98 [enabled by default]
../.././../gcc/gcc-195953/gcc/bits/mathcalls.h:116:1: warning: invoking macro __MATH_PRECNAME argument 2: empty macro arguments are undefined in ISO C90 and ISO C++98 [enabled by default]
../.././../gcc/gcc-195953/gcc/bits/mathcalls.h:122:36: warning: invoking macro __MATHCALL argument 2: empty macro arguments are undefined in ISO C90 and ISO C++98 [enabled by default]
../.././../gcc/gcc-195953/gcc/bits/mathcalls.h:122:36: warning: invoking macro __MATHDECL argument 3: empty macro arguments are undefined in ISO C90 and ISO C++98 [enabled by default]
../.././../gcc/gcc-195953/gcc/bits/mathcalls.h:122:36: warning: invoking macro __MATHDECL argument 3: empty macro arguments are undefined in ISO C90 and ISO C++98 [enabled by default]
../.././../gcc/gcc-195953/gcc/bits/mathcalls.h:122:36: warning: invoking macro __MATHDECL_1 argument 3: empty macro arguments are undefined in ISO C90 and ISO C++98 [enabled by default]
../.././../gcc/gcc-195953/gcc/bits/mathcalls.h:122:36: warning: invoking macro __MATH_PRECNAME argument 2: empty macro arguments are undefined in ISO C90 and ISO C++98 [enabled by default]
../.././../gcc/gcc-195953/gcc/bits/mathcalls.h:122:1: warning: invoking macro __MATHDECL_1 argument 3: empty macro arguments are undefined in ISO C90 and ISO C++98 [enabled by default]
../.././../gcc/gcc-195953/gcc/bits/mathcalls.h:122:1: warning: invoking macro __MATH_PRECNAME argument 2: empty macro arguments are undefined in ISO C90 and ISO C++98 [enabled by default]
../.././../gcc/gcc-195953/gcc/bits/mathcalls.h:124:36: warning: invoking macro __MATHCALL argument 2: empty macro arguments are undefined in ISO C90 and ISO C++98 [enabled by default]
../.././../gcc/gcc-195953/gcc/bits/mathcalls.h:124:36: warning: invoking macro __MATHDECL argument 3: empty macro arguments are undefined in ISO C90 and ISO C++98 [enabled by default]
../.././../gcc/gcc-195953/gcc/bits/mathcalls.h:124:36: warning: invoking macro __MATHDECL argument 3: empty macro arguments are undefined in ISO C90 and ISO C++98 [enabled by default]
../.././../gcc/gcc-195953/gcc/bits/mathcalls.h:124:36: warning: invoking macro __MATHDECL_1 argument 3: empty macro arguments are undefined in ISO C90 and ISO C++98 [enabled by default]
../.././../gcc/gcc-195953/gcc/bits/mathcalls.h:124:36: warning: invoking macro __MATH_PRECNAME argument 2: empty macro arguments are undefined in ISO C90 and ISO C++98 [enabled by default]
../.././../gcc/gcc-195953/gcc/bits/mathcalls.h:124:1: warning: invoking macro __MATHDECL_1 argument 3: empty macro arguments are undefined in ISO C90 and ISO C++98 [enabled by default]
../.././../gcc/gcc-195953/gcc/bits/mathcalls.h:124:1: warning: invoking macro __MATH_PRECNAME argument 2: empty macro arguments are undefined in ISO C90 and ISO C++98 [enabled by default]
../.././../gcc/gcc-195953/gcc/bits/mathcalls.h:130:36: warning: invoking macro __MATHCALL argument 2: empty macro arguments are undefined in ISO C90 and ISO C++98 [enabled by default]
../.././../gcc/gcc-195953/gcc/bits/mathcalls.h:130:36: warning: invoking macro __MATHDECL argument 3: empty macro arguments are undefined in ISO C90 and ISO C++98 [enabled by default]
../.././../gcc/gcc-195953/gcc/bits/mathcalls.h:130:36: warning: invoking macro __MATHDECL argument 3: empty macro arguments are undefined in ISO C90 and ISO C++98 [enabled by default]
../.././../gcc/gcc-195953/gcc/bits/mathcalls.h:130:36: warning: invoking macro __MATHDECL_1 argument 3: empty macro arguments are undefined in ISO C90 and ISO C++98 [enabled by default]
../.././../gcc/gcc-195953/gcc/bits/mathcalls.h:130:36: warning: invoking macro __MATH_PRECNAME argument 2: empty macro arguments are undefined in ISO C90 and ISO C++98 [enabled by default]
../.././../gcc/gcc-195953/gcc/bits/mathcalls.h:130:1: warning: invoking macro __MATHDECL_1 argument 3: empty macro arguments are undefined in ISO C90 and ISO C++98 [enabled by default]
../.././../gcc/gcc-195953/gcc/bits/mathcalls.h:130:1: warning: invoking macro __MATH_PRECNAME argument 2: empty macro arguments are undefined in ISO C90 and ISO C++98 [enabled by default]
../.././../gcc/gcc-195953/gcc/bits/mathcalls.h:133:36: warning: invoking macro __MATHCALL argument 2: empty macro arguments are undefined in ISO C90 and ISO C++98 [enabled by default]
../.././../gcc/gcc-195953/gcc/bits/mathcalls.h:133:36: warning: invoking macro __MATHDECL argument 3: empty macro arguments are undefined in ISO C90 and ISO C++98 [enabled by default]
../.././../gcc/gcc-195953/gcc/bits/mathcalls.h:133:36: warning: invoking macro __MATHDECL argument 3: empty macro arguments are undefined in ISO C90 and ISO C++98 [enabled by default]
../.././../gcc/gcc-195953/gcc/bits/mathcalls.h:133:36: warning: invoking macro __MATHDECL_1 argument 3: empty macro arguments are undefined in ISO C90 and ISO C++98 [enabled by default]
../.././../gcc/gcc-195953/gcc/bits/mathcalls.h:133:36: warning: invoking macro __MATH_PRECNAME argument 2: empty macro arguments are undefined in ISO C90 and ISO C++98 [enabled by default]
../.././../gcc/gcc-195953/gcc/bits/mathcalls.h:133:1: warning: invoking macro __MATHDECL_1 argument 3: empty macro arguments are undefined in ISO C90 and ISO C++98 [enabled by default]
../.././../gcc/gcc-195953/gcc/bits/mathcalls.h:133:1: warning: invoking macro __MATH_PRECNAME argument 2: empty macro arguments are undefined in ISO C90 and ISO C++98 [enabled by default]
../.././../gcc/gcc-195953/gcc/bits/mathcalls.h:136:35: warning: invoking macro __MATHCALL argument 2: empty macro arguments are undefined in ISO C90 and ISO C++98 [enabled by default]
../.././../gcc/gcc-195953/gcc/bits/mathcalls.h:136:35: warning: invoking macro __MATHDECL argument 3: empty macro arguments are undefined in ISO C90 and ISO C++98 [enabled by default]
../.././../gcc/gcc-195953/gcc/bits/mathcalls.h:136:35: warning: invoking macro __MATHDECL argument 3: empty macro arguments are undefined in ISO C90 and ISO C++98 [enabled by default]
../.././../gcc/gcc-195953/gcc/bits/mathcalls.h:136:35: warning: invoking macro __MATHDECL_1 argument 3: empty macro arguments are undefined in ISO C90 and ISO C++98 [enabled by default]
../.././../gcc/gcc-195953/gcc/bits/mathcalls.h:136:35: warning: invoking macro __MATH_PRECNAME argument 2: empty macro arguments are undefined in ISO C90 and ISO C++98 [enabled by default]
../.././../gcc/gcc-195953/gcc/bits/mathcalls.h:136:1: warning: invoking macro __MATHDECL_1 argument 3: empty macro arguments are undefined in ISO C90 and ISO C++98 [enabled by default]
../.././../gcc/gcc-195953/gcc/bits/mathcalls.h:136:1: warning: invoking macro __MATH_PRECNAME argument 2: empty macro arguments are undefined in ISO C90 and ISO C++98 [enabled by default]
../.././../gcc/gcc-195953/gcc/bits/mathcalls.h:143:35: warning: invoking macro __MATHCALL argument 2: empty macro arguments are undefined in ISO C90 and ISO C++98 [enabled by default]
../.././../gcc/gcc-195953/gcc/bits/mathcalls.h:143:35: warning: invoking macro __MATHDECL argument 3: empty macro arguments are undefined in ISO C90 and ISO C++98 [enabled by default]
../.././../gcc/gcc-195953/gcc/bits/mathcalls.h:143:35: warning: invoking macro __MATHDECL argument 3: empty macro arguments are undefined in ISO C90 and ISO C++98 [enabled by default]
../.././../gcc/gcc-195953/gcc/bits/mathcalls.h:143:35: warning: invoking macro __MATHDECL_1 argument 3: empty macro arguments are undefined in ISO C90 and ISO C++98 [enabled by default]
../.././../gcc/gcc-195953/gcc/bits/mathcalls.h:143:35: warning: invoking macro __MATH_PRECNAME argument 2: empty macro arguments are undefined in ISO C90 and ISO C++98 [enabled by default]
../.././../gcc/gcc-195953/gcc/bits/mathcalls.h:143:1: warning: invoking macro __MATHDECL_1 argument 3: empty macro arguments are undefined in ISO C90 and ISO C++98 [enabled by default]genpeep.c:22:
../.././../gcc/gcc-195953/gcc/bits/fcntl.h:259:27: warning: ISO C++ forbids zero-size array ‘f_handle’ [-pedantic]
../.././../gcc/gcc-195953/gcc/bits/mathcalls.h:143:1: warning: invoking macro __MATH_PRECNAME argument 2: empty macro arguments are undefined in ISO C90 and ISO C++98 [enabled by default]
../.././../gcc/gcc-195953/gcc/bits/mathcalls.h:146:35: warning: invoking macro __MATHCALL argument 2: empty macro arguments are undefined in ISO C90 and ISO C++98 [enabled by default]
../.././../gcc/gcc-195953/gcc/bits/mathcalls.h:146:35: warning: invoking macro __MATHDECL argument 3: empty macro arguments are undefined in ISO C90 and ISO C++98 [enabled by default]
../.././../gcc/gcc-195953/gcc/bits/mathcalls.h:146:35: warning: invoking macro __MATHDECL argument 3: empty macro arguments are undefined in ISO C90 and ISO C++98 [enabled by default]
../.././../gcc/gcc-195953/gcc/bits/mathcalls.h:146:35: warning: invoking macro __MATHDECL_1 argument 3: empty macro arguments are undefined in ISO C90 and ISO C++98 [enabled by default]
../.././../gcc/gcc-195953/gcc/bits/mathcalls.h:146:35: warning: invoking macro __MATH_PRECNAME argument 2: empty macro arguments are undefined in ISO C90 and ISO C++98 [enabled by default]
../.././../gcc/gcc-195953/gcc/bits/mathcalls.h:146:1: warning: invoking macro __MATHDECL_1 argument 3: empty macro arguments are undefined in ISO C90 and ISO C++98 [enabled by default]
../.././../gcc/gcc-195953/gcc/bits/mathcalls.h:146:1: warning: invoking macro __MATH_PRECNAME argument 2: empty macro arguments are undefined in ISO C90 and ISO C++98 [enabled by default]
../.././../gcc/gcc-195953/gcc/bits/mathcalls.h:155:49: warning: invoking macro __MATHCALL argument 2: empty macro arguments are undefined in ISO C90 and ISO C++98 [enabled by default]
../.././../gcc/gcc-195953/gcc/bits/mathcalls.h:155:49: warning: invoking macro __MATHDECL argument 3: empty macro arguments are undefined in ISO C90 and ISO C++98 [enabled by default]
../.././../gcc/gcc-195953/gcc/bits/mathcalls.h:155:49: warning: invoking macro __MATHDECL argument 3: empty macro arguments are undefined in ISO C90 and ISO C++98 [enabled by default]
../.././../gcc/gcc-195953/gcc/bits/mathcalls.h:155:49: warning: invoking macro __MATHDECL_1 argument 3: empty macro arguments are undefined in ISO C90 and ISO C++98 [enabled by default]
../.././../gcc/gcc-195953/gcc/bits/mathcalls.h:155:49: warning: invoking macro __MATH_PRECNAME argument 2: empty macro arguments are undefined in ISO C90 and ISO C++98 [enabled by default]
../.././../gcc/gcc-195953/gcc/bits/mathcalls.h:155:1: warning: invoking macro __MATHDECL_1 argument 3: empty macro arguments are undefined in ISO C90 and ISO C++98 [enabled by default]
../.././../gcc/gcc-195953/gcc/bits/mathcalls.h:155:1: warning: invoking macro __MATH_PRECNAME argument 2: empty macro arguments are undefined in ISO C90 and ISO C++98 [enabled by default]
../.././../gcc/gcc-195953/gcc/bits/mathcalls.h:158:35: warning: invoking macro __MATHCALL argument 2: empty macro arguments are undefined in ISO C90 and ISO C++98 [enabled by default]
../.././../gcc/gcc-195953/gcc/bits/mathcalls.h:158:35: warning: invoking macro __MATHDECL argument 3: empty macro arguments are undefined in ISO C90 and ISO C++98 [enabled by default]
../.././../gcc/gcc-195953/gcc/bits/mathcalls.h:158:35: warning: invoking macro __MATHDECL argument 3: empty macro arguments are undefined in ISO C90 and ISO C++98 [enabled by default]
../.././../gcc/gcc-195953/gcc/bits/mathcalls.h:158:35: warning: invoking macro __MATHDECL_1 argument 3: empty macro arguments are undefined in ISO C90 and ISO C++98 [enabled by default]
../.././../gcc/gcc-195953/gcc/bits/mathcalls.h:158:35: warning: invoking macro __MATH_PRECNAME argument 2: empty macro arguments are undefined in ISO C90 and ISO C++98 [enabled by default]
../.././../gcc/gcc-195953/gcc/bits/mathcalls.h:158:1: warning: invoking macro __MATHDECL_1 argument 3: empty macro arguments are undefined in ISO C90 and ISO C++98 [enabled by default]
../.././../gcc/gcc-195953/gcc/bits/mathcalls.h:158:1: warning: invoking macro __MATH_PRECNAME argument 2: empty macro arguments are undefined in ISO C90 and ISO C++98 [enabled by default]
../.././../gcc/gcc-195953/gcc/bits/mathcalls.h:164:51: warning: invoking macro __MATHCALL argument 2: empty macro arguments are undefined in ISO C90 and ISO C++98 [enabled by default]
../.././../gcc/gcc-195953/gcc/bits/mathcalls.h:164:51: warning: invoking macro __MATHDECL argument 3: empty macro arguments are undefined in ISO C90 and ISO C++98 [enabled by default]
../.././../gcc/gcc-195953/gcc/bits/mathcalls.h:164:51: warning: invoking macro __MATHDECL argument 3: empty macro arguments are undefined in ISO C90 and ISO C++98 [enabled by default]
../.././../gcc/gcc-195953/gcc/bits/mathcalls.h:164:51: warning: invoking macro __MATHDECL_1 argument 3: empty macro arguments are undefined in ISO C90 and ISO C++98 [enabled by default]
../.././../gcc/gcc-195953/gcc/bits/mathcalls.h:164:51: warning: invoking macro __MATH_PRECNAME argument 2: empty macro arguments are undefined in ISO C90 and ISO C++98 [enabled by default]
../.././../gcc/gcc-195953/gcc/bits/mathcalls.h:164:1: warning: invoking macro __MATHDECL_1 argument 3: empty macro arguments are undefined in ISO C90 and ISO C++98 [enabled by default]
../.././../gcc/gcc-195953/gcc/bits/mathcalls.h:164:1: warning: invoking macro __MATH_PRECNAME argument 2: empty macro arguments are undefined in ISO C90 and ISO C++98 [enabled by default]
../.././../gcc/gcc-195953/gcc/bits/mathcalls.h:171:35: warning: invoking macro __MATHCALL argument 2: empty macro arguments are undefined in ISO C90 and ISO C++98 [enabled by default]
../.././../gcc/gcc-195953/gcc/bits/mathcalls.h:171:35: warning: invoking macro __MATHDECL argument 3: empty macro arguments are undefined in ISO C90 and ISO C++98 [enabled by default]
../.././../gcc/gcc-195953/gcc/bits/mathcalls.h:171:35: warning: invoking macro __MATHDECL argument 3: empty macro arguments are undefined in ISO C90 and ISO C++98 [enabled by default]
../.././../gcc/gcc-195953/gcc/bits/mathcalls.h:171:35: warning: invoking macro __MATHDECL_1 argument 3: empty macro arguments are undefined in ISO C90 and ISO C++98 [enabled by default]
../.././../gcc/gcc-195953/gcc/bits/mathcalls.h:171:35: warning: invoking macro __MATH_PRECNAME argument 2: empty macro arguments are undefined in ISO C90 and ISO C++98 [enabled by default]
../.././../gcc/gcc-195953/gcc/bits/mathcalls.h:171:1: warning: invoking macro __MATHDECL_1 argument 3: empty macro arguments are undefined in ISO C90 and ISO C++98 [enabled by default]
../.././../gcc/gcc-195953/gcc/bits/mathcalls.h:171:1: warning: invoking macro __MATH_PRECNAME argument 2: empty macro arguments are undefined in ISO C90 and ISO C++98 [enabled by default]
../.././../gcc/gcc-195953/gcc/bits/mathcalls.h:180:49: warning: invoking macro __MATHCALLX argument 2: empty macro arguments are undefined in ISO C90 and ISO C++98 [enabled by default]
../.././../gcc/gcc-195953/gcc/bits/mathcalls.h:180:49: warning: invoking macro __MATHDECLX argument 3: empty macro arguments are undefined in ISO C90 and ISO C++98 [enabled by default]
../.././../gcc/gcc-195953/gcc/bits/mathcalls.h:180:49: warning: invoking macro __MATHDECLX argument 3: empty macro arguments are undefined in ISO C90 and ISO C++98 [enabled by default]
../.././../gcc/gcc-195953/gcc/bits/mathcalls.h:180:49: warning: invoking macro __MATHDECL_1 argument 3: empty macro arguments are undefined in ISO C90 and ISO C++98 [enabled by default]
../.././../gcc/gcc-195953/gcc/bits/mathcalls.h:180:49: warning: invoking macro __MATH_PRECNAME argument 2: empty macro arguments are undefined in ISO C90 and ISO C++98 [enabled by default]
../.././../gcc/gcc-195953/gcc/bits/mathcalls.h:180:1: warning: invoking macro __MATHDECL_1 argument 3: empty macro arguments are undefined in ISO C90 and ISO C++98 [enabled by default]
../.././../gcc/gcc-195953/gcc/bits/mathcalls.h:180:1: warning: invoking macro __MATH_PRECNAME argument 2: empty macro arguments are undefined in ISO C90 and ISO C++98 [enabled by default]
../.././../gcc/gcc-195953/gcc/bits/mathcalls.h:183:49: warning: invoking macro __MATHCALLX argument 2: empty macro arguments are undefined in ISO C90 and ISO C++98 [enabled by default]
../.././../gcc/gcc-195953/gcc/bits/mathcalls.h:183:49: warning: invoking macro __MATHDECLX argument 3: empty macro arguments are undefined in ISO C90 and ISO C++98 [enabled by default]
../.././../gcc/gcc-195953/gcc/bits/mathcalls.h:183:49: warning: invoking macro __MATHDECLX argument 3: empty macro arguments are undefined in ISO C90 and ISO C++98 [enabled by default]
../.././../gcc/gcc-195953/gcc/bits/mathcalls.h:183:49: warning: invoking macro __MATHDECL_1 argument 3: empty macro arguments are undefined in ISO C90 and ISO C++98 [enabled by default]
../.././../gcc/gcc-195953/gcc/bits/mathcalls.h:183:49: warning: invoking macro __MATH_PRECNAME argument 2: empty macro arguments are undefined in ISO C90 and ISO C++98 [enabled by default]
../.././../gcc/gcc-195953/gcc/bits/mathcalls.h:183:1: warning: invoking macro __MATHDECL_1 argument 3: empty macro arguments are undefined in ISO C90 and ISO C++98 [enabled by default]
../.././../gcc/gcc-195953/gcc/bits/mathcalls.h:183:1: warning: invoking macro __MATH_PRECNAME argument 2: empty macro arguments are undefined in ISO C90 and ISO C++98 [enabled by default]
../.././../gcc/gcc-195953/gcc/bits/mathcalls.h:186:50: warning: invoking macro __MATHCALLX argument 2: empty macro arguments are undefined in ISO C90 and ISO C++98 [enabled by default]
../.././../gcc/gcc-195953/gcc/bits/mathcalls.h:186:50: warning: invoking macro __MATHDECLX argument 3: empty macro arguments are undefined in ISO C90 and ISO C++98 [enabled by default]
../.././../gcc/gcc-195953/gcc/bits/mathcalls.h:186:50: warning: invoking macro __MATHDECLX argument 3: empty macro arguments are undefined in ISO C90 and ISO C++98 [enabled by default]
../.././../gcc/gcc-195953/gcc/bits/mathcalls.h:186:50: warning: invoking macro __MATHDECL_1 argument 3: empty macro arguments are undefined in ISO C90 and ISO C++98 [enabled by default]
../.././../gcc/gcc-195953/gcc/bits/mathcalls.h:186:50: warning: invoking macro __MATH_PRECNAME argument 2: empty macro arguments are undefined in ISO C90 and ISO C++98 [enabled by default]
../.././../gcc/gcc-195953/gcc/bits/mathcalls.h:186:1: warning: invoking macro __MATHDECL_1 argument 3: empty macro arguments are undefined in ISO C90 and ISO C++98 [enabled by default]
../.././../gcc/gcc-195953/gcc/bits/mathcalls.h:186:1: warning: invoking macro __MATH_PRECNAME argument 2: empty macro arguments are undefined in ISO C90 and ISO C++98 [enabled by default]
../.././../gcc/gcc-195953/gcc/bits/mathcalls.h:189:50: warning: invoking macro __MATHCALL argument 2: empty macro arguments are undefined in ISO C90 and ISO C++98 [enabled by default]
../.././../gcc/gcc-195953/gcc/bits/mathcalls.h:189:50: warning: invoking macro __MATHDECL argument 3: empty macro arguments are undefined in ISO C90 and ISO C++98 [enabled by default]
../.././../gcc/gcc-195953/gcc/bits/mathcalls.h:189:50: warning: invoking macro __MATHDECL argument 3: empty macro arguments are undefined in ISO C90 and ISO C++98 [enabled by default]
../.././../gcc/gcc-195953/gcc/bits/mathcalls.h:189:50: warning: invoking macro __MATHDECL_1 argument 3: empty macro arguments are undefined in ISO C90 and ISO C++98 [enabled by default]
../.././../gcc/gcc-195953/gcc/bits/mathcalls.h:189:50: warning: invoking macro __MATH_PRECNAME argument 2: empty macro arguments are undefined in ISO C90 and ISO C++98 [enabled by default]
../.././../gcc/gcc-195953/gcc/bits/mathcalls.h:189:1: warning: invoking macro __MATHDECL_1 argument 3: empty macro arguments are undefined in ISO C90 and ISO C++98 [enabled by default]
../.././../gcc/gcc-195953/gcc/bits/mathcalls.h:189:1: warning: invoking macro __MATH_PRECNAME argument 2: empty macro arguments are undefined in ISO C90 and ISO C++98 [enabled by default]
../.././../gcc/gcc-195953/gcc/bits/mathcalls.h:194:48: warning: invoking macro __MATHDECL_1 argument 3: empty macro arguments are undefined in ISO C90 and ISO C++98 [enabled by default]
../.././../gcc/gcc-195953/gcc/bits/mathcalls.h:194:48: warning: invoking macro __MATH_PRECNAME argument 2: empty macro arguments are undefined in ISO C90 and ISO C++98 [enabled by default]
../.././../gcc/gcc-195953/gcc/bits/mathcalls.h:197:49: warning: invoking macro __MATHDECL_1 argument 3: empty macro arguments are undefined in ISO C90 and ISO C++98 [enabled by default]
../.././../gcc/gcc-195953/gcc/bits/mathcalls.h:197:49: warning: invoking macro __MATH_PRECNAME argument 2: empty macro arguments are undefined in ISO C90 and ISO C++98 [enabled by default]
../.././../gcc/gcc-195953/gcc/bits/mathcalls.h:203:46: warning: invoking macro __MATHDECL_1 argument 3: empty macro arguments are undefined in ISO C90 and ISO C++98 [enabled by default]
../.././../gcc/gcc-195953/gcc/bits/mathcalls.h:203:46: warning: invoking macro __MATH_PRECNAME argument 2: empty macro arguments are undefined in ISO C90 and ISO C++98 [enabled by default]
../.././../gcc/gcc-195953/gcc/bits/mathcalls.h:206:47: warning: invoking macro __MATHDECL_1 argument 3: empty macro arguments are undefined in ISO C90 and ISO C++98 [enabled by default]
../.././../gcc/gcc-195953/gcc/bits/mathcalls.h:206:47: warning: invoking macro __MATH_PRECNAME argument 2: empty macro arguments are undefined in ISO C90 and ISO C++98 [enabled by default]
../.././../gcc/gcc-195953/gcc/bits/mathcalls.h:209:50: warning: invoking macro __MATHCALL argument 2: empty macro arguments are undefined in ISO C90 and ISO C++98 [enabled by default]
../.././../gcc/gcc-195953/gcc/bits/mathcalls.h:209:50: warning: invoking macro __MATHDECL argument 3: empty macro arguments are undefined in ISO C90 and ISO C++98 [enabled by default]
../.././../gcc/gcc-195953/gcc/bits/mathcalls.h:209:50: warning: invoking macro __MATHDECL argument 3: empty macro arguments are undefined in ISO C90 and ISO C++98 [enabled by default]
../.././../gcc/gcc-195953/gcc/bits/mathcalls.h:209:50: warning: invoking macro __MATHDECL_1 argument 3: empty macro arguments are undefined in ISO C90 and ISO C++98 [enabled by default]
../.././../gcc/gcc-195953/gcc/bits/mathcalls.h:209:50: warning: invoking macro __MATH_PRECNAME argument 2: empty macro arguments are undefined in ISO C90 and ISO C++98 [enabled by default]
../.././../gcc/gcc-195953/gcc/bits/mathcalls.h:209:1: warning: invoking macro __MATHDECL_1 argument 3: empty macro arguments are undefined in ISO C90 and ISO C++98 [enabled by default]
../.././../gcc/gcc-195953/gcc/bits/mathcalls.h:209:1: warning: invoking macro __MATH_PRECNAME argument 2: empty macro arguments are undefined in ISO C90 and ISO C++98 [enabled by default]
../.././../gcc/gcc-195953/gcc/bits/mathcalls.h:213:42: warning: invoking macro __MATHCALL argument 2: empty macro arguments are undefined in ISO C90 and ISO C++98 [enabled by default]
../.././../gcc/gcc-195953/gcc/bits/mathcalls.h:213:42: warning: invoking macro __MATHDECL argument 3: empty macro arguments are undefined in ISO C90 and ISO C++98 [enabled by default]
../.././../gcc/gcc-195953/gcc/bits/mathcalls.h:213:42: warning: invoking macro __MATHDECL argument 3: empty macro arguments are undefined in ISO C90 and ISO C++98 [enabled by default]
../.././../gcc/gcc-195953/gcc/bits/mathcalls.h:213:42: warning: invoking macro __MATHDECL_1 argument 3: empty macro arguments are undefined in ISO C90 and ISO C++98 [enabled by default]
../.././../gcc/gcc-195953/gcc/bits/mathcalls.h:213:42: warning: invoking macro __MATH_PRECNAME argument 2: empty macro arguments are undefined in ISO C90 and ISO C++98 [enabled by default]
../.././../gcc/gcc-195953/gcc/bits/mathcalls.h:213:1: warning: invoking macro __MATHDECL_1 argument 3: empty macro arguments are undefined in ISO C90 and ISO C++98 [enabled by default]
../.././../gcc/gcc-195953/gcc/bits/mathcalls.h:213:1: warning: invoking macro __MATH_PRECNAME argument 2: empty macro arguments are undefined in ISO C90 and ISO C++98 [enabled by default]
../.././../gcc/gcc-195953/gcc/bits/mathcalls.h:219:68: warning: invoking macro __MATHCALLX argument 2: empty macro arguments are undefined in ISO C90 and ISO C++98 [enabled by default]
../.././../gcc/gcc-195953/gcc/bits/mathcalls.h:219:68: warning: invoking macro __MATHDECLX argument 3: empty macro arguments are undefined in ISO C90 and ISO C++98 [enabled by default]
../.././../gcc/gcc-195953/gcc/bits/mathcalls.h:219:68: warning: invoking macro __MATHDECLX argument 3: empty macro arguments are undefined in ISO C90 and ISO C++98 [enabled by default]
../.././../gcc/gcc-195953/gcc/bits/mathcalls.h:219:68: warning: invoking macro __MATHDECL_1 argument 3: empty macro arguments are undefined in ISO C90 and ISO C++98 [enabled by default]
../.././../gcc/gcc-195953/gcc/bits/mathcalls.h:219:68: warning: invoking macro __MATH_PRECNAME argument 2: empty macro arguments are undefined in ISO C90 and ISO C++98 [enabled by default]
../.././../gcc/gcc-195953/gcc/bits/mathcalls.h:219:1: warning: invoking macro __MATHDECL_1 argument 3: empty macro arguments are undefined in ISO C90 and ISO C++98 [enabled by default]
../.././../gcc/gcc-195953/gcc/bits/mathcalls.h:219:1: warning: invoking macro __MATH_PRECNAME argument 2: empty macro arguments are undefined in ISO C90 and ISO C++98 [enabled by default]
../.././../gcc/gcc-195953/gcc/bits/mathcalls.h:226:55: warning: invoking macro __MATHCALLX argument 2: empty macro arguments are undefined in ISO C90 and ISO C++98 [enabled by default]
../.././../gcc/gcc-195953/gcc/bits/mathcalls.h:226:55: warning: invoking macro __MATHDECLX argument 3: empty macro arguments are undefined in ISO C90 and ISO C++98 [enabled by default]
../.././../gcc/gcc-195953/gcc/bits/mathcalls.h:226:55: warning: invoking macro __MATHDECLX argument 3: empty macro arguments are undefined in ISO C90 and ISO C++98 [enabled by default]
../.././../gcc/gcc-195953/gcc/bits/mathcalls.h:226:55: warning: invoking macro __MATHDECL_1 argument 3: empty macro arguments are undefined in ISO C90 and ISO C++98 [enabled by default]
../.././../gcc/gcc-195953/gcc/bits/mathcalls.h:226:55: warning: invoking macro __MATH_PRECNAME argument 2: empty macro arguments are undefined in ISO C90 and ISO C++98 [enabled by default]
../.././../gcc/gcc-195953/gcc/bits/mathcalls.h:226:1: warning: invoking macro __MATHDECL_1 argument 3: empty macro arguments are undefined in ISO C90 and ISO C++98 [enabled by default]
../.././../gcc/gcc-195953/gcc/bits/mathcalls.h:226:1: warning: invoking macro __MATH_PRECNAME argument 2: empty macro arguments are undefined in ISO C90 and ISO C++98 [enabled by default]
../.././../gcc/gcc-195953/gcc/bits/mathcalls.h:232:48: warning: invoking macro __MATHDECL_1 argument 3: empty macro arguments are undefined in ISO C90 and ISO C++98 [enabled by default]
../.././../gcc/gcc-195953/gcc/bits/mathcalls.h:232:48: warning: invoking macro __MATH_PRECNAME argument 2: empty macro arguments are undefined in ISO C90 and ISO C++98 [enabled by default]
../.././../gcc/gcc-195953/gcc/bits/mathcalls.h:236:46: warning: invoking macro __MATHDECL_1 argument 3: empty macro arguments are undefined in ISO C90 and ISO C++98 [enabled by default]
../.././../gcc/gcc-195953/gcc/bits/mathcalls.h:236:46: warning: invoking macro __MATH_PRECNAME argument 2: empty macro arguments are undefined in ISO C90 and ISO C++98 [enabled by default]
../.././../gcc/gcc-195953/gcc/bits/mathcalls.h:239:29: warning: invoking macro __MATHCALL argument 2: empty macro arguments are undefined in ISO C90 and ISO C++98 [enabled by default]
../.././../gcc/gcc-195953/gcc/bits/mathcalls.h:239:29: warning: invoking macro __MATHDECL argument 3: empty macro arguments are undefined in ISO C90 and ISO C++98 [enabled by default]
../.././../gcc/gcc-195953/gcc/bits/mathcalls.h:239:29: warning: invoking macro __MATHDECL argument 3: empty macro arguments are undefined in ISO C90 and ISO C++98 [enabled by default]
../.././../gcc/gcc-195953/gcc/bits/mathcalls.h:239:29: warning: invoking macro __MATHDECL_1 argument 3: empty macro arguments are undefined in ISO C90 and ISO C++98 [enabled by default]
../.././../gcc/gcc-195953/gcc/bits/mathcalls.h:239:29: warning: invoking macro __MATH_PRECNAME argument 2: empty macro arguments are undefined in ISO C90 and ISO C++98 [enabled by default]
../.././../gcc/gcc-195953/gcc/bits/mathcalls.h:239:1: warning: invoking macro __MATHDECL_1 argument 3: empty macro arguments are undefined in ISO C90 and ISO C++98 [enabled by default]
../.././../gcc/gcc-195953/gcc/bits/mathcalls.h:239:1: warning: invoking macro __MATH_PRECNAME argument 2: empty macro arguments are undefined in ISO C90 and ISO C++98 [enabled by default]
../.././../gcc/gcc-195953/gcc/bits/mathcalls.h:240:29: warning: invoking macro __MATHCALL argument 2: empty macro arguments are undefined in ISO C90 and ISO C++98 [enabled by default]
../.././../gcc/gcc-195953/gcc/bits/mathcalls.h:240:29: warning: invoking macro __MATHDECL argument 3: empty macro arguments are undefined in ISO C90 and ISO C++98 [enabled by default]
../.././../gcc/gcc-195953/gcc/bits/mathcalls.h:240:29: warning: invoking macro __MATHDECL argument 3: empty macro arguments are undefined in ISO C90 and ISO C++98 [enabled by default]
../.././../gcc/gcc-195953/gcc/bits/mathcalls.h:240:29: warning: invoking macro __MATHDECL_1 argument 3: empty macro arguments are undefined in ISO C90 and ISO C++98 [enabled by default]
../.././../gcc/gcc-195953/gcc/bits/mathcalls.h:240:29: warning: invoking macro __MATH_PRECNAME argument 2: empty macro arguments are undefined in ISO C90 and ISO C++98 [enabled by default]
../.././../gcc/gcc-195953/gcc/bits/mathcalls.h:240:1: warning: invoking macro __MATHDECL_1 argument 3: empty macro arguments are undefined in ISO C90 and ISO C++98 [enabled by default]
../.././../gcc/gcc-195953/gcc/bits/mathcalls.h:240:1: warning: invoking macro __MATH_PRECNAME argument 2: empty macro arguments are undefined in ISO C90 and ISO C++98 [enabled by default]
../.././../gcc/gcc-195953/gcc/bits/mathcalls.h:241:34: warning: invoking macro __MATHCALL argument 2: empty macro arguments are undefined in ISO C90 and ISO C++98 [enabled by default]
../.././../gcc/gcc-195953/gcc/bits/mathcalls.h:241:34: warning: invoking macro __MATHDECL argument 3: empty macro arguments are undefined in ISO C90 and ISO C++98 [enabled by default]
../.././../gcc/gcc-195953/gcc/bits/mathcalls.h:241:34: warning: invoking macro __MATHDECL argument 3: empty macro arguments are undefined in ISO C90 and ISO C++98 [enabled by default]
../.././../gcc/gcc-195953/gcc/bits/mathcalls.h:241:34: warning: invoking macro __MATHDECL_1 argument 3: empty macro arguments are undefined in ISO C90 and ISO C++98 [enabled by default]
../.././../gcc/gcc-195953/gcc/bits/mathcalls.h:241:34: warning: invoking macro __MATH_PRECNAME argument 2: empty macro arguments are undefined in ISO C90 and ISO C++98 [enabled by default]
../.././../gcc/gcc-195953/gcc/bits/mathcalls.h:241:1: warning: invoking macro __MATHDECL_1 argument 3: empty macro arguments are undefined in ISO C90 and ISO C++98 [enabled by default]
../.././../gcc/gcc-195953/gcc/bits/mathcalls.h:241:1: warning: invoking macro __MATH_PRECNAME argument 2: empty macro arguments are undefined in ISO C90 and ISO C++98 [enabled by default]
../.././../gcc/gcc-195953/gcc/bits/mathcalls.h:242:29: warning: invoking macro __MATHCALL argument 2: empty macro arguments are undefined in ISO C90 and ISO C++98 [enabled by default]
../.././../gcc/gcc-195953/gcc/bits/mathcalls.h:242:29: warning: invoking macro __MATHDECL argument 3: empty macro arguments are undefined in ISO C90 and ISO C++98 [enabled by default]
../.././../gcc/gcc-195953/gcc/bits/mathcalls.h:242:29: warning: invoking macro __MATHDECL argument 3: empty macro arguments are undefined in ISO C90 and ISO C++98 [enabled by default]
../.././../gcc/gcc-195953/gcc/bits/mathcalls.h:242:29: warning: invoking macro __MATHDECL_1 argument 3: empty macro arguments are undefined in ISO C90 and ISO C++98 [enabled by default]
../.././../gcc/gcc-195953/gcc/bits/mathcalls.h:242:29: warning: invoking macro __MATH_PRECNAME argument 2: empty macro arguments are undefined in ISO C90 and ISO C++98 [enabled by default]
../.././../gcc/gcc-195953/gcc/bits/mathcalls.h:242:1: warning: invoking macro __MATHDECL_1 argument 3: empty macro arguments are undefined in ISO C90 and ISO C++98 [enabled by default]
../.././../gcc/gcc-195953/gcc/bits/mathcalls.h:242:1: warning: invoking macro __MATH_PRECNAME argument 2: empty macro arguments are undefined in ISO C90 and ISO C++98 [enabled by default]
../.././../gcc/gcc-195953/gcc/bits/mathcalls.h:243:29: warning: invoking macro __MATHCALL argument 2: empty macro arguments are undefined in ISO C90 and ISO C++98 [enabled by default]
../.././../gcc/gcc-195953/gcc/bits/mathcalls.h:243:29: warning: invoking macro __MATHDECL argument 3: empty macro arguments are undefined in ISO C90 and ISO C++98 [enabled by default]
../.././../gcc/gcc-195953/gcc/bits/mathcalls.h:243:29: warning: invoking macro __MATHDECL argument 3: empty macro arguments are undefined in ISO C90 and ISO C++98 [enabled by default]
../.././../gcc/gcc-195953/gcc/bits/mathcalls.h:243:29: warning: invoking macro __MATHDECL_1 argument 3: empty macro arguments are undefined in ISO C90 and ISO C++98 [enabled by default]
../.././../gcc/gcc-195953/gcc/bits/mathcalls.h:243:29: warning: invoking macro __MATH_PRECNAME argument 2: empty macro arguments are undefined in ISO C90 and ISO C++98 [enabled by default]
../.././../gcc/gcc-195953/gcc/bits/mathcalls.h:243:1: warning: invoking macro __MATHDECL_1 argument 3: empty macro arguments are undefined in ISO C90 and ISO C++98 [enabled by default]
../.././../gcc/gcc-195953/gcc/bits/mathcalls.h:243:1: warning: invoking macro __MATH_PRECNAME argument 2: empty macro arguments are undefined in ISO C90 and ISO C++98 [enabled by default]
../.././../gcc/gcc-195953/gcc/bits/mathcalls.h:244:34: warning: invoking macro __MATHCALL argument 2: empty macro arguments are undefined in ISO C90 and ISO C++98 [enabled by default]
../.././../gcc/gcc-195953/gcc/bits/mathcalls.h:244:34: warning: invoking macro __MATHDECL argument 3: empty macro arguments are undefined in ISO C90 and ISO C++98 [enabled by default]
../.././../gcc/gcc-195953/gcc/bits/mathcalls.h:244:34: warning: invoking macro __MATHDECL argument 3: empty macro arguments are undefined in ISO C90 and ISO C++98 [enabled by default]
../.././../gcc/gcc-195953/gcc/bits/mathcalls.h:244:34: warning: invoking macro __MATHDECL_1 argument 3: empty macro arguments are undefined in ISO C90 and ISO C++98 [enabled by default]
../.././../gcc/gcc-195953/gcc/bits/mathcalls.h:244:34: warning: invoking macro __MATH_PRECNAME argument 2: empty macro arguments are undefined in ISO C90 and ISO C++98 [enabled by default]
../.././../gcc/gcc-195953/gcc/bits/mathcalls.h:244:1: warning: invoking macro __MATHDECL_1 argument 3: empty macro arguments are undefined in ISO C90 and ISO C++98 [enabled by default]
../.././../gcc/gcc-195953/gcc/bits/mathcalls.h:244:1: warning: invoking macro __MATH_PRECNAME argument 2: empty macro arguments are undefined in ISO C90 and ISO C++98 [enabled by default]
../.././../gcc/gcc-195953/gcc/bits/mathcalls.h:251:30: warning: invoking macro __MATHCALL argument 2: empty macro arguments are undefined in ISO C90 and ISO C++98 [enabled by default]
../.././../gcc/gcc-195953/gcc/bits/mathcalls.h:251:30: warning: invoking macro __MATHDECL argument 3: empty macro arguments are undefined in ISO C90 and ISO C++98 [enabled by default]
../.././../gcc/gcc-195953/gcc/bits/mathcalls.h:251:30: warning: invoking macro __MATHDECL argument 3: empty macro arguments are undefined in ISO C90 and ISO C++98 [enabled by default]
../.././../gcc/gcc-195953/gcc/bits/mathcalls.h:251:30: warning: invoking macro __MATHDECL_1 argument 3: empty macro arguments are undefined in ISO C90 and ISO C++98 [enabled by default]
../.././../gcc/gcc-195953/gcc/bits/mathcalls.h:251:30: warning: invoking macro __MATH_PRECNAME argument 2: empty macro arguments are undefined in ISO C90 and ISO C++98 [enabled by default]
../.././../gcc/gcc-195953/gcc/bits/mathcalls.h:251:1: warning: invoking macro __MATHDECL_1 argument 3: empty macro arguments are undefined in ISO C90 and ISO C++98 [enabled by default]
../.././../gcc/gcc-195953/gcc/bits/mathcalls.h:251:1: warning: invoking macro __MATH_PRECNAME argument 2: empty macro arguments are undefined in ISO C90 and ISO C++98 [enabled by default]
../.././../gcc/gcc-195953/gcc/bits/mathcalls.h:252:31: warning: invoking macro __MATHCALL argument 2: empty macro arguments are undefined in ISO C90 and ISO C++98 [enabled by default]
../.././../gcc/gcc-195953/gcc/bits/mathcalls.h:252:31: warning: invoking macro __MATHDECL argument 3: empty macro arguments are undefined in ISO C90 and ISO C++98 [enabled by default]
../.././../gcc/gcc-195953/gcc/bits/mathcalls.h:252:31: warning: invoking macro __MATHDECL argument 3: empty macro arguments are undefined in ISO C90 and ISO C++98 [enabled by default]
../.././../gcc/gcc-195953/gcc/bits/mathcalls.h:252:31: warning: invoking macro __MATHDECL_1 argument 3: empty macro arguments are undefined in ISO C90 and ISO C++98 [enabled by default]
../.././../gcc/gcc-195953/gcc/bits/mathcalls.h:252:31: warning: invoking macro __MATH_PRECNAME argument 2: empty macro arguments are undefined in ISO C90 and ISO C++98 [enabled by default]
../.././../gcc/gcc-195953/gcc/bits/mathcalls.h:252:1: warning: invoking macro __MATHDECL_1 argument 3: empty macro arguments are undefined in ISO C90 and ISO C++98 [enabled by default]
../.././../gcc/gcc-195953/gcc/bits/mathcalls.h:252:1: warning: invoking macro __MATH_PRECNAME argument 2: empty macro arguments are undefined in ISO C90 and ISO C++98 [enabled by default]
../.././../gcc/gcc-195953/gcc/bits/mathcalls.h:253:33: warning: invoking macro __MATHCALL argument 2: empty macro arguments are undefined in ISO C90 and ISO C++98 [enabled by default]
../.././../gcc/gcc-195953/gcc/bits/mathcalls.h:253:33: warning: invoking macro __MATHDECL argument 3: empty macro arguments are undefined in ISO C90 and ISO C++98 [enabled by default]
../.././../gcc/gcc-195953/gcc/bits/mathcalls.h:253:33: warning: invoking macro __MATHDECL argument 3: empty macro arguments are undefined in ISO C90 and ISO C++98 [enabled by default]
../.././../gcc/gcc-195953/gcc/bits/mathcalls.h:253:33: warning: invoking macro __MATHDECL_1 argument 3: empty macro arguments are undefined in ISO C90 and ISO C++98 [enabled by default]
../.././../gcc/gcc-195953/gcc/bits/mathcalls.h:253:33: warning: invoking macro __MATH_PRECNAME argument 2: empty macro arguments are undefined in ISO C90 and ISO C++98 [enabled by default]
../.././../gcc/gcc-195953/gcc/bits/mathcalls.h:253:1: warning: invoking macro __MATHDECL_1 argument 3: empty macro arguments are undefined in ISO C90 and ISO C++98 [enabled by default]
../.././../gcc/gcc-195953/gcc/bits/mathcalls.h:253:1: warning: invoking macro __MATH_PRECNAME argument 2: empty macro arguments are undefined in ISO C90 and ISO C++98 [enabled by default]
../.././../gcc/gcc-195953/gcc/bits/mathcalls.h:260:33: warning: invoking macro __MATHCALL argument 2: empty macro arguments are undefined in ISO C90 and ISO C++98 [enabled by default]
../.././../gcc/gcc-195953/gcc/bits/mathcalls.h:260:33: warning: invoking macro __MATHDECL argument 3: empty macro arguments are undefined in ISO C90 and ISO C++98 [enabled by default]
../.././../gcc/gcc-195953/gcc/bits/mathcalls.h:260:33: warning: invoking macro __MATHDECL argument 3: empty macro arguments are undefined in ISO C90 and ISO C++98 [enabled by default]
../.././../gcc/gcc-195953/gcc/bits/mathcalls.h:260:33: warning: invoking macro __MATHDECL_1 argument 3: empty macro arguments are undefined in ISO C90 and ISO C++98 [enabled by default]
../.././../gcc/gcc-195953/gcc/bits/mathcalls.h:260:33: warning: invoking macro __MATH_PRECNAME argument 2: empty macro arguments are undefined in ISO C90 and ISO C++98 [enabled by default]
../.././../gcc/gcc-195953/gcc/bits/mathcalls.h:260:1: warning: invoking macro __MATHDECL_1 argument 3: empty macro arguments are undefined in ISO C90 and ISO C++98 [enabled by default]
../.././../gcc/gcc-195953/gcc/bits/mathcalls.h:260:1: warning: invoking macro __MATH_PRECNAME argument 2: empty macro arguments are undefined in ISO C90 and ISO C++98 [enabled by default]
../.././../gcc/gcc-195953/gcc/bits/mathcalls.h:266:32: warning: invoking macro __MATHCALL argument 2: empty macro arguments are undefined in ISO C90 and ISO C++98 [enabled by default]
../.././../gcc/gcc-195953/gcc/bits/mathcalls.h:266:32: warning: invoking macro __MATHDECL argument 3: empty macro arguments are undefined in ISO C90 and ISO C++98 [enabled by default]
../.././../gcc/gcc-195953/gcc/bits/mathcalls.h:266:32: warning: invoking macro __MATHDECL argument 3: empty macro arguments are undefined in ISO C90 and ISO C++98 [enabled by default]
../.././../gcc/gcc-195953/gcc/bits/mathcalls.h:266:32: warning: invoking macro __MATHDECL_1 argument 3: empty macro arguments are undefined in ISO C90 and ISO C++98 [enabled by default]
../.././../gcc/gcc-195953/gcc/bits/mathcalls.h:266:32: warning: invoking macro __MATH_PRECNAME argument 2: empty macro arguments are undefined in ISO C90 and ISO C++98 [enabled by default]
../.././../gcc/gcc-195953/gcc/bits/mathcalls.h:266:1: warning: invoking macro __MATHDECL_1 argument 3: empty macro arguments are undefined in ISO C90 and ISO C++98 [enabled by default]
../.././../gcc/gcc-195953/gcc/bits/mathcalls.h:266:1: warning: invoking macro __MATH_PRECNAME argument 2: empty macro arguments are undefined in ISO C90 and ISO C++98 [enabled by default]
../.././../gcc/gcc-195953/gcc/bits/mathcalls.h:281:35: warning: invoking macro __MATHCALL argument 2: empty macro arguments are undefined in ISO C90 and ISO C++98 [enabled by default]
../.././../gcc/gcc-195953/gcc/bits/mathcalls.h:281:35: warning: invoking macro __MATHDECL argument 3: empty macro arguments are undefined in ISO C90 and ISO C++98 [enabled by default]
../.././../gcc/gcc-195953/gcc/bits/mathcalls.h:281:35: warning: invoking macro __MATHDECL argument 3: empty macro arguments are undefined in ISO C90 and ISO C++98 [enabled by default]
../.././../gcc/gcc-195953/gcc/bits/mathcalls.h:281:35: warning: invoking macro __MATHDECL_1 argument 3: empty macro arguments are undefined in ISO C90 and ISO C++98 [enabled by default]
../.././../gcc/gcc-195953/gcc/bits/mathcalls.h:281:35: warning: invoking macro __MATH_PRECNAME argument 2: empty macro arguments are undefined in ISO C90 and ISO C++98 [enabled by default]
../.././../gcc/gcc-195953/gcc/bits/mathcalls.h:281:1: warning: invoking macro __MATHDECL_1 argument 3: empty macro arguments are undefined in ISO C90 and ISO C++98 [enabled by default]
../.././../gcc/gcc-195953/gcc/bits/mathcalls.h:281:1: warning: invoking macro __MATH_PRECNAME argument 2: empty macro arguments are undefined in ISO C90 and ISO C++98 [enabled by default]
../.././../gcc/gcc-195953/gcc/bits/mathcalls.h:284:69: warning: invoking macro __MATHCALLX argument 2: empty macro arguments are undefined in ISO C90 and ISO C++98 [enabled by default]
../.././../gcc/gcc-195953/gcc/bits/mathcalls.h:284:69: warning: invoking macro __MATHDECLX argument 3: empty macro arguments are undefined in ISO C90 and ISO C++98 [enabled by default]
../.././../gcc/gcc-195953/gcc/bits/mathcalls.h:284:69: warning: invoking macro __MATHDECLX argument 3: empty macro arguments are undefined in ISO C90 and ISO C++98 [enabled by default]
../.././../gcc/gcc-195953/gcc/bits/mathcalls.h:284:69: warning: invoking macro __MATHDECL_1 argument 3: empty macro arguments are undefined in ISO C90 and ISO C++98 [enabled by default]
../.././../gcc/gcc-195953/gcc/bits/mathcalls.h:284:69: warning: invoking macro __MATH_PRECNAME argument 2: empty macro arguments are undefined in ISO C90 and ISO C++98 [enabled by default]
../.././../gcc/gcc-195953/gcc/bits/mathcalls.h:284:1: warning: invoking macro __MATHDECL_1 argument 3: empty macro arguments are undefined in ISO C90 and ISO C++98 [enabled by default]
../.././../gcc/gcc-195953/gcc/bits/mathcalls.h:284:1: warning: invoking macro __MATH_PRECNAME argument 2: empty macro arguments are undefined in ISO C90 and ISO C++98 [enabled by default]
../.././../gcc/gcc-195953/gcc/bits/mathcalls.h:286:72: warning: invoking macro __MATHCALLX argument 2: empty macro arguments are undefined in ISO C90 and ISO C++98 [enabled by default]
../.././../gcc/gcc-195953/gcc/bits/mathcalls.h:286:72: warning: invoking macro __MATHDECLX argument 3: empty macro arguments are undefined in ISO C90 and ISO C++98 [enabled by default]
../.././../gcc/gcc-195953/gcc/bits/mathcalls.h:286:72: warning: invoking macro __MATHDECLX argument 3: empty macro arguments are undefined in ISO C90 and ISO C++98 [enabled by default]
../.././../gcc/gcc-195953/gcc/bits/mathcalls.h:286:72: warning: invoking macro __MATHDECL_1 argument 3: empty macro arguments are undefined in ISO C90 and ISO C++98 [enabled by default]
../.././../gcc/gcc-195953/gcc/bits/mathcalls.h:286:72: warning: invoking macro __MATH_PRECNAME argument 2: empty macro arguments are undefined in ISO C90 and ISO C++98 [enabled by default]
../.././../gcc/gcc-195953/gcc/bits/mathcalls.h:286:1: warning: invoking macro __MATHDECL_1 argument 3: empty macro arguments are undefined in ISO C90 and ISO C++98 [enabled by default]
../.././../gcc/gcc-195953/gcc/bits/mathcalls.h:286:1: warning: invoking macro __MATH_PRECNAME argument 2: empty macro arguments are undefined in ISO C90 and ISO C++98 [enabled by default]
../.././../gcc/gcc-195953/gcc/bits/mathcalls.h:290:55: warning: invoking macro __MATHCALL argument 2: empty macro arguments are undefined in ISO C90 and ISO C++98 [enabled by default]
../.././../gcc/gcc-195953/gcc/bits/mathcalls.h:290:55: warning: invoking macro __MATHDECL argument 3: empty macro arguments are undefined in ISO C90 and ISO C++98 [enabled by default]
../.././../gcc/gcc-195953/gcc/bits/mathcalls.h:290:55: warning: invoking macro __MATHDECL argument 3: empty macro arguments are undefined in ISO C90 and ISO C++98 [enabled by default]
../.././../gcc/gcc-195953/gcc/bits/mathcalls.h:290:55: warning: invoking macro __MATHDECL_1 argument 3: empty macro arguments are undefined in ISO C90 and ISO C++98 [enabled by default]
../.././../gcc/gcc-195953/gcc/bits/mathcalls.h:290:55: warning: invoking macro __MATH_PRECNAME argument 2: empty macro arguments are undefined in ISO C90 and ISO C++98 [enabled by default]
../.././../gcc/gcc-195953/gcc/bits/mathcalls.h:290:1: warning: invoking macro __MATHDECL_1 argument 3: empty macro arguments are undefined in ISO C90 and ISO C++98 [enabled by default]
../.././../gcc/gcc-195953/gcc/bits/mathcalls.h:290:1: warning: invoking macro __MATH_PRECNAME argument 2: empty macro arguments are undefined in ISO C90 and ISO C++98 [enabled by default]emit.c:22:
../.././../gcc/gcc-195953/gcc/bits/fcntl.h:259:27: warning: ISO C++ forbids zero-size array ‘f_handle’ [-pedantic]
../.././../gcc/gcc-195953/gcc/bits/mathcalls.h:294:46: warning: invoking macro __MATHCALL argument 2: empty macro arguments are undefined in ISO C90 and ISO C++98 [enabled by default]
../.././../gcc/gcc-195953/gcc/bits/mathcalls.h:294:46: warning: invoking macro __MATHDECL argument 3: empty macro arguments are undefined in ISO C90 and ISO C++98 [enabled by default]
../.././../gcc/gcc-195953/gcc/bits/mathcalls.h:294:46: warning: invoking macro __MATHDECL argument 3: empty macro arguments are undefined in ISO C90 and ISO C++98 [enabled by default]
../.././../gcc/gcc-195953/gcc/bits/mathcalls.h:294:46: warning: invoking macro __MATHDECL_1 argument 3: empty macro arguments are undefined in ISO C90 and ISO C++98 [enabled by default]
../.././../gcc/gcc-195953/gcc/bits/mathcalls.h:294:46: warning: invoking macro __MATH_PRECNAME argument 2: empty macro arguments are undefined in ISO C90 and ISO C++98 [enabled by default]
../.././../gcc/gcc-195953/gcc/bits/mathcalls.h:294:1: warning: invoking macro __MATHDECL_1 argument 3: empty macro arguments are undefined in ISO C90 and ISO C++98 [enabled by default]
../.././../gcc/gcc-195953/gcc/bits/mathcalls.h:294:1: warning: invoking macro __MATH_PRECNAME argument 2: empty macro arguments are undefined in ISO C90 and ISO C++98 [enabled by default]
../.././../gcc/gcc-195953/gcc/bits/mathcalls.h:298:40: warning: invoking macro __MATHDECL argument 3: empty macro arguments are undefined in ISO C90 and ISO C++98 [enabled by default]
../.././../gcc/gcc-195953/gcc/bits/mathcalls.h:298:40: warning: invoking macro __MATHDECL argument 3: empty macro arguments are undefined in ISO C90 and ISO C++98 [enabled by default]
../.././../gcc/gcc-195953/gcc/bits/mathcalls.h:298:40: warning: invoking macro __MATHDECL_1 argument 3: empty macro arguments are undefined in ISO C90 and ISO C++98 [enabled by default]
../.././../gcc/gcc-195953/gcc/bits/mathcalls.h:298:40: warning: invoking macro __MATH_PRECNAME argument 2: empty macro arguments are undefined in ISO C90 and ISO C++98 [enabled by default]
../.././../gcc/gcc-195953/gcc/bits/mathcalls.h:298:1: warning: invoking macro __MATHDECL_1 argument 3: empty macro arguments are undefined in ISO C90 and ISO C++98 [enabled by default]
../.././../gcc/gcc-195953/gcc/bits/mathcalls.h:298:1: warning: invoking macro __MATH_PRECNAME argument 2: empty macro arguments are undefined in ISO C90 and ISO C++98 [enabled by default]
../.././../gcc/gcc-195953/gcc/bits/mathcalls.h:303:52: warning: invoking macro __MATHCALL argument 2: empty macro arguments are undefined in ISO C90 and ISO C++98 [enabled by default]
../.././../gcc/gcc-195953/gcc/bits/mathcalls.h:303:52: warning: invoking macro __MATHDECL argument 3: empty macro arguments are undefined in ISO C90 and ISO C++98 [enabled by default]
../.././../gcc/gcc-195953/gcc/bits/mathcalls.h:303:52: warning: invoking macro __MATHDECL argument 3: empty macro arguments are undefined in ISO C90 and ISO C++98 [enabled by default]
../.././../gcc/gcc-195953/gcc/bits/mathcalls.h:303:52: warning: invoking macro __MATHDECL_1 argument 3: empty macro arguments are undefined in ISO C90 and ISO C++98 [enabled by default]
../.././../gcc/gcc-195953/gcc/bits/mathcalls.h:303:52: warning: invoking macro __MATH_PRECNAME argument 2: empty macro arguments are undefined in ISO C90 and ISO C++98 [enabled by default]
../.././../gcc/gcc-195953/gcc/bits/mathcalls.h:303:1: warning: invoking macro __MATHDECL_1 argument 3: empty macro arguments are undefined in ISO C90 and ISO C++98 [enabled by default]
../.././../gcc/gcc-195953/gcc/bits/mathcalls.h:303:1: warning: invoking macro __MATH_PRECNAME argument 2: empty macro arguments are undefined in ISO C90 and ISO C++98 [enabled by default]
../.././../gcc/gcc-195953/gcc/bits/mathcalls.h:307:40: warning: invoking macro __MATHCALL argument 2: empty macro arguments are undefined in ISO C90 and ISO C++98 [enabled by default]
../.././../gcc/gcc-195953/gcc/bits/mathcalls.h:307:40: warning: invoking macro __MATHDECL argument 3: empty macro arguments are undefined in ISO C90 and ISO C++98 [enabled by default]
../.././../gcc/gcc-195953/gcc/bits/mathcalls.h:307:40: warning: invoking macro __MATHDECL argument 3: empty macro arguments are undefined in ISO C90 and ISO C++98 [enabled by default]
../.././../gcc/gcc-195953/gcc/bits/mathcalls.h:307:40: warning: invoking macro __MATHDECL_1 argument 3: empty macro arguments are undefined in ISO C90 and ISO C++98 [enabled by default]
../.././../gcc/gcc-195953/gcc/bits/mathcalls.h:307:40: warning: invoking macro __MATH_PRECNAME argument 2: empty macro arguments are undefined in ISO C90 and ISO C++98 [enabled by default]
../.././../gcc/gcc-195953/gcc/bits/mathcalls.h:307:1: warning: invoking macro __MATHDECL_1 argument 3: empty macro arguments are undefined in ISO C90 and ISO C++98 [enabled by default]
../.././../gcc/gcc-195953/gcc/bits/mathcalls.h:307:1: warning: invoking macro __MATH_PRECNAME argument 2: empty macro arguments are undefined in ISO C90 and ISO C++98 [enabled by default]
../.././../gcc/gcc-195953/gcc/bits/mathcalls.h:311:50: warning: invoking macro __MATHCALLX argument 2: empty macro arguments are undefined in ISO C90 and ISO C++98 [enabled by default]
../.././../gcc/gcc-195953/gcc/bits/mathcalls.h:311:50: warning: invoking macro __MATHDECLX argument 3: empty macro arguments are undefined in ISO C90 and ISO C++98 [enabled by default]
../.././../gcc/gcc-195953/gcc/bits/mathcalls.h:311:50: warning: invoking macro __MATHDECLX argument 3: empty macro arguments are undefined in ISO C90 and ISO C++98 [enabled by default]
../.././../gcc/gcc-195953/gcc/bits/mathcalls.h:311:50: warning: invoking macro __MATHDECL_1 argument 3: empty macro arguments are undefined in ISO C90 and ISO C++98 [enabled by default]
../.././../gcc/gcc-195953/gcc/bits/mathcalls.h:311:50: warning: invoking macro __MATH_PRECNAME argument 2: empty macro arguments are undefined in ISO C90 and ISO C++98 [enabled by default]
../.././../gcc/gcc-195953/gcc/bits/mathcalls.h:311:1: warning: invoking macro __MATHDECL_1 argument 3: empty macro arguments are undefined in ISO C90 and ISO C++98 [enabled by default]
../.././../gcc/gcc-195953/gcc/bits/mathcalls.h:311:1: warning: invoking macro __MATH_PRECNAME argument 2: empty macro arguments are undefined in ISO C90 and ISO C++98 [enabled by default]
../.././../gcc/gcc-195953/gcc/bits/mathcalls.h:315:50: warning: invoking macro __MATHCALLX argument 2: empty macro arguments are undefined in ISO C90 and ISO C++98 [enabled by default]
../.././../gcc/gcc-195953/gcc/bits/mathcalls.h:315:50: warning: invoking macro __MATHDECLX argument 3: empty macro arguments are undefined in ISO C90 and ISO C++98 [enabled by default]
../.././../gcc/gcc-195953/gcc/bits/mathcalls.h:315:50: warning: invoking macro __MATHDECLX argument 3: empty macro arguments are undefined in ISO C90 and ISO C++98 [enabled by default]
../.././../gcc/gcc-195953/gcc/bits/mathcalls.h:315:50: warning: invoking macro __MATHDECL_1 argument 3: empty macro arguments are undefined in ISO C90 and ISO C++98 [enabled by default]
../.././../gcc/gcc-195953/gcc/bits/mathcalls.h:315:50: warning: invoking macro __MATH_PRECNAME argument 2: empty macro arguments are undefined in ISO C90 and ISO C++98 [enabled by default]
../.././../gcc/gcc-195953/gcc/bits/mathcalls.h:315:1: warning: invoking macro __MATHDECL_1 argument 3: empty macro arguments are undefined in ISO C90 and ISO C++98 [enabled by default]
../.././../gcc/gcc-195953/gcc/bits/mathcalls.h:315:1: warning: invoking macro __MATH_PRECNAME argument 2: empty macro arguments are undefined in ISO C90 and ISO C++98 [enabled by default]
../.././../gcc/gcc-195953/gcc/bits/mathcalls.h:320:64: warning: invoking macro __MATHCALL argument 2: empty macro arguments are undefined in ISO C90 and ISO C++98 [enabled by default]
../.././../gcc/gcc-195953/gcc/bits/mathcalls.h:320:64: warning: invoking macro __MATHDECL argument 3: empty macro arguments are undefined in ISO C90 and ISO C++98 [enabled by default]
../.././../gcc/gcc-195953/gcc/bits/mathcalls.h:320:64: warning: invoking macro __MATHDECL argument 3: empty macro arguments are undefined in ISO C90 and ISO C++98 [enabled by default]
../.././../gcc/gcc-195953/gcc/bits/mathcalls.h:320:64: warning: invoking macro __MATHDECL_1 argument 3: empty macro arguments are undefined in ISO C90 and ISO C++98 [enabled by default]
../.././../gcc/gcc-195953/gcc/bits/mathcalls.h:320:64: warning: invoking macro __MATH_PRECNAME argument 2: empty macro arguments are undefined in ISO C90 and ISO C++98 [enabled by default]
../.././../gcc/gcc-195953/gcc/bits/mathcalls.h:320:1: warning: invoking macro __MATHDECL_1 argument 3: empty macro arguments are undefined in ISO C90 and ISO C++98 [enabled by default]
../.././../gcc/gcc-195953/gcc/bits/mathcalls.h:320:1: warning: invoking macro __MATH_PRECNAME argument 2: empty macro arguments are undefined in ISO C90 and ISO C++98 [enabled by default]
../.././../gcc/gcc-195953/gcc/bits/mathcalls.h:327:45: warning: invoking macro __MATHDECL argument 3: empty macro arguments are undefined in ISO C90 and ISO C++98 [enabled by default]
../.././../gcc/gcc-195953/gcc/bits/mathcalls.h:327:45: warning: invoking macro __MATHDECL argument 3: empty macro arguments are undefined in ISO C90 and ISO C++98 [enabled by default]
../.././../gcc/gcc-195953/gcc/bits/mathcalls.h:327:45: warning: invoking macro __MATHDECL_1 argument 3: empty macro arguments are undefined in ISO C90 and ISO C++98 [enabled by default]
../.././../gcc/gcc-195953/gcc/bits/mathcalls.h:327:45: warning: invoking macro __MATH_PRECNAME argument 2: empty macro arguments are undefined in ISO C90 and ISO C++98 [enabled by default]
../.././../gcc/gcc-195953/gcc/bits/mathcalls.h:327:1: warning: invoking macro __MATHDECL_1 argument 3: empty macro arguments are undefined in ISO C90 and ISO C++98 [enabled by default]
../.././../gcc/gcc-195953/gcc/bits/mathcalls.h:327:1: warning: invoking macro __MATH_PRECNAME argument 2: empty macro arguments are undefined in ISO C90 and ISO C++98 [enabled by default]
../.././../gcc/gcc-195953/gcc/bits/mathcalls.h:328:51: warning: invoking macro __MATHDECL argument 3: empty macro arguments are undefined in ISO C90 and ISO C++98 [enabled by default]
../.././../gcc/gcc-195953/gcc/bits/mathcalls.h:328:51: warning: invoking macro __MATHDECL argument 3: empty macro arguments are undefined in ISO C90 and ISO C++98 [enabled by default]
../.././../gcc/gcc-195953/gcc/bits/mathcalls.h:328:51: warning: invoking macro __MATHDECL_1 argument 3: empty macro arguments are undefined in ISO C90 and ISO C++98 [enabled by default]
../.././../gcc/gcc-195953/gcc/bits/mathcalls.h:328:51: warning: invoking macro __MATH_PRECNAME argument 2: empty macro arguments are undefined in ISO C90 and ISO C++98 [enabled by default]
../.././../gcc/gcc-195953/gcc/bits/mathcalls.h:328:1: warning: invoking macro __MATHDECL_1 argument 3: empty macro arguments are undefined in ISO C90 and ISO C++98 [enabled by default]
../.././../gcc/gcc-195953/gcc/bits/mathcalls.h:328:1: warning: invoking macro __MATH_PRECNAME argument 2: empty macro arguments are undefined in ISO C90 and ISO C++98 [enabled by default]
../.././../gcc/gcc-195953/gcc/bits/mathcalls.h:332:46: warning: invoking macro __MATHDECL argument 3: empty macro arguments are undefined in ISO C90 and ISO C++98 [enabled by default]
../.././../gcc/gcc-195953/gcc/bits/mathcalls.h:332:46: warning: invoking macro __MATHDECL argument 3: empty macro arguments are undefined in ISO C90 and ISO C++98 [enabled by default]
../.././../gcc/gcc-195953/gcc/bits/mathcalls.h:332:46: warning: invoking macro __MATHDECL_1 argument 3: empty macro arguments are undefined in ISO C90 and ISO C++98 [enabled by default]
../.././../gcc/gcc-195953/gcc/bits/mathcalls.h:332:46: warning: invoking macro __MATH_PRECNAME argument 2: empty macro arguments are undefined in ISO C90 and ISO C++98 [enabled by default]
../.././../gcc/gcc-195953/gcc/bits/mathcalls.h:332:1: warning: invoking macro __MATHDECL_1 argument 3: empty macro arguments are undefined in ISO C90 and ISO C++98 [enabled by default]
../.././../gcc/gcc-195953/gcc/bits/mathcalls.h:332:1: warning: invoking macro __MATH_PRECNAME argument 2: empty macro arguments are undefined in ISO C90 and ISO C++98 [enabled by default]
../.././../gcc/gcc-195953/gcc/bits/mathcalls.h:333:52: warning: invoking macro __MATHDECL argument 3: empty macro arguments are undefined in ISO C90 and ISO C++98 [enabled by default]
../.././../gcc/gcc-195953/gcc/bits/mathcalls.h:333:52: warning: invoking macro __MATHDECL argument 3: empty macro arguments are undefined in ISO C90 and ISO C++98 [enabled by default]
../.././../gcc/gcc-195953/gcc/bits/mathcalls.h:333:52: warning: invoking macro __MATHDECL_1 argument 3: empty macro arguments are undefined in ISO C90 and ISO C++98 [enabled by default]
../.././../gcc/gcc-195953/gcc/bits/mathcalls.h:333:52: warning: invoking macro __MATH_PRECNAME argument 2: empty macro arguments are undefined in ISO C90 and ISO C++98 [enabled by default]
../.././../gcc/gcc-195953/gcc/bits/mathcalls.h:333:1: warning: invoking macro __MATHDECL_1 argument 3: empty macro arguments are undefined in ISO C90 and ISO C++98 [enabled by default]
../.././../gcc/gcc-195953/gcc/bits/mathcalls.h:333:1: warning: invoking macro __MATH_PRECNAME argument 2: empty macro arguments are undefined in ISO C90 and ISO C++98 [enabled by default]
../.././../gcc/gcc-195953/gcc/bits/mathcalls.h:337:50: warning: invoking macro __MATHCALL argument 2: empty macro arguments are undefined in ISO C90 and ISO C++98 [enabled by default]
../.././../gcc/gcc-195953/gcc/bits/mathcalls.h:337:50: warning: invoking macro __MATHDECL argument 3: empty macro arguments are undefined in ISO C90 and ISO C++98 [enabled by default]
../.././../gcc/gcc-195953/gcc/bits/mathcalls.h:337:50: warning: invoking macro __MATHDECL argument 3: empty macro arguments are undefined in ISO C90 and ISO C++98 [enabled by default]
../.././../gcc/gcc-195953/gcc/bits/mathcalls.h:337:50: warning: invoking macro __MATHDECL_1 argument 3: empty macro arguments are undefined in ISO C90 and ISO C++98 [enabled by default]
../.././../gcc/gcc-195953/gcc/bits/mathcalls.h:337:50: warning: invoking macro __MATH_PRECNAME argument 2: empty macro arguments are undefined in ISO C90 and ISO C++98 [enabled by default]
../.././../gcc/gcc-195953/gcc/bits/mathcalls.h:337:1: warning: invoking macro __MATHDECL_1 argument 3: empty macro arguments are undefined in ISO C90 and ISO C++98 [enabled by default]
../.././../gcc/gcc-195953/gcc/bits/mathcalls.h:337:1: warning: invoking macro __MATH_PRECNAME argument 2: empty macro arguments are undefined in ISO C90 and ISO C++98 [enabled by default]
../.././../gcc/gcc-195953/gcc/bits/mathcalls.h:340:50: warning: invoking macro __MATHCALL argument 2: empty macro arguments are undefined in ISO C90 and ISO C++98 [enabled by default]
../.././../gcc/gcc-195953/gcc/bits/mathcalls.h:340:50: warning: invoking macro __MATHDECL argument 3: empty macro arguments are undefined in ISO C90 and ISO C++98 [enabled by default]
../.././../gcc/gcc-195953/gcc/bits/mathcalls.h:340:50: warning: invoking macro __MATHDECL argument 3: empty macro arguments are undefined in ISO C90 and ISO C++98 [enabled by default]
../.././../gcc/gcc-195953/gcc/bits/mathcalls.h:340:50: warning: invoking macro __MATHDECL_1 argument 3: empty macro arguments are undefined in ISO C90 and ISO C++98 [enabled by default]
../.././../gcc/gcc-195953/gcc/bits/mathcalls.h:340:50: warning: invoking macro __MATH_PRECNAME argument 2: empty macro arguments are undefined in ISO C90 and ISO C++98 [enabled by default]
../.././../gcc/gcc-195953/gcc/bits/mathcalls.h:340:1: warning: invoking macro __MATHDECL_1 argument 3: empty macro arguments are undefined in ISO C90 and ISO C++98 [enabled by default]
../.././../gcc/gcc-195953/gcc/bits/mathcalls.h:340:1: warning: invoking macro __MATH_PRECNAME argument 2: empty macro arguments are undefined in ISO C90 and ISO C++98 [enabled by default]
../.././../gcc/gcc-195953/gcc/bits/mathcalls.h:343:50: warning: invoking macro __MATHCALL argument 2: empty macro arguments are undefined in ISO C90 and ISO C++98 [enabled by default]
../.././../gcc/gcc-195953/gcc/bits/mathcalls.h:343:50: warning: invoking macro __MATHDECL argument 3: empty macro arguments are undefined in ISO C90 and ISO C++98 [enabled by default]
../.././../gcc/gcc-195953/gcc/bits/mathcalls.h:343:50: warning: invoking macro __MATHDECL argument 3: empty macro arguments are undefined in ISO C90 and ISO C++98 [enabled by default]
../.././../gcc/gcc-195953/gcc/bits/mathcalls.h:343:50: warning: invoking macro __MATHDECL_1 argument 3: empty macro arguments are undefined in ISO C90 and ISO C++98 [enabled by default]
../.././../gcc/gcc-195953/gcc/bits/mathcalls.h:343:50: warning: invoking macro __MATH_PRECNAME argument 2: empty macro arguments are undefined in ISO C90 and ISO C++98 [enabled by default]
../.././../gcc/gcc-195953/gcc/bits/mathcalls.h:343:1: warning: invoking macro __MATHDECL_1 argument 3: empty macro arguments are undefined in ISO C90 and ISO C++98 [enabled by default]
../.././../gcc/gcc-195953/gcc/bits/mathcalls.h:343:1: warning: invoking macro __MATH_PRECNAME argument 2: empty macro arguments are undefined in ISO C90 and ISO C++98 [enabled by default]
../.././../gcc/gcc-195953/gcc/bits/mathcalls.h:347:54: warning: invoking macro __MATHDECL_1 argument 3: empty macro arguments are undefined in ISO C90 and ISO C++98 [enabled by default]
../.././../gcc/gcc-195953/gcc/bits/mathcalls.h:347:54: warning: invoking macro __MATH_PRECNAME argument 2: empty macro arguments are undefined in ISO C90 and ISO C++98 [enabled by default]
../.././../gcc/gcc-195953/gcc/bits/mathcalls.h:351:51: warning: invoking macro __MATHDECL_1 argument 3: empty macro arguments are undefined in ISO C90 and ISO C++98 [enabled by default]
../.././../gcc/gcc-195953/gcc/bits/mathcalls.h:351:51: warning: invoking macro __MATH_PRECNAME argument 2: empty macro arguments are undefined in ISO C90 and ISO C++98 [enabled by default]
../.././../gcc/gcc-195953/gcc/bits/mathcalls.h:356:64: warning: invoking macro __MATHCALL argument 2: empty macro arguments are undefined in ISO C90 and ISO C++98 [enabled by default]
../.././../gcc/gcc-195953/gcc/bits/mathcalls.h:356:64: warning: invoking macro __MATHDECL argument 3: empty macro arguments are undefined in ISO C90 and ISO C++98 [enabled by default]
../.././../gcc/gcc-195953/gcc/bits/mathcalls.h:356:64: warning: invoking macro __MATHDECL argument 3: empty macro arguments are undefined in ISO C90 and ISO C++98 [enabled by default]
../.././../gcc/gcc-195953/gcc/bits/mathcalls.h:356:64: warning: invoking macro __MATHDECL_1 argument 3: empty macro arguments are undefined in ISO C90 and ISO C++98 [enabled by default]
../.././../gcc/gcc-195953/gcc/bits/mathcalls.h:356:64: warning: invoking macro __MATH_PRECNAME argument 2: empty macro arguments are undefined in ISO C90 and ISO C++98 [enabled by default]
../.././../gcc/gcc-195953/gcc/bits/mathcalls.h:356:1: warning: invoking macro __MATHDECL_1 argument 3: empty macro arguments are undefined in ISO C90 and ISO C++98 [enabled by default]
../.././../gcc/gcc-195953/gcc/bits/mathcalls.h:356:1: warning: invoking macro __MATH_PRECNAME argument 2: empty macro arguments are undefined in ISO C90 and ISO C++98 [enabled by default]
../.././../gcc/gcc-195953/gcc/bits/mathcalls.h:365:51: warning: invoking macro __MATHCALL argument 2: empty macro arguments are undefined in ISO C90 and ISO C++98 [enabled by default]
../.././../gcc/gcc-195953/gcc/bits/mathcalls.h:365:51: warning: invoking macro __MATHDECL argument 3: empty macro arguments are undefined in ISO C90 and ISO C++98 [enabled by default]
../.././../gcc/gcc-195953/gcc/bits/mathcalls.h:365:51: warning: invoking macro __MATHDECL argument 3: empty macro arguments are undefined in ISO C90 and ISO C++98 [enabled by default]
../.././../gcc/gcc-195953/gcc/bits/mathcalls.h:365:51: warning: invoking macro __MATHDECL_1 argument 3: empty macro arguments are undefined in ISO C90 and ISO C++98 [enabled by default]
../.././../gcc/gcc-195953/gcc/bits/mathcalls.h:365:51: warning: invoking macro __MATH_PRECNAME argument 2: empty macro arguments are undefined in ISO C90 and ISO C++98 [enabled by default]
../.././../gcc/gcc-195953/gcc/bits/mathcalls.h:365:1: warning: invoking macro __MATHDECL_1 argument 3: empty macro arguments are undefined in ISO C90 and ISO C++98 [enabled by default]
../.././../gcc/gcc-195953/gcc/bits/mathcalls.h:365:1: warning: invoking macro __MATH_PRECNAME argument 2: empty macro arguments are undefined in ISO C90 and ISO C++98 [enabled by default]
In file included from ../.././../gcc/gcc-195953/gcc/math.h:146:0,
                 from ../.././../gcc/gcc-195953/gcc/genautomata.c:116:
../.././../gcc/gcc-195953/gcc/bits/mathcalls.h:55:35: warning: invoking macro __MATHCALL argument 2: empty macro arguments are undefined in ISO C90 and ISO C++98 [enabled by default]
../.././../gcc/gcc-195953/gcc/bits/mathcalls.h:55:35: warning: invoking macro __MATHDECL argument 3: empty macro arguments are undefined in ISO C90 and ISO C++98 [enabled by default]
../.././../gcc/gcc-195953/gcc/bits/mathcalls.h:55:35: warning: invoking macro __MATHDECL argument 3: empty macro arguments are undefined in ISO C90 and ISO C++98 [enabled by default]
../.././../gcc/gcc-195953/gcc/bits/mathcalls.h:55:35: warning: invoking macro __MATHDECL_1 argument 3: empty macro arguments are undefined in ISO C90 and ISO C++98 [enabled by default]
../.././../gcc/gcc-195953/gcc/bits/mathcalls.h:55:35: warning: invoking macro __MATH_PRECNAME argument 2: empty macro arguments are undefined in ISO C90 and ISO C++98 [enabled by default]
../.././../gcc/gcc-195953/gcc/bits/mathcalls.h:55:1: warning: invoking macro __MATHDECL_1 argument 3: empty macro arguments are undefined in ISO C90 and ISO C++98 [enabled by default]
../.././../gcc/gcc-195953/gcc/bits/mathcalls.h:55:1: warning: invoking macro __MATH_PRECNAME argument 2: empty macro arguments are undefined in ISO C90 and ISO C++98 [enabled by default]
../.././../gcc/gcc-195953/gcc/bits/mathcalls.h:57:35: warning: invoking macro __MATHCALL argument 2: empty macro arguments are undefined in ISO C90 and ISO C++98 [enabled by default]
../.././../gcc/gcc-195953/gcc/bits/mathcalls.h:57:35: warning: invoking macro __MATHDECL argument 3: empty macro arguments are undefined in ISO C90 and ISO C++98 [enabled by default]
../.././../gcc/gcc-195953/gcc/bits/mathcalls.h:57:35: warning: invoking macro __MATHDECL argument 3: empty macro arguments are undefined in ISO C90 and ISO C++98 [enabled by default]
../.././../gcc/gcc-195953/gcc/bits/mathcalls.h:57:35: warning: invoking macro __MATHDECL_1 argument 3: empty macro arguments are undefined in ISO C90 and ISO C++98 [enabled by default]
../.././../gcc/gcc-195953/gcc/bits/mathcalls.h:57:35: warning: invoking macro __MATH_PRECNAME argument 2: empty macro arguments are undefined in ISO C90 and ISO C++98 [enabled by default]
../.././../gcc/gcc-195953/gcc/bits/mathcalls.h:57:1: warning: invoking macro __MATHDECL_1 argument 3: empty macro arguments are undefined in ISO C90 and ISO C++98 [enabled by default]
../.././../gcc/gcc-195953/gcc/bits/mathcalls.h:57:1: warning: invoking macro __MATH_PRECNAME argument 2: empty macro arguments are undefined in ISO C90 and ISO C++98 [enabled by default]
../.././../gcc/gcc-195953/gcc/bits/mathcalls.h:59:35: warning: invoking macro __MATHCALL argument 2: empty macro arguments are undefined in ISO C90 and ISO C++98 [enabled by default]
../.././../gcc/gcc-195953/gcc/bits/mathcalls.h:59:35: warning: invoking macro __MATHDECL argument 3: empty macro arguments are undefined in ISO C90 and ISO C++98 [enabled by default]
../.././../gcc/gcc-195953/gcc/bits/mathcalls.h:59:35: warning: invoking macro __MATHDECL argument 3: empty macro arguments are undefined in ISO C90 and ISO C++98 [enabled by default]
../.././../gcc/gcc-195953/gcc/bits/mathcalls.h:59:35: warning: invoking macro __MATHDECL_1 argument 3: empty macro arguments are undefined in ISO C90 and ISO C++98 [enabled by default]
../.././../gcc/gcc-195953/gcc/bits/mathcalls.h:59:35: warning: invoking macro __MATH_PRECNAME argument 2: empty macro arguments are undefined in ISO C90 and ISO C++98 [enabled by default]
../.././../gcc/gcc-195953/gcc/bits/mathcalls.h:59:1: warning: invoking macro __MATHDECL_1 argument 3: empty macro arguments are undefined in ISO C90 and ISO C++98 [enabled by default]
../.././../gcc/gcc-195953/gcc/bits/mathcalls.h:59:1: warning: invoking macro __MATH_PRECNAME argument 2: empty macro arguments are undefined in ISO C90 and ISO C++98 [enabled by default]
../.././../gcc/gcc-195953/gcc/bits/mathcalls.h:61:51: warning: invoking macro __MATHCALL argument 2: empty macro arguments are undefined in ISO C90 and ISO C++98 [enabled by default]
../.././../gcc/gcc-195953/gcc/bits/mathcalls.h:61:51: warning: invoking macro __MATHDECL argument 3: empty macro arguments are undefined in ISO C90 and ISO C++98 [enabled by default]
../.././../gcc/gcc-195953/gcc/bits/mathcalls.h:61:51: warning: invoking macro __MATHDECL argument 3: empty macro arguments are undefined in ISO C90 and ISO C++98 [enabled by default]
../.././../gcc/gcc-195953/gcc/bits/mathcalls.h:61:51: warning: invoking macro __MATHDECL_1 argument 3: empty macro arguments are undefined in ISO C90 and ISO C++98 [enabled by default]
../.././../gcc/gcc-195953/gcc/bits/mathcalls.h:61:51: warning: invoking macro __MATH_PRECNAME argument 2: empty macro arguments are undefined in ISO C90 and ISO C++98 [enabled by default]
../.././../gcc/gcc-195953/gcc/bits/mathcalls.h:61:1: warning: invoking macro __MATHDECL_1 argument 3: empty macro arguments are undefined in ISO C90 and ISO C++98 [enabled by default]
../.././../gcc/gcc-195953/gcc/bits/mathcalls.h:61:1: warning: invoking macro __MATH_PRECNAME argument 2: empty macro arguments are undefined in ISO C90 and ISO C++98 [enabled by default]
../.././../gcc/gcc-195953/gcc/bits/mathcalls.h:64:34: warning: invoking macro __MATHCALL argument 2: empty macro arguments are undefined in ISO C90 and ISO C++98 [enabled by default]
../.././../gcc/gcc-195953/gcc/bits/mathcalls.h:64:34: warning: invoking macro __MATHDECL argument 3: empty macro arguments are undefined in ISO C90 and ISO C++98 [enabled by default]
../.././../gcc/gcc-195953/gcc/bits/mathcalls.h:64:34: warning: invoking macro __MATHDECL argument 3: empty macro arguments are undefined in ISO C90 and ISO C++98 [enabled by default]
../.././../gcc/gcc-195953/gcc/bits/mathcalls.h:64:34: warning: invoking macro __MATHDECL_1 argument 3: empty macro arguments are undefined in ISO C90 and ISO C++98 [enabled by default]
../.././../gcc/gcc-195953/gcc/bits/mathcalls.h:64:34: warning: invoking macro __MATH_PRECNAME argument 2: empty macro arguments are undefined in ISO C90 and ISO C++98 [enabled by default]
../.././../gcc/gcc-195953/gcc/bits/mathcalls.h:64:1: warning: invoking macro __MATHDECL_1 argument 3: empty macro arguments are undefined in ISO C90 and ISO C++98 [enabled by default]
../.././../gcc/gcc-195953/gcc/bits/mathcalls.h:64:1: warning: invoking macro __MATH_PRECNAME argument 2: empty macro arguments are undefined in ISO C90 and ISO C++98 [enabled by default]
../.././../gcc/gcc-195953/gcc/bits/mathcalls.h:66:34: warning: invoking macro __MATHCALL argument 2: empty macro arguments are undefined in ISO C90 and ISO C++98 [enabled by default]
../.././../gcc/gcc-195953/gcc/bits/mathcalls.h:66:34: warning: invoking macro __MATHDECL argument 3: empty macro arguments are undefined in ISO C90 and ISO C++98 [enabled by default]
../.././../gcc/gcc-195953/gcc/bits/mathcalls.h:66:34: warning: invoking macro __MATHDECL argument 3: empty macro arguments are undefined in ISO C90 and ISO C++98 [enabled by default]
../.././../gcc/gcc-195953/gcc/bits/mathcalls.h:66:34: warning: invoking macro __MATHDECL_1 argument 3: empty macro arguments are undefined in ISO C90 and ISO C++98 [enabled by default]
../.././../gcc/gcc-195953/gcc/bits/mathcalls.h:66:34: warning: invoking macro __MATH_PRECNAME argument 2: empty macro arguments are undefined in ISO C90 and ISO C++98 [enabled by default]
../.././../gcc/gcc-195953/gcc/bits/mathcalls.h:66:1: warning: invoking macro __MATHDECL_1 argument 3: empty macro arguments are undefined in ISO C90 and ISO C++98 [enabled by default]
../.././../gcc/gcc-195953/gcc/bits/mathcalls.h:66:1: warning: invoking macro __MATH_PRECNAME argument 2: empty macro arguments are undefined in ISO C90 and ISO C++98 [enabled by default]
../.././../gcc/gcc-195953/gcc/bits/mathcalls.h:68:34: warning: invoking macro __MATHCALL argument 2: empty macro arguments are undefined in ISO C90 and ISO C++98 [enabled by default]
../.././../gcc/gcc-195953/gcc/bits/mathcalls.h:68:34: warning: invoking macro __MATHDECL argument 3: empty macro arguments are undefined in ISO C90 and ISO C++98 [enabled by default]
../.././../gcc/gcc-195953/gcc/bits/mathcalls.h:68:34: warning: invoking macro __MATHDECL argument 3: empty macro arguments are undefined in ISO C90 and ISO C++98 [enabled by default]
../.././../gcc/gcc-195953/gcc/bits/mathcalls.h:68:34: warning: invoking macro __MATHDECL_1 argument 3: empty macro arguments are undefined in ISO C90 and ISO C++98 [enabled by default]
../.././../gcc/gcc-195953/gcc/bits/mathcalls.h:68:34: warning: invoking macro __MATH_PRECNAME argument 2: empty macro arguments are undefined in ISO C90 and ISO C++98 [enabled by default]
../.././../gcc/gcc-195953/gcc/bits/mathcalls.h:68:1: warning: invoking macro __MATHDECL_1 argument 3: empty macro arguments are undefined in ISO C90 and ISO C++98 [enabled by default]
../.././../gcc/gcc-195953/gcc/bits/mathcalls.h:68:1: warning: invoking macro __MATH_PRECNAME argument 2: empty macro arguments are undefined in ISO C90 and ISO C++98 [enabled by default]
../.././../gcc/gcc-195953/gcc/bits/mathcalls.h:73:35: warning: invoking macro __MATHCALL argument 2: empty macro arguments are undefined in ISO C90 and ISO C++98 [enabled by default]
../.././../gcc/gcc-195953/gcc/bits/mathcalls.h:73:35: warning: invoking macro __MATHDECL argument 3: empty macro arguments are undefined in ISO C90 and ISO C++98 [enabled by default]
../.././../gcc/gcc-195953/gcc/bits/mathcalls.h:73:35: warning: invoking macro __MATHDECL argument 3: empty macro arguments are undefined in ISO C90 and ISO C++98 [enabled by default]
../.././../gcc/gcc-195953/gcc/bits/mathcalls.h:73:35: warning: invoking macro __MATHDECL_1 argument 3: empty macro arguments are undefined in ISO C90 and ISO C++98 [enabled by default]
../.././../gcc/gcc-195953/gcc/bits/mathcalls.h:73:35: warning: invoking macro __MATH_PRECNAME argument 2: empty macro arguments are undefined in ISO C90 and ISO C++98 [enabled by default]
../.././../gcc/gcc-195953/gcc/bits/mathcalls.h:73:1: warning: invoking macro __MATHDECL_1 argument 3: empty macro arguments are undefined in ISO C90 and ISO C++98 [enabled by default]
../.././../gcc/gcc-195953/gcc/bits/mathcalls.h:73:1: warning: invoking macro __MATH_PRECNAME argument 2: empty macro arguments are undefined in ISO C90 and ISO C++98 [enabled by default]
../.././../gcc/gcc-195953/gcc/bits/mathcalls.h:75:35: warning: invoking macro __MATHCALL argument 2: empty macro arguments are undefined in ISO C90 and ISO C++98 [enabled by default]
../.././../gcc/gcc-195953/gcc/bits/mathcalls.h:75:35: warning: invoking macro __MATHDECL argument 3: empty macro arguments are undefined in ISO C90 and ISO C++98 [enabled by default]
../.././../gcc/gcc-195953/gcc/bits/mathcalls.h:75:35: warning: invoking macro __MATHDECL argument 3: empty macro arguments are undefined in ISO C90 and ISO C++98 [enabled by default]
../.././../gcc/gcc-195953/gcc/bits/mathcalls.h:75:35: warning: invoking macro __MATHDECL_1 argument 3: empty macro arguments are undefined in ISO C90 and ISO C++98 [enabled by default]
../.././../gcc/gcc-195953/gcc/bits/mathcalls.h:75:35: warning: invoking macro __MATH_PRECNAME argument 2: empty macro arguments are undefined in ISO C90 and ISO C++98 [enabled by default]
../.././../gcc/gcc-195953/gcc/bits/mathcalls.h:75:1: warning: invoking macro __MATHDECL_1 argument 3: empty macro arguments are undefined in ISO C90 and ISO C++98 [enabled by default]
../.././../gcc/gcc-195953/gcc/bits/mathcalls.h:75:1: warning: invoking macro __MATH_PRECNAME argument 2: empty macro arguments are undefined in ISO C90 and ISO C++98 [enabled by default]
../.././../gcc/gcc-195953/gcc/bits/mathcalls.h:77:35: warning: invoking macro __MATHCALL argument 2: empty macro arguments are undefined in ISO C90 and ISO C++98 [enabled by default]
../.././../gcc/gcc-195953/gcc/bits/mathcalls.h:77:35: warning: invoking macro __MATHDECL argument 3: empty macro arguments are undefined in ISO C90 and ISO C++98 [enabled by default]
../.././../gcc/gcc-195953/gcc/bits/mathcalls.h:77:35: warning: invoking macro __MATHDECL argument 3: empty macro arguments are undefined in ISO C90 and ISO C++98 [enabled by default]
../.././../gcc/gcc-195953/gcc/bits/mathcalls.h:77:35: warning: invoking macro __MATHDECL_1 argument 3: empty macro arguments are undefined in ISO C90 and ISO C++98 [enabled by default]
../.././../gcc/gcc-195953/gcc/bits/mathcalls.h:77:35: warning: invoking macro __MATH_PRECNAME argument 2: empty macro arguments are undefined in ISO C90 and ISO C++98 [enabled by default]
../.././../gcc/gcc-195953/gcc/bits/mathcalls.h:77:1: warning: invoking macro __MATHDECL_1 argument 3: empty macro arguments are undefined in ISO C90 and ISO C++98 [enabled by default]
../.././../gcc/gcc-195953/gcc/bits/mathcalls.h:77:1: warning: invoking macro __MATH_PRECNAME argument 2: empty macro arguments are undefined in ISO C90 and ISO C++98 [enabled by default]
../.././../gcc/gcc-195953/gcc/bits/mathcalls.h:83:59: warning: invoking macro __MATHDECL argument 3: empty macro arguments are undefined in ISO C90 and ISO C++98 [enabled by default]
../.././../gcc/gcc-195953/gcc/bits/mathcalls.h:83:59: warning: invoking macro __MATHDECL argument 3: empty macro arguments are undefined in ISO C90 and ISO C++98 [enabled by default]
../.././../gcc/gcc-195953/gcc/bits/mathcalls.h:83:59: warning: invoking macro __MATHDECL_1 argument 3: empty macro arguments are undefined in ISO C90 and ISO C++98 [enabled by default]
../.././../gcc/gcc-195953/gcc/bits/mathcalls.h:83:59: warning: invoking macro __MATH_PRECNAME argument 2: empty macro arguments are undefined in ISO C90 and ISO C++98 [enabled by default]
../.././../gcc/gcc-195953/gcc/bits/mathcalls.h:83:1: warning: invoking macro __MATHDECL_1 argument 3: empty macro arguments are undefined in ISO C90 and ISO C++98 [enabled by default]
../.././../gcc/gcc-195953/gcc/bits/mathcalls.h:83:1: warning: invoking macro __MATH_PRECNAME argument 2: empty macro arguments are undefined in ISO C90 and ISO C++98 [enabled by default]
../.././../gcc/gcc-195953/gcc/bits/mathcalls.h:89:36: warning: invoking macro __MATHCALL argument 2: empty macro arguments are undefined in ISO C90 and ISO C++98 [enabled by default]
../.././../gcc/gcc-195953/gcc/bits/mathcalls.h:89:36: warning: invoking macro __MATHDECL argument 3: empty macro arguments are undefined in ISO C90 and ISO C++98 [enabled by default]
../.././../gcc/gcc-195953/gcc/bits/mathcalls.h:89:36: warning: invoking macro __MATHDECL argument 3: empty macro arguments are undefined in ISO C90 and ISO C++98 [enabled by default]
../.././../gcc/gcc-195953/gcc/bits/mathcalls.h:89:36: warning: invoking macro __MATHDECL_1 argument 3: empty macro arguments are undefined in ISO C90 and ISO C++98 [enabled by default]
In file included from ../.././../gcc/gcc-195953/gcc/fcntl.h:34:0,
                 from ../.././../gcc/gcc-195953/gcc/system.h:311,
                 from ../.././../gcc/gcc-195953/gcc/genextract.c:22:
../.././../gcc/gcc-195953/gcc/bits/fcntl.h:259:27: warning: ISO C++ forbids zero-size array ‘f_handle’ [-pedantic]
../.././../gcc/gcc-195953/gcc/bits/mathcalls.h:209:50: warning: invoking macro __MATHCALL argument 2: empty macro arguments are undefined in ISO C90 and ISO C++98 [enabled by default]
../.././../gcc/gcc-195953/gcc/bits/mathcalls.h:209:50: warning: invoking macro __MATHDECL argument 3: empty macro arguments are undefined in ISO C90 and ISO C++98 [enabled by default]
../.././../gcc/gcc-195953/gcc/bits/mathcalls.h:209:50: warning: invoking macro __MATHDECL argument 3: empty macro arguments are undefined in ISO C90 and ISO C++98 [enabled by default]
../.././../gcc/gcc-195953/gcc/bits/mathcalls.h:209:50: warning: invoking macro __MATHDECL_1 argument 3: empty macro arguments are undefined in ISO C90 and ISO C++98 [enabled by default]
../.././../gcc/gcc-195953/gcc/bits/mathcalls.h:209:50: warning: invoking macro __MATH_PRECNAME argument 2: empty macro arguments are undefined in ISO C90 and ISO C++98 [enabled by default]
../.././../gcc/gcc-195953/gcc/bits/mathcalls.h:209:1: warning: invoking macro __MATHDECL_1 argument 3: empty macro arguments are undefined in ISO C90 and ISO C++98 [enabled by default]
../.././../gcc/gcc-195953/gcc/bits/mathcalls.h:209:1: warning: invoking macro __MATH_PRECNAME argument 2: empty macro arguments are undefined in ISO C90 and ISO C++98 [enabled by default]
../.././../gcc/gcc-195953/gcc/bits/mathcalls.h:213:42: warning: invoking macro __MATHCALL argument 2: empty macro arguments are undefined in ISO C90 and ISO C++98 [enabled by default]
../.././../gcc/gcc-195953/gcc/bits/mathcalls.h:213:42: warning: invoking macro __MATHDECL argument 3: empty macro arguments are undefined in ISO C90 and ISO C++98 [enabled by default]
../.././../gcc/gcc-195953/gcc/bits/mathcalls.h:213:42: warning: invoking macro __MATHDECL argument 3: empty macro arguments are undefined in ISO C90 and ISO C++98 [enabled by default]
../.././../gcc/gcc-195953/gcc/bits/mathcalls.h:213:42: warning: invoking macro __MATHDECL_1 argument 3: empty macro arguments are undefined in ISO C90 and ISO C++98 [enabled by default]
../.././../gcc/gcc-195953/gcc/bits/mathcalls.h:213:42: warning: invoking macro __MATH_PRECNAME argument 2: empty macro arguments are undefined in ISO C90 and ISO C++98 [enabled by default]
../.././../gcc/gcc-195953/gcc/bits/mathcalls.h:213:1: warning: invoking macro __MATHDECL_1 argument 3: empty macro arguments are undefined in ISO C90 and ISO C++98 [enabled by default]
../.././../gcc/gcc-195953/gcc/bits/mathcalls.h:213:1: warning: invoking macro __MATH_PRECNAME argument 2: empty macro arguments are undefined in ISO C90 and ISO C++98 [enabled by default]
../.././../gcc/gcc-195953/gcc/bits/mathcalls.h:219:68: warning: invoking macro __MATHCALLX argument 2: empty macro arguments are undefined in ISO C90 and ISO C++98 [enabled by default]
../.././../gcc/gcc-195953/gcc/bits/mathcalls.h:219:68: warning: invoking macro __MATHDECLX argument 3: empty macro arguments are undefined in ISO C90 and ISO C++98 [enabled by default]
../.././../gcc/gcc-195953/gcc/bits/mathcalls.h:219:68: warning: invoking macro __MATHDECLX argument 3: empty macro arguments are undefined in ISO C90 and ISO C++98 [enabled by default]
../.././../gcc/gcc-195953/gcc/bits/mathcalls.h:219:68: warning: invoking macro __MATHDECL_1 argument 3: empty macro arguments are undefined in ISO C90 and ISO C++98 [enabled by default]
../.././../gcc/gcc-195953/gcc/bits/mathcalls.h:219:68: warning: invoking macro __MATH_PRECNAME argument 2: empty macro arguments are undefined in ISO C90 and ISO C++98 [enabled by default]
../.././../gcc/gcc-195953/gcc/bits/mathcalls.h:219:1: warning: invoking macro __MATHDECL_1 argument 3: empty macro arguments are undefined in ISO C90 and ISO C++98 [enabled by default]
../.././../gcc/gcc-195953/gcc/bits/mathcalls.h:219:1: warning: invoking macro __MATH_PRECNAME argument 2: empty macro arguments are undefined in ISO C90 and ISO C++98 [enabled by default]
../.././../gcc/gcc-195953/gcc/bits/mathcalls.h:226:55: warning: invoking macro __MATHCALLX argument 2: empty macro arguments are undefined in ISO C90 and ISO C++98 [enabled by default]
../.././../gcc/gcc-195953/gcc/bits/mathcalls.h:226:55: warning: invoking macro __MATHDECLX argument 3: empty macro arguments are undefined in ISO C90 and ISO C++98 [enabled by default]
../.././../gcc/gcc-195953/gcc/bits/mathcalls.h:226:55: warning: invoking macro __MATHDECLX argument 3: empty macro arguments are undefined in ISO C90 and ISO C++98 [enabled by default]
../.././../gcc/gcc-195953/gcc/bits/mathcalls.h:226:55: warning: invoking macro __MATHDECL_1 argument 3: empty macro arguments are undefined in ISO C90 and ISO C++98 [enabled by default]
../.././../gcc/gcc-195953/gcc/bits/mathcalls.h:226:55: warning: invoking macro __MATH_PRECNAME argument 2: empty macro arguments are undefined in ISO C90 and ISO C++98 [enabled by default]
../.././../gcc/gcc-195953/gcc/bits/mathcalls.h:226:1: warning: invoking macro __MATHDECL_1 argument 3: empty macro arguments are undefined in ISO C90 and ISO C++98 [enabled by default]
../.././../gcc/gcc-195953/gcc/bits/mathcalls.h:226:1: warning: invoking macro __MATH_PRECNAME argument 2: empty macro arguments are undefined in ISO C90 and ISO C++98 [enabled by default]
../.././../gcc/gcc-195953/gcc/bits/mathcalls.h:232:48: warning: invoking macro __MATHDECL_1 argument 3: empty macro arguments are undefined in ISO C90 and ISO C++98 [enabled by default]
../.././../gcc/gcc-195953/gcc/bits/mathcalls.h:232:48: warning: invoking macro __MATH_PRECNAME argument 2: empty macro arguments are undefined in ISO C90 and ISO C++98 [enabled by default]
../.././../gcc/gcc-195953/gcc/bits/mathcalls.h:236:46: warning: invoking macro __MATHDECL_1 argument 3: empty macro arguments are undefined in ISO C90 and ISO C++98 [enabled by default]
../.././../gcc/gcc-195953/gcc/bits/mathcalls.h:236:46: warning: invoking macro __MATH_PRECNAME argument 2: empty macro arguments are undefined in ISO C90 and ISO C++98 [enabled by default]
../.././../gcc/gcc-195953/gcc/bits/mathcalls.h:239:29: warning: invoking macro __MATHCALL argument 2: empty macro arguments are undefined in ISO C90 and ISO C++98 [enabled by default]
../.././../gcc/gcc-195953/gcc/bits/mathcalls.h:239:29: warning: invoking macro __MATHDECL argument 3: empty macro arguments are undefined in ISO C90 and ISO C++98 [enabled by default]
../.././../gcc/gcc-195953/gcc/bits/mathcalls.h:239:29: warning: invoking macro __MATHDECL argument 3: empty macro arguments are undefined in ISO C90 and ISO C++98 [enabled by default]
../.././../gcc/gcc-195953/gcc/bits/mathcalls.h:239:29: warning: invoking macro __MATHDECL_1 argument 3: empty macro arguments are undefined in ISO C90 and ISO C++98 [enabled by default]
../.././../gcc/gcc-195953/gcc/bits/mathcalls.h:239:29: warning: invoking macro __MATH_PRECNAME argument 2: empty macro arguments are undefined in ISO C90 and ISO C++98 [enabled by default]
../.././../gcc/gcc-195953/gcc/bits/mathcalls.h:239:1: warning: invoking macro __MATHDECL_1 argument 3: empty macro arguments are undefined in ISO C90 and ISO C++98 [enabled by default]
../.././../gcc/gcc-195953/gcc/bits/mathcalls.h:239:1: warning: invoking macro __MATH_PRECNAME argument 2: empty macro arguments are undefined in ISO C90 and ISO C++98 [enabled by default]
../.././../gcc/gcc-195953/gcc/bits/mathcalls.h:240:29: warning: invoking macro __MATHCALL argument 2: empty macro arguments are undefined in ISO C90 and ISO C++98 [enabled by default]
../.././../gcc/gcc-195953/gcc/bits/mathcalls.h:240:29: warning: invoking macro __MATHDECL argument 3: empty macro arguments are undefined in ISO C90 and ISO C++98 [enabled by default]
../.././../gcc/gcc-195953/gcc/bits/mathcalls.h:240:29: warning: invoking macro __MATHDECL argument 3: empty macro arguments are undefined in ISO C90 and ISO C++98 [enabled by default]
../.././../gcc/gcc-195953/gcc/bits/mathcalls.h:240:29: warning: invoking macro __MATHDECL_1 argument 3: empty macro arguments are undefined in ISO C90 and ISO C++98 [enabled by default]
../.././../gcc/gcc-195953/gcc/bits/mathcalls.h:240:29: warning: invoking macro __MATH_PRECNAME argument 2: empty macro arguments are undefined in ISO C90 and ISO C++98 [enabled by default]
../.././../gcc/gcc-195953/gcc/bits/mathcalls.h:240:1: warning: invoking macro __MATHDECL_1 argument 3: empty macro arguments are undefined in ISO C90 and ISO C++98 [enabled by default]
../.././../gcc/gcc-195953/gcc/bits/mathcalls.h:240:1: warning: invoking macro __MATH_PRECNAME argument 2: empty macro arguments are undefined in ISO C90 and ISO C++98 [enabled by default]
../.././../gcc/gcc-195953/gcc/bits/mathcalls.h:241:34: warning: invoking macro __MATHCALL argument 2: empty macro arguments are undefined in ISO C90 and ISO C++98 [enabled by default]
../.././../gcc/gcc-195953/gcc/bits/mathcalls.h:241:34: warning: invoking macro __MATHDECL argument 3: empty macro arguments are undefined in ISO C90 and ISO C++98 [enabled by default]
../.././../gcc/gcc-195953/gcc/bits/mathcalls.h:241:34: warning: invoking macro __MATHDECL argument 3: empty macro arguments are undefined in ISO C90 and ISO C++98 [enabled by default]
../.././../gcc/gcc-195953/gcc/bits/mathcalls.h:241:34: warning: invoking macro __MATHDECL_1 argument 3: empty macro arguments are undefined in ISO C90 and ISO C++98 [enabled by default]
../.././../gcc/gcc-195953/gcc/bits/mathcalls.h:241:34: warning: invoking macro __MATH_PRECNAME argument 2: empty macro arguments are undefined in ISO C90 and ISO C++98 [enabled by default]
../.././../gcc/gcc-195953/gcc/bits/mathcalls.h:241:1: warning: invoking macro __MATHDECL_1 argument 3: empty macro arguments are undefined in ISO C90 and ISO C++98 [enabled by default]
../.././../gcc/gcc-195953/gcc/bits/mathcalls.h:241:1: warning: invoking macro __MATH_PRECNAME argument 2: empty macro arguments are undefined in ISO C90 and ISO C++98 [enabled by default]
../.././../gcc/gcc-195953/gcc/bits/mathcalls.h:242:29: warning: invoking macro __MATHCALL argument 2: empty macro arguments are undefined in ISO C90 and ISO C++98 [enabled by default]
../.././../gcc/gcc-195953/gcc/bits/mathcalls.h:242:29: warning: invoking macro __MATHDECL argument 3: empty macro arguments are undefined in ISO C90 and ISO C++98 [enabled by default]
../.././../gcc/gcc-195953/gcc/bits/mathcalls.h:242:29: warning: invoking macro __MATHDECL argument 3: empty macro arguments are undefined in ISO C90 and ISO C++98 [enabled by default]
../.././../gcc/gcc-195953/gcc/bits/mathcalls.h:242:29: warning: invoking macro __MATHDECL_1 argument 3: empty macro arguments are undefined in ISO C90 and ISO C++98 [enabled by default]
../.././../gcc/gcc-195953/gcc/bits/mathcalls.h:242:29: warning: invoking macro __MATH_PRECNAME argument 2: empty macro arguments are undefined in ISO C90 and ISO C++98 [enabled by default]
../.././../gcc/gcc-195953/gcc/bits/mathcalls.h:242:1: warning: invoking macro __MATHDECL_1 argument 3: empty macro arguments are undefined in ISO C90 and ISO C++98 [enabled by default]
../.././../gcc/gcc-195953/gcc/bits/mathcalls.h:242:1: warning: invoking macro __MATH_PRECNAME argument 2: empty macro arguments are undefined in ISO C90 and ISO C++98 [enabled by default]
../.././../gcc/gcc-195953/gcc/bits/mathcalls.h:243:29: warning: invoking macro __MATHCALL argument 2: empty macro arguments are undefined in ISO C90 and ISO C++98 [enabled by default]
../.././../gcc/gcc-195953/gcc/bits/mathcalls.h:243:29: warning: invoking macro __MATHDECL argument 3: empty macro arguments are undefined in ISO C90 and ISO C++98 [enabled by default]
../.././../gcc/gcc-195953/gcc/bits/mathcalls.h:243:29: warning: invoking macro __MATHDECL argument 3: empty macro arguments are undefined in ISO C90 and ISO C++98 [enabled by default]
../.././../gcc/gcc-195953/gcc/bits/mathcalls.h:243:29: warning: invoking macro __MATHDECL_1 argument 3: empty macro arguments are undefined in ISO C90 and ISO C++98 [enabled by default]
../.././../gcc/gcc-195953/gcc/bits/mathcalls.h:243:29: warning: invoking macro __MATH_PRECNAME argument 2: empty macro arguments are undefined in ISO C90 and ISO C++98 [enabled by default]
../.././../gcc/gcc-195953/gcc/bits/mathcalls.h:243:1: warning: invoking macro __MATHDECL_1 argument 3: empty macro arguments are undefined in ISO C90 and ISO C++98 [enabled by default]
../.././../gcc/gcc-195953/gcc/bits/mathcalls.h:243:1: warning: invoking macro __MATH_PRECNAME argument 2: empty macro arguments are undefined in ISO C90 and ISO C++98 [enabled by default]
../.././../gcc/gcc-195953/gcc/bits/mathcalls.h:244:34: warning: invoking macro __MATHCALL argument 2: empty macro arguments are undefined in ISO C90 and ISO C++98 [enabled by default]
../.././../gcc/gcc-195953/gcc/bits/mathcalls.h:244:34: warning: invoking macro __MATHDECL argument 3: empty macro arguments are undefined in ISO C90 and ISO C++98 [enabled by default]
../.././../gcc/gcc-195953/gcc/bits/mathcalls.h:244:34: warning: invoking macro __MATHDECL argument 3: empty macro arguments are undefined in ISO C90 and ISO C++98 [enabled by default]
../.././../gcc/gcc-195953/gcc/bits/mathcalls.h:244:34: warning: invoking macro __MATHDECL_1 argument 3: empty macro arguments are undefined in ISO C90 and ISO C++98 [enabled by default]
../.././../gcc/gcc-195953/gcc/bits/mathcalls.h:244:34: warning: invoking macro __MATH_PRECNAME argument 2: empty macro arguments are undefined in ISO C90 and ISO C++98 [enabled by default]
../.././../gcc/gcc-195953/gcc/bits/mathcalls.h:244:1: warning: invoking macro __MATHDECL_1 argument 3: empty macro arguments are undefined in ISO C90 and ISO C++98 [enabled by default]
../.././../gcc/gcc-195953/gcc/bits/mathcalls.h:244:1: warning: invoking macro __MATH_PRECNAME argument 2: empty macro arguments are undefined in ISO C90 and ISO C++98 [enabled by default]
../.././../gcc/gcc-195953/gcc/bits/mathcalls.h:251:30: warning: invoking macro __MATHCALL argument 2: empty macro arguments are undefined in ISO C90 and ISO C++98 [enabled by default]
../.././../gcc/gcc-195953/gcc/bits/mathcalls.h:251:30: warning: invoking macro __MATHDECL argument 3: empty macro arguments are undefined in ISO C90 and ISO C++98 [enabled by default]
../.././../gcc/gcc-195953/gcc/bits/mathcalls.h:251:30: warning: invoking macro __MATHDECL argument 3: empty macro arguments are undefined in ISO C90 and ISO C++98 [enabled by default]
../.././../gcc/gcc-195953/gcc/bits/mathcalls.h:251:30: warning: invoking macro __MATHDECL_1 argument 3: empty macro arguments are undefined in ISO C90 and ISO C++98 [enabled by default]
../.././../gcc/gcc-195953/gcc/bits/mathcalls.h:251:30: warning: invoking macro __MATH_PRECNAME argument 2: empty macro arguments are undefined in ISO C90 and ISO C++98 [enabled by default]
../.././../gcc/gcc-195953/gcc/bits/mathcalls.h:251:1: warning: invoking macro __MATHDECL_1 argument 3: empty macro arguments are undefined in ISO C90 and ISO C++98 [enabled by default]
../.././../gcc/gcc-195953/gcc/bits/mathcalls.h:251:1: warning: invoking macro __MATH_PRECNAME argument 2: empty macro arguments are undefined in ISO C90 and ISO C++98 [enabled by default]
../.././../gcc/gcc-195953/gcc/bits/mathcalls.h:252:31: warning: invoking macro __MATHCALL argument 2: empty macro arguments are undefined in ISO C90 and ISO C++98 [enabled by default]
../.././../gcc/gcc-195953/gcc/bits/mathcalls.h:252:31: warning: invoking macro __MATHDECL argument 3: empty macro arguments are undefined in ISO C90 and ISO C++98 [enabled by default]
../.././../gcc/gcc-195953/gcc/bits/mathcalls.h:252:31: warning: invoking macro __MATHDECL argument 3: empty macro arguments are undefined in ISO C90 and ISO C++98 [enabled by default]
../.././../gcc/gcc-195953/gcc/bits/mathcalls.h:252:31: warning: invoking macro __MATHDECL_1 argument 3: empty macro arguments are undefined in ISO C90 and ISO C++98 [enabled by default]
../.././../gcc/gcc-195953/gcc/bits/mathcalls.h:252:31: warning: invoking macro __MATH_PRECNAME argument 2: empty macro arguments are undefined in ISO C90 and ISO C++98 [enabled by default]
../.././../gcc/gcc-195953/gcc/bits/mathcalls.h:252:1: warning: invoking macro __MATHDECL_1 argument 3: empty macro arguments are undefined in ISO C90 and ISO C++98 [enabled by default]
../.././../gcc/gcc-195953/gcc/bits/mathcalls.h:252:1: warning: invoking macro __MATH_PRECNAME argument 2: empty macro arguments are undefined in ISO C90 and ISO C++98 [enabled by default]
../.././../gcc/gcc-195953/gcc/bits/mathcalls.h:253:33: warning: invoking macro __MATHCALL argument 2: empty macro arguments are undefined in ISO C90 and ISO C++98 [enabled by default]
../.././../gcc/gcc-195953/gcc/bits/mathcalls.h:253:33: warning: invoking macro __MATHDECL argument 3: empty macro arguments are undefined in ISO C90 and ISO C++98 [enabled by default]
../.././../gcc/gcc-195953/gcc/bits/mathcalls.h:253:33: warning: invoking macro __MATHDECL argument 3: empty macro arguments are undefined in ISO C90 and ISO C++98 [enabled by default]
../.././../gcc/gcc-195953/gcc/bits/mathcalls.h:253:33: warning: invoking macro __MATHDECL_1 argument 3: empty macro arguments are undefined in ISO C90 and ISO C++98 [enabled by default]
../.././../gcc/gcc-195953/gcc/bits/mathcalls.h:253:33: warning: invoking macro __MATH_PRECNAME argument 2: empty macro arguments are undefined in ISO C90 and ISO C++98 [enabled by default]
../.././../gcc/gcc-195953/gcc/bits/mathcalls.h:253:1: warning: invoking macro __MATHDECL_1 argument 3: empty macro arguments are undefined in ISO C90 and ISO C++98 [enabled by default]
../.././../gcc/gcc-195953/gcc/bits/mathcalls.h:253:1: warning: invoking macro __MATH_PRECNAME argument 2: empty macro arguments are undefined in ISO C90 and ISO C++98 [enabled by default]
../.././../gcc/gcc-195953/gcc/bits/mathcalls.h:260:33: warning: invoking macro __MATHCALL argument 2: empty macro arguments are undefined in ISO C90 and ISO C++98 [enabled by default]
../.././../gcc/gcc-195953/gcc/bits/mathcalls.h:260:33: warning: invoking macro __MATHDECL argument 3: empty macro arguments are undefined in ISO C90 and ISO C++98 [enabled by default]
../.././../gcc/gcc-195953/gcc/bits/mathcalls.h:260:33: warning: invoking macro __MATHDECL argument 3: empty macro arguments are undefined in ISO C90 and ISO C++98 [enabled by default]
../.././../gcc/gcc-195953/gcc/bits/mathcalls.h:260:33: warning: invoking macro __MATHDECL_1 argument 3: empty macro arguments are undefined in ISO C90 and ISO C++98 [enabled by default]
../.././../gcc/gcc-195953/gcc/bits/mathcalls.h:260:33: warning: invoking macro __MATH_PRECNAME argument 2: empty macro arguments are undefined in ISO C90 and ISO C++98 [enabled by default]
../.././../gcc/gcc-195953/gcc/bits/mathcalls.h:260:1: warning: invoking macro __MATHDECL_1 argument 3: empty macro arguments are undefined in ISO C90 and ISO C++98 [enabled by default]
../.././../gcc/gcc-195953/gcc/bits/mathcalls.h:260:1: warning: invoking macro __MATH_PRECNAME argument 2: empty macro arguments are undefined in ISO C90 and ISO C++98 [enabled by default]
../.././../gcc/gcc-195953/gcc/bits/mathcalls.h:266:32: warning: invoking macro __MATHCALL argument 2: empty macro arguments are undefined in ISO C90 and ISO C++98 [enabled by default]
../.././../gcc/gcc-195953/gcc/bits/mathcalls.h:266:32: warning: invoking macro __MATHDECL argument 3: empty macro arguments are undefined in ISO C90 and ISO C++98 [enabled by default]
../.././../gcc/gcc-195953/gcc/bits/mathcalls.h:266:32: warning: invoking macro __MATHDECL argument 3: empty macro arguments are undefined in ISO C90 and ISO C++98 [enabled by default]
../.././../gcc/gcc-195953/gcc/bits/mathcalls.h:266:32: warning: invoking macro __MATHDECL_1 argument 3: empty macro arguments are undefined in ISO C90 and ISO C++98 [enabled by default]
../.././../gcc/gcc-195953/gcc/bits/mathcalls.h:266:32: warning: invoking macro __MATH_PRECNAME argument 2: empty macro arguments are undefined in ISO C90 and ISO C++98 [enabled by default]
../.././../gcc/gcc-195953/gcc/bits/mathcalls.h:266:1: warning: invoking macro __MATHDECL_1 argument 3: empty macro arguments are undefined in ISO C90 and ISO C++98 [enabled by default]
../.././../gcc/gcc-195953/gcc/bits/mathcalls.h:266:1: warning: invoking macro __MATH_PRECNAME argument 2: empty macro arguments are undefined in ISO C90 and ISO C++98 [enabled by default]
../.././../gcc/gcc-195953/gcc/bits/mathcalls.h:281:35: warning: invoking macro __MATHCALL argument 2: empty macro arguments are undefined in ISO C90 and ISO C++98 [enabled by default]
../.././../gcc/gcc-195953/gcc/bits/mathcalls.h:281:35: warning: invoking macro __MATHDECL argument 3: empty macro arguments are undefined in ISO C90 and ISO C++98 [enabled by default]
../.././../gcc/gcc-195953/gcc/bits/mathcalls.h:281:35: warning: invoking macro __MATHDECL argument 3: empty macro arguments are undefined in ISO C90 and ISO C++98 [enabled by default]
../.././../gcc/gcc-195953/gcc/bits/mathcalls.h:281:35: warning: invoking macro __MATHDECL_1 argument 3: empty macro arguments are undefined in ISO C90 and ISO C++98 [enabled by default]
../.././../gcc/gcc-195953/gcc/bits/mathcalls.h:281:35: warning: invoking macro __MATH_PRECNAME argument 2: empty macro arguments are undefined in ISO C90 and ISO C++98 [enabled by default]
../.././../gcc/gcc-195953/gcc/bits/mathcalls.h:281:1: warning: invoking macro __MATHDECL_1 argument 3: empty macro arguments are undefined in ISO C90 and ISO C++98 [enabled by default]
../.././../gcc/gcc-195953/gcc/bits/mathcalls.h:281:1: warning: invoking macro __MATH_PRECNAME argument 2: empty macro arguments are undefined in ISO C90 and ISO C++98 [enabled by default]
../.././../gcc/gcc-195953/gcc/bits/mathcalls.h:284:69: warning: invoking macro __MATHCALLX argument 2: empty macro arguments are undefined in ISO C90 and ISO C++98 [enabled by default]
../.././../gcc/gcc-195953/gcc/bits/mathcalls.h:284:69: warning: invoking macro __MATHDECLX argument 3: empty macro arguments are undefined in ISO C90 and ISO C++98 [enabled by default]
../.././../gcc/gcc-195953/gcc/bits/mathcalls.h:284:69: warning: invoking macro __MATHDECLX argument 3: empty macro arguments are undefined in ISO C90 and ISO C++98 [enabled by default]
../.././../gcc/gcc-195953/gcc/bits/mathcalls.h:284:69: warning: invoking macro __MATHDECL_1 argument 3: empty macro arguments are undefined in ISO C90 and ISO C++98 [enabled by default]
../.././../gcc/gcc-195953/gcc/bits/mathcalls.h:284:69: warning: invoking macro __MATH_PRECNAME argument 2: empty macro arguments are undefined in ISO C90 and ISO C++98 [enabled by default]
../.././../gcc/gcc-195953/gcc/bits/mathcalls.h:284:1: warning: invoking macro __MATHDECL_1 argument 3: empty macro arguments are undefined in ISO C90 and ISO C++98 [enabled by default]
../.././../gcc/gcc-195953/gcc/bits/mathcalls.h:284:1: warning: invoking macro __MATH_PRECNAME argument 2: empty macro arguments are undefined in ISO C90 and ISO C++98 [enabled by default]
../.././../gcc/gcc-195953/gcc/bits/mathcalls.h:286:72: warning: invoking macro __MATHCALLX argument 2: empty macro arguments are undefined in ISO C90 and ISO C++98 [enabled by default]
../.././../gcc/gcc-195953/gcc/bits/mathcalls.h:286:72: warning: invoking macro __MATHDECLX argument 3: empty macro arguments are undefined in ISO C90 and ISO C++98 [enabled by default]
../.././../gcc/gcc-195953/gcc/bits/mathcalls.h:286:72: warning: invoking macro __MATHDECLX argument 3: empty macro arguments are undefined in ISO C90 and ISO C++98 [enabled by default]
../.././../gcc/gcc-195953/gcc/bits/mathcalls.h:286:72: warning: invoking macro __MATHDECL_1 argument 3: empty macro arguments are undefined in ISO C90 and ISO C++98 [enabled by default]
../.././../gcc/gcc-195953/gcc/bits/mathcalls.h:286:72: warning: invoking macro __MATH_PRECNAME argument 2: empty macro arguments are undefined in ISO C90 and ISO C++98 [enabled by default]
../.././../gcc/gcc-195953/gcc/bits/mathcalls.h:286:1: warning: invoking macro __MATHDECL_1 argument 3: empty macro arguments are undefined in ISO C90 and ISO C++98 [enabled by default]
../.././../gcc/gcc-195953/gcc/bits/mathcalls.h:286:1: warning: invoking macro __MATH_PRECNAME argument 2: empty macro arguments are undefined in ISO C90 and ISO C++98 [enabled by default]
../.././../gcc/gcc-195953/gcc/bits/mathcalls.h:290:55: warning: invoking macro __MATHCALL argument 2: empty macro arguments are undefined in ISO C90 and ISO C++98 [enabled by default]
../.././../gcc/gcc-195953/gcc/bits/mathcalls.h:290:55: warning: invoking macro __MATHDECL argument 3: empty macro arguments are undefined in ISO C90 and ISO C++98 [enabled by default]
../.././../gcc/gcc-195953/gcc/bits/mathcalls.h:290:55: warning: invoking macro __MATHDECL argument 3: empty macro arguments are undefined in ISO C90 and ISO C++98 [enabled by default]
../.././../gcc/gcc-195953/gcc/bits/mathcalls.h:290:55: warning: invoking macro __MATHDECL_1 argument 3: empty macro arguments are undefined in ISO C90 and ISO C++98 [enabled by default]
../.././../gcc/gcc-195953/gcc/bits/mathcalls.h:290:55: warning: invoking macro __MATH_PRECNAME argument 2: empty macro arguments are undefined in ISO C90 and ISO C++98 [enabled by default]
../.././../gcc/gcc-195953/gcc/bits/mathcalls.h:290:1: warning: invoking macro __MATHDECL_1 argument 3: empty macro arguments are undefined in ISO C90 and ISO C++98 [enabled by default]
../.././../gcc/gcc-195953/gcc/bits/mathcalls.h:290:1: warning: invoking macro __MATH_PRECNAME argument 2: empty macro arguments are undefined in ISO C90 and ISO C++98 [enabled by default]
../.././../gcc/gcc-195953/gcc/bits/mathcalls.h:294:46: warning: invoking macro __MATHCALL argument 2: empty macro arguments are undefined in ISO C90 and ISO C++98 [enabled by default]
../.././../gcc/gcc-195953/gcc/bits/mathcalls.h:294:46: warning: invoking macro __MATHDECL argument 3: empty macro arguments are undefined in ISO C90 and ISO C++98 [enabled by default]
../.././../gcc/gcc-195953/gcc/bits/mathcalls.h:294:46: warning: invoking macro __MATHDECL argument 3: empty macro arguments are undefined in ISO C90 and ISO C++98 [enabled by default]
../.././../gcc/gcc-195953/gcc/bits/mathcalls.h:294:46: warning: invoking macro __MATHDECL_1 argument 3: empty macro arguments are undefined in ISO C90 and ISO C++98 [enabled by default]
../.././../gcc/gcc-195953/gcc/bits/mathcalls.h:294:46: warning: invoking macro __MATH_PRECNAME argument 2: empty macro arguments are undefined in ISO C90 and ISO C++98 [enabled by default]
../.././../gcc/gcc-195953/gcc/bits/mathcalls.h:294:1: warning: invoking macro __MATHDECL_1 argument 3: empty macro arguments are undefined in ISO C90 and ISO C++98 [enabled by default]
../.././../gcc/gcc-195953/gcc/bits/mathcalls.h:294:1: warning: invoking macro __MATH_PRECNAME argument 2: empty macro arguments are undefined in ISO C90 and ISO C++98 [enabled by default]
../.././../gcc/gcc-195953/gcc/bits/mathcalls.h:298:40: warning: invoking macro __MATHDECL argument 3: empty macro arguments are undefined in ISO C90 and ISO C++98 [enabled by default]
../.././../gcc/gcc-195953/gcc/bits/mathcalls.h:298:40: warning: invoking macro __MATHDECL argument 3: empty macro arguments are undefined in ISO C90 and ISO C++98 [enabled by default]
../.././../gcc/gcc-195953/gcc/bits/mathcalls.h:298:40: warning: invoking macro __MATHDECL_1 argument 3: empty macro arguments are undefined in ISO C90 and ISO C++98 [enabled by default]
../.././../gcc/gcc-195953/gcc/bits/mathcalls.h:298:40: warning: invoking macro __MATH_PRECNAME argument 2: empty macro arguments are undefined in ISO C90 and ISO C++98 [enabled by default]
../.././../gcc/gcc-195953/gcc/bits/mathcalls.h:298:1: warning: invoking macro __MATHDECL_1 argument 3: empty macro arguments are undefined in ISO C90 and ISO C++98 [enabled by default]
../.././../gcc/gcc-195953/gcc/bits/mathcalls.h:298:1: warning: invoking macro __MATH_PRECNAME argument 2: empty macro arguments are undefined in ISO C90 and ISO C++98 [enabled by default]
../.././../gcc/gcc-195953/gcc/bits/mathcalls.h:303:52: warning: invoking macro __MATHCALL argument 2: empty macro arguments are undefined in ISO C90 and ISO C++98 [enabled by default]
../.././../gcc/gcc-195953/gcc/bits/mathcalls.h:303:52: warning: invoking macro __MATHDECL argument 3: empty macro arguments are undefined in ISO C90 and ISO C++98 [enabled by default]
../.././../gcc/gcc-195953/gcc/bits/mathcalls.h:303:52: warning: invoking macro __MATHDECL argument 3: empty macro arguments are undefined in ISO C90 and ISO C++98 [enabled by default]
../.././../gcc/gcc-195953/gcc/bits/mathcalls.h:303:52: warning: invoking macro __MATHDECL_1 argument 3: empty macro arguments are undefined in ISO C90 and ISO C++98 [enabled by default]
../.././../gcc/gcc-195953/gcc/bits/mathcalls.h:303:52: warning: invoking macro __MATH_PRECNAME argument 2: empty macro arguments are undefined in ISO C90 and ISO C++98 [enabled by default]
../.././../gcc/gcc-195953/gcc/bits/mathcalls.h:303:1: warning: invoking macro __MATHDECL_1 argument 3: empty macro arguments are undefined in ISO C90 and ISO C++98 [enabled by default]
../.././../gcc/gcc-195953/gcc/bits/mathcalls.h:303:1: warning: invoking macro __MATH_PRECNAME argument 2: empty macro arguments are undefined in ISO C90 and ISO C++98 [enabled by default]
../.././../gcc/gcc-195953/gcc/bits/mathcalls.h:307:40: warning: invoking macro __MATHCALL argument 2: empty macro arguments are undefined in ISO C90 and ISO C++98 [enabled by default]
../.././../gcc/gcc-195953/gcc/bits/mathcalls.h:307:40: warning: invoking macro __MATHDECL argument 3: empty macro arguments are undefined in ISO C90 and ISO C++98 [enabled by default]
../.././../gcc/gcc-195953/gcc/bits/mathcalls.h:307:40: warning: invoking macro __MATHDECL argument 3: empty macro arguments are undefined in ISO C90 and ISO C++98 [enabled by default]
../.././../gcc/gcc-195953/gcc/bits/mathcalls.h:307:40: warning: invoking macro __MATHDECL_1 argument 3: empty macro arguments are undefined in ISO C90 and ISO C++98 [enabled by default]
../.././../gcc/gcc-195953/gcc/bits/mathcalls.h:307:40: warning: invoking macro __MATH_PRECNAME argument 2: empty macro arguments are undefined in ISO C90 and ISO C++98 [enabled by default]
../.././../gcc/gcc-195953/gcc/bits/mathcalls.h:307:1: warning: invoking macro __MATHDECL_1 argument 3: empty macro arguments are undefined in ISO C90 and ISO C++98 [enabled by default]
../.././../gcc/gcc-195953/gcc/bits/mathcalls.h:307:1: warning: invoking macro __MATH_PRECNAME argument 2: empty macro arguments are undefined in ISO C90 and ISO C++98 [enabled by default]
../.././../gcc/gcc-195953/gcc/bits/mathcalls.h:311:50: warning: invoking macro __MATHCALLX argument 2: empty macro arguments are undefined in ISO C90 and ISO C++98 [enabled by default]
../.././../gcc/gcc-195953/gcc/bits/mathcalls.h:311:50: warning: invoking macro __MATHDECLX argument 3: empty macro arguments are undefined in ISO C90 and ISO C++98 [enabled by default]
../.././../gcc/gcc-195953/gcc/bits/mathcalls.h:311:50: warning: invoking macro __MATHDECLX argument 3: empty macro arguments are undefined in ISO C90 and ISO C++98 [enabled by default]
../.././../gcc/gcc-195953/gcc/bits/mathcalls.h:311:50: warning: invoking macro __MATHDECL_1 argument 3: empty macro arguments are undefined in ISO C90 and ISO C++98 [enabled by default]
../.././../gcc/gcc-195953/gcc/bits/mathcalls.h:311:50: warning: invoking macro __MATH_PRECNAME argument 2: empty macro arguments are undefined in ISO C90 and ISO C++98 [enabled by default]
../.././../gcc/gcc-195953/gcc/bits/mathcalls.h:311:1: warning: invoking macro __MATHDECL_1 argument 3: empty macro arguments are undefined in ISO C90 and ISO C++98 [enabled by default]
../.././../gcc/gcc-195953/gcc/bits/mathcalls.h:311:1: warning: invoking macro __MATH_PRECNAME argument 2: empty macro arguments are undefined in ISO C90 and ISO C++98 [enabled by default]
../.././../gcc/gcc-195953/gcc/bits/mathcalls.h:315:50: warning: invoking macro __MATHCALLX argument 2: empty macro arguments are undefined in ISO C90 and ISO C++98 [enabled by default]
../.././../gcc/gcc-195953/gcc/bits/mathcalls.h:315:50: warning: invoking macro __MATHDECLX argument 3: empty macro arguments are undefined in ISO C90 and ISO C++98 [enabled by default]
../.././../gcc/gcc-195953/gcc/bits/mathcalls.h:315:50: warning: invoking macro __MATHDECLX argument 3: empty macro arguments are undefined in ISO C90 and ISO C++98 [enabled by default]
../.././../gcc/gcc-195953/gcc/bits/mathcalls.h:315:50: warning: invoking macro __MATHDECL_1 argument 3: empty macro arguments are undefined in ISO C90 and ISO C++98 [enabled by default]
../.././../gcc/gcc-195953/gcc/bits/mathcalls.h:315:50: warning: invoking macro __MATH_PRECNAME argument 2: empty macro arguments are undefined in ISO C90 and ISO C++98 [enabled by default]
../.././../gcc/gcc-195953/gcc/bits/mathcalls.h:315:1: warning: invoking macro __MATHDECL_1 argument 3: empty macro arguments are undefined in ISO C90 and ISO C++98 [enabled by default]
../.././../gcc/gcc-195953/gcc/bits/mathcalls.h:315:1: warning: invoking macro __MATH_PRECNAME argument 2: empty macro arguments are undefined in ISO C90 and ISO C++98 [enabled by default]
../.././../gcc/gcc-195953/gcc/bits/mathcalls.h:320:64: warning: invoking macro __MATHCALL argument 2: empty macro arguments are undefined in ISO C90 and ISO C++98 [enabled by default]
../.././../gcc/gcc-195953/gcc/bits/mathcalls.h:320:64: warning: invoking macro __MATHDECL argument 3: empty macro arguments are undefined in ISO C90 and ISO C++98 [enabled by default]
../.././../gcc/gcc-195953/gcc/bits/mathcalls.h:320:64: warning: invoking macro __MATHDECL argument 3: empty macro arguments are undefined in ISO C90 and ISO C++98 [enabled by default]
../.././../gcc/gcc-195953/gcc/bits/mathcalls.h:320:64: warning: invoking macro __MATHDECL_1 argument 3: empty macro arguments are undefined in ISO C90 and ISO C++98 [enabled by default]
../.././../gcc/gcc-195953/gcc/bits/mathcalls.h:320:64: warning: invoking macro __MATH_PRECNAME argument 2: empty macro arguments are undefined in ISO C90 and ISO C++98 [enabled by default]
../.././../gcc/gcc-195953/gcc/bits/mathcalls.h:320:1: warning: invoking macro __MATHDECL_1 argument 3: empty macro arguments are undefined in ISO C90 and ISO C++98 [enabled by default]
../.././../gcc/gcc-195953/gcc/bits/mathcalls.h:320:1: warning: invoking macro __MATH_PRECNAME argument 2: empty macro arguments are undefined in ISO C90 and ISO C++98 [enabled by default]
../.././../gcc/gcc-195953/gcc/bits/mathcalls.h:327:45: warning: invoking macro __MATHDECL argument 3: empty macro arguments are undefined in ISO C90 and ISO C++98 [enabled by default]
../.././../gcc/gcc-195953/gcc/bits/mathcalls.h:327:45: warning: invoking macro __MATHDECL argument 3: empty macro arguments are undefined in ISO C90 and ISO C++98 [enabled by default]
../.././../gcc/gcc-195953/gcc/bits/mathcalls.h:327:45: warning: invoking macro __MATHDECL_1 argument 3: empty macro arguments are undefined in ISO C90 and ISO C++98 [enabled by default]
../.././../gcc/gcc-195953/gcc/bits/mathcalls.h:327:45: warning: invoking macro __MATH_PRECNAME argument 2: empty macro arguments are undefined in ISO C90 and ISO C++98 [enabled by default]
../.././../gcc/gcc-195953/gcc/bits/mathcalls.h:327:1: warning: invoking macro __MATHDECL_1 argument 3: empty macro arguments are undefined in ISO C90 and ISO C++98 [enabled by default]
../.././../gcc/gcc-195953/gcc/bits/mathcalls.h:327:1: warning: invoking macro __MATH_PRECNAME argument 2: empty macro arguments are undefined in ISO C90 and ISO C++98 [enabled by default]
../.././../gcc/gcc-195953/gcc/bits/mathcalls.h:328:51: warning: invoking macro __MATHDECL argument 3: empty macro arguments are undefined in ISO C90 and ISO C++98 [enabled by default]
../.././../gcc/gcc-195953/gcc/bits/mathcalls.h:328:51: warning: invoking macro __MATHDECL argument 3: empty macro arguments are undefined in ISO C90 and ISO C++98 [enabled by default]
../.././../gcc/gcc-195953/gcc/bits/mathcalls.h:328:51: warning: invoking macro __MATHDECL_1 argument 3: empty macro arguments are undefined in ISO C90 and ISO C++98 [enabled by default]
../.././../gcc/gcc-195953/gcc/bits/mathcalls.h:328:51: warning: invoking macro __MATH_PRECNAME argument 2: empty macro arguments are undefined in ISO C90 and ISO C++98 [enabled by default]
../.././../gcc/gcc-195953/gcc/bits/mathcalls.h:328:1: warning: invoking macro __MATHDECL_1 argument 3: empty macro arguments are undefined in ISO C90 and ISO C++98 [enabled by default]
../.././../gcc/gcc-195953/gcc/bits/mathcalls.h:328:1: warning: invoking macro __MATH_PRECNAME argument 2: empty macro arguments are undefined in ISO C90 and ISO C++98 [enabled by default]
../.././../gcc/gcc-195953/gcc/bits/mathcalls.h:332:46: warning: invoking macro __MATHDECL argument 3: empty macro arguments are undefined in ISO C90 and ISO C++98 [enabled by default]
../.././../gcc/gcc-195953/gcc/bits/mathcalls.h:332:46: warning: invoking macro __MATHDECL argument 3: empty macro arguments are undefined in ISO C90 and ISO C++98 [enabled by default]
../.././../gcc/gcc-195953/gcc/bits/mathcalls.h:332:46: warning: invoking macro __MATHDECL_1 argument 3: empty macro arguments are undefined in ISO C90 and ISO C++98 [enabled by default]
../.././../gcc/gcc-195953/gcc/bits/mathcalls.h:332:46: warning: invoking macro __MATH_PRECNAME argument 2: empty macro arguments are undefined in ISO C90 and ISO C++98 [enabled by default]
../.././../gcc/gcc-195953/gcc/bits/mathcalls.h:332:1: warning: invoking macro __MATHDECL_1 argument 3: empty macro arguments are undefined in ISO C90 and ISO C++98 [enabled by default]
../.././../gcc/gcc-195953/gcc/bits/mathcalls.h:332:1: warning: invoking macro __MATH_PRECNAME argument 2: empty macro arguments are undefined in ISO C90 and ISO C++98 [enabled by default]
../.././../gcc/gcc-195953/gcc/bits/mathcalls.h:333:52: warning: invoking macro __MATHDECL argument 3: empty macro arguments are undefined in ISO C90 and ISO C++98 [enabled by default]
../.././../gcc/gcc-195953/gcc/bits/mathcalls.h:333:52: warning: invoking macro __MATHDECL argument 3: empty macro arguments are undefined in ISO C90 and ISO C++98 [enabled by default]
../.././../gcc/gcc-195953/gcc/bits/mathcalls.h:333:52: warning: invoking macro __MATHDECL_1 argument 3: empty macro arguments are undefined in ISO C90 and ISO C++98 [enabled by default]
../.././../gcc/gcc-195953/gcc/bits/mathcalls.h:333:52: warning: invoking macro __MATH_PRECNAME argument 2: empty macro arguments are undefined in ISO C90 and ISO C++98 [enabled by default]
../.././../gcc/gcc-195953/gcc/bits/mathcalls.h:333:1: warning: invoking macro __MATHDECL_1 argument 3: empty macro arguments are undefined in ISO C90 and ISO C++98 [enabled by default]
../.././../gcc/gcc-195953/gcc/bits/mathcalls.h:333:1: warning: invoking macro __MATH_PRECNAME argument 2: empty macro arguments are undefined in ISO C90 and ISO C++98 [enabled by default]
../.././../gcc/gcc-195953/gcc/bits/mathcalls.h:337:50: warning: invoking macro __MATHCALL argument 2: empty macro arguments are undefined in ISO C90 and ISO C++98 [enabled by default]
../.././../gcc/gcc-195953/gcc/bits/mathcalls.h:337:50: warning: invoking macro __MATHDECL argument 3: empty macro arguments are undefined in ISO C90 and ISO C++98 [enabled by default]
../.././../gcc/gcc-195953/gcc/bits/mathcalls.h:337:50: warning: invoking macro __MATHDECL argument 3: empty macro arguments are undefined in ISO C90 and ISO C++98 [enabled by default]
../.././../gcc/gcc-195953/gcc/bits/mathcalls.h:337:50: warning: invoking macro __MATHDECL_1 argument 3: empty macro arguments are undefined in ISO C90 and ISO C++98 [enabled by default]
../.././../gcc/gcc-195953/gcc/bits/mathcalls.h:337:50: warning: invoking macro __MATH_PRECNAME argument 2: empty macro arguments are undefined in ISO C90 and ISO C++98 [enabled by default]
../.././../gcc/gcc-195953/gcc/bits/mathcalls.h:337:1: warning: invoking macro __MATHDECL_1 argument 3: empty macro arguments are undefined in ISO C90 and ISO C++98 [enabled by default]
../.././../gcc/gcc-195953/gcc/bits/mathcalls.h:337:1: warning: invoking macro __MATH_PRECNAME argument 2: empty macro arguments are undefined in ISO C90 and ISO C++98 [enabled by default]
../.././../gcc/gcc-195953/gcc/bits/mathcalls.h:340:50: warning: invoking macro __MATHCALL argument 2: empty macro arguments are undefined in ISO C90 and ISO C++98 [enabled by default]
../.././../gcc/gcc-195953/gcc/bits/mathcalls.h:340:50: warning: invoking macro __MATHDECL argument 3: empty macro arguments are undefined in ISO C90 and ISO C++98 [enabled by default]
../.././../gcc/gcc-195953/gcc/bits/mathcalls.h:340:50: warning: invoking macro __MATHDECL argument 3: empty macro arguments are undefined in ISO C90 and ISO C++98 [enabled by default]
../.././../gcc/gcc-195953/gcc/bits/mathcalls.h:340:50: warning: invoking macro __MATHDECL_1 argument 3: empty macro arguments are undefined in ISO C90 and ISO C++98 [enabled by default]
../.././../gcc/gcc-195953/gcc/bits/mathcalls.h:340:50: warning: invoking macro __MATH_PRECNAME argument 2: empty macro arguments are undefined in ISO C90 and ISO C++98 [enabled by default]
../.././../gcc/gcc-195953/gcc/bits/mathcalls.h:340:1: warning: invoking macro __MATHDECL_1 argument 3: empty macro arguments are undefined in ISO C90 and ISO C++98 [enabled by default]
../.././../gcc/gcc-195953/gcc/bits/mathcalls.h:340:1: warning: invoking macro __MATH_PRECNAME argument 2: empty macro arguments are undefined in ISO C90 and ISO C++98 [enabled by default]
../.././../gcc/gcc-195953/gcc/bits/mathcalls.h:343:50: warning: invoking macro __MATHCALL argument 2: empty macro arguments are undefined in ISO C90 and ISO C++98 [enabled by default]
../.././../gcc/gcc-195953/gcc/bits/mathcalls.h:343:50: warning: invoking macro __MATHDECL argument 3: empty macro arguments are undefined in ISO C90 and ISO C++98 [enabled by default]
../.././../gcc/gcc-195953/gcc/bits/mathcalls.h:343:50: warning: invoking macro __MATHDECL argument 3: empty macro arguments are undefined in ISO C90 and ISO C++98 [enabled by default]
../.././../gcc/gcc-195953/gcc/bits/mathcalls.h:343:50: warning: invoking macro __MATHDECL_1 argument 3: empty macro arguments are undefined in ISO C90 and ISO C++98 [enabled by default]
../.././../gcc/gcc-195953/gcc/bits/mathcalls.h:343:50: warning: invoking macro __MATH_PRECNAME argument 2: empty macro arguments are undefined in ISO C90 and ISO C++98 [enabled by default]
../.././../gcc/gcc-195953/gcc/bits/mathcalls.h:343:1: warning: invoking macro __MATHDECL_1 argument 3: empty macro arguments are undefined in ISO C90 and ISO C++98 [enabled by default]
../.././../gcc/gcc-195953/gcc/bits/mathcalls.h:343:1: warning: invoking macro __MATH_PRECNAME argument 2: empty macro arguments are undefined in ISO C90 and ISO C++98 [enabled by default]
../.././../gcc/gcc-195953/gcc/bits/mathcalls.h:347:54: warning: invoking macro __MATHDECL_1 argument 3: empty macro arguments are undefined in ISO C90 and ISO C++98 [enabled by default]
../.././../gcc/gcc-195953/gcc/bits/mathcalls.h:347:54: warning: invoking macro __MATH_PRECNAME argument 2: empty macro arguments are undefined in ISO C90 and ISO C++98 [enabled by default]
../.././../gcc/gcc-195953/gcc/bits/mathcalls.h:351:51: warning: invoking macro __MATHDECL_1 argument 3: empty macro arguments are undefined in ISO C90 and ISO C++98 [enabled by default]
../.././../gcc/gcc-195953/gcc/bits/mathcalls.h:351:51: warning: invoking macro __MATH_PRECNAME argument 2: empty macro arguments are undefined in ISO C90 and ISO C++98 [enabled by default]
../.././../gcc/gcc-195953/gcc/bits/mathcalls.h:356:64: warning: invoking macro __MATHCALL argument 2: empty macro arguments are undefined in ISO C90 and ISO C++98 [enabled by default]
../.././../gcc/gcc-195953/gcc/bits/mathcalls.h:356:64: warning: invoking macro __MATHDECL argument 3: empty macro arguments are undefined in ISO C90 and ISO C++98 [enabled by default]
../.././../gcc/gcc-195953/gcc/bits/mathcalls.h:356:64: warning: invoking macro __MATHDECL argument 3: empty macro arguments are undefined in ISO C90 and ISO C++98 [enabled by default]
../.././../gcc/gcc-195953/gcc/bits/mathcalls.h:356:64: warning: invoking macro __MATHDECL_1 argument 3: empty macro arguments are undefined in ISO C90 and ISO C++98 [enabled by default]
../.././../gcc/gcc-195953/gcc/bits/mathcalls.h:356:64: warning: invoking macro __MATH_PRECNAME argument 2: empty macro arguments are undefined in ISO C90 and ISO C++98 [enabled by default]
../.././../gcc/gcc-195953/gcc/bits/mathcalls.h:356:1: warning: invoking macro __MATHDECL_1 argument 3: empty macro arguments are undefined in ISO C90 and ISO C++98 [enabled by default]
../.././../gcc/gcc-195953/gcc/bits/mathcalls.h:356:1: warning: invoking macro __MATH_PRECNAME argument 2: empty macro arguments are undefined in ISO C90 and ISO C++98 [enabled by default]
../.././../gcc/gcc-195953/gcc/bits/mathcalls.h:365:51: warning: invoking macro __MATHCALL argument 2: empty macro arguments are undefined in ISO C90 and ISO C++98 [enabled by default]
../.././../gcc/gcc-195953/gcc/bits/mathcalls.h:365:51: warning: invoking macro __MATHDECL argument 3: empty macro arguments are undefined in ISO C90 and ISO C++98 [enabled by default]
../.././../gcc/gcc-195953/gcc/bits/mathcalls.h:365:51: warning: invoking macro __MATHDECL argument 3: empty macro arguments are undefined in ISO C90 and ISO C++98 [enabled by default]
../.././../gcc/gcc-195953/gcc/bits/mathcalls.h:365:51: warning: invoking macro __MATHDECL_1 argument 3: empty macro arguments are undefined in ISO C90 and ISO C++98 [enabled by default]
../.././../gcc/gcc-195953/gcc/bits/mathcalls.h:365:51: warning: invoking macro __MATH_PRECNAME argument 2: empty macro arguments are undefined in ISO C90 and ISO C++98 [enabled by default]
../.././../gcc/gcc-195953/gcc/bits/mathcalls.h:365:1: warning: invoking macro __MATHDECL_1 argument 3: empty macro arguments are undefined in ISO C90 and ISO C++98 [enabled by default]
../.././../gcc/gcc-195953/gcc/bits/mathcalls.h:365:1: warning: invoking macro __MATH_PRECNAME argument 2: empty macro arguments are undefined in ISO C90 and ISO C++98 [enabled by default]
In file included from ../.././../gcc/gcc-195953/gcc/sys/param.h:27:0,
                 from ../.././../gcc/gcc-195953/gcc/system.h:258,
                 from ../.././../gcc/gcc-195953/gcc/genflags.c:24:
../.././../gcc/gcc-195953/gcc/limits.h:125:3: warning: #include_next is a GCC extension [enabled by default]
In file included from ../.././../gcc/gcc-195953/gcc/signal.h:33:0,
                 from ../.././../gcc/gcc-195953/gcc/sys/wait.h:31,
                 from ../.././../gcc/gcc-195953/gcc/system.h:352,
                 from ../.././../gcc/gcc-195953/gcc/genflags.c:24:
../.././../gcc/gcc-195953/gcc/bits/sigset.h:119:65: warning: invoking macro __SIGSETFN argument 3: empty macro arguments are undefined in ISO C90 and ISO C++98 [enabled by default]
../.././../gcc/gcc-195953/gcc/lto-wrapper.c: In function ‘pex_obj* collect_execute(char**)’:
../.././../gcc/gcc-195953/gcc/lto-wrapper.c:195:24: warning: format not a string literal and no format arguments [-Wformat-security]
../.././../gcc/gcc-195953/gcc/lto-wrapper.c:198:15: warning: format not a string literal and no format arguments [-Wformat-security]
In file included from ../.././../gcc/gcc-195953/gcc/fcntl.h:34:0,
                 from ../.././../gcc/gcc-195953/gcc/system.h:311,
                 from ../.././../gcc/gcc-195953/gcc/genrecog.c:52:
../.././../gcc/gcc-195953/gcc/bits/fcntl.h:259:27: warning: ISO C++ forbids zero-size array ‘f_handle’ [-pedantic]
In file included from ../.././../gcc/gcc-195953/gcc/fcntl.h:34:0,
                 from ../.././../gcc/gcc-195953/gcc/system.h:311,
                 from ../.././../gcc/gcc-195953/gcc/genflags.c:24:
../.././../gcc/gcc-195953/gcc/bits/fcntl.h:259:27: warning: ISO C++ forbids zero-size array ‘f_handle’ [-pedantic]
../.././../gcc/gcc-195953/gcc/lto-wrapper.c: In function ‘void run_gcc(unsigned int, char**)’:
../.././../gcc/gcc-195953/gcc/lto-wrapper.c:514:30: warning: ignoring return value of ‘ssize_t read(int, void*, size_t)’, declared with attribute warn_unused_result [-Wunused-result]
In file included from ../.././../gcc/gcc-195953/gcc/fcntl.h:34:0,
                 from ../.././../gcc/gcc-195953/gcc/system.h:311,
                 from ../.././../gcc/gcc-195953/gcc/genautomata.c:108:
../.././../gcc/gcc-195953/gcc/bits/fcntl.h:259:27: warning: ISO C++ forbids zero-size array ‘f_handle’ [-pedantic]
g++-4.7 -c   -g -O2 -DIN_GCC -DCROSS_DIRECTORY_STRUCTURE  -fno-exceptions -fno-rtti -fasynchronous-unwind-tables -W -Wall -Wno-narrowing -Wwrite-strings -Wcast-qual -Wmissing-format-attribute -pedantic -Wno-long-long -Wno-variadic-macros -Wno-overlength-strings -fno-common  -DHAVE_CONFIG_H -DGENERATOR_FILE -I. -Ibuild -I../.././../gcc/gcc-195953/gcc -I../.././../gcc/gcc-195953/gcc/build -I../.././../gcc/gcc-195953/gcc/../include -I../.././../gcc/gcc-195953/gcc/../libcpp/include -I/home/sparksco/android/toolchain/aosp/build/temp-install/include -I/home/sparksco/android/toolchain/aosp/build/temp-install/include -I/home/sparksco/android/toolchain/aosp/build/temp-install/include  -I../.././../gcc/gcc-195953/gcc/../libdecnumber -I../.././../gcc/gcc-195953/gcc/../libdecnumber/dpd -I../libdecnumber -I../.././../gcc/gcc-195953/gcc/../libbacktrace    \
		-o build/rtl.o ../.././../gcc/gcc-195953/gcc/rtl.c
In file included from ../.././../gcc/gcc-195953/gcc/sys/param.h:27:0,
                 from ../.././../gcc/gcc-195953/gcc/system.h:258,
                 from ../.././../gcc/gcc-195953/gcc/rtl.c:28:
../.././../gcc/gcc-195953/gcc/limits.h:125:3: warning: #include_next is a GCC extension [enabled by default]
In file included from ../.././../gcc/gcc-195953/gcc/signal.h:33:0,
                 from ../.././../gcc/gcc-195953/gcc/sys/wait.h:31,
                 from ../.././../gcc/gcc-195953/gcc/system.h:352,
                 from ../.././../gcc/gcc-195953/gcc/rtl.c:28:
../.././../gcc/gcc-195953/gcc/bits/sigset.h:119:65: warning: invoking macro __SIGSETFN argument 3: empty macro arguments are undefined in ISO C90 and ISO C++98 [enabled by default]
../.././../gcc/gcc-195953/gcc/bits/sigset.h:120:66: warning: invoking macro __SIGSETFN argument 3: empty macro arguments are undefined in ISO C90 and ISO C++98 [enabled by default]
../.././../gcc/gcc-195953/gcc/genautomata.c: In function ‘char* next_sep_el(const char**, int, int)’:
../.././../gcc/gcc-195953/gcc/genautomata.c:1181:13: error: invalid conversion from ‘void*’ to ‘char*’ [-fpermissive]
g++-4.7 -c   -g -O2 -DIN_GCC -DCROSS_DIRECTORY_STRUCTURE  -fno-exceptions -fno-rtti -fasynchronous-unwind-tables -W -Wall -Wno-narrowing -Wwrite-strings -Wcast-qual -Wmissing-format-attribute -pedantic -Wno-long-long -Wno-variadic-macros -Wno-overlength-strings -fno-common  -DHAVE_CONFIG_H -DGENERATOR_FILE -I. -Ibuild -I../.././../gcc/gcc-195953/gcc -I../.././../gcc/gcc-195953/gcc/build -I../.././../gcc/gcc-195953/gcc/../include -I../.././../gcc/gcc-195953/gcc/../libcpp/include -I/home/sparksco/android/toolchain/aosp/build/temp-install/include -I/home/sparksco/android/toolchain/aosp/build/temp-install/include -I/home/sparksco/android/toolchain/aosp/build/temp-install/include  -I../.././../gcc/gcc-195953/gcc/../libdecnumber -I../.././../gcc/gcc-195953/gcc/../libdecnumber/dpd -I../libdecnumber -I../.././../gcc/gcc-195953/gcc/../libbacktrace    \
		-o build/read-rtl.o ../.././../gcc/gcc-195953/gcc/read-rtl.c
g++-4.7 -c   -g -O2 -DIN_GCC -DCROSS_DIRECTORY_STRUCTURE  -fno-exceptions -fno-rtti -fasynchronous-unwind-tables -W -Wall -Wno-narrowing -Wwrite-strings -Wcast-qual -Wmissing-format-attribute -pedantic -Wno-long-long -Wno-variadic-macros -Wno-overlength-strings -fno-common  -DHAVE_CONFIG_H -DGENERATOR_FILE -I. -Ibuild -I../.././../gcc/gcc-195953/gcc -I../.././../gcc/gcc-195953/gcc/build -I../.././../gcc/gcc-195953/gcc/../include -I../.././../gcc/gcc-195953/gcc/../libcpp/include -I/home/sparksco/android/toolchain/aosp/build/temp-install/include -I/home/sparksco/android/toolchain/aosp/build/temp-install/include -I/home/sparksco/android/toolchain/aosp/build/temp-install/include  -I../.././../gcc/gcc-195953/gcc/../libdecnumber -I../.././../gcc/gcc-195953/gcc/../libdecnumber/dpd -I../libdecnumber -I../.././../gcc/gcc-195953/gcc/../libbacktrace    \
		-o build/ggc-none.o ../.././../gcc/gcc-195953/gcc/ggc-none.c
In file included from ../.././../gcc/gcc-195953/gcc/fcntl.h:34:0,
                 from ../.././../gcc/gcc-195953/gcc/system.h:311,
                 from ../.././../gcc/gcc-195953/gcc/rtl.c:28:
../.././../gcc/gcc-195953/gcc/bits/fcntl.h:259:27: warning: ISO C++ forbids zero-size array ‘f_handle’ [-pedantic]
In file included from ../.././../gcc/gcc-195953/gcc/sys/param.h:27:0,
                 from ../.././../gcc/gcc-195953/gcc/system.h:258,
                 from ../.././../gcc/gcc-195953/gcc/read-rtl.c:25:
../.././../gcc/gcc-195953/gcc/limits.h:125:3: warning: #include_next is a GCC extension [enabled by default]
In file included from ../.././../gcc/gcc-195953/gcc/signal.h:33:0,
                 from ../.././../gcc/gcc-195953/gcc/sys/wait.h:31,
                 from ../.././../gcc/gcc-195953/gcc/system.h:352,
                 from ../.././../gcc/gcc-195953/gcc/read-rtl.c:25:
../.././../gcc/gcc-195953/gcc/bits/sigset.h:119:65: warning: invoking macro __SIGSETFN argument 3: empty macro arguments are undefined in ISO C90 and ISO C++98 [enabled by default]
../.././../gcc/gcc-195953/gcc/bits/sigset.h:120:66: warning: invoking macro __SIGSETFN argument 3: empty macro arguments are undefined in ISO C90 and ISO C++98 [enabled by default]
In file included from ../.././../gcc/gcc-195953/gcc/sys/param.h:27:0,
                 from ../.././../gcc/gcc-195953/gcc/system.h:258,
                 from ../.././../gcc/gcc-195953/gcc/ggc-none.c:30:
../.././../gcc/gcc-195953/gcc/limits.h:125:3: warning: #include_next is a GCC extension [enabled by default]
In file included from ../.././../gcc/gcc-195953/gcc/fcntl.h:34:0,
                 from ../.././../gcc/gcc-195953/gcc/system.h:311,
                 from ../.././../gcc/gcc-195953/gcc/read-rtl.c:25:
../.././../gcc/gcc-195953/gcc/bits/fcntl.h:259:27: warning: ISO C++ forbids zero-size array ‘f_handle’ [-pedantic]
In file included from ../.././../gcc/gcc-195953/gcc/signal.h:33:0,
                 from ../.././../gcc/gcc-195953/gcc/sys/wait.h:31,
                 from ../.././../gcc/gcc-195953/gcc/system.h:352,
                 from ../.././../gcc/gcc-195953/gcc/ggc-none.c:30:
../.././../gcc/gcc-195953/gcc/bits/sigset.h:119:65: warning: invoking macro __SIGSETFN argument 3: empty macro arguments are undefined in ISO C90 and ISO C++98 [enabled by default]
../.././../gcc/gcc-195953/gcc/bits/sigset.h:120:66: warning: invoking macro __SIGSETFN argument 3: empty macro arguments are undefined in ISO C90 and ISO C++98 [enabled by default]
g++-4.7 -c   -g -O2 -DIN_GCC -DCROSS_DIRECTORY_STRUCTURE  -fno-exceptions -fno-rtti -fasynchronous-unwind-tables -W -Wall -Wno-narrowing -Wwrite-strings -Wcast-qual -Wmissing-format-attribute -pedantic -Wno-long-long -Wno-variadic-macros -Wno-overlength-strings -fno-common  -DHAVE_CONFIG_H -DGENERATOR_FILE -I. -Ibuild -I../.././../gcc/gcc-195953/gcc -I../.././../gcc/gcc-195953/gcc/build -I../.././../gcc/gcc-195953/gcc/../include -I../.././../gcc/gcc-195953/gcc/../libcpp/include -I/home/sparksco/android/toolchain/aosp/build/temp-install/include -I/home/sparksco/android/toolchain/aosp/build/temp-install/include -I/home/sparksco/android/toolchain/aosp/build/temp-install/include  -I../.././../gcc/gcc-195953/gcc/../libdecnumber -I../.././../gcc/gcc-195953/gcc/../libdecnumber/dpd -I../libdecnumber -I../.././../gcc/gcc-195953/gcc/../libbacktrace    \
		-o build/vec.o ../.././../gcc/gcc-195953/gcc/vec.c
In file included from ../.././../gcc/gcc-195953/gcc/sys/param.h:27:0,
                 from ../.././../gcc/gcc-195953/gcc/system.h:258,
                 from ../.././../gcc/gcc-195953/gcc/vec.c:30:
../.././../gcc/gcc-195953/gcc/limits.h:125:3: warning: #include_next is a GCC extension [enabled by default]
In file included from ../.././../gcc/gcc-195953/gcc/signal.h:33:0,
                 from ../.././../gcc/gcc-195953/gcc/sys/wait.h:31,
                 from ../.././../gcc/gcc-195953/gcc/system.h:352,
                 from ../.././../gcc/gcc-195953/gcc/vec.c:30:
../.././../gcc/gcc-195953/gcc/bits/sigset.h:119:65: warning: invoking macro __SIGSETFN argument 3: empty macro arguments are undefined in ISO C90 and ISO C++98 [enabled by default]
../.././../gcc/gcc-195953/gcc/bits/sigset.h:120:66: warning: invoking macro __SIGSETFN argument 3: empty macro arguments are undefined in ISO C90 and ISO C++98 [enabled by default]
In file included from ../.././../gcc/gcc-195953/gcc/fcntl.h:34:0,
                 from ../.././../gcc/gcc-195953/gcc/system.h:311,
                 from ../.././../gcc/gcc-195953/gcc/ggc-none.c:30:
../.././../gcc/gcc-195953/gcc/bits/fcntl.h:259:27: warning: ISO C++ forbids zero-size array ‘f_handle’ [-pedantic]
../.././../gcc/gcc-195953/gcc/genautomata.c: In function ‘const char* regexp_representation(regexp_t)’:
../.././../gcc/gcc-195953/gcc/genautomata.c:6885:10: error: invalid conversion from ‘void*’ to ‘const char*’ [-fpermissive]
In file included from ../.././../gcc/gcc-195953/gcc/fcntl.h:34:0,
                 from ../.././../gcc/gcc-195953/gcc/system.h:311,
                 from ../.././../gcc/gcc-195953/gcc/vec.c:30:
../.././../gcc/gcc-195953/gcc/bits/fcntl.h:259:27: warning: ISO C++ forbids zero-size array ‘f_handle’ [-pedantic]
g++-4.7 -c   -g -O2 -DIN_GCC -DCROSS_DIRECTORY_STRUCTURE  -fno-exceptions -fno-rtti -fasynchronous-unwind-tables -W -Wall -Wno-narrowing -Wwrite-strings -Wcast-qual -Wmissing-format-attribute -pedantic -Wno-long-long -Wno-variadic-macros -Wno-overlength-strings -fno-common  -DHAVE_CONFIG_H -DGENERATOR_FILE -I. -Ibuild -I../.././../gcc/gcc-195953/gcc -I../.././../gcc/gcc-195953/gcc/build -I../.././../gcc/gcc-195953/gcc/../include -I../.././../gcc/gcc-195953/gcc/../libcpp/include -I/home/sparksco/android/toolchain/aosp/build/temp-install/include -I/home/sparksco/android/toolchain/aosp/build/temp-install/include -I/home/sparksco/android/toolchain/aosp/build/temp-install/include  -I../.././../gcc/gcc-195953/gcc/../libdecnumber -I../.././../gcc/gcc-195953/gcc/../libdecnumber/dpd -I../libdecnumber -I../.././../gcc/gcc-195953/gcc/../libbacktrace    \
		-o build/gensupport.o ../.././../gcc/gcc-195953/gcc/gensupport.c
../.././../gcc/gcc-195953/gcc/genautomata.c: In function ‘void initiate_automaton_gen(char**)’:
../.././../gcc/gcc-195953/gcc/genautomata.c:9301:34: error: invalid conversion from ‘void*’ to ‘char*’ [-fpermissive]
g++-4.7 -c   -g -O2 -DIN_GCC -DCROSS_DIRECTORY_STRUCTURE  -fno-exceptions -fno-rtti -fasynchronous-unwind-tables -W -Wall -Wno-narrowing -Wwrite-strings -Wcast-qual -Wmissing-format-attribute -pedantic -Wno-long-long -Wno-variadic-macros -Wno-overlength-strings -fno-common  -DHAVE_CONFIG_H -DGENERATOR_FILE -I. -Ibuild -I../.././../gcc/gcc-195953/gcc -I../.././../gcc/gcc-195953/gcc/build -I../.././../gcc/gcc-195953/gcc/../include -I../.././../gcc/gcc-195953/gcc/../libcpp/include -I/home/sparksco/android/toolchain/aosp/build/temp-install/include -I/home/sparksco/android/toolchain/aosp/build/temp-install/include -I/home/sparksco/android/toolchain/aosp/build/temp-install/include  -I../.././../gcc/gcc-195953/gcc/../libdecnumber -I../.././../gcc/gcc-195953/gcc/../libdecnumber/dpd -I../libdecnumber -I../.././../gcc/gcc-195953/gcc/../libbacktrace    \
		-o build/print-rtl.o ../.././../gcc/gcc-195953/gcc/print-rtl.c
In file included from ../.././../gcc/gcc-195953/gcc/sys/param.h:27:0,
                 from ../.././../gcc/gcc-195953/gcc/system.h:258,
                 from ../.././../gcc/gcc-195953/gcc/gensupport.c:21:
../.././../gcc/gcc-195953/gcc/limits.h:125:3: warning: #include_next is a GCC extension [enabled by default]
In file included from ../.././../gcc/gcc-195953/gcc/signal.h:33:0,
                 from ../.././../gcc/gcc-195953/gcc/sys/wait.h:31,
                 from ../.././../gcc/gcc-195953/gcc/system.h:352,
                 from ../.././../gcc/gcc-195953/gcc/gensupport.c:21:
../.././../gcc/gcc-195953/gcc/bits/sigset.h:119:65: warning: invoking macro __SIGSETFN argument 3: empty macro arguments are undefined in ISO C90 and ISO C++98 [enabled by default]
../.././../gcc/gcc-195953/gcc/bits/sigset.h:120:66: warning: invoking macro __SIGSETFN argument 3: empty macro arguments are undefined in ISO C90 and ISO C++98 [enabled by default]
g++-4.7 -c   -g -O2 -DIN_GCC -DCROSS_DIRECTORY_STRUCTURE  -fno-exceptions -fno-rtti -fasynchronous-unwind-tables -W -Wall -Wno-narrowing -Wwrite-strings -Wcast-qual -Wmissing-format-attribute -pedantic -Wno-long-long -Wno-variadic-macros -Wno-overlength-strings -fno-common  -DHAVE_CONFIG_H -DGENERATOR_FILE -I. -Ibuild -I../.././../gcc/gcc-195953/gcc -I../.././../gcc/gcc-195953/gcc/build -I../.././../gcc/gcc-195953/gcc/../include -I../.././../gcc/gcc-195953/gcc/../libcpp/include -I/home/sparksco/android/toolchain/aosp/build/temp-install/include -I/home/sparksco/android/toolchain/aosp/build/temp-install/include -I/home/sparksco/android/toolchain/aosp/build/temp-install/include  -I../.././../gcc/gcc-195953/gcc/../libdecnumber -I../.././../gcc/gcc-195953/gcc/../libdecnumber/dpd -I../libdecnumber -I../.././../gcc/gcc-195953/gcc/../libbacktrace    \
		-o build/genconditions.o ../.././../gcc/gcc-195953/gcc/genconditions.c
In file included from ../.././../gcc/gcc-195953/gcc/sys/param.h:27:0,
                 from ../.././../gcc/gcc-195953/gcc/system.h:258,
                 from ../.././../gcc/gcc-195953/gcc/print-rtl.c:28:
../.././../gcc/gcc-195953/gcc/limits.h:125:3: warning: #include_next is a GCC extension [enabled by default]
In file included from ../.././../gcc/gcc-195953/gcc/signal.h:33:0,
                 from ../.././../gcc/gcc-195953/gcc/sys/wait.h:31,
                 from ../.././../gcc/gcc-195953/gcc/system.h:352,
                 from ../.././../gcc/gcc-195953/gcc/print-rtl.c:28:
../.././../gcc/gcc-195953/gcc/bits/sigset.h:119:65: warning: invoking macro __SIGSETFN argument 3: empty macro arguments are undefined in ISO C90 and ISO C++98 [enabled by default]
../.././../gcc/gcc-195953/gcc/bits/sigset.h:120:66: warning: invoking macro __SIGSETFN argument 3: empty macro arguments are undefined in ISO C90 and ISO C++98 [enabled by default]
In file included from ../.././../gcc/gcc-195953/gcc/fcntl.h:34:0,
                 from ../.././../gcc/gcc-195953/gcc/system.h:311,
                 from ../.././../gcc/gcc-195953/gcc/gensupport.c:21:
../.././../gcc/gcc-195953/gcc/bits/fcntl.h:259:27: warning: ISO C++ forbids zero-size array ‘f_handle’ [-pedantic]
In file included from ../.././../gcc/gcc-195953/gcc/sys/param.h:27:0,
                 from ../.././../gcc/gcc-195953/gcc/system.h:258,
                 from ../.././../gcc/gcc-195953/gcc/genconditions.c:29:
../.././../gcc/gcc-195953/gcc/limits.h:125:3: warning: #include_next is a GCC extension [enabled by default]
In file included from ../.././../gcc/gcc-195953/gcc/fcntl.h:34:0,
                 from ../.././../gcc/gcc-195953/gcc/system.h:311,
                 from ../.././../gcc/gcc-195953/gcc/print-rtl.c:28:
../.././../gcc/gcc-195953/gcc/bits/fcntl.h:259:27: warning: ISO C++ forbids zero-size array ‘f_handle’ [-pedantic]
In file included from ../.././../gcc/gcc-195953/gcc/signal.h:33:0,
                 from ../.././../gcc/gcc-195953/gcc/sys/wait.h:31,
                 from ../.././../gcc/gcc-195953/gcc/system.h:352,
                 from ../.././../gcc/gcc-195953/gcc/genconditions.c:29:
../.././../gcc/gcc-195953/gcc/bits/sigset.h:119:65: warning: invoking macro __SIGSETFN argument 3: empty macro arguments are undefined in ISO C90 and ISO C++98 [enabled by default]g++-4.7 -c   -g -O2 -DIN_GCC -DCROSS_DIRECTORY_STRUCTURE  -fno-exceptions -fno-rtti -fasynchronous-unwind-tables -W -Wall -Wno-narrowing -Wwrite-strings -Wcast-qual -Wmissing-format-attribute -pedantic -Wno-long-long -Wno-variadic-macros -Wno-overlength-strings -fno-common  -DHAVE_CONFIG_H -DGENERATOR_FILE -I. -Ibuild -I../.././../gcc/gcc-195953/gcc -I../.././../gcc/gcc-195953/gcc/build -I../.././../gcc/gcc-195953/gcc/../include -I../.././../gcc/gcc-195953/gcc/../libcpp/include -I/home/sparksco/android/toolchain/aosp/build/temp-install/include -I/home/sparksco/android/toolchain/aosp/build/temp-install/include -I/home/sparksco/android/toolchain/aosp/build/temp-install/include  -I../.././../gcc/gcc-195953/gcc/../libdecnumber -I../.././../gcc/gcc-195953/gcc/../libdecnumber/dpd -I../libdecnumber -I../.././../gcc/gcc-195953/gcc/../libbacktrace    \
		-o build/genpreds.o ../.././../gcc/gcc-195953/gcc/genpreds.c
../.././../gcc/gcc-195953/gcc/bits/sigset.h:120:66: warning: invoking macro __SIGSETFN argument 3: empty macro arguments are undefined in ISO C90 and ISO C++98 [enabled by default]
make[3]: *** [build/genautomata.o] Error 1
make[3]: *** Waiting for unfinished jobs....
In file included from ../.././../gcc/gcc-195953/gcc/fcntl.h:34:0,
                 from ../.././../gcc/gcc-195953/gcc/system.h:311,
                 from ../.././../gcc/gcc-195953/gcc/genconditions.c:29:
../.././../gcc/gcc-195953/gcc/bits/fcntl.h:259:27: warning: ISO C++ forbids zero-size array ‘f_handle’ [-pedantic]
In file included from ../.././../gcc/gcc-195953/gcc/sys/param.h:27:0,
                 from ../.././../gcc/gcc-195953/gcc/system.h:258,
                 from ../.././../gcc/gcc-195953/gcc/genpreds.c:24:
../.././../gcc/gcc-195953/gcc/limits.h:125:3: warning: #include_next is a GCC extension [enabled by default]
In file included from ../.././../gcc/gcc-195953/gcc/signal.h:33:0,
                 from ../.././../gcc/gcc-195953/gcc/sys/wait.h:31,
                 from ../.././../gcc/gcc-195953/gcc/system.h:352,
                 from ../.././../gcc/gcc-195953/gcc/genpreds.c:24:
../.././../gcc/gcc-195953/gcc/bits/sigset.h:119:65: warning: invoking macro __SIGSETFN argument 3: empty macro arguments are undefined in ISO C90 and ISO C++98 [enabled by default]
../.././../gcc/gcc-195953/gcc/bits/sigset.h:120:66: warning: invoking macro __SIGSETFN argument 3: empty macro arguments are undefined in ISO C90 and ISO C++98 [enabled by default]
In file included from ../.././../gcc/gcc-195953/gcc/fcntl.h:34:0,
                 from ../.././../gcc/gcc-195953/gcc/system.h:311,
                 from ../.././../gcc/gcc-195953/gcc/genpreds.c:24:
../.././../gcc/gcc-195953/gcc/bits/fcntl.h:259:27: warning: ISO C++ forbids zero-size array ‘f_handle’ [-pedantic]
rm gcov.pod cpp.pod gfdl.pod fsf-funding.pod gcc.pod
make[3]: Leaving directory `/home/sparksco/android/toolchain/aosp/build/gcc-195953/gcc'
make[2]: *** [all-gcc] Error 2
make[2]: Leaving directory `/home/sparksco/android/toolchain/aosp/build/gcc-195953'
make[1]: *** [all] Error 2
make[1]: Leaving directory `/home/sparksco/android/toolchain/aosp/build/gcc-195953'
make: *** [stmp-build-target-gcc] Error 2
